protobuf_test_messages.proto3.TestAllTypesProto3 1
  Error: Assertion failed
    at Object.jspb.asserts.doAssertFailure (https://cdn.skypack.dev/-/google-protobuf@v3.21.2-YDUqZL2TTSsy2lGtfuND/dist=es2019,mode=imports/optimized/google-protobuf.js:778:11)
    at Object.jspb.asserts.assert (https://cdn.skypack.dev/-/google-protobuf@v3.21.2-YDUqZL2TTSsy2lGtfuND/dist=es2019,mode=imports/optimized/google-protobuf.js:783:23)
    at jspb.BinaryDecoder.readUint32 (https://cdn.skypack.dev/-/google-protobuf@v3.21.2-YDUqZL2TTSsy2lGtfuND/dist=es2019,mode=imports/optimized/google-protobuf.js:4202:18)
    at jspb.BinaryDecoder.readDouble (https://cdn.skypack.dev/-/google-protobuf@v3.21.2-YDUqZL2TTSsy2lGtfuND/dist=es2019,mode=imports/optimized/google-protobuf.js:4244:18)
    at jspb.BinaryReader.readDouble (https://cdn.skypack.dev/-/google-protobuf@v3.21.2-YDUqZL2TTSsy2lGtfuND/dist=es2019,mode=imports/optimized/google-protobuf.js:4620:26)
    at Function.deserialize (file:///Users/thesayyn/Documents/thesayyn/protoc-gen-ts/target/debug/build/protoc_gen_ts-8cec2bec66276c47/out/test_conformance/test_messages_proto3.ts:205:50)
    at file:///Users/thesayyn/Documents/thesayyn/protoc-gen-ts/tests/conformance/bin/main.ts:23:78

  protobuf_test_messages.proto2.TestAllTypesProto2 1
  Error: Assertion failed
    at Object.jspb.asserts.doAssertFailure (https://cdn.skypack.dev/-/google-protobuf@v3.21.2-YDUqZL2TTSsy2lGtfuND/dist=es2019,mode=imports/optimized/google-protobuf.js:778:11)
    at Object.jspb.asserts.assert (https://cdn.skypack.dev/-/google-protobuf@v3.21.2-YDUqZL2TTSsy2lGtfuND/dist=es2019,mode=imports/optimized/google-protobuf.js:783:23)
    at jspb.BinaryDecoder.readUint32 (https://cdn.skypack.dev/-/google-protobuf@v3.21.2-YDUqZL2TTSsy2lGtfuND/dist=es2019,mode=imports/optimized/google-protobuf.js:4202:18)
    at jspb.BinaryDecoder.readDouble (https://cdn.skypack.dev/-/google-protobuf@v3.21.2-YDUqZL2TTSsy2lGtfuND/dist=es2019,mode=imports/optimized/google-protobuf.js:4244:18)
    at jspb.BinaryReader.readDouble (https://cdn.skypack.dev/-/google-protobuf@v3.21.2-YDUqZL2TTSsy2lGtfuND/dist=es2019,mode=imports/optimized/google-protobuf.js:4620:26)
    at Function.deserialize (file:///Users/thesayyn/Documents/thesayyn/protoc-gen-ts/target/debug/build/protoc_gen_ts-8cec2bec66276c47/out/test_conformance/test_messages_proto2.ts:181:50)
    at file:///Users/thesayyn/Documents/thesayyn/protoc-gen-ts/tests/conformance/bin/main.ts:30:78

  protobuf_test_messages.proto3.TestAllTypesProto3 1
  Error: Assertion failed
    at Object.jspb.asserts.doAssertFailure (https://cdn.skypack.dev/-/google-protobuf@v3.21.2-YDUqZL2TTSsy2lGtfuND/dist=es2019,mode=imports/optimized/google-protobuf.js:778:11)
    at Object.jspb.asserts.assert (https://cdn.skypack.dev/-/google-protobuf@v3.21.2-YDUqZL2TTSsy2lGtfuND/dist=es2019,mode=imports/optimized/google-protobuf.js:783:23)
    at jspb.BinaryDecoder.readUint32 (https://cdn.skypack.dev/-/google-protobuf@v3.21.2-YDUqZL2TTSsy2lGtfuND/dist=es2019,mode=imports/optimized/google-protobuf.js:4202:18)
    at jspb.BinaryDecoder.readDouble (https://cdn.skypack.dev/-/google-protobuf@v3.21.2-YDUqZL2TTSsy2lGtfuND/dist=es2019,mode=imports/optimized/google-protobuf.js:4244:18)
    at jspb.BinaryReader.readDouble (https://cdn.skypack.dev/-/google-protobuf@v3.21.2-YDUqZL2TTSsy2lGtfuND/dist=es2019,mode=imports/optimized/google-protobuf.js:4620:26)
    at Function.deserialize (file:///Users/thesayyn/Documents/thesayyn/protoc-gen-ts/target/debug/build/protoc_gen_ts-8cec2bec66276c47/out/test_conformance/test_messages_proto3.ts:286:58)
    at file:///Users/thesayyn/Documents/thesayyn/protoc-gen-ts/tests/conformance/bin/main.ts:23:78

  protobuf_test_messages.proto2.TestAllTypesProto2 1
  Error: Assertion failed
    at Object.jspb.asserts.doAssertFailure (https://cdn.skypack.dev/-/google-protobuf@v3.21.2-YDUqZL2TTSsy2lGtfuND/dist=es2019,mode=imports/optimized/google-protobuf.js:778:11)
    at Object.jspb.asserts.assert (https://cdn.skypack.dev/-/google-protobuf@v3.21.2-YDUqZL2TTSsy2lGtfuND/dist=es2019,mode=imports/optimized/google-protobuf.js:783:23)
    at jspb.BinaryDecoder.readUint32 (https://cdn.skypack.dev/-/google-protobuf@v3.21.2-YDUqZL2TTSsy2lGtfuND/dist=es2019,mode=imports/optimized/google-protobuf.js:4202:18)
    at jspb.BinaryDecoder.readDouble (https://cdn.skypack.dev/-/google-protobuf@v3.21.2-YDUqZL2TTSsy2lGtfuND/dist=es2019,mode=imports/optimized/google-protobuf.js:4244:18)
    at jspb.BinaryReader.readDouble (https://cdn.skypack.dev/-/google-protobuf@v3.21.2-YDUqZL2TTSsy2lGtfuND/dist=es2019,mode=imports/optimized/google-protobuf.js:4620:26)
    at Function.deserialize (file:///Users/thesayyn/Documents/thesayyn/protoc-gen-ts/target/debug/build/protoc_gen_ts-8cec2bec66276c47/out/test_conformance/test_messages_proto2.ts:247:53)
    at file:///Users/thesayyn/Documents/thesayyn/protoc-gen-ts/tests/conformance/bin/main.ts:30:78

  protobuf_test_messages.proto3.TestAllTypesProto3 1
  Error: Assertion failed
    at Object.jspb.asserts.doAssertFailure (https://cdn.skypack.dev/-/google-protobuf@v3.21.2-YDUqZL2TTSsy2lGtfuND/dist=es2019,mode=imports/optimized/google-protobuf.js:778:11)
    at Object.jspb.asserts.assert (https://cdn.skypack.dev/-/google-protobuf@v3.21.2-YDUqZL2TTSsy2lGtfuND/dist=es2019,mode=imports/optimized/google-protobuf.js:783:23)
    at jspb.BinaryDecoder.advance (https://cdn.skypack.dev/-/google-protobuf@v3.21.2-YDUqZL2TTSsy2lGtfuND/dist=es2019,mode=imports/optimized/google-protobuf.js:4081:18)
    at jspb.BinaryReader.skipFixed64Field (https://cdn.skypack.dev/-/google-protobuf@v3.21.2-YDUqZL2TTSsy2lGtfuND/dist=es2019,mode=imports/optimized/google-protobuf.js:4409:163)
    at jspb.BinaryReader.skipField (https://cdn.skypack.dev/-/google-protobuf@v3.21.2-YDUqZL2TTSsy2lGtfuND/dist=es2019,mode=imports/optimized/google-protobuf.js:4432:14)
    at Function.deserialize (file:///Users/thesayyn/Documents/thesayyn/protoc-gen-ts/target/debug/build/protoc_gen_ts-8cec2bec66276c47/out/test_conformance/test_messages_proto3.ts:958:24)
    at file:///Users/thesayyn/Documents/thesayyn/protoc-gen-ts/tests/conformance/bin/main.ts:23:78

  protobuf_test_messages.proto2.TestAllTypesProto2 1
  Error: Assertion failed
    at Object.jspb.asserts.doAssertFailure (https://cdn.skypack.dev/-/google-protobuf@v3.21.2-YDUqZL2TTSsy2lGtfuND/dist=es2019,mode=imports/optimized/google-protobuf.js:778:11)
    at Object.jspb.asserts.assert (https://cdn.skypack.dev/-/google-protobuf@v3.21.2-YDUqZL2TTSsy2lGtfuND/dist=es2019,mode=imports/optimized/google-protobuf.js:783:23)
    at jspb.BinaryDecoder.advance (https://cdn.skypack.dev/-/google-protobuf@v3.21.2-YDUqZL2TTSsy2lGtfuND/dist=es2019,mode=imports/optimized/google-protobuf.js:4081:18)
    at jspb.BinaryReader.skipFixed64Field (https://cdn.skypack.dev/-/google-protobuf@v3.21.2-YDUqZL2TTSsy2lGtfuND/dist=es2019,mode=imports/optimized/google-protobuf.js:4409:163)
    at jspb.BinaryReader.skipField (https://cdn.skypack.dev/-/google-protobuf@v3.21.2-YDUqZL2TTSsy2lGtfuND/dist=es2019,mode=imports/optimized/google-protobuf.js:4432:14)
    at Function.deserialize (file:///Users/thesayyn/Documents/thesayyn/protoc-gen-ts/target/debug/build/protoc_gen_ts-8cec2bec66276c47/out/test_conformance/test_messages_proto2.ts:865:24)
    at file:///Users/thesayyn/Documents/thesayyn/protoc-gen-ts/tests/conformance/bin/main.ts:30:78

  protobuf_test_messages.proto3.TestAllTypesProto3 1
  Error: Assertion failed
    at Object.jspb.asserts.doAssertFailure (https://cdn.skypack.dev/-/google-protobuf@v3.21.2-YDUqZL2TTSsy2lGtfuND/dist=es2019,mode=imports/optimized/google-protobuf.js:778:11)
    at Object.jspb.asserts.assert (https://cdn.skypack.dev/-/google-protobuf@v3.21.2-YDUqZL2TTSsy2lGtfuND/dist=es2019,mode=imports/optimized/google-protobuf.js:783:23)
    at jspb.BinaryDecoder.readUint32 (https://cdn.skypack.dev/-/google-protobuf@v3.21.2-YDUqZL2TTSsy2lGtfuND/dist=es2019,mode=imports/optimized/google-protobuf.js:4202:18)
    at jspb.BinaryDecoder.readDouble (https://cdn.skypack.dev/-/google-protobuf@v3.21.2-YDUqZL2TTSsy2lGtfuND/dist=es2019,mode=imports/optimized/google-protobuf.js:4244:41)
    at jspb.BinaryReader.readDouble (https://cdn.skypack.dev/-/google-protobuf@v3.21.2-YDUqZL2TTSsy2lGtfuND/dist=es2019,mode=imports/optimized/google-protobuf.js:4620:26)
    at Function.deserialize (file:///Users/thesayyn/Documents/thesayyn/protoc-gen-ts/target/debug/build/protoc_gen_ts-8cec2bec66276c47/out/test_conformance/test_messages_proto3.ts:205:50)
    at file:///Users/thesayyn/Documents/thesayyn/protoc-gen-ts/tests/conformance/bin/main.ts:23:78

  protobuf_test_messages.proto2.TestAllTypesProto2 1
  Error: Assertion failed
    at Object.jspb.asserts.doAssertFailure (https://cdn.skypack.dev/-/google-protobuf@v3.21.2-YDUqZL2TTSsy2lGtfuND/dist=es2019,mode=imports/optimized/google-protobuf.js:778:11)
    at Object.jspb.asserts.assert (https://cdn.skypack.dev/-/google-protobuf@v3.21.2-YDUqZL2TTSsy2lGtfuND/dist=es2019,mode=imports/optimized/google-protobuf.js:783:23)
    at jspb.BinaryDecoder.readUint32 (https://cdn.skypack.dev/-/google-protobuf@v3.21.2-YDUqZL2TTSsy2lGtfuND/dist=es2019,mode=imports/optimized/google-protobuf.js:4202:18)
    at jspb.BinaryDecoder.readDouble (https://cdn.skypack.dev/-/google-protobuf@v3.21.2-YDUqZL2TTSsy2lGtfuND/dist=es2019,mode=imports/optimized/google-protobuf.js:4244:41)
    at jspb.BinaryReader.readDouble (https://cdn.skypack.dev/-/google-protobuf@v3.21.2-YDUqZL2TTSsy2lGtfuND/dist=es2019,mode=imports/optimized/google-protobuf.js:4620:26)
    at Function.deserialize (file:///Users/thesayyn/Documents/thesayyn/protoc-gen-ts/target/debug/build/protoc_gen_ts-8cec2bec66276c47/out/test_conformance/test_messages_proto2.ts:181:50)
    at file:///Users/thesayyn/Documents/thesayyn/protoc-gen-ts/tests/conformance/bin/main.ts:30:78

  protobuf_test_messages.proto3.TestAllTypesProto3 1
  Error: Assertion failed
    at Object.jspb.asserts.doAssertFailure (https://cdn.skypack.dev/-/google-protobuf@v3.21.2-YDUqZL2TTSsy2lGtfuND/dist=es2019,mode=imports/optimized/google-protobuf.js:778:11)
    at Object.jspb.asserts.assert (https://cdn.skypack.dev/-/google-protobuf@v3.21.2-YDUqZL2TTSsy2lGtfuND/dist=es2019,mode=imports/optimized/google-protobuf.js:783:23)
    at jspb.BinaryDecoder.readUint32 (https://cdn.skypack.dev/-/google-protobuf@v3.21.2-YDUqZL2TTSsy2lGtfuND/dist=es2019,mode=imports/optimized/google-protobuf.js:4202:18)
    at jspb.BinaryDecoder.readDouble (https://cdn.skypack.dev/-/google-protobuf@v3.21.2-YDUqZL2TTSsy2lGtfuND/dist=es2019,mode=imports/optimized/google-protobuf.js:4244:41)
    at jspb.BinaryReader.readDouble (https://cdn.skypack.dev/-/google-protobuf@v3.21.2-YDUqZL2TTSsy2lGtfuND/dist=es2019,mode=imports/optimized/google-protobuf.js:4620:26)
    at Function.deserialize (file:///Users/thesayyn/Documents/thesayyn/protoc-gen-ts/target/debug/build/protoc_gen_ts-8cec2bec66276c47/out/test_conformance/test_messages_proto3.ts:286:58)
    at file:///Users/thesayyn/Documents/thesayyn/protoc-gen-ts/tests/conformance/bin/main.ts:23:78

  protobuf_test_messages.proto2.TestAllTypesProto2 1
  Error: Assertion failed
    at Object.jspb.asserts.doAssertFailure (https://cdn.skypack.dev/-/google-protobuf@v3.21.2-YDUqZL2TTSsy2lGtfuND/dist=es2019,mode=imports/optimized/google-protobuf.js:778:11)
    at Object.jspb.asserts.assert (https://cdn.skypack.dev/-/google-protobuf@v3.21.2-YDUqZL2TTSsy2lGtfuND/dist=es2019,mode=imports/optimized/google-protobuf.js:783:23)
    at jspb.BinaryDecoder.readUint32 (https://cdn.skypack.dev/-/google-protobuf@v3.21.2-YDUqZL2TTSsy2lGtfuND/dist=es2019,mode=imports/optimized/google-protobuf.js:4202:18)
    at jspb.BinaryDecoder.readDouble (https://cdn.skypack.dev/-/google-protobuf@v3.21.2-YDUqZL2TTSsy2lGtfuND/dist=es2019,mode=imports/optimized/google-protobuf.js:4244:41)
    at jspb.BinaryReader.readDouble (https://cdn.skypack.dev/-/google-protobuf@v3.21.2-YDUqZL2TTSsy2lGtfuND/dist=es2019,mode=imports/optimized/google-protobuf.js:4620:26)
    at Function.deserialize (file:///Users/thesayyn/Documents/thesayyn/protoc-gen-ts/target/debug/build/protoc_gen_ts-8cec2bec66276c47/out/test_conformance/test_messages_proto2.ts:247:53)
    at file:///Users/thesayyn/Documents/thesayyn/protoc-gen-ts/tests/conformance/bin/main.ts:30:78

  protobuf_test_messages.proto3.TestAllTypesProto3 1
  Error: Assertion failed
    at Object.jspb.asserts.doAssertFailure (https://cdn.skypack.dev/-/google-protobuf@v3.21.2-YDUqZL2TTSsy2lGtfuND/dist=es2019,mode=imports/optimized/google-protobuf.js:778:11)
    at Object.jspb.asserts.assert (https://cdn.skypack.dev/-/google-protobuf@v3.21.2-YDUqZL2TTSsy2lGtfuND/dist=es2019,mode=imports/optimized/google-protobuf.js:783:23)
    at jspb.BinaryDecoder.advance (https://cdn.skypack.dev/-/google-protobuf@v3.21.2-YDUqZL2TTSsy2lGtfuND/dist=es2019,mode=imports/optimized/google-protobuf.js:4081:18)
    at jspb.BinaryReader.skipFixed64Field (https://cdn.skypack.dev/-/google-protobuf@v3.21.2-YDUqZL2TTSsy2lGtfuND/dist=es2019,mode=imports/optimized/google-protobuf.js:4409:163)
    at jspb.BinaryReader.skipField (https://cdn.skypack.dev/-/google-protobuf@v3.21.2-YDUqZL2TTSsy2lGtfuND/dist=es2019,mode=imports/optimized/google-protobuf.js:4432:14)
    at Function.deserialize (file:///Users/thesayyn/Documents/thesayyn/protoc-gen-ts/target/debug/build/protoc_gen_ts-8cec2bec66276c47/out/test_conformance/test_messages_proto3.ts:958:24)
    at file:///Users/thesayyn/Documents/thesayyn/protoc-gen-ts/tests/conformance/bin/main.ts:23:78

  protobuf_test_messages.proto2.TestAllTypesProto2 1
  Error: Assertion failed
    at Object.jspb.asserts.doAssertFailure (https://cdn.skypack.dev/-/google-protobuf@v3.21.2-YDUqZL2TTSsy2lGtfuND/dist=es2019,mode=imports/optimized/google-protobuf.js:778:11)
    at Object.jspb.asserts.assert (https://cdn.skypack.dev/-/google-protobuf@v3.21.2-YDUqZL2TTSsy2lGtfuND/dist=es2019,mode=imports/optimized/google-protobuf.js:783:23)
    at jspb.BinaryDecoder.advance (https://cdn.skypack.dev/-/google-protobuf@v3.21.2-YDUqZL2TTSsy2lGtfuND/dist=es2019,mode=imports/optimized/google-protobuf.js:4081:18)
    at jspb.BinaryReader.skipFixed64Field (https://cdn.skypack.dev/-/google-protobuf@v3.21.2-YDUqZL2TTSsy2lGtfuND/dist=es2019,mode=imports/optimized/google-protobuf.js:4409:163)
    at jspb.BinaryReader.skipField (https://cdn.skypack.dev/-/google-protobuf@v3.21.2-YDUqZL2TTSsy2lGtfuND/dist=es2019,mode=imports/optimized/google-protobuf.js:4432:14)
    at Function.deserialize (file:///Users/thesayyn/Documents/thesayyn/protoc-gen-ts/target/debug/build/protoc_gen_ts-8cec2bec66276c47/out/test_conformance/test_messages_proto2.ts:865:24)
    at file:///Users/thesayyn/Documents/thesayyn/protoc-gen-ts/tests/conformance/bin/main.ts:30:78

  protobuf_test_messages.proto3.TestAllTypesProto3 1
  Error: Assertion failed
    at Object.jspb.asserts.doAssertFailure (https://cdn.skypack.dev/-/google-protobuf@v3.21.2-YDUqZL2TTSsy2lGtfuND/dist=es2019,mode=imports/optimized/google-protobuf.js:778:11)
    at Object.jspb.asserts.assert (https://cdn.skypack.dev/-/google-protobuf@v3.21.2-YDUqZL2TTSsy2lGtfuND/dist=es2019,mode=imports/optimized/google-protobuf.js:783:23)
    at jspb.BinaryDecoder.readUint32 (https://cdn.skypack.dev/-/google-protobuf@v3.21.2-YDUqZL2TTSsy2lGtfuND/dist=es2019,mode=imports/optimized/google-protobuf.js:4202:18)
    at jspb.BinaryDecoder.readDouble (https://cdn.skypack.dev/-/google-protobuf@v3.21.2-YDUqZL2TTSsy2lGtfuND/dist=es2019,mode=imports/optimized/google-protobuf.js:4244:41)
    at jspb.BinaryReader.readPackedField_ (https://cdn.skypack.dev/-/google-protobuf@v3.21.2-YDUqZL2TTSsy2lGtfuND/dist=es2019,mode=imports/optimized/google-protobuf.js:4676:16)
    at jspb.BinaryReader.readPackedDouble (https://cdn.skypack.dev/-/google-protobuf@v3.21.2-YDUqZL2TTSsy2lGtfuND/dist=es2019,mode=imports/optimized/google-protobuf.js:4745:17)
    at Function.deserialize (file:///Users/thesayyn/Documents/thesayyn/protoc-gen-ts/target/debug/build/protoc_gen_ts-8cec2bec66276c47/out/test_conformance/test_messages_proto3.ts:285:78)
    at file:///Users/thesayyn/Documents/thesayyn/protoc-gen-ts/tests/conformance/bin/main.ts:23:78

  protobuf_test_messages.proto2.TestAllTypesProto2 1
  Error: Assertion failed
    at Object.jspb.asserts.doAssertFailure (https://cdn.skypack.dev/-/google-protobuf@v3.21.2-YDUqZL2TTSsy2lGtfuND/dist=es2019,mode=imports/optimized/google-protobuf.js:778:11)
    at Object.jspb.asserts.assert (https://cdn.skypack.dev/-/google-protobuf@v3.21.2-YDUqZL2TTSsy2lGtfuND/dist=es2019,mode=imports/optimized/google-protobuf.js:783:23)
    at jspb.BinaryReader.readDouble (https://cdn.skypack.dev/-/google-protobuf@v3.21.2-YDUqZL2TTSsy2lGtfuND/dist=es2019,mode=imports/optimized/google-protobuf.js:4619:18)
    at Function.deserialize (file:///Users/thesayyn/Documents/thesayyn/protoc-gen-ts/target/debug/build/protoc_gen_ts-8cec2bec66276c47/out/test_conformance/test_messages_proto2.ts:247:53)
    at file:///Users/thesayyn/Documents/thesayyn/protoc-gen-ts/tests/conformance/bin/main.ts:30:78

  protobuf_test_messages.proto3.TestAllTypesProto3 1
  Error: Assertion failed
    at Object.jspb.asserts.doAssertFailure (https://cdn.skypack.dev/-/google-protobuf@v3.21.2-YDUqZL2TTSsy2lGtfuND/dist=es2019,mode=imports/optimized/google-protobuf.js:778:11)
    at Object.jspb.asserts.assert (https://cdn.skypack.dev/-/google-protobuf@v3.21.2-YDUqZL2TTSsy2lGtfuND/dist=es2019,mode=imports/optimized/google-protobuf.js:783:23)
    at jspb.BinaryDecoder.readUint32 (https://cdn.skypack.dev/-/google-protobuf@v3.21.2-YDUqZL2TTSsy2lGtfuND/dist=es2019,mode=imports/optimized/google-protobuf.js:4202:18)
    at jspb.BinaryDecoder.readDouble (https://cdn.skypack.dev/-/google-protobuf@v3.21.2-YDUqZL2TTSsy2lGtfuND/dist=es2019,mode=imports/optimized/google-protobuf.js:4244:18)
    at jspb.BinaryReader.readPackedField_ (https://cdn.skypack.dev/-/google-protobuf@v3.21.2-YDUqZL2TTSsy2lGtfuND/dist=es2019,mode=imports/optimized/google-protobuf.js:4676:16)
    at jspb.BinaryReader.readPackedDouble (https://cdn.skypack.dev/-/google-protobuf@v3.21.2-YDUqZL2TTSsy2lGtfuND/dist=es2019,mode=imports/optimized/google-protobuf.js:4745:17)
    at Function.deserialize (file:///Users/thesayyn/Documents/thesayyn/protoc-gen-ts/target/debug/build/protoc_gen_ts-8cec2bec66276c47/out/test_conformance/test_messages_proto3.ts:285:78)
    at file:///Users/thesayyn/Documents/thesayyn/protoc-gen-ts/tests/conformance/bin/main.ts:23:78

  protobuf_test_messages.proto2.TestAllTypesProto2 1
  Error: Assertion failed
    at Object.jspb.asserts.doAssertFailure (https://cdn.skypack.dev/-/google-protobuf@v3.21.2-YDUqZL2TTSsy2lGtfuND/dist=es2019,mode=imports/optimized/google-protobuf.js:778:11)
    at Object.jspb.asserts.assert (https://cdn.skypack.dev/-/google-protobuf@v3.21.2-YDUqZL2TTSsy2lGtfuND/dist=es2019,mode=imports/optimized/google-protobuf.js:783:23)
    at jspb.BinaryReader.readDouble (https://cdn.skypack.dev/-/google-protobuf@v3.21.2-YDUqZL2TTSsy2lGtfuND/dist=es2019,mode=imports/optimized/google-protobuf.js:4619:18)
    at Function.deserialize (file:///Users/thesayyn/Documents/thesayyn/protoc-gen-ts/target/debug/build/protoc_gen_ts-8cec2bec66276c47/out/test_conformance/test_messages_proto2.ts:247:53)
    at file:///Users/thesayyn/Documents/thesayyn/protoc-gen-ts/tests/conformance/bin/main.ts:30:78

  protobuf_test_messages.proto3.TestAllTypesProto3 1
  Error: Assertion failed
    at Object.jspb.asserts.doAssertFailure (https://cdn.skypack.dev/-/google-protobuf@v3.21.2-YDUqZL2TTSsy2lGtfuND/dist=es2019,mode=imports/optimized/google-protobuf.js:778:11)
    at Object.jspb.asserts.assert (https://cdn.skypack.dev/-/google-protobuf@v3.21.2-YDUqZL2TTSsy2lGtfuND/dist=es2019,mode=imports/optimized/google-protobuf.js:783:23)
    at jspb.BinaryDecoder.readUint32 (https://cdn.skypack.dev/-/google-protobuf@v3.21.2-YDUqZL2TTSsy2lGtfuND/dist=es2019,mode=imports/optimized/google-protobuf.js:4202:18)
    at jspb.BinaryDecoder.readFloat (https://cdn.skypack.dev/-/google-protobuf@v3.21.2-YDUqZL2TTSsy2lGtfuND/dist=es2019,mode=imports/optimized/google-protobuf.js:4240:18)
    at jspb.BinaryReader.readFloat (https://cdn.skypack.dev/-/google-protobuf@v3.21.2-YDUqZL2TTSsy2lGtfuND/dist=es2019,mode=imports/optimized/google-protobuf.js:4615:26)
    at Function.deserialize (file:///Users/thesayyn/Documents/thesayyn/protoc-gen-ts/target/debug/build/protoc_gen_ts-8cec2bec66276c47/out/test_conformance/test_messages_proto3.ts:202:49)
    at file:///Users/thesayyn/Documents/thesayyn/protoc-gen-ts/tests/conformance/bin/main.ts:23:78

  protobuf_test_messages.proto2.TestAllTypesProto2 1
  Error: Assertion failed
    at Object.jspb.asserts.doAssertFailure (https://cdn.skypack.dev/-/google-protobuf@v3.21.2-YDUqZL2TTSsy2lGtfuND/dist=es2019,mode=imports/optimized/google-protobuf.js:778:11)
    at Object.jspb.asserts.assert (https://cdn.skypack.dev/-/google-protobuf@v3.21.2-YDUqZL2TTSsy2lGtfuND/dist=es2019,mode=imports/optimized/google-protobuf.js:783:23)
    at jspb.BinaryDecoder.readUint32 (https://cdn.skypack.dev/-/google-protobuf@v3.21.2-YDUqZL2TTSsy2lGtfuND/dist=es2019,mode=imports/optimized/google-protobuf.js:4202:18)
    at jspb.BinaryDecoder.readFloat (https://cdn.skypack.dev/-/google-protobuf@v3.21.2-YDUqZL2TTSsy2lGtfuND/dist=es2019,mode=imports/optimized/google-protobuf.js:4240:18)
    at jspb.BinaryReader.readFloat (https://cdn.skypack.dev/-/google-protobuf@v3.21.2-YDUqZL2TTSsy2lGtfuND/dist=es2019,mode=imports/optimized/google-protobuf.js:4615:26)
    at Function.deserialize (file:///Users/thesayyn/Documents/thesayyn/protoc-gen-ts/target/debug/build/protoc_gen_ts-8cec2bec66276c47/out/test_conformance/test_messages_proto2.ts:178:49)
    at file:///Users/thesayyn/Documents/thesayyn/protoc-gen-ts/tests/conformance/bin/main.ts:30:78

  protobuf_test_messages.proto3.TestAllTypesProto3 1
  Error: Assertion failed
    at Object.jspb.asserts.doAssertFailure (https://cdn.skypack.dev/-/google-protobuf@v3.21.2-YDUqZL2TTSsy2lGtfuND/dist=es2019,mode=imports/optimized/google-protobuf.js:778:11)
    at Object.jspb.asserts.assert (https://cdn.skypack.dev/-/google-protobuf@v3.21.2-YDUqZL2TTSsy2lGtfuND/dist=es2019,mode=imports/optimized/google-protobuf.js:783:23)
    at jspb.BinaryDecoder.readUint32 (https://cdn.skypack.dev/-/google-protobuf@v3.21.2-YDUqZL2TTSsy2lGtfuND/dist=es2019,mode=imports/optimized/google-protobuf.js:4202:18)
    at jspb.BinaryDecoder.readFloat (https://cdn.skypack.dev/-/google-protobuf@v3.21.2-YDUqZL2TTSsy2lGtfuND/dist=es2019,mode=imports/optimized/google-protobuf.js:4240:18)
    at jspb.BinaryReader.readFloat (https://cdn.skypack.dev/-/google-protobuf@v3.21.2-YDUqZL2TTSsy2lGtfuND/dist=es2019,mode=imports/optimized/google-protobuf.js:4615:26)
    at Function.deserialize (file:///Users/thesayyn/Documents/thesayyn/protoc-gen-ts/target/debug/build/protoc_gen_ts-8cec2bec66276c47/out/test_conformance/test_messages_proto3.ts:282:57)
    at file:///Users/thesayyn/Documents/thesayyn/protoc-gen-ts/tests/conformance/bin/main.ts:23:78

  protobuf_test_messages.proto2.TestAllTypesProto2 1
  Error: Assertion failed
    at Object.jspb.asserts.doAssertFailure (https://cdn.skypack.dev/-/google-protobuf@v3.21.2-YDUqZL2TTSsy2lGtfuND/dist=es2019,mode=imports/optimized/google-protobuf.js:778:11)
    at Object.jspb.asserts.assert (https://cdn.skypack.dev/-/google-protobuf@v3.21.2-YDUqZL2TTSsy2lGtfuND/dist=es2019,mode=imports/optimized/google-protobuf.js:783:23)
    at jspb.BinaryDecoder.readUint32 (https://cdn.skypack.dev/-/google-protobuf@v3.21.2-YDUqZL2TTSsy2lGtfuND/dist=es2019,mode=imports/optimized/google-protobuf.js:4202:18)
    at jspb.BinaryDecoder.readFloat (https://cdn.skypack.dev/-/google-protobuf@v3.21.2-YDUqZL2TTSsy2lGtfuND/dist=es2019,mode=imports/optimized/google-protobuf.js:4240:18)
    at jspb.BinaryReader.readFloat (https://cdn.skypack.dev/-/google-protobuf@v3.21.2-YDUqZL2TTSsy2lGtfuND/dist=es2019,mode=imports/optimized/google-protobuf.js:4615:26)
    at Function.deserialize (file:///Users/thesayyn/Documents/thesayyn/protoc-gen-ts/target/debug/build/protoc_gen_ts-8cec2bec66276c47/out/test_conformance/test_messages_proto2.ts:244:52)
    at file:///Users/thesayyn/Documents/thesayyn/protoc-gen-ts/tests/conformance/bin/main.ts:30:78

  protobuf_test_messages.proto3.TestAllTypesProto3 1
  Error: Assertion failed
    at Object.jspb.asserts.doAssertFailure (https://cdn.skypack.dev/-/google-protobuf@v3.21.2-YDUqZL2TTSsy2lGtfuND/dist=es2019,mode=imports/optimized/google-protobuf.js:778:11)
    at Object.jspb.asserts.assert (https://cdn.skypack.dev/-/google-protobuf@v3.21.2-YDUqZL2TTSsy2lGtfuND/dist=es2019,mode=imports/optimized/google-protobuf.js:783:23)
    at jspb.BinaryDecoder.advance (https://cdn.skypack.dev/-/google-protobuf@v3.21.2-YDUqZL2TTSsy2lGtfuND/dist=es2019,mode=imports/optimized/google-protobuf.js:4081:18)
    at jspb.BinaryReader.skipFixed32Field (https://cdn.skypack.dev/-/google-protobuf@v3.21.2-YDUqZL2TTSsy2lGtfuND/dist=es2019,mode=imports/optimized/google-protobuf.js:4406:163)
    at jspb.BinaryReader.skipField (https://cdn.skypack.dev/-/google-protobuf@v3.21.2-YDUqZL2TTSsy2lGtfuND/dist=es2019,mode=imports/optimized/google-protobuf.js:4438:14)
    at Function.deserialize (file:///Users/thesayyn/Documents/thesayyn/protoc-gen-ts/target/debug/build/protoc_gen_ts-8cec2bec66276c47/out/test_conformance/test_messages_proto3.ts:958:24)
    at file:///Users/thesayyn/Documents/thesayyn/protoc-gen-ts/tests/conformance/bin/main.ts:23:78

  protobuf_test_messages.proto2.TestAllTypesProto2 1
  Error: Assertion failed
    at Object.jspb.asserts.doAssertFailure (https://cdn.skypack.dev/-/google-protobuf@v3.21.2-YDUqZL2TTSsy2lGtfuND/dist=es2019,mode=imports/optimized/google-protobuf.js:778:11)
    at Object.jspb.asserts.assert (https://cdn.skypack.dev/-/google-protobuf@v3.21.2-YDUqZL2TTSsy2lGtfuND/dist=es2019,mode=imports/optimized/google-protobuf.js:783:23)
    at jspb.BinaryDecoder.advance (https://cdn.skypack.dev/-/google-protobuf@v3.21.2-YDUqZL2TTSsy2lGtfuND/dist=es2019,mode=imports/optimized/google-protobuf.js:4081:18)
    at jspb.BinaryReader.skipFixed32Field (https://cdn.skypack.dev/-/google-protobuf@v3.21.2-YDUqZL2TTSsy2lGtfuND/dist=es2019,mode=imports/optimized/google-protobuf.js:4406:163)
    at jspb.BinaryReader.skipField (https://cdn.skypack.dev/-/google-protobuf@v3.21.2-YDUqZL2TTSsy2lGtfuND/dist=es2019,mode=imports/optimized/google-protobuf.js:4438:14)
    at Function.deserialize (file:///Users/thesayyn/Documents/thesayyn/protoc-gen-ts/target/debug/build/protoc_gen_ts-8cec2bec66276c47/out/test_conformance/test_messages_proto2.ts:865:24)
    at file:///Users/thesayyn/Documents/thesayyn/protoc-gen-ts/tests/conformance/bin/main.ts:30:78

  protobuf_test_messages.proto3.TestAllTypesProto3 1
  Error: Assertion failed
    at Object.jspb.asserts.doAssertFailure (https://cdn.skypack.dev/-/google-protobuf@v3.21.2-YDUqZL2TTSsy2lGtfuND/dist=es2019,mode=imports/optimized/google-protobuf.js:778:11)
    at Object.jspb.asserts.assert (https://cdn.skypack.dev/-/google-protobuf@v3.21.2-YDUqZL2TTSsy2lGtfuND/dist=es2019,mode=imports/optimized/google-protobuf.js:783:23)
    at jspb.BinaryDecoder.readUint32 (https://cdn.skypack.dev/-/google-protobuf@v3.21.2-YDUqZL2TTSsy2lGtfuND/dist=es2019,mode=imports/optimized/google-protobuf.js:4202:18)
    at jspb.BinaryDecoder.readFloat (https://cdn.skypack.dev/-/google-protobuf@v3.21.2-YDUqZL2TTSsy2lGtfuND/dist=es2019,mode=imports/optimized/google-protobuf.js:4240:18)
    at jspb.BinaryReader.readFloat (https://cdn.skypack.dev/-/google-protobuf@v3.21.2-YDUqZL2TTSsy2lGtfuND/dist=es2019,mode=imports/optimized/google-protobuf.js:4615:26)
    at Function.deserialize (file:///Users/thesayyn/Documents/thesayyn/protoc-gen-ts/target/debug/build/protoc_gen_ts-8cec2bec66276c47/out/test_conformance/test_messages_proto3.ts:202:49)
    at file:///Users/thesayyn/Documents/thesayyn/protoc-gen-ts/tests/conformance/bin/main.ts:23:78

  protobuf_test_messages.proto2.TestAllTypesProto2 1
  Error: Assertion failed
    at Object.jspb.asserts.doAssertFailure (https://cdn.skypack.dev/-/google-protobuf@v3.21.2-YDUqZL2TTSsy2lGtfuND/dist=es2019,mode=imports/optimized/google-protobuf.js:778:11)
    at Object.jspb.asserts.assert (https://cdn.skypack.dev/-/google-protobuf@v3.21.2-YDUqZL2TTSsy2lGtfuND/dist=es2019,mode=imports/optimized/google-protobuf.js:783:23)
    at jspb.BinaryDecoder.readUint32 (https://cdn.skypack.dev/-/google-protobuf@v3.21.2-YDUqZL2TTSsy2lGtfuND/dist=es2019,mode=imports/optimized/google-protobuf.js:4202:18)
    at jspb.BinaryDecoder.readFloat (https://cdn.skypack.dev/-/google-protobuf@v3.21.2-YDUqZL2TTSsy2lGtfuND/dist=es2019,mode=imports/optimized/google-protobuf.js:4240:18)
    at jspb.BinaryReader.readFloat (https://cdn.skypack.dev/-/google-protobuf@v3.21.2-YDUqZL2TTSsy2lGtfuND/dist=es2019,mode=imports/optimized/google-protobuf.js:4615:26)
    at Function.deserialize (file:///Users/thesayyn/Documents/thesayyn/protoc-gen-ts/target/debug/build/protoc_gen_ts-8cec2bec66276c47/out/test_conformance/test_messages_proto2.ts:178:49)
    at file:///Users/thesayyn/Documents/thesayyn/protoc-gen-ts/tests/conformance/bin/main.ts:30:78

  protobuf_test_messages.proto3.TestAllTypesProto3 1
  Error: Assertion failed
    at Object.jspb.asserts.doAssertFailure (https://cdn.skypack.dev/-/google-protobuf@v3.21.2-YDUqZL2TTSsy2lGtfuND/dist=es2019,mode=imports/optimized/google-protobuf.js:778:11)
    at Object.jspb.asserts.assert (https://cdn.skypack.dev/-/google-protobuf@v3.21.2-YDUqZL2TTSsy2lGtfuND/dist=es2019,mode=imports/optimized/google-protobuf.js:783:23)
    at jspb.BinaryDecoder.readUint32 (https://cdn.skypack.dev/-/google-protobuf@v3.21.2-YDUqZL2TTSsy2lGtfuND/dist=es2019,mode=imports/optimized/google-protobuf.js:4202:18)
    at jspb.BinaryDecoder.readFloat (https://cdn.skypack.dev/-/google-protobuf@v3.21.2-YDUqZL2TTSsy2lGtfuND/dist=es2019,mode=imports/optimized/google-protobuf.js:4240:18)
    at jspb.BinaryReader.readFloat (https://cdn.skypack.dev/-/google-protobuf@v3.21.2-YDUqZL2TTSsy2lGtfuND/dist=es2019,mode=imports/optimized/google-protobuf.js:4615:26)
    at Function.deserialize (file:///Users/thesayyn/Documents/thesayyn/protoc-gen-ts/target/debug/build/protoc_gen_ts-8cec2bec66276c47/out/test_conformance/test_messages_proto3.ts:282:57)
    at file:///Users/thesayyn/Documents/thesayyn/protoc-gen-ts/tests/conformance/bin/main.ts:23:78

  protobuf_test_messages.proto2.TestAllTypesProto2 1
  Error: Assertion failed
    at Object.jspb.asserts.doAssertFailure (https://cdn.skypack.dev/-/google-protobuf@v3.21.2-YDUqZL2TTSsy2lGtfuND/dist=es2019,mode=imports/optimized/google-protobuf.js:778:11)
    at Object.jspb.asserts.assert (https://cdn.skypack.dev/-/google-protobuf@v3.21.2-YDUqZL2TTSsy2lGtfuND/dist=es2019,mode=imports/optimized/google-protobuf.js:783:23)
    at jspb.BinaryDecoder.readUint32 (https://cdn.skypack.dev/-/google-protobuf@v3.21.2-YDUqZL2TTSsy2lGtfuND/dist=es2019,mode=imports/optimized/google-protobuf.js:4202:18)
    at jspb.BinaryDecoder.readFloat (https://cdn.skypack.dev/-/google-protobuf@v3.21.2-YDUqZL2TTSsy2lGtfuND/dist=es2019,mode=imports/optimized/google-protobuf.js:4240:18)
    at jspb.BinaryReader.readFloat (https://cdn.skypack.dev/-/google-protobuf@v3.21.2-YDUqZL2TTSsy2lGtfuND/dist=es2019,mode=imports/optimized/google-protobuf.js:4615:26)
    at Function.deserialize (file:///Users/thesayyn/Documents/thesayyn/protoc-gen-ts/target/debug/build/protoc_gen_ts-8cec2bec66276c47/out/test_conformance/test_messages_proto2.ts:244:52)
    at file:///Users/thesayyn/Documents/thesayyn/protoc-gen-ts/tests/conformance/bin/main.ts:30:78

  protobuf_test_messages.proto3.TestAllTypesProto3 1
  Error: Assertion failed
    at Object.jspb.asserts.doAssertFailure (https://cdn.skypack.dev/-/google-protobuf@v3.21.2-YDUqZL2TTSsy2lGtfuND/dist=es2019,mode=imports/optimized/google-protobuf.js:778:11)
    at Object.jspb.asserts.assert (https://cdn.skypack.dev/-/google-protobuf@v3.21.2-YDUqZL2TTSsy2lGtfuND/dist=es2019,mode=imports/optimized/google-protobuf.js:783:23)
    at jspb.BinaryDecoder.advance (https://cdn.skypack.dev/-/google-protobuf@v3.21.2-YDUqZL2TTSsy2lGtfuND/dist=es2019,mode=imports/optimized/google-protobuf.js:4081:18)
    at jspb.BinaryReader.skipFixed32Field (https://cdn.skypack.dev/-/google-protobuf@v3.21.2-YDUqZL2TTSsy2lGtfuND/dist=es2019,mode=imports/optimized/google-protobuf.js:4406:163)
    at jspb.BinaryReader.skipField (https://cdn.skypack.dev/-/google-protobuf@v3.21.2-YDUqZL2TTSsy2lGtfuND/dist=es2019,mode=imports/optimized/google-protobuf.js:4438:14)
    at Function.deserialize (file:///Users/thesayyn/Documents/thesayyn/protoc-gen-ts/target/debug/build/protoc_gen_ts-8cec2bec66276c47/out/test_conformance/test_messages_proto3.ts:958:24)
    at file:///Users/thesayyn/Documents/thesayyn/protoc-gen-ts/tests/conformance/bin/main.ts:23:78

  protobuf_test_messages.proto2.TestAllTypesProto2 1
  Error: Assertion failed
    at Object.jspb.asserts.doAssertFailure (https://cdn.skypack.dev/-/google-protobuf@v3.21.2-YDUqZL2TTSsy2lGtfuND/dist=es2019,mode=imports/optimized/google-protobuf.js:778:11)
    at Object.jspb.asserts.assert (https://cdn.skypack.dev/-/google-protobuf@v3.21.2-YDUqZL2TTSsy2lGtfuND/dist=es2019,mode=imports/optimized/google-protobuf.js:783:23)
    at jspb.BinaryDecoder.advance (https://cdn.skypack.dev/-/google-protobuf@v3.21.2-YDUqZL2TTSsy2lGtfuND/dist=es2019,mode=imports/optimized/google-protobuf.js:4081:18)
    at jspb.BinaryReader.skipFixed32Field (https://cdn.skypack.dev/-/google-protobuf@v3.21.2-YDUqZL2TTSsy2lGtfuND/dist=es2019,mode=imports/optimized/google-protobuf.js:4406:163)
    at jspb.BinaryReader.skipField (https://cdn.skypack.dev/-/google-protobuf@v3.21.2-YDUqZL2TTSsy2lGtfuND/dist=es2019,mode=imports/optimized/google-protobuf.js:4438:14)
    at Function.deserialize (file:///Users/thesayyn/Documents/thesayyn/protoc-gen-ts/target/debug/build/protoc_gen_ts-8cec2bec66276c47/out/test_conformance/test_messages_proto2.ts:865:24)
    at file:///Users/thesayyn/Documents/thesayyn/protoc-gen-ts/tests/conformance/bin/main.ts:30:78

  protobuf_test_messages.proto3.TestAllTypesProto3 1
  Error: Assertion failed
    at Object.jspb.asserts.doAssertFailure (https://cdn.skypack.dev/-/google-protobuf@v3.21.2-YDUqZL2TTSsy2lGtfuND/dist=es2019,mode=imports/optimized/google-protobuf.js:778:11)
    at Object.jspb.asserts.assert (https://cdn.skypack.dev/-/google-protobuf@v3.21.2-YDUqZL2TTSsy2lGtfuND/dist=es2019,mode=imports/optimized/google-protobuf.js:783:23)
    at jspb.BinaryDecoder.readUint32 (https://cdn.skypack.dev/-/google-protobuf@v3.21.2-YDUqZL2TTSsy2lGtfuND/dist=es2019,mode=imports/optimized/google-protobuf.js:4202:18)
    at jspb.BinaryDecoder.readFloat (https://cdn.skypack.dev/-/google-protobuf@v3.21.2-YDUqZL2TTSsy2lGtfuND/dist=es2019,mode=imports/optimized/google-protobuf.js:4240:18)
    at jspb.BinaryReader.readPackedField_ (https://cdn.skypack.dev/-/google-protobuf@v3.21.2-YDUqZL2TTSsy2lGtfuND/dist=es2019,mode=imports/optimized/google-protobuf.js:4676:16)
    at jspb.BinaryReader.readPackedFloat (https://cdn.skypack.dev/-/google-protobuf@v3.21.2-YDUqZL2TTSsy2lGtfuND/dist=es2019,mode=imports/optimized/google-protobuf.js:4741:17)
    at Function.deserialize (file:///Users/thesayyn/Documents/thesayyn/protoc-gen-ts/target/debug/build/protoc_gen_ts-8cec2bec66276c47/out/test_conformance/test_messages_proto3.ts:281:77)
    at file:///Users/thesayyn/Documents/thesayyn/protoc-gen-ts/tests/conformance/bin/main.ts:23:78

  protobuf_test_messages.proto2.TestAllTypesProto2 1
  Error: Assertion failed
    at Object.jspb.asserts.doAssertFailure (https://cdn.skypack.dev/-/google-protobuf@v3.21.2-YDUqZL2TTSsy2lGtfuND/dist=es2019,mode=imports/optimized/google-protobuf.js:778:11)
    at Object.jspb.asserts.assert (https://cdn.skypack.dev/-/google-protobuf@v3.21.2-YDUqZL2TTSsy2lGtfuND/dist=es2019,mode=imports/optimized/google-protobuf.js:783:23)
    at jspb.BinaryReader.readFloat (https://cdn.skypack.dev/-/google-protobuf@v3.21.2-YDUqZL2TTSsy2lGtfuND/dist=es2019,mode=imports/optimized/google-protobuf.js:4614:18)
    at Function.deserialize (file:///Users/thesayyn/Documents/thesayyn/protoc-gen-ts/target/debug/build/protoc_gen_ts-8cec2bec66276c47/out/test_conformance/test_messages_proto2.ts:244:52)
    at file:///Users/thesayyn/Documents/thesayyn/protoc-gen-ts/tests/conformance/bin/main.ts:30:78

  protobuf_test_messages.proto3.TestAllTypesProto3 1
  Error: Assertion failed
    at Object.jspb.asserts.doAssertFailure (https://cdn.skypack.dev/-/google-protobuf@v3.21.2-YDUqZL2TTSsy2lGtfuND/dist=es2019,mode=imports/optimized/google-protobuf.js:778:11)
    at Object.jspb.asserts.assert (https://cdn.skypack.dev/-/google-protobuf@v3.21.2-YDUqZL2TTSsy2lGtfuND/dist=es2019,mode=imports/optimized/google-protobuf.js:783:23)
    at jspb.BinaryDecoder.readUint32 (https://cdn.skypack.dev/-/google-protobuf@v3.21.2-YDUqZL2TTSsy2lGtfuND/dist=es2019,mode=imports/optimized/google-protobuf.js:4202:18)
    at jspb.BinaryDecoder.readFloat (https://cdn.skypack.dev/-/google-protobuf@v3.21.2-YDUqZL2TTSsy2lGtfuND/dist=es2019,mode=imports/optimized/google-protobuf.js:4240:18)
    at jspb.BinaryReader.readPackedField_ (https://cdn.skypack.dev/-/google-protobuf@v3.21.2-YDUqZL2TTSsy2lGtfuND/dist=es2019,mode=imports/optimized/google-protobuf.js:4676:16)
    at jspb.BinaryReader.readPackedFloat (https://cdn.skypack.dev/-/google-protobuf@v3.21.2-YDUqZL2TTSsy2lGtfuND/dist=es2019,mode=imports/optimized/google-protobuf.js:4741:17)
    at Function.deserialize (file:///Users/thesayyn/Documents/thesayyn/protoc-gen-ts/target/debug/build/protoc_gen_ts-8cec2bec66276c47/out/test_conformance/test_messages_proto3.ts:281:77)
    at file:///Users/thesayyn/Documents/thesayyn/protoc-gen-ts/tests/conformance/bin/main.ts:23:78

  protobuf_test_messages.proto2.TestAllTypesProto2 1
  Error: Assertion failed
    at Object.jspb.asserts.doAssertFailure (https://cdn.skypack.dev/-/google-protobuf@v3.21.2-YDUqZL2TTSsy2lGtfuND/dist=es2019,mode=imports/optimized/google-protobuf.js:778:11)
    at Object.jspb.asserts.assert (https://cdn.skypack.dev/-/google-protobuf@v3.21.2-YDUqZL2TTSsy2lGtfuND/dist=es2019,mode=imports/optimized/google-protobuf.js:783:23)
    at jspb.BinaryReader.readFloat (https://cdn.skypack.dev/-/google-protobuf@v3.21.2-YDUqZL2TTSsy2lGtfuND/dist=es2019,mode=imports/optimized/google-protobuf.js:4614:18)
    at Function.deserialize (file:///Users/thesayyn/Documents/thesayyn/protoc-gen-ts/target/debug/build/protoc_gen_ts-8cec2bec66276c47/out/test_conformance/test_messages_proto2.ts:244:52)
    at file:///Users/thesayyn/Documents/thesayyn/protoc-gen-ts/tests/conformance/bin/main.ts:30:78

  protobuf_test_messages.proto3.TestAllTypesProto3 1
  Error: Failure: Failed to read varint, encoding is invalid.
    at Object.jspb.asserts.fail (https://cdn.skypack.dev/-/google-protobuf@v3.21.2-YDUqZL2TTSsy2lGtfuND/dist=es2019,mode=imports/optimized/google-protobuf.js:801:11)
    at jspb.BinaryDecoder.readSplitVarint64 (https://cdn.skypack.dev/-/google-protobuf@v3.21.2-YDUqZL2TTSsy2lGtfuND/dist=es2019,mode=imports/optimized/google-protobuf.js:4101:18)
    at jspb.BinaryDecoder.readSignedVarint64 (https://cdn.skypack.dev/-/google-protobuf@v3.21.2-YDUqZL2TTSsy2lGtfuND/dist=es2019,mode=imports/optimized/google-protobuf.js:4173:17)
    at jspb.BinaryReader.readInt64 (https://cdn.skypack.dev/-/google-protobuf@v3.21.2-YDUqZL2TTSsy2lGtfuND/dist=es2019,mode=imports/optimized/google-protobuf.js:4542:26)
    at Function.deserialize (file:///Users/thesayyn/Documents/thesayyn/protoc-gen-ts/target/debug/build/protoc_gen_ts-8cec2bec66276c47/out/test_conformance/test_messages_proto3.ts:175:49)
    at file:///Users/thesayyn/Documents/thesayyn/protoc-gen-ts/tests/conformance/bin/main.ts:23:78

  protobuf_test_messages.proto2.TestAllTypesProto2 1
  Error: Failure: Failed to read varint, encoding is invalid.
    at Object.jspb.asserts.fail (https://cdn.skypack.dev/-/google-protobuf@v3.21.2-YDUqZL2TTSsy2lGtfuND/dist=es2019,mode=imports/optimized/google-protobuf.js:801:11)
    at jspb.BinaryDecoder.readSplitVarint64 (https://cdn.skypack.dev/-/google-protobuf@v3.21.2-YDUqZL2TTSsy2lGtfuND/dist=es2019,mode=imports/optimized/google-protobuf.js:4101:18)
    at jspb.BinaryDecoder.readSignedVarint64 (https://cdn.skypack.dev/-/google-protobuf@v3.21.2-YDUqZL2TTSsy2lGtfuND/dist=es2019,mode=imports/optimized/google-protobuf.js:4173:17)
    at jspb.BinaryReader.readInt64 (https://cdn.skypack.dev/-/google-protobuf@v3.21.2-YDUqZL2TTSsy2lGtfuND/dist=es2019,mode=imports/optimized/google-protobuf.js:4542:26)
    at Function.deserialize (file:///Users/thesayyn/Documents/thesayyn/protoc-gen-ts/target/debug/build/protoc_gen_ts-8cec2bec66276c47/out/test_conformance/test_messages_proto2.ts:151:49)
    at file:///Users/thesayyn/Documents/thesayyn/protoc-gen-ts/tests/conformance/bin/main.ts:30:78

  protobuf_test_messages.proto3.TestAllTypesProto3 1
  Error: Failure: Failed to read varint, encoding is invalid.
    at Object.jspb.asserts.fail (https://cdn.skypack.dev/-/google-protobuf@v3.21.2-YDUqZL2TTSsy2lGtfuND/dist=es2019,mode=imports/optimized/google-protobuf.js:801:11)
    at jspb.BinaryDecoder.readSplitVarint64 (https://cdn.skypack.dev/-/google-protobuf@v3.21.2-YDUqZL2TTSsy2lGtfuND/dist=es2019,mode=imports/optimized/google-protobuf.js:4101:18)
    at jspb.BinaryDecoder.readSignedVarint64 (https://cdn.skypack.dev/-/google-protobuf@v3.21.2-YDUqZL2TTSsy2lGtfuND/dist=es2019,mode=imports/optimized/google-protobuf.js:4173:17)
    at jspb.BinaryReader.readInt64 (https://cdn.skypack.dev/-/google-protobuf@v3.21.2-YDUqZL2TTSsy2lGtfuND/dist=es2019,mode=imports/optimized/google-protobuf.js:4542:26)
    at Function.deserialize (file:///Users/thesayyn/Documents/thesayyn/protoc-gen-ts/target/debug/build/protoc_gen_ts-8cec2bec66276c47/out/test_conformance/test_messages_proto3.ts:246:57)
    at file:///Users/thesayyn/Documents/thesayyn/protoc-gen-ts/tests/conformance/bin/main.ts:23:78

  protobuf_test_messages.proto2.TestAllTypesProto2 1
  Error: Failure: Failed to read varint, encoding is invalid.
    at Object.jspb.asserts.fail (https://cdn.skypack.dev/-/google-protobuf@v3.21.2-YDUqZL2TTSsy2lGtfuND/dist=es2019,mode=imports/optimized/google-protobuf.js:801:11)
    at jspb.BinaryDecoder.readSplitVarint64 (https://cdn.skypack.dev/-/google-protobuf@v3.21.2-YDUqZL2TTSsy2lGtfuND/dist=es2019,mode=imports/optimized/google-protobuf.js:4101:18)
    at jspb.BinaryDecoder.readSignedVarint64 (https://cdn.skypack.dev/-/google-protobuf@v3.21.2-YDUqZL2TTSsy2lGtfuND/dist=es2019,mode=imports/optimized/google-protobuf.js:4173:17)
    at jspb.BinaryReader.readInt64 (https://cdn.skypack.dev/-/google-protobuf@v3.21.2-YDUqZL2TTSsy2lGtfuND/dist=es2019,mode=imports/optimized/google-protobuf.js:4542:26)
    at Function.deserialize (file:///Users/thesayyn/Documents/thesayyn/protoc-gen-ts/target/debug/build/protoc_gen_ts-8cec2bec66276c47/out/test_conformance/test_messages_proto2.ts:217:52)
    at file:///Users/thesayyn/Documents/thesayyn/protoc-gen-ts/tests/conformance/bin/main.ts:30:78

  protobuf_test_messages.proto3.TestAllTypesProto3 1
  Error: Failure: Decoder hit an error
    at Object.jspb.asserts.fail (https://cdn.skypack.dev/-/google-protobuf@v3.21.2-YDUqZL2TTSsy2lGtfuND/dist=es2019,mode=imports/optimized/google-protobuf.js:801:11)
    at jspb.BinaryReader.nextField (https://cdn.skypack.dev/-/google-protobuf@v3.21.2-YDUqZL2TTSsy2lGtfuND/dist=es2019,mode=imports/optimized/google-protobuf.js:4374:27)
    at Function.deserialize (file:///Users/thesayyn/Documents/thesayyn/protoc-gen-ts/target/debug/build/protoc_gen_ts-8cec2bec66276c47/out/test_conformance/test_messages_proto3.ts:169:18)
    at file:///Users/thesayyn/Documents/thesayyn/protoc-gen-ts/tests/conformance/bin/main.ts:23:78

  protobuf_test_messages.proto2.TestAllTypesProto2 1
  Error: Failure: Decoder hit an error
    at Object.jspb.asserts.fail (https://cdn.skypack.dev/-/google-protobuf@v3.21.2-YDUqZL2TTSsy2lGtfuND/dist=es2019,mode=imports/optimized/google-protobuf.js:801:11)
    at jspb.BinaryReader.nextField (https://cdn.skypack.dev/-/google-protobuf@v3.21.2-YDUqZL2TTSsy2lGtfuND/dist=es2019,mode=imports/optimized/google-protobuf.js:4374:27)
    at Function.deserialize (file:///Users/thesayyn/Documents/thesayyn/protoc-gen-ts/target/debug/build/protoc_gen_ts-8cec2bec66276c47/out/test_conformance/test_messages_proto2.ts:145:18)
    at file:///Users/thesayyn/Documents/thesayyn/protoc-gen-ts/tests/conformance/bin/main.ts:30:78

  protobuf_test_messages.proto3.TestAllTypesProto3 1
  Error: Failure: Failed to read varint, encoding is invalid.
    at Object.jspb.asserts.fail (https://cdn.skypack.dev/-/google-protobuf@v3.21.2-YDUqZL2TTSsy2lGtfuND/dist=es2019,mode=imports/optimized/google-protobuf.js:801:11)
    at jspb.BinaryDecoder.readSplitVarint64 (https://cdn.skypack.dev/-/google-protobuf@v3.21.2-YDUqZL2TTSsy2lGtfuND/dist=es2019,mode=imports/optimized/google-protobuf.js:4101:18)
    at jspb.BinaryDecoder.readSignedVarint64 (https://cdn.skypack.dev/-/google-protobuf@v3.21.2-YDUqZL2TTSsy2lGtfuND/dist=es2019,mode=imports/optimized/google-protobuf.js:4173:17)
    at jspb.BinaryReader.readInt64 (https://cdn.skypack.dev/-/google-protobuf@v3.21.2-YDUqZL2TTSsy2lGtfuND/dist=es2019,mode=imports/optimized/google-protobuf.js:4542:26)
    at Function.deserialize (file:///Users/thesayyn/Documents/thesayyn/protoc-gen-ts/target/debug/build/protoc_gen_ts-8cec2bec66276c47/out/test_conformance/test_messages_proto3.ts:175:49)
    at file:///Users/thesayyn/Documents/thesayyn/protoc-gen-ts/tests/conformance/bin/main.ts:23:78

  protobuf_test_messages.proto2.TestAllTypesProto2 1
  Error: Failure: Failed to read varint, encoding is invalid.
    at Object.jspb.asserts.fail (https://cdn.skypack.dev/-/google-protobuf@v3.21.2-YDUqZL2TTSsy2lGtfuND/dist=es2019,mode=imports/optimized/google-protobuf.js:801:11)
    at jspb.BinaryDecoder.readSplitVarint64 (https://cdn.skypack.dev/-/google-protobuf@v3.21.2-YDUqZL2TTSsy2lGtfuND/dist=es2019,mode=imports/optimized/google-protobuf.js:4101:18)
    at jspb.BinaryDecoder.readSignedVarint64 (https://cdn.skypack.dev/-/google-protobuf@v3.21.2-YDUqZL2TTSsy2lGtfuND/dist=es2019,mode=imports/optimized/google-protobuf.js:4173:17)
    at jspb.BinaryReader.readInt64 (https://cdn.skypack.dev/-/google-protobuf@v3.21.2-YDUqZL2TTSsy2lGtfuND/dist=es2019,mode=imports/optimized/google-protobuf.js:4542:26)
    at Function.deserialize (file:///Users/thesayyn/Documents/thesayyn/protoc-gen-ts/target/debug/build/protoc_gen_ts-8cec2bec66276c47/out/test_conformance/test_messages_proto2.ts:151:49)
    at file:///Users/thesayyn/Documents/thesayyn/protoc-gen-ts/tests/conformance/bin/main.ts:30:78

  protobuf_test_messages.proto3.TestAllTypesProto3 1
  Error: Failure: Failed to read varint, encoding is invalid.
    at Object.jspb.asserts.fail (https://cdn.skypack.dev/-/google-protobuf@v3.21.2-YDUqZL2TTSsy2lGtfuND/dist=es2019,mode=imports/optimized/google-protobuf.js:801:11)
    at jspb.BinaryDecoder.readSplitVarint64 (https://cdn.skypack.dev/-/google-protobuf@v3.21.2-YDUqZL2TTSsy2lGtfuND/dist=es2019,mode=imports/optimized/google-protobuf.js:4101:18)
    at jspb.BinaryDecoder.readSignedVarint64 (https://cdn.skypack.dev/-/google-protobuf@v3.21.2-YDUqZL2TTSsy2lGtfuND/dist=es2019,mode=imports/optimized/google-protobuf.js:4173:17)
    at jspb.BinaryReader.readInt64 (https://cdn.skypack.dev/-/google-protobuf@v3.21.2-YDUqZL2TTSsy2lGtfuND/dist=es2019,mode=imports/optimized/google-protobuf.js:4542:26)
    at Function.deserialize (file:///Users/thesayyn/Documents/thesayyn/protoc-gen-ts/target/debug/build/protoc_gen_ts-8cec2bec66276c47/out/test_conformance/test_messages_proto3.ts:246:57)
    at file:///Users/thesayyn/Documents/thesayyn/protoc-gen-ts/tests/conformance/bin/main.ts:23:78

  protobuf_test_messages.proto2.TestAllTypesProto2 1
  Error: Failure: Failed to read varint, encoding is invalid.
    at Object.jspb.asserts.fail (https://cdn.skypack.dev/-/google-protobuf@v3.21.2-YDUqZL2TTSsy2lGtfuND/dist=es2019,mode=imports/optimized/google-protobuf.js:801:11)
    at jspb.BinaryDecoder.readSplitVarint64 (https://cdn.skypack.dev/-/google-protobuf@v3.21.2-YDUqZL2TTSsy2lGtfuND/dist=es2019,mode=imports/optimized/google-protobuf.js:4101:18)
    at jspb.BinaryDecoder.readSignedVarint64 (https://cdn.skypack.dev/-/google-protobuf@v3.21.2-YDUqZL2TTSsy2lGtfuND/dist=es2019,mode=imports/optimized/google-protobuf.js:4173:17)
    at jspb.BinaryReader.readInt64 (https://cdn.skypack.dev/-/google-protobuf@v3.21.2-YDUqZL2TTSsy2lGtfuND/dist=es2019,mode=imports/optimized/google-protobuf.js:4542:26)
    at Function.deserialize (file:///Users/thesayyn/Documents/thesayyn/protoc-gen-ts/target/debug/build/protoc_gen_ts-8cec2bec66276c47/out/test_conformance/test_messages_proto2.ts:217:52)
    at file:///Users/thesayyn/Documents/thesayyn/protoc-gen-ts/tests/conformance/bin/main.ts:30:78

  protobuf_test_messages.proto3.TestAllTypesProto3 1
  Error: Failure: Decoder hit an error
    at Object.jspb.asserts.fail (https://cdn.skypack.dev/-/google-protobuf@v3.21.2-YDUqZL2TTSsy2lGtfuND/dist=es2019,mode=imports/optimized/google-protobuf.js:801:11)
    at jspb.BinaryReader.nextField (https://cdn.skypack.dev/-/google-protobuf@v3.21.2-YDUqZL2TTSsy2lGtfuND/dist=es2019,mode=imports/optimized/google-protobuf.js:4374:27)
    at Function.deserialize (file:///Users/thesayyn/Documents/thesayyn/protoc-gen-ts/target/debug/build/protoc_gen_ts-8cec2bec66276c47/out/test_conformance/test_messages_proto3.ts:169:18)
    at file:///Users/thesayyn/Documents/thesayyn/protoc-gen-ts/tests/conformance/bin/main.ts:23:78

  protobuf_test_messages.proto2.TestAllTypesProto2 1
  Error: Failure: Decoder hit an error
    at Object.jspb.asserts.fail (https://cdn.skypack.dev/-/google-protobuf@v3.21.2-YDUqZL2TTSsy2lGtfuND/dist=es2019,mode=imports/optimized/google-protobuf.js:801:11)
    at jspb.BinaryReader.nextField (https://cdn.skypack.dev/-/google-protobuf@v3.21.2-YDUqZL2TTSsy2lGtfuND/dist=es2019,mode=imports/optimized/google-protobuf.js:4374:27)
    at Function.deserialize (file:///Users/thesayyn/Documents/thesayyn/protoc-gen-ts/target/debug/build/protoc_gen_ts-8cec2bec66276c47/out/test_conformance/test_messages_proto2.ts:145:18)
    at file:///Users/thesayyn/Documents/thesayyn/protoc-gen-ts/tests/conformance/bin/main.ts:30:78

  protobuf_test_messages.proto3.TestAllTypesProto3 1
  Error: Failure: Failed to read varint, encoding is invalid.
    at Object.jspb.asserts.fail (https://cdn.skypack.dev/-/google-protobuf@v3.21.2-YDUqZL2TTSsy2lGtfuND/dist=es2019,mode=imports/optimized/google-protobuf.js:801:11)
    at jspb.BinaryDecoder.readSplitVarint64 (https://cdn.skypack.dev/-/google-protobuf@v3.21.2-YDUqZL2TTSsy2lGtfuND/dist=es2019,mode=imports/optimized/google-protobuf.js:4101:18)
    at jspb.BinaryDecoder.readSignedVarint64 (https://cdn.skypack.dev/-/google-protobuf@v3.21.2-YDUqZL2TTSsy2lGtfuND/dist=es2019,mode=imports/optimized/google-protobuf.js:4173:17)
    at jspb.BinaryReader.readPackedField_ (https://cdn.skypack.dev/-/google-protobuf@v3.21.2-YDUqZL2TTSsy2lGtfuND/dist=es2019,mode=imports/optimized/google-protobuf.js:4676:16)
    at jspb.BinaryReader.readPackedInt64 (https://cdn.skypack.dev/-/google-protobuf@v3.21.2-YDUqZL2TTSsy2lGtfuND/dist=es2019,mode=imports/optimized/google-protobuf.js:4687:17)
    at Function.deserialize (file:///Users/thesayyn/Documents/thesayyn/protoc-gen-ts/target/debug/build/protoc_gen_ts-8cec2bec66276c47/out/test_conformance/test_messages_proto3.ts:245:77)
    at file:///Users/thesayyn/Documents/thesayyn/protoc-gen-ts/tests/conformance/bin/main.ts:23:78

  protobuf_test_messages.proto2.TestAllTypesProto2 1
  Error: Assertion failed
    at Object.jspb.asserts.doAssertFailure (https://cdn.skypack.dev/-/google-protobuf@v3.21.2-YDUqZL2TTSsy2lGtfuND/dist=es2019,mode=imports/optimized/google-protobuf.js:778:11)
    at Object.jspb.asserts.assert (https://cdn.skypack.dev/-/google-protobuf@v3.21.2-YDUqZL2TTSsy2lGtfuND/dist=es2019,mode=imports/optimized/google-protobuf.js:783:23)
    at jspb.BinaryReader.readInt64 (https://cdn.skypack.dev/-/google-protobuf@v3.21.2-YDUqZL2TTSsy2lGtfuND/dist=es2019,mode=imports/optimized/google-protobuf.js:4541:18)
    at Function.deserialize (file:///Users/thesayyn/Documents/thesayyn/protoc-gen-ts/target/debug/build/protoc_gen_ts-8cec2bec66276c47/out/test_conformance/test_messages_proto2.ts:217:52)
    at file:///Users/thesayyn/Documents/thesayyn/protoc-gen-ts/tests/conformance/bin/main.ts:30:78

  protobuf_test_messages.proto3.TestAllTypesProto3 1
  Error: Failure: Failed to read varint, encoding is invalid.
    at Object.jspb.asserts.fail (https://cdn.skypack.dev/-/google-protobuf@v3.21.2-YDUqZL2TTSsy2lGtfuND/dist=es2019,mode=imports/optimized/google-protobuf.js:801:11)
    at jspb.BinaryDecoder.readSplitVarint64 (https://cdn.skypack.dev/-/google-protobuf@v3.21.2-YDUqZL2TTSsy2lGtfuND/dist=es2019,mode=imports/optimized/google-protobuf.js:4101:18)
    at jspb.BinaryDecoder.readSignedVarint64 (https://cdn.skypack.dev/-/google-protobuf@v3.21.2-YDUqZL2TTSsy2lGtfuND/dist=es2019,mode=imports/optimized/google-protobuf.js:4173:17)
    at jspb.BinaryReader.readPackedField_ (https://cdn.skypack.dev/-/google-protobuf@v3.21.2-YDUqZL2TTSsy2lGtfuND/dist=es2019,mode=imports/optimized/google-protobuf.js:4676:16)
    at jspb.BinaryReader.readPackedInt64 (https://cdn.skypack.dev/-/google-protobuf@v3.21.2-YDUqZL2TTSsy2lGtfuND/dist=es2019,mode=imports/optimized/google-protobuf.js:4687:17)
    at Function.deserialize (file:///Users/thesayyn/Documents/thesayyn/protoc-gen-ts/target/debug/build/protoc_gen_ts-8cec2bec66276c47/out/test_conformance/test_messages_proto3.ts:245:77)
    at file:///Users/thesayyn/Documents/thesayyn/protoc-gen-ts/tests/conformance/bin/main.ts:23:78

  protobuf_test_messages.proto2.TestAllTypesProto2 1
  Error: Assertion failed
    at Object.jspb.asserts.doAssertFailure (https://cdn.skypack.dev/-/google-protobuf@v3.21.2-YDUqZL2TTSsy2lGtfuND/dist=es2019,mode=imports/optimized/google-protobuf.js:778:11)
    at Object.jspb.asserts.assert (https://cdn.skypack.dev/-/google-protobuf@v3.21.2-YDUqZL2TTSsy2lGtfuND/dist=es2019,mode=imports/optimized/google-protobuf.js:783:23)
    at jspb.BinaryReader.readInt64 (https://cdn.skypack.dev/-/google-protobuf@v3.21.2-YDUqZL2TTSsy2lGtfuND/dist=es2019,mode=imports/optimized/google-protobuf.js:4541:18)
    at Function.deserialize (file:///Users/thesayyn/Documents/thesayyn/protoc-gen-ts/target/debug/build/protoc_gen_ts-8cec2bec66276c47/out/test_conformance/test_messages_proto2.ts:217:52)
    at file:///Users/thesayyn/Documents/thesayyn/protoc-gen-ts/tests/conformance/bin/main.ts:30:78

  protobuf_test_messages.proto3.TestAllTypesProto3 1
  Error: Failure: Failed to read varint, encoding is invalid.
    at Object.jspb.asserts.fail (https://cdn.skypack.dev/-/google-protobuf@v3.21.2-YDUqZL2TTSsy2lGtfuND/dist=es2019,mode=imports/optimized/google-protobuf.js:801:11)
    at jspb.BinaryDecoder.readSplitVarint64 (https://cdn.skypack.dev/-/google-protobuf@v3.21.2-YDUqZL2TTSsy2lGtfuND/dist=es2019,mode=imports/optimized/google-protobuf.js:4101:18)
    at jspb.BinaryDecoder.readUnsignedVarint64 (https://cdn.skypack.dev/-/google-protobuf@v3.21.2-YDUqZL2TTSsy2lGtfuND/dist=es2019,mode=imports/optimized/google-protobuf.js:4167:17)
    at jspb.BinaryReader.readUint64 (https://cdn.skypack.dev/-/google-protobuf@v3.21.2-YDUqZL2TTSsy2lGtfuND/dist=es2019,mode=imports/optimized/google-protobuf.js:4560:26)
    at Function.deserialize (file:///Users/thesayyn/Documents/thesayyn/protoc-gen-ts/target/debug/build/protoc_gen_ts-8cec2bec66276c47/out/test_conformance/test_messages_proto3.ts:181:50)
    at file:///Users/thesayyn/Documents/thesayyn/protoc-gen-ts/tests/conformance/bin/main.ts:23:78

  protobuf_test_messages.proto2.TestAllTypesProto2 1
  Error: Failure: Failed to read varint, encoding is invalid.
    at Object.jspb.asserts.fail (https://cdn.skypack.dev/-/google-protobuf@v3.21.2-YDUqZL2TTSsy2lGtfuND/dist=es2019,mode=imports/optimized/google-protobuf.js:801:11)
    at jspb.BinaryDecoder.readSplitVarint64 (https://cdn.skypack.dev/-/google-protobuf@v3.21.2-YDUqZL2TTSsy2lGtfuND/dist=es2019,mode=imports/optimized/google-protobuf.js:4101:18)
    at jspb.BinaryDecoder.readUnsignedVarint64 (https://cdn.skypack.dev/-/google-protobuf@v3.21.2-YDUqZL2TTSsy2lGtfuND/dist=es2019,mode=imports/optimized/google-protobuf.js:4167:17)
    at jspb.BinaryReader.readUint64 (https://cdn.skypack.dev/-/google-protobuf@v3.21.2-YDUqZL2TTSsy2lGtfuND/dist=es2019,mode=imports/optimized/google-protobuf.js:4560:26)
    at Function.deserialize (file:///Users/thesayyn/Documents/thesayyn/protoc-gen-ts/target/debug/build/protoc_gen_ts-8cec2bec66276c47/out/test_conformance/test_messages_proto2.ts:157:50)
    at file:///Users/thesayyn/Documents/thesayyn/protoc-gen-ts/tests/conformance/bin/main.ts:30:78

  protobuf_test_messages.proto3.TestAllTypesProto3 1
  Error: Failure: Failed to read varint, encoding is invalid.
    at Object.jspb.asserts.fail (https://cdn.skypack.dev/-/google-protobuf@v3.21.2-YDUqZL2TTSsy2lGtfuND/dist=es2019,mode=imports/optimized/google-protobuf.js:801:11)
    at jspb.BinaryDecoder.readSplitVarint64 (https://cdn.skypack.dev/-/google-protobuf@v3.21.2-YDUqZL2TTSsy2lGtfuND/dist=es2019,mode=imports/optimized/google-protobuf.js:4101:18)
    at jspb.BinaryDecoder.readUnsignedVarint64 (https://cdn.skypack.dev/-/google-protobuf@v3.21.2-YDUqZL2TTSsy2lGtfuND/dist=es2019,mode=imports/optimized/google-protobuf.js:4167:17)
    at jspb.BinaryReader.readUint64 (https://cdn.skypack.dev/-/google-protobuf@v3.21.2-YDUqZL2TTSsy2lGtfuND/dist=es2019,mode=imports/optimized/google-protobuf.js:4560:26)
    at Function.deserialize (file:///Users/thesayyn/Documents/thesayyn/protoc-gen-ts/target/debug/build/protoc_gen_ts-8cec2bec66276c47/out/test_conformance/test_messages_proto3.ts:254:58)
    at file:///Users/thesayyn/Documents/thesayyn/protoc-gen-ts/tests/conformance/bin/main.ts:23:78

  protobuf_test_messages.proto2.TestAllTypesProto2 1
  Error: Failure: Failed to read varint, encoding is invalid.
    at Object.jspb.asserts.fail (https://cdn.skypack.dev/-/google-protobuf@v3.21.2-YDUqZL2TTSsy2lGtfuND/dist=es2019,mode=imports/optimized/google-protobuf.js:801:11)
    at jspb.BinaryDecoder.readSplitVarint64 (https://cdn.skypack.dev/-/google-protobuf@v3.21.2-YDUqZL2TTSsy2lGtfuND/dist=es2019,mode=imports/optimized/google-protobuf.js:4101:18)
    at jspb.BinaryDecoder.readUnsignedVarint64 (https://cdn.skypack.dev/-/google-protobuf@v3.21.2-YDUqZL2TTSsy2lGtfuND/dist=es2019,mode=imports/optimized/google-protobuf.js:4167:17)
    at jspb.BinaryReader.readUint64 (https://cdn.skypack.dev/-/google-protobuf@v3.21.2-YDUqZL2TTSsy2lGtfuND/dist=es2019,mode=imports/optimized/google-protobuf.js:4560:26)
    at Function.deserialize (file:///Users/thesayyn/Documents/thesayyn/protoc-gen-ts/target/debug/build/protoc_gen_ts-8cec2bec66276c47/out/test_conformance/test_messages_proto2.ts:223:53)
    at file:///Users/thesayyn/Documents/thesayyn/protoc-gen-ts/tests/conformance/bin/main.ts:30:78

  protobuf_test_messages.proto3.TestAllTypesProto3 1
  Error: Failure: Decoder hit an error
    at Object.jspb.asserts.fail (https://cdn.skypack.dev/-/google-protobuf@v3.21.2-YDUqZL2TTSsy2lGtfuND/dist=es2019,mode=imports/optimized/google-protobuf.js:801:11)
    at jspb.BinaryReader.nextField (https://cdn.skypack.dev/-/google-protobuf@v3.21.2-YDUqZL2TTSsy2lGtfuND/dist=es2019,mode=imports/optimized/google-protobuf.js:4374:27)
    at Function.deserialize (file:///Users/thesayyn/Documents/thesayyn/protoc-gen-ts/target/debug/build/protoc_gen_ts-8cec2bec66276c47/out/test_conformance/test_messages_proto3.ts:169:18)
    at file:///Users/thesayyn/Documents/thesayyn/protoc-gen-ts/tests/conformance/bin/main.ts:23:78

  protobuf_test_messages.proto2.TestAllTypesProto2 1
  Error: Failure: Decoder hit an error
    at Object.jspb.asserts.fail (https://cdn.skypack.dev/-/google-protobuf@v3.21.2-YDUqZL2TTSsy2lGtfuND/dist=es2019,mode=imports/optimized/google-protobuf.js:801:11)
    at jspb.BinaryReader.nextField (https://cdn.skypack.dev/-/google-protobuf@v3.21.2-YDUqZL2TTSsy2lGtfuND/dist=es2019,mode=imports/optimized/google-protobuf.js:4374:27)
    at Function.deserialize (file:///Users/thesayyn/Documents/thesayyn/protoc-gen-ts/target/debug/build/protoc_gen_ts-8cec2bec66276c47/out/test_conformance/test_messages_proto2.ts:145:18)
    at file:///Users/thesayyn/Documents/thesayyn/protoc-gen-ts/tests/conformance/bin/main.ts:30:78

  protobuf_test_messages.proto3.TestAllTypesProto3 1
  Error: Failure: Failed to read varint, encoding is invalid.
    at Object.jspb.asserts.fail (https://cdn.skypack.dev/-/google-protobuf@v3.21.2-YDUqZL2TTSsy2lGtfuND/dist=es2019,mode=imports/optimized/google-protobuf.js:801:11)
    at jspb.BinaryDecoder.readSplitVarint64 (https://cdn.skypack.dev/-/google-protobuf@v3.21.2-YDUqZL2TTSsy2lGtfuND/dist=es2019,mode=imports/optimized/google-protobuf.js:4101:18)
    at jspb.BinaryDecoder.readUnsignedVarint64 (https://cdn.skypack.dev/-/google-protobuf@v3.21.2-YDUqZL2TTSsy2lGtfuND/dist=es2019,mode=imports/optimized/google-protobuf.js:4167:17)
    at jspb.BinaryReader.readUint64 (https://cdn.skypack.dev/-/google-protobuf@v3.21.2-YDUqZL2TTSsy2lGtfuND/dist=es2019,mode=imports/optimized/google-protobuf.js:4560:26)
    at Function.deserialize (file:///Users/thesayyn/Documents/thesayyn/protoc-gen-ts/target/debug/build/protoc_gen_ts-8cec2bec66276c47/out/test_conformance/test_messages_proto3.ts:181:50)
    at file:///Users/thesayyn/Documents/thesayyn/protoc-gen-ts/tests/conformance/bin/main.ts:23:78

  protobuf_test_messages.proto2.TestAllTypesProto2 1
  Error: Failure: Failed to read varint, encoding is invalid.
    at Object.jspb.asserts.fail (https://cdn.skypack.dev/-/google-protobuf@v3.21.2-YDUqZL2TTSsy2lGtfuND/dist=es2019,mode=imports/optimized/google-protobuf.js:801:11)
    at jspb.BinaryDecoder.readSplitVarint64 (https://cdn.skypack.dev/-/google-protobuf@v3.21.2-YDUqZL2TTSsy2lGtfuND/dist=es2019,mode=imports/optimized/google-protobuf.js:4101:18)
    at jspb.BinaryDecoder.readUnsignedVarint64 (https://cdn.skypack.dev/-/google-protobuf@v3.21.2-YDUqZL2TTSsy2lGtfuND/dist=es2019,mode=imports/optimized/google-protobuf.js:4167:17)
    at jspb.BinaryReader.readUint64 (https://cdn.skypack.dev/-/google-protobuf@v3.21.2-YDUqZL2TTSsy2lGtfuND/dist=es2019,mode=imports/optimized/google-protobuf.js:4560:26)
    at Function.deserialize (file:///Users/thesayyn/Documents/thesayyn/protoc-gen-ts/target/debug/build/protoc_gen_ts-8cec2bec66276c47/out/test_conformance/test_messages_proto2.ts:157:50)
    at file:///Users/thesayyn/Documents/thesayyn/protoc-gen-ts/tests/conformance/bin/main.ts:30:78

  protobuf_test_messages.proto3.TestAllTypesProto3 1
  Error: Failure: Failed to read varint, encoding is invalid.
    at Object.jspb.asserts.fail (https://cdn.skypack.dev/-/google-protobuf@v3.21.2-YDUqZL2TTSsy2lGtfuND/dist=es2019,mode=imports/optimized/google-protobuf.js:801:11)
    at jspb.BinaryDecoder.readSplitVarint64 (https://cdn.skypack.dev/-/google-protobuf@v3.21.2-YDUqZL2TTSsy2lGtfuND/dist=es2019,mode=imports/optimized/google-protobuf.js:4101:18)
    at jspb.BinaryDecoder.readUnsignedVarint64 (https://cdn.skypack.dev/-/google-protobuf@v3.21.2-YDUqZL2TTSsy2lGtfuND/dist=es2019,mode=imports/optimized/google-protobuf.js:4167:17)
    at jspb.BinaryReader.readUint64 (https://cdn.skypack.dev/-/google-protobuf@v3.21.2-YDUqZL2TTSsy2lGtfuND/dist=es2019,mode=imports/optimized/google-protobuf.js:4560:26)
    at Function.deserialize (file:///Users/thesayyn/Documents/thesayyn/protoc-gen-ts/target/debug/build/protoc_gen_ts-8cec2bec66276c47/out/test_conformance/test_messages_proto3.ts:254:58)
    at file:///Users/thesayyn/Documents/thesayyn/protoc-gen-ts/tests/conformance/bin/main.ts:23:78

  protobuf_test_messages.proto2.TestAllTypesProto2 1
  Error: Failure: Failed to read varint, encoding is invalid.
    at Object.jspb.asserts.fail (https://cdn.skypack.dev/-/google-protobuf@v3.21.2-YDUqZL2TTSsy2lGtfuND/dist=es2019,mode=imports/optimized/google-protobuf.js:801:11)
    at jspb.BinaryDecoder.readSplitVarint64 (https://cdn.skypack.dev/-/google-protobuf@v3.21.2-YDUqZL2TTSsy2lGtfuND/dist=es2019,mode=imports/optimized/google-protobuf.js:4101:18)
    at jspb.BinaryDecoder.readUnsignedVarint64 (https://cdn.skypack.dev/-/google-protobuf@v3.21.2-YDUqZL2TTSsy2lGtfuND/dist=es2019,mode=imports/optimized/google-protobuf.js:4167:17)
    at jspb.BinaryReader.readUint64 (https://cdn.skypack.dev/-/google-protobuf@v3.21.2-YDUqZL2TTSsy2lGtfuND/dist=es2019,mode=imports/optimized/google-protobuf.js:4560:26)
    at Function.deserialize (file:///Users/thesayyn/Documents/thesayyn/protoc-gen-ts/target/debug/build/protoc_gen_ts-8cec2bec66276c47/out/test_conformance/test_messages_proto2.ts:223:53)
    at file:///Users/thesayyn/Documents/thesayyn/protoc-gen-ts/tests/conformance/bin/main.ts:30:78

  protobuf_test_messages.proto3.TestAllTypesProto3 1
  Error: Failure: Decoder hit an error
    at Object.jspb.asserts.fail (https://cdn.skypack.dev/-/google-protobuf@v3.21.2-YDUqZL2TTSsy2lGtfuND/dist=es2019,mode=imports/optimized/google-protobuf.js:801:11)
    at jspb.BinaryReader.nextField (https://cdn.skypack.dev/-/google-protobuf@v3.21.2-YDUqZL2TTSsy2lGtfuND/dist=es2019,mode=imports/optimized/google-protobuf.js:4374:27)
    at Function.deserialize (file:///Users/thesayyn/Documents/thesayyn/protoc-gen-ts/target/debug/build/protoc_gen_ts-8cec2bec66276c47/out/test_conformance/test_messages_proto3.ts:169:18)
    at file:///Users/thesayyn/Documents/thesayyn/protoc-gen-ts/tests/conformance/bin/main.ts:23:78

  protobuf_test_messages.proto2.TestAllTypesProto2 1
  Error: Failure: Decoder hit an error
    at Object.jspb.asserts.fail (https://cdn.skypack.dev/-/google-protobuf@v3.21.2-YDUqZL2TTSsy2lGtfuND/dist=es2019,mode=imports/optimized/google-protobuf.js:801:11)
    at jspb.BinaryReader.nextField (https://cdn.skypack.dev/-/google-protobuf@v3.21.2-YDUqZL2TTSsy2lGtfuND/dist=es2019,mode=imports/optimized/google-protobuf.js:4374:27)
    at Function.deserialize (file:///Users/thesayyn/Documents/thesayyn/protoc-gen-ts/target/debug/build/protoc_gen_ts-8cec2bec66276c47/out/test_conformance/test_messages_proto2.ts:145:18)
    at file:///Users/thesayyn/Documents/thesayyn/protoc-gen-ts/tests/conformance/bin/main.ts:30:78

  protobuf_test_messages.proto3.TestAllTypesProto3 1
  Error: Failure: Failed to read varint, encoding is invalid.
    at Object.jspb.asserts.fail (https://cdn.skypack.dev/-/google-protobuf@v3.21.2-YDUqZL2TTSsy2lGtfuND/dist=es2019,mode=imports/optimized/google-protobuf.js:801:11)
    at jspb.BinaryDecoder.readSplitVarint64 (https://cdn.skypack.dev/-/google-protobuf@v3.21.2-YDUqZL2TTSsy2lGtfuND/dist=es2019,mode=imports/optimized/google-protobuf.js:4101:18)
    at jspb.BinaryDecoder.readUnsignedVarint64 (https://cdn.skypack.dev/-/google-protobuf@v3.21.2-YDUqZL2TTSsy2lGtfuND/dist=es2019,mode=imports/optimized/google-protobuf.js:4167:17)
    at jspb.BinaryReader.readPackedField_ (https://cdn.skypack.dev/-/google-protobuf@v3.21.2-YDUqZL2TTSsy2lGtfuND/dist=es2019,mode=imports/optimized/google-protobuf.js:4676:16)
    at jspb.BinaryReader.readPackedUint64 (https://cdn.skypack.dev/-/google-protobuf@v3.21.2-YDUqZL2TTSsy2lGtfuND/dist=es2019,mode=imports/optimized/google-protobuf.js:4701:17)
    at Function.deserialize (file:///Users/thesayyn/Documents/thesayyn/protoc-gen-ts/target/debug/build/protoc_gen_ts-8cec2bec66276c47/out/test_conformance/test_messages_proto3.ts:253:78)
    at file:///Users/thesayyn/Documents/thesayyn/protoc-gen-ts/tests/conformance/bin/main.ts:23:78

  protobuf_test_messages.proto2.TestAllTypesProto2 1
  Error: Assertion failed
    at Object.jspb.asserts.doAssertFailure (https://cdn.skypack.dev/-/google-protobuf@v3.21.2-YDUqZL2TTSsy2lGtfuND/dist=es2019,mode=imports/optimized/google-protobuf.js:778:11)
    at Object.jspb.asserts.assert (https://cdn.skypack.dev/-/google-protobuf@v3.21.2-YDUqZL2TTSsy2lGtfuND/dist=es2019,mode=imports/optimized/google-protobuf.js:783:23)
    at jspb.BinaryReader.readUint64 (https://cdn.skypack.dev/-/google-protobuf@v3.21.2-YDUqZL2TTSsy2lGtfuND/dist=es2019,mode=imports/optimized/google-protobuf.js:4559:18)
    at Function.deserialize (file:///Users/thesayyn/Documents/thesayyn/protoc-gen-ts/target/debug/build/protoc_gen_ts-8cec2bec66276c47/out/test_conformance/test_messages_proto2.ts:223:53)
    at file:///Users/thesayyn/Documents/thesayyn/protoc-gen-ts/tests/conformance/bin/main.ts:30:78

  protobuf_test_messages.proto3.TestAllTypesProto3 1
  Error: Failure: Failed to read varint, encoding is invalid.
    at Object.jspb.asserts.fail (https://cdn.skypack.dev/-/google-protobuf@v3.21.2-YDUqZL2TTSsy2lGtfuND/dist=es2019,mode=imports/optimized/google-protobuf.js:801:11)
    at jspb.BinaryDecoder.readSplitVarint64 (https://cdn.skypack.dev/-/google-protobuf@v3.21.2-YDUqZL2TTSsy2lGtfuND/dist=es2019,mode=imports/optimized/google-protobuf.js:4101:18)
    at jspb.BinaryDecoder.readUnsignedVarint64 (https://cdn.skypack.dev/-/google-protobuf@v3.21.2-YDUqZL2TTSsy2lGtfuND/dist=es2019,mode=imports/optimized/google-protobuf.js:4167:17)
    at jspb.BinaryReader.readPackedField_ (https://cdn.skypack.dev/-/google-protobuf@v3.21.2-YDUqZL2TTSsy2lGtfuND/dist=es2019,mode=imports/optimized/google-protobuf.js:4676:16)
    at jspb.BinaryReader.readPackedUint64 (https://cdn.skypack.dev/-/google-protobuf@v3.21.2-YDUqZL2TTSsy2lGtfuND/dist=es2019,mode=imports/optimized/google-protobuf.js:4701:17)
    at Function.deserialize (file:///Users/thesayyn/Documents/thesayyn/protoc-gen-ts/target/debug/build/protoc_gen_ts-8cec2bec66276c47/out/test_conformance/test_messages_proto3.ts:253:78)
    at file:///Users/thesayyn/Documents/thesayyn/protoc-gen-ts/tests/conformance/bin/main.ts:23:78

  protobuf_test_messages.proto2.TestAllTypesProto2 1
  Error: Assertion failed
    at Object.jspb.asserts.doAssertFailure (https://cdn.skypack.dev/-/google-protobuf@v3.21.2-YDUqZL2TTSsy2lGtfuND/dist=es2019,mode=imports/optimized/google-protobuf.js:778:11)
    at Object.jspb.asserts.assert (https://cdn.skypack.dev/-/google-protobuf@v3.21.2-YDUqZL2TTSsy2lGtfuND/dist=es2019,mode=imports/optimized/google-protobuf.js:783:23)
    at jspb.BinaryReader.readUint64 (https://cdn.skypack.dev/-/google-protobuf@v3.21.2-YDUqZL2TTSsy2lGtfuND/dist=es2019,mode=imports/optimized/google-protobuf.js:4559:18)
    at Function.deserialize (file:///Users/thesayyn/Documents/thesayyn/protoc-gen-ts/target/debug/build/protoc_gen_ts-8cec2bec66276c47/out/test_conformance/test_messages_proto2.ts:223:53)
    at file:///Users/thesayyn/Documents/thesayyn/protoc-gen-ts/tests/conformance/bin/main.ts:30:78

  protobuf_test_messages.proto3.TestAllTypesProto3 1
  Error: Assertion failed
    at Object.jspb.asserts.doAssertFailure (https://cdn.skypack.dev/-/google-protobuf@v3.21.2-YDUqZL2TTSsy2lGtfuND/dist=es2019,mode=imports/optimized/google-protobuf.js:778:11)
    at Object.jspb.asserts.assert (https://cdn.skypack.dev/-/google-protobuf@v3.21.2-YDUqZL2TTSsy2lGtfuND/dist=es2019,mode=imports/optimized/google-protobuf.js:783:23)
    at jspb.BinaryDecoder.readUnsignedVarint32 (https://cdn.skypack.dev/-/google-protobuf@v3.21.2-YDUqZL2TTSsy2lGtfuND/dist=es2019,mode=imports/optimized/google-protobuf.js:4150:18)
    at jspb.BinaryDecoder.readSignedVarint32 (https://cdn.skypack.dev/-/google-protobuf@v3.21.2-YDUqZL2TTSsy2lGtfuND/dist=es2019,mode=imports/optimized/google-protobuf.js:4154:19)
    at jspb.BinaryReader.readInt32 (https://cdn.skypack.dev/-/google-protobuf@v3.21.2-YDUqZL2TTSsy2lGtfuND/dist=es2019,mode=imports/optimized/google-protobuf.js:4533:26)
    at Function.deserialize (file:///Users/thesayyn/Documents/thesayyn/protoc-gen-ts/target/debug/build/protoc_gen_ts-8cec2bec66276c47/out/test_conformance/test_messages_proto3.ts:172:49)
    at file:///Users/thesayyn/Documents/thesayyn/protoc-gen-ts/tests/conformance/bin/main.ts:23:78

  protobuf_test_messages.proto2.TestAllTypesProto2 1
  Error: Assertion failed
    at Object.jspb.asserts.doAssertFailure (https://cdn.skypack.dev/-/google-protobuf@v3.21.2-YDUqZL2TTSsy2lGtfuND/dist=es2019,mode=imports/optimized/google-protobuf.js:778:11)
    at Object.jspb.asserts.assert (https://cdn.skypack.dev/-/google-protobuf@v3.21.2-YDUqZL2TTSsy2lGtfuND/dist=es2019,mode=imports/optimized/google-protobuf.js:783:23)
    at jspb.BinaryDecoder.readUnsignedVarint32 (https://cdn.skypack.dev/-/google-protobuf@v3.21.2-YDUqZL2TTSsy2lGtfuND/dist=es2019,mode=imports/optimized/google-protobuf.js:4150:18)
    at jspb.BinaryDecoder.readSignedVarint32 (https://cdn.skypack.dev/-/google-protobuf@v3.21.2-YDUqZL2TTSsy2lGtfuND/dist=es2019,mode=imports/optimized/google-protobuf.js:4154:19)
    at jspb.BinaryReader.readInt32 (https://cdn.skypack.dev/-/google-protobuf@v3.21.2-YDUqZL2TTSsy2lGtfuND/dist=es2019,mode=imports/optimized/google-protobuf.js:4533:26)
    at Function.deserialize (file:///Users/thesayyn/Documents/thesayyn/protoc-gen-ts/target/debug/build/protoc_gen_ts-8cec2bec66276c47/out/test_conformance/test_messages_proto2.ts:148:49)
    at file:///Users/thesayyn/Documents/thesayyn/protoc-gen-ts/tests/conformance/bin/main.ts:30:78

  protobuf_test_messages.proto3.TestAllTypesProto3 1
  Error: Assertion failed
    at Object.jspb.asserts.doAssertFailure (https://cdn.skypack.dev/-/google-protobuf@v3.21.2-YDUqZL2TTSsy2lGtfuND/dist=es2019,mode=imports/optimized/google-protobuf.js:778:11)
    at Object.jspb.asserts.assert (https://cdn.skypack.dev/-/google-protobuf@v3.21.2-YDUqZL2TTSsy2lGtfuND/dist=es2019,mode=imports/optimized/google-protobuf.js:783:23)
    at jspb.BinaryDecoder.readUnsignedVarint32 (https://cdn.skypack.dev/-/google-protobuf@v3.21.2-YDUqZL2TTSsy2lGtfuND/dist=es2019,mode=imports/optimized/google-protobuf.js:4150:18)
    at jspb.BinaryDecoder.readSignedVarint32 (https://cdn.skypack.dev/-/google-protobuf@v3.21.2-YDUqZL2TTSsy2lGtfuND/dist=es2019,mode=imports/optimized/google-protobuf.js:4154:19)
    at jspb.BinaryReader.readInt32 (https://cdn.skypack.dev/-/google-protobuf@v3.21.2-YDUqZL2TTSsy2lGtfuND/dist=es2019,mode=imports/optimized/google-protobuf.js:4533:26)
    at Function.deserialize (file:///Users/thesayyn/Documents/thesayyn/protoc-gen-ts/target/debug/build/protoc_gen_ts-8cec2bec66276c47/out/test_conformance/test_messages_proto3.ts:242:57)
    at file:///Users/thesayyn/Documents/thesayyn/protoc-gen-ts/tests/conformance/bin/main.ts:23:78

  protobuf_test_messages.proto2.TestAllTypesProto2 1
  Error: Assertion failed
    at Object.jspb.asserts.doAssertFailure (https://cdn.skypack.dev/-/google-protobuf@v3.21.2-YDUqZL2TTSsy2lGtfuND/dist=es2019,mode=imports/optimized/google-protobuf.js:778:11)
    at Object.jspb.asserts.assert (https://cdn.skypack.dev/-/google-protobuf@v3.21.2-YDUqZL2TTSsy2lGtfuND/dist=es2019,mode=imports/optimized/google-protobuf.js:783:23)
    at jspb.BinaryDecoder.readUnsignedVarint32 (https://cdn.skypack.dev/-/google-protobuf@v3.21.2-YDUqZL2TTSsy2lGtfuND/dist=es2019,mode=imports/optimized/google-protobuf.js:4150:18)
    at jspb.BinaryDecoder.readSignedVarint32 (https://cdn.skypack.dev/-/google-protobuf@v3.21.2-YDUqZL2TTSsy2lGtfuND/dist=es2019,mode=imports/optimized/google-protobuf.js:4154:19)
    at jspb.BinaryReader.readInt32 (https://cdn.skypack.dev/-/google-protobuf@v3.21.2-YDUqZL2TTSsy2lGtfuND/dist=es2019,mode=imports/optimized/google-protobuf.js:4533:26)
    at Function.deserialize (file:///Users/thesayyn/Documents/thesayyn/protoc-gen-ts/target/debug/build/protoc_gen_ts-8cec2bec66276c47/out/test_conformance/test_messages_proto2.ts:214:52)
    at file:///Users/thesayyn/Documents/thesayyn/protoc-gen-ts/tests/conformance/bin/main.ts:30:78

  protobuf_test_messages.proto3.TestAllTypesProto3 1
  Error: Failure: Decoder hit an error
    at Object.jspb.asserts.fail (https://cdn.skypack.dev/-/google-protobuf@v3.21.2-YDUqZL2TTSsy2lGtfuND/dist=es2019,mode=imports/optimized/google-protobuf.js:801:11)
    at jspb.BinaryReader.nextField (https://cdn.skypack.dev/-/google-protobuf@v3.21.2-YDUqZL2TTSsy2lGtfuND/dist=es2019,mode=imports/optimized/google-protobuf.js:4374:27)
    at Function.deserialize (file:///Users/thesayyn/Documents/thesayyn/protoc-gen-ts/target/debug/build/protoc_gen_ts-8cec2bec66276c47/out/test_conformance/test_messages_proto3.ts:169:18)
    at file:///Users/thesayyn/Documents/thesayyn/protoc-gen-ts/tests/conformance/bin/main.ts:23:78

  protobuf_test_messages.proto2.TestAllTypesProto2 1
  Error: Failure: Decoder hit an error
    at Object.jspb.asserts.fail (https://cdn.skypack.dev/-/google-protobuf@v3.21.2-YDUqZL2TTSsy2lGtfuND/dist=es2019,mode=imports/optimized/google-protobuf.js:801:11)
    at jspb.BinaryReader.nextField (https://cdn.skypack.dev/-/google-protobuf@v3.21.2-YDUqZL2TTSsy2lGtfuND/dist=es2019,mode=imports/optimized/google-protobuf.js:4374:27)
    at Function.deserialize (file:///Users/thesayyn/Documents/thesayyn/protoc-gen-ts/target/debug/build/protoc_gen_ts-8cec2bec66276c47/out/test_conformance/test_messages_proto2.ts:145:18)
    at file:///Users/thesayyn/Documents/thesayyn/protoc-gen-ts/tests/conformance/bin/main.ts:30:78

  protobuf_test_messages.proto3.TestAllTypesProto3 1
  Error: Assertion failed
    at Object.jspb.asserts.doAssertFailure (https://cdn.skypack.dev/-/google-protobuf@v3.21.2-YDUqZL2TTSsy2lGtfuND/dist=es2019,mode=imports/optimized/google-protobuf.js:778:11)
    at Object.jspb.asserts.assert (https://cdn.skypack.dev/-/google-protobuf@v3.21.2-YDUqZL2TTSsy2lGtfuND/dist=es2019,mode=imports/optimized/google-protobuf.js:783:23)
    at jspb.BinaryDecoder.readUnsignedVarint32 (https://cdn.skypack.dev/-/google-protobuf@v3.21.2-YDUqZL2TTSsy2lGtfuND/dist=es2019,mode=imports/optimized/google-protobuf.js:4150:18)
    at jspb.BinaryDecoder.readSignedVarint32 (https://cdn.skypack.dev/-/google-protobuf@v3.21.2-YDUqZL2TTSsy2lGtfuND/dist=es2019,mode=imports/optimized/google-protobuf.js:4154:19)
    at jspb.BinaryReader.readInt32 (https://cdn.skypack.dev/-/google-protobuf@v3.21.2-YDUqZL2TTSsy2lGtfuND/dist=es2019,mode=imports/optimized/google-protobuf.js:4533:26)
    at Function.deserialize (file:///Users/thesayyn/Documents/thesayyn/protoc-gen-ts/target/debug/build/protoc_gen_ts-8cec2bec66276c47/out/test_conformance/test_messages_proto3.ts:172:49)
    at file:///Users/thesayyn/Documents/thesayyn/protoc-gen-ts/tests/conformance/bin/main.ts:23:78

  protobuf_test_messages.proto2.TestAllTypesProto2 1
  Error: Assertion failed
    at Object.jspb.asserts.doAssertFailure (https://cdn.skypack.dev/-/google-protobuf@v3.21.2-YDUqZL2TTSsy2lGtfuND/dist=es2019,mode=imports/optimized/google-protobuf.js:778:11)
    at Object.jspb.asserts.assert (https://cdn.skypack.dev/-/google-protobuf@v3.21.2-YDUqZL2TTSsy2lGtfuND/dist=es2019,mode=imports/optimized/google-protobuf.js:783:23)
    at jspb.BinaryDecoder.readUnsignedVarint32 (https://cdn.skypack.dev/-/google-protobuf@v3.21.2-YDUqZL2TTSsy2lGtfuND/dist=es2019,mode=imports/optimized/google-protobuf.js:4150:18)
    at jspb.BinaryDecoder.readSignedVarint32 (https://cdn.skypack.dev/-/google-protobuf@v3.21.2-YDUqZL2TTSsy2lGtfuND/dist=es2019,mode=imports/optimized/google-protobuf.js:4154:19)
    at jspb.BinaryReader.readInt32 (https://cdn.skypack.dev/-/google-protobuf@v3.21.2-YDUqZL2TTSsy2lGtfuND/dist=es2019,mode=imports/optimized/google-protobuf.js:4533:26)
    at Function.deserialize (file:///Users/thesayyn/Documents/thesayyn/protoc-gen-ts/target/debug/build/protoc_gen_ts-8cec2bec66276c47/out/test_conformance/test_messages_proto2.ts:148:49)
    at file:///Users/thesayyn/Documents/thesayyn/protoc-gen-ts/tests/conformance/bin/main.ts:30:78

  protobuf_test_messages.proto3.TestAllTypesProto3 1
  Error: Assertion failed
    at Object.jspb.asserts.doAssertFailure (https://cdn.skypack.dev/-/google-protobuf@v3.21.2-YDUqZL2TTSsy2lGtfuND/dist=es2019,mode=imports/optimized/google-protobuf.js:778:11)
    at Object.jspb.asserts.assert (https://cdn.skypack.dev/-/google-protobuf@v3.21.2-YDUqZL2TTSsy2lGtfuND/dist=es2019,mode=imports/optimized/google-protobuf.js:783:23)
    at jspb.BinaryDecoder.readUnsignedVarint32 (https://cdn.skypack.dev/-/google-protobuf@v3.21.2-YDUqZL2TTSsy2lGtfuND/dist=es2019,mode=imports/optimized/google-protobuf.js:4150:18)
    at jspb.BinaryDecoder.readSignedVarint32 (https://cdn.skypack.dev/-/google-protobuf@v3.21.2-YDUqZL2TTSsy2lGtfuND/dist=es2019,mode=imports/optimized/google-protobuf.js:4154:19)
    at jspb.BinaryReader.readInt32 (https://cdn.skypack.dev/-/google-protobuf@v3.21.2-YDUqZL2TTSsy2lGtfuND/dist=es2019,mode=imports/optimized/google-protobuf.js:4533:26)
    at Function.deserialize (file:///Users/thesayyn/Documents/thesayyn/protoc-gen-ts/target/debug/build/protoc_gen_ts-8cec2bec66276c47/out/test_conformance/test_messages_proto3.ts:242:57)
    at file:///Users/thesayyn/Documents/thesayyn/protoc-gen-ts/tests/conformance/bin/main.ts:23:78

  protobuf_test_messages.proto2.TestAllTypesProto2 1
  Error: Assertion failed
    at Object.jspb.asserts.doAssertFailure (https://cdn.skypack.dev/-/google-protobuf@v3.21.2-YDUqZL2TTSsy2lGtfuND/dist=es2019,mode=imports/optimized/google-protobuf.js:778:11)
    at Object.jspb.asserts.assert (https://cdn.skypack.dev/-/google-protobuf@v3.21.2-YDUqZL2TTSsy2lGtfuND/dist=es2019,mode=imports/optimized/google-protobuf.js:783:23)
    at jspb.BinaryDecoder.readUnsignedVarint32 (https://cdn.skypack.dev/-/google-protobuf@v3.21.2-YDUqZL2TTSsy2lGtfuND/dist=es2019,mode=imports/optimized/google-protobuf.js:4150:18)
    at jspb.BinaryDecoder.readSignedVarint32 (https://cdn.skypack.dev/-/google-protobuf@v3.21.2-YDUqZL2TTSsy2lGtfuND/dist=es2019,mode=imports/optimized/google-protobuf.js:4154:19)
    at jspb.BinaryReader.readInt32 (https://cdn.skypack.dev/-/google-protobuf@v3.21.2-YDUqZL2TTSsy2lGtfuND/dist=es2019,mode=imports/optimized/google-protobuf.js:4533:26)
    at Function.deserialize (file:///Users/thesayyn/Documents/thesayyn/protoc-gen-ts/target/debug/build/protoc_gen_ts-8cec2bec66276c47/out/test_conformance/test_messages_proto2.ts:214:52)
    at file:///Users/thesayyn/Documents/thesayyn/protoc-gen-ts/tests/conformance/bin/main.ts:30:78

  protobuf_test_messages.proto3.TestAllTypesProto3 1
  Error: Failure: Decoder hit an error
    at Object.jspb.asserts.fail (https://cdn.skypack.dev/-/google-protobuf@v3.21.2-YDUqZL2TTSsy2lGtfuND/dist=es2019,mode=imports/optimized/google-protobuf.js:801:11)
    at jspb.BinaryReader.nextField (https://cdn.skypack.dev/-/google-protobuf@v3.21.2-YDUqZL2TTSsy2lGtfuND/dist=es2019,mode=imports/optimized/google-protobuf.js:4374:27)
    at Function.deserialize (file:///Users/thesayyn/Documents/thesayyn/protoc-gen-ts/target/debug/build/protoc_gen_ts-8cec2bec66276c47/out/test_conformance/test_messages_proto3.ts:169:18)
    at file:///Users/thesayyn/Documents/thesayyn/protoc-gen-ts/tests/conformance/bin/main.ts:23:78

  protobuf_test_messages.proto2.TestAllTypesProto2 1
  Error: Failure: Decoder hit an error
    at Object.jspb.asserts.fail (https://cdn.skypack.dev/-/google-protobuf@v3.21.2-YDUqZL2TTSsy2lGtfuND/dist=es2019,mode=imports/optimized/google-protobuf.js:801:11)
    at jspb.BinaryReader.nextField (https://cdn.skypack.dev/-/google-protobuf@v3.21.2-YDUqZL2TTSsy2lGtfuND/dist=es2019,mode=imports/optimized/google-protobuf.js:4374:27)
    at Function.deserialize (file:///Users/thesayyn/Documents/thesayyn/protoc-gen-ts/target/debug/build/protoc_gen_ts-8cec2bec66276c47/out/test_conformance/test_messages_proto2.ts:145:18)
    at file:///Users/thesayyn/Documents/thesayyn/protoc-gen-ts/tests/conformance/bin/main.ts:30:78

  protobuf_test_messages.proto3.TestAllTypesProto3 1
  Error: Assertion failed
    at Object.jspb.asserts.doAssertFailure (https://cdn.skypack.dev/-/google-protobuf@v3.21.2-YDUqZL2TTSsy2lGtfuND/dist=es2019,mode=imports/optimized/google-protobuf.js:778:11)
    at Object.jspb.asserts.assert (https://cdn.skypack.dev/-/google-protobuf@v3.21.2-YDUqZL2TTSsy2lGtfuND/dist=es2019,mode=imports/optimized/google-protobuf.js:783:23)
    at jspb.BinaryDecoder.readUnsignedVarint32 (https://cdn.skypack.dev/-/google-protobuf@v3.21.2-YDUqZL2TTSsy2lGtfuND/dist=es2019,mode=imports/optimized/google-protobuf.js:4150:18)
    at jspb.BinaryDecoder.readSignedVarint32 (https://cdn.skypack.dev/-/google-protobuf@v3.21.2-YDUqZL2TTSsy2lGtfuND/dist=es2019,mode=imports/optimized/google-protobuf.js:4154:19)
    at jspb.BinaryReader.readPackedField_ (https://cdn.skypack.dev/-/google-protobuf@v3.21.2-YDUqZL2TTSsy2lGtfuND/dist=es2019,mode=imports/optimized/google-protobuf.js:4676:16)
    at jspb.BinaryReader.readPackedInt32 (https://cdn.skypack.dev/-/google-protobuf@v3.21.2-YDUqZL2TTSsy2lGtfuND/dist=es2019,mode=imports/optimized/google-protobuf.js:4680:17)
    at Function.deserialize (file:///Users/thesayyn/Documents/thesayyn/protoc-gen-ts/target/debug/build/protoc_gen_ts-8cec2bec66276c47/out/test_conformance/test_messages_proto3.ts:241:77)
    at file:///Users/thesayyn/Documents/thesayyn/protoc-gen-ts/tests/conformance/bin/main.ts:23:78

  protobuf_test_messages.proto2.TestAllTypesProto2 1
  Error: Assertion failed
    at Object.jspb.asserts.doAssertFailure (https://cdn.skypack.dev/-/google-protobuf@v3.21.2-YDUqZL2TTSsy2lGtfuND/dist=es2019,mode=imports/optimized/google-protobuf.js:778:11)
    at Object.jspb.asserts.assert (https://cdn.skypack.dev/-/google-protobuf@v3.21.2-YDUqZL2TTSsy2lGtfuND/dist=es2019,mode=imports/optimized/google-protobuf.js:783:23)
    at jspb.BinaryReader.readInt32 (https://cdn.skypack.dev/-/google-protobuf@v3.21.2-YDUqZL2TTSsy2lGtfuND/dist=es2019,mode=imports/optimized/google-protobuf.js:4532:18)
    at Function.deserialize (file:///Users/thesayyn/Documents/thesayyn/protoc-gen-ts/target/debug/build/protoc_gen_ts-8cec2bec66276c47/out/test_conformance/test_messages_proto2.ts:214:52)
    at file:///Users/thesayyn/Documents/thesayyn/protoc-gen-ts/tests/conformance/bin/main.ts:30:78

  protobuf_test_messages.proto3.TestAllTypesProto3 1
  Error: Assertion failed
    at Object.jspb.asserts.doAssertFailure (https://cdn.skypack.dev/-/google-protobuf@v3.21.2-YDUqZL2TTSsy2lGtfuND/dist=es2019,mode=imports/optimized/google-protobuf.js:778:11)
    at Object.jspb.asserts.assert (https://cdn.skypack.dev/-/google-protobuf@v3.21.2-YDUqZL2TTSsy2lGtfuND/dist=es2019,mode=imports/optimized/google-protobuf.js:783:23)
    at jspb.BinaryDecoder.readUnsignedVarint32 (https://cdn.skypack.dev/-/google-protobuf@v3.21.2-YDUqZL2TTSsy2lGtfuND/dist=es2019,mode=imports/optimized/google-protobuf.js:4150:18)
    at jspb.BinaryDecoder.readSignedVarint32 (https://cdn.skypack.dev/-/google-protobuf@v3.21.2-YDUqZL2TTSsy2lGtfuND/dist=es2019,mode=imports/optimized/google-protobuf.js:4154:19)
    at jspb.BinaryReader.readPackedField_ (https://cdn.skypack.dev/-/google-protobuf@v3.21.2-YDUqZL2TTSsy2lGtfuND/dist=es2019,mode=imports/optimized/google-protobuf.js:4676:16)
    at jspb.BinaryReader.readPackedInt32 (https://cdn.skypack.dev/-/google-protobuf@v3.21.2-YDUqZL2TTSsy2lGtfuND/dist=es2019,mode=imports/optimized/google-protobuf.js:4680:17)
    at Function.deserialize (file:///Users/thesayyn/Documents/thesayyn/protoc-gen-ts/target/debug/build/protoc_gen_ts-8cec2bec66276c47/out/test_conformance/test_messages_proto3.ts:241:77)
    at file:///Users/thesayyn/Documents/thesayyn/protoc-gen-ts/tests/conformance/bin/main.ts:23:78

  protobuf_test_messages.proto2.TestAllTypesProto2 1
  Error: Assertion failed
    at Object.jspb.asserts.doAssertFailure (https://cdn.skypack.dev/-/google-protobuf@v3.21.2-YDUqZL2TTSsy2lGtfuND/dist=es2019,mode=imports/optimized/google-protobuf.js:778:11)
    at Object.jspb.asserts.assert (https://cdn.skypack.dev/-/google-protobuf@v3.21.2-YDUqZL2TTSsy2lGtfuND/dist=es2019,mode=imports/optimized/google-protobuf.js:783:23)
    at jspb.BinaryReader.readInt32 (https://cdn.skypack.dev/-/google-protobuf@v3.21.2-YDUqZL2TTSsy2lGtfuND/dist=es2019,mode=imports/optimized/google-protobuf.js:4532:18)
    at Function.deserialize (file:///Users/thesayyn/Documents/thesayyn/protoc-gen-ts/target/debug/build/protoc_gen_ts-8cec2bec66276c47/out/test_conformance/test_messages_proto2.ts:214:52)
    at file:///Users/thesayyn/Documents/thesayyn/protoc-gen-ts/tests/conformance/bin/main.ts:30:78

  protobuf_test_messages.proto3.TestAllTypesProto3 1
  Error: Assertion failed
    at Object.jspb.asserts.doAssertFailure (https://cdn.skypack.dev/-/google-protobuf@v3.21.2-YDUqZL2TTSsy2lGtfuND/dist=es2019,mode=imports/optimized/google-protobuf.js:778:11)
    at Object.jspb.asserts.assert (https://cdn.skypack.dev/-/google-protobuf@v3.21.2-YDUqZL2TTSsy2lGtfuND/dist=es2019,mode=imports/optimized/google-protobuf.js:783:23)
    at jspb.BinaryDecoder.readUint32 (https://cdn.skypack.dev/-/google-protobuf@v3.21.2-YDUqZL2TTSsy2lGtfuND/dist=es2019,mode=imports/optimized/google-protobuf.js:4202:18)
    at jspb.BinaryDecoder.readUint64 (https://cdn.skypack.dev/-/google-protobuf@v3.21.2-YDUqZL2TTSsy2lGtfuND/dist=es2019,mode=imports/optimized/google-protobuf.js:4206:18)
    at jspb.BinaryReader.readFixed64 (https://cdn.skypack.dev/-/google-protobuf@v3.21.2-YDUqZL2TTSsy2lGtfuND/dist=es2019,mode=imports/optimized/google-protobuf.js:4588:26)
    at Function.deserialize (file:///Users/thesayyn/Documents/thesayyn/protoc-gen-ts/target/debug/build/protoc_gen_ts-8cec2bec66276c47/out/test_conformance/test_messages_proto3.ts:193:51)
    at file:///Users/thesayyn/Documents/thesayyn/protoc-gen-ts/tests/conformance/bin/main.ts:23:78

  protobuf_test_messages.proto2.TestAllTypesProto2 1
  Error: Assertion failed
    at Object.jspb.asserts.doAssertFailure (https://cdn.skypack.dev/-/google-protobuf@v3.21.2-YDUqZL2TTSsy2lGtfuND/dist=es2019,mode=imports/optimized/google-protobuf.js:778:11)
    at Object.jspb.asserts.assert (https://cdn.skypack.dev/-/google-protobuf@v3.21.2-YDUqZL2TTSsy2lGtfuND/dist=es2019,mode=imports/optimized/google-protobuf.js:783:23)
    at jspb.BinaryDecoder.readUint32 (https://cdn.skypack.dev/-/google-protobuf@v3.21.2-YDUqZL2TTSsy2lGtfuND/dist=es2019,mode=imports/optimized/google-protobuf.js:4202:18)
    at jspb.BinaryDecoder.readUint64 (https://cdn.skypack.dev/-/google-protobuf@v3.21.2-YDUqZL2TTSsy2lGtfuND/dist=es2019,mode=imports/optimized/google-protobuf.js:4206:18)
    at jspb.BinaryReader.readFixed64 (https://cdn.skypack.dev/-/google-protobuf@v3.21.2-YDUqZL2TTSsy2lGtfuND/dist=es2019,mode=imports/optimized/google-protobuf.js:4588:26)
    at Function.deserialize (file:///Users/thesayyn/Documents/thesayyn/protoc-gen-ts/target/debug/build/protoc_gen_ts-8cec2bec66276c47/out/test_conformance/test_messages_proto2.ts:169:51)
    at file:///Users/thesayyn/Documents/thesayyn/protoc-gen-ts/tests/conformance/bin/main.ts:30:78

  protobuf_test_messages.proto3.TestAllTypesProto3 1
  Error: Assertion failed
    at Object.jspb.asserts.doAssertFailure (https://cdn.skypack.dev/-/google-protobuf@v3.21.2-YDUqZL2TTSsy2lGtfuND/dist=es2019,mode=imports/optimized/google-protobuf.js:778:11)
    at Object.jspb.asserts.assert (https://cdn.skypack.dev/-/google-protobuf@v3.21.2-YDUqZL2TTSsy2lGtfuND/dist=es2019,mode=imports/optimized/google-protobuf.js:783:23)
    at jspb.BinaryDecoder.readUint32 (https://cdn.skypack.dev/-/google-protobuf@v3.21.2-YDUqZL2TTSsy2lGtfuND/dist=es2019,mode=imports/optimized/google-protobuf.js:4202:18)
    at jspb.BinaryDecoder.readUint64 (https://cdn.skypack.dev/-/google-protobuf@v3.21.2-YDUqZL2TTSsy2lGtfuND/dist=es2019,mode=imports/optimized/google-protobuf.js:4206:18)
    at jspb.BinaryReader.readFixed64 (https://cdn.skypack.dev/-/google-protobuf@v3.21.2-YDUqZL2TTSsy2lGtfuND/dist=es2019,mode=imports/optimized/google-protobuf.js:4588:26)
    at Function.deserialize (file:///Users/thesayyn/Documents/thesayyn/protoc-gen-ts/target/debug/build/protoc_gen_ts-8cec2bec66276c47/out/test_conformance/test_messages_proto3.ts:270:59)
    at file:///Users/thesayyn/Documents/thesayyn/protoc-gen-ts/tests/conformance/bin/main.ts:23:78

  protobuf_test_messages.proto2.TestAllTypesProto2 1
  Error: Assertion failed
    at Object.jspb.asserts.doAssertFailure (https://cdn.skypack.dev/-/google-protobuf@v3.21.2-YDUqZL2TTSsy2lGtfuND/dist=es2019,mode=imports/optimized/google-protobuf.js:778:11)
    at Object.jspb.asserts.assert (https://cdn.skypack.dev/-/google-protobuf@v3.21.2-YDUqZL2TTSsy2lGtfuND/dist=es2019,mode=imports/optimized/google-protobuf.js:783:23)
    at jspb.BinaryDecoder.readUint32 (https://cdn.skypack.dev/-/google-protobuf@v3.21.2-YDUqZL2TTSsy2lGtfuND/dist=es2019,mode=imports/optimized/google-protobuf.js:4202:18)
    at jspb.BinaryDecoder.readUint64 (https://cdn.skypack.dev/-/google-protobuf@v3.21.2-YDUqZL2TTSsy2lGtfuND/dist=es2019,mode=imports/optimized/google-protobuf.js:4206:18)
    at jspb.BinaryReader.readFixed64 (https://cdn.skypack.dev/-/google-protobuf@v3.21.2-YDUqZL2TTSsy2lGtfuND/dist=es2019,mode=imports/optimized/google-protobuf.js:4588:26)
    at Function.deserialize (file:///Users/thesayyn/Documents/thesayyn/protoc-gen-ts/target/debug/build/protoc_gen_ts-8cec2bec66276c47/out/test_conformance/test_messages_proto2.ts:235:54)
    at file:///Users/thesayyn/Documents/thesayyn/protoc-gen-ts/tests/conformance/bin/main.ts:30:78

  protobuf_test_messages.proto3.TestAllTypesProto3 1
  Error: Assertion failed
    at Object.jspb.asserts.doAssertFailure (https://cdn.skypack.dev/-/google-protobuf@v3.21.2-YDUqZL2TTSsy2lGtfuND/dist=es2019,mode=imports/optimized/google-protobuf.js:778:11)
    at Object.jspb.asserts.assert (https://cdn.skypack.dev/-/google-protobuf@v3.21.2-YDUqZL2TTSsy2lGtfuND/dist=es2019,mode=imports/optimized/google-protobuf.js:783:23)
    at jspb.BinaryDecoder.advance (https://cdn.skypack.dev/-/google-protobuf@v3.21.2-YDUqZL2TTSsy2lGtfuND/dist=es2019,mode=imports/optimized/google-protobuf.js:4081:18)
    at jspb.BinaryReader.skipFixed64Field (https://cdn.skypack.dev/-/google-protobuf@v3.21.2-YDUqZL2TTSsy2lGtfuND/dist=es2019,mode=imports/optimized/google-protobuf.js:4409:163)
    at jspb.BinaryReader.skipField (https://cdn.skypack.dev/-/google-protobuf@v3.21.2-YDUqZL2TTSsy2lGtfuND/dist=es2019,mode=imports/optimized/google-protobuf.js:4432:14)
    at Function.deserialize (file:///Users/thesayyn/Documents/thesayyn/protoc-gen-ts/target/debug/build/protoc_gen_ts-8cec2bec66276c47/out/test_conformance/test_messages_proto3.ts:958:24)
    at file:///Users/thesayyn/Documents/thesayyn/protoc-gen-ts/tests/conformance/bin/main.ts:23:78

  protobuf_test_messages.proto2.TestAllTypesProto2 1
  Error: Assertion failed
    at Object.jspb.asserts.doAssertFailure (https://cdn.skypack.dev/-/google-protobuf@v3.21.2-YDUqZL2TTSsy2lGtfuND/dist=es2019,mode=imports/optimized/google-protobuf.js:778:11)
    at Object.jspb.asserts.assert (https://cdn.skypack.dev/-/google-protobuf@v3.21.2-YDUqZL2TTSsy2lGtfuND/dist=es2019,mode=imports/optimized/google-protobuf.js:783:23)
    at jspb.BinaryDecoder.advance (https://cdn.skypack.dev/-/google-protobuf@v3.21.2-YDUqZL2TTSsy2lGtfuND/dist=es2019,mode=imports/optimized/google-protobuf.js:4081:18)
    at jspb.BinaryReader.skipFixed64Field (https://cdn.skypack.dev/-/google-protobuf@v3.21.2-YDUqZL2TTSsy2lGtfuND/dist=es2019,mode=imports/optimized/google-protobuf.js:4409:163)
    at jspb.BinaryReader.skipField (https://cdn.skypack.dev/-/google-protobuf@v3.21.2-YDUqZL2TTSsy2lGtfuND/dist=es2019,mode=imports/optimized/google-protobuf.js:4432:14)
    at Function.deserialize (file:///Users/thesayyn/Documents/thesayyn/protoc-gen-ts/target/debug/build/protoc_gen_ts-8cec2bec66276c47/out/test_conformance/test_messages_proto2.ts:865:24)
    at file:///Users/thesayyn/Documents/thesayyn/protoc-gen-ts/tests/conformance/bin/main.ts:30:78

  protobuf_test_messages.proto3.TestAllTypesProto3 1
  Error: Assertion failed
    at Object.jspb.asserts.doAssertFailure (https://cdn.skypack.dev/-/google-protobuf@v3.21.2-YDUqZL2TTSsy2lGtfuND/dist=es2019,mode=imports/optimized/google-protobuf.js:778:11)
    at Object.jspb.asserts.assert (https://cdn.skypack.dev/-/google-protobuf@v3.21.2-YDUqZL2TTSsy2lGtfuND/dist=es2019,mode=imports/optimized/google-protobuf.js:783:23)
    at jspb.BinaryDecoder.readUint32 (https://cdn.skypack.dev/-/google-protobuf@v3.21.2-YDUqZL2TTSsy2lGtfuND/dist=es2019,mode=imports/optimized/google-protobuf.js:4202:18)
    at jspb.BinaryDecoder.readUint64 (https://cdn.skypack.dev/-/google-protobuf@v3.21.2-YDUqZL2TTSsy2lGtfuND/dist=es2019,mode=imports/optimized/google-protobuf.js:4206:41)
    at jspb.BinaryReader.readFixed64 (https://cdn.skypack.dev/-/google-protobuf@v3.21.2-YDUqZL2TTSsy2lGtfuND/dist=es2019,mode=imports/optimized/google-protobuf.js:4588:26)
    at Function.deserialize (file:///Users/thesayyn/Documents/thesayyn/protoc-gen-ts/target/debug/build/protoc_gen_ts-8cec2bec66276c47/out/test_conformance/test_messages_proto3.ts:193:51)
    at file:///Users/thesayyn/Documents/thesayyn/protoc-gen-ts/tests/conformance/bin/main.ts:23:78

  protobuf_test_messages.proto2.TestAllTypesProto2 1
  Error: Assertion failed
    at Object.jspb.asserts.doAssertFailure (https://cdn.skypack.dev/-/google-protobuf@v3.21.2-YDUqZL2TTSsy2lGtfuND/dist=es2019,mode=imports/optimized/google-protobuf.js:778:11)
    at Object.jspb.asserts.assert (https://cdn.skypack.dev/-/google-protobuf@v3.21.2-YDUqZL2TTSsy2lGtfuND/dist=es2019,mode=imports/optimized/google-protobuf.js:783:23)
    at jspb.BinaryDecoder.readUint32 (https://cdn.skypack.dev/-/google-protobuf@v3.21.2-YDUqZL2TTSsy2lGtfuND/dist=es2019,mode=imports/optimized/google-protobuf.js:4202:18)
    at jspb.BinaryDecoder.readUint64 (https://cdn.skypack.dev/-/google-protobuf@v3.21.2-YDUqZL2TTSsy2lGtfuND/dist=es2019,mode=imports/optimized/google-protobuf.js:4206:41)
    at jspb.BinaryReader.readFixed64 (https://cdn.skypack.dev/-/google-protobuf@v3.21.2-YDUqZL2TTSsy2lGtfuND/dist=es2019,mode=imports/optimized/google-protobuf.js:4588:26)
    at Function.deserialize (file:///Users/thesayyn/Documents/thesayyn/protoc-gen-ts/target/debug/build/protoc_gen_ts-8cec2bec66276c47/out/test_conformance/test_messages_proto2.ts:169:51)
    at file:///Users/thesayyn/Documents/thesayyn/protoc-gen-ts/tests/conformance/bin/main.ts:30:78

  protobuf_test_messages.proto3.TestAllTypesProto3 1
  Error: Assertion failed
    at Object.jspb.asserts.doAssertFailure (https://cdn.skypack.dev/-/google-protobuf@v3.21.2-YDUqZL2TTSsy2lGtfuND/dist=es2019,mode=imports/optimized/google-protobuf.js:778:11)
    at Object.jspb.asserts.assert (https://cdn.skypack.dev/-/google-protobuf@v3.21.2-YDUqZL2TTSsy2lGtfuND/dist=es2019,mode=imports/optimized/google-protobuf.js:783:23)
    at jspb.BinaryDecoder.readUint32 (https://cdn.skypack.dev/-/google-protobuf@v3.21.2-YDUqZL2TTSsy2lGtfuND/dist=es2019,mode=imports/optimized/google-protobuf.js:4202:18)
    at jspb.BinaryDecoder.readUint64 (https://cdn.skypack.dev/-/google-protobuf@v3.21.2-YDUqZL2TTSsy2lGtfuND/dist=es2019,mode=imports/optimized/google-protobuf.js:4206:41)
    at jspb.BinaryReader.readFixed64 (https://cdn.skypack.dev/-/google-protobuf@v3.21.2-YDUqZL2TTSsy2lGtfuND/dist=es2019,mode=imports/optimized/google-protobuf.js:4588:26)
    at Function.deserialize (file:///Users/thesayyn/Documents/thesayyn/protoc-gen-ts/target/debug/build/protoc_gen_ts-8cec2bec66276c47/out/test_conformance/test_messages_proto3.ts:270:59)
    at file:///Users/thesayyn/Documents/thesayyn/protoc-gen-ts/tests/conformance/bin/main.ts:23:78

  protobuf_test_messages.proto2.TestAllTypesProto2 1
  Error: Assertion failed
    at Object.jspb.asserts.doAssertFailure (https://cdn.skypack.dev/-/google-protobuf@v3.21.2-YDUqZL2TTSsy2lGtfuND/dist=es2019,mode=imports/optimized/google-protobuf.js:778:11)
    at Object.jspb.asserts.assert (https://cdn.skypack.dev/-/google-protobuf@v3.21.2-YDUqZL2TTSsy2lGtfuND/dist=es2019,mode=imports/optimized/google-protobuf.js:783:23)
    at jspb.BinaryDecoder.readUint32 (https://cdn.skypack.dev/-/google-protobuf@v3.21.2-YDUqZL2TTSsy2lGtfuND/dist=es2019,mode=imports/optimized/google-protobuf.js:4202:18)
    at jspb.BinaryDecoder.readUint64 (https://cdn.skypack.dev/-/google-protobuf@v3.21.2-YDUqZL2TTSsy2lGtfuND/dist=es2019,mode=imports/optimized/google-protobuf.js:4206:41)
    at jspb.BinaryReader.readFixed64 (https://cdn.skypack.dev/-/google-protobuf@v3.21.2-YDUqZL2TTSsy2lGtfuND/dist=es2019,mode=imports/optimized/google-protobuf.js:4588:26)
    at Function.deserialize (file:///Users/thesayyn/Documents/thesayyn/protoc-gen-ts/target/debug/build/protoc_gen_ts-8cec2bec66276c47/out/test_conformance/test_messages_proto2.ts:235:54)
    at file:///Users/thesayyn/Documents/thesayyn/protoc-gen-ts/tests/conformance/bin/main.ts:30:78

  protobuf_test_messages.proto3.TestAllTypesProto3 1
  Error: Assertion failed
    at Object.jspb.asserts.doAssertFailure (https://cdn.skypack.dev/-/google-protobuf@v3.21.2-YDUqZL2TTSsy2lGtfuND/dist=es2019,mode=imports/optimized/google-protobuf.js:778:11)
    at Object.jspb.asserts.assert (https://cdn.skypack.dev/-/google-protobuf@v3.21.2-YDUqZL2TTSsy2lGtfuND/dist=es2019,mode=imports/optimized/google-protobuf.js:783:23)
    at jspb.BinaryDecoder.advance (https://cdn.skypack.dev/-/google-protobuf@v3.21.2-YDUqZL2TTSsy2lGtfuND/dist=es2019,mode=imports/optimized/google-protobuf.js:4081:18)
    at jspb.BinaryReader.skipFixed64Field (https://cdn.skypack.dev/-/google-protobuf@v3.21.2-YDUqZL2TTSsy2lGtfuND/dist=es2019,mode=imports/optimized/google-protobuf.js:4409:163)
    at jspb.BinaryReader.skipField (https://cdn.skypack.dev/-/google-protobuf@v3.21.2-YDUqZL2TTSsy2lGtfuND/dist=es2019,mode=imports/optimized/google-protobuf.js:4432:14)
    at Function.deserialize (file:///Users/thesayyn/Documents/thesayyn/protoc-gen-ts/target/debug/build/protoc_gen_ts-8cec2bec66276c47/out/test_conformance/test_messages_proto3.ts:958:24)
    at file:///Users/thesayyn/Documents/thesayyn/protoc-gen-ts/tests/conformance/bin/main.ts:23:78

  protobuf_test_messages.proto2.TestAllTypesProto2 1
  Error: Assertion failed
    at Object.jspb.asserts.doAssertFailure (https://cdn.skypack.dev/-/google-protobuf@v3.21.2-YDUqZL2TTSsy2lGtfuND/dist=es2019,mode=imports/optimized/google-protobuf.js:778:11)
    at Object.jspb.asserts.assert (https://cdn.skypack.dev/-/google-protobuf@v3.21.2-YDUqZL2TTSsy2lGtfuND/dist=es2019,mode=imports/optimized/google-protobuf.js:783:23)
    at jspb.BinaryDecoder.advance (https://cdn.skypack.dev/-/google-protobuf@v3.21.2-YDUqZL2TTSsy2lGtfuND/dist=es2019,mode=imports/optimized/google-protobuf.js:4081:18)
    at jspb.BinaryReader.skipFixed64Field (https://cdn.skypack.dev/-/google-protobuf@v3.21.2-YDUqZL2TTSsy2lGtfuND/dist=es2019,mode=imports/optimized/google-protobuf.js:4409:163)
    at jspb.BinaryReader.skipField (https://cdn.skypack.dev/-/google-protobuf@v3.21.2-YDUqZL2TTSsy2lGtfuND/dist=es2019,mode=imports/optimized/google-protobuf.js:4432:14)
    at Function.deserialize (file:///Users/thesayyn/Documents/thesayyn/protoc-gen-ts/target/debug/build/protoc_gen_ts-8cec2bec66276c47/out/test_conformance/test_messages_proto2.ts:865:24)
    at file:///Users/thesayyn/Documents/thesayyn/protoc-gen-ts/tests/conformance/bin/main.ts:30:78

  protobuf_test_messages.proto3.TestAllTypesProto3 1
  Error: Assertion failed
    at Object.jspb.asserts.doAssertFailure (https://cdn.skypack.dev/-/google-protobuf@v3.21.2-YDUqZL2TTSsy2lGtfuND/dist=es2019,mode=imports/optimized/google-protobuf.js:778:11)
    at Object.jspb.asserts.assert (https://cdn.skypack.dev/-/google-protobuf@v3.21.2-YDUqZL2TTSsy2lGtfuND/dist=es2019,mode=imports/optimized/google-protobuf.js:783:23)
    at jspb.BinaryDecoder.readUint32 (https://cdn.skypack.dev/-/google-protobuf@v3.21.2-YDUqZL2TTSsy2lGtfuND/dist=es2019,mode=imports/optimized/google-protobuf.js:4202:18)
    at jspb.BinaryDecoder.readUint64 (https://cdn.skypack.dev/-/google-protobuf@v3.21.2-YDUqZL2TTSsy2lGtfuND/dist=es2019,mode=imports/optimized/google-protobuf.js:4206:41)
    at jspb.BinaryReader.readPackedField_ (https://cdn.skypack.dev/-/google-protobuf@v3.21.2-YDUqZL2TTSsy2lGtfuND/dist=es2019,mode=imports/optimized/google-protobuf.js:4676:16)
    at jspb.BinaryReader.readPackedFixed64 (https://cdn.skypack.dev/-/google-protobuf@v3.21.2-YDUqZL2TTSsy2lGtfuND/dist=es2019,mode=imports/optimized/google-protobuf.js:4723:17)
    at Function.deserialize (file:///Users/thesayyn/Documents/thesayyn/protoc-gen-ts/target/debug/build/protoc_gen_ts-8cec2bec66276c47/out/test_conformance/test_messages_proto3.ts:269:79)
    at file:///Users/thesayyn/Documents/thesayyn/protoc-gen-ts/tests/conformance/bin/main.ts:23:78

  protobuf_test_messages.proto2.TestAllTypesProto2 1
  Error: Assertion failed
    at Object.jspb.asserts.doAssertFailure (https://cdn.skypack.dev/-/google-protobuf@v3.21.2-YDUqZL2TTSsy2lGtfuND/dist=es2019,mode=imports/optimized/google-protobuf.js:778:11)
    at Object.jspb.asserts.assert (https://cdn.skypack.dev/-/google-protobuf@v3.21.2-YDUqZL2TTSsy2lGtfuND/dist=es2019,mode=imports/optimized/google-protobuf.js:783:23)
    at jspb.BinaryReader.readFixed64 (https://cdn.skypack.dev/-/google-protobuf@v3.21.2-YDUqZL2TTSsy2lGtfuND/dist=es2019,mode=imports/optimized/google-protobuf.js:4587:18)
    at Function.deserialize (file:///Users/thesayyn/Documents/thesayyn/protoc-gen-ts/target/debug/build/protoc_gen_ts-8cec2bec66276c47/out/test_conformance/test_messages_proto2.ts:235:54)
    at file:///Users/thesayyn/Documents/thesayyn/protoc-gen-ts/tests/conformance/bin/main.ts:30:78

  protobuf_test_messages.proto3.TestAllTypesProto3 1
  Error: Assertion failed
    at Object.jspb.asserts.doAssertFailure (https://cdn.skypack.dev/-/google-protobuf@v3.21.2-YDUqZL2TTSsy2lGtfuND/dist=es2019,mode=imports/optimized/google-protobuf.js:778:11)
    at Object.jspb.asserts.assert (https://cdn.skypack.dev/-/google-protobuf@v3.21.2-YDUqZL2TTSsy2lGtfuND/dist=es2019,mode=imports/optimized/google-protobuf.js:783:23)
    at jspb.BinaryDecoder.readUint32 (https://cdn.skypack.dev/-/google-protobuf@v3.21.2-YDUqZL2TTSsy2lGtfuND/dist=es2019,mode=imports/optimized/google-protobuf.js:4202:18)
    at jspb.BinaryDecoder.readUint64 (https://cdn.skypack.dev/-/google-protobuf@v3.21.2-YDUqZL2TTSsy2lGtfuND/dist=es2019,mode=imports/optimized/google-protobuf.js:4206:18)
    at jspb.BinaryReader.readPackedField_ (https://cdn.skypack.dev/-/google-protobuf@v3.21.2-YDUqZL2TTSsy2lGtfuND/dist=es2019,mode=imports/optimized/google-protobuf.js:4676:16)
    at jspb.BinaryReader.readPackedFixed64 (https://cdn.skypack.dev/-/google-protobuf@v3.21.2-YDUqZL2TTSsy2lGtfuND/dist=es2019,mode=imports/optimized/google-protobuf.js:4723:17)
    at Function.deserialize (file:///Users/thesayyn/Documents/thesayyn/protoc-gen-ts/target/debug/build/protoc_gen_ts-8cec2bec66276c47/out/test_conformance/test_messages_proto3.ts:269:79)
    at file:///Users/thesayyn/Documents/thesayyn/protoc-gen-ts/tests/conformance/bin/main.ts:23:78

  protobuf_test_messages.proto2.TestAllTypesProto2 1
  Error: Assertion failed
    at Object.jspb.asserts.doAssertFailure (https://cdn.skypack.dev/-/google-protobuf@v3.21.2-YDUqZL2TTSsy2lGtfuND/dist=es2019,mode=imports/optimized/google-protobuf.js:778:11)
    at Object.jspb.asserts.assert (https://cdn.skypack.dev/-/google-protobuf@v3.21.2-YDUqZL2TTSsy2lGtfuND/dist=es2019,mode=imports/optimized/google-protobuf.js:783:23)
    at jspb.BinaryReader.readFixed64 (https://cdn.skypack.dev/-/google-protobuf@v3.21.2-YDUqZL2TTSsy2lGtfuND/dist=es2019,mode=imports/optimized/google-protobuf.js:4587:18)
    at Function.deserialize (file:///Users/thesayyn/Documents/thesayyn/protoc-gen-ts/target/debug/build/protoc_gen_ts-8cec2bec66276c47/out/test_conformance/test_messages_proto2.ts:235:54)
    at file:///Users/thesayyn/Documents/thesayyn/protoc-gen-ts/tests/conformance/bin/main.ts:30:78

  protobuf_test_messages.proto3.TestAllTypesProto3 1
  Error: Assertion failed
    at Object.jspb.asserts.doAssertFailure (https://cdn.skypack.dev/-/google-protobuf@v3.21.2-YDUqZL2TTSsy2lGtfuND/dist=es2019,mode=imports/optimized/google-protobuf.js:778:11)
    at Object.jspb.asserts.assert (https://cdn.skypack.dev/-/google-protobuf@v3.21.2-YDUqZL2TTSsy2lGtfuND/dist=es2019,mode=imports/optimized/google-protobuf.js:783:23)
    at jspb.BinaryDecoder.readUint32 (https://cdn.skypack.dev/-/google-protobuf@v3.21.2-YDUqZL2TTSsy2lGtfuND/dist=es2019,mode=imports/optimized/google-protobuf.js:4202:18)
    at jspb.BinaryReader.readFixed32 (https://cdn.skypack.dev/-/google-protobuf@v3.21.2-YDUqZL2TTSsy2lGtfuND/dist=es2019,mode=imports/optimized/google-protobuf.js:4583:26)
    at Function.deserialize (file:///Users/thesayyn/Documents/thesayyn/protoc-gen-ts/target/debug/build/protoc_gen_ts-8cec2bec66276c47/out/test_conformance/test_messages_proto3.ts:190:51)
    at file:///Users/thesayyn/Documents/thesayyn/protoc-gen-ts/tests/conformance/bin/main.ts:23:78

  protobuf_test_messages.proto2.TestAllTypesProto2 1
  Error: Assertion failed
    at Object.jspb.asserts.doAssertFailure (https://cdn.skypack.dev/-/google-protobuf@v3.21.2-YDUqZL2TTSsy2lGtfuND/dist=es2019,mode=imports/optimized/google-protobuf.js:778:11)
    at Object.jspb.asserts.assert (https://cdn.skypack.dev/-/google-protobuf@v3.21.2-YDUqZL2TTSsy2lGtfuND/dist=es2019,mode=imports/optimized/google-protobuf.js:783:23)
    at jspb.BinaryDecoder.readUint32 (https://cdn.skypack.dev/-/google-protobuf@v3.21.2-YDUqZL2TTSsy2lGtfuND/dist=es2019,mode=imports/optimized/google-protobuf.js:4202:18)
    at jspb.BinaryReader.readFixed32 (https://cdn.skypack.dev/-/google-protobuf@v3.21.2-YDUqZL2TTSsy2lGtfuND/dist=es2019,mode=imports/optimized/google-protobuf.js:4583:26)
    at Function.deserialize (file:///Users/thesayyn/Documents/thesayyn/protoc-gen-ts/target/debug/build/protoc_gen_ts-8cec2bec66276c47/out/test_conformance/test_messages_proto2.ts:166:51)
    at file:///Users/thesayyn/Documents/thesayyn/protoc-gen-ts/tests/conformance/bin/main.ts:30:78

  protobuf_test_messages.proto3.TestAllTypesProto3 1
  Error: Assertion failed
    at Object.jspb.asserts.doAssertFailure (https://cdn.skypack.dev/-/google-protobuf@v3.21.2-YDUqZL2TTSsy2lGtfuND/dist=es2019,mode=imports/optimized/google-protobuf.js:778:11)
    at Object.jspb.asserts.assert (https://cdn.skypack.dev/-/google-protobuf@v3.21.2-YDUqZL2TTSsy2lGtfuND/dist=es2019,mode=imports/optimized/google-protobuf.js:783:23)
    at jspb.BinaryDecoder.readUint32 (https://cdn.skypack.dev/-/google-protobuf@v3.21.2-YDUqZL2TTSsy2lGtfuND/dist=es2019,mode=imports/optimized/google-protobuf.js:4202:18)
    at jspb.BinaryReader.readFixed32 (https://cdn.skypack.dev/-/google-protobuf@v3.21.2-YDUqZL2TTSsy2lGtfuND/dist=es2019,mode=imports/optimized/google-protobuf.js:4583:26)
    at Function.deserialize (file:///Users/thesayyn/Documents/thesayyn/protoc-gen-ts/target/debug/build/protoc_gen_ts-8cec2bec66276c47/out/test_conformance/test_messages_proto3.ts:266:59)
    at file:///Users/thesayyn/Documents/thesayyn/protoc-gen-ts/tests/conformance/bin/main.ts:23:78

  protobuf_test_messages.proto2.TestAllTypesProto2 1
  Error: Assertion failed
    at Object.jspb.asserts.doAssertFailure (https://cdn.skypack.dev/-/google-protobuf@v3.21.2-YDUqZL2TTSsy2lGtfuND/dist=es2019,mode=imports/optimized/google-protobuf.js:778:11)
    at Object.jspb.asserts.assert (https://cdn.skypack.dev/-/google-protobuf@v3.21.2-YDUqZL2TTSsy2lGtfuND/dist=es2019,mode=imports/optimized/google-protobuf.js:783:23)
    at jspb.BinaryDecoder.readUint32 (https://cdn.skypack.dev/-/google-protobuf@v3.21.2-YDUqZL2TTSsy2lGtfuND/dist=es2019,mode=imports/optimized/google-protobuf.js:4202:18)
    at jspb.BinaryReader.readFixed32 (https://cdn.skypack.dev/-/google-protobuf@v3.21.2-YDUqZL2TTSsy2lGtfuND/dist=es2019,mode=imports/optimized/google-protobuf.js:4583:26)
    at Function.deserialize (file:///Users/thesayyn/Documents/thesayyn/protoc-gen-ts/target/debug/build/protoc_gen_ts-8cec2bec66276c47/out/test_conformance/test_messages_proto2.ts:232:54)
    at file:///Users/thesayyn/Documents/thesayyn/protoc-gen-ts/tests/conformance/bin/main.ts:30:78

  protobuf_test_messages.proto3.TestAllTypesProto3 1
  Error: Assertion failed
    at Object.jspb.asserts.doAssertFailure (https://cdn.skypack.dev/-/google-protobuf@v3.21.2-YDUqZL2TTSsy2lGtfuND/dist=es2019,mode=imports/optimized/google-protobuf.js:778:11)
    at Object.jspb.asserts.assert (https://cdn.skypack.dev/-/google-protobuf@v3.21.2-YDUqZL2TTSsy2lGtfuND/dist=es2019,mode=imports/optimized/google-protobuf.js:783:23)
    at jspb.BinaryDecoder.advance (https://cdn.skypack.dev/-/google-protobuf@v3.21.2-YDUqZL2TTSsy2lGtfuND/dist=es2019,mode=imports/optimized/google-protobuf.js:4081:18)
    at jspb.BinaryReader.skipFixed32Field (https://cdn.skypack.dev/-/google-protobuf@v3.21.2-YDUqZL2TTSsy2lGtfuND/dist=es2019,mode=imports/optimized/google-protobuf.js:4406:163)
    at jspb.BinaryReader.skipField (https://cdn.skypack.dev/-/google-protobuf@v3.21.2-YDUqZL2TTSsy2lGtfuND/dist=es2019,mode=imports/optimized/google-protobuf.js:4438:14)
    at Function.deserialize (file:///Users/thesayyn/Documents/thesayyn/protoc-gen-ts/target/debug/build/protoc_gen_ts-8cec2bec66276c47/out/test_conformance/test_messages_proto3.ts:958:24)
    at file:///Users/thesayyn/Documents/thesayyn/protoc-gen-ts/tests/conformance/bin/main.ts:23:78

  protobuf_test_messages.proto2.TestAllTypesProto2 1
  Error: Assertion failed
    at Object.jspb.asserts.doAssertFailure (https://cdn.skypack.dev/-/google-protobuf@v3.21.2-YDUqZL2TTSsy2lGtfuND/dist=es2019,mode=imports/optimized/google-protobuf.js:778:11)
    at Object.jspb.asserts.assert (https://cdn.skypack.dev/-/google-protobuf@v3.21.2-YDUqZL2TTSsy2lGtfuND/dist=es2019,mode=imports/optimized/google-protobuf.js:783:23)
    at jspb.BinaryDecoder.advance (https://cdn.skypack.dev/-/google-protobuf@v3.21.2-YDUqZL2TTSsy2lGtfuND/dist=es2019,mode=imports/optimized/google-protobuf.js:4081:18)
    at jspb.BinaryReader.skipFixed32Field (https://cdn.skypack.dev/-/google-protobuf@v3.21.2-YDUqZL2TTSsy2lGtfuND/dist=es2019,mode=imports/optimized/google-protobuf.js:4406:163)
    at jspb.BinaryReader.skipField (https://cdn.skypack.dev/-/google-protobuf@v3.21.2-YDUqZL2TTSsy2lGtfuND/dist=es2019,mode=imports/optimized/google-protobuf.js:4438:14)
    at Function.deserialize (file:///Users/thesayyn/Documents/thesayyn/protoc-gen-ts/target/debug/build/protoc_gen_ts-8cec2bec66276c47/out/test_conformance/test_messages_proto2.ts:865:24)
    at file:///Users/thesayyn/Documents/thesayyn/protoc-gen-ts/tests/conformance/bin/main.ts:30:78

  protobuf_test_messages.proto3.TestAllTypesProto3 1
  Error: Assertion failed
    at Object.jspb.asserts.doAssertFailure (https://cdn.skypack.dev/-/google-protobuf@v3.21.2-YDUqZL2TTSsy2lGtfuND/dist=es2019,mode=imports/optimized/google-protobuf.js:778:11)
    at Object.jspb.asserts.assert (https://cdn.skypack.dev/-/google-protobuf@v3.21.2-YDUqZL2TTSsy2lGtfuND/dist=es2019,mode=imports/optimized/google-protobuf.js:783:23)
    at jspb.BinaryDecoder.readUint32 (https://cdn.skypack.dev/-/google-protobuf@v3.21.2-YDUqZL2TTSsy2lGtfuND/dist=es2019,mode=imports/optimized/google-protobuf.js:4202:18)
    at jspb.BinaryReader.readFixed32 (https://cdn.skypack.dev/-/google-protobuf@v3.21.2-YDUqZL2TTSsy2lGtfuND/dist=es2019,mode=imports/optimized/google-protobuf.js:4583:26)
    at Function.deserialize (file:///Users/thesayyn/Documents/thesayyn/protoc-gen-ts/target/debug/build/protoc_gen_ts-8cec2bec66276c47/out/test_conformance/test_messages_proto3.ts:190:51)
    at file:///Users/thesayyn/Documents/thesayyn/protoc-gen-ts/tests/conformance/bin/main.ts:23:78

  protobuf_test_messages.proto2.TestAllTypesProto2 1
  Error: Assertion failed
    at Object.jspb.asserts.doAssertFailure (https://cdn.skypack.dev/-/google-protobuf@v3.21.2-YDUqZL2TTSsy2lGtfuND/dist=es2019,mode=imports/optimized/google-protobuf.js:778:11)
    at Object.jspb.asserts.assert (https://cdn.skypack.dev/-/google-protobuf@v3.21.2-YDUqZL2TTSsy2lGtfuND/dist=es2019,mode=imports/optimized/google-protobuf.js:783:23)
    at jspb.BinaryDecoder.readUint32 (https://cdn.skypack.dev/-/google-protobuf@v3.21.2-YDUqZL2TTSsy2lGtfuND/dist=es2019,mode=imports/optimized/google-protobuf.js:4202:18)
    at jspb.BinaryReader.readFixed32 (https://cdn.skypack.dev/-/google-protobuf@v3.21.2-YDUqZL2TTSsy2lGtfuND/dist=es2019,mode=imports/optimized/google-protobuf.js:4583:26)
    at Function.deserialize (file:///Users/thesayyn/Documents/thesayyn/protoc-gen-ts/target/debug/build/protoc_gen_ts-8cec2bec66276c47/out/test_conformance/test_messages_proto2.ts:166:51)
    at file:///Users/thesayyn/Documents/thesayyn/protoc-gen-ts/tests/conformance/bin/main.ts:30:78

  protobuf_test_messages.proto3.TestAllTypesProto3 1
  Error: Assertion failed
    at Object.jspb.asserts.doAssertFailure (https://cdn.skypack.dev/-/google-protobuf@v3.21.2-YDUqZL2TTSsy2lGtfuND/dist=es2019,mode=imports/optimized/google-protobuf.js:778:11)
    at Object.jspb.asserts.assert (https://cdn.skypack.dev/-/google-protobuf@v3.21.2-YDUqZL2TTSsy2lGtfuND/dist=es2019,mode=imports/optimized/google-protobuf.js:783:23)
    at jspb.BinaryDecoder.readUint32 (https://cdn.skypack.dev/-/google-protobuf@v3.21.2-YDUqZL2TTSsy2lGtfuND/dist=es2019,mode=imports/optimized/google-protobuf.js:4202:18)
    at jspb.BinaryReader.readFixed32 (https://cdn.skypack.dev/-/google-protobuf@v3.21.2-YDUqZL2TTSsy2lGtfuND/dist=es2019,mode=imports/optimized/google-protobuf.js:4583:26)
    at Function.deserialize (file:///Users/thesayyn/Documents/thesayyn/protoc-gen-ts/target/debug/build/protoc_gen_ts-8cec2bec66276c47/out/test_conformance/test_messages_proto3.ts:266:59)
    at file:///Users/thesayyn/Documents/thesayyn/protoc-gen-ts/tests/conformance/bin/main.ts:23:78

  protobuf_test_messages.proto2.TestAllTypesProto2 1
  Error: Assertion failed
    at Object.jspb.asserts.doAssertFailure (https://cdn.skypack.dev/-/google-protobuf@v3.21.2-YDUqZL2TTSsy2lGtfuND/dist=es2019,mode=imports/optimized/google-protobuf.js:778:11)
    at Object.jspb.asserts.assert (https://cdn.skypack.dev/-/google-protobuf@v3.21.2-YDUqZL2TTSsy2lGtfuND/dist=es2019,mode=imports/optimized/google-protobuf.js:783:23)
    at jspb.BinaryDecoder.readUint32 (https://cdn.skypack.dev/-/google-protobuf@v3.21.2-YDUqZL2TTSsy2lGtfuND/dist=es2019,mode=imports/optimized/google-protobuf.js:4202:18)
    at jspb.BinaryReader.readFixed32 (https://cdn.skypack.dev/-/google-protobuf@v3.21.2-YDUqZL2TTSsy2lGtfuND/dist=es2019,mode=imports/optimized/google-protobuf.js:4583:26)
    at Function.deserialize (file:///Users/thesayyn/Documents/thesayyn/protoc-gen-ts/target/debug/build/protoc_gen_ts-8cec2bec66276c47/out/test_conformance/test_messages_proto2.ts:232:54)
    at file:///Users/thesayyn/Documents/thesayyn/protoc-gen-ts/tests/conformance/bin/main.ts:30:78

  protobuf_test_messages.proto3.TestAllTypesProto3 1
  Error: Assertion failed
    at Object.jspb.asserts.doAssertFailure (https://cdn.skypack.dev/-/google-protobuf@v3.21.2-YDUqZL2TTSsy2lGtfuND/dist=es2019,mode=imports/optimized/google-protobuf.js:778:11)
    at Object.jspb.asserts.assert (https://cdn.skypack.dev/-/google-protobuf@v3.21.2-YDUqZL2TTSsy2lGtfuND/dist=es2019,mode=imports/optimized/google-protobuf.js:783:23)
    at jspb.BinaryDecoder.advance (https://cdn.skypack.dev/-/google-protobuf@v3.21.2-YDUqZL2TTSsy2lGtfuND/dist=es2019,mode=imports/optimized/google-protobuf.js:4081:18)
    at jspb.BinaryReader.skipFixed32Field (https://cdn.skypack.dev/-/google-protobuf@v3.21.2-YDUqZL2TTSsy2lGtfuND/dist=es2019,mode=imports/optimized/google-protobuf.js:4406:163)
    at jspb.BinaryReader.skipField (https://cdn.skypack.dev/-/google-protobuf@v3.21.2-YDUqZL2TTSsy2lGtfuND/dist=es2019,mode=imports/optimized/google-protobuf.js:4438:14)
    at Function.deserialize (file:///Users/thesayyn/Documents/thesayyn/protoc-gen-ts/target/debug/build/protoc_gen_ts-8cec2bec66276c47/out/test_conformance/test_messages_proto3.ts:958:24)
    at file:///Users/thesayyn/Documents/thesayyn/protoc-gen-ts/tests/conformance/bin/main.ts:23:78

  protobuf_test_messages.proto2.TestAllTypesProto2 1
  Error: Assertion failed
    at Object.jspb.asserts.doAssertFailure (https://cdn.skypack.dev/-/google-protobuf@v3.21.2-YDUqZL2TTSsy2lGtfuND/dist=es2019,mode=imports/optimized/google-protobuf.js:778:11)
    at Object.jspb.asserts.assert (https://cdn.skypack.dev/-/google-protobuf@v3.21.2-YDUqZL2TTSsy2lGtfuND/dist=es2019,mode=imports/optimized/google-protobuf.js:783:23)
    at jspb.BinaryDecoder.advance (https://cdn.skypack.dev/-/google-protobuf@v3.21.2-YDUqZL2TTSsy2lGtfuND/dist=es2019,mode=imports/optimized/google-protobuf.js:4081:18)
    at jspb.BinaryReader.skipFixed32Field (https://cdn.skypack.dev/-/google-protobuf@v3.21.2-YDUqZL2TTSsy2lGtfuND/dist=es2019,mode=imports/optimized/google-protobuf.js:4406:163)
    at jspb.BinaryReader.skipField (https://cdn.skypack.dev/-/google-protobuf@v3.21.2-YDUqZL2TTSsy2lGtfuND/dist=es2019,mode=imports/optimized/google-protobuf.js:4438:14)
    at Function.deserialize (file:///Users/thesayyn/Documents/thesayyn/protoc-gen-ts/target/debug/build/protoc_gen_ts-8cec2bec66276c47/out/test_conformance/test_messages_proto2.ts:865:24)
    at file:///Users/thesayyn/Documents/thesayyn/protoc-gen-ts/tests/conformance/bin/main.ts:30:78

  protobuf_test_messages.proto3.TestAllTypesProto3 1
  Error: Assertion failed
    at Object.jspb.asserts.doAssertFailure (https://cdn.skypack.dev/-/google-protobuf@v3.21.2-YDUqZL2TTSsy2lGtfuND/dist=es2019,mode=imports/optimized/google-protobuf.js:778:11)
    at Object.jspb.asserts.assert (https://cdn.skypack.dev/-/google-protobuf@v3.21.2-YDUqZL2TTSsy2lGtfuND/dist=es2019,mode=imports/optimized/google-protobuf.js:783:23)
    at jspb.BinaryDecoder.readUint32 (https://cdn.skypack.dev/-/google-protobuf@v3.21.2-YDUqZL2TTSsy2lGtfuND/dist=es2019,mode=imports/optimized/google-protobuf.js:4202:18)
    at jspb.BinaryReader.readPackedField_ (https://cdn.skypack.dev/-/google-protobuf@v3.21.2-YDUqZL2TTSsy2lGtfuND/dist=es2019,mode=imports/optimized/google-protobuf.js:4676:16)
    at jspb.BinaryReader.readPackedFixed32 (https://cdn.skypack.dev/-/google-protobuf@v3.21.2-YDUqZL2TTSsy2lGtfuND/dist=es2019,mode=imports/optimized/google-protobuf.js:4719:17)
    at Function.deserialize (file:///Users/thesayyn/Documents/thesayyn/protoc-gen-ts/target/debug/build/protoc_gen_ts-8cec2bec66276c47/out/test_conformance/test_messages_proto3.ts:265:79)
    at file:///Users/thesayyn/Documents/thesayyn/protoc-gen-ts/tests/conformance/bin/main.ts:23:78

  protobuf_test_messages.proto2.TestAllTypesProto2 1
  Error: Assertion failed
    at Object.jspb.asserts.doAssertFailure (https://cdn.skypack.dev/-/google-protobuf@v3.21.2-YDUqZL2TTSsy2lGtfuND/dist=es2019,mode=imports/optimized/google-protobuf.js:778:11)
    at Object.jspb.asserts.assert (https://cdn.skypack.dev/-/google-protobuf@v3.21.2-YDUqZL2TTSsy2lGtfuND/dist=es2019,mode=imports/optimized/google-protobuf.js:783:23)
    at jspb.BinaryReader.readFixed32 (https://cdn.skypack.dev/-/google-protobuf@v3.21.2-YDUqZL2TTSsy2lGtfuND/dist=es2019,mode=imports/optimized/google-protobuf.js:4582:18)
    at Function.deserialize (file:///Users/thesayyn/Documents/thesayyn/protoc-gen-ts/target/debug/build/protoc_gen_ts-8cec2bec66276c47/out/test_conformance/test_messages_proto2.ts:232:54)
    at file:///Users/thesayyn/Documents/thesayyn/protoc-gen-ts/tests/conformance/bin/main.ts:30:78

  protobuf_test_messages.proto3.TestAllTypesProto3 1
  Error: Assertion failed
    at Object.jspb.asserts.doAssertFailure (https://cdn.skypack.dev/-/google-protobuf@v3.21.2-YDUqZL2TTSsy2lGtfuND/dist=es2019,mode=imports/optimized/google-protobuf.js:778:11)
    at Object.jspb.asserts.assert (https://cdn.skypack.dev/-/google-protobuf@v3.21.2-YDUqZL2TTSsy2lGtfuND/dist=es2019,mode=imports/optimized/google-protobuf.js:783:23)
    at jspb.BinaryDecoder.readUint32 (https://cdn.skypack.dev/-/google-protobuf@v3.21.2-YDUqZL2TTSsy2lGtfuND/dist=es2019,mode=imports/optimized/google-protobuf.js:4202:18)
    at jspb.BinaryReader.readPackedField_ (https://cdn.skypack.dev/-/google-protobuf@v3.21.2-YDUqZL2TTSsy2lGtfuND/dist=es2019,mode=imports/optimized/google-protobuf.js:4676:16)
    at jspb.BinaryReader.readPackedFixed32 (https://cdn.skypack.dev/-/google-protobuf@v3.21.2-YDUqZL2TTSsy2lGtfuND/dist=es2019,mode=imports/optimized/google-protobuf.js:4719:17)
    at Function.deserialize (file:///Users/thesayyn/Documents/thesayyn/protoc-gen-ts/target/debug/build/protoc_gen_ts-8cec2bec66276c47/out/test_conformance/test_messages_proto3.ts:265:79)
    at file:///Users/thesayyn/Documents/thesayyn/protoc-gen-ts/tests/conformance/bin/main.ts:23:78

  protobuf_test_messages.proto2.TestAllTypesProto2 1
  Error: Assertion failed
    at Object.jspb.asserts.doAssertFailure (https://cdn.skypack.dev/-/google-protobuf@v3.21.2-YDUqZL2TTSsy2lGtfuND/dist=es2019,mode=imports/optimized/google-protobuf.js:778:11)
    at Object.jspb.asserts.assert (https://cdn.skypack.dev/-/google-protobuf@v3.21.2-YDUqZL2TTSsy2lGtfuND/dist=es2019,mode=imports/optimized/google-protobuf.js:783:23)
    at jspb.BinaryReader.readFixed32 (https://cdn.skypack.dev/-/google-protobuf@v3.21.2-YDUqZL2TTSsy2lGtfuND/dist=es2019,mode=imports/optimized/google-protobuf.js:4582:18)
    at Function.deserialize (file:///Users/thesayyn/Documents/thesayyn/protoc-gen-ts/target/debug/build/protoc_gen_ts-8cec2bec66276c47/out/test_conformance/test_messages_proto2.ts:232:54)
    at file:///Users/thesayyn/Documents/thesayyn/protoc-gen-ts/tests/conformance/bin/main.ts:30:78

  protobuf_test_messages.proto3.TestAllTypesProto3 1
  Error: Assertion failed
    at Object.jspb.asserts.doAssertFailure (https://cdn.skypack.dev/-/google-protobuf@v3.21.2-YDUqZL2TTSsy2lGtfuND/dist=es2019,mode=imports/optimized/google-protobuf.js:778:11)
    at Object.jspb.asserts.assert (https://cdn.skypack.dev/-/google-protobuf@v3.21.2-YDUqZL2TTSsy2lGtfuND/dist=es2019,mode=imports/optimized/google-protobuf.js:783:23)
    at jspb.BinaryDecoder.readUnsignedVarint32 (https://cdn.skypack.dev/-/google-protobuf@v3.21.2-YDUqZL2TTSsy2lGtfuND/dist=es2019,mode=imports/optimized/google-protobuf.js:4150:18)
    at jspb.BinaryReader.readBool (https://cdn.skypack.dev/-/google-protobuf@v3.21.2-YDUqZL2TTSsy2lGtfuND/dist=es2019,mode=imports/optimized/google-protobuf.js:4625:28)
    at Function.deserialize (file:///Users/thesayyn/Documents/thesayyn/protoc-gen-ts/target/debug/build/protoc_gen_ts-8cec2bec66276c47/out/test_conformance/test_messages_proto3.ts:208:48)
    at file:///Users/thesayyn/Documents/thesayyn/protoc-gen-ts/tests/conformance/bin/main.ts:23:78

  protobuf_test_messages.proto2.TestAllTypesProto2 1
  Error: Assertion failed
    at Object.jspb.asserts.doAssertFailure (https://cdn.skypack.dev/-/google-protobuf@v3.21.2-YDUqZL2TTSsy2lGtfuND/dist=es2019,mode=imports/optimized/google-protobuf.js:778:11)
    at Object.jspb.asserts.assert (https://cdn.skypack.dev/-/google-protobuf@v3.21.2-YDUqZL2TTSsy2lGtfuND/dist=es2019,mode=imports/optimized/google-protobuf.js:783:23)
    at jspb.BinaryDecoder.readUnsignedVarint32 (https://cdn.skypack.dev/-/google-protobuf@v3.21.2-YDUqZL2TTSsy2lGtfuND/dist=es2019,mode=imports/optimized/google-protobuf.js:4150:18)
    at jspb.BinaryReader.readBool (https://cdn.skypack.dev/-/google-protobuf@v3.21.2-YDUqZL2TTSsy2lGtfuND/dist=es2019,mode=imports/optimized/google-protobuf.js:4625:28)
    at Function.deserialize (file:///Users/thesayyn/Documents/thesayyn/protoc-gen-ts/target/debug/build/protoc_gen_ts-8cec2bec66276c47/out/test_conformance/test_messages_proto2.ts:184:48)
    at file:///Users/thesayyn/Documents/thesayyn/protoc-gen-ts/tests/conformance/bin/main.ts:30:78

  protobuf_test_messages.proto3.TestAllTypesProto3 1
  Error: Assertion failed
    at Object.jspb.asserts.doAssertFailure (https://cdn.skypack.dev/-/google-protobuf@v3.21.2-YDUqZL2TTSsy2lGtfuND/dist=es2019,mode=imports/optimized/google-protobuf.js:778:11)
    at Object.jspb.asserts.assert (https://cdn.skypack.dev/-/google-protobuf@v3.21.2-YDUqZL2TTSsy2lGtfuND/dist=es2019,mode=imports/optimized/google-protobuf.js:783:23)
    at jspb.BinaryDecoder.readUnsignedVarint32 (https://cdn.skypack.dev/-/google-protobuf@v3.21.2-YDUqZL2TTSsy2lGtfuND/dist=es2019,mode=imports/optimized/google-protobuf.js:4150:18)
    at jspb.BinaryReader.readBool (https://cdn.skypack.dev/-/google-protobuf@v3.21.2-YDUqZL2TTSsy2lGtfuND/dist=es2019,mode=imports/optimized/google-protobuf.js:4625:28)
    at Function.deserialize (file:///Users/thesayyn/Documents/thesayyn/protoc-gen-ts/target/debug/build/protoc_gen_ts-8cec2bec66276c47/out/test_conformance/test_messages_proto3.ts:290:56)
    at file:///Users/thesayyn/Documents/thesayyn/protoc-gen-ts/tests/conformance/bin/main.ts:23:78

  protobuf_test_messages.proto2.TestAllTypesProto2 1
  Error: Assertion failed
    at Object.jspb.asserts.doAssertFailure (https://cdn.skypack.dev/-/google-protobuf@v3.21.2-YDUqZL2TTSsy2lGtfuND/dist=es2019,mode=imports/optimized/google-protobuf.js:778:11)
    at Object.jspb.asserts.assert (https://cdn.skypack.dev/-/google-protobuf@v3.21.2-YDUqZL2TTSsy2lGtfuND/dist=es2019,mode=imports/optimized/google-protobuf.js:783:23)
    at jspb.BinaryDecoder.readUnsignedVarint32 (https://cdn.skypack.dev/-/google-protobuf@v3.21.2-YDUqZL2TTSsy2lGtfuND/dist=es2019,mode=imports/optimized/google-protobuf.js:4150:18)
    at jspb.BinaryReader.readBool (https://cdn.skypack.dev/-/google-protobuf@v3.21.2-YDUqZL2TTSsy2lGtfuND/dist=es2019,mode=imports/optimized/google-protobuf.js:4625:28)
    at Function.deserialize (file:///Users/thesayyn/Documents/thesayyn/protoc-gen-ts/target/debug/build/protoc_gen_ts-8cec2bec66276c47/out/test_conformance/test_messages_proto2.ts:250:51)
    at file:///Users/thesayyn/Documents/thesayyn/protoc-gen-ts/tests/conformance/bin/main.ts:30:78

  protobuf_test_messages.proto3.TestAllTypesProto3 1
  Error: Failure: Decoder hit an error
    at Object.jspb.asserts.fail (https://cdn.skypack.dev/-/google-protobuf@v3.21.2-YDUqZL2TTSsy2lGtfuND/dist=es2019,mode=imports/optimized/google-protobuf.js:801:11)
    at jspb.BinaryReader.nextField (https://cdn.skypack.dev/-/google-protobuf@v3.21.2-YDUqZL2TTSsy2lGtfuND/dist=es2019,mode=imports/optimized/google-protobuf.js:4374:27)
    at Function.deserialize (file:///Users/thesayyn/Documents/thesayyn/protoc-gen-ts/target/debug/build/protoc_gen_ts-8cec2bec66276c47/out/test_conformance/test_messages_proto3.ts:169:18)
    at file:///Users/thesayyn/Documents/thesayyn/protoc-gen-ts/tests/conformance/bin/main.ts:23:78

  protobuf_test_messages.proto2.TestAllTypesProto2 1
  Error: Failure: Decoder hit an error
    at Object.jspb.asserts.fail (https://cdn.skypack.dev/-/google-protobuf@v3.21.2-YDUqZL2TTSsy2lGtfuND/dist=es2019,mode=imports/optimized/google-protobuf.js:801:11)
    at jspb.BinaryReader.nextField (https://cdn.skypack.dev/-/google-protobuf@v3.21.2-YDUqZL2TTSsy2lGtfuND/dist=es2019,mode=imports/optimized/google-protobuf.js:4374:27)
    at Function.deserialize (file:///Users/thesayyn/Documents/thesayyn/protoc-gen-ts/target/debug/build/protoc_gen_ts-8cec2bec66276c47/out/test_conformance/test_messages_proto2.ts:145:18)
    at file:///Users/thesayyn/Documents/thesayyn/protoc-gen-ts/tests/conformance/bin/main.ts:30:78

  protobuf_test_messages.proto3.TestAllTypesProto3 1
  Error: Assertion failed
    at Object.jspb.asserts.doAssertFailure (https://cdn.skypack.dev/-/google-protobuf@v3.21.2-YDUqZL2TTSsy2lGtfuND/dist=es2019,mode=imports/optimized/google-protobuf.js:778:11)
    at Object.jspb.asserts.assert (https://cdn.skypack.dev/-/google-protobuf@v3.21.2-YDUqZL2TTSsy2lGtfuND/dist=es2019,mode=imports/optimized/google-protobuf.js:783:23)
    at jspb.BinaryDecoder.readUnsignedVarint32 (https://cdn.skypack.dev/-/google-protobuf@v3.21.2-YDUqZL2TTSsy2lGtfuND/dist=es2019,mode=imports/optimized/google-protobuf.js:4150:18)
    at jspb.BinaryReader.readBool (https://cdn.skypack.dev/-/google-protobuf@v3.21.2-YDUqZL2TTSsy2lGtfuND/dist=es2019,mode=imports/optimized/google-protobuf.js:4625:28)
    at Function.deserialize (file:///Users/thesayyn/Documents/thesayyn/protoc-gen-ts/target/debug/build/protoc_gen_ts-8cec2bec66276c47/out/test_conformance/test_messages_proto3.ts:208:48)
    at file:///Users/thesayyn/Documents/thesayyn/protoc-gen-ts/tests/conformance/bin/main.ts:23:78

  protobuf_test_messages.proto2.TestAllTypesProto2 1
  Error: Assertion failed
    at Object.jspb.asserts.doAssertFailure (https://cdn.skypack.dev/-/google-protobuf@v3.21.2-YDUqZL2TTSsy2lGtfuND/dist=es2019,mode=imports/optimized/google-protobuf.js:778:11)
    at Object.jspb.asserts.assert (https://cdn.skypack.dev/-/google-protobuf@v3.21.2-YDUqZL2TTSsy2lGtfuND/dist=es2019,mode=imports/optimized/google-protobuf.js:783:23)
    at jspb.BinaryDecoder.readUnsignedVarint32 (https://cdn.skypack.dev/-/google-protobuf@v3.21.2-YDUqZL2TTSsy2lGtfuND/dist=es2019,mode=imports/optimized/google-protobuf.js:4150:18)
    at jspb.BinaryReader.readBool (https://cdn.skypack.dev/-/google-protobuf@v3.21.2-YDUqZL2TTSsy2lGtfuND/dist=es2019,mode=imports/optimized/google-protobuf.js:4625:28)
    at Function.deserialize (file:///Users/thesayyn/Documents/thesayyn/protoc-gen-ts/target/debug/build/protoc_gen_ts-8cec2bec66276c47/out/test_conformance/test_messages_proto2.ts:184:48)
    at file:///Users/thesayyn/Documents/thesayyn/protoc-gen-ts/tests/conformance/bin/main.ts:30:78

  protobuf_test_messages.proto3.TestAllTypesProto3 1
  Error: Assertion failed
    at Object.jspb.asserts.doAssertFailure (https://cdn.skypack.dev/-/google-protobuf@v3.21.2-YDUqZL2TTSsy2lGtfuND/dist=es2019,mode=imports/optimized/google-protobuf.js:778:11)
    at Object.jspb.asserts.assert (https://cdn.skypack.dev/-/google-protobuf@v3.21.2-YDUqZL2TTSsy2lGtfuND/dist=es2019,mode=imports/optimized/google-protobuf.js:783:23)
    at jspb.BinaryDecoder.readUnsignedVarint32 (https://cdn.skypack.dev/-/google-protobuf@v3.21.2-YDUqZL2TTSsy2lGtfuND/dist=es2019,mode=imports/optimized/google-protobuf.js:4150:18)
    at jspb.BinaryReader.readBool (https://cdn.skypack.dev/-/google-protobuf@v3.21.2-YDUqZL2TTSsy2lGtfuND/dist=es2019,mode=imports/optimized/google-protobuf.js:4625:28)
    at Function.deserialize (file:///Users/thesayyn/Documents/thesayyn/protoc-gen-ts/target/debug/build/protoc_gen_ts-8cec2bec66276c47/out/test_conformance/test_messages_proto3.ts:290:56)
    at file:///Users/thesayyn/Documents/thesayyn/protoc-gen-ts/tests/conformance/bin/main.ts:23:78

  protobuf_test_messages.proto2.TestAllTypesProto2 1
  Error: Assertion failed
    at Object.jspb.asserts.doAssertFailure (https://cdn.skypack.dev/-/google-protobuf@v3.21.2-YDUqZL2TTSsy2lGtfuND/dist=es2019,mode=imports/optimized/google-protobuf.js:778:11)
    at Object.jspb.asserts.assert (https://cdn.skypack.dev/-/google-protobuf@v3.21.2-YDUqZL2TTSsy2lGtfuND/dist=es2019,mode=imports/optimized/google-protobuf.js:783:23)
    at jspb.BinaryDecoder.readUnsignedVarint32 (https://cdn.skypack.dev/-/google-protobuf@v3.21.2-YDUqZL2TTSsy2lGtfuND/dist=es2019,mode=imports/optimized/google-protobuf.js:4150:18)
    at jspb.BinaryReader.readBool (https://cdn.skypack.dev/-/google-protobuf@v3.21.2-YDUqZL2TTSsy2lGtfuND/dist=es2019,mode=imports/optimized/google-protobuf.js:4625:28)
    at Function.deserialize (file:///Users/thesayyn/Documents/thesayyn/protoc-gen-ts/target/debug/build/protoc_gen_ts-8cec2bec66276c47/out/test_conformance/test_messages_proto2.ts:250:51)
    at file:///Users/thesayyn/Documents/thesayyn/protoc-gen-ts/tests/conformance/bin/main.ts:30:78

  protobuf_test_messages.proto3.TestAllTypesProto3 1
  Error: Failure: Decoder hit an error
    at Object.jspb.asserts.fail (https://cdn.skypack.dev/-/google-protobuf@v3.21.2-YDUqZL2TTSsy2lGtfuND/dist=es2019,mode=imports/optimized/google-protobuf.js:801:11)
    at jspb.BinaryReader.nextField (https://cdn.skypack.dev/-/google-protobuf@v3.21.2-YDUqZL2TTSsy2lGtfuND/dist=es2019,mode=imports/optimized/google-protobuf.js:4374:27)
    at Function.deserialize (file:///Users/thesayyn/Documents/thesayyn/protoc-gen-ts/target/debug/build/protoc_gen_ts-8cec2bec66276c47/out/test_conformance/test_messages_proto3.ts:169:18)
    at file:///Users/thesayyn/Documents/thesayyn/protoc-gen-ts/tests/conformance/bin/main.ts:23:78

  protobuf_test_messages.proto2.TestAllTypesProto2 1
  Error: Failure: Decoder hit an error
    at Object.jspb.asserts.fail (https://cdn.skypack.dev/-/google-protobuf@v3.21.2-YDUqZL2TTSsy2lGtfuND/dist=es2019,mode=imports/optimized/google-protobuf.js:801:11)
    at jspb.BinaryReader.nextField (https://cdn.skypack.dev/-/google-protobuf@v3.21.2-YDUqZL2TTSsy2lGtfuND/dist=es2019,mode=imports/optimized/google-protobuf.js:4374:27)
    at Function.deserialize (file:///Users/thesayyn/Documents/thesayyn/protoc-gen-ts/target/debug/build/protoc_gen_ts-8cec2bec66276c47/out/test_conformance/test_messages_proto2.ts:145:18)
    at file:///Users/thesayyn/Documents/thesayyn/protoc-gen-ts/tests/conformance/bin/main.ts:30:78

  protobuf_test_messages.proto2.TestAllTypesProto2 1
  Error: Assertion failed
    at Object.jspb.asserts.doAssertFailure (https://cdn.skypack.dev/-/google-protobuf@v3.21.2-YDUqZL2TTSsy2lGtfuND/dist=es2019,mode=imports/optimized/google-protobuf.js:778:11)
    at Object.jspb.asserts.assert (https://cdn.skypack.dev/-/google-protobuf@v3.21.2-YDUqZL2TTSsy2lGtfuND/dist=es2019,mode=imports/optimized/google-protobuf.js:783:23)
    at jspb.BinaryReader.readBool (https://cdn.skypack.dev/-/google-protobuf@v3.21.2-YDUqZL2TTSsy2lGtfuND/dist=es2019,mode=imports/optimized/google-protobuf.js:4624:18)
    at Function.deserialize (file:///Users/thesayyn/Documents/thesayyn/protoc-gen-ts/target/debug/build/protoc_gen_ts-8cec2bec66276c47/out/test_conformance/test_messages_proto2.ts:250:51)
    at file:///Users/thesayyn/Documents/thesayyn/protoc-gen-ts/tests/conformance/bin/main.ts:30:78

  protobuf_test_messages.proto3.TestAllTypesProto3 1
  Error: Failure: Decoder hit an error
    at Object.jspb.asserts.fail (https://cdn.skypack.dev/-/google-protobuf@v3.21.2-YDUqZL2TTSsy2lGtfuND/dist=es2019,mode=imports/optimized/google-protobuf.js:801:11)
    at jspb.BinaryReader.nextField (https://cdn.skypack.dev/-/google-protobuf@v3.21.2-YDUqZL2TTSsy2lGtfuND/dist=es2019,mode=imports/optimized/google-protobuf.js:4374:27)
    at Function.deserialize (file:///Users/thesayyn/Documents/thesayyn/protoc-gen-ts/target/debug/build/protoc_gen_ts-8cec2bec66276c47/out/test_conformance/test_messages_proto3.ts:169:18)
    at file:///Users/thesayyn/Documents/thesayyn/protoc-gen-ts/tests/conformance/bin/main.ts:23:78

  protobuf_test_messages.proto2.TestAllTypesProto2 1
  Error: Assertion failed
    at Object.jspb.asserts.doAssertFailure (https://cdn.skypack.dev/-/google-protobuf@v3.21.2-YDUqZL2TTSsy2lGtfuND/dist=es2019,mode=imports/optimized/google-protobuf.js:778:11)
    at Object.jspb.asserts.assert (https://cdn.skypack.dev/-/google-protobuf@v3.21.2-YDUqZL2TTSsy2lGtfuND/dist=es2019,mode=imports/optimized/google-protobuf.js:783:23)
    at jspb.BinaryReader.readBool (https://cdn.skypack.dev/-/google-protobuf@v3.21.2-YDUqZL2TTSsy2lGtfuND/dist=es2019,mode=imports/optimized/google-protobuf.js:4624:18)
    at Function.deserialize (file:///Users/thesayyn/Documents/thesayyn/protoc-gen-ts/target/debug/build/protoc_gen_ts-8cec2bec66276c47/out/test_conformance/test_messages_proto2.ts:250:51)
    at file:///Users/thesayyn/Documents/thesayyn/protoc-gen-ts/tests/conformance/bin/main.ts:30:78

  protobuf_test_messages.proto3.TestAllTypesProto3 1
  Error: Assertion failed
    at Object.jspb.asserts.doAssertFailure (https://cdn.skypack.dev/-/google-protobuf@v3.21.2-YDUqZL2TTSsy2lGtfuND/dist=es2019,mode=imports/optimized/google-protobuf.js:778:11)
    at Object.jspb.asserts.assert (https://cdn.skypack.dev/-/google-protobuf@v3.21.2-YDUqZL2TTSsy2lGtfuND/dist=es2019,mode=imports/optimized/google-protobuf.js:783:23)
    at jspb.BinaryDecoder.readUnsignedVarint32 (https://cdn.skypack.dev/-/google-protobuf@v3.21.2-YDUqZL2TTSsy2lGtfuND/dist=es2019,mode=imports/optimized/google-protobuf.js:4150:18)
    at jspb.BinaryReader.readString (https://cdn.skypack.dev/-/google-protobuf@v3.21.2-YDUqZL2TTSsy2lGtfuND/dist=es2019,mode=imports/optimized/google-protobuf.js:4635:27)
    at Function.deserialize (file:///Users/thesayyn/Documents/thesayyn/protoc-gen-ts/target/debug/build/protoc_gen_ts-8cec2bec66276c47/out/test_conformance/test_messages_proto3.ts:211:50)
    at file:///Users/thesayyn/Documents/thesayyn/protoc-gen-ts/tests/conformance/bin/main.ts:23:78

  protobuf_test_messages.proto2.TestAllTypesProto2 1
  Error: Assertion failed
    at Object.jspb.asserts.doAssertFailure (https://cdn.skypack.dev/-/google-protobuf@v3.21.2-YDUqZL2TTSsy2lGtfuND/dist=es2019,mode=imports/optimized/google-protobuf.js:778:11)
    at Object.jspb.asserts.assert (https://cdn.skypack.dev/-/google-protobuf@v3.21.2-YDUqZL2TTSsy2lGtfuND/dist=es2019,mode=imports/optimized/google-protobuf.js:783:23)
    at jspb.BinaryDecoder.readUnsignedVarint32 (https://cdn.skypack.dev/-/google-protobuf@v3.21.2-YDUqZL2TTSsy2lGtfuND/dist=es2019,mode=imports/optimized/google-protobuf.js:4150:18)
    at jspb.BinaryReader.readString (https://cdn.skypack.dev/-/google-protobuf@v3.21.2-YDUqZL2TTSsy2lGtfuND/dist=es2019,mode=imports/optimized/google-protobuf.js:4635:27)
    at Function.deserialize (file:///Users/thesayyn/Documents/thesayyn/protoc-gen-ts/target/debug/build/protoc_gen_ts-8cec2bec66276c47/out/test_conformance/test_messages_proto2.ts:187:50)
    at file:///Users/thesayyn/Documents/thesayyn/protoc-gen-ts/tests/conformance/bin/main.ts:30:78

  protobuf_test_messages.proto3.TestAllTypesProto3 1
  Error: Assertion failed
    at Object.jspb.asserts.doAssertFailure (https://cdn.skypack.dev/-/google-protobuf@v3.21.2-YDUqZL2TTSsy2lGtfuND/dist=es2019,mode=imports/optimized/google-protobuf.js:778:11)
    at Object.jspb.asserts.assert (https://cdn.skypack.dev/-/google-protobuf@v3.21.2-YDUqZL2TTSsy2lGtfuND/dist=es2019,mode=imports/optimized/google-protobuf.js:783:23)
    at jspb.BinaryDecoder.readUnsignedVarint32 (https://cdn.skypack.dev/-/google-protobuf@v3.21.2-YDUqZL2TTSsy2lGtfuND/dist=es2019,mode=imports/optimized/google-protobuf.js:4150:18)
    at jspb.BinaryReader.readString (https://cdn.skypack.dev/-/google-protobuf@v3.21.2-YDUqZL2TTSsy2lGtfuND/dist=es2019,mode=imports/optimized/google-protobuf.js:4635:27)
    at Function.deserialize (file:///Users/thesayyn/Documents/thesayyn/protoc-gen-ts/target/debug/build/protoc_gen_ts-8cec2bec66276c47/out/test_conformance/test_messages_proto3.ts:293:53)
    at file:///Users/thesayyn/Documents/thesayyn/protoc-gen-ts/tests/conformance/bin/main.ts:23:78

  protobuf_test_messages.proto2.TestAllTypesProto2 1
  Error: Assertion failed
    at Object.jspb.asserts.doAssertFailure (https://cdn.skypack.dev/-/google-protobuf@v3.21.2-YDUqZL2TTSsy2lGtfuND/dist=es2019,mode=imports/optimized/google-protobuf.js:778:11)
    at Object.jspb.asserts.assert (https://cdn.skypack.dev/-/google-protobuf@v3.21.2-YDUqZL2TTSsy2lGtfuND/dist=es2019,mode=imports/optimized/google-protobuf.js:783:23)
    at jspb.BinaryDecoder.readUnsignedVarint32 (https://cdn.skypack.dev/-/google-protobuf@v3.21.2-YDUqZL2TTSsy2lGtfuND/dist=es2019,mode=imports/optimized/google-protobuf.js:4150:18)
    at jspb.BinaryReader.readString (https://cdn.skypack.dev/-/google-protobuf@v3.21.2-YDUqZL2TTSsy2lGtfuND/dist=es2019,mode=imports/optimized/google-protobuf.js:4635:27)
    at Function.deserialize (file:///Users/thesayyn/Documents/thesayyn/protoc-gen-ts/target/debug/build/protoc_gen_ts-8cec2bec66276c47/out/test_conformance/test_messages_proto2.ts:253:53)
    at file:///Users/thesayyn/Documents/thesayyn/protoc-gen-ts/tests/conformance/bin/main.ts:30:78

  protobuf_test_messages.proto3.TestAllTypesProto3 1
  Error: Assertion failed
    at Object.jspb.asserts.doAssertFailure (https://cdn.skypack.dev/-/google-protobuf@v3.21.2-YDUqZL2TTSsy2lGtfuND/dist=es2019,mode=imports/optimized/google-protobuf.js:778:11)
    at Object.jspb.asserts.assert (https://cdn.skypack.dev/-/google-protobuf@v3.21.2-YDUqZL2TTSsy2lGtfuND/dist=es2019,mode=imports/optimized/google-protobuf.js:783:23)
    at jspb.BinaryDecoder.readUnsignedVarint32 (https://cdn.skypack.dev/-/google-protobuf@v3.21.2-YDUqZL2TTSsy2lGtfuND/dist=es2019,mode=imports/optimized/google-protobuf.js:4150:18)
    at jspb.BinaryReader.skipDelimitedField (https://cdn.skypack.dev/-/google-protobuf@v3.21.2-YDUqZL2TTSsy2lGtfuND/dist=es2019,mode=imports/optimized/google-protobuf.js:4401:29)
    at jspb.BinaryReader.skipField (https://cdn.skypack.dev/-/google-protobuf@v3.21.2-YDUqZL2TTSsy2lGtfuND/dist=es2019,mode=imports/optimized/google-protobuf.js:4435:14)
    at Function.deserialize (file:///Users/thesayyn/Documents/thesayyn/protoc-gen-ts/target/debug/build/protoc_gen_ts-8cec2bec66276c47/out/test_conformance/test_messages_proto3.ts:958:24)
    at file:///Users/thesayyn/Documents/thesayyn/protoc-gen-ts/tests/conformance/bin/main.ts:23:78

  protobuf_test_messages.proto2.TestAllTypesProto2 1
  Error: Assertion failed
    at Object.jspb.asserts.doAssertFailure (https://cdn.skypack.dev/-/google-protobuf@v3.21.2-YDUqZL2TTSsy2lGtfuND/dist=es2019,mode=imports/optimized/google-protobuf.js:778:11)
    at Object.jspb.asserts.assert (https://cdn.skypack.dev/-/google-protobuf@v3.21.2-YDUqZL2TTSsy2lGtfuND/dist=es2019,mode=imports/optimized/google-protobuf.js:783:23)
    at jspb.BinaryDecoder.readUnsignedVarint32 (https://cdn.skypack.dev/-/google-protobuf@v3.21.2-YDUqZL2TTSsy2lGtfuND/dist=es2019,mode=imports/optimized/google-protobuf.js:4150:18)
    at jspb.BinaryReader.skipDelimitedField (https://cdn.skypack.dev/-/google-protobuf@v3.21.2-YDUqZL2TTSsy2lGtfuND/dist=es2019,mode=imports/optimized/google-protobuf.js:4401:29)
    at jspb.BinaryReader.skipField (https://cdn.skypack.dev/-/google-protobuf@v3.21.2-YDUqZL2TTSsy2lGtfuND/dist=es2019,mode=imports/optimized/google-protobuf.js:4435:14)
    at Function.deserialize (file:///Users/thesayyn/Documents/thesayyn/protoc-gen-ts/target/debug/build/protoc_gen_ts-8cec2bec66276c47/out/test_conformance/test_messages_proto2.ts:865:24)
    at file:///Users/thesayyn/Documents/thesayyn/protoc-gen-ts/tests/conformance/bin/main.ts:30:78

  protobuf_test_messages.proto3.TestAllTypesProto3 1
  Error: Assertion failed
    at Object.jspb.asserts.doAssertFailure (https://cdn.skypack.dev/-/google-protobuf@v3.21.2-YDUqZL2TTSsy2lGtfuND/dist=es2019,mode=imports/optimized/google-protobuf.js:778:11)
    at Object.jspb.asserts.assert (https://cdn.skypack.dev/-/google-protobuf@v3.21.2-YDUqZL2TTSsy2lGtfuND/dist=es2019,mode=imports/optimized/google-protobuf.js:783:23)
    at jspb.BinaryDecoder.readUnsignedVarint32 (https://cdn.skypack.dev/-/google-protobuf@v3.21.2-YDUqZL2TTSsy2lGtfuND/dist=es2019,mode=imports/optimized/google-protobuf.js:4150:18)
    at jspb.BinaryReader.readString (https://cdn.skypack.dev/-/google-protobuf@v3.21.2-YDUqZL2TTSsy2lGtfuND/dist=es2019,mode=imports/optimized/google-protobuf.js:4635:27)
    at Function.deserialize (file:///Users/thesayyn/Documents/thesayyn/protoc-gen-ts/target/debug/build/protoc_gen_ts-8cec2bec66276c47/out/test_conformance/test_messages_proto3.ts:211:50)
    at file:///Users/thesayyn/Documents/thesayyn/protoc-gen-ts/tests/conformance/bin/main.ts:23:78

  protobuf_test_messages.proto2.TestAllTypesProto2 1
  Error: Assertion failed
    at Object.jspb.asserts.doAssertFailure (https://cdn.skypack.dev/-/google-protobuf@v3.21.2-YDUqZL2TTSsy2lGtfuND/dist=es2019,mode=imports/optimized/google-protobuf.js:778:11)
    at Object.jspb.asserts.assert (https://cdn.skypack.dev/-/google-protobuf@v3.21.2-YDUqZL2TTSsy2lGtfuND/dist=es2019,mode=imports/optimized/google-protobuf.js:783:23)
    at jspb.BinaryDecoder.readUnsignedVarint32 (https://cdn.skypack.dev/-/google-protobuf@v3.21.2-YDUqZL2TTSsy2lGtfuND/dist=es2019,mode=imports/optimized/google-protobuf.js:4150:18)
    at jspb.BinaryReader.readString (https://cdn.skypack.dev/-/google-protobuf@v3.21.2-YDUqZL2TTSsy2lGtfuND/dist=es2019,mode=imports/optimized/google-protobuf.js:4635:27)
    at Function.deserialize (file:///Users/thesayyn/Documents/thesayyn/protoc-gen-ts/target/debug/build/protoc_gen_ts-8cec2bec66276c47/out/test_conformance/test_messages_proto2.ts:187:50)
    at file:///Users/thesayyn/Documents/thesayyn/protoc-gen-ts/tests/conformance/bin/main.ts:30:78

  protobuf_test_messages.proto3.TestAllTypesProto3 1
  Error: Assertion failed
    at Object.jspb.asserts.doAssertFailure (https://cdn.skypack.dev/-/google-protobuf@v3.21.2-YDUqZL2TTSsy2lGtfuND/dist=es2019,mode=imports/optimized/google-protobuf.js:778:11)
    at Object.jspb.asserts.assert (https://cdn.skypack.dev/-/google-protobuf@v3.21.2-YDUqZL2TTSsy2lGtfuND/dist=es2019,mode=imports/optimized/google-protobuf.js:783:23)
    at jspb.BinaryDecoder.readUnsignedVarint32 (https://cdn.skypack.dev/-/google-protobuf@v3.21.2-YDUqZL2TTSsy2lGtfuND/dist=es2019,mode=imports/optimized/google-protobuf.js:4150:18)
    at jspb.BinaryReader.readString (https://cdn.skypack.dev/-/google-protobuf@v3.21.2-YDUqZL2TTSsy2lGtfuND/dist=es2019,mode=imports/optimized/google-protobuf.js:4635:27)
    at Function.deserialize (file:///Users/thesayyn/Documents/thesayyn/protoc-gen-ts/target/debug/build/protoc_gen_ts-8cec2bec66276c47/out/test_conformance/test_messages_proto3.ts:293:53)
    at file:///Users/thesayyn/Documents/thesayyn/protoc-gen-ts/tests/conformance/bin/main.ts:23:78

  protobuf_test_messages.proto2.TestAllTypesProto2 1
  Error: Assertion failed
    at Object.jspb.asserts.doAssertFailure (https://cdn.skypack.dev/-/google-protobuf@v3.21.2-YDUqZL2TTSsy2lGtfuND/dist=es2019,mode=imports/optimized/google-protobuf.js:778:11)
    at Object.jspb.asserts.assert (https://cdn.skypack.dev/-/google-protobuf@v3.21.2-YDUqZL2TTSsy2lGtfuND/dist=es2019,mode=imports/optimized/google-protobuf.js:783:23)
    at jspb.BinaryDecoder.readUnsignedVarint32 (https://cdn.skypack.dev/-/google-protobuf@v3.21.2-YDUqZL2TTSsy2lGtfuND/dist=es2019,mode=imports/optimized/google-protobuf.js:4150:18)
    at jspb.BinaryReader.readString (https://cdn.skypack.dev/-/google-protobuf@v3.21.2-YDUqZL2TTSsy2lGtfuND/dist=es2019,mode=imports/optimized/google-protobuf.js:4635:27)
    at Function.deserialize (file:///Users/thesayyn/Documents/thesayyn/protoc-gen-ts/target/debug/build/protoc_gen_ts-8cec2bec66276c47/out/test_conformance/test_messages_proto2.ts:253:53)
    at file:///Users/thesayyn/Documents/thesayyn/protoc-gen-ts/tests/conformance/bin/main.ts:30:78

  protobuf_test_messages.proto3.TestAllTypesProto3 1
  Error: Assertion failed
    at Object.jspb.asserts.doAssertFailure (https://cdn.skypack.dev/-/google-protobuf@v3.21.2-YDUqZL2TTSsy2lGtfuND/dist=es2019,mode=imports/optimized/google-protobuf.js:778:11)
    at Object.jspb.asserts.assert (https://cdn.skypack.dev/-/google-protobuf@v3.21.2-YDUqZL2TTSsy2lGtfuND/dist=es2019,mode=imports/optimized/google-protobuf.js:783:23)
    at jspb.BinaryDecoder.readUnsignedVarint32 (https://cdn.skypack.dev/-/google-protobuf@v3.21.2-YDUqZL2TTSsy2lGtfuND/dist=es2019,mode=imports/optimized/google-protobuf.js:4150:18)
    at jspb.BinaryReader.skipDelimitedField (https://cdn.skypack.dev/-/google-protobuf@v3.21.2-YDUqZL2TTSsy2lGtfuND/dist=es2019,mode=imports/optimized/google-protobuf.js:4401:29)
    at jspb.BinaryReader.skipField (https://cdn.skypack.dev/-/google-protobuf@v3.21.2-YDUqZL2TTSsy2lGtfuND/dist=es2019,mode=imports/optimized/google-protobuf.js:4435:14)
    at Function.deserialize (file:///Users/thesayyn/Documents/thesayyn/protoc-gen-ts/target/debug/build/protoc_gen_ts-8cec2bec66276c47/out/test_conformance/test_messages_proto3.ts:958:24)
    at file:///Users/thesayyn/Documents/thesayyn/protoc-gen-ts/tests/conformance/bin/main.ts:23:78

  protobuf_test_messages.proto2.TestAllTypesProto2 1
  Error: Assertion failed
    at Object.jspb.asserts.doAssertFailure (https://cdn.skypack.dev/-/google-protobuf@v3.21.2-YDUqZL2TTSsy2lGtfuND/dist=es2019,mode=imports/optimized/google-protobuf.js:778:11)
    at Object.jspb.asserts.assert (https://cdn.skypack.dev/-/google-protobuf@v3.21.2-YDUqZL2TTSsy2lGtfuND/dist=es2019,mode=imports/optimized/google-protobuf.js:783:23)
    at jspb.BinaryDecoder.readUnsignedVarint32 (https://cdn.skypack.dev/-/google-protobuf@v3.21.2-YDUqZL2TTSsy2lGtfuND/dist=es2019,mode=imports/optimized/google-protobuf.js:4150:18)
    at jspb.BinaryReader.skipDelimitedField (https://cdn.skypack.dev/-/google-protobuf@v3.21.2-YDUqZL2TTSsy2lGtfuND/dist=es2019,mode=imports/optimized/google-protobuf.js:4401:29)
    at jspb.BinaryReader.skipField (https://cdn.skypack.dev/-/google-protobuf@v3.21.2-YDUqZL2TTSsy2lGtfuND/dist=es2019,mode=imports/optimized/google-protobuf.js:4435:14)
    at Function.deserialize (file:///Users/thesayyn/Documents/thesayyn/protoc-gen-ts/target/debug/build/protoc_gen_ts-8cec2bec66276c47/out/test_conformance/test_messages_proto2.ts:865:24)
    at file:///Users/thesayyn/Documents/thesayyn/protoc-gen-ts/tests/conformance/bin/main.ts:30:78

  protobuf_test_messages.proto3.TestAllTypesProto3 1
  Error: Failure: Decoder hit an error
    at Object.jspb.asserts.fail (https://cdn.skypack.dev/-/google-protobuf@v3.21.2-YDUqZL2TTSsy2lGtfuND/dist=es2019,mode=imports/optimized/google-protobuf.js:801:11)
    at jspb.BinaryReader.nextField (https://cdn.skypack.dev/-/google-protobuf@v3.21.2-YDUqZL2TTSsy2lGtfuND/dist=es2019,mode=imports/optimized/google-protobuf.js:4374:27)
    at Function.deserialize (file:///Users/thesayyn/Documents/thesayyn/protoc-gen-ts/target/debug/build/protoc_gen_ts-8cec2bec66276c47/out/test_conformance/test_messages_proto3.ts:169:18)
    at file:///Users/thesayyn/Documents/thesayyn/protoc-gen-ts/tests/conformance/bin/main.ts:23:78

  protobuf_test_messages.proto2.TestAllTypesProto2 1
  Error: Failure: Decoder hit an error
    at Object.jspb.asserts.fail (https://cdn.skypack.dev/-/google-protobuf@v3.21.2-YDUqZL2TTSsy2lGtfuND/dist=es2019,mode=imports/optimized/google-protobuf.js:801:11)
    at jspb.BinaryReader.nextField (https://cdn.skypack.dev/-/google-protobuf@v3.21.2-YDUqZL2TTSsy2lGtfuND/dist=es2019,mode=imports/optimized/google-protobuf.js:4374:27)
    at Function.deserialize (file:///Users/thesayyn/Documents/thesayyn/protoc-gen-ts/target/debug/build/protoc_gen_ts-8cec2bec66276c47/out/test_conformance/test_messages_proto2.ts:145:18)
    at file:///Users/thesayyn/Documents/thesayyn/protoc-gen-ts/tests/conformance/bin/main.ts:30:78

  protobuf_test_messages.proto3.TestAllTypesProto3 1
  Error: Failure: Decoder hit an error
    at Object.jspb.asserts.fail (https://cdn.skypack.dev/-/google-protobuf@v3.21.2-YDUqZL2TTSsy2lGtfuND/dist=es2019,mode=imports/optimized/google-protobuf.js:801:11)
    at jspb.BinaryReader.nextField (https://cdn.skypack.dev/-/google-protobuf@v3.21.2-YDUqZL2TTSsy2lGtfuND/dist=es2019,mode=imports/optimized/google-protobuf.js:4374:27)
    at Function.deserialize (file:///Users/thesayyn/Documents/thesayyn/protoc-gen-ts/target/debug/build/protoc_gen_ts-8cec2bec66276c47/out/test_conformance/test_messages_proto3.ts:169:18)
    at file:///Users/thesayyn/Documents/thesayyn/protoc-gen-ts/tests/conformance/bin/main.ts:23:78

  protobuf_test_messages.proto2.TestAllTypesProto2 1
  Error: Failure: Decoder hit an error
    at Object.jspb.asserts.fail (https://cdn.skypack.dev/-/google-protobuf@v3.21.2-YDUqZL2TTSsy2lGtfuND/dist=es2019,mode=imports/optimized/google-protobuf.js:801:11)
    at jspb.BinaryReader.nextField (https://cdn.skypack.dev/-/google-protobuf@v3.21.2-YDUqZL2TTSsy2lGtfuND/dist=es2019,mode=imports/optimized/google-protobuf.js:4374:27)
    at Function.deserialize (file:///Users/thesayyn/Documents/thesayyn/protoc-gen-ts/target/debug/build/protoc_gen_ts-8cec2bec66276c47/out/test_conformance/test_messages_proto2.ts:145:18)
    at file:///Users/thesayyn/Documents/thesayyn/protoc-gen-ts/tests/conformance/bin/main.ts:30:78

  protobuf_test_messages.proto3.TestAllTypesProto3 1
  Error: Assertion failed
    at Object.jspb.asserts.doAssertFailure (https://cdn.skypack.dev/-/google-protobuf@v3.21.2-YDUqZL2TTSsy2lGtfuND/dist=es2019,mode=imports/optimized/google-protobuf.js:778:11)
    at Object.jspb.asserts.assert (https://cdn.skypack.dev/-/google-protobuf@v3.21.2-YDUqZL2TTSsy2lGtfuND/dist=es2019,mode=imports/optimized/google-protobuf.js:783:23)
    at jspb.BinaryDecoder.advance (https://cdn.skypack.dev/-/google-protobuf@v3.21.2-YDUqZL2TTSsy2lGtfuND/dist=es2019,mode=imports/optimized/google-protobuf.js:4081:18)
    at jspb.BinaryReader.skipDelimitedField (https://cdn.skypack.dev/-/google-protobuf@v3.21.2-YDUqZL2TTSsy2lGtfuND/dist=es2019,mode=imports/optimized/google-protobuf.js:4402:21)
    at jspb.BinaryReader.skipField (https://cdn.skypack.dev/-/google-protobuf@v3.21.2-YDUqZL2TTSsy2lGtfuND/dist=es2019,mode=imports/optimized/google-protobuf.js:4435:14)
    at Function.deserialize (file:///Users/thesayyn/Documents/thesayyn/protoc-gen-ts/target/debug/build/protoc_gen_ts-8cec2bec66276c47/out/test_conformance/test_messages_proto3.ts:958:24)
    at file:///Users/thesayyn/Documents/thesayyn/protoc-gen-ts/tests/conformance/bin/main.ts:23:78

  protobuf_test_messages.proto2.TestAllTypesProto2 1
  Error: Assertion failed
    at Object.jspb.asserts.doAssertFailure (https://cdn.skypack.dev/-/google-protobuf@v3.21.2-YDUqZL2TTSsy2lGtfuND/dist=es2019,mode=imports/optimized/google-protobuf.js:778:11)
    at Object.jspb.asserts.assert (https://cdn.skypack.dev/-/google-protobuf@v3.21.2-YDUqZL2TTSsy2lGtfuND/dist=es2019,mode=imports/optimized/google-protobuf.js:783:23)
    at jspb.BinaryDecoder.advance (https://cdn.skypack.dev/-/google-protobuf@v3.21.2-YDUqZL2TTSsy2lGtfuND/dist=es2019,mode=imports/optimized/google-protobuf.js:4081:18)
    at jspb.BinaryReader.skipDelimitedField (https://cdn.skypack.dev/-/google-protobuf@v3.21.2-YDUqZL2TTSsy2lGtfuND/dist=es2019,mode=imports/optimized/google-protobuf.js:4402:21)
    at jspb.BinaryReader.skipField (https://cdn.skypack.dev/-/google-protobuf@v3.21.2-YDUqZL2TTSsy2lGtfuND/dist=es2019,mode=imports/optimized/google-protobuf.js:4435:14)
    at Function.deserialize (file:///Users/thesayyn/Documents/thesayyn/protoc-gen-ts/target/debug/build/protoc_gen_ts-8cec2bec66276c47/out/test_conformance/test_messages_proto2.ts:865:24)
    at file:///Users/thesayyn/Documents/thesayyn/protoc-gen-ts/tests/conformance/bin/main.ts:30:78

  protobuf_test_messages.proto3.TestAllTypesProto3 1
  Error: Assertion failed
    at Object.jspb.asserts.doAssertFailure (https://cdn.skypack.dev/-/google-protobuf@v3.21.2-YDUqZL2TTSsy2lGtfuND/dist=es2019,mode=imports/optimized/google-protobuf.js:778:11)
    at Object.jspb.asserts.assert (https://cdn.skypack.dev/-/google-protobuf@v3.21.2-YDUqZL2TTSsy2lGtfuND/dist=es2019,mode=imports/optimized/google-protobuf.js:783:23)
    at jspb.BinaryDecoder.readUnsignedVarint32 (https://cdn.skypack.dev/-/google-protobuf@v3.21.2-YDUqZL2TTSsy2lGtfuND/dist=es2019,mode=imports/optimized/google-protobuf.js:4150:18)
    at jspb.BinaryReader.getFieldDecoder (https://cdn.skypack.dev/-/google-protobuf@v3.21.2-YDUqZL2TTSsy2lGtfuND/dist=es2019,mode=imports/optimized/google-protobuf.js:4526:27)
    at Function.deserialize (file:///Users/thesayyn/Documents/thesayyn/protoc-gen-ts/target/debug/build/protoc_gen_ts-8cec2bec66276c47/out/test_conformance/test_messages_proto3.ts:217:133)
    at file:///Users/thesayyn/Documents/thesayyn/protoc-gen-ts/tests/conformance/bin/main.ts:23:78

  protobuf_test_messages.proto2.TestAllTypesProto2 1
  Error: Assertion failed
    at Object.jspb.asserts.doAssertFailure (https://cdn.skypack.dev/-/google-protobuf@v3.21.2-YDUqZL2TTSsy2lGtfuND/dist=es2019,mode=imports/optimized/google-protobuf.js:778:11)
    at Object.jspb.asserts.assert (https://cdn.skypack.dev/-/google-protobuf@v3.21.2-YDUqZL2TTSsy2lGtfuND/dist=es2019,mode=imports/optimized/google-protobuf.js:783:23)
    at jspb.BinaryDecoder.readUnsignedVarint32 (https://cdn.skypack.dev/-/google-protobuf@v3.21.2-YDUqZL2TTSsy2lGtfuND/dist=es2019,mode=imports/optimized/google-protobuf.js:4150:18)
    at jspb.BinaryReader.getFieldDecoder (https://cdn.skypack.dev/-/google-protobuf@v3.21.2-YDUqZL2TTSsy2lGtfuND/dist=es2019,mode=imports/optimized/google-protobuf.js:4526:27)
    at Function.deserialize (file:///Users/thesayyn/Documents/thesayyn/protoc-gen-ts/target/debug/build/protoc_gen_ts-8cec2bec66276c47/out/test_conformance/test_messages_proto2.ts:193:133)
    at file:///Users/thesayyn/Documents/thesayyn/protoc-gen-ts/tests/conformance/bin/main.ts:30:78

  protobuf_test_messages.proto3.TestAllTypesProto3 1
  Error: Assertion failed
    at Object.jspb.asserts.doAssertFailure (https://cdn.skypack.dev/-/google-protobuf@v3.21.2-YDUqZL2TTSsy2lGtfuND/dist=es2019,mode=imports/optimized/google-protobuf.js:778:11)
    at Object.jspb.asserts.assert (https://cdn.skypack.dev/-/google-protobuf@v3.21.2-YDUqZL2TTSsy2lGtfuND/dist=es2019,mode=imports/optimized/google-protobuf.js:783:23)
    at jspb.BinaryDecoder.readUnsignedVarint32 (https://cdn.skypack.dev/-/google-protobuf@v3.21.2-YDUqZL2TTSsy2lGtfuND/dist=es2019,mode=imports/optimized/google-protobuf.js:4150:18)
    at jspb.BinaryReader.getFieldDecoder (https://cdn.skypack.dev/-/google-protobuf@v3.21.2-YDUqZL2TTSsy2lGtfuND/dist=es2019,mode=imports/optimized/google-protobuf.js:4526:27)
    at Function.deserialize (file:///Users/thesayyn/Documents/thesayyn/protoc-gen-ts/target/debug/build/protoc_gen_ts-8cec2bec66276c47/out/test_conformance/test_messages_proto3.ts:299:136)
    at file:///Users/thesayyn/Documents/thesayyn/protoc-gen-ts/tests/conformance/bin/main.ts:23:78

  protobuf_test_messages.proto2.TestAllTypesProto2 1
  Error: Assertion failed
    at Object.jspb.asserts.doAssertFailure (https://cdn.skypack.dev/-/google-protobuf@v3.21.2-YDUqZL2TTSsy2lGtfuND/dist=es2019,mode=imports/optimized/google-protobuf.js:778:11)
    at Object.jspb.asserts.assert (https://cdn.skypack.dev/-/google-protobuf@v3.21.2-YDUqZL2TTSsy2lGtfuND/dist=es2019,mode=imports/optimized/google-protobuf.js:783:23)
    at jspb.BinaryDecoder.readUnsignedVarint32 (https://cdn.skypack.dev/-/google-protobuf@v3.21.2-YDUqZL2TTSsy2lGtfuND/dist=es2019,mode=imports/optimized/google-protobuf.js:4150:18)
    at jspb.BinaryReader.getFieldDecoder (https://cdn.skypack.dev/-/google-protobuf@v3.21.2-YDUqZL2TTSsy2lGtfuND/dist=es2019,mode=imports/optimized/google-protobuf.js:4526:27)
    at Function.deserialize (file:///Users/thesayyn/Documents/thesayyn/protoc-gen-ts/target/debug/build/protoc_gen_ts-8cec2bec66276c47/out/test_conformance/test_messages_proto2.ts:259:136)
    at file:///Users/thesayyn/Documents/thesayyn/protoc-gen-ts/tests/conformance/bin/main.ts:30:78

  protobuf_test_messages.proto3.TestAllTypesProto3 1
  Error: Assertion failed
    at Object.jspb.asserts.doAssertFailure (https://cdn.skypack.dev/-/google-protobuf@v3.21.2-YDUqZL2TTSsy2lGtfuND/dist=es2019,mode=imports/optimized/google-protobuf.js:778:11)
    at Object.jspb.asserts.assert (https://cdn.skypack.dev/-/google-protobuf@v3.21.2-YDUqZL2TTSsy2lGtfuND/dist=es2019,mode=imports/optimized/google-protobuf.js:783:23)
    at jspb.BinaryDecoder.readUnsignedVarint32 (https://cdn.skypack.dev/-/google-protobuf@v3.21.2-YDUqZL2TTSsy2lGtfuND/dist=es2019,mode=imports/optimized/google-protobuf.js:4150:18)
    at jspb.BinaryReader.skipDelimitedField (https://cdn.skypack.dev/-/google-protobuf@v3.21.2-YDUqZL2TTSsy2lGtfuND/dist=es2019,mode=imports/optimized/google-protobuf.js:4401:29)
    at jspb.BinaryReader.skipField (https://cdn.skypack.dev/-/google-protobuf@v3.21.2-YDUqZL2TTSsy2lGtfuND/dist=es2019,mode=imports/optimized/google-protobuf.js:4435:14)
    at Function.deserialize (file:///Users/thesayyn/Documents/thesayyn/protoc-gen-ts/target/debug/build/protoc_gen_ts-8cec2bec66276c47/out/test_conformance/test_messages_proto3.ts:958:24)
    at file:///Users/thesayyn/Documents/thesayyn/protoc-gen-ts/tests/conformance/bin/main.ts:23:78

  protobuf_test_messages.proto2.TestAllTypesProto2 1
  Error: Assertion failed
    at Object.jspb.asserts.doAssertFailure (https://cdn.skypack.dev/-/google-protobuf@v3.21.2-YDUqZL2TTSsy2lGtfuND/dist=es2019,mode=imports/optimized/google-protobuf.js:778:11)
    at Object.jspb.asserts.assert (https://cdn.skypack.dev/-/google-protobuf@v3.21.2-YDUqZL2TTSsy2lGtfuND/dist=es2019,mode=imports/optimized/google-protobuf.js:783:23)
    at jspb.BinaryDecoder.readUnsignedVarint32 (https://cdn.skypack.dev/-/google-protobuf@v3.21.2-YDUqZL2TTSsy2lGtfuND/dist=es2019,mode=imports/optimized/google-protobuf.js:4150:18)
    at jspb.BinaryReader.skipDelimitedField (https://cdn.skypack.dev/-/google-protobuf@v3.21.2-YDUqZL2TTSsy2lGtfuND/dist=es2019,mode=imports/optimized/google-protobuf.js:4401:29)
    at jspb.BinaryReader.skipField (https://cdn.skypack.dev/-/google-protobuf@v3.21.2-YDUqZL2TTSsy2lGtfuND/dist=es2019,mode=imports/optimized/google-protobuf.js:4435:14)
    at Function.deserialize (file:///Users/thesayyn/Documents/thesayyn/protoc-gen-ts/target/debug/build/protoc_gen_ts-8cec2bec66276c47/out/test_conformance/test_messages_proto2.ts:865:24)
    at file:///Users/thesayyn/Documents/thesayyn/protoc-gen-ts/tests/conformance/bin/main.ts:30:78

  protobuf_test_messages.proto3.TestAllTypesProto3 1
  Error: Assertion failed
    at Object.jspb.asserts.doAssertFailure (https://cdn.skypack.dev/-/google-protobuf@v3.21.2-YDUqZL2TTSsy2lGtfuND/dist=es2019,mode=imports/optimized/google-protobuf.js:778:11)
    at Object.jspb.asserts.assert (https://cdn.skypack.dev/-/google-protobuf@v3.21.2-YDUqZL2TTSsy2lGtfuND/dist=es2019,mode=imports/optimized/google-protobuf.js:783:23)
    at jspb.BinaryDecoder.readUnsignedVarint32 (https://cdn.skypack.dev/-/google-protobuf@v3.21.2-YDUqZL2TTSsy2lGtfuND/dist=es2019,mode=imports/optimized/google-protobuf.js:4150:18)
    at jspb.BinaryReader.getFieldDecoder (https://cdn.skypack.dev/-/google-protobuf@v3.21.2-YDUqZL2TTSsy2lGtfuND/dist=es2019,mode=imports/optimized/google-protobuf.js:4526:27)
    at Function.deserialize (file:///Users/thesayyn/Documents/thesayyn/protoc-gen-ts/target/debug/build/protoc_gen_ts-8cec2bec66276c47/out/test_conformance/test_messages_proto3.ts:217:133)
    at file:///Users/thesayyn/Documents/thesayyn/protoc-gen-ts/tests/conformance/bin/main.ts:23:78

  protobuf_test_messages.proto2.TestAllTypesProto2 1
  Error: Assertion failed
    at Object.jspb.asserts.doAssertFailure (https://cdn.skypack.dev/-/google-protobuf@v3.21.2-YDUqZL2TTSsy2lGtfuND/dist=es2019,mode=imports/optimized/google-protobuf.js:778:11)
    at Object.jspb.asserts.assert (https://cdn.skypack.dev/-/google-protobuf@v3.21.2-YDUqZL2TTSsy2lGtfuND/dist=es2019,mode=imports/optimized/google-protobuf.js:783:23)
    at jspb.BinaryDecoder.readUnsignedVarint32 (https://cdn.skypack.dev/-/google-protobuf@v3.21.2-YDUqZL2TTSsy2lGtfuND/dist=es2019,mode=imports/optimized/google-protobuf.js:4150:18)
    at jspb.BinaryReader.getFieldDecoder (https://cdn.skypack.dev/-/google-protobuf@v3.21.2-YDUqZL2TTSsy2lGtfuND/dist=es2019,mode=imports/optimized/google-protobuf.js:4526:27)
    at Function.deserialize (file:///Users/thesayyn/Documents/thesayyn/protoc-gen-ts/target/debug/build/protoc_gen_ts-8cec2bec66276c47/out/test_conformance/test_messages_proto2.ts:193:133)
    at file:///Users/thesayyn/Documents/thesayyn/protoc-gen-ts/tests/conformance/bin/main.ts:30:78

  protobuf_test_messages.proto3.TestAllTypesProto3 1
  Error: Assertion failed
    at Object.jspb.asserts.doAssertFailure (https://cdn.skypack.dev/-/google-protobuf@v3.21.2-YDUqZL2TTSsy2lGtfuND/dist=es2019,mode=imports/optimized/google-protobuf.js:778:11)
    at Object.jspb.asserts.assert (https://cdn.skypack.dev/-/google-protobuf@v3.21.2-YDUqZL2TTSsy2lGtfuND/dist=es2019,mode=imports/optimized/google-protobuf.js:783:23)
    at jspb.BinaryDecoder.readUnsignedVarint32 (https://cdn.skypack.dev/-/google-protobuf@v3.21.2-YDUqZL2TTSsy2lGtfuND/dist=es2019,mode=imports/optimized/google-protobuf.js:4150:18)
    at jspb.BinaryReader.getFieldDecoder (https://cdn.skypack.dev/-/google-protobuf@v3.21.2-YDUqZL2TTSsy2lGtfuND/dist=es2019,mode=imports/optimized/google-protobuf.js:4526:27)
    at Function.deserialize (file:///Users/thesayyn/Documents/thesayyn/protoc-gen-ts/target/debug/build/protoc_gen_ts-8cec2bec66276c47/out/test_conformance/test_messages_proto3.ts:299:136)
    at file:///Users/thesayyn/Documents/thesayyn/protoc-gen-ts/tests/conformance/bin/main.ts:23:78

  protobuf_test_messages.proto2.TestAllTypesProto2 1
  Error: Assertion failed
    at Object.jspb.asserts.doAssertFailure (https://cdn.skypack.dev/-/google-protobuf@v3.21.2-YDUqZL2TTSsy2lGtfuND/dist=es2019,mode=imports/optimized/google-protobuf.js:778:11)
    at Object.jspb.asserts.assert (https://cdn.skypack.dev/-/google-protobuf@v3.21.2-YDUqZL2TTSsy2lGtfuND/dist=es2019,mode=imports/optimized/google-protobuf.js:783:23)
    at jspb.BinaryDecoder.readUnsignedVarint32 (https://cdn.skypack.dev/-/google-protobuf@v3.21.2-YDUqZL2TTSsy2lGtfuND/dist=es2019,mode=imports/optimized/google-protobuf.js:4150:18)
    at jspb.BinaryReader.getFieldDecoder (https://cdn.skypack.dev/-/google-protobuf@v3.21.2-YDUqZL2TTSsy2lGtfuND/dist=es2019,mode=imports/optimized/google-protobuf.js:4526:27)
    at Function.deserialize (file:///Users/thesayyn/Documents/thesayyn/protoc-gen-ts/target/debug/build/protoc_gen_ts-8cec2bec66276c47/out/test_conformance/test_messages_proto2.ts:259:136)
    at file:///Users/thesayyn/Documents/thesayyn/protoc-gen-ts/tests/conformance/bin/main.ts:30:78

  protobuf_test_messages.proto3.TestAllTypesProto3 1
  Error: Assertion failed
    at Object.jspb.asserts.doAssertFailure (https://cdn.skypack.dev/-/google-protobuf@v3.21.2-YDUqZL2TTSsy2lGtfuND/dist=es2019,mode=imports/optimized/google-protobuf.js:778:11)
    at Object.jspb.asserts.assert (https://cdn.skypack.dev/-/google-protobuf@v3.21.2-YDUqZL2TTSsy2lGtfuND/dist=es2019,mode=imports/optimized/google-protobuf.js:783:23)
    at jspb.BinaryDecoder.readUnsignedVarint32 (https://cdn.skypack.dev/-/google-protobuf@v3.21.2-YDUqZL2TTSsy2lGtfuND/dist=es2019,mode=imports/optimized/google-protobuf.js:4150:18)
    at jspb.BinaryReader.skipDelimitedField (https://cdn.skypack.dev/-/google-protobuf@v3.21.2-YDUqZL2TTSsy2lGtfuND/dist=es2019,mode=imports/optimized/google-protobuf.js:4401:29)
    at jspb.BinaryReader.skipField (https://cdn.skypack.dev/-/google-protobuf@v3.21.2-YDUqZL2TTSsy2lGtfuND/dist=es2019,mode=imports/optimized/google-protobuf.js:4435:14)
    at Function.deserialize (file:///Users/thesayyn/Documents/thesayyn/protoc-gen-ts/target/debug/build/protoc_gen_ts-8cec2bec66276c47/out/test_conformance/test_messages_proto3.ts:958:24)
    at file:///Users/thesayyn/Documents/thesayyn/protoc-gen-ts/tests/conformance/bin/main.ts:23:78

  protobuf_test_messages.proto2.TestAllTypesProto2 1
  Error: Assertion failed
    at Object.jspb.asserts.doAssertFailure (https://cdn.skypack.dev/-/google-protobuf@v3.21.2-YDUqZL2TTSsy2lGtfuND/dist=es2019,mode=imports/optimized/google-protobuf.js:778:11)
    at Object.jspb.asserts.assert (https://cdn.skypack.dev/-/google-protobuf@v3.21.2-YDUqZL2TTSsy2lGtfuND/dist=es2019,mode=imports/optimized/google-protobuf.js:783:23)
    at jspb.BinaryDecoder.readUnsignedVarint32 (https://cdn.skypack.dev/-/google-protobuf@v3.21.2-YDUqZL2TTSsy2lGtfuND/dist=es2019,mode=imports/optimized/google-protobuf.js:4150:18)
    at jspb.BinaryReader.skipDelimitedField (https://cdn.skypack.dev/-/google-protobuf@v3.21.2-YDUqZL2TTSsy2lGtfuND/dist=es2019,mode=imports/optimized/google-protobuf.js:4401:29)
    at jspb.BinaryReader.skipField (https://cdn.skypack.dev/-/google-protobuf@v3.21.2-YDUqZL2TTSsy2lGtfuND/dist=es2019,mode=imports/optimized/google-protobuf.js:4435:14)
    at Function.deserialize (file:///Users/thesayyn/Documents/thesayyn/protoc-gen-ts/target/debug/build/protoc_gen_ts-8cec2bec66276c47/out/test_conformance/test_messages_proto2.ts:865:24)
    at file:///Users/thesayyn/Documents/thesayyn/protoc-gen-ts/tests/conformance/bin/main.ts:30:78

  protobuf_test_messages.proto3.TestAllTypesProto3 1
  Error: Assertion failed
    at Object.jspb.asserts.doAssertFailure (https://cdn.skypack.dev/-/google-protobuf@v3.21.2-YDUqZL2TTSsy2lGtfuND/dist=es2019,mode=imports/optimized/google-protobuf.js:778:11)
    at Object.jspb.asserts.assert (https://cdn.skypack.dev/-/google-protobuf@v3.21.2-YDUqZL2TTSsy2lGtfuND/dist=es2019,mode=imports/optimized/google-protobuf.js:783:23)
    at jspb.BinaryDecoder.advance (https://cdn.skypack.dev/-/google-protobuf@v3.21.2-YDUqZL2TTSsy2lGtfuND/dist=es2019,mode=imports/optimized/google-protobuf.js:4081:18)
    at jspb.BinaryReader.skipDelimitedField (https://cdn.skypack.dev/-/google-protobuf@v3.21.2-YDUqZL2TTSsy2lGtfuND/dist=es2019,mode=imports/optimized/google-protobuf.js:4402:21)
    at jspb.BinaryReader.skipField (https://cdn.skypack.dev/-/google-protobuf@v3.21.2-YDUqZL2TTSsy2lGtfuND/dist=es2019,mode=imports/optimized/google-protobuf.js:4435:14)
    at Function.deserialize (file:///Users/thesayyn/Documents/thesayyn/protoc-gen-ts/target/debug/build/protoc_gen_ts-8cec2bec66276c47/out/test_conformance/test_messages_proto3.ts:1724:24)
    at Function.deserialize (file:///Users/thesayyn/Documents/thesayyn/protoc-gen-ts/target/debug/build/protoc_gen_ts-8cec2bec66276c47/out/test_conformance/test_messages_proto3.ts:217:118)
    at file:///Users/thesayyn/Documents/thesayyn/protoc-gen-ts/tests/conformance/bin/main.ts:23:78

  protobuf_test_messages.proto2.TestAllTypesProto2 1
  Error: Assertion failed
    at Object.jspb.asserts.doAssertFailure (https://cdn.skypack.dev/-/google-protobuf@v3.21.2-YDUqZL2TTSsy2lGtfuND/dist=es2019,mode=imports/optimized/google-protobuf.js:778:11)
    at Object.jspb.asserts.assert (https://cdn.skypack.dev/-/google-protobuf@v3.21.2-YDUqZL2TTSsy2lGtfuND/dist=es2019,mode=imports/optimized/google-protobuf.js:783:23)
    at jspb.BinaryDecoder.advance (https://cdn.skypack.dev/-/google-protobuf@v3.21.2-YDUqZL2TTSsy2lGtfuND/dist=es2019,mode=imports/optimized/google-protobuf.js:4081:18)
    at jspb.BinaryReader.skipDelimitedField (https://cdn.skypack.dev/-/google-protobuf@v3.21.2-YDUqZL2TTSsy2lGtfuND/dist=es2019,mode=imports/optimized/google-protobuf.js:4402:21)
    at jspb.BinaryReader.skipField (https://cdn.skypack.dev/-/google-protobuf@v3.21.2-YDUqZL2TTSsy2lGtfuND/dist=es2019,mode=imports/optimized/google-protobuf.js:4435:14)
    at Function.deserialize (file:///Users/thesayyn/Documents/thesayyn/protoc-gen-ts/target/debug/build/protoc_gen_ts-8cec2bec66276c47/out/test_conformance/test_messages_proto2.ts:1484:24)
    at Function.deserialize (file:///Users/thesayyn/Documents/thesayyn/protoc-gen-ts/target/debug/build/protoc_gen_ts-8cec2bec66276c47/out/test_conformance/test_messages_proto2.ts:193:118)
    at file:///Users/thesayyn/Documents/thesayyn/protoc-gen-ts/tests/conformance/bin/main.ts:30:78

  protobuf_test_messages.proto3.TestAllTypesProto3 1
  Error: Assertion failed
    at Object.jspb.asserts.doAssertFailure (https://cdn.skypack.dev/-/google-protobuf@v3.21.2-YDUqZL2TTSsy2lGtfuND/dist=es2019,mode=imports/optimized/google-protobuf.js:778:11)
    at Object.jspb.asserts.assert (https://cdn.skypack.dev/-/google-protobuf@v3.21.2-YDUqZL2TTSsy2lGtfuND/dist=es2019,mode=imports/optimized/google-protobuf.js:783:23)
    at jspb.BinaryDecoder.advance (https://cdn.skypack.dev/-/google-protobuf@v3.21.2-YDUqZL2TTSsy2lGtfuND/dist=es2019,mode=imports/optimized/google-protobuf.js:4081:18)
    at jspb.BinaryReader.skipDelimitedField (https://cdn.skypack.dev/-/google-protobuf@v3.21.2-YDUqZL2TTSsy2lGtfuND/dist=es2019,mode=imports/optimized/google-protobuf.js:4402:21)
    at jspb.BinaryReader.skipField (https://cdn.skypack.dev/-/google-protobuf@v3.21.2-YDUqZL2TTSsy2lGtfuND/dist=es2019,mode=imports/optimized/google-protobuf.js:4435:14)
    at Function.deserialize (file:///Users/thesayyn/Documents/thesayyn/protoc-gen-ts/target/debug/build/protoc_gen_ts-8cec2bec66276c47/out/test_conformance/test_messages_proto3.ts:1724:24)
    at Function.deserialize (file:///Users/thesayyn/Documents/thesayyn/protoc-gen-ts/target/debug/build/protoc_gen_ts-8cec2bec66276c47/out/test_conformance/test_messages_proto3.ts:299:121)
    at file:///Users/thesayyn/Documents/thesayyn/protoc-gen-ts/tests/conformance/bin/main.ts:23:78

  protobuf_test_messages.proto2.TestAllTypesProto2 1
  Error: Assertion failed
    at Object.jspb.asserts.doAssertFailure (https://cdn.skypack.dev/-/google-protobuf@v3.21.2-YDUqZL2TTSsy2lGtfuND/dist=es2019,mode=imports/optimized/google-protobuf.js:778:11)
    at Object.jspb.asserts.assert (https://cdn.skypack.dev/-/google-protobuf@v3.21.2-YDUqZL2TTSsy2lGtfuND/dist=es2019,mode=imports/optimized/google-protobuf.js:783:23)
    at jspb.BinaryDecoder.advance (https://cdn.skypack.dev/-/google-protobuf@v3.21.2-YDUqZL2TTSsy2lGtfuND/dist=es2019,mode=imports/optimized/google-protobuf.js:4081:18)
    at jspb.BinaryReader.skipDelimitedField (https://cdn.skypack.dev/-/google-protobuf@v3.21.2-YDUqZL2TTSsy2lGtfuND/dist=es2019,mode=imports/optimized/google-protobuf.js:4402:21)
    at jspb.BinaryReader.skipField (https://cdn.skypack.dev/-/google-protobuf@v3.21.2-YDUqZL2TTSsy2lGtfuND/dist=es2019,mode=imports/optimized/google-protobuf.js:4435:14)
    at Function.deserialize (file:///Users/thesayyn/Documents/thesayyn/protoc-gen-ts/target/debug/build/protoc_gen_ts-8cec2bec66276c47/out/test_conformance/test_messages_proto2.ts:1484:24)
    at Function.deserialize (file:///Users/thesayyn/Documents/thesayyn/protoc-gen-ts/target/debug/build/protoc_gen_ts-8cec2bec66276c47/out/test_conformance/test_messages_proto2.ts:259:121)
    at file:///Users/thesayyn/Documents/thesayyn/protoc-gen-ts/tests/conformance/bin/main.ts:30:78

  protobuf_test_messages.proto3.TestAllTypesProto3 1
  Error: Assertion failed
    at Object.jspb.asserts.doAssertFailure (https://cdn.skypack.dev/-/google-protobuf@v3.21.2-YDUqZL2TTSsy2lGtfuND/dist=es2019,mode=imports/optimized/google-protobuf.js:778:11)
    at Object.jspb.asserts.assert (https://cdn.skypack.dev/-/google-protobuf@v3.21.2-YDUqZL2TTSsy2lGtfuND/dist=es2019,mode=imports/optimized/google-protobuf.js:783:23)
    at jspb.BinaryDecoder.advance (https://cdn.skypack.dev/-/google-protobuf@v3.21.2-YDUqZL2TTSsy2lGtfuND/dist=es2019,mode=imports/optimized/google-protobuf.js:4081:18)
    at jspb.BinaryReader.skipDelimitedField (https://cdn.skypack.dev/-/google-protobuf@v3.21.2-YDUqZL2TTSsy2lGtfuND/dist=es2019,mode=imports/optimized/google-protobuf.js:4402:21)
    at jspb.BinaryReader.skipField (https://cdn.skypack.dev/-/google-protobuf@v3.21.2-YDUqZL2TTSsy2lGtfuND/dist=es2019,mode=imports/optimized/google-protobuf.js:4435:14)
    at Function.deserialize (file:///Users/thesayyn/Documents/thesayyn/protoc-gen-ts/target/debug/build/protoc_gen_ts-8cec2bec66276c47/out/test_conformance/test_messages_proto3.ts:958:24)
    at file:///Users/thesayyn/Documents/thesayyn/protoc-gen-ts/tests/conformance/bin/main.ts:23:78

  protobuf_test_messages.proto2.TestAllTypesProto2 1
  Error: Assertion failed
    at Object.jspb.asserts.doAssertFailure (https://cdn.skypack.dev/-/google-protobuf@v3.21.2-YDUqZL2TTSsy2lGtfuND/dist=es2019,mode=imports/optimized/google-protobuf.js:778:11)
    at Object.jspb.asserts.assert (https://cdn.skypack.dev/-/google-protobuf@v3.21.2-YDUqZL2TTSsy2lGtfuND/dist=es2019,mode=imports/optimized/google-protobuf.js:783:23)
    at jspb.BinaryDecoder.advance (https://cdn.skypack.dev/-/google-protobuf@v3.21.2-YDUqZL2TTSsy2lGtfuND/dist=es2019,mode=imports/optimized/google-protobuf.js:4081:18)
    at jspb.BinaryReader.skipDelimitedField (https://cdn.skypack.dev/-/google-protobuf@v3.21.2-YDUqZL2TTSsy2lGtfuND/dist=es2019,mode=imports/optimized/google-protobuf.js:4402:21)
    at jspb.BinaryReader.skipField (https://cdn.skypack.dev/-/google-protobuf@v3.21.2-YDUqZL2TTSsy2lGtfuND/dist=es2019,mode=imports/optimized/google-protobuf.js:4435:14)
    at Function.deserialize (file:///Users/thesayyn/Documents/thesayyn/protoc-gen-ts/target/debug/build/protoc_gen_ts-8cec2bec66276c47/out/test_conformance/test_messages_proto2.ts:865:24)
    at file:///Users/thesayyn/Documents/thesayyn/protoc-gen-ts/tests/conformance/bin/main.ts:30:78

  protobuf_test_messages.proto3.TestAllTypesProto3 1
  Error: Assertion failed
    at Object.jspb.asserts.doAssertFailure (https://cdn.skypack.dev/-/google-protobuf@v3.21.2-YDUqZL2TTSsy2lGtfuND/dist=es2019,mode=imports/optimized/google-protobuf.js:778:11)
    at Object.jspb.asserts.assert (https://cdn.skypack.dev/-/google-protobuf@v3.21.2-YDUqZL2TTSsy2lGtfuND/dist=es2019,mode=imports/optimized/google-protobuf.js:783:23)
    at jspb.BinaryDecoder.readUnsignedVarint32 (https://cdn.skypack.dev/-/google-protobuf@v3.21.2-YDUqZL2TTSsy2lGtfuND/dist=es2019,mode=imports/optimized/google-protobuf.js:4150:18)
    at jspb.BinaryReader.readBytes (https://cdn.skypack.dev/-/google-protobuf@v3.21.2-YDUqZL2TTSsy2lGtfuND/dist=es2019,mode=imports/optimized/google-protobuf.js:4641:27)
    at Function.deserialize (file:///Users/thesayyn/Documents/thesayyn/protoc-gen-ts/target/debug/build/protoc_gen_ts-8cec2bec66276c47/out/test_conformance/test_messages_proto3.ts:214:49)
    at file:///Users/thesayyn/Documents/thesayyn/protoc-gen-ts/tests/conformance/bin/main.ts:23:78

  protobuf_test_messages.proto2.TestAllTypesProto2 1
  Error: Assertion failed
    at Object.jspb.asserts.doAssertFailure (https://cdn.skypack.dev/-/google-protobuf@v3.21.2-YDUqZL2TTSsy2lGtfuND/dist=es2019,mode=imports/optimized/google-protobuf.js:778:11)
    at Object.jspb.asserts.assert (https://cdn.skypack.dev/-/google-protobuf@v3.21.2-YDUqZL2TTSsy2lGtfuND/dist=es2019,mode=imports/optimized/google-protobuf.js:783:23)
    at jspb.BinaryDecoder.readUnsignedVarint32 (https://cdn.skypack.dev/-/google-protobuf@v3.21.2-YDUqZL2TTSsy2lGtfuND/dist=es2019,mode=imports/optimized/google-protobuf.js:4150:18)
    at jspb.BinaryReader.readBytes (https://cdn.skypack.dev/-/google-protobuf@v3.21.2-YDUqZL2TTSsy2lGtfuND/dist=es2019,mode=imports/optimized/google-protobuf.js:4641:27)
    at Function.deserialize (file:///Users/thesayyn/Documents/thesayyn/protoc-gen-ts/target/debug/build/protoc_gen_ts-8cec2bec66276c47/out/test_conformance/test_messages_proto2.ts:190:49)
    at file:///Users/thesayyn/Documents/thesayyn/protoc-gen-ts/tests/conformance/bin/main.ts:30:78

  protobuf_test_messages.proto3.TestAllTypesProto3 1
  Error: Assertion failed
    at Object.jspb.asserts.doAssertFailure (https://cdn.skypack.dev/-/google-protobuf@v3.21.2-YDUqZL2TTSsy2lGtfuND/dist=es2019,mode=imports/optimized/google-protobuf.js:778:11)
    at Object.jspb.asserts.assert (https://cdn.skypack.dev/-/google-protobuf@v3.21.2-YDUqZL2TTSsy2lGtfuND/dist=es2019,mode=imports/optimized/google-protobuf.js:783:23)
    at jspb.BinaryDecoder.readUnsignedVarint32 (https://cdn.skypack.dev/-/google-protobuf@v3.21.2-YDUqZL2TTSsy2lGtfuND/dist=es2019,mode=imports/optimized/google-protobuf.js:4150:18)
    at jspb.BinaryReader.readBytes (https://cdn.skypack.dev/-/google-protobuf@v3.21.2-YDUqZL2TTSsy2lGtfuND/dist=es2019,mode=imports/optimized/google-protobuf.js:4641:27)
    at Function.deserialize (file:///Users/thesayyn/Documents/thesayyn/protoc-gen-ts/target/debug/build/protoc_gen_ts-8cec2bec66276c47/out/test_conformance/test_messages_proto3.ts:296:52)
    at file:///Users/thesayyn/Documents/thesayyn/protoc-gen-ts/tests/conformance/bin/main.ts:23:78

  protobuf_test_messages.proto2.TestAllTypesProto2 1
  Error: Assertion failed
    at Object.jspb.asserts.doAssertFailure (https://cdn.skypack.dev/-/google-protobuf@v3.21.2-YDUqZL2TTSsy2lGtfuND/dist=es2019,mode=imports/optimized/google-protobuf.js:778:11)
    at Object.jspb.asserts.assert (https://cdn.skypack.dev/-/google-protobuf@v3.21.2-YDUqZL2TTSsy2lGtfuND/dist=es2019,mode=imports/optimized/google-protobuf.js:783:23)
    at jspb.BinaryDecoder.readUnsignedVarint32 (https://cdn.skypack.dev/-/google-protobuf@v3.21.2-YDUqZL2TTSsy2lGtfuND/dist=es2019,mode=imports/optimized/google-protobuf.js:4150:18)
    at jspb.BinaryReader.readBytes (https://cdn.skypack.dev/-/google-protobuf@v3.21.2-YDUqZL2TTSsy2lGtfuND/dist=es2019,mode=imports/optimized/google-protobuf.js:4641:27)
    at Function.deserialize (file:///Users/thesayyn/Documents/thesayyn/protoc-gen-ts/target/debug/build/protoc_gen_ts-8cec2bec66276c47/out/test_conformance/test_messages_proto2.ts:256:52)
    at file:///Users/thesayyn/Documents/thesayyn/protoc-gen-ts/tests/conformance/bin/main.ts:30:78

  protobuf_test_messages.proto3.TestAllTypesProto3 1
  Error: Assertion failed
    at Object.jspb.asserts.doAssertFailure (https://cdn.skypack.dev/-/google-protobuf@v3.21.2-YDUqZL2TTSsy2lGtfuND/dist=es2019,mode=imports/optimized/google-protobuf.js:778:11)
    at Object.jspb.asserts.assert (https://cdn.skypack.dev/-/google-protobuf@v3.21.2-YDUqZL2TTSsy2lGtfuND/dist=es2019,mode=imports/optimized/google-protobuf.js:783:23)
    at jspb.BinaryDecoder.readUnsignedVarint32 (https://cdn.skypack.dev/-/google-protobuf@v3.21.2-YDUqZL2TTSsy2lGtfuND/dist=es2019,mode=imports/optimized/google-protobuf.js:4150:18)
    at jspb.BinaryReader.skipDelimitedField (https://cdn.skypack.dev/-/google-protobuf@v3.21.2-YDUqZL2TTSsy2lGtfuND/dist=es2019,mode=imports/optimized/google-protobuf.js:4401:29)
    at jspb.BinaryReader.skipField (https://cdn.skypack.dev/-/google-protobuf@v3.21.2-YDUqZL2TTSsy2lGtfuND/dist=es2019,mode=imports/optimized/google-protobuf.js:4435:14)
    at Function.deserialize (file:///Users/thesayyn/Documents/thesayyn/protoc-gen-ts/target/debug/build/protoc_gen_ts-8cec2bec66276c47/out/test_conformance/test_messages_proto3.ts:958:24)
    at file:///Users/thesayyn/Documents/thesayyn/protoc-gen-ts/tests/conformance/bin/main.ts:23:78

  protobuf_test_messages.proto2.TestAllTypesProto2 1
  Error: Assertion failed
    at Object.jspb.asserts.doAssertFailure (https://cdn.skypack.dev/-/google-protobuf@v3.21.2-YDUqZL2TTSsy2lGtfuND/dist=es2019,mode=imports/optimized/google-protobuf.js:778:11)
    at Object.jspb.asserts.assert (https://cdn.skypack.dev/-/google-protobuf@v3.21.2-YDUqZL2TTSsy2lGtfuND/dist=es2019,mode=imports/optimized/google-protobuf.js:783:23)
    at jspb.BinaryDecoder.readUnsignedVarint32 (https://cdn.skypack.dev/-/google-protobuf@v3.21.2-YDUqZL2TTSsy2lGtfuND/dist=es2019,mode=imports/optimized/google-protobuf.js:4150:18)
    at jspb.BinaryReader.skipDelimitedField (https://cdn.skypack.dev/-/google-protobuf@v3.21.2-YDUqZL2TTSsy2lGtfuND/dist=es2019,mode=imports/optimized/google-protobuf.js:4401:29)
    at jspb.BinaryReader.skipField (https://cdn.skypack.dev/-/google-protobuf@v3.21.2-YDUqZL2TTSsy2lGtfuND/dist=es2019,mode=imports/optimized/google-protobuf.js:4435:14)
    at Function.deserialize (file:///Users/thesayyn/Documents/thesayyn/protoc-gen-ts/target/debug/build/protoc_gen_ts-8cec2bec66276c47/out/test_conformance/test_messages_proto2.ts:865:24)
    at file:///Users/thesayyn/Documents/thesayyn/protoc-gen-ts/tests/conformance/bin/main.ts:30:78

  protobuf_test_messages.proto3.TestAllTypesProto3 1
  Error: Assertion failed
    at Object.jspb.asserts.doAssertFailure (https://cdn.skypack.dev/-/google-protobuf@v3.21.2-YDUqZL2TTSsy2lGtfuND/dist=es2019,mode=imports/optimized/google-protobuf.js:778:11)
    at Object.jspb.asserts.assert (https://cdn.skypack.dev/-/google-protobuf@v3.21.2-YDUqZL2TTSsy2lGtfuND/dist=es2019,mode=imports/optimized/google-protobuf.js:783:23)
    at jspb.BinaryDecoder.readUnsignedVarint32 (https://cdn.skypack.dev/-/google-protobuf@v3.21.2-YDUqZL2TTSsy2lGtfuND/dist=es2019,mode=imports/optimized/google-protobuf.js:4150:18)
    at jspb.BinaryReader.readBytes (https://cdn.skypack.dev/-/google-protobuf@v3.21.2-YDUqZL2TTSsy2lGtfuND/dist=es2019,mode=imports/optimized/google-protobuf.js:4641:27)
    at Function.deserialize (file:///Users/thesayyn/Documents/thesayyn/protoc-gen-ts/target/debug/build/protoc_gen_ts-8cec2bec66276c47/out/test_conformance/test_messages_proto3.ts:214:49)
    at file:///Users/thesayyn/Documents/thesayyn/protoc-gen-ts/tests/conformance/bin/main.ts:23:78

  protobuf_test_messages.proto2.TestAllTypesProto2 1
  Error: Assertion failed
    at Object.jspb.asserts.doAssertFailure (https://cdn.skypack.dev/-/google-protobuf@v3.21.2-YDUqZL2TTSsy2lGtfuND/dist=es2019,mode=imports/optimized/google-protobuf.js:778:11)
    at Object.jspb.asserts.assert (https://cdn.skypack.dev/-/google-protobuf@v3.21.2-YDUqZL2TTSsy2lGtfuND/dist=es2019,mode=imports/optimized/google-protobuf.js:783:23)
    at jspb.BinaryDecoder.readUnsignedVarint32 (https://cdn.skypack.dev/-/google-protobuf@v3.21.2-YDUqZL2TTSsy2lGtfuND/dist=es2019,mode=imports/optimized/google-protobuf.js:4150:18)
    at jspb.BinaryReader.readBytes (https://cdn.skypack.dev/-/google-protobuf@v3.21.2-YDUqZL2TTSsy2lGtfuND/dist=es2019,mode=imports/optimized/google-protobuf.js:4641:27)
    at Function.deserialize (file:///Users/thesayyn/Documents/thesayyn/protoc-gen-ts/target/debug/build/protoc_gen_ts-8cec2bec66276c47/out/test_conformance/test_messages_proto2.ts:190:49)
    at file:///Users/thesayyn/Documents/thesayyn/protoc-gen-ts/tests/conformance/bin/main.ts:30:78

  protobuf_test_messages.proto3.TestAllTypesProto3 1
  Error: Assertion failed
    at Object.jspb.asserts.doAssertFailure (https://cdn.skypack.dev/-/google-protobuf@v3.21.2-YDUqZL2TTSsy2lGtfuND/dist=es2019,mode=imports/optimized/google-protobuf.js:778:11)
    at Object.jspb.asserts.assert (https://cdn.skypack.dev/-/google-protobuf@v3.21.2-YDUqZL2TTSsy2lGtfuND/dist=es2019,mode=imports/optimized/google-protobuf.js:783:23)
    at jspb.BinaryDecoder.readUnsignedVarint32 (https://cdn.skypack.dev/-/google-protobuf@v3.21.2-YDUqZL2TTSsy2lGtfuND/dist=es2019,mode=imports/optimized/google-protobuf.js:4150:18)
    at jspb.BinaryReader.readBytes (https://cdn.skypack.dev/-/google-protobuf@v3.21.2-YDUqZL2TTSsy2lGtfuND/dist=es2019,mode=imports/optimized/google-protobuf.js:4641:27)
    at Function.deserialize (file:///Users/thesayyn/Documents/thesayyn/protoc-gen-ts/target/debug/build/protoc_gen_ts-8cec2bec66276c47/out/test_conformance/test_messages_proto3.ts:296:52)
    at file:///Users/thesayyn/Documents/thesayyn/protoc-gen-ts/tests/conformance/bin/main.ts:23:78

  protobuf_test_messages.proto2.TestAllTypesProto2 1
  Error: Assertion failed
    at Object.jspb.asserts.doAssertFailure (https://cdn.skypack.dev/-/google-protobuf@v3.21.2-YDUqZL2TTSsy2lGtfuND/dist=es2019,mode=imports/optimized/google-protobuf.js:778:11)
    at Object.jspb.asserts.assert (https://cdn.skypack.dev/-/google-protobuf@v3.21.2-YDUqZL2TTSsy2lGtfuND/dist=es2019,mode=imports/optimized/google-protobuf.js:783:23)
    at jspb.BinaryDecoder.readUnsignedVarint32 (https://cdn.skypack.dev/-/google-protobuf@v3.21.2-YDUqZL2TTSsy2lGtfuND/dist=es2019,mode=imports/optimized/google-protobuf.js:4150:18)
    at jspb.BinaryReader.readBytes (https://cdn.skypack.dev/-/google-protobuf@v3.21.2-YDUqZL2TTSsy2lGtfuND/dist=es2019,mode=imports/optimized/google-protobuf.js:4641:27)
    at Function.deserialize (file:///Users/thesayyn/Documents/thesayyn/protoc-gen-ts/target/debug/build/protoc_gen_ts-8cec2bec66276c47/out/test_conformance/test_messages_proto2.ts:256:52)
    at file:///Users/thesayyn/Documents/thesayyn/protoc-gen-ts/tests/conformance/bin/main.ts:30:78

  protobuf_test_messages.proto3.TestAllTypesProto3 1
  Error: Assertion failed
    at Object.jspb.asserts.doAssertFailure (https://cdn.skypack.dev/-/google-protobuf@v3.21.2-YDUqZL2TTSsy2lGtfuND/dist=es2019,mode=imports/optimized/google-protobuf.js:778:11)
    at Object.jspb.asserts.assert (https://cdn.skypack.dev/-/google-protobuf@v3.21.2-YDUqZL2TTSsy2lGtfuND/dist=es2019,mode=imports/optimized/google-protobuf.js:783:23)
    at jspb.BinaryDecoder.readUnsignedVarint32 (https://cdn.skypack.dev/-/google-protobuf@v3.21.2-YDUqZL2TTSsy2lGtfuND/dist=es2019,mode=imports/optimized/google-protobuf.js:4150:18)
    at jspb.BinaryReader.skipDelimitedField (https://cdn.skypack.dev/-/google-protobuf@v3.21.2-YDUqZL2TTSsy2lGtfuND/dist=es2019,mode=imports/optimized/google-protobuf.js:4401:29)
    at jspb.BinaryReader.skipField (https://cdn.skypack.dev/-/google-protobuf@v3.21.2-YDUqZL2TTSsy2lGtfuND/dist=es2019,mode=imports/optimized/google-protobuf.js:4435:14)
    at Function.deserialize (file:///Users/thesayyn/Documents/thesayyn/protoc-gen-ts/target/debug/build/protoc_gen_ts-8cec2bec66276c47/out/test_conformance/test_messages_proto3.ts:958:24)
    at file:///Users/thesayyn/Documents/thesayyn/protoc-gen-ts/tests/conformance/bin/main.ts:23:78

  protobuf_test_messages.proto2.TestAllTypesProto2 1
  Error: Assertion failed
    at Object.jspb.asserts.doAssertFailure (https://cdn.skypack.dev/-/google-protobuf@v3.21.2-YDUqZL2TTSsy2lGtfuND/dist=es2019,mode=imports/optimized/google-protobuf.js:778:11)
    at Object.jspb.asserts.assert (https://cdn.skypack.dev/-/google-protobuf@v3.21.2-YDUqZL2TTSsy2lGtfuND/dist=es2019,mode=imports/optimized/google-protobuf.js:783:23)
    at jspb.BinaryDecoder.readUnsignedVarint32 (https://cdn.skypack.dev/-/google-protobuf@v3.21.2-YDUqZL2TTSsy2lGtfuND/dist=es2019,mode=imports/optimized/google-protobuf.js:4150:18)
    at jspb.BinaryReader.skipDelimitedField (https://cdn.skypack.dev/-/google-protobuf@v3.21.2-YDUqZL2TTSsy2lGtfuND/dist=es2019,mode=imports/optimized/google-protobuf.js:4401:29)
    at jspb.BinaryReader.skipField (https://cdn.skypack.dev/-/google-protobuf@v3.21.2-YDUqZL2TTSsy2lGtfuND/dist=es2019,mode=imports/optimized/google-protobuf.js:4435:14)
    at Function.deserialize (file:///Users/thesayyn/Documents/thesayyn/protoc-gen-ts/target/debug/build/protoc_gen_ts-8cec2bec66276c47/out/test_conformance/test_messages_proto2.ts:865:24)
    at file:///Users/thesayyn/Documents/thesayyn/protoc-gen-ts/tests/conformance/bin/main.ts:30:78

  protobuf_test_messages.proto3.TestAllTypesProto3 1
  Error: Failure: Invalid byte length!
    at Object.jspb.asserts.fail (https://cdn.skypack.dev/-/google-protobuf@v3.21.2-YDUqZL2TTSsy2lGtfuND/dist=es2019,mode=imports/optimized/google-protobuf.js:801:11)
    at jspb.BinaryDecoder.readBytes (https://cdn.skypack.dev/-/google-protobuf@v3.21.2-YDUqZL2TTSsy2lGtfuND/dist=es2019,mode=imports/optimized/google-protobuf.js:4289:47)
    at jspb.BinaryReader.readBytes (https://cdn.skypack.dev/-/google-protobuf@v3.21.2-YDUqZL2TTSsy2lGtfuND/dist=es2019,mode=imports/optimized/google-protobuf.js:4642:26)
    at Function.deserialize (file:///Users/thesayyn/Documents/thesayyn/protoc-gen-ts/target/debug/build/protoc_gen_ts-8cec2bec66276c47/out/test_conformance/test_messages_proto3.ts:214:49)
    at file:///Users/thesayyn/Documents/thesayyn/protoc-gen-ts/tests/conformance/bin/main.ts:23:78

  protobuf_test_messages.proto2.TestAllTypesProto2 1
  Error: Failure: Invalid byte length!
    at Object.jspb.asserts.fail (https://cdn.skypack.dev/-/google-protobuf@v3.21.2-YDUqZL2TTSsy2lGtfuND/dist=es2019,mode=imports/optimized/google-protobuf.js:801:11)
    at jspb.BinaryDecoder.readBytes (https://cdn.skypack.dev/-/google-protobuf@v3.21.2-YDUqZL2TTSsy2lGtfuND/dist=es2019,mode=imports/optimized/google-protobuf.js:4289:47)
    at jspb.BinaryReader.readBytes (https://cdn.skypack.dev/-/google-protobuf@v3.21.2-YDUqZL2TTSsy2lGtfuND/dist=es2019,mode=imports/optimized/google-protobuf.js:4642:26)
    at Function.deserialize (file:///Users/thesayyn/Documents/thesayyn/protoc-gen-ts/target/debug/build/protoc_gen_ts-8cec2bec66276c47/out/test_conformance/test_messages_proto2.ts:190:49)
    at file:///Users/thesayyn/Documents/thesayyn/protoc-gen-ts/tests/conformance/bin/main.ts:30:78

  protobuf_test_messages.proto3.TestAllTypesProto3 1
  Error: Failure: Invalid byte length!
    at Object.jspb.asserts.fail (https://cdn.skypack.dev/-/google-protobuf@v3.21.2-YDUqZL2TTSsy2lGtfuND/dist=es2019,mode=imports/optimized/google-protobuf.js:801:11)
    at jspb.BinaryDecoder.readBytes (https://cdn.skypack.dev/-/google-protobuf@v3.21.2-YDUqZL2TTSsy2lGtfuND/dist=es2019,mode=imports/optimized/google-protobuf.js:4289:47)
    at jspb.BinaryReader.readBytes (https://cdn.skypack.dev/-/google-protobuf@v3.21.2-YDUqZL2TTSsy2lGtfuND/dist=es2019,mode=imports/optimized/google-protobuf.js:4642:26)
    at Function.deserialize (file:///Users/thesayyn/Documents/thesayyn/protoc-gen-ts/target/debug/build/protoc_gen_ts-8cec2bec66276c47/out/test_conformance/test_messages_proto3.ts:296:52)
    at file:///Users/thesayyn/Documents/thesayyn/protoc-gen-ts/tests/conformance/bin/main.ts:23:78

  protobuf_test_messages.proto2.TestAllTypesProto2 1
  Error: Failure: Invalid byte length!
    at Object.jspb.asserts.fail (https://cdn.skypack.dev/-/google-protobuf@v3.21.2-YDUqZL2TTSsy2lGtfuND/dist=es2019,mode=imports/optimized/google-protobuf.js:801:11)
    at jspb.BinaryDecoder.readBytes (https://cdn.skypack.dev/-/google-protobuf@v3.21.2-YDUqZL2TTSsy2lGtfuND/dist=es2019,mode=imports/optimized/google-protobuf.js:4289:47)
    at jspb.BinaryReader.readBytes (https://cdn.skypack.dev/-/google-protobuf@v3.21.2-YDUqZL2TTSsy2lGtfuND/dist=es2019,mode=imports/optimized/google-protobuf.js:4642:26)
    at Function.deserialize (file:///Users/thesayyn/Documents/thesayyn/protoc-gen-ts/target/debug/build/protoc_gen_ts-8cec2bec66276c47/out/test_conformance/test_messages_proto2.ts:256:52)
    at file:///Users/thesayyn/Documents/thesayyn/protoc-gen-ts/tests/conformance/bin/main.ts:30:78

  protobuf_test_messages.proto3.TestAllTypesProto3 1
  Error: Assertion failed
    at Object.jspb.asserts.doAssertFailure (https://cdn.skypack.dev/-/google-protobuf@v3.21.2-YDUqZL2TTSsy2lGtfuND/dist=es2019,mode=imports/optimized/google-protobuf.js:778:11)
    at Object.jspb.asserts.assert (https://cdn.skypack.dev/-/google-protobuf@v3.21.2-YDUqZL2TTSsy2lGtfuND/dist=es2019,mode=imports/optimized/google-protobuf.js:783:23)
    at jspb.BinaryDecoder.advance (https://cdn.skypack.dev/-/google-protobuf@v3.21.2-YDUqZL2TTSsy2lGtfuND/dist=es2019,mode=imports/optimized/google-protobuf.js:4081:18)
    at jspb.BinaryReader.skipDelimitedField (https://cdn.skypack.dev/-/google-protobuf@v3.21.2-YDUqZL2TTSsy2lGtfuND/dist=es2019,mode=imports/optimized/google-protobuf.js:4402:21)
    at jspb.BinaryReader.skipField (https://cdn.skypack.dev/-/google-protobuf@v3.21.2-YDUqZL2TTSsy2lGtfuND/dist=es2019,mode=imports/optimized/google-protobuf.js:4435:14)
    at Function.deserialize (file:///Users/thesayyn/Documents/thesayyn/protoc-gen-ts/target/debug/build/protoc_gen_ts-8cec2bec66276c47/out/test_conformance/test_messages_proto3.ts:958:24)
    at file:///Users/thesayyn/Documents/thesayyn/protoc-gen-ts/tests/conformance/bin/main.ts:23:78

  protobuf_test_messages.proto2.TestAllTypesProto2 1
  Error: Assertion failed
    at Object.jspb.asserts.doAssertFailure (https://cdn.skypack.dev/-/google-protobuf@v3.21.2-YDUqZL2TTSsy2lGtfuND/dist=es2019,mode=imports/optimized/google-protobuf.js:778:11)
    at Object.jspb.asserts.assert (https://cdn.skypack.dev/-/google-protobuf@v3.21.2-YDUqZL2TTSsy2lGtfuND/dist=es2019,mode=imports/optimized/google-protobuf.js:783:23)
    at jspb.BinaryDecoder.advance (https://cdn.skypack.dev/-/google-protobuf@v3.21.2-YDUqZL2TTSsy2lGtfuND/dist=es2019,mode=imports/optimized/google-protobuf.js:4081:18)
    at jspb.BinaryReader.skipDelimitedField (https://cdn.skypack.dev/-/google-protobuf@v3.21.2-YDUqZL2TTSsy2lGtfuND/dist=es2019,mode=imports/optimized/google-protobuf.js:4402:21)
    at jspb.BinaryReader.skipField (https://cdn.skypack.dev/-/google-protobuf@v3.21.2-YDUqZL2TTSsy2lGtfuND/dist=es2019,mode=imports/optimized/google-protobuf.js:4435:14)
    at Function.deserialize (file:///Users/thesayyn/Documents/thesayyn/protoc-gen-ts/target/debug/build/protoc_gen_ts-8cec2bec66276c47/out/test_conformance/test_messages_proto2.ts:865:24)
    at file:///Users/thesayyn/Documents/thesayyn/protoc-gen-ts/tests/conformance/bin/main.ts:30:78

  protobuf_test_messages.proto3.TestAllTypesProto3 1
  Error: Assertion failed
    at Object.jspb.asserts.doAssertFailure (https://cdn.skypack.dev/-/google-protobuf@v3.21.2-YDUqZL2TTSsy2lGtfuND/dist=es2019,mode=imports/optimized/google-protobuf.js:778:11)
    at Object.jspb.asserts.assert (https://cdn.skypack.dev/-/google-protobuf@v3.21.2-YDUqZL2TTSsy2lGtfuND/dist=es2019,mode=imports/optimized/google-protobuf.js:783:23)
    at jspb.BinaryDecoder.readUnsignedVarint32 (https://cdn.skypack.dev/-/google-protobuf@v3.21.2-YDUqZL2TTSsy2lGtfuND/dist=es2019,mode=imports/optimized/google-protobuf.js:4150:18)
    at jspb.BinaryReader.readUint32 (https://cdn.skypack.dev/-/google-protobuf@v3.21.2-YDUqZL2TTSsy2lGtfuND/dist=es2019,mode=imports/optimized/google-protobuf.js:4551:26)
    at Function.deserialize (file:///Users/thesayyn/Documents/thesayyn/protoc-gen-ts/target/debug/build/protoc_gen_ts-8cec2bec66276c47/out/test_conformance/test_messages_proto3.ts:178:50)
    at file:///Users/thesayyn/Documents/thesayyn/protoc-gen-ts/tests/conformance/bin/main.ts:23:78

  protobuf_test_messages.proto2.TestAllTypesProto2 1
  Error: Assertion failed
    at Object.jspb.asserts.doAssertFailure (https://cdn.skypack.dev/-/google-protobuf@v3.21.2-YDUqZL2TTSsy2lGtfuND/dist=es2019,mode=imports/optimized/google-protobuf.js:778:11)
    at Object.jspb.asserts.assert (https://cdn.skypack.dev/-/google-protobuf@v3.21.2-YDUqZL2TTSsy2lGtfuND/dist=es2019,mode=imports/optimized/google-protobuf.js:783:23)
    at jspb.BinaryDecoder.readUnsignedVarint32 (https://cdn.skypack.dev/-/google-protobuf@v3.21.2-YDUqZL2TTSsy2lGtfuND/dist=es2019,mode=imports/optimized/google-protobuf.js:4150:18)
    at jspb.BinaryReader.readUint32 (https://cdn.skypack.dev/-/google-protobuf@v3.21.2-YDUqZL2TTSsy2lGtfuND/dist=es2019,mode=imports/optimized/google-protobuf.js:4551:26)
    at Function.deserialize (file:///Users/thesayyn/Documents/thesayyn/protoc-gen-ts/target/debug/build/protoc_gen_ts-8cec2bec66276c47/out/test_conformance/test_messages_proto2.ts:154:50)
    at file:///Users/thesayyn/Documents/thesayyn/protoc-gen-ts/tests/conformance/bin/main.ts:30:78

  protobuf_test_messages.proto3.TestAllTypesProto3 1
  Error: Assertion failed
    at Object.jspb.asserts.doAssertFailure (https://cdn.skypack.dev/-/google-protobuf@v3.21.2-YDUqZL2TTSsy2lGtfuND/dist=es2019,mode=imports/optimized/google-protobuf.js:778:11)
    at Object.jspb.asserts.assert (https://cdn.skypack.dev/-/google-protobuf@v3.21.2-YDUqZL2TTSsy2lGtfuND/dist=es2019,mode=imports/optimized/google-protobuf.js:783:23)
    at jspb.BinaryDecoder.readUnsignedVarint32 (https://cdn.skypack.dev/-/google-protobuf@v3.21.2-YDUqZL2TTSsy2lGtfuND/dist=es2019,mode=imports/optimized/google-protobuf.js:4150:18)
    at jspb.BinaryReader.readUint32 (https://cdn.skypack.dev/-/google-protobuf@v3.21.2-YDUqZL2TTSsy2lGtfuND/dist=es2019,mode=imports/optimized/google-protobuf.js:4551:26)
    at Function.deserialize (file:///Users/thesayyn/Documents/thesayyn/protoc-gen-ts/target/debug/build/protoc_gen_ts-8cec2bec66276c47/out/test_conformance/test_messages_proto3.ts:250:58)
    at file:///Users/thesayyn/Documents/thesayyn/protoc-gen-ts/tests/conformance/bin/main.ts:23:78

  protobuf_test_messages.proto2.TestAllTypesProto2 1
  Error: Assertion failed
    at Object.jspb.asserts.doAssertFailure (https://cdn.skypack.dev/-/google-protobuf@v3.21.2-YDUqZL2TTSsy2lGtfuND/dist=es2019,mode=imports/optimized/google-protobuf.js:778:11)
    at Object.jspb.asserts.assert (https://cdn.skypack.dev/-/google-protobuf@v3.21.2-YDUqZL2TTSsy2lGtfuND/dist=es2019,mode=imports/optimized/google-protobuf.js:783:23)
    at jspb.BinaryDecoder.readUnsignedVarint32 (https://cdn.skypack.dev/-/google-protobuf@v3.21.2-YDUqZL2TTSsy2lGtfuND/dist=es2019,mode=imports/optimized/google-protobuf.js:4150:18)
    at jspb.BinaryReader.readUint32 (https://cdn.skypack.dev/-/google-protobuf@v3.21.2-YDUqZL2TTSsy2lGtfuND/dist=es2019,mode=imports/optimized/google-protobuf.js:4551:26)
    at Function.deserialize (file:///Users/thesayyn/Documents/thesayyn/protoc-gen-ts/target/debug/build/protoc_gen_ts-8cec2bec66276c47/out/test_conformance/test_messages_proto2.ts:220:53)
    at file:///Users/thesayyn/Documents/thesayyn/protoc-gen-ts/tests/conformance/bin/main.ts:30:78

  protobuf_test_messages.proto3.TestAllTypesProto3 1
  Error: Failure: Decoder hit an error
    at Object.jspb.asserts.fail (https://cdn.skypack.dev/-/google-protobuf@v3.21.2-YDUqZL2TTSsy2lGtfuND/dist=es2019,mode=imports/optimized/google-protobuf.js:801:11)
    at jspb.BinaryReader.nextField (https://cdn.skypack.dev/-/google-protobuf@v3.21.2-YDUqZL2TTSsy2lGtfuND/dist=es2019,mode=imports/optimized/google-protobuf.js:4374:27)
    at Function.deserialize (file:///Users/thesayyn/Documents/thesayyn/protoc-gen-ts/target/debug/build/protoc_gen_ts-8cec2bec66276c47/out/test_conformance/test_messages_proto3.ts:169:18)
    at file:///Users/thesayyn/Documents/thesayyn/protoc-gen-ts/tests/conformance/bin/main.ts:23:78

  protobuf_test_messages.proto2.TestAllTypesProto2 1
  Error: Failure: Decoder hit an error
    at Object.jspb.asserts.fail (https://cdn.skypack.dev/-/google-protobuf@v3.21.2-YDUqZL2TTSsy2lGtfuND/dist=es2019,mode=imports/optimized/google-protobuf.js:801:11)
    at jspb.BinaryReader.nextField (https://cdn.skypack.dev/-/google-protobuf@v3.21.2-YDUqZL2TTSsy2lGtfuND/dist=es2019,mode=imports/optimized/google-protobuf.js:4374:27)
    at Function.deserialize (file:///Users/thesayyn/Documents/thesayyn/protoc-gen-ts/target/debug/build/protoc_gen_ts-8cec2bec66276c47/out/test_conformance/test_messages_proto2.ts:145:18)
    at file:///Users/thesayyn/Documents/thesayyn/protoc-gen-ts/tests/conformance/bin/main.ts:30:78

  protobuf_test_messages.proto3.TestAllTypesProto3 1
  Error: Assertion failed
    at Object.jspb.asserts.doAssertFailure (https://cdn.skypack.dev/-/google-protobuf@v3.21.2-YDUqZL2TTSsy2lGtfuND/dist=es2019,mode=imports/optimized/google-protobuf.js:778:11)
    at Object.jspb.asserts.assert (https://cdn.skypack.dev/-/google-protobuf@v3.21.2-YDUqZL2TTSsy2lGtfuND/dist=es2019,mode=imports/optimized/google-protobuf.js:783:23)
    at jspb.BinaryDecoder.readUnsignedVarint32 (https://cdn.skypack.dev/-/google-protobuf@v3.21.2-YDUqZL2TTSsy2lGtfuND/dist=es2019,mode=imports/optimized/google-protobuf.js:4150:18)
    at jspb.BinaryReader.readUint32 (https://cdn.skypack.dev/-/google-protobuf@v3.21.2-YDUqZL2TTSsy2lGtfuND/dist=es2019,mode=imports/optimized/google-protobuf.js:4551:26)
    at Function.deserialize (file:///Users/thesayyn/Documents/thesayyn/protoc-gen-ts/target/debug/build/protoc_gen_ts-8cec2bec66276c47/out/test_conformance/test_messages_proto3.ts:178:50)
    at file:///Users/thesayyn/Documents/thesayyn/protoc-gen-ts/tests/conformance/bin/main.ts:23:78

  protobuf_test_messages.proto2.TestAllTypesProto2 1
  Error: Assertion failed
    at Object.jspb.asserts.doAssertFailure (https://cdn.skypack.dev/-/google-protobuf@v3.21.2-YDUqZL2TTSsy2lGtfuND/dist=es2019,mode=imports/optimized/google-protobuf.js:778:11)
    at Object.jspb.asserts.assert (https://cdn.skypack.dev/-/google-protobuf@v3.21.2-YDUqZL2TTSsy2lGtfuND/dist=es2019,mode=imports/optimized/google-protobuf.js:783:23)
    at jspb.BinaryDecoder.readUnsignedVarint32 (https://cdn.skypack.dev/-/google-protobuf@v3.21.2-YDUqZL2TTSsy2lGtfuND/dist=es2019,mode=imports/optimized/google-protobuf.js:4150:18)
    at jspb.BinaryReader.readUint32 (https://cdn.skypack.dev/-/google-protobuf@v3.21.2-YDUqZL2TTSsy2lGtfuND/dist=es2019,mode=imports/optimized/google-protobuf.js:4551:26)
    at Function.deserialize (file:///Users/thesayyn/Documents/thesayyn/protoc-gen-ts/target/debug/build/protoc_gen_ts-8cec2bec66276c47/out/test_conformance/test_messages_proto2.ts:154:50)
    at file:///Users/thesayyn/Documents/thesayyn/protoc-gen-ts/tests/conformance/bin/main.ts:30:78

  protobuf_test_messages.proto3.TestAllTypesProto3 1
  Error: Assertion failed
    at Object.jspb.asserts.doAssertFailure (https://cdn.skypack.dev/-/google-protobuf@v3.21.2-YDUqZL2TTSsy2lGtfuND/dist=es2019,mode=imports/optimized/google-protobuf.js:778:11)
    at Object.jspb.asserts.assert (https://cdn.skypack.dev/-/google-protobuf@v3.21.2-YDUqZL2TTSsy2lGtfuND/dist=es2019,mode=imports/optimized/google-protobuf.js:783:23)
    at jspb.BinaryDecoder.readUnsignedVarint32 (https://cdn.skypack.dev/-/google-protobuf@v3.21.2-YDUqZL2TTSsy2lGtfuND/dist=es2019,mode=imports/optimized/google-protobuf.js:4150:18)
    at jspb.BinaryReader.readUint32 (https://cdn.skypack.dev/-/google-protobuf@v3.21.2-YDUqZL2TTSsy2lGtfuND/dist=es2019,mode=imports/optimized/google-protobuf.js:4551:26)
    at Function.deserialize (file:///Users/thesayyn/Documents/thesayyn/protoc-gen-ts/target/debug/build/protoc_gen_ts-8cec2bec66276c47/out/test_conformance/test_messages_proto3.ts:250:58)
    at file:///Users/thesayyn/Documents/thesayyn/protoc-gen-ts/tests/conformance/bin/main.ts:23:78

  protobuf_test_messages.proto2.TestAllTypesProto2 1
  Error: Assertion failed
    at Object.jspb.asserts.doAssertFailure (https://cdn.skypack.dev/-/google-protobuf@v3.21.2-YDUqZL2TTSsy2lGtfuND/dist=es2019,mode=imports/optimized/google-protobuf.js:778:11)
    at Object.jspb.asserts.assert (https://cdn.skypack.dev/-/google-protobuf@v3.21.2-YDUqZL2TTSsy2lGtfuND/dist=es2019,mode=imports/optimized/google-protobuf.js:783:23)
    at jspb.BinaryDecoder.readUnsignedVarint32 (https://cdn.skypack.dev/-/google-protobuf@v3.21.2-YDUqZL2TTSsy2lGtfuND/dist=es2019,mode=imports/optimized/google-protobuf.js:4150:18)
    at jspb.BinaryReader.readUint32 (https://cdn.skypack.dev/-/google-protobuf@v3.21.2-YDUqZL2TTSsy2lGtfuND/dist=es2019,mode=imports/optimized/google-protobuf.js:4551:26)
    at Function.deserialize (file:///Users/thesayyn/Documents/thesayyn/protoc-gen-ts/target/debug/build/protoc_gen_ts-8cec2bec66276c47/out/test_conformance/test_messages_proto2.ts:220:53)
    at file:///Users/thesayyn/Documents/thesayyn/protoc-gen-ts/tests/conformance/bin/main.ts:30:78

  protobuf_test_messages.proto3.TestAllTypesProto3 1
  Error: Failure: Decoder hit an error
    at Object.jspb.asserts.fail (https://cdn.skypack.dev/-/google-protobuf@v3.21.2-YDUqZL2TTSsy2lGtfuND/dist=es2019,mode=imports/optimized/google-protobuf.js:801:11)
    at jspb.BinaryReader.nextField (https://cdn.skypack.dev/-/google-protobuf@v3.21.2-YDUqZL2TTSsy2lGtfuND/dist=es2019,mode=imports/optimized/google-protobuf.js:4374:27)
    at Function.deserialize (file:///Users/thesayyn/Documents/thesayyn/protoc-gen-ts/target/debug/build/protoc_gen_ts-8cec2bec66276c47/out/test_conformance/test_messages_proto3.ts:169:18)
    at file:///Users/thesayyn/Documents/thesayyn/protoc-gen-ts/tests/conformance/bin/main.ts:23:78

  protobuf_test_messages.proto2.TestAllTypesProto2 1
  Error: Failure: Decoder hit an error
    at Object.jspb.asserts.fail (https://cdn.skypack.dev/-/google-protobuf@v3.21.2-YDUqZL2TTSsy2lGtfuND/dist=es2019,mode=imports/optimized/google-protobuf.js:801:11)
    at jspb.BinaryReader.nextField (https://cdn.skypack.dev/-/google-protobuf@v3.21.2-YDUqZL2TTSsy2lGtfuND/dist=es2019,mode=imports/optimized/google-protobuf.js:4374:27)
    at Function.deserialize (file:///Users/thesayyn/Documents/thesayyn/protoc-gen-ts/target/debug/build/protoc_gen_ts-8cec2bec66276c47/out/test_conformance/test_messages_proto2.ts:145:18)
    at file:///Users/thesayyn/Documents/thesayyn/protoc-gen-ts/tests/conformance/bin/main.ts:30:78

  protobuf_test_messages.proto3.TestAllTypesProto3 1
  Error: Assertion failed
    at Object.jspb.asserts.doAssertFailure (https://cdn.skypack.dev/-/google-protobuf@v3.21.2-YDUqZL2TTSsy2lGtfuND/dist=es2019,mode=imports/optimized/google-protobuf.js:778:11)
    at Object.jspb.asserts.assert (https://cdn.skypack.dev/-/google-protobuf@v3.21.2-YDUqZL2TTSsy2lGtfuND/dist=es2019,mode=imports/optimized/google-protobuf.js:783:23)
    at jspb.BinaryDecoder.readUnsignedVarint32 (https://cdn.skypack.dev/-/google-protobuf@v3.21.2-YDUqZL2TTSsy2lGtfuND/dist=es2019,mode=imports/optimized/google-protobuf.js:4150:18)
    at jspb.BinaryReader.readPackedField_ (https://cdn.skypack.dev/-/google-protobuf@v3.21.2-YDUqZL2TTSsy2lGtfuND/dist=es2019,mode=imports/optimized/google-protobuf.js:4676:16)
    at jspb.BinaryReader.readPackedUint32 (https://cdn.skypack.dev/-/google-protobuf@v3.21.2-YDUqZL2TTSsy2lGtfuND/dist=es2019,mode=imports/optimized/google-protobuf.js:4694:17)
    at Function.deserialize (file:///Users/thesayyn/Documents/thesayyn/protoc-gen-ts/target/debug/build/protoc_gen_ts-8cec2bec66276c47/out/test_conformance/test_messages_proto3.ts:249:78)
    at file:///Users/thesayyn/Documents/thesayyn/protoc-gen-ts/tests/conformance/bin/main.ts:23:78

  protobuf_test_messages.proto2.TestAllTypesProto2 1
  Error: Assertion failed
    at Object.jspb.asserts.doAssertFailure (https://cdn.skypack.dev/-/google-protobuf@v3.21.2-YDUqZL2TTSsy2lGtfuND/dist=es2019,mode=imports/optimized/google-protobuf.js:778:11)
    at Object.jspb.asserts.assert (https://cdn.skypack.dev/-/google-protobuf@v3.21.2-YDUqZL2TTSsy2lGtfuND/dist=es2019,mode=imports/optimized/google-protobuf.js:783:23)
    at jspb.BinaryReader.readUint32 (https://cdn.skypack.dev/-/google-protobuf@v3.21.2-YDUqZL2TTSsy2lGtfuND/dist=es2019,mode=imports/optimized/google-protobuf.js:4550:18)
    at Function.deserialize (file:///Users/thesayyn/Documents/thesayyn/protoc-gen-ts/target/debug/build/protoc_gen_ts-8cec2bec66276c47/out/test_conformance/test_messages_proto2.ts:220:53)
    at file:///Users/thesayyn/Documents/thesayyn/protoc-gen-ts/tests/conformance/bin/main.ts:30:78

  protobuf_test_messages.proto3.TestAllTypesProto3 1
  Error: Assertion failed
    at Object.jspb.asserts.doAssertFailure (https://cdn.skypack.dev/-/google-protobuf@v3.21.2-YDUqZL2TTSsy2lGtfuND/dist=es2019,mode=imports/optimized/google-protobuf.js:778:11)
    at Object.jspb.asserts.assert (https://cdn.skypack.dev/-/google-protobuf@v3.21.2-YDUqZL2TTSsy2lGtfuND/dist=es2019,mode=imports/optimized/google-protobuf.js:783:23)
    at jspb.BinaryDecoder.readUnsignedVarint32 (https://cdn.skypack.dev/-/google-protobuf@v3.21.2-YDUqZL2TTSsy2lGtfuND/dist=es2019,mode=imports/optimized/google-protobuf.js:4150:18)
    at jspb.BinaryReader.readPackedField_ (https://cdn.skypack.dev/-/google-protobuf@v3.21.2-YDUqZL2TTSsy2lGtfuND/dist=es2019,mode=imports/optimized/google-protobuf.js:4676:16)
    at jspb.BinaryReader.readPackedUint32 (https://cdn.skypack.dev/-/google-protobuf@v3.21.2-YDUqZL2TTSsy2lGtfuND/dist=es2019,mode=imports/optimized/google-protobuf.js:4694:17)
    at Function.deserialize (file:///Users/thesayyn/Documents/thesayyn/protoc-gen-ts/target/debug/build/protoc_gen_ts-8cec2bec66276c47/out/test_conformance/test_messages_proto3.ts:249:78)
    at file:///Users/thesayyn/Documents/thesayyn/protoc-gen-ts/tests/conformance/bin/main.ts:23:78

  protobuf_test_messages.proto2.TestAllTypesProto2 1
  Error: Assertion failed
    at Object.jspb.asserts.doAssertFailure (https://cdn.skypack.dev/-/google-protobuf@v3.21.2-YDUqZL2TTSsy2lGtfuND/dist=es2019,mode=imports/optimized/google-protobuf.js:778:11)
    at Object.jspb.asserts.assert (https://cdn.skypack.dev/-/google-protobuf@v3.21.2-YDUqZL2TTSsy2lGtfuND/dist=es2019,mode=imports/optimized/google-protobuf.js:783:23)
    at jspb.BinaryReader.readUint32 (https://cdn.skypack.dev/-/google-protobuf@v3.21.2-YDUqZL2TTSsy2lGtfuND/dist=es2019,mode=imports/optimized/google-protobuf.js:4550:18)
    at Function.deserialize (file:///Users/thesayyn/Documents/thesayyn/protoc-gen-ts/target/debug/build/protoc_gen_ts-8cec2bec66276c47/out/test_conformance/test_messages_proto2.ts:220:53)
    at file:///Users/thesayyn/Documents/thesayyn/protoc-gen-ts/tests/conformance/bin/main.ts:30:78

  protobuf_test_messages.proto3.TestAllTypesProto3 1
  Error: Failure: Failed to read varint, encoding is invalid.
    at Object.jspb.asserts.fail (https://cdn.skypack.dev/-/google-protobuf@v3.21.2-YDUqZL2TTSsy2lGtfuND/dist=es2019,mode=imports/optimized/google-protobuf.js:801:11)
    at jspb.BinaryDecoder.readSplitVarint64 (https://cdn.skypack.dev/-/google-protobuf@v3.21.2-YDUqZL2TTSsy2lGtfuND/dist=es2019,mode=imports/optimized/google-protobuf.js:4101:18)
    at jspb.BinaryDecoder.readSignedVarint64 (https://cdn.skypack.dev/-/google-protobuf@v3.21.2-YDUqZL2TTSsy2lGtfuND/dist=es2019,mode=imports/optimized/google-protobuf.js:4173:17)
    at jspb.BinaryReader.readEnum (https://cdn.skypack.dev/-/google-protobuf@v3.21.2-YDUqZL2TTSsy2lGtfuND/dist=es2019,mode=imports/optimized/google-protobuf.js:4630:26)
    at Function.deserialize (file:///Users/thesayyn/Documents/thesayyn/protoc-gen-ts/target/debug/build/protoc_gen_ts-8cec2bec66276c47/out/test_conformance/test_messages_proto3.ts:223:55)
    at file:///Users/thesayyn/Documents/thesayyn/protoc-gen-ts/tests/conformance/bin/main.ts:23:78

  protobuf_test_messages.proto2.TestAllTypesProto2 1
  Error: Failure: Failed to read varint, encoding is invalid.
    at Object.jspb.asserts.fail (https://cdn.skypack.dev/-/google-protobuf@v3.21.2-YDUqZL2TTSsy2lGtfuND/dist=es2019,mode=imports/optimized/google-protobuf.js:801:11)
    at jspb.BinaryDecoder.readSplitVarint64 (https://cdn.skypack.dev/-/google-protobuf@v3.21.2-YDUqZL2TTSsy2lGtfuND/dist=es2019,mode=imports/optimized/google-protobuf.js:4101:18)
    at jspb.BinaryDecoder.readSignedVarint64 (https://cdn.skypack.dev/-/google-protobuf@v3.21.2-YDUqZL2TTSsy2lGtfuND/dist=es2019,mode=imports/optimized/google-protobuf.js:4173:17)
    at jspb.BinaryReader.readEnum (https://cdn.skypack.dev/-/google-protobuf@v3.21.2-YDUqZL2TTSsy2lGtfuND/dist=es2019,mode=imports/optimized/google-protobuf.js:4630:26)
    at Function.deserialize (file:///Users/thesayyn/Documents/thesayyn/protoc-gen-ts/target/debug/build/protoc_gen_ts-8cec2bec66276c47/out/test_conformance/test_messages_proto2.ts:199:55)
    at file:///Users/thesayyn/Documents/thesayyn/protoc-gen-ts/tests/conformance/bin/main.ts:30:78

  protobuf_test_messages.proto3.TestAllTypesProto3 1
  Error: Failure: Failed to read varint, encoding is invalid.
    at Object.jspb.asserts.fail (https://cdn.skypack.dev/-/google-protobuf@v3.21.2-YDUqZL2TTSsy2lGtfuND/dist=es2019,mode=imports/optimized/google-protobuf.js:801:11)
    at jspb.BinaryDecoder.readSplitVarint64 (https://cdn.skypack.dev/-/google-protobuf@v3.21.2-YDUqZL2TTSsy2lGtfuND/dist=es2019,mode=imports/optimized/google-protobuf.js:4101:18)
    at jspb.BinaryDecoder.readSignedVarint64 (https://cdn.skypack.dev/-/google-protobuf@v3.21.2-YDUqZL2TTSsy2lGtfuND/dist=es2019,mode=imports/optimized/google-protobuf.js:4173:17)
    at jspb.BinaryReader.readEnum (https://cdn.skypack.dev/-/google-protobuf@v3.21.2-YDUqZL2TTSsy2lGtfuND/dist=es2019,mode=imports/optimized/google-protobuf.js:4630:26)
    at Function.deserialize (file:///Users/thesayyn/Documents/thesayyn/protoc-gen-ts/target/debug/build/protoc_gen_ts-8cec2bec66276c47/out/test_conformance/test_messages_proto3.ts:306:63)
    at file:///Users/thesayyn/Documents/thesayyn/protoc-gen-ts/tests/conformance/bin/main.ts:23:78

  protobuf_test_messages.proto2.TestAllTypesProto2 1
  Error: Failure: Failed to read varint, encoding is invalid.
    at Object.jspb.asserts.fail (https://cdn.skypack.dev/-/google-protobuf@v3.21.2-YDUqZL2TTSsy2lGtfuND/dist=es2019,mode=imports/optimized/google-protobuf.js:801:11)
    at jspb.BinaryDecoder.readSplitVarint64 (https://cdn.skypack.dev/-/google-protobuf@v3.21.2-YDUqZL2TTSsy2lGtfuND/dist=es2019,mode=imports/optimized/google-protobuf.js:4101:18)
    at jspb.BinaryDecoder.readSignedVarint64 (https://cdn.skypack.dev/-/google-protobuf@v3.21.2-YDUqZL2TTSsy2lGtfuND/dist=es2019,mode=imports/optimized/google-protobuf.js:4173:17)
    at jspb.BinaryReader.readEnum (https://cdn.skypack.dev/-/google-protobuf@v3.21.2-YDUqZL2TTSsy2lGtfuND/dist=es2019,mode=imports/optimized/google-protobuf.js:4630:26)
    at Function.deserialize (file:///Users/thesayyn/Documents/thesayyn/protoc-gen-ts/target/debug/build/protoc_gen_ts-8cec2bec66276c47/out/test_conformance/test_messages_proto2.ts:265:58)
    at file:///Users/thesayyn/Documents/thesayyn/protoc-gen-ts/tests/conformance/bin/main.ts:30:78

  protobuf_test_messages.proto3.TestAllTypesProto3 1
  Error: Failure: Decoder hit an error
    at Object.jspb.asserts.fail (https://cdn.skypack.dev/-/google-protobuf@v3.21.2-YDUqZL2TTSsy2lGtfuND/dist=es2019,mode=imports/optimized/google-protobuf.js:801:11)
    at jspb.BinaryReader.nextField (https://cdn.skypack.dev/-/google-protobuf@v3.21.2-YDUqZL2TTSsy2lGtfuND/dist=es2019,mode=imports/optimized/google-protobuf.js:4374:27)
    at Function.deserialize (file:///Users/thesayyn/Documents/thesayyn/protoc-gen-ts/target/debug/build/protoc_gen_ts-8cec2bec66276c47/out/test_conformance/test_messages_proto3.ts:169:18)
    at file:///Users/thesayyn/Documents/thesayyn/protoc-gen-ts/tests/conformance/bin/main.ts:23:78

  protobuf_test_messages.proto2.TestAllTypesProto2 1
  Error: Failure: Decoder hit an error
    at Object.jspb.asserts.fail (https://cdn.skypack.dev/-/google-protobuf@v3.21.2-YDUqZL2TTSsy2lGtfuND/dist=es2019,mode=imports/optimized/google-protobuf.js:801:11)
    at jspb.BinaryReader.nextField (https://cdn.skypack.dev/-/google-protobuf@v3.21.2-YDUqZL2TTSsy2lGtfuND/dist=es2019,mode=imports/optimized/google-protobuf.js:4374:27)
    at Function.deserialize (file:///Users/thesayyn/Documents/thesayyn/protoc-gen-ts/target/debug/build/protoc_gen_ts-8cec2bec66276c47/out/test_conformance/test_messages_proto2.ts:145:18)
    at file:///Users/thesayyn/Documents/thesayyn/protoc-gen-ts/tests/conformance/bin/main.ts:30:78

  protobuf_test_messages.proto3.TestAllTypesProto3 1
  Error: Failure: Failed to read varint, encoding is invalid.
    at Object.jspb.asserts.fail (https://cdn.skypack.dev/-/google-protobuf@v3.21.2-YDUqZL2TTSsy2lGtfuND/dist=es2019,mode=imports/optimized/google-protobuf.js:801:11)
    at jspb.BinaryDecoder.readSplitVarint64 (https://cdn.skypack.dev/-/google-protobuf@v3.21.2-YDUqZL2TTSsy2lGtfuND/dist=es2019,mode=imports/optimized/google-protobuf.js:4101:18)
    at jspb.BinaryDecoder.readSignedVarint64 (https://cdn.skypack.dev/-/google-protobuf@v3.21.2-YDUqZL2TTSsy2lGtfuND/dist=es2019,mode=imports/optimized/google-protobuf.js:4173:17)
    at jspb.BinaryReader.readEnum (https://cdn.skypack.dev/-/google-protobuf@v3.21.2-YDUqZL2TTSsy2lGtfuND/dist=es2019,mode=imports/optimized/google-protobuf.js:4630:26)
    at Function.deserialize (file:///Users/thesayyn/Documents/thesayyn/protoc-gen-ts/target/debug/build/protoc_gen_ts-8cec2bec66276c47/out/test_conformance/test_messages_proto3.ts:223:55)
    at file:///Users/thesayyn/Documents/thesayyn/protoc-gen-ts/tests/conformance/bin/main.ts:23:78

  protobuf_test_messages.proto2.TestAllTypesProto2 1
  Error: Failure: Failed to read varint, encoding is invalid.
    at Object.jspb.asserts.fail (https://cdn.skypack.dev/-/google-protobuf@v3.21.2-YDUqZL2TTSsy2lGtfuND/dist=es2019,mode=imports/optimized/google-protobuf.js:801:11)
    at jspb.BinaryDecoder.readSplitVarint64 (https://cdn.skypack.dev/-/google-protobuf@v3.21.2-YDUqZL2TTSsy2lGtfuND/dist=es2019,mode=imports/optimized/google-protobuf.js:4101:18)
    at jspb.BinaryDecoder.readSignedVarint64 (https://cdn.skypack.dev/-/google-protobuf@v3.21.2-YDUqZL2TTSsy2lGtfuND/dist=es2019,mode=imports/optimized/google-protobuf.js:4173:17)
    at jspb.BinaryReader.readEnum (https://cdn.skypack.dev/-/google-protobuf@v3.21.2-YDUqZL2TTSsy2lGtfuND/dist=es2019,mode=imports/optimized/google-protobuf.js:4630:26)
    at Function.deserialize (file:///Users/thesayyn/Documents/thesayyn/protoc-gen-ts/target/debug/build/protoc_gen_ts-8cec2bec66276c47/out/test_conformance/test_messages_proto2.ts:199:55)
    at file:///Users/thesayyn/Documents/thesayyn/protoc-gen-ts/tests/conformance/bin/main.ts:30:78

  protobuf_test_messages.proto3.TestAllTypesProto3 1
  Error: Failure: Failed to read varint, encoding is invalid.
    at Object.jspb.asserts.fail (https://cdn.skypack.dev/-/google-protobuf@v3.21.2-YDUqZL2TTSsy2lGtfuND/dist=es2019,mode=imports/optimized/google-protobuf.js:801:11)
    at jspb.BinaryDecoder.readSplitVarint64 (https://cdn.skypack.dev/-/google-protobuf@v3.21.2-YDUqZL2TTSsy2lGtfuND/dist=es2019,mode=imports/optimized/google-protobuf.js:4101:18)
    at jspb.BinaryDecoder.readSignedVarint64 (https://cdn.skypack.dev/-/google-protobuf@v3.21.2-YDUqZL2TTSsy2lGtfuND/dist=es2019,mode=imports/optimized/google-protobuf.js:4173:17)
    at jspb.BinaryReader.readEnum (https://cdn.skypack.dev/-/google-protobuf@v3.21.2-YDUqZL2TTSsy2lGtfuND/dist=es2019,mode=imports/optimized/google-protobuf.js:4630:26)
    at Function.deserialize (file:///Users/thesayyn/Documents/thesayyn/protoc-gen-ts/target/debug/build/protoc_gen_ts-8cec2bec66276c47/out/test_conformance/test_messages_proto3.ts:306:63)
    at file:///Users/thesayyn/Documents/thesayyn/protoc-gen-ts/tests/conformance/bin/main.ts:23:78

  protobuf_test_messages.proto2.TestAllTypesProto2 1
  Error: Failure: Failed to read varint, encoding is invalid.
    at Object.jspb.asserts.fail (https://cdn.skypack.dev/-/google-protobuf@v3.21.2-YDUqZL2TTSsy2lGtfuND/dist=es2019,mode=imports/optimized/google-protobuf.js:801:11)
    at jspb.BinaryDecoder.readSplitVarint64 (https://cdn.skypack.dev/-/google-protobuf@v3.21.2-YDUqZL2TTSsy2lGtfuND/dist=es2019,mode=imports/optimized/google-protobuf.js:4101:18)
    at jspb.BinaryDecoder.readSignedVarint64 (https://cdn.skypack.dev/-/google-protobuf@v3.21.2-YDUqZL2TTSsy2lGtfuND/dist=es2019,mode=imports/optimized/google-protobuf.js:4173:17)
    at jspb.BinaryReader.readEnum (https://cdn.skypack.dev/-/google-protobuf@v3.21.2-YDUqZL2TTSsy2lGtfuND/dist=es2019,mode=imports/optimized/google-protobuf.js:4630:26)
    at Function.deserialize (file:///Users/thesayyn/Documents/thesayyn/protoc-gen-ts/target/debug/build/protoc_gen_ts-8cec2bec66276c47/out/test_conformance/test_messages_proto2.ts:265:58)
    at file:///Users/thesayyn/Documents/thesayyn/protoc-gen-ts/tests/conformance/bin/main.ts:30:78

  protobuf_test_messages.proto3.TestAllTypesProto3 1
  Error: Failure: Decoder hit an error
    at Object.jspb.asserts.fail (https://cdn.skypack.dev/-/google-protobuf@v3.21.2-YDUqZL2TTSsy2lGtfuND/dist=es2019,mode=imports/optimized/google-protobuf.js:801:11)
    at jspb.BinaryReader.nextField (https://cdn.skypack.dev/-/google-protobuf@v3.21.2-YDUqZL2TTSsy2lGtfuND/dist=es2019,mode=imports/optimized/google-protobuf.js:4374:27)
    at Function.deserialize (file:///Users/thesayyn/Documents/thesayyn/protoc-gen-ts/target/debug/build/protoc_gen_ts-8cec2bec66276c47/out/test_conformance/test_messages_proto3.ts:169:18)
    at file:///Users/thesayyn/Documents/thesayyn/protoc-gen-ts/tests/conformance/bin/main.ts:23:78

  protobuf_test_messages.proto2.TestAllTypesProto2 1
  Error: Failure: Decoder hit an error
    at Object.jspb.asserts.fail (https://cdn.skypack.dev/-/google-protobuf@v3.21.2-YDUqZL2TTSsy2lGtfuND/dist=es2019,mode=imports/optimized/google-protobuf.js:801:11)
    at jspb.BinaryReader.nextField (https://cdn.skypack.dev/-/google-protobuf@v3.21.2-YDUqZL2TTSsy2lGtfuND/dist=es2019,mode=imports/optimized/google-protobuf.js:4374:27)
    at Function.deserialize (file:///Users/thesayyn/Documents/thesayyn/protoc-gen-ts/target/debug/build/protoc_gen_ts-8cec2bec66276c47/out/test_conformance/test_messages_proto2.ts:145:18)
    at file:///Users/thesayyn/Documents/thesayyn/protoc-gen-ts/tests/conformance/bin/main.ts:30:78

  protobuf_test_messages.proto3.TestAllTypesProto3 1
  Error: Assertion failed
    at Object.jspb.asserts.doAssertFailure (https://cdn.skypack.dev/-/google-protobuf@v3.21.2-YDUqZL2TTSsy2lGtfuND/dist=es2019,mode=imports/optimized/google-protobuf.js:778:11)
    at Object.jspb.asserts.assert (https://cdn.skypack.dev/-/google-protobuf@v3.21.2-YDUqZL2TTSsy2lGtfuND/dist=es2019,mode=imports/optimized/google-protobuf.js:783:23)
    at jspb.BinaryDecoder.readUnsignedVarint32 (https://cdn.skypack.dev/-/google-protobuf@v3.21.2-YDUqZL2TTSsy2lGtfuND/dist=es2019,mode=imports/optimized/google-protobuf.js:4150:18)
    at jspb.BinaryDecoder.readSignedVarint32 (https://cdn.skypack.dev/-/google-protobuf@v3.21.2-YDUqZL2TTSsy2lGtfuND/dist=es2019,mode=imports/optimized/google-protobuf.js:4154:19)
    at jspb.BinaryDecoder.readEnum (https://cdn.skypack.dev/-/google-protobuf@v3.21.2-YDUqZL2TTSsy2lGtfuND/dist=es2019,mode=imports/optimized/google-protobuf.js:4251:17)
    at jspb.BinaryReader.readPackedField_ (https://cdn.skypack.dev/-/google-protobuf@v3.21.2-YDUqZL2TTSsy2lGtfuND/dist=es2019,mode=imports/optimized/google-protobuf.js:4676:16)
    at jspb.BinaryReader.readPackedEnum (https://cdn.skypack.dev/-/google-protobuf@v3.21.2-YDUqZL2TTSsy2lGtfuND/dist=es2019,mode=imports/optimized/google-protobuf.js:4753:17)
    at Function.deserialize (file:///Users/thesayyn/Documents/thesayyn/protoc-gen-ts/target/debug/build/protoc_gen_ts-8cec2bec66276c47/out/test_conformance/test_messages_proto3.ts:305:83)
    at file:///Users/thesayyn/Documents/thesayyn/protoc-gen-ts/tests/conformance/bin/main.ts:23:78

  protobuf_test_messages.proto2.TestAllTypesProto2 1
  Error: Assertion failed
    at Object.jspb.asserts.doAssertFailure (https://cdn.skypack.dev/-/google-protobuf@v3.21.2-YDUqZL2TTSsy2lGtfuND/dist=es2019,mode=imports/optimized/google-protobuf.js:778:11)
    at Object.jspb.asserts.assert (https://cdn.skypack.dev/-/google-protobuf@v3.21.2-YDUqZL2TTSsy2lGtfuND/dist=es2019,mode=imports/optimized/google-protobuf.js:783:23)
    at jspb.BinaryReader.readEnum (https://cdn.skypack.dev/-/google-protobuf@v3.21.2-YDUqZL2TTSsy2lGtfuND/dist=es2019,mode=imports/optimized/google-protobuf.js:4629:18)
    at Function.deserialize (file:///Users/thesayyn/Documents/thesayyn/protoc-gen-ts/target/debug/build/protoc_gen_ts-8cec2bec66276c47/out/test_conformance/test_messages_proto2.ts:265:58)
    at file:///Users/thesayyn/Documents/thesayyn/protoc-gen-ts/tests/conformance/bin/main.ts:30:78

  protobuf_test_messages.proto3.TestAllTypesProto3 1
  Error: Assertion failed
    at Object.jspb.asserts.doAssertFailure (https://cdn.skypack.dev/-/google-protobuf@v3.21.2-YDUqZL2TTSsy2lGtfuND/dist=es2019,mode=imports/optimized/google-protobuf.js:778:11)
    at Object.jspb.asserts.assert (https://cdn.skypack.dev/-/google-protobuf@v3.21.2-YDUqZL2TTSsy2lGtfuND/dist=es2019,mode=imports/optimized/google-protobuf.js:783:23)
    at jspb.BinaryDecoder.readUnsignedVarint32 (https://cdn.skypack.dev/-/google-protobuf@v3.21.2-YDUqZL2TTSsy2lGtfuND/dist=es2019,mode=imports/optimized/google-protobuf.js:4150:18)
    at jspb.BinaryDecoder.readSignedVarint32 (https://cdn.skypack.dev/-/google-protobuf@v3.21.2-YDUqZL2TTSsy2lGtfuND/dist=es2019,mode=imports/optimized/google-protobuf.js:4154:19)
    at jspb.BinaryDecoder.readEnum (https://cdn.skypack.dev/-/google-protobuf@v3.21.2-YDUqZL2TTSsy2lGtfuND/dist=es2019,mode=imports/optimized/google-protobuf.js:4251:17)
    at jspb.BinaryReader.readPackedField_ (https://cdn.skypack.dev/-/google-protobuf@v3.21.2-YDUqZL2TTSsy2lGtfuND/dist=es2019,mode=imports/optimized/google-protobuf.js:4676:16)
    at jspb.BinaryReader.readPackedEnum (https://cdn.skypack.dev/-/google-protobuf@v3.21.2-YDUqZL2TTSsy2lGtfuND/dist=es2019,mode=imports/optimized/google-protobuf.js:4753:17)
    at Function.deserialize (file:///Users/thesayyn/Documents/thesayyn/protoc-gen-ts/target/debug/build/protoc_gen_ts-8cec2bec66276c47/out/test_conformance/test_messages_proto3.ts:305:83)
    at file:///Users/thesayyn/Documents/thesayyn/protoc-gen-ts/tests/conformance/bin/main.ts:23:78

  protobuf_test_messages.proto2.TestAllTypesProto2 1
  Error: Assertion failed
    at Object.jspb.asserts.doAssertFailure (https://cdn.skypack.dev/-/google-protobuf@v3.21.2-YDUqZL2TTSsy2lGtfuND/dist=es2019,mode=imports/optimized/google-protobuf.js:778:11)
    at Object.jspb.asserts.assert (https://cdn.skypack.dev/-/google-protobuf@v3.21.2-YDUqZL2TTSsy2lGtfuND/dist=es2019,mode=imports/optimized/google-protobuf.js:783:23)
    at jspb.BinaryReader.readEnum (https://cdn.skypack.dev/-/google-protobuf@v3.21.2-YDUqZL2TTSsy2lGtfuND/dist=es2019,mode=imports/optimized/google-protobuf.js:4629:18)
    at Function.deserialize (file:///Users/thesayyn/Documents/thesayyn/protoc-gen-ts/target/debug/build/protoc_gen_ts-8cec2bec66276c47/out/test_conformance/test_messages_proto2.ts:265:58)
    at file:///Users/thesayyn/Documents/thesayyn/protoc-gen-ts/tests/conformance/bin/main.ts:30:78

  protobuf_test_messages.proto3.TestAllTypesProto3 1
  Error: Assertion failed
    at Object.jspb.asserts.doAssertFailure (https://cdn.skypack.dev/-/google-protobuf@v3.21.2-YDUqZL2TTSsy2lGtfuND/dist=es2019,mode=imports/optimized/google-protobuf.js:778:11)
    at Object.jspb.asserts.assert (https://cdn.skypack.dev/-/google-protobuf@v3.21.2-YDUqZL2TTSsy2lGtfuND/dist=es2019,mode=imports/optimized/google-protobuf.js:783:23)
    at jspb.BinaryDecoder.readInt32 (https://cdn.skypack.dev/-/google-protobuf@v3.21.2-YDUqZL2TTSsy2lGtfuND/dist=es2019,mode=imports/optimized/google-protobuf.js:4228:18)
    at jspb.BinaryReader.readSfixed32 (https://cdn.skypack.dev/-/google-protobuf@v3.21.2-YDUqZL2TTSsy2lGtfuND/dist=es2019,mode=imports/optimized/google-protobuf.js:4597:26)
    at Function.deserialize (file:///Users/thesayyn/Documents/thesayyn/protoc-gen-ts/target/debug/build/protoc_gen_ts-8cec2bec66276c47/out/test_conformance/test_messages_proto3.ts:196:52)
    at file:///Users/thesayyn/Documents/thesayyn/protoc-gen-ts/tests/conformance/bin/main.ts:23:78

  protobuf_test_messages.proto2.TestAllTypesProto2 1
  Error: Assertion failed
    at Object.jspb.asserts.doAssertFailure (https://cdn.skypack.dev/-/google-protobuf@v3.21.2-YDUqZL2TTSsy2lGtfuND/dist=es2019,mode=imports/optimized/google-protobuf.js:778:11)
    at Object.jspb.asserts.assert (https://cdn.skypack.dev/-/google-protobuf@v3.21.2-YDUqZL2TTSsy2lGtfuND/dist=es2019,mode=imports/optimized/google-protobuf.js:783:23)
    at jspb.BinaryDecoder.readInt32 (https://cdn.skypack.dev/-/google-protobuf@v3.21.2-YDUqZL2TTSsy2lGtfuND/dist=es2019,mode=imports/optimized/google-protobuf.js:4228:18)
    at jspb.BinaryReader.readSfixed32 (https://cdn.skypack.dev/-/google-protobuf@v3.21.2-YDUqZL2TTSsy2lGtfuND/dist=es2019,mode=imports/optimized/google-protobuf.js:4597:26)
    at Function.deserialize (file:///Users/thesayyn/Documents/thesayyn/protoc-gen-ts/target/debug/build/protoc_gen_ts-8cec2bec66276c47/out/test_conformance/test_messages_proto2.ts:172:52)
    at file:///Users/thesayyn/Documents/thesayyn/protoc-gen-ts/tests/conformance/bin/main.ts:30:78

  protobuf_test_messages.proto3.TestAllTypesProto3 1
  Error: Assertion failed
    at Object.jspb.asserts.doAssertFailure (https://cdn.skypack.dev/-/google-protobuf@v3.21.2-YDUqZL2TTSsy2lGtfuND/dist=es2019,mode=imports/optimized/google-protobuf.js:778:11)
    at Object.jspb.asserts.assert (https://cdn.skypack.dev/-/google-protobuf@v3.21.2-YDUqZL2TTSsy2lGtfuND/dist=es2019,mode=imports/optimized/google-protobuf.js:783:23)
    at jspb.BinaryDecoder.readInt32 (https://cdn.skypack.dev/-/google-protobuf@v3.21.2-YDUqZL2TTSsy2lGtfuND/dist=es2019,mode=imports/optimized/google-protobuf.js:4228:18)
    at jspb.BinaryReader.readSfixed32 (https://cdn.skypack.dev/-/google-protobuf@v3.21.2-YDUqZL2TTSsy2lGtfuND/dist=es2019,mode=imports/optimized/google-protobuf.js:4597:26)
    at Function.deserialize (file:///Users/thesayyn/Documents/thesayyn/protoc-gen-ts/target/debug/build/protoc_gen_ts-8cec2bec66276c47/out/test_conformance/test_messages_proto3.ts:274:60)
    at file:///Users/thesayyn/Documents/thesayyn/protoc-gen-ts/tests/conformance/bin/main.ts:23:78

  protobuf_test_messages.proto2.TestAllTypesProto2 1
  Error: Assertion failed
    at Object.jspb.asserts.doAssertFailure (https://cdn.skypack.dev/-/google-protobuf@v3.21.2-YDUqZL2TTSsy2lGtfuND/dist=es2019,mode=imports/optimized/google-protobuf.js:778:11)
    at Object.jspb.asserts.assert (https://cdn.skypack.dev/-/google-protobuf@v3.21.2-YDUqZL2TTSsy2lGtfuND/dist=es2019,mode=imports/optimized/google-protobuf.js:783:23)
    at jspb.BinaryDecoder.readInt32 (https://cdn.skypack.dev/-/google-protobuf@v3.21.2-YDUqZL2TTSsy2lGtfuND/dist=es2019,mode=imports/optimized/google-protobuf.js:4228:18)
    at jspb.BinaryReader.readSfixed32 (https://cdn.skypack.dev/-/google-protobuf@v3.21.2-YDUqZL2TTSsy2lGtfuND/dist=es2019,mode=imports/optimized/google-protobuf.js:4597:26)
    at Function.deserialize (file:///Users/thesayyn/Documents/thesayyn/protoc-gen-ts/target/debug/build/protoc_gen_ts-8cec2bec66276c47/out/test_conformance/test_messages_proto2.ts:238:55)
    at file:///Users/thesayyn/Documents/thesayyn/protoc-gen-ts/tests/conformance/bin/main.ts:30:78

  protobuf_test_messages.proto3.TestAllTypesProto3 1
  Error: Assertion failed
    at Object.jspb.asserts.doAssertFailure (https://cdn.skypack.dev/-/google-protobuf@v3.21.2-YDUqZL2TTSsy2lGtfuND/dist=es2019,mode=imports/optimized/google-protobuf.js:778:11)
    at Object.jspb.asserts.assert (https://cdn.skypack.dev/-/google-protobuf@v3.21.2-YDUqZL2TTSsy2lGtfuND/dist=es2019,mode=imports/optimized/google-protobuf.js:783:23)
    at jspb.BinaryDecoder.advance (https://cdn.skypack.dev/-/google-protobuf@v3.21.2-YDUqZL2TTSsy2lGtfuND/dist=es2019,mode=imports/optimized/google-protobuf.js:4081:18)
    at jspb.BinaryReader.skipFixed32Field (https://cdn.skypack.dev/-/google-protobuf@v3.21.2-YDUqZL2TTSsy2lGtfuND/dist=es2019,mode=imports/optimized/google-protobuf.js:4406:163)
    at jspb.BinaryReader.skipField (https://cdn.skypack.dev/-/google-protobuf@v3.21.2-YDUqZL2TTSsy2lGtfuND/dist=es2019,mode=imports/optimized/google-protobuf.js:4438:14)
    at Function.deserialize (file:///Users/thesayyn/Documents/thesayyn/protoc-gen-ts/target/debug/build/protoc_gen_ts-8cec2bec66276c47/out/test_conformance/test_messages_proto3.ts:958:24)
    at file:///Users/thesayyn/Documents/thesayyn/protoc-gen-ts/tests/conformance/bin/main.ts:23:78

  protobuf_test_messages.proto2.TestAllTypesProto2 1
  Error: Assertion failed
    at Object.jspb.asserts.doAssertFailure (https://cdn.skypack.dev/-/google-protobuf@v3.21.2-YDUqZL2TTSsy2lGtfuND/dist=es2019,mode=imports/optimized/google-protobuf.js:778:11)
    at Object.jspb.asserts.assert (https://cdn.skypack.dev/-/google-protobuf@v3.21.2-YDUqZL2TTSsy2lGtfuND/dist=es2019,mode=imports/optimized/google-protobuf.js:783:23)
    at jspb.BinaryDecoder.advance (https://cdn.skypack.dev/-/google-protobuf@v3.21.2-YDUqZL2TTSsy2lGtfuND/dist=es2019,mode=imports/optimized/google-protobuf.js:4081:18)
    at jspb.BinaryReader.skipFixed32Field (https://cdn.skypack.dev/-/google-protobuf@v3.21.2-YDUqZL2TTSsy2lGtfuND/dist=es2019,mode=imports/optimized/google-protobuf.js:4406:163)
    at jspb.BinaryReader.skipField (https://cdn.skypack.dev/-/google-protobuf@v3.21.2-YDUqZL2TTSsy2lGtfuND/dist=es2019,mode=imports/optimized/google-protobuf.js:4438:14)
    at Function.deserialize (file:///Users/thesayyn/Documents/thesayyn/protoc-gen-ts/target/debug/build/protoc_gen_ts-8cec2bec66276c47/out/test_conformance/test_messages_proto2.ts:865:24)
    at file:///Users/thesayyn/Documents/thesayyn/protoc-gen-ts/tests/conformance/bin/main.ts:30:78

  protobuf_test_messages.proto3.TestAllTypesProto3 1
  Error: Assertion failed
    at Object.jspb.asserts.doAssertFailure (https://cdn.skypack.dev/-/google-protobuf@v3.21.2-YDUqZL2TTSsy2lGtfuND/dist=es2019,mode=imports/optimized/google-protobuf.js:778:11)
    at Object.jspb.asserts.assert (https://cdn.skypack.dev/-/google-protobuf@v3.21.2-YDUqZL2TTSsy2lGtfuND/dist=es2019,mode=imports/optimized/google-protobuf.js:783:23)
    at jspb.BinaryDecoder.readInt32 (https://cdn.skypack.dev/-/google-protobuf@v3.21.2-YDUqZL2TTSsy2lGtfuND/dist=es2019,mode=imports/optimized/google-protobuf.js:4228:18)
    at jspb.BinaryReader.readSfixed32 (https://cdn.skypack.dev/-/google-protobuf@v3.21.2-YDUqZL2TTSsy2lGtfuND/dist=es2019,mode=imports/optimized/google-protobuf.js:4597:26)
    at Function.deserialize (file:///Users/thesayyn/Documents/thesayyn/protoc-gen-ts/target/debug/build/protoc_gen_ts-8cec2bec66276c47/out/test_conformance/test_messages_proto3.ts:196:52)
    at file:///Users/thesayyn/Documents/thesayyn/protoc-gen-ts/tests/conformance/bin/main.ts:23:78

  protobuf_test_messages.proto2.TestAllTypesProto2 1
  Error: Assertion failed
    at Object.jspb.asserts.doAssertFailure (https://cdn.skypack.dev/-/google-protobuf@v3.21.2-YDUqZL2TTSsy2lGtfuND/dist=es2019,mode=imports/optimized/google-protobuf.js:778:11)
    at Object.jspb.asserts.assert (https://cdn.skypack.dev/-/google-protobuf@v3.21.2-YDUqZL2TTSsy2lGtfuND/dist=es2019,mode=imports/optimized/google-protobuf.js:783:23)
    at jspb.BinaryDecoder.readInt32 (https://cdn.skypack.dev/-/google-protobuf@v3.21.2-YDUqZL2TTSsy2lGtfuND/dist=es2019,mode=imports/optimized/google-protobuf.js:4228:18)
    at jspb.BinaryReader.readSfixed32 (https://cdn.skypack.dev/-/google-protobuf@v3.21.2-YDUqZL2TTSsy2lGtfuND/dist=es2019,mode=imports/optimized/google-protobuf.js:4597:26)
    at Function.deserialize (file:///Users/thesayyn/Documents/thesayyn/protoc-gen-ts/target/debug/build/protoc_gen_ts-8cec2bec66276c47/out/test_conformance/test_messages_proto2.ts:172:52)
    at file:///Users/thesayyn/Documents/thesayyn/protoc-gen-ts/tests/conformance/bin/main.ts:30:78

  protobuf_test_messages.proto3.TestAllTypesProto3 1
  Error: Assertion failed
    at Object.jspb.asserts.doAssertFailure (https://cdn.skypack.dev/-/google-protobuf@v3.21.2-YDUqZL2TTSsy2lGtfuND/dist=es2019,mode=imports/optimized/google-protobuf.js:778:11)
    at Object.jspb.asserts.assert (https://cdn.skypack.dev/-/google-protobuf@v3.21.2-YDUqZL2TTSsy2lGtfuND/dist=es2019,mode=imports/optimized/google-protobuf.js:783:23)
    at jspb.BinaryDecoder.readInt32 (https://cdn.skypack.dev/-/google-protobuf@v3.21.2-YDUqZL2TTSsy2lGtfuND/dist=es2019,mode=imports/optimized/google-protobuf.js:4228:18)
    at jspb.BinaryReader.readSfixed32 (https://cdn.skypack.dev/-/google-protobuf@v3.21.2-YDUqZL2TTSsy2lGtfuND/dist=es2019,mode=imports/optimized/google-protobuf.js:4597:26)
    at Function.deserialize (file:///Users/thesayyn/Documents/thesayyn/protoc-gen-ts/target/debug/build/protoc_gen_ts-8cec2bec66276c47/out/test_conformance/test_messages_proto3.ts:274:60)
    at file:///Users/thesayyn/Documents/thesayyn/protoc-gen-ts/tests/conformance/bin/main.ts:23:78

  protobuf_test_messages.proto2.TestAllTypesProto2 1
  Error: Assertion failed
    at Object.jspb.asserts.doAssertFailure (https://cdn.skypack.dev/-/google-protobuf@v3.21.2-YDUqZL2TTSsy2lGtfuND/dist=es2019,mode=imports/optimized/google-protobuf.js:778:11)
    at Object.jspb.asserts.assert (https://cdn.skypack.dev/-/google-protobuf@v3.21.2-YDUqZL2TTSsy2lGtfuND/dist=es2019,mode=imports/optimized/google-protobuf.js:783:23)
    at jspb.BinaryDecoder.readInt32 (https://cdn.skypack.dev/-/google-protobuf@v3.21.2-YDUqZL2TTSsy2lGtfuND/dist=es2019,mode=imports/optimized/google-protobuf.js:4228:18)
    at jspb.BinaryReader.readSfixed32 (https://cdn.skypack.dev/-/google-protobuf@v3.21.2-YDUqZL2TTSsy2lGtfuND/dist=es2019,mode=imports/optimized/google-protobuf.js:4597:26)
    at Function.deserialize (file:///Users/thesayyn/Documents/thesayyn/protoc-gen-ts/target/debug/build/protoc_gen_ts-8cec2bec66276c47/out/test_conformance/test_messages_proto2.ts:238:55)
    at file:///Users/thesayyn/Documents/thesayyn/protoc-gen-ts/tests/conformance/bin/main.ts:30:78

  protobuf_test_messages.proto3.TestAllTypesProto3 1
  Error: Assertion failed
    at Object.jspb.asserts.doAssertFailure (https://cdn.skypack.dev/-/google-protobuf@v3.21.2-YDUqZL2TTSsy2lGtfuND/dist=es2019,mode=imports/optimized/google-protobuf.js:778:11)
    at Object.jspb.asserts.assert (https://cdn.skypack.dev/-/google-protobuf@v3.21.2-YDUqZL2TTSsy2lGtfuND/dist=es2019,mode=imports/optimized/google-protobuf.js:783:23)
    at jspb.BinaryDecoder.advance (https://cdn.skypack.dev/-/google-protobuf@v3.21.2-YDUqZL2TTSsy2lGtfuND/dist=es2019,mode=imports/optimized/google-protobuf.js:4081:18)
    at jspb.BinaryReader.skipFixed32Field (https://cdn.skypack.dev/-/google-protobuf@v3.21.2-YDUqZL2TTSsy2lGtfuND/dist=es2019,mode=imports/optimized/google-protobuf.js:4406:163)
    at jspb.BinaryReader.skipField (https://cdn.skypack.dev/-/google-protobuf@v3.21.2-YDUqZL2TTSsy2lGtfuND/dist=es2019,mode=imports/optimized/google-protobuf.js:4438:14)
    at Function.deserialize (file:///Users/thesayyn/Documents/thesayyn/protoc-gen-ts/target/debug/build/protoc_gen_ts-8cec2bec66276c47/out/test_conformance/test_messages_proto3.ts:958:24)
    at file:///Users/thesayyn/Documents/thesayyn/protoc-gen-ts/tests/conformance/bin/main.ts:23:78

  protobuf_test_messages.proto2.TestAllTypesProto2 1
  Error: Assertion failed
    at Object.jspb.asserts.doAssertFailure (https://cdn.skypack.dev/-/google-protobuf@v3.21.2-YDUqZL2TTSsy2lGtfuND/dist=es2019,mode=imports/optimized/google-protobuf.js:778:11)
    at Object.jspb.asserts.assert (https://cdn.skypack.dev/-/google-protobuf@v3.21.2-YDUqZL2TTSsy2lGtfuND/dist=es2019,mode=imports/optimized/google-protobuf.js:783:23)
    at jspb.BinaryDecoder.advance (https://cdn.skypack.dev/-/google-protobuf@v3.21.2-YDUqZL2TTSsy2lGtfuND/dist=es2019,mode=imports/optimized/google-protobuf.js:4081:18)
    at jspb.BinaryReader.skipFixed32Field (https://cdn.skypack.dev/-/google-protobuf@v3.21.2-YDUqZL2TTSsy2lGtfuND/dist=es2019,mode=imports/optimized/google-protobuf.js:4406:163)
    at jspb.BinaryReader.skipField (https://cdn.skypack.dev/-/google-protobuf@v3.21.2-YDUqZL2TTSsy2lGtfuND/dist=es2019,mode=imports/optimized/google-protobuf.js:4438:14)
    at Function.deserialize (file:///Users/thesayyn/Documents/thesayyn/protoc-gen-ts/target/debug/build/protoc_gen_ts-8cec2bec66276c47/out/test_conformance/test_messages_proto2.ts:865:24)
    at file:///Users/thesayyn/Documents/thesayyn/protoc-gen-ts/tests/conformance/bin/main.ts:30:78

  protobuf_test_messages.proto3.TestAllTypesProto3 1
  Error: Assertion failed
    at Object.jspb.asserts.doAssertFailure (https://cdn.skypack.dev/-/google-protobuf@v3.21.2-YDUqZL2TTSsy2lGtfuND/dist=es2019,mode=imports/optimized/google-protobuf.js:778:11)
    at Object.jspb.asserts.assert (https://cdn.skypack.dev/-/google-protobuf@v3.21.2-YDUqZL2TTSsy2lGtfuND/dist=es2019,mode=imports/optimized/google-protobuf.js:783:23)
    at jspb.BinaryDecoder.readInt32 (https://cdn.skypack.dev/-/google-protobuf@v3.21.2-YDUqZL2TTSsy2lGtfuND/dist=es2019,mode=imports/optimized/google-protobuf.js:4228:18)
    at jspb.BinaryReader.readPackedField_ (https://cdn.skypack.dev/-/google-protobuf@v3.21.2-YDUqZL2TTSsy2lGtfuND/dist=es2019,mode=imports/optimized/google-protobuf.js:4676:16)
    at jspb.BinaryReader.readPackedSfixed32 (https://cdn.skypack.dev/-/google-protobuf@v3.21.2-YDUqZL2TTSsy2lGtfuND/dist=es2019,mode=imports/optimized/google-protobuf.js:4730:17)
    at Function.deserialize (file:///Users/thesayyn/Documents/thesayyn/protoc-gen-ts/target/debug/build/protoc_gen_ts-8cec2bec66276c47/out/test_conformance/test_messages_proto3.ts:273:80)
    at file:///Users/thesayyn/Documents/thesayyn/protoc-gen-ts/tests/conformance/bin/main.ts:23:78

  protobuf_test_messages.proto2.TestAllTypesProto2 1
  Error: Assertion failed
    at Object.jspb.asserts.doAssertFailure (https://cdn.skypack.dev/-/google-protobuf@v3.21.2-YDUqZL2TTSsy2lGtfuND/dist=es2019,mode=imports/optimized/google-protobuf.js:778:11)
    at Object.jspb.asserts.assert (https://cdn.skypack.dev/-/google-protobuf@v3.21.2-YDUqZL2TTSsy2lGtfuND/dist=es2019,mode=imports/optimized/google-protobuf.js:783:23)
    at jspb.BinaryReader.readSfixed32 (https://cdn.skypack.dev/-/google-protobuf@v3.21.2-YDUqZL2TTSsy2lGtfuND/dist=es2019,mode=imports/optimized/google-protobuf.js:4596:18)
    at Function.deserialize (file:///Users/thesayyn/Documents/thesayyn/protoc-gen-ts/target/debug/build/protoc_gen_ts-8cec2bec66276c47/out/test_conformance/test_messages_proto2.ts:238:55)
    at file:///Users/thesayyn/Documents/thesayyn/protoc-gen-ts/tests/conformance/bin/main.ts:30:78

  protobuf_test_messages.proto3.TestAllTypesProto3 1
  Error: Assertion failed
    at Object.jspb.asserts.doAssertFailure (https://cdn.skypack.dev/-/google-protobuf@v3.21.2-YDUqZL2TTSsy2lGtfuND/dist=es2019,mode=imports/optimized/google-protobuf.js:778:11)
    at Object.jspb.asserts.assert (https://cdn.skypack.dev/-/google-protobuf@v3.21.2-YDUqZL2TTSsy2lGtfuND/dist=es2019,mode=imports/optimized/google-protobuf.js:783:23)
    at jspb.BinaryDecoder.readInt32 (https://cdn.skypack.dev/-/google-protobuf@v3.21.2-YDUqZL2TTSsy2lGtfuND/dist=es2019,mode=imports/optimized/google-protobuf.js:4228:18)
    at jspb.BinaryReader.readPackedField_ (https://cdn.skypack.dev/-/google-protobuf@v3.21.2-YDUqZL2TTSsy2lGtfuND/dist=es2019,mode=imports/optimized/google-protobuf.js:4676:16)
    at jspb.BinaryReader.readPackedSfixed32 (https://cdn.skypack.dev/-/google-protobuf@v3.21.2-YDUqZL2TTSsy2lGtfuND/dist=es2019,mode=imports/optimized/google-protobuf.js:4730:17)
    at Function.deserialize (file:///Users/thesayyn/Documents/thesayyn/protoc-gen-ts/target/debug/build/protoc_gen_ts-8cec2bec66276c47/out/test_conformance/test_messages_proto3.ts:273:80)
    at file:///Users/thesayyn/Documents/thesayyn/protoc-gen-ts/tests/conformance/bin/main.ts:23:78

  protobuf_test_messages.proto2.TestAllTypesProto2 1
  Error: Assertion failed
    at Object.jspb.asserts.doAssertFailure (https://cdn.skypack.dev/-/google-protobuf@v3.21.2-YDUqZL2TTSsy2lGtfuND/dist=es2019,mode=imports/optimized/google-protobuf.js:778:11)
    at Object.jspb.asserts.assert (https://cdn.skypack.dev/-/google-protobuf@v3.21.2-YDUqZL2TTSsy2lGtfuND/dist=es2019,mode=imports/optimized/google-protobuf.js:783:23)
    at jspb.BinaryReader.readSfixed32 (https://cdn.skypack.dev/-/google-protobuf@v3.21.2-YDUqZL2TTSsy2lGtfuND/dist=es2019,mode=imports/optimized/google-protobuf.js:4596:18)
    at Function.deserialize (file:///Users/thesayyn/Documents/thesayyn/protoc-gen-ts/target/debug/build/protoc_gen_ts-8cec2bec66276c47/out/test_conformance/test_messages_proto2.ts:238:55)
    at file:///Users/thesayyn/Documents/thesayyn/protoc-gen-ts/tests/conformance/bin/main.ts:30:78

  protobuf_test_messages.proto3.TestAllTypesProto3 1
  Error: Assertion failed
    at Object.jspb.asserts.doAssertFailure (https://cdn.skypack.dev/-/google-protobuf@v3.21.2-YDUqZL2TTSsy2lGtfuND/dist=es2019,mode=imports/optimized/google-protobuf.js:778:11)
    at Object.jspb.asserts.assert (https://cdn.skypack.dev/-/google-protobuf@v3.21.2-YDUqZL2TTSsy2lGtfuND/dist=es2019,mode=imports/optimized/google-protobuf.js:783:23)
    at jspb.BinaryDecoder.readUint32 (https://cdn.skypack.dev/-/google-protobuf@v3.21.2-YDUqZL2TTSsy2lGtfuND/dist=es2019,mode=imports/optimized/google-protobuf.js:4202:18)
    at jspb.BinaryDecoder.readInt64 (https://cdn.skypack.dev/-/google-protobuf@v3.21.2-YDUqZL2TTSsy2lGtfuND/dist=es2019,mode=imports/optimized/google-protobuf.js:4232:18)
    at jspb.BinaryReader.readSfixed64 (https://cdn.skypack.dev/-/google-protobuf@v3.21.2-YDUqZL2TTSsy2lGtfuND/dist=es2019,mode=imports/optimized/google-protobuf.js:4606:26)
    at Function.deserialize (file:///Users/thesayyn/Documents/thesayyn/protoc-gen-ts/target/debug/build/protoc_gen_ts-8cec2bec66276c47/out/test_conformance/test_messages_proto3.ts:199:52)
    at file:///Users/thesayyn/Documents/thesayyn/protoc-gen-ts/tests/conformance/bin/main.ts:23:78

  protobuf_test_messages.proto2.TestAllTypesProto2 1
  Error: Assertion failed
    at Object.jspb.asserts.doAssertFailure (https://cdn.skypack.dev/-/google-protobuf@v3.21.2-YDUqZL2TTSsy2lGtfuND/dist=es2019,mode=imports/optimized/google-protobuf.js:778:11)
    at Object.jspb.asserts.assert (https://cdn.skypack.dev/-/google-protobuf@v3.21.2-YDUqZL2TTSsy2lGtfuND/dist=es2019,mode=imports/optimized/google-protobuf.js:783:23)
    at jspb.BinaryDecoder.readUint32 (https://cdn.skypack.dev/-/google-protobuf@v3.21.2-YDUqZL2TTSsy2lGtfuND/dist=es2019,mode=imports/optimized/google-protobuf.js:4202:18)
    at jspb.BinaryDecoder.readInt64 (https://cdn.skypack.dev/-/google-protobuf@v3.21.2-YDUqZL2TTSsy2lGtfuND/dist=es2019,mode=imports/optimized/google-protobuf.js:4232:18)
    at jspb.BinaryReader.readSfixed64 (https://cdn.skypack.dev/-/google-protobuf@v3.21.2-YDUqZL2TTSsy2lGtfuND/dist=es2019,mode=imports/optimized/google-protobuf.js:4606:26)
    at Function.deserialize (file:///Users/thesayyn/Documents/thesayyn/protoc-gen-ts/target/debug/build/protoc_gen_ts-8cec2bec66276c47/out/test_conformance/test_messages_proto2.ts:175:52)
    at file:///Users/thesayyn/Documents/thesayyn/protoc-gen-ts/tests/conformance/bin/main.ts:30:78

  protobuf_test_messages.proto3.TestAllTypesProto3 1
  Error: Assertion failed
    at Object.jspb.asserts.doAssertFailure (https://cdn.skypack.dev/-/google-protobuf@v3.21.2-YDUqZL2TTSsy2lGtfuND/dist=es2019,mode=imports/optimized/google-protobuf.js:778:11)
    at Object.jspb.asserts.assert (https://cdn.skypack.dev/-/google-protobuf@v3.21.2-YDUqZL2TTSsy2lGtfuND/dist=es2019,mode=imports/optimized/google-protobuf.js:783:23)
    at jspb.BinaryDecoder.readUint32 (https://cdn.skypack.dev/-/google-protobuf@v3.21.2-YDUqZL2TTSsy2lGtfuND/dist=es2019,mode=imports/optimized/google-protobuf.js:4202:18)
    at jspb.BinaryDecoder.readInt64 (https://cdn.skypack.dev/-/google-protobuf@v3.21.2-YDUqZL2TTSsy2lGtfuND/dist=es2019,mode=imports/optimized/google-protobuf.js:4232:18)
    at jspb.BinaryReader.readSfixed64 (https://cdn.skypack.dev/-/google-protobuf@v3.21.2-YDUqZL2TTSsy2lGtfuND/dist=es2019,mode=imports/optimized/google-protobuf.js:4606:26)
    at Function.deserialize (file:///Users/thesayyn/Documents/thesayyn/protoc-gen-ts/target/debug/build/protoc_gen_ts-8cec2bec66276c47/out/test_conformance/test_messages_proto3.ts:278:60)
    at file:///Users/thesayyn/Documents/thesayyn/protoc-gen-ts/tests/conformance/bin/main.ts:23:78

  protobuf_test_messages.proto2.TestAllTypesProto2 1
  Error: Assertion failed
    at Object.jspb.asserts.doAssertFailure (https://cdn.skypack.dev/-/google-protobuf@v3.21.2-YDUqZL2TTSsy2lGtfuND/dist=es2019,mode=imports/optimized/google-protobuf.js:778:11)
    at Object.jspb.asserts.assert (https://cdn.skypack.dev/-/google-protobuf@v3.21.2-YDUqZL2TTSsy2lGtfuND/dist=es2019,mode=imports/optimized/google-protobuf.js:783:23)
    at jspb.BinaryDecoder.readUint32 (https://cdn.skypack.dev/-/google-protobuf@v3.21.2-YDUqZL2TTSsy2lGtfuND/dist=es2019,mode=imports/optimized/google-protobuf.js:4202:18)
    at jspb.BinaryDecoder.readInt64 (https://cdn.skypack.dev/-/google-protobuf@v3.21.2-YDUqZL2TTSsy2lGtfuND/dist=es2019,mode=imports/optimized/google-protobuf.js:4232:18)
    at jspb.BinaryReader.readSfixed64 (https://cdn.skypack.dev/-/google-protobuf@v3.21.2-YDUqZL2TTSsy2lGtfuND/dist=es2019,mode=imports/optimized/google-protobuf.js:4606:26)
    at Function.deserialize (file:///Users/thesayyn/Documents/thesayyn/protoc-gen-ts/target/debug/build/protoc_gen_ts-8cec2bec66276c47/out/test_conformance/test_messages_proto2.ts:241:55)
    at file:///Users/thesayyn/Documents/thesayyn/protoc-gen-ts/tests/conformance/bin/main.ts:30:78

  protobuf_test_messages.proto3.TestAllTypesProto3 1
  Error: Assertion failed
    at Object.jspb.asserts.doAssertFailure (https://cdn.skypack.dev/-/google-protobuf@v3.21.2-YDUqZL2TTSsy2lGtfuND/dist=es2019,mode=imports/optimized/google-protobuf.js:778:11)
    at Object.jspb.asserts.assert (https://cdn.skypack.dev/-/google-protobuf@v3.21.2-YDUqZL2TTSsy2lGtfuND/dist=es2019,mode=imports/optimized/google-protobuf.js:783:23)
    at jspb.BinaryDecoder.advance (https://cdn.skypack.dev/-/google-protobuf@v3.21.2-YDUqZL2TTSsy2lGtfuND/dist=es2019,mode=imports/optimized/google-protobuf.js:4081:18)
    at jspb.BinaryReader.skipFixed64Field (https://cdn.skypack.dev/-/google-protobuf@v3.21.2-YDUqZL2TTSsy2lGtfuND/dist=es2019,mode=imports/optimized/google-protobuf.js:4409:163)
    at jspb.BinaryReader.skipField (https://cdn.skypack.dev/-/google-protobuf@v3.21.2-YDUqZL2TTSsy2lGtfuND/dist=es2019,mode=imports/optimized/google-protobuf.js:4432:14)
    at Function.deserialize (file:///Users/thesayyn/Documents/thesayyn/protoc-gen-ts/target/debug/build/protoc_gen_ts-8cec2bec66276c47/out/test_conformance/test_messages_proto3.ts:958:24)
    at file:///Users/thesayyn/Documents/thesayyn/protoc-gen-ts/tests/conformance/bin/main.ts:23:78

  protobuf_test_messages.proto2.TestAllTypesProto2 1
  Error: Assertion failed
    at Object.jspb.asserts.doAssertFailure (https://cdn.skypack.dev/-/google-protobuf@v3.21.2-YDUqZL2TTSsy2lGtfuND/dist=es2019,mode=imports/optimized/google-protobuf.js:778:11)
    at Object.jspb.asserts.assert (https://cdn.skypack.dev/-/google-protobuf@v3.21.2-YDUqZL2TTSsy2lGtfuND/dist=es2019,mode=imports/optimized/google-protobuf.js:783:23)
    at jspb.BinaryDecoder.advance (https://cdn.skypack.dev/-/google-protobuf@v3.21.2-YDUqZL2TTSsy2lGtfuND/dist=es2019,mode=imports/optimized/google-protobuf.js:4081:18)
    at jspb.BinaryReader.skipFixed64Field (https://cdn.skypack.dev/-/google-protobuf@v3.21.2-YDUqZL2TTSsy2lGtfuND/dist=es2019,mode=imports/optimized/google-protobuf.js:4409:163)
    at jspb.BinaryReader.skipField (https://cdn.skypack.dev/-/google-protobuf@v3.21.2-YDUqZL2TTSsy2lGtfuND/dist=es2019,mode=imports/optimized/google-protobuf.js:4432:14)
    at Function.deserialize (file:///Users/thesayyn/Documents/thesayyn/protoc-gen-ts/target/debug/build/protoc_gen_ts-8cec2bec66276c47/out/test_conformance/test_messages_proto2.ts:865:24)
    at file:///Users/thesayyn/Documents/thesayyn/protoc-gen-ts/tests/conformance/bin/main.ts:30:78

  protobuf_test_messages.proto3.TestAllTypesProto3 1
  Error: Assertion failed
    at Object.jspb.asserts.doAssertFailure (https://cdn.skypack.dev/-/google-protobuf@v3.21.2-YDUqZL2TTSsy2lGtfuND/dist=es2019,mode=imports/optimized/google-protobuf.js:778:11)
    at Object.jspb.asserts.assert (https://cdn.skypack.dev/-/google-protobuf@v3.21.2-YDUqZL2TTSsy2lGtfuND/dist=es2019,mode=imports/optimized/google-protobuf.js:783:23)
    at jspb.BinaryDecoder.readUint32 (https://cdn.skypack.dev/-/google-protobuf@v3.21.2-YDUqZL2TTSsy2lGtfuND/dist=es2019,mode=imports/optimized/google-protobuf.js:4202:18)
    at jspb.BinaryDecoder.readInt64 (https://cdn.skypack.dev/-/google-protobuf@v3.21.2-YDUqZL2TTSsy2lGtfuND/dist=es2019,mode=imports/optimized/google-protobuf.js:4232:41)
    at jspb.BinaryReader.readSfixed64 (https://cdn.skypack.dev/-/google-protobuf@v3.21.2-YDUqZL2TTSsy2lGtfuND/dist=es2019,mode=imports/optimized/google-protobuf.js:4606:26)
    at Function.deserialize (file:///Users/thesayyn/Documents/thesayyn/protoc-gen-ts/target/debug/build/protoc_gen_ts-8cec2bec66276c47/out/test_conformance/test_messages_proto3.ts:199:52)
    at file:///Users/thesayyn/Documents/thesayyn/protoc-gen-ts/tests/conformance/bin/main.ts:23:78

  protobuf_test_messages.proto2.TestAllTypesProto2 1
  Error: Assertion failed
    at Object.jspb.asserts.doAssertFailure (https://cdn.skypack.dev/-/google-protobuf@v3.21.2-YDUqZL2TTSsy2lGtfuND/dist=es2019,mode=imports/optimized/google-protobuf.js:778:11)
    at Object.jspb.asserts.assert (https://cdn.skypack.dev/-/google-protobuf@v3.21.2-YDUqZL2TTSsy2lGtfuND/dist=es2019,mode=imports/optimized/google-protobuf.js:783:23)
    at jspb.BinaryDecoder.readUint32 (https://cdn.skypack.dev/-/google-protobuf@v3.21.2-YDUqZL2TTSsy2lGtfuND/dist=es2019,mode=imports/optimized/google-protobuf.js:4202:18)
    at jspb.BinaryDecoder.readInt64 (https://cdn.skypack.dev/-/google-protobuf@v3.21.2-YDUqZL2TTSsy2lGtfuND/dist=es2019,mode=imports/optimized/google-protobuf.js:4232:41)
    at jspb.BinaryReader.readSfixed64 (https://cdn.skypack.dev/-/google-protobuf@v3.21.2-YDUqZL2TTSsy2lGtfuND/dist=es2019,mode=imports/optimized/google-protobuf.js:4606:26)
    at Function.deserialize (file:///Users/thesayyn/Documents/thesayyn/protoc-gen-ts/target/debug/build/protoc_gen_ts-8cec2bec66276c47/out/test_conformance/test_messages_proto2.ts:175:52)
    at file:///Users/thesayyn/Documents/thesayyn/protoc-gen-ts/tests/conformance/bin/main.ts:30:78

  protobuf_test_messages.proto3.TestAllTypesProto3 1
  Error: Assertion failed
    at Object.jspb.asserts.doAssertFailure (https://cdn.skypack.dev/-/google-protobuf@v3.21.2-YDUqZL2TTSsy2lGtfuND/dist=es2019,mode=imports/optimized/google-protobuf.js:778:11)
    at Object.jspb.asserts.assert (https://cdn.skypack.dev/-/google-protobuf@v3.21.2-YDUqZL2TTSsy2lGtfuND/dist=es2019,mode=imports/optimized/google-protobuf.js:783:23)
    at jspb.BinaryDecoder.readUint32 (https://cdn.skypack.dev/-/google-protobuf@v3.21.2-YDUqZL2TTSsy2lGtfuND/dist=es2019,mode=imports/optimized/google-protobuf.js:4202:18)
    at jspb.BinaryDecoder.readInt64 (https://cdn.skypack.dev/-/google-protobuf@v3.21.2-YDUqZL2TTSsy2lGtfuND/dist=es2019,mode=imports/optimized/google-protobuf.js:4232:41)
    at jspb.BinaryReader.readSfixed64 (https://cdn.skypack.dev/-/google-protobuf@v3.21.2-YDUqZL2TTSsy2lGtfuND/dist=es2019,mode=imports/optimized/google-protobuf.js:4606:26)
    at Function.deserialize (file:///Users/thesayyn/Documents/thesayyn/protoc-gen-ts/target/debug/build/protoc_gen_ts-8cec2bec66276c47/out/test_conformance/test_messages_proto3.ts:278:60)
    at file:///Users/thesayyn/Documents/thesayyn/protoc-gen-ts/tests/conformance/bin/main.ts:23:78

  protobuf_test_messages.proto2.TestAllTypesProto2 1
  Error: Assertion failed
    at Object.jspb.asserts.doAssertFailure (https://cdn.skypack.dev/-/google-protobuf@v3.21.2-YDUqZL2TTSsy2lGtfuND/dist=es2019,mode=imports/optimized/google-protobuf.js:778:11)
    at Object.jspb.asserts.assert (https://cdn.skypack.dev/-/google-protobuf@v3.21.2-YDUqZL2TTSsy2lGtfuND/dist=es2019,mode=imports/optimized/google-protobuf.js:783:23)
    at jspb.BinaryDecoder.readUint32 (https://cdn.skypack.dev/-/google-protobuf@v3.21.2-YDUqZL2TTSsy2lGtfuND/dist=es2019,mode=imports/optimized/google-protobuf.js:4202:18)
    at jspb.BinaryDecoder.readInt64 (https://cdn.skypack.dev/-/google-protobuf@v3.21.2-YDUqZL2TTSsy2lGtfuND/dist=es2019,mode=imports/optimized/google-protobuf.js:4232:41)
    at jspb.BinaryReader.readSfixed64 (https://cdn.skypack.dev/-/google-protobuf@v3.21.2-YDUqZL2TTSsy2lGtfuND/dist=es2019,mode=imports/optimized/google-protobuf.js:4606:26)
    at Function.deserialize (file:///Users/thesayyn/Documents/thesayyn/protoc-gen-ts/target/debug/build/protoc_gen_ts-8cec2bec66276c47/out/test_conformance/test_messages_proto2.ts:241:55)
    at file:///Users/thesayyn/Documents/thesayyn/protoc-gen-ts/tests/conformance/bin/main.ts:30:78

  protobuf_test_messages.proto3.TestAllTypesProto3 1
  Error: Assertion failed
    at Object.jspb.asserts.doAssertFailure (https://cdn.skypack.dev/-/google-protobuf@v3.21.2-YDUqZL2TTSsy2lGtfuND/dist=es2019,mode=imports/optimized/google-protobuf.js:778:11)
    at Object.jspb.asserts.assert (https://cdn.skypack.dev/-/google-protobuf@v3.21.2-YDUqZL2TTSsy2lGtfuND/dist=es2019,mode=imports/optimized/google-protobuf.js:783:23)
    at jspb.BinaryDecoder.advance (https://cdn.skypack.dev/-/google-protobuf@v3.21.2-YDUqZL2TTSsy2lGtfuND/dist=es2019,mode=imports/optimized/google-protobuf.js:4081:18)
    at jspb.BinaryReader.skipFixed64Field (https://cdn.skypack.dev/-/google-protobuf@v3.21.2-YDUqZL2TTSsy2lGtfuND/dist=es2019,mode=imports/optimized/google-protobuf.js:4409:163)
    at jspb.BinaryReader.skipField (https://cdn.skypack.dev/-/google-protobuf@v3.21.2-YDUqZL2TTSsy2lGtfuND/dist=es2019,mode=imports/optimized/google-protobuf.js:4432:14)
    at Function.deserialize (file:///Users/thesayyn/Documents/thesayyn/protoc-gen-ts/target/debug/build/protoc_gen_ts-8cec2bec66276c47/out/test_conformance/test_messages_proto3.ts:958:24)
    at file:///Users/thesayyn/Documents/thesayyn/protoc-gen-ts/tests/conformance/bin/main.ts:23:78

  protobuf_test_messages.proto2.TestAllTypesProto2 1
  Error: Assertion failed
    at Object.jspb.asserts.doAssertFailure (https://cdn.skypack.dev/-/google-protobuf@v3.21.2-YDUqZL2TTSsy2lGtfuND/dist=es2019,mode=imports/optimized/google-protobuf.js:778:11)
    at Object.jspb.asserts.assert (https://cdn.skypack.dev/-/google-protobuf@v3.21.2-YDUqZL2TTSsy2lGtfuND/dist=es2019,mode=imports/optimized/google-protobuf.js:783:23)
    at jspb.BinaryDecoder.advance (https://cdn.skypack.dev/-/google-protobuf@v3.21.2-YDUqZL2TTSsy2lGtfuND/dist=es2019,mode=imports/optimized/google-protobuf.js:4081:18)
    at jspb.BinaryReader.skipFixed64Field (https://cdn.skypack.dev/-/google-protobuf@v3.21.2-YDUqZL2TTSsy2lGtfuND/dist=es2019,mode=imports/optimized/google-protobuf.js:4409:163)
    at jspb.BinaryReader.skipField (https://cdn.skypack.dev/-/google-protobuf@v3.21.2-YDUqZL2TTSsy2lGtfuND/dist=es2019,mode=imports/optimized/google-protobuf.js:4432:14)
    at Function.deserialize (file:///Users/thesayyn/Documents/thesayyn/protoc-gen-ts/target/debug/build/protoc_gen_ts-8cec2bec66276c47/out/test_conformance/test_messages_proto2.ts:865:24)
    at file:///Users/thesayyn/Documents/thesayyn/protoc-gen-ts/tests/conformance/bin/main.ts:30:78

  protobuf_test_messages.proto3.TestAllTypesProto3 1
  Error: Assertion failed
    at Object.jspb.asserts.doAssertFailure (https://cdn.skypack.dev/-/google-protobuf@v3.21.2-YDUqZL2TTSsy2lGtfuND/dist=es2019,mode=imports/optimized/google-protobuf.js:778:11)
    at Object.jspb.asserts.assert (https://cdn.skypack.dev/-/google-protobuf@v3.21.2-YDUqZL2TTSsy2lGtfuND/dist=es2019,mode=imports/optimized/google-protobuf.js:783:23)
    at jspb.BinaryDecoder.readUint32 (https://cdn.skypack.dev/-/google-protobuf@v3.21.2-YDUqZL2TTSsy2lGtfuND/dist=es2019,mode=imports/optimized/google-protobuf.js:4202:18)
    at jspb.BinaryDecoder.readInt64 (https://cdn.skypack.dev/-/google-protobuf@v3.21.2-YDUqZL2TTSsy2lGtfuND/dist=es2019,mode=imports/optimized/google-protobuf.js:4232:41)
    at jspb.BinaryReader.readPackedField_ (https://cdn.skypack.dev/-/google-protobuf@v3.21.2-YDUqZL2TTSsy2lGtfuND/dist=es2019,mode=imports/optimized/google-protobuf.js:4676:16)
    at jspb.BinaryReader.readPackedSfixed64 (https://cdn.skypack.dev/-/google-protobuf@v3.21.2-YDUqZL2TTSsy2lGtfuND/dist=es2019,mode=imports/optimized/google-protobuf.js:4734:17)
    at Function.deserialize (file:///Users/thesayyn/Documents/thesayyn/protoc-gen-ts/target/debug/build/protoc_gen_ts-8cec2bec66276c47/out/test_conformance/test_messages_proto3.ts:277:80)
    at file:///Users/thesayyn/Documents/thesayyn/protoc-gen-ts/tests/conformance/bin/main.ts:23:78

  protobuf_test_messages.proto2.TestAllTypesProto2 1
  Error: Assertion failed
    at Object.jspb.asserts.doAssertFailure (https://cdn.skypack.dev/-/google-protobuf@v3.21.2-YDUqZL2TTSsy2lGtfuND/dist=es2019,mode=imports/optimized/google-protobuf.js:778:11)
    at Object.jspb.asserts.assert (https://cdn.skypack.dev/-/google-protobuf@v3.21.2-YDUqZL2TTSsy2lGtfuND/dist=es2019,mode=imports/optimized/google-protobuf.js:783:23)
    at jspb.BinaryReader.readSfixed64 (https://cdn.skypack.dev/-/google-protobuf@v3.21.2-YDUqZL2TTSsy2lGtfuND/dist=es2019,mode=imports/optimized/google-protobuf.js:4605:18)
    at Function.deserialize (file:///Users/thesayyn/Documents/thesayyn/protoc-gen-ts/target/debug/build/protoc_gen_ts-8cec2bec66276c47/out/test_conformance/test_messages_proto2.ts:241:55)
    at file:///Users/thesayyn/Documents/thesayyn/protoc-gen-ts/tests/conformance/bin/main.ts:30:78

  protobuf_test_messages.proto3.TestAllTypesProto3 1
  Error: Assertion failed
    at Object.jspb.asserts.doAssertFailure (https://cdn.skypack.dev/-/google-protobuf@v3.21.2-YDUqZL2TTSsy2lGtfuND/dist=es2019,mode=imports/optimized/google-protobuf.js:778:11)
    at Object.jspb.asserts.assert (https://cdn.skypack.dev/-/google-protobuf@v3.21.2-YDUqZL2TTSsy2lGtfuND/dist=es2019,mode=imports/optimized/google-protobuf.js:783:23)
    at jspb.BinaryDecoder.readUint32 (https://cdn.skypack.dev/-/google-protobuf@v3.21.2-YDUqZL2TTSsy2lGtfuND/dist=es2019,mode=imports/optimized/google-protobuf.js:4202:18)
    at jspb.BinaryDecoder.readInt64 (https://cdn.skypack.dev/-/google-protobuf@v3.21.2-YDUqZL2TTSsy2lGtfuND/dist=es2019,mode=imports/optimized/google-protobuf.js:4232:18)
    at jspb.BinaryReader.readPackedField_ (https://cdn.skypack.dev/-/google-protobuf@v3.21.2-YDUqZL2TTSsy2lGtfuND/dist=es2019,mode=imports/optimized/google-protobuf.js:4676:16)
    at jspb.BinaryReader.readPackedSfixed64 (https://cdn.skypack.dev/-/google-protobuf@v3.21.2-YDUqZL2TTSsy2lGtfuND/dist=es2019,mode=imports/optimized/google-protobuf.js:4734:17)
    at Function.deserialize (file:///Users/thesayyn/Documents/thesayyn/protoc-gen-ts/target/debug/build/protoc_gen_ts-8cec2bec66276c47/out/test_conformance/test_messages_proto3.ts:277:80)
    at file:///Users/thesayyn/Documents/thesayyn/protoc-gen-ts/tests/conformance/bin/main.ts:23:78

  protobuf_test_messages.proto2.TestAllTypesProto2 1
  Error: Assertion failed
    at Object.jspb.asserts.doAssertFailure (https://cdn.skypack.dev/-/google-protobuf@v3.21.2-YDUqZL2TTSsy2lGtfuND/dist=es2019,mode=imports/optimized/google-protobuf.js:778:11)
    at Object.jspb.asserts.assert (https://cdn.skypack.dev/-/google-protobuf@v3.21.2-YDUqZL2TTSsy2lGtfuND/dist=es2019,mode=imports/optimized/google-protobuf.js:783:23)
    at jspb.BinaryReader.readSfixed64 (https://cdn.skypack.dev/-/google-protobuf@v3.21.2-YDUqZL2TTSsy2lGtfuND/dist=es2019,mode=imports/optimized/google-protobuf.js:4605:18)
    at Function.deserialize (file:///Users/thesayyn/Documents/thesayyn/protoc-gen-ts/target/debug/build/protoc_gen_ts-8cec2bec66276c47/out/test_conformance/test_messages_proto2.ts:241:55)
    at file:///Users/thesayyn/Documents/thesayyn/protoc-gen-ts/tests/conformance/bin/main.ts:30:78

  protobuf_test_messages.proto3.TestAllTypesProto3 1
  Error: Assertion failed
    at Object.jspb.asserts.doAssertFailure (https://cdn.skypack.dev/-/google-protobuf@v3.21.2-YDUqZL2TTSsy2lGtfuND/dist=es2019,mode=imports/optimized/google-protobuf.js:778:11)
    at Object.jspb.asserts.assert (https://cdn.skypack.dev/-/google-protobuf@v3.21.2-YDUqZL2TTSsy2lGtfuND/dist=es2019,mode=imports/optimized/google-protobuf.js:783:23)
    at jspb.BinaryDecoder.readUnsignedVarint32 (https://cdn.skypack.dev/-/google-protobuf@v3.21.2-YDUqZL2TTSsy2lGtfuND/dist=es2019,mode=imports/optimized/google-protobuf.js:4150:18)
    at jspb.BinaryDecoder.readZigzagVarint32 (https://cdn.skypack.dev/-/google-protobuf@v3.21.2-YDUqZL2TTSsy2lGtfuND/dist=es2019,mode=imports/optimized/google-protobuf.js:4163:18)
    at jspb.BinaryReader.readSint32 (https://cdn.skypack.dev/-/google-protobuf@v3.21.2-YDUqZL2TTSsy2lGtfuND/dist=es2019,mode=imports/optimized/google-protobuf.js:4569:26)
    at Function.deserialize (file:///Users/thesayyn/Documents/thesayyn/protoc-gen-ts/target/debug/build/protoc_gen_ts-8cec2bec66276c47/out/test_conformance/test_messages_proto3.ts:184:50)
    at file:///Users/thesayyn/Documents/thesayyn/protoc-gen-ts/tests/conformance/bin/main.ts:23:78

  protobuf_test_messages.proto2.TestAllTypesProto2 1
  Error: Assertion failed
    at Object.jspb.asserts.doAssertFailure (https://cdn.skypack.dev/-/google-protobuf@v3.21.2-YDUqZL2TTSsy2lGtfuND/dist=es2019,mode=imports/optimized/google-protobuf.js:778:11)
    at Object.jspb.asserts.assert (https://cdn.skypack.dev/-/google-protobuf@v3.21.2-YDUqZL2TTSsy2lGtfuND/dist=es2019,mode=imports/optimized/google-protobuf.js:783:23)
    at jspb.BinaryDecoder.readUnsignedVarint32 (https://cdn.skypack.dev/-/google-protobuf@v3.21.2-YDUqZL2TTSsy2lGtfuND/dist=es2019,mode=imports/optimized/google-protobuf.js:4150:18)
    at jspb.BinaryDecoder.readZigzagVarint32 (https://cdn.skypack.dev/-/google-protobuf@v3.21.2-YDUqZL2TTSsy2lGtfuND/dist=es2019,mode=imports/optimized/google-protobuf.js:4163:18)
    at jspb.BinaryReader.readSint32 (https://cdn.skypack.dev/-/google-protobuf@v3.21.2-YDUqZL2TTSsy2lGtfuND/dist=es2019,mode=imports/optimized/google-protobuf.js:4569:26)
    at Function.deserialize (file:///Users/thesayyn/Documents/thesayyn/protoc-gen-ts/target/debug/build/protoc_gen_ts-8cec2bec66276c47/out/test_conformance/test_messages_proto2.ts:160:50)
    at file:///Users/thesayyn/Documents/thesayyn/protoc-gen-ts/tests/conformance/bin/main.ts:30:78

  protobuf_test_messages.proto3.TestAllTypesProto3 1
  Error: Assertion failed
    at Object.jspb.asserts.doAssertFailure (https://cdn.skypack.dev/-/google-protobuf@v3.21.2-YDUqZL2TTSsy2lGtfuND/dist=es2019,mode=imports/optimized/google-protobuf.js:778:11)
    at Object.jspb.asserts.assert (https://cdn.skypack.dev/-/google-protobuf@v3.21.2-YDUqZL2TTSsy2lGtfuND/dist=es2019,mode=imports/optimized/google-protobuf.js:783:23)
    at jspb.BinaryDecoder.readUnsignedVarint32 (https://cdn.skypack.dev/-/google-protobuf@v3.21.2-YDUqZL2TTSsy2lGtfuND/dist=es2019,mode=imports/optimized/google-protobuf.js:4150:18)
    at jspb.BinaryDecoder.readZigzagVarint32 (https://cdn.skypack.dev/-/google-protobuf@v3.21.2-YDUqZL2TTSsy2lGtfuND/dist=es2019,mode=imports/optimized/google-protobuf.js:4163:18)
    at jspb.BinaryReader.readSint32 (https://cdn.skypack.dev/-/google-protobuf@v3.21.2-YDUqZL2TTSsy2lGtfuND/dist=es2019,mode=imports/optimized/google-protobuf.js:4569:26)
    at Function.deserialize (file:///Users/thesayyn/Documents/thesayyn/protoc-gen-ts/target/debug/build/protoc_gen_ts-8cec2bec66276c47/out/test_conformance/test_messages_proto3.ts:258:58)
    at file:///Users/thesayyn/Documents/thesayyn/protoc-gen-ts/tests/conformance/bin/main.ts:23:78

  protobuf_test_messages.proto2.TestAllTypesProto2 1
  Error: Assertion failed
    at Object.jspb.asserts.doAssertFailure (https://cdn.skypack.dev/-/google-protobuf@v3.21.2-YDUqZL2TTSsy2lGtfuND/dist=es2019,mode=imports/optimized/google-protobuf.js:778:11)
    at Object.jspb.asserts.assert (https://cdn.skypack.dev/-/google-protobuf@v3.21.2-YDUqZL2TTSsy2lGtfuND/dist=es2019,mode=imports/optimized/google-protobuf.js:783:23)
    at jspb.BinaryDecoder.readUnsignedVarint32 (https://cdn.skypack.dev/-/google-protobuf@v3.21.2-YDUqZL2TTSsy2lGtfuND/dist=es2019,mode=imports/optimized/google-protobuf.js:4150:18)
    at jspb.BinaryDecoder.readZigzagVarint32 (https://cdn.skypack.dev/-/google-protobuf@v3.21.2-YDUqZL2TTSsy2lGtfuND/dist=es2019,mode=imports/optimized/google-protobuf.js:4163:18)
    at jspb.BinaryReader.readSint32 (https://cdn.skypack.dev/-/google-protobuf@v3.21.2-YDUqZL2TTSsy2lGtfuND/dist=es2019,mode=imports/optimized/google-protobuf.js:4569:26)
    at Function.deserialize (file:///Users/thesayyn/Documents/thesayyn/protoc-gen-ts/target/debug/build/protoc_gen_ts-8cec2bec66276c47/out/test_conformance/test_messages_proto2.ts:226:53)
    at file:///Users/thesayyn/Documents/thesayyn/protoc-gen-ts/tests/conformance/bin/main.ts:30:78

  protobuf_test_messages.proto3.TestAllTypesProto3 1
  Error: Failure: Decoder hit an error
    at Object.jspb.asserts.fail (https://cdn.skypack.dev/-/google-protobuf@v3.21.2-YDUqZL2TTSsy2lGtfuND/dist=es2019,mode=imports/optimized/google-protobuf.js:801:11)
    at jspb.BinaryReader.nextField (https://cdn.skypack.dev/-/google-protobuf@v3.21.2-YDUqZL2TTSsy2lGtfuND/dist=es2019,mode=imports/optimized/google-protobuf.js:4374:27)
    at Function.deserialize (file:///Users/thesayyn/Documents/thesayyn/protoc-gen-ts/target/debug/build/protoc_gen_ts-8cec2bec66276c47/out/test_conformance/test_messages_proto3.ts:169:18)
    at file:///Users/thesayyn/Documents/thesayyn/protoc-gen-ts/tests/conformance/bin/main.ts:23:78

  protobuf_test_messages.proto2.TestAllTypesProto2 1
  Error: Failure: Decoder hit an error
    at Object.jspb.asserts.fail (https://cdn.skypack.dev/-/google-protobuf@v3.21.2-YDUqZL2TTSsy2lGtfuND/dist=es2019,mode=imports/optimized/google-protobuf.js:801:11)
    at jspb.BinaryReader.nextField (https://cdn.skypack.dev/-/google-protobuf@v3.21.2-YDUqZL2TTSsy2lGtfuND/dist=es2019,mode=imports/optimized/google-protobuf.js:4374:27)
    at Function.deserialize (file:///Users/thesayyn/Documents/thesayyn/protoc-gen-ts/target/debug/build/protoc_gen_ts-8cec2bec66276c47/out/test_conformance/test_messages_proto2.ts:145:18)
    at file:///Users/thesayyn/Documents/thesayyn/protoc-gen-ts/tests/conformance/bin/main.ts:30:78

  protobuf_test_messages.proto3.TestAllTypesProto3 1
  Error: Assertion failed
    at Object.jspb.asserts.doAssertFailure (https://cdn.skypack.dev/-/google-protobuf@v3.21.2-YDUqZL2TTSsy2lGtfuND/dist=es2019,mode=imports/optimized/google-protobuf.js:778:11)
    at Object.jspb.asserts.assert (https://cdn.skypack.dev/-/google-protobuf@v3.21.2-YDUqZL2TTSsy2lGtfuND/dist=es2019,mode=imports/optimized/google-protobuf.js:783:23)
    at jspb.BinaryDecoder.readUnsignedVarint32 (https://cdn.skypack.dev/-/google-protobuf@v3.21.2-YDUqZL2TTSsy2lGtfuND/dist=es2019,mode=imports/optimized/google-protobuf.js:4150:18)
    at jspb.BinaryDecoder.readZigzagVarint32 (https://cdn.skypack.dev/-/google-protobuf@v3.21.2-YDUqZL2TTSsy2lGtfuND/dist=es2019,mode=imports/optimized/google-protobuf.js:4163:18)
    at jspb.BinaryReader.readSint32 (https://cdn.skypack.dev/-/google-protobuf@v3.21.2-YDUqZL2TTSsy2lGtfuND/dist=es2019,mode=imports/optimized/google-protobuf.js:4569:26)
    at Function.deserialize (file:///Users/thesayyn/Documents/thesayyn/protoc-gen-ts/target/debug/build/protoc_gen_ts-8cec2bec66276c47/out/test_conformance/test_messages_proto3.ts:184:50)
    at file:///Users/thesayyn/Documents/thesayyn/protoc-gen-ts/tests/conformance/bin/main.ts:23:78

  protobuf_test_messages.proto2.TestAllTypesProto2 1
  Error: Assertion failed
    at Object.jspb.asserts.doAssertFailure (https://cdn.skypack.dev/-/google-protobuf@v3.21.2-YDUqZL2TTSsy2lGtfuND/dist=es2019,mode=imports/optimized/google-protobuf.js:778:11)
    at Object.jspb.asserts.assert (https://cdn.skypack.dev/-/google-protobuf@v3.21.2-YDUqZL2TTSsy2lGtfuND/dist=es2019,mode=imports/optimized/google-protobuf.js:783:23)
    at jspb.BinaryDecoder.readUnsignedVarint32 (https://cdn.skypack.dev/-/google-protobuf@v3.21.2-YDUqZL2TTSsy2lGtfuND/dist=es2019,mode=imports/optimized/google-protobuf.js:4150:18)
    at jspb.BinaryDecoder.readZigzagVarint32 (https://cdn.skypack.dev/-/google-protobuf@v3.21.2-YDUqZL2TTSsy2lGtfuND/dist=es2019,mode=imports/optimized/google-protobuf.js:4163:18)
    at jspb.BinaryReader.readSint32 (https://cdn.skypack.dev/-/google-protobuf@v3.21.2-YDUqZL2TTSsy2lGtfuND/dist=es2019,mode=imports/optimized/google-protobuf.js:4569:26)
    at Function.deserialize (file:///Users/thesayyn/Documents/thesayyn/protoc-gen-ts/target/debug/build/protoc_gen_ts-8cec2bec66276c47/out/test_conformance/test_messages_proto2.ts:160:50)
    at file:///Users/thesayyn/Documents/thesayyn/protoc-gen-ts/tests/conformance/bin/main.ts:30:78

  protobuf_test_messages.proto3.TestAllTypesProto3 1
  Error: Assertion failed
    at Object.jspb.asserts.doAssertFailure (https://cdn.skypack.dev/-/google-protobuf@v3.21.2-YDUqZL2TTSsy2lGtfuND/dist=es2019,mode=imports/optimized/google-protobuf.js:778:11)
    at Object.jspb.asserts.assert (https://cdn.skypack.dev/-/google-protobuf@v3.21.2-YDUqZL2TTSsy2lGtfuND/dist=es2019,mode=imports/optimized/google-protobuf.js:783:23)
    at jspb.BinaryDecoder.readUnsignedVarint32 (https://cdn.skypack.dev/-/google-protobuf@v3.21.2-YDUqZL2TTSsy2lGtfuND/dist=es2019,mode=imports/optimized/google-protobuf.js:4150:18)
    at jspb.BinaryDecoder.readZigzagVarint32 (https://cdn.skypack.dev/-/google-protobuf@v3.21.2-YDUqZL2TTSsy2lGtfuND/dist=es2019,mode=imports/optimized/google-protobuf.js:4163:18)
    at jspb.BinaryReader.readSint32 (https://cdn.skypack.dev/-/google-protobuf@v3.21.2-YDUqZL2TTSsy2lGtfuND/dist=es2019,mode=imports/optimized/google-protobuf.js:4569:26)
    at Function.deserialize (file:///Users/thesayyn/Documents/thesayyn/protoc-gen-ts/target/debug/build/protoc_gen_ts-8cec2bec66276c47/out/test_conformance/test_messages_proto3.ts:258:58)
    at file:///Users/thesayyn/Documents/thesayyn/protoc-gen-ts/tests/conformance/bin/main.ts:23:78

  protobuf_test_messages.proto2.TestAllTypesProto2 1
  Error: Assertion failed
    at Object.jspb.asserts.doAssertFailure (https://cdn.skypack.dev/-/google-protobuf@v3.21.2-YDUqZL2TTSsy2lGtfuND/dist=es2019,mode=imports/optimized/google-protobuf.js:778:11)
    at Object.jspb.asserts.assert (https://cdn.skypack.dev/-/google-protobuf@v3.21.2-YDUqZL2TTSsy2lGtfuND/dist=es2019,mode=imports/optimized/google-protobuf.js:783:23)
    at jspb.BinaryDecoder.readUnsignedVarint32 (https://cdn.skypack.dev/-/google-protobuf@v3.21.2-YDUqZL2TTSsy2lGtfuND/dist=es2019,mode=imports/optimized/google-protobuf.js:4150:18)
    at jspb.BinaryDecoder.readZigzagVarint32 (https://cdn.skypack.dev/-/google-protobuf@v3.21.2-YDUqZL2TTSsy2lGtfuND/dist=es2019,mode=imports/optimized/google-protobuf.js:4163:18)
    at jspb.BinaryReader.readSint32 (https://cdn.skypack.dev/-/google-protobuf@v3.21.2-YDUqZL2TTSsy2lGtfuND/dist=es2019,mode=imports/optimized/google-protobuf.js:4569:26)
    at Function.deserialize (file:///Users/thesayyn/Documents/thesayyn/protoc-gen-ts/target/debug/build/protoc_gen_ts-8cec2bec66276c47/out/test_conformance/test_messages_proto2.ts:226:53)
    at file:///Users/thesayyn/Documents/thesayyn/protoc-gen-ts/tests/conformance/bin/main.ts:30:78

  protobuf_test_messages.proto3.TestAllTypesProto3 1
  Error: Failure: Decoder hit an error
    at Object.jspb.asserts.fail (https://cdn.skypack.dev/-/google-protobuf@v3.21.2-YDUqZL2TTSsy2lGtfuND/dist=es2019,mode=imports/optimized/google-protobuf.js:801:11)
    at jspb.BinaryReader.nextField (https://cdn.skypack.dev/-/google-protobuf@v3.21.2-YDUqZL2TTSsy2lGtfuND/dist=es2019,mode=imports/optimized/google-protobuf.js:4374:27)
    at Function.deserialize (file:///Users/thesayyn/Documents/thesayyn/protoc-gen-ts/target/debug/build/protoc_gen_ts-8cec2bec66276c47/out/test_conformance/test_messages_proto3.ts:169:18)
    at file:///Users/thesayyn/Documents/thesayyn/protoc-gen-ts/tests/conformance/bin/main.ts:23:78

  protobuf_test_messages.proto2.TestAllTypesProto2 1
  Error: Failure: Decoder hit an error
    at Object.jspb.asserts.fail (https://cdn.skypack.dev/-/google-protobuf@v3.21.2-YDUqZL2TTSsy2lGtfuND/dist=es2019,mode=imports/optimized/google-protobuf.js:801:11)
    at jspb.BinaryReader.nextField (https://cdn.skypack.dev/-/google-protobuf@v3.21.2-YDUqZL2TTSsy2lGtfuND/dist=es2019,mode=imports/optimized/google-protobuf.js:4374:27)
    at Function.deserialize (file:///Users/thesayyn/Documents/thesayyn/protoc-gen-ts/target/debug/build/protoc_gen_ts-8cec2bec66276c47/out/test_conformance/test_messages_proto2.ts:145:18)
    at file:///Users/thesayyn/Documents/thesayyn/protoc-gen-ts/tests/conformance/bin/main.ts:30:78

  protobuf_test_messages.proto3.TestAllTypesProto3 1
  Error: Assertion failed
    at Object.jspb.asserts.doAssertFailure (https://cdn.skypack.dev/-/google-protobuf@v3.21.2-YDUqZL2TTSsy2lGtfuND/dist=es2019,mode=imports/optimized/google-protobuf.js:778:11)
    at Object.jspb.asserts.assert (https://cdn.skypack.dev/-/google-protobuf@v3.21.2-YDUqZL2TTSsy2lGtfuND/dist=es2019,mode=imports/optimized/google-protobuf.js:783:23)
    at jspb.BinaryDecoder.readUnsignedVarint32 (https://cdn.skypack.dev/-/google-protobuf@v3.21.2-YDUqZL2TTSsy2lGtfuND/dist=es2019,mode=imports/optimized/google-protobuf.js:4150:18)
    at jspb.BinaryDecoder.readZigzagVarint32 (https://cdn.skypack.dev/-/google-protobuf@v3.21.2-YDUqZL2TTSsy2lGtfuND/dist=es2019,mode=imports/optimized/google-protobuf.js:4163:18)
    at jspb.BinaryReader.readPackedField_ (https://cdn.skypack.dev/-/google-protobuf@v3.21.2-YDUqZL2TTSsy2lGtfuND/dist=es2019,mode=imports/optimized/google-protobuf.js:4676:16)
    at jspb.BinaryReader.readPackedSint32 (https://cdn.skypack.dev/-/google-protobuf@v3.21.2-YDUqZL2TTSsy2lGtfuND/dist=es2019,mode=imports/optimized/google-protobuf.js:4708:17)
    at Function.deserialize (file:///Users/thesayyn/Documents/thesayyn/protoc-gen-ts/target/debug/build/protoc_gen_ts-8cec2bec66276c47/out/test_conformance/test_messages_proto3.ts:257:78)
    at file:///Users/thesayyn/Documents/thesayyn/protoc-gen-ts/tests/conformance/bin/main.ts:23:78

  protobuf_test_messages.proto2.TestAllTypesProto2 1
  Error: Assertion failed
    at Object.jspb.asserts.doAssertFailure (https://cdn.skypack.dev/-/google-protobuf@v3.21.2-YDUqZL2TTSsy2lGtfuND/dist=es2019,mode=imports/optimized/google-protobuf.js:778:11)
    at Object.jspb.asserts.assert (https://cdn.skypack.dev/-/google-protobuf@v3.21.2-YDUqZL2TTSsy2lGtfuND/dist=es2019,mode=imports/optimized/google-protobuf.js:783:23)
    at jspb.BinaryReader.readSint32 (https://cdn.skypack.dev/-/google-protobuf@v3.21.2-YDUqZL2TTSsy2lGtfuND/dist=es2019,mode=imports/optimized/google-protobuf.js:4568:18)
    at Function.deserialize (file:///Users/thesayyn/Documents/thesayyn/protoc-gen-ts/target/debug/build/protoc_gen_ts-8cec2bec66276c47/out/test_conformance/test_messages_proto2.ts:226:53)
    at file:///Users/thesayyn/Documents/thesayyn/protoc-gen-ts/tests/conformance/bin/main.ts:30:78

  protobuf_test_messages.proto3.TestAllTypesProto3 1
  Error: Assertion failed
    at Object.jspb.asserts.doAssertFailure (https://cdn.skypack.dev/-/google-protobuf@v3.21.2-YDUqZL2TTSsy2lGtfuND/dist=es2019,mode=imports/optimized/google-protobuf.js:778:11)
    at Object.jspb.asserts.assert (https://cdn.skypack.dev/-/google-protobuf@v3.21.2-YDUqZL2TTSsy2lGtfuND/dist=es2019,mode=imports/optimized/google-protobuf.js:783:23)
    at jspb.BinaryDecoder.readUnsignedVarint32 (https://cdn.skypack.dev/-/google-protobuf@v3.21.2-YDUqZL2TTSsy2lGtfuND/dist=es2019,mode=imports/optimized/google-protobuf.js:4150:18)
    at jspb.BinaryDecoder.readZigzagVarint32 (https://cdn.skypack.dev/-/google-protobuf@v3.21.2-YDUqZL2TTSsy2lGtfuND/dist=es2019,mode=imports/optimized/google-protobuf.js:4163:18)
    at jspb.BinaryReader.readPackedField_ (https://cdn.skypack.dev/-/google-protobuf@v3.21.2-YDUqZL2TTSsy2lGtfuND/dist=es2019,mode=imports/optimized/google-protobuf.js:4676:16)
    at jspb.BinaryReader.readPackedSint32 (https://cdn.skypack.dev/-/google-protobuf@v3.21.2-YDUqZL2TTSsy2lGtfuND/dist=es2019,mode=imports/optimized/google-protobuf.js:4708:17)
    at Function.deserialize (file:///Users/thesayyn/Documents/thesayyn/protoc-gen-ts/target/debug/build/protoc_gen_ts-8cec2bec66276c47/out/test_conformance/test_messages_proto3.ts:257:78)
    at file:///Users/thesayyn/Documents/thesayyn/protoc-gen-ts/tests/conformance/bin/main.ts:23:78

  protobuf_test_messages.proto2.TestAllTypesProto2 1
  Error: Assertion failed
    at Object.jspb.asserts.doAssertFailure (https://cdn.skypack.dev/-/google-protobuf@v3.21.2-YDUqZL2TTSsy2lGtfuND/dist=es2019,mode=imports/optimized/google-protobuf.js:778:11)
    at Object.jspb.asserts.assert (https://cdn.skypack.dev/-/google-protobuf@v3.21.2-YDUqZL2TTSsy2lGtfuND/dist=es2019,mode=imports/optimized/google-protobuf.js:783:23)
    at jspb.BinaryReader.readSint32 (https://cdn.skypack.dev/-/google-protobuf@v3.21.2-YDUqZL2TTSsy2lGtfuND/dist=es2019,mode=imports/optimized/google-protobuf.js:4568:18)
    at Function.deserialize (file:///Users/thesayyn/Documents/thesayyn/protoc-gen-ts/target/debug/build/protoc_gen_ts-8cec2bec66276c47/out/test_conformance/test_messages_proto2.ts:226:53)
    at file:///Users/thesayyn/Documents/thesayyn/protoc-gen-ts/tests/conformance/bin/main.ts:30:78

  protobuf_test_messages.proto3.TestAllTypesProto3 1
  Error: Failure: Failed to read varint, encoding is invalid.
    at Object.jspb.asserts.fail (https://cdn.skypack.dev/-/google-protobuf@v3.21.2-YDUqZL2TTSsy2lGtfuND/dist=es2019,mode=imports/optimized/google-protobuf.js:801:11)
    at jspb.BinaryDecoder.readSplitVarint64 (https://cdn.skypack.dev/-/google-protobuf@v3.21.2-YDUqZL2TTSsy2lGtfuND/dist=es2019,mode=imports/optimized/google-protobuf.js:4101:18)
    at jspb.BinaryDecoder.readZigzagVarint64 (https://cdn.skypack.dev/-/google-protobuf@v3.21.2-YDUqZL2TTSsy2lGtfuND/dist=es2019,mode=imports/optimized/google-protobuf.js:4179:17)
    at jspb.BinaryReader.readSint64 (https://cdn.skypack.dev/-/google-protobuf@v3.21.2-YDUqZL2TTSsy2lGtfuND/dist=es2019,mode=imports/optimized/google-protobuf.js:4574:26)
    at Function.deserialize (file:///Users/thesayyn/Documents/thesayyn/protoc-gen-ts/target/debug/build/protoc_gen_ts-8cec2bec66276c47/out/test_conformance/test_messages_proto3.ts:187:50)
    at file:///Users/thesayyn/Documents/thesayyn/protoc-gen-ts/tests/conformance/bin/main.ts:23:78

  protobuf_test_messages.proto2.TestAllTypesProto2 1
  Error: Failure: Failed to read varint, encoding is invalid.
    at Object.jspb.asserts.fail (https://cdn.skypack.dev/-/google-protobuf@v3.21.2-YDUqZL2TTSsy2lGtfuND/dist=es2019,mode=imports/optimized/google-protobuf.js:801:11)
    at jspb.BinaryDecoder.readSplitVarint64 (https://cdn.skypack.dev/-/google-protobuf@v3.21.2-YDUqZL2TTSsy2lGtfuND/dist=es2019,mode=imports/optimized/google-protobuf.js:4101:18)
    at jspb.BinaryDecoder.readZigzagVarint64 (https://cdn.skypack.dev/-/google-protobuf@v3.21.2-YDUqZL2TTSsy2lGtfuND/dist=es2019,mode=imports/optimized/google-protobuf.js:4179:17)
    at jspb.BinaryReader.readSint64 (https://cdn.skypack.dev/-/google-protobuf@v3.21.2-YDUqZL2TTSsy2lGtfuND/dist=es2019,mode=imports/optimized/google-protobuf.js:4574:26)
    at Function.deserialize (file:///Users/thesayyn/Documents/thesayyn/protoc-gen-ts/target/debug/build/protoc_gen_ts-8cec2bec66276c47/out/test_conformance/test_messages_proto2.ts:163:50)
    at file:///Users/thesayyn/Documents/thesayyn/protoc-gen-ts/tests/conformance/bin/main.ts:30:78

  protobuf_test_messages.proto3.TestAllTypesProto3 1
  Error: Failure: Failed to read varint, encoding is invalid.
    at Object.jspb.asserts.fail (https://cdn.skypack.dev/-/google-protobuf@v3.21.2-YDUqZL2TTSsy2lGtfuND/dist=es2019,mode=imports/optimized/google-protobuf.js:801:11)
    at jspb.BinaryDecoder.readSplitVarint64 (https://cdn.skypack.dev/-/google-protobuf@v3.21.2-YDUqZL2TTSsy2lGtfuND/dist=es2019,mode=imports/optimized/google-protobuf.js:4101:18)
    at jspb.BinaryDecoder.readZigzagVarint64 (https://cdn.skypack.dev/-/google-protobuf@v3.21.2-YDUqZL2TTSsy2lGtfuND/dist=es2019,mode=imports/optimized/google-protobuf.js:4179:17)
    at jspb.BinaryReader.readSint64 (https://cdn.skypack.dev/-/google-protobuf@v3.21.2-YDUqZL2TTSsy2lGtfuND/dist=es2019,mode=imports/optimized/google-protobuf.js:4574:26)
    at Function.deserialize (file:///Users/thesayyn/Documents/thesayyn/protoc-gen-ts/target/debug/build/protoc_gen_ts-8cec2bec66276c47/out/test_conformance/test_messages_proto3.ts:262:58)
    at file:///Users/thesayyn/Documents/thesayyn/protoc-gen-ts/tests/conformance/bin/main.ts:23:78

  protobuf_test_messages.proto2.TestAllTypesProto2 1
  Error: Failure: Failed to read varint, encoding is invalid.
    at Object.jspb.asserts.fail (https://cdn.skypack.dev/-/google-protobuf@v3.21.2-YDUqZL2TTSsy2lGtfuND/dist=es2019,mode=imports/optimized/google-protobuf.js:801:11)
    at jspb.BinaryDecoder.readSplitVarint64 (https://cdn.skypack.dev/-/google-protobuf@v3.21.2-YDUqZL2TTSsy2lGtfuND/dist=es2019,mode=imports/optimized/google-protobuf.js:4101:18)
    at jspb.BinaryDecoder.readZigzagVarint64 (https://cdn.skypack.dev/-/google-protobuf@v3.21.2-YDUqZL2TTSsy2lGtfuND/dist=es2019,mode=imports/optimized/google-protobuf.js:4179:17)
    at jspb.BinaryReader.readSint64 (https://cdn.skypack.dev/-/google-protobuf@v3.21.2-YDUqZL2TTSsy2lGtfuND/dist=es2019,mode=imports/optimized/google-protobuf.js:4574:26)
    at Function.deserialize (file:///Users/thesayyn/Documents/thesayyn/protoc-gen-ts/target/debug/build/protoc_gen_ts-8cec2bec66276c47/out/test_conformance/test_messages_proto2.ts:229:53)
    at file:///Users/thesayyn/Documents/thesayyn/protoc-gen-ts/tests/conformance/bin/main.ts:30:78

  protobuf_test_messages.proto3.TestAllTypesProto3 1
  Error: Failure: Decoder hit an error
    at Object.jspb.asserts.fail (https://cdn.skypack.dev/-/google-protobuf@v3.21.2-YDUqZL2TTSsy2lGtfuND/dist=es2019,mode=imports/optimized/google-protobuf.js:801:11)
    at jspb.BinaryReader.nextField (https://cdn.skypack.dev/-/google-protobuf@v3.21.2-YDUqZL2TTSsy2lGtfuND/dist=es2019,mode=imports/optimized/google-protobuf.js:4374:27)
    at Function.deserialize (file:///Users/thesayyn/Documents/thesayyn/protoc-gen-ts/target/debug/build/protoc_gen_ts-8cec2bec66276c47/out/test_conformance/test_messages_proto3.ts:169:18)
    at file:///Users/thesayyn/Documents/thesayyn/protoc-gen-ts/tests/conformance/bin/main.ts:23:78

  protobuf_test_messages.proto2.TestAllTypesProto2 1
  Error: Failure: Decoder hit an error
    at Object.jspb.asserts.fail (https://cdn.skypack.dev/-/google-protobuf@v3.21.2-YDUqZL2TTSsy2lGtfuND/dist=es2019,mode=imports/optimized/google-protobuf.js:801:11)
    at jspb.BinaryReader.nextField (https://cdn.skypack.dev/-/google-protobuf@v3.21.2-YDUqZL2TTSsy2lGtfuND/dist=es2019,mode=imports/optimized/google-protobuf.js:4374:27)
    at Function.deserialize (file:///Users/thesayyn/Documents/thesayyn/protoc-gen-ts/target/debug/build/protoc_gen_ts-8cec2bec66276c47/out/test_conformance/test_messages_proto2.ts:145:18)
    at file:///Users/thesayyn/Documents/thesayyn/protoc-gen-ts/tests/conformance/bin/main.ts:30:78

  protobuf_test_messages.proto3.TestAllTypesProto3 1
  Error: Failure: Failed to read varint, encoding is invalid.
    at Object.jspb.asserts.fail (https://cdn.skypack.dev/-/google-protobuf@v3.21.2-YDUqZL2TTSsy2lGtfuND/dist=es2019,mode=imports/optimized/google-protobuf.js:801:11)
    at jspb.BinaryDecoder.readSplitVarint64 (https://cdn.skypack.dev/-/google-protobuf@v3.21.2-YDUqZL2TTSsy2lGtfuND/dist=es2019,mode=imports/optimized/google-protobuf.js:4101:18)
    at jspb.BinaryDecoder.readZigzagVarint64 (https://cdn.skypack.dev/-/google-protobuf@v3.21.2-YDUqZL2TTSsy2lGtfuND/dist=es2019,mode=imports/optimized/google-protobuf.js:4179:17)
    at jspb.BinaryReader.readSint64 (https://cdn.skypack.dev/-/google-protobuf@v3.21.2-YDUqZL2TTSsy2lGtfuND/dist=es2019,mode=imports/optimized/google-protobuf.js:4574:26)
    at Function.deserialize (file:///Users/thesayyn/Documents/thesayyn/protoc-gen-ts/target/debug/build/protoc_gen_ts-8cec2bec66276c47/out/test_conformance/test_messages_proto3.ts:187:50)
    at file:///Users/thesayyn/Documents/thesayyn/protoc-gen-ts/tests/conformance/bin/main.ts:23:78

  protobuf_test_messages.proto2.TestAllTypesProto2 1
  Error: Failure: Failed to read varint, encoding is invalid.
    at Object.jspb.asserts.fail (https://cdn.skypack.dev/-/google-protobuf@v3.21.2-YDUqZL2TTSsy2lGtfuND/dist=es2019,mode=imports/optimized/google-protobuf.js:801:11)
    at jspb.BinaryDecoder.readSplitVarint64 (https://cdn.skypack.dev/-/google-protobuf@v3.21.2-YDUqZL2TTSsy2lGtfuND/dist=es2019,mode=imports/optimized/google-protobuf.js:4101:18)
    at jspb.BinaryDecoder.readZigzagVarint64 (https://cdn.skypack.dev/-/google-protobuf@v3.21.2-YDUqZL2TTSsy2lGtfuND/dist=es2019,mode=imports/optimized/google-protobuf.js:4179:17)
    at jspb.BinaryReader.readSint64 (https://cdn.skypack.dev/-/google-protobuf@v3.21.2-YDUqZL2TTSsy2lGtfuND/dist=es2019,mode=imports/optimized/google-protobuf.js:4574:26)
    at Function.deserialize (file:///Users/thesayyn/Documents/thesayyn/protoc-gen-ts/target/debug/build/protoc_gen_ts-8cec2bec66276c47/out/test_conformance/test_messages_proto2.ts:163:50)
    at file:///Users/thesayyn/Documents/thesayyn/protoc-gen-ts/tests/conformance/bin/main.ts:30:78

  protobuf_test_messages.proto3.TestAllTypesProto3 1
  Error: Failure: Failed to read varint, encoding is invalid.
    at Object.jspb.asserts.fail (https://cdn.skypack.dev/-/google-protobuf@v3.21.2-YDUqZL2TTSsy2lGtfuND/dist=es2019,mode=imports/optimized/google-protobuf.js:801:11)
    at jspb.BinaryDecoder.readSplitVarint64 (https://cdn.skypack.dev/-/google-protobuf@v3.21.2-YDUqZL2TTSsy2lGtfuND/dist=es2019,mode=imports/optimized/google-protobuf.js:4101:18)
    at jspb.BinaryDecoder.readZigzagVarint64 (https://cdn.skypack.dev/-/google-protobuf@v3.21.2-YDUqZL2TTSsy2lGtfuND/dist=es2019,mode=imports/optimized/google-protobuf.js:4179:17)
    at jspb.BinaryReader.readSint64 (https://cdn.skypack.dev/-/google-protobuf@v3.21.2-YDUqZL2TTSsy2lGtfuND/dist=es2019,mode=imports/optimized/google-protobuf.js:4574:26)
    at Function.deserialize (file:///Users/thesayyn/Documents/thesayyn/protoc-gen-ts/target/debug/build/protoc_gen_ts-8cec2bec66276c47/out/test_conformance/test_messages_proto3.ts:262:58)
    at file:///Users/thesayyn/Documents/thesayyn/protoc-gen-ts/tests/conformance/bin/main.ts:23:78

  protobuf_test_messages.proto2.TestAllTypesProto2 1
  Error: Failure: Failed to read varint, encoding is invalid.
    at Object.jspb.asserts.fail (https://cdn.skypack.dev/-/google-protobuf@v3.21.2-YDUqZL2TTSsy2lGtfuND/dist=es2019,mode=imports/optimized/google-protobuf.js:801:11)
    at jspb.BinaryDecoder.readSplitVarint64 (https://cdn.skypack.dev/-/google-protobuf@v3.21.2-YDUqZL2TTSsy2lGtfuND/dist=es2019,mode=imports/optimized/google-protobuf.js:4101:18)
    at jspb.BinaryDecoder.readZigzagVarint64 (https://cdn.skypack.dev/-/google-protobuf@v3.21.2-YDUqZL2TTSsy2lGtfuND/dist=es2019,mode=imports/optimized/google-protobuf.js:4179:17)
    at jspb.BinaryReader.readSint64 (https://cdn.skypack.dev/-/google-protobuf@v3.21.2-YDUqZL2TTSsy2lGtfuND/dist=es2019,mode=imports/optimized/google-protobuf.js:4574:26)
    at Function.deserialize (file:///Users/thesayyn/Documents/thesayyn/protoc-gen-ts/target/debug/build/protoc_gen_ts-8cec2bec66276c47/out/test_conformance/test_messages_proto2.ts:229:53)
    at file:///Users/thesayyn/Documents/thesayyn/protoc-gen-ts/tests/conformance/bin/main.ts:30:78

  protobuf_test_messages.proto3.TestAllTypesProto3 1
  Error: Failure: Decoder hit an error
    at Object.jspb.asserts.fail (https://cdn.skypack.dev/-/google-protobuf@v3.21.2-YDUqZL2TTSsy2lGtfuND/dist=es2019,mode=imports/optimized/google-protobuf.js:801:11)
    at jspb.BinaryReader.nextField (https://cdn.skypack.dev/-/google-protobuf@v3.21.2-YDUqZL2TTSsy2lGtfuND/dist=es2019,mode=imports/optimized/google-protobuf.js:4374:27)
    at Function.deserialize (file:///Users/thesayyn/Documents/thesayyn/protoc-gen-ts/target/debug/build/protoc_gen_ts-8cec2bec66276c47/out/test_conformance/test_messages_proto3.ts:169:18)
    at file:///Users/thesayyn/Documents/thesayyn/protoc-gen-ts/tests/conformance/bin/main.ts:23:78

  protobuf_test_messages.proto2.TestAllTypesProto2 1
  Error: Failure: Decoder hit an error
    at Object.jspb.asserts.fail (https://cdn.skypack.dev/-/google-protobuf@v3.21.2-YDUqZL2TTSsy2lGtfuND/dist=es2019,mode=imports/optimized/google-protobuf.js:801:11)
    at jspb.BinaryReader.nextField (https://cdn.skypack.dev/-/google-protobuf@v3.21.2-YDUqZL2TTSsy2lGtfuND/dist=es2019,mode=imports/optimized/google-protobuf.js:4374:27)
    at Function.deserialize (file:///Users/thesayyn/Documents/thesayyn/protoc-gen-ts/target/debug/build/protoc_gen_ts-8cec2bec66276c47/out/test_conformance/test_messages_proto2.ts:145:18)
    at file:///Users/thesayyn/Documents/thesayyn/protoc-gen-ts/tests/conformance/bin/main.ts:30:78

  protobuf_test_messages.proto3.TestAllTypesProto3 1
  Error: Failure: Failed to read varint, encoding is invalid.
    at Object.jspb.asserts.fail (https://cdn.skypack.dev/-/google-protobuf@v3.21.2-YDUqZL2TTSsy2lGtfuND/dist=es2019,mode=imports/optimized/google-protobuf.js:801:11)
    at jspb.BinaryDecoder.readSplitVarint64 (https://cdn.skypack.dev/-/google-protobuf@v3.21.2-YDUqZL2TTSsy2lGtfuND/dist=es2019,mode=imports/optimized/google-protobuf.js:4101:18)
    at jspb.BinaryDecoder.readZigzagVarint64 (https://cdn.skypack.dev/-/google-protobuf@v3.21.2-YDUqZL2TTSsy2lGtfuND/dist=es2019,mode=imports/optimized/google-protobuf.js:4179:17)
    at jspb.BinaryReader.readPackedField_ (https://cdn.skypack.dev/-/google-protobuf@v3.21.2-YDUqZL2TTSsy2lGtfuND/dist=es2019,mode=imports/optimized/google-protobuf.js:4676:16)
    at jspb.BinaryReader.readPackedSint64 (https://cdn.skypack.dev/-/google-protobuf@v3.21.2-YDUqZL2TTSsy2lGtfuND/dist=es2019,mode=imports/optimized/google-protobuf.js:4712:17)
    at Function.deserialize (file:///Users/thesayyn/Documents/thesayyn/protoc-gen-ts/target/debug/build/protoc_gen_ts-8cec2bec66276c47/out/test_conformance/test_messages_proto3.ts:261:78)
    at file:///Users/thesayyn/Documents/thesayyn/protoc-gen-ts/tests/conformance/bin/main.ts:23:78

  protobuf_test_messages.proto2.TestAllTypesProto2 1
  Error: Assertion failed
    at Object.jspb.asserts.doAssertFailure (https://cdn.skypack.dev/-/google-protobuf@v3.21.2-YDUqZL2TTSsy2lGtfuND/dist=es2019,mode=imports/optimized/google-protobuf.js:778:11)
    at Object.jspb.asserts.assert (https://cdn.skypack.dev/-/google-protobuf@v3.21.2-YDUqZL2TTSsy2lGtfuND/dist=es2019,mode=imports/optimized/google-protobuf.js:783:23)
    at jspb.BinaryReader.readSint64 (https://cdn.skypack.dev/-/google-protobuf@v3.21.2-YDUqZL2TTSsy2lGtfuND/dist=es2019,mode=imports/optimized/google-protobuf.js:4573:18)
    at Function.deserialize (file:///Users/thesayyn/Documents/thesayyn/protoc-gen-ts/target/debug/build/protoc_gen_ts-8cec2bec66276c47/out/test_conformance/test_messages_proto2.ts:229:53)
    at file:///Users/thesayyn/Documents/thesayyn/protoc-gen-ts/tests/conformance/bin/main.ts:30:78

  protobuf_test_messages.proto3.TestAllTypesProto3 1
  Error: Failure: Failed to read varint, encoding is invalid.
    at Object.jspb.asserts.fail (https://cdn.skypack.dev/-/google-protobuf@v3.21.2-YDUqZL2TTSsy2lGtfuND/dist=es2019,mode=imports/optimized/google-protobuf.js:801:11)
    at jspb.BinaryDecoder.readSplitVarint64 (https://cdn.skypack.dev/-/google-protobuf@v3.21.2-YDUqZL2TTSsy2lGtfuND/dist=es2019,mode=imports/optimized/google-protobuf.js:4101:18)
    at jspb.BinaryDecoder.readZigzagVarint64 (https://cdn.skypack.dev/-/google-protobuf@v3.21.2-YDUqZL2TTSsy2lGtfuND/dist=es2019,mode=imports/optimized/google-protobuf.js:4179:17)
    at jspb.BinaryReader.readPackedField_ (https://cdn.skypack.dev/-/google-protobuf@v3.21.2-YDUqZL2TTSsy2lGtfuND/dist=es2019,mode=imports/optimized/google-protobuf.js:4676:16)
    at jspb.BinaryReader.readPackedSint64 (https://cdn.skypack.dev/-/google-protobuf@v3.21.2-YDUqZL2TTSsy2lGtfuND/dist=es2019,mode=imports/optimized/google-protobuf.js:4712:17)
    at Function.deserialize (file:///Users/thesayyn/Documents/thesayyn/protoc-gen-ts/target/debug/build/protoc_gen_ts-8cec2bec66276c47/out/test_conformance/test_messages_proto3.ts:261:78)
    at file:///Users/thesayyn/Documents/thesayyn/protoc-gen-ts/tests/conformance/bin/main.ts:23:78

  protobuf_test_messages.proto2.TestAllTypesProto2 1
  Error: Assertion failed
    at Object.jspb.asserts.doAssertFailure (https://cdn.skypack.dev/-/google-protobuf@v3.21.2-YDUqZL2TTSsy2lGtfuND/dist=es2019,mode=imports/optimized/google-protobuf.js:778:11)
    at Object.jspb.asserts.assert (https://cdn.skypack.dev/-/google-protobuf@v3.21.2-YDUqZL2TTSsy2lGtfuND/dist=es2019,mode=imports/optimized/google-protobuf.js:783:23)
    at jspb.BinaryReader.readSint64 (https://cdn.skypack.dev/-/google-protobuf@v3.21.2-YDUqZL2TTSsy2lGtfuND/dist=es2019,mode=imports/optimized/google-protobuf.js:4573:18)
    at Function.deserialize (file:///Users/thesayyn/Documents/thesayyn/protoc-gen-ts/target/debug/build/protoc_gen_ts-8cec2bec66276c47/out/test_conformance/test_messages_proto2.ts:229:53)
    at file:///Users/thesayyn/Documents/thesayyn/protoc-gen-ts/tests/conformance/bin/main.ts:30:78

  protobuf_test_messages.proto2.TestAllTypesProto2 1
  Error: Assertion failed
    at Object.jspb.asserts.doAssertFailure (https://cdn.skypack.dev/-/google-protobuf@v3.21.2-YDUqZL2TTSsy2lGtfuND/dist=es2019,mode=imports/optimized/google-protobuf.js:778:11)
    at Object.jspb.asserts.assert (https://cdn.skypack.dev/-/google-protobuf@v3.21.2-YDUqZL2TTSsy2lGtfuND/dist=es2019,mode=imports/optimized/google-protobuf.js:783:23)
    at jspb.BinaryReader.readDouble (https://cdn.skypack.dev/-/google-protobuf@v3.21.2-YDUqZL2TTSsy2lGtfuND/dist=es2019,mode=imports/optimized/google-protobuf.js:4619:18)
    at Function.deserialize (file:///Users/thesayyn/Documents/thesayyn/protoc-gen-ts/target/debug/build/protoc_gen_ts-8cec2bec66276c47/out/test_conformance/test_messages_proto2.ts:247:53)
    at file:///Users/thesayyn/Documents/thesayyn/protoc-gen-ts/tests/conformance/bin/main.ts:30:78

  protobuf_test_messages.proto2.TestAllTypesProto2 1
  Error: Assertion failed
    at Object.jspb.asserts.doAssertFailure (https://cdn.skypack.dev/-/google-protobuf@v3.21.2-YDUqZL2TTSsy2lGtfuND/dist=es2019,mode=imports/optimized/google-protobuf.js:778:11)
    at Object.jspb.asserts.assert (https://cdn.skypack.dev/-/google-protobuf@v3.21.2-YDUqZL2TTSsy2lGtfuND/dist=es2019,mode=imports/optimized/google-protobuf.js:783:23)
    at jspb.BinaryReader.readDouble (https://cdn.skypack.dev/-/google-protobuf@v3.21.2-YDUqZL2TTSsy2lGtfuND/dist=es2019,mode=imports/optimized/google-protobuf.js:4619:18)
    at Function.deserialize (file:///Users/thesayyn/Documents/thesayyn/protoc-gen-ts/target/debug/build/protoc_gen_ts-8cec2bec66276c47/out/test_conformance/test_messages_proto2.ts:247:53)
    at file:///Users/thesayyn/Documents/thesayyn/protoc-gen-ts/tests/conformance/bin/main.ts:30:78

  protobuf_test_messages.proto2.TestAllTypesProto2 1
  Error: Assertion failed
    at Object.jspb.asserts.doAssertFailure (https://cdn.skypack.dev/-/google-protobuf@v3.21.2-YDUqZL2TTSsy2lGtfuND/dist=es2019,mode=imports/optimized/google-protobuf.js:778:11)
    at Object.jspb.asserts.assert (https://cdn.skypack.dev/-/google-protobuf@v3.21.2-YDUqZL2TTSsy2lGtfuND/dist=es2019,mode=imports/optimized/google-protobuf.js:783:23)
    at jspb.BinaryReader.readDouble (https://cdn.skypack.dev/-/google-protobuf@v3.21.2-YDUqZL2TTSsy2lGtfuND/dist=es2019,mode=imports/optimized/google-protobuf.js:4619:18)
    at Function.deserialize (file:///Users/thesayyn/Documents/thesayyn/protoc-gen-ts/target/debug/build/protoc_gen_ts-8cec2bec66276c47/out/test_conformance/test_messages_proto2.ts:247:53)
    at file:///Users/thesayyn/Documents/thesayyn/protoc-gen-ts/tests/conformance/bin/main.ts:30:78

  protobuf_test_messages.proto3.TestAllTypesProto3 1
  Error: Assertion failed
    at Object.jspb.asserts.doAssertFailure (https://cdn.skypack.dev/-/google-protobuf@v3.21.2-YDUqZL2TTSsy2lGtfuND/dist=es2019,mode=imports/optimized/google-protobuf.js:778:11)
    at Object.jspb.asserts.assert (https://cdn.skypack.dev/-/google-protobuf@v3.21.2-YDUqZL2TTSsy2lGtfuND/dist=es2019,mode=imports/optimized/google-protobuf.js:783:23)
    at jspb.BinaryReader.readDouble (https://cdn.skypack.dev/-/google-protobuf@v3.21.2-YDUqZL2TTSsy2lGtfuND/dist=es2019,mode=imports/optimized/google-protobuf.js:4619:18)
    at Function.deserialize (file:///Users/thesayyn/Documents/thesayyn/protoc-gen-ts/target/debug/build/protoc_gen_ts-8cec2bec66276c47/out/test_conformance/test_messages_proto3.ts:408:53)
    at file:///Users/thesayyn/Documents/thesayyn/protoc-gen-ts/tests/conformance/bin/main.ts:23:78

  protobuf_test_messages.proto2.TestAllTypesProto2 1
  Error: Assertion failed
    at Object.jspb.asserts.doAssertFailure (https://cdn.skypack.dev/-/google-protobuf@v3.21.2-YDUqZL2TTSsy2lGtfuND/dist=es2019,mode=imports/optimized/google-protobuf.js:778:11)
    at Object.jspb.asserts.assert (https://cdn.skypack.dev/-/google-protobuf@v3.21.2-YDUqZL2TTSsy2lGtfuND/dist=es2019,mode=imports/optimized/google-protobuf.js:783:23)
    at jspb.BinaryReader.readFloat (https://cdn.skypack.dev/-/google-protobuf@v3.21.2-YDUqZL2TTSsy2lGtfuND/dist=es2019,mode=imports/optimized/google-protobuf.js:4614:18)
    at Function.deserialize (file:///Users/thesayyn/Documents/thesayyn/protoc-gen-ts/target/debug/build/protoc_gen_ts-8cec2bec66276c47/out/test_conformance/test_messages_proto2.ts:244:52)
    at file:///Users/thesayyn/Documents/thesayyn/protoc-gen-ts/tests/conformance/bin/main.ts:30:78

  protobuf_test_messages.proto2.TestAllTypesProto2 1
  Error: Assertion failed
    at Object.jspb.asserts.doAssertFailure (https://cdn.skypack.dev/-/google-protobuf@v3.21.2-YDUqZL2TTSsy2lGtfuND/dist=es2019,mode=imports/optimized/google-protobuf.js:778:11)
    at Object.jspb.asserts.assert (https://cdn.skypack.dev/-/google-protobuf@v3.21.2-YDUqZL2TTSsy2lGtfuND/dist=es2019,mode=imports/optimized/google-protobuf.js:783:23)
    at jspb.BinaryReader.readFloat (https://cdn.skypack.dev/-/google-protobuf@v3.21.2-YDUqZL2TTSsy2lGtfuND/dist=es2019,mode=imports/optimized/google-protobuf.js:4614:18)
    at Function.deserialize (file:///Users/thesayyn/Documents/thesayyn/protoc-gen-ts/target/debug/build/protoc_gen_ts-8cec2bec66276c47/out/test_conformance/test_messages_proto2.ts:244:52)
    at file:///Users/thesayyn/Documents/thesayyn/protoc-gen-ts/tests/conformance/bin/main.ts:30:78

  protobuf_test_messages.proto2.TestAllTypesProto2 1
  Error: Assertion failed
    at Object.jspb.asserts.doAssertFailure (https://cdn.skypack.dev/-/google-protobuf@v3.21.2-YDUqZL2TTSsy2lGtfuND/dist=es2019,mode=imports/optimized/google-protobuf.js:778:11)
    at Object.jspb.asserts.assert (https://cdn.skypack.dev/-/google-protobuf@v3.21.2-YDUqZL2TTSsy2lGtfuND/dist=es2019,mode=imports/optimized/google-protobuf.js:783:23)
    at jspb.BinaryReader.readFloat (https://cdn.skypack.dev/-/google-protobuf@v3.21.2-YDUqZL2TTSsy2lGtfuND/dist=es2019,mode=imports/optimized/google-protobuf.js:4614:18)
    at Function.deserialize (file:///Users/thesayyn/Documents/thesayyn/protoc-gen-ts/target/debug/build/protoc_gen_ts-8cec2bec66276c47/out/test_conformance/test_messages_proto2.ts:244:52)
    at file:///Users/thesayyn/Documents/thesayyn/protoc-gen-ts/tests/conformance/bin/main.ts:30:78

  protobuf_test_messages.proto3.TestAllTypesProto3 1
  Error: Assertion failed
    at Object.jspb.asserts.doAssertFailure (https://cdn.skypack.dev/-/google-protobuf@v3.21.2-YDUqZL2TTSsy2lGtfuND/dist=es2019,mode=imports/optimized/google-protobuf.js:778:11)
    at Object.jspb.asserts.assert (https://cdn.skypack.dev/-/google-protobuf@v3.21.2-YDUqZL2TTSsy2lGtfuND/dist=es2019,mode=imports/optimized/google-protobuf.js:783:23)
    at jspb.BinaryReader.readFloat (https://cdn.skypack.dev/-/google-protobuf@v3.21.2-YDUqZL2TTSsy2lGtfuND/dist=es2019,mode=imports/optimized/google-protobuf.js:4614:18)
    at Function.deserialize (file:///Users/thesayyn/Documents/thesayyn/protoc-gen-ts/target/debug/build/protoc_gen_ts-8cec2bec66276c47/out/test_conformance/test_messages_proto3.ts:405:52)
    at file:///Users/thesayyn/Documents/thesayyn/protoc-gen-ts/tests/conformance/bin/main.ts:23:78

  protobuf_test_messages.proto2.TestAllTypesProto2 1
  Error: Assertion failed
    at Object.jspb.asserts.doAssertFailure (https://cdn.skypack.dev/-/google-protobuf@v3.21.2-YDUqZL2TTSsy2lGtfuND/dist=es2019,mode=imports/optimized/google-protobuf.js:778:11)
    at Object.jspb.asserts.assert (https://cdn.skypack.dev/-/google-protobuf@v3.21.2-YDUqZL2TTSsy2lGtfuND/dist=es2019,mode=imports/optimized/google-protobuf.js:783:23)
    at jspb.BinaryWriter.writeInt64 (https://cdn.skypack.dev/-/google-protobuf@v3.21.2-YDUqZL2TTSsy2lGtfuND/dist=es2019,mode=imports/optimized/google-protobuf.js:5220:32)
    at protobuf_test_messages_proto2_TestAllTypesProto2.serialize (file:///Users/thesayyn/Documents/thesayyn/protoc-gen-ts/target/debug/build/protoc_gen_ts-8cec2bec66276c47/out/test_conformance/test_messages_proto2.ts:876:16)
    at file:///Users/thesayyn/Documents/thesayyn/protoc-gen-ts/tests/conformance/bin/main.ts:31:44

  protobuf_test_messages.proto2.TestAllTypesProto2 1
  Error: Assertion failed
    at Object.jspb.asserts.doAssertFailure (https://cdn.skypack.dev/-/google-protobuf@v3.21.2-YDUqZL2TTSsy2lGtfuND/dist=es2019,mode=imports/optimized/google-protobuf.js:778:11)
    at Object.jspb.asserts.assert (https://cdn.skypack.dev/-/google-protobuf@v3.21.2-YDUqZL2TTSsy2lGtfuND/dist=es2019,mode=imports/optimized/google-protobuf.js:783:23)
    at jspb.BinaryWriter.writeInt64 (https://cdn.skypack.dev/-/google-protobuf@v3.21.2-YDUqZL2TTSsy2lGtfuND/dist=es2019,mode=imports/optimized/google-protobuf.js:5220:32)
    at protobuf_test_messages_proto2_TestAllTypesProto2.serialize (file:///Users/thesayyn/Documents/thesayyn/protoc-gen-ts/target/debug/build/protoc_gen_ts-8cec2bec66276c47/out/test_conformance/test_messages_proto2.ts:876:16)
    at file:///Users/thesayyn/Documents/thesayyn/protoc-gen-ts/tests/conformance/bin/main.ts:31:44

  protobuf_test_messages.proto2.TestAllTypesProto2 1
  Error: Assertion failed
    at Object.jspb.asserts.doAssertFailure (https://cdn.skypack.dev/-/google-protobuf@v3.21.2-YDUqZL2TTSsy2lGtfuND/dist=es2019,mode=imports/optimized/google-protobuf.js:778:11)
    at Object.jspb.asserts.assert (https://cdn.skypack.dev/-/google-protobuf@v3.21.2-YDUqZL2TTSsy2lGtfuND/dist=es2019,mode=imports/optimized/google-protobuf.js:783:23)
    at jspb.BinaryWriter.writeInt64 (https://cdn.skypack.dev/-/google-protobuf@v3.21.2-YDUqZL2TTSsy2lGtfuND/dist=es2019,mode=imports/optimized/google-protobuf.js:5220:32)
    at protobuf_test_messages_proto2_TestAllTypesProto2.serialize (file:///Users/thesayyn/Documents/thesayyn/protoc-gen-ts/target/debug/build/protoc_gen_ts-8cec2bec66276c47/out/test_conformance/test_messages_proto2.ts:951:65)
    at file:///Users/thesayyn/Documents/thesayyn/protoc-gen-ts/tests/conformance/bin/main.ts:31:44

  protobuf_test_messages.proto2.TestAllTypesProto2 1
  Error: Assertion failed
    at Object.jspb.asserts.doAssertFailure (https://cdn.skypack.dev/-/google-protobuf@v3.21.2-YDUqZL2TTSsy2lGtfuND/dist=es2019,mode=imports/optimized/google-protobuf.js:778:11)
    at Object.jspb.asserts.assert (https://cdn.skypack.dev/-/google-protobuf@v3.21.2-YDUqZL2TTSsy2lGtfuND/dist=es2019,mode=imports/optimized/google-protobuf.js:783:23)
    at jspb.BinaryReader.readInt64 (https://cdn.skypack.dev/-/google-protobuf@v3.21.2-YDUqZL2TTSsy2lGtfuND/dist=es2019,mode=imports/optimized/google-protobuf.js:4541:18)
    at Function.deserialize (file:///Users/thesayyn/Documents/thesayyn/protoc-gen-ts/target/debug/build/protoc_gen_ts-8cec2bec66276c47/out/test_conformance/test_messages_proto2.ts:217:52)
    at file:///Users/thesayyn/Documents/thesayyn/protoc-gen-ts/tests/conformance/bin/main.ts:30:78

  protobuf_test_messages.proto2.TestAllTypesProto2 1
  Error: Assertion failed
    at Object.jspb.asserts.doAssertFailure (https://cdn.skypack.dev/-/google-protobuf@v3.21.2-YDUqZL2TTSsy2lGtfuND/dist=es2019,mode=imports/optimized/google-protobuf.js:778:11)
    at Object.jspb.asserts.assert (https://cdn.skypack.dev/-/google-protobuf@v3.21.2-YDUqZL2TTSsy2lGtfuND/dist=es2019,mode=imports/optimized/google-protobuf.js:783:23)
    at jspb.BinaryWriter.writeInt64 (https://cdn.skypack.dev/-/google-protobuf@v3.21.2-YDUqZL2TTSsy2lGtfuND/dist=es2019,mode=imports/optimized/google-protobuf.js:5220:32)
    at protobuf_test_messages_proto2_TestAllTypesProto2.serialize (file:///Users/thesayyn/Documents/thesayyn/protoc-gen-ts/target/debug/build/protoc_gen_ts-8cec2bec66276c47/out/test_conformance/test_messages_proto2.ts:951:65)
    at file:///Users/thesayyn/Documents/thesayyn/protoc-gen-ts/tests/conformance/bin/main.ts:31:44

  protobuf_test_messages.proto2.TestAllTypesProto2 1
  Error: Assertion failed
    at Object.jspb.asserts.doAssertFailure (https://cdn.skypack.dev/-/google-protobuf@v3.21.2-YDUqZL2TTSsy2lGtfuND/dist=es2019,mode=imports/optimized/google-protobuf.js:778:11)
    at Object.jspb.asserts.assert (https://cdn.skypack.dev/-/google-protobuf@v3.21.2-YDUqZL2TTSsy2lGtfuND/dist=es2019,mode=imports/optimized/google-protobuf.js:783:23)
    at jspb.BinaryReader.readInt64 (https://cdn.skypack.dev/-/google-protobuf@v3.21.2-YDUqZL2TTSsy2lGtfuND/dist=es2019,mode=imports/optimized/google-protobuf.js:4541:18)
    at Function.deserialize (file:///Users/thesayyn/Documents/thesayyn/protoc-gen-ts/target/debug/build/protoc_gen_ts-8cec2bec66276c47/out/test_conformance/test_messages_proto2.ts:217:52)
    at file:///Users/thesayyn/Documents/thesayyn/protoc-gen-ts/tests/conformance/bin/main.ts:30:78

  protobuf_test_messages.proto2.TestAllTypesProto2 1
  Error: Assertion failed
    at Object.jspb.asserts.doAssertFailure (https://cdn.skypack.dev/-/google-protobuf@v3.21.2-YDUqZL2TTSsy2lGtfuND/dist=es2019,mode=imports/optimized/google-protobuf.js:778:11)
    at Object.jspb.asserts.assert (https://cdn.skypack.dev/-/google-protobuf@v3.21.2-YDUqZL2TTSsy2lGtfuND/dist=es2019,mode=imports/optimized/google-protobuf.js:783:23)
    at jspb.BinaryEncoder.writeSignedVarint64 (https://cdn.skypack.dev/-/google-protobuf@v3.21.2-YDUqZL2TTSsy2lGtfuND/dist=es2019,mode=imports/optimized/google-protobuf.js:4814:18)
    at jspb.BinaryWriter.writePackedInt64 (https://cdn.skypack.dev/-/google-protobuf@v3.21.2-YDUqZL2TTSsy2lGtfuND/dist=es2019,mode=imports/optimized/google-protobuf.js:5530:23)
    at protobuf_test_messages_proto2_TestAllTypesProto2.serialize (file:///Users/thesayyn/Documents/thesayyn/protoc-gen-ts/target/debug/build/protoc_gen_ts-8cec2bec66276c47/out/test_conformance/test_messages_proto2.ts:1020:16)
    at file:///Users/thesayyn/Documents/thesayyn/protoc-gen-ts/tests/conformance/bin/main.ts:31:44

  protobuf_test_messages.proto2.TestAllTypesProto2 1
  Error: Assertion failed
    at Object.jspb.asserts.doAssertFailure (https://cdn.skypack.dev/-/google-protobuf@v3.21.2-YDUqZL2TTSsy2lGtfuND/dist=es2019,mode=imports/optimized/google-protobuf.js:778:11)
    at Object.jspb.asserts.assert (https://cdn.skypack.dev/-/google-protobuf@v3.21.2-YDUqZL2TTSsy2lGtfuND/dist=es2019,mode=imports/optimized/google-protobuf.js:783:23)
    at jspb.BinaryEncoder.writeSignedVarint64 (https://cdn.skypack.dev/-/google-protobuf@v3.21.2-YDUqZL2TTSsy2lGtfuND/dist=es2019,mode=imports/optimized/google-protobuf.js:4814:18)
    at jspb.BinaryWriter.writePackedInt64 (https://cdn.skypack.dev/-/google-protobuf@v3.21.2-YDUqZL2TTSsy2lGtfuND/dist=es2019,mode=imports/optimized/google-protobuf.js:5530:23)
    at protobuf_test_messages_proto2_TestAllTypesProto2.serialize (file:///Users/thesayyn/Documents/thesayyn/protoc-gen-ts/target/debug/build/protoc_gen_ts-8cec2bec66276c47/out/test_conformance/test_messages_proto2.ts:1020:16)
    at file:///Users/thesayyn/Documents/thesayyn/protoc-gen-ts/tests/conformance/bin/main.ts:31:44

  protobuf_test_messages.proto2.TestAllTypesProto2 1
  Error: Assertion failed
    at Object.jspb.asserts.doAssertFailure (https://cdn.skypack.dev/-/google-protobuf@v3.21.2-YDUqZL2TTSsy2lGtfuND/dist=es2019,mode=imports/optimized/google-protobuf.js:778:11)
    at Object.jspb.asserts.assert (https://cdn.skypack.dev/-/google-protobuf@v3.21.2-YDUqZL2TTSsy2lGtfuND/dist=es2019,mode=imports/optimized/google-protobuf.js:783:23)
    at jspb.BinaryWriter.writeInt64 (https://cdn.skypack.dev/-/google-protobuf@v3.21.2-YDUqZL2TTSsy2lGtfuND/dist=es2019,mode=imports/optimized/google-protobuf.js:5220:32)
    at protobuf_test_messages_proto2_TestAllTypesProto2.serialize (file:///Users/thesayyn/Documents/thesayyn/protoc-gen-ts/target/debug/build/protoc_gen_ts-8cec2bec66276c47/out/test_conformance/test_messages_proto2.ts:951:65)
    at file:///Users/thesayyn/Documents/thesayyn/protoc-gen-ts/tests/conformance/bin/main.ts:31:44

  protobuf_test_messages.proto2.TestAllTypesProto2 1
  Error: Assertion failed
    at Object.jspb.asserts.doAssertFailure (https://cdn.skypack.dev/-/google-protobuf@v3.21.2-YDUqZL2TTSsy2lGtfuND/dist=es2019,mode=imports/optimized/google-protobuf.js:778:11)
    at Object.jspb.asserts.assert (https://cdn.skypack.dev/-/google-protobuf@v3.21.2-YDUqZL2TTSsy2lGtfuND/dist=es2019,mode=imports/optimized/google-protobuf.js:783:23)
    at jspb.BinaryReader.readInt64 (https://cdn.skypack.dev/-/google-protobuf@v3.21.2-YDUqZL2TTSsy2lGtfuND/dist=es2019,mode=imports/optimized/google-protobuf.js:4541:18)
    at Function.deserialize (file:///Users/thesayyn/Documents/thesayyn/protoc-gen-ts/target/debug/build/protoc_gen_ts-8cec2bec66276c47/out/test_conformance/test_messages_proto2.ts:217:52)
    at file:///Users/thesayyn/Documents/thesayyn/protoc-gen-ts/tests/conformance/bin/main.ts:30:78

  protobuf_test_messages.proto3.TestAllTypesProto3 1
  Error: Assertion failed
    at Object.jspb.asserts.doAssertFailure (https://cdn.skypack.dev/-/google-protobuf@v3.21.2-YDUqZL2TTSsy2lGtfuND/dist=es2019,mode=imports/optimized/google-protobuf.js:778:11)
    at Object.jspb.asserts.assert (https://cdn.skypack.dev/-/google-protobuf@v3.21.2-YDUqZL2TTSsy2lGtfuND/dist=es2019,mode=imports/optimized/google-protobuf.js:783:23)
    at jspb.BinaryWriter.writeInt64 (https://cdn.skypack.dev/-/google-protobuf@v3.21.2-YDUqZL2TTSsy2lGtfuND/dist=es2019,mode=imports/optimized/google-protobuf.js:5220:32)
    at protobuf_test_messages_proto3_TestAllTypesProto3.serialize (file:///Users/thesayyn/Documents/thesayyn/protoc-gen-ts/target/debug/build/protoc_gen_ts-8cec2bec66276c47/out/test_conformance/test_messages_proto3.ts:969:16)
    at file:///Users/thesayyn/Documents/thesayyn/protoc-gen-ts/tests/conformance/bin/main.ts:24:44

  protobuf_test_messages.proto3.TestAllTypesProto3 1
  Error: Assertion failed
    at Object.jspb.asserts.doAssertFailure (https://cdn.skypack.dev/-/google-protobuf@v3.21.2-YDUqZL2TTSsy2lGtfuND/dist=es2019,mode=imports/optimized/google-protobuf.js:778:11)
    at Object.jspb.asserts.assert (https://cdn.skypack.dev/-/google-protobuf@v3.21.2-YDUqZL2TTSsy2lGtfuND/dist=es2019,mode=imports/optimized/google-protobuf.js:783:23)
    at jspb.BinaryWriter.writeInt64 (https://cdn.skypack.dev/-/google-protobuf@v3.21.2-YDUqZL2TTSsy2lGtfuND/dist=es2019,mode=imports/optimized/google-protobuf.js:5220:32)
    at protobuf_test_messages_proto3_TestAllTypesProto3.serialize (file:///Users/thesayyn/Documents/thesayyn/protoc-gen-ts/target/debug/build/protoc_gen_ts-8cec2bec66276c47/out/test_conformance/test_messages_proto3.ts:969:16)
    at file:///Users/thesayyn/Documents/thesayyn/protoc-gen-ts/tests/conformance/bin/main.ts:24:44

  protobuf_test_messages.proto3.TestAllTypesProto3 1
  Error: Assertion failed
    at Object.jspb.asserts.doAssertFailure (https://cdn.skypack.dev/-/google-protobuf@v3.21.2-YDUqZL2TTSsy2lGtfuND/dist=es2019,mode=imports/optimized/google-protobuf.js:778:11)
    at Object.jspb.asserts.assert (https://cdn.skypack.dev/-/google-protobuf@v3.21.2-YDUqZL2TTSsy2lGtfuND/dist=es2019,mode=imports/optimized/google-protobuf.js:783:23)
    at jspb.BinaryEncoder.writeSignedVarint64 (https://cdn.skypack.dev/-/google-protobuf@v3.21.2-YDUqZL2TTSsy2lGtfuND/dist=es2019,mode=imports/optimized/google-protobuf.js:4814:18)
    at jspb.BinaryWriter.writePackedInt64 (https://cdn.skypack.dev/-/google-protobuf@v3.21.2-YDUqZL2TTSsy2lGtfuND/dist=es2019,mode=imports/optimized/google-protobuf.js:5530:23)
    at protobuf_test_messages_proto3_TestAllTypesProto3.serialize (file:///Users/thesayyn/Documents/thesayyn/protoc-gen-ts/target/debug/build/protoc_gen_ts-8cec2bec66276c47/out/test_conformance/test_messages_proto3.ts:1047:16)
    at file:///Users/thesayyn/Documents/thesayyn/protoc-gen-ts/tests/conformance/bin/main.ts:24:44

  protobuf_test_messages.proto3.TestAllTypesProto3 1
  Error: Assertion failed
    at Object.jspb.asserts.doAssertFailure (https://cdn.skypack.dev/-/google-protobuf@v3.21.2-YDUqZL2TTSsy2lGtfuND/dist=es2019,mode=imports/optimized/google-protobuf.js:778:11)
    at Object.jspb.asserts.assert (https://cdn.skypack.dev/-/google-protobuf@v3.21.2-YDUqZL2TTSsy2lGtfuND/dist=es2019,mode=imports/optimized/google-protobuf.js:783:23)
    at jspb.BinaryEncoder.writeSignedVarint64 (https://cdn.skypack.dev/-/google-protobuf@v3.21.2-YDUqZL2TTSsy2lGtfuND/dist=es2019,mode=imports/optimized/google-protobuf.js:4814:18)
    at jspb.BinaryWriter.writePackedInt64 (https://cdn.skypack.dev/-/google-protobuf@v3.21.2-YDUqZL2TTSsy2lGtfuND/dist=es2019,mode=imports/optimized/google-protobuf.js:5530:23)
    at protobuf_test_messages_proto3_TestAllTypesProto3.serialize (file:///Users/thesayyn/Documents/thesayyn/protoc-gen-ts/target/debug/build/protoc_gen_ts-8cec2bec66276c47/out/test_conformance/test_messages_proto3.ts:1047:16)
    at file:///Users/thesayyn/Documents/thesayyn/protoc-gen-ts/tests/conformance/bin/main.ts:24:44

  protobuf_test_messages.proto3.TestAllTypesProto3 1
  Error: Assertion failed
    at Object.jspb.asserts.doAssertFailure (https://cdn.skypack.dev/-/google-protobuf@v3.21.2-YDUqZL2TTSsy2lGtfuND/dist=es2019,mode=imports/optimized/google-protobuf.js:778:11)
    at Object.jspb.asserts.assert (https://cdn.skypack.dev/-/google-protobuf@v3.21.2-YDUqZL2TTSsy2lGtfuND/dist=es2019,mode=imports/optimized/google-protobuf.js:783:23)
    at jspb.BinaryEncoder.writeSignedVarint64 (https://cdn.skypack.dev/-/google-protobuf@v3.21.2-YDUqZL2TTSsy2lGtfuND/dist=es2019,mode=imports/optimized/google-protobuf.js:4814:18)
    at jspb.BinaryWriter.writePackedInt64 (https://cdn.skypack.dev/-/google-protobuf@v3.21.2-YDUqZL2TTSsy2lGtfuND/dist=es2019,mode=imports/optimized/google-protobuf.js:5530:23)
    at protobuf_test_messages_proto3_TestAllTypesProto3.serialize (file:///Users/thesayyn/Documents/thesayyn/protoc-gen-ts/target/debug/build/protoc_gen_ts-8cec2bec66276c47/out/test_conformance/test_messages_proto3.ts:1047:16)
    at file:///Users/thesayyn/Documents/thesayyn/protoc-gen-ts/tests/conformance/bin/main.ts:24:44

  protobuf_test_messages.proto3.TestAllTypesProto3 1
  Error: Assertion failed
    at Object.jspb.asserts.doAssertFailure (https://cdn.skypack.dev/-/google-protobuf@v3.21.2-YDUqZL2TTSsy2lGtfuND/dist=es2019,mode=imports/optimized/google-protobuf.js:778:11)
    at Object.jspb.asserts.assert (https://cdn.skypack.dev/-/google-protobuf@v3.21.2-YDUqZL2TTSsy2lGtfuND/dist=es2019,mode=imports/optimized/google-protobuf.js:783:23)
    at jspb.BinaryEncoder.writeSignedVarint64 (https://cdn.skypack.dev/-/google-protobuf@v3.21.2-YDUqZL2TTSsy2lGtfuND/dist=es2019,mode=imports/optimized/google-protobuf.js:4814:18)
    at jspb.BinaryWriter.writePackedInt64 (https://cdn.skypack.dev/-/google-protobuf@v3.21.2-YDUqZL2TTSsy2lGtfuND/dist=es2019,mode=imports/optimized/google-protobuf.js:5530:23)
    at protobuf_test_messages_proto3_TestAllTypesProto3.serialize (file:///Users/thesayyn/Documents/thesayyn/protoc-gen-ts/target/debug/build/protoc_gen_ts-8cec2bec66276c47/out/test_conformance/test_messages_proto3.ts:1047:16)
    at file:///Users/thesayyn/Documents/thesayyn/protoc-gen-ts/tests/conformance/bin/main.ts:24:44

  protobuf_test_messages.proto3.TestAllTypesProto3 1
  Error: Assertion failed
    at Object.jspb.asserts.doAssertFailure (https://cdn.skypack.dev/-/google-protobuf@v3.21.2-YDUqZL2TTSsy2lGtfuND/dist=es2019,mode=imports/optimized/google-protobuf.js:778:11)
    at Object.jspb.asserts.assert (https://cdn.skypack.dev/-/google-protobuf@v3.21.2-YDUqZL2TTSsy2lGtfuND/dist=es2019,mode=imports/optimized/google-protobuf.js:783:23)
    at jspb.BinaryEncoder.writeSignedVarint64 (https://cdn.skypack.dev/-/google-protobuf@v3.21.2-YDUqZL2TTSsy2lGtfuND/dist=es2019,mode=imports/optimized/google-protobuf.js:4814:18)
    at jspb.BinaryWriter.writePackedInt64 (https://cdn.skypack.dev/-/google-protobuf@v3.21.2-YDUqZL2TTSsy2lGtfuND/dist=es2019,mode=imports/optimized/google-protobuf.js:5530:23)
    at protobuf_test_messages_proto3_TestAllTypesProto3.serialize (file:///Users/thesayyn/Documents/thesayyn/protoc-gen-ts/target/debug/build/protoc_gen_ts-8cec2bec66276c47/out/test_conformance/test_messages_proto3.ts:1047:16)
    at file:///Users/thesayyn/Documents/thesayyn/protoc-gen-ts/tests/conformance/bin/main.ts:24:44

  protobuf_test_messages.proto3.TestAllTypesProto3 1
  Error: Assertion failed
    at Object.jspb.asserts.doAssertFailure (https://cdn.skypack.dev/-/google-protobuf@v3.21.2-YDUqZL2TTSsy2lGtfuND/dist=es2019,mode=imports/optimized/google-protobuf.js:778:11)
    at Object.jspb.asserts.assert (https://cdn.skypack.dev/-/google-protobuf@v3.21.2-YDUqZL2TTSsy2lGtfuND/dist=es2019,mode=imports/optimized/google-protobuf.js:783:23)
    at jspb.BinaryEncoder.writeSignedVarint64 (https://cdn.skypack.dev/-/google-protobuf@v3.21.2-YDUqZL2TTSsy2lGtfuND/dist=es2019,mode=imports/optimized/google-protobuf.js:4814:18)
    at jspb.BinaryWriter.writePackedInt64 (https://cdn.skypack.dev/-/google-protobuf@v3.21.2-YDUqZL2TTSsy2lGtfuND/dist=es2019,mode=imports/optimized/google-protobuf.js:5530:23)
    at protobuf_test_messages_proto3_TestAllTypesProto3.serialize (file:///Users/thesayyn/Documents/thesayyn/protoc-gen-ts/target/debug/build/protoc_gen_ts-8cec2bec66276c47/out/test_conformance/test_messages_proto3.ts:1047:16)
    at file:///Users/thesayyn/Documents/thesayyn/protoc-gen-ts/tests/conformance/bin/main.ts:24:44

  protobuf_test_messages.proto3.TestAllTypesProto3 1
  Error: Assertion failed
    at Object.jspb.asserts.doAssertFailure (https://cdn.skypack.dev/-/google-protobuf@v3.21.2-YDUqZL2TTSsy2lGtfuND/dist=es2019,mode=imports/optimized/google-protobuf.js:778:11)
    at Object.jspb.asserts.assert (https://cdn.skypack.dev/-/google-protobuf@v3.21.2-YDUqZL2TTSsy2lGtfuND/dist=es2019,mode=imports/optimized/google-protobuf.js:783:23)
    at jspb.BinaryWriter.writeInt64 (https://cdn.skypack.dev/-/google-protobuf@v3.21.2-YDUqZL2TTSsy2lGtfuND/dist=es2019,mode=imports/optimized/google-protobuf.js:5220:32)
    at protobuf_test_messages_proto3_TestAllTypesProto3.serialize (file:///Users/thesayyn/Documents/thesayyn/protoc-gen-ts/target/debug/build/protoc_gen_ts-8cec2bec66276c47/out/test_conformance/test_messages_proto3.ts:1158:65)
    at file:///Users/thesayyn/Documents/thesayyn/protoc-gen-ts/tests/conformance/bin/main.ts:24:44

  protobuf_test_messages.proto3.TestAllTypesProto3 1
  Error: Assertion failed
    at Object.jspb.asserts.doAssertFailure (https://cdn.skypack.dev/-/google-protobuf@v3.21.2-YDUqZL2TTSsy2lGtfuND/dist=es2019,mode=imports/optimized/google-protobuf.js:778:11)
    at Object.jspb.asserts.assert (https://cdn.skypack.dev/-/google-protobuf@v3.21.2-YDUqZL2TTSsy2lGtfuND/dist=es2019,mode=imports/optimized/google-protobuf.js:783:23)
    at jspb.BinaryReader.readInt64 (https://cdn.skypack.dev/-/google-protobuf@v3.21.2-YDUqZL2TTSsy2lGtfuND/dist=es2019,mode=imports/optimized/google-protobuf.js:4541:18)
    at Function.deserialize (file:///Users/thesayyn/Documents/thesayyn/protoc-gen-ts/target/debug/build/protoc_gen_ts-8cec2bec66276c47/out/test_conformance/test_messages_proto3.ts:378:52)
    at file:///Users/thesayyn/Documents/thesayyn/protoc-gen-ts/tests/conformance/bin/main.ts:23:78

  protobuf_test_messages.proto2.TestAllTypesProto2 1
  Error: Assertion failed
    at Object.jspb.asserts.doAssertFailure (https://cdn.skypack.dev/-/google-protobuf@v3.21.2-YDUqZL2TTSsy2lGtfuND/dist=es2019,mode=imports/optimized/google-protobuf.js:778:11)
    at Object.jspb.asserts.assert (https://cdn.skypack.dev/-/google-protobuf@v3.21.2-YDUqZL2TTSsy2lGtfuND/dist=es2019,mode=imports/optimized/google-protobuf.js:783:23)
    at jspb.BinaryWriter.writeUint64 (https://cdn.skypack.dev/-/google-protobuf@v3.21.2-YDUqZL2TTSsy2lGtfuND/dist=es2019,mode=imports/optimized/google-protobuf.js:5234:32)
    at protobuf_test_messages_proto2_TestAllTypesProto2.serialize (file:///Users/thesayyn/Documents/thesayyn/protoc-gen-ts/target/debug/build/protoc_gen_ts-8cec2bec66276c47/out/test_conformance/test_messages_proto2.ts:882:16)
    at file:///Users/thesayyn/Documents/thesayyn/protoc-gen-ts/tests/conformance/bin/main.ts:31:44

  protobuf_test_messages.proto2.TestAllTypesProto2 1
  Error: Assertion failed
    at Object.jspb.asserts.doAssertFailure (https://cdn.skypack.dev/-/google-protobuf@v3.21.2-YDUqZL2TTSsy2lGtfuND/dist=es2019,mode=imports/optimized/google-protobuf.js:778:11)
    at Object.jspb.asserts.assert (https://cdn.skypack.dev/-/google-protobuf@v3.21.2-YDUqZL2TTSsy2lGtfuND/dist=es2019,mode=imports/optimized/google-protobuf.js:783:23)
    at jspb.BinaryWriter.writeUint64 (https://cdn.skypack.dev/-/google-protobuf@v3.21.2-YDUqZL2TTSsy2lGtfuND/dist=es2019,mode=imports/optimized/google-protobuf.js:5234:32)
    at protobuf_test_messages_proto2_TestAllTypesProto2.serialize (file:///Users/thesayyn/Documents/thesayyn/protoc-gen-ts/target/debug/build/protoc_gen_ts-8cec2bec66276c47/out/test_conformance/test_messages_proto2.ts:882:16)
    at file:///Users/thesayyn/Documents/thesayyn/protoc-gen-ts/tests/conformance/bin/main.ts:31:44

  protobuf_test_messages.proto2.TestAllTypesProto2 1
  Error: Assertion failed
    at Object.jspb.asserts.doAssertFailure (https://cdn.skypack.dev/-/google-protobuf@v3.21.2-YDUqZL2TTSsy2lGtfuND/dist=es2019,mode=imports/optimized/google-protobuf.js:778:11)
    at Object.jspb.asserts.assert (https://cdn.skypack.dev/-/google-protobuf@v3.21.2-YDUqZL2TTSsy2lGtfuND/dist=es2019,mode=imports/optimized/google-protobuf.js:783:23)
    at jspb.BinaryWriter.writeUint64 (https://cdn.skypack.dev/-/google-protobuf@v3.21.2-YDUqZL2TTSsy2lGtfuND/dist=es2019,mode=imports/optimized/google-protobuf.js:5234:32)
    at protobuf_test_messages_proto2_TestAllTypesProto2.serialize (file:///Users/thesayyn/Documents/thesayyn/protoc-gen-ts/target/debug/build/protoc_gen_ts-8cec2bec66276c47/out/test_conformance/test_messages_proto2.ts:882:16)
    at file:///Users/thesayyn/Documents/thesayyn/protoc-gen-ts/tests/conformance/bin/main.ts:31:44

  protobuf_test_messages.proto2.TestAllTypesProto2 1
  Error: Assertion failed
    at Object.jspb.asserts.doAssertFailure (https://cdn.skypack.dev/-/google-protobuf@v3.21.2-YDUqZL2TTSsy2lGtfuND/dist=es2019,mode=imports/optimized/google-protobuf.js:778:11)
    at Object.jspb.asserts.assert (https://cdn.skypack.dev/-/google-protobuf@v3.21.2-YDUqZL2TTSsy2lGtfuND/dist=es2019,mode=imports/optimized/google-protobuf.js:783:23)
    at jspb.BinaryWriter.writeUint64 (https://cdn.skypack.dev/-/google-protobuf@v3.21.2-YDUqZL2TTSsy2lGtfuND/dist=es2019,mode=imports/optimized/google-protobuf.js:5234:32)
    at protobuf_test_messages_proto2_TestAllTypesProto2.serialize (file:///Users/thesayyn/Documents/thesayyn/protoc-gen-ts/target/debug/build/protoc_gen_ts-8cec2bec66276c47/out/test_conformance/test_messages_proto2.ts:957:67)
    at file:///Users/thesayyn/Documents/thesayyn/protoc-gen-ts/tests/conformance/bin/main.ts:31:44

  protobuf_test_messages.proto2.TestAllTypesProto2 1
  Error: Assertion failed
    at Object.jspb.asserts.doAssertFailure (https://cdn.skypack.dev/-/google-protobuf@v3.21.2-YDUqZL2TTSsy2lGtfuND/dist=es2019,mode=imports/optimized/google-protobuf.js:778:11)
    at Object.jspb.asserts.assert (https://cdn.skypack.dev/-/google-protobuf@v3.21.2-YDUqZL2TTSsy2lGtfuND/dist=es2019,mode=imports/optimized/google-protobuf.js:783:23)
    at jspb.BinaryReader.readUint64 (https://cdn.skypack.dev/-/google-protobuf@v3.21.2-YDUqZL2TTSsy2lGtfuND/dist=es2019,mode=imports/optimized/google-protobuf.js:4559:18)
    at Function.deserialize (file:///Users/thesayyn/Documents/thesayyn/protoc-gen-ts/target/debug/build/protoc_gen_ts-8cec2bec66276c47/out/test_conformance/test_messages_proto2.ts:223:53)
    at file:///Users/thesayyn/Documents/thesayyn/protoc-gen-ts/tests/conformance/bin/main.ts:30:78

  protobuf_test_messages.proto2.TestAllTypesProto2 1
  Error: Assertion failed
    at Object.jspb.asserts.doAssertFailure (https://cdn.skypack.dev/-/google-protobuf@v3.21.2-YDUqZL2TTSsy2lGtfuND/dist=es2019,mode=imports/optimized/google-protobuf.js:778:11)
    at Object.jspb.asserts.assert (https://cdn.skypack.dev/-/google-protobuf@v3.21.2-YDUqZL2TTSsy2lGtfuND/dist=es2019,mode=imports/optimized/google-protobuf.js:783:23)
    at jspb.BinaryWriter.writeUint64 (https://cdn.skypack.dev/-/google-protobuf@v3.21.2-YDUqZL2TTSsy2lGtfuND/dist=es2019,mode=imports/optimized/google-protobuf.js:5234:32)
    at protobuf_test_messages_proto2_TestAllTypesProto2.serialize (file:///Users/thesayyn/Documents/thesayyn/protoc-gen-ts/target/debug/build/protoc_gen_ts-8cec2bec66276c47/out/test_conformance/test_messages_proto2.ts:957:67)
    at file:///Users/thesayyn/Documents/thesayyn/protoc-gen-ts/tests/conformance/bin/main.ts:31:44

  protobuf_test_messages.proto2.TestAllTypesProto2 1
  Error: Assertion failed
    at Object.jspb.asserts.doAssertFailure (https://cdn.skypack.dev/-/google-protobuf@v3.21.2-YDUqZL2TTSsy2lGtfuND/dist=es2019,mode=imports/optimized/google-protobuf.js:778:11)
    at Object.jspb.asserts.assert (https://cdn.skypack.dev/-/google-protobuf@v3.21.2-YDUqZL2TTSsy2lGtfuND/dist=es2019,mode=imports/optimized/google-protobuf.js:783:23)
    at jspb.BinaryReader.readUint64 (https://cdn.skypack.dev/-/google-protobuf@v3.21.2-YDUqZL2TTSsy2lGtfuND/dist=es2019,mode=imports/optimized/google-protobuf.js:4559:18)
    at Function.deserialize (file:///Users/thesayyn/Documents/thesayyn/protoc-gen-ts/target/debug/build/protoc_gen_ts-8cec2bec66276c47/out/test_conformance/test_messages_proto2.ts:223:53)
    at file:///Users/thesayyn/Documents/thesayyn/protoc-gen-ts/tests/conformance/bin/main.ts:30:78

  protobuf_test_messages.proto2.TestAllTypesProto2 1
  Error: Assertion failed
    at Object.jspb.asserts.doAssertFailure (https://cdn.skypack.dev/-/google-protobuf@v3.21.2-YDUqZL2TTSsy2lGtfuND/dist=es2019,mode=imports/optimized/google-protobuf.js:778:11)
    at Object.jspb.asserts.assert (https://cdn.skypack.dev/-/google-protobuf@v3.21.2-YDUqZL2TTSsy2lGtfuND/dist=es2019,mode=imports/optimized/google-protobuf.js:783:23)
    at jspb.BinaryEncoder.writeUnsignedVarint64 (https://cdn.skypack.dev/-/google-protobuf@v3.21.2-YDUqZL2TTSsy2lGtfuND/dist=es2019,mode=imports/optimized/google-protobuf.js:4808:18)
    at jspb.BinaryWriter.writePackedUint64 (https://cdn.skypack.dev/-/google-protobuf@v3.21.2-YDUqZL2TTSsy2lGtfuND/dist=es2019,mode=imports/optimized/google-protobuf.js:5592:23)
    at protobuf_test_messages_proto2_TestAllTypesProto2.serialize (file:///Users/thesayyn/Documents/thesayyn/protoc-gen-ts/target/debug/build/protoc_gen_ts-8cec2bec66276c47/out/test_conformance/test_messages_proto2.ts:1026:16)
    at file:///Users/thesayyn/Documents/thesayyn/protoc-gen-ts/tests/conformance/bin/main.ts:31:44

  protobuf_test_messages.proto2.TestAllTypesProto2 1
  Error: Assertion failed
    at Object.jspb.asserts.doAssertFailure (https://cdn.skypack.dev/-/google-protobuf@v3.21.2-YDUqZL2TTSsy2lGtfuND/dist=es2019,mode=imports/optimized/google-protobuf.js:778:11)
    at Object.jspb.asserts.assert (https://cdn.skypack.dev/-/google-protobuf@v3.21.2-YDUqZL2TTSsy2lGtfuND/dist=es2019,mode=imports/optimized/google-protobuf.js:783:23)
    at jspb.BinaryEncoder.writeUnsignedVarint64 (https://cdn.skypack.dev/-/google-protobuf@v3.21.2-YDUqZL2TTSsy2lGtfuND/dist=es2019,mode=imports/optimized/google-protobuf.js:4808:18)
    at jspb.BinaryWriter.writePackedUint64 (https://cdn.skypack.dev/-/google-protobuf@v3.21.2-YDUqZL2TTSsy2lGtfuND/dist=es2019,mode=imports/optimized/google-protobuf.js:5592:23)
    at protobuf_test_messages_proto2_TestAllTypesProto2.serialize (file:///Users/thesayyn/Documents/thesayyn/protoc-gen-ts/target/debug/build/protoc_gen_ts-8cec2bec66276c47/out/test_conformance/test_messages_proto2.ts:1026:16)
    at file:///Users/thesayyn/Documents/thesayyn/protoc-gen-ts/tests/conformance/bin/main.ts:31:44

  protobuf_test_messages.proto2.TestAllTypesProto2 1
  Error: Assertion failed
    at Object.jspb.asserts.doAssertFailure (https://cdn.skypack.dev/-/google-protobuf@v3.21.2-YDUqZL2TTSsy2lGtfuND/dist=es2019,mode=imports/optimized/google-protobuf.js:778:11)
    at Object.jspb.asserts.assert (https://cdn.skypack.dev/-/google-protobuf@v3.21.2-YDUqZL2TTSsy2lGtfuND/dist=es2019,mode=imports/optimized/google-protobuf.js:783:23)
    at jspb.BinaryWriter.writeUint64 (https://cdn.skypack.dev/-/google-protobuf@v3.21.2-YDUqZL2TTSsy2lGtfuND/dist=es2019,mode=imports/optimized/google-protobuf.js:5234:32)
    at protobuf_test_messages_proto2_TestAllTypesProto2.serialize (file:///Users/thesayyn/Documents/thesayyn/protoc-gen-ts/target/debug/build/protoc_gen_ts-8cec2bec66276c47/out/test_conformance/test_messages_proto2.ts:957:67)
    at file:///Users/thesayyn/Documents/thesayyn/protoc-gen-ts/tests/conformance/bin/main.ts:31:44

  protobuf_test_messages.proto2.TestAllTypesProto2 1
  Error: Assertion failed
    at Object.jspb.asserts.doAssertFailure (https://cdn.skypack.dev/-/google-protobuf@v3.21.2-YDUqZL2TTSsy2lGtfuND/dist=es2019,mode=imports/optimized/google-protobuf.js:778:11)
    at Object.jspb.asserts.assert (https://cdn.skypack.dev/-/google-protobuf@v3.21.2-YDUqZL2TTSsy2lGtfuND/dist=es2019,mode=imports/optimized/google-protobuf.js:783:23)
    at jspb.BinaryReader.readUint64 (https://cdn.skypack.dev/-/google-protobuf@v3.21.2-YDUqZL2TTSsy2lGtfuND/dist=es2019,mode=imports/optimized/google-protobuf.js:4559:18)
    at Function.deserialize (file:///Users/thesayyn/Documents/thesayyn/protoc-gen-ts/target/debug/build/protoc_gen_ts-8cec2bec66276c47/out/test_conformance/test_messages_proto2.ts:223:53)
    at file:///Users/thesayyn/Documents/thesayyn/protoc-gen-ts/tests/conformance/bin/main.ts:30:78

  protobuf_test_messages.proto3.TestAllTypesProto3 1
  Error: Assertion failed
    at Object.jspb.asserts.doAssertFailure (https://cdn.skypack.dev/-/google-protobuf@v3.21.2-YDUqZL2TTSsy2lGtfuND/dist=es2019,mode=imports/optimized/google-protobuf.js:778:11)
    at Object.jspb.asserts.assert (https://cdn.skypack.dev/-/google-protobuf@v3.21.2-YDUqZL2TTSsy2lGtfuND/dist=es2019,mode=imports/optimized/google-protobuf.js:783:23)
    at jspb.BinaryWriter.writeUint64 (https://cdn.skypack.dev/-/google-protobuf@v3.21.2-YDUqZL2TTSsy2lGtfuND/dist=es2019,mode=imports/optimized/google-protobuf.js:5234:32)
    at protobuf_test_messages_proto3_TestAllTypesProto3.serialize (file:///Users/thesayyn/Documents/thesayyn/protoc-gen-ts/target/debug/build/protoc_gen_ts-8cec2bec66276c47/out/test_conformance/test_messages_proto3.ts:975:16)
    at file:///Users/thesayyn/Documents/thesayyn/protoc-gen-ts/tests/conformance/bin/main.ts:24:44

  protobuf_test_messages.proto3.TestAllTypesProto3 1
  Error: Assertion failed
    at Object.jspb.asserts.doAssertFailure (https://cdn.skypack.dev/-/google-protobuf@v3.21.2-YDUqZL2TTSsy2lGtfuND/dist=es2019,mode=imports/optimized/google-protobuf.js:778:11)
    at Object.jspb.asserts.assert (https://cdn.skypack.dev/-/google-protobuf@v3.21.2-YDUqZL2TTSsy2lGtfuND/dist=es2019,mode=imports/optimized/google-protobuf.js:783:23)
    at jspb.BinaryWriter.writeUint64 (https://cdn.skypack.dev/-/google-protobuf@v3.21.2-YDUqZL2TTSsy2lGtfuND/dist=es2019,mode=imports/optimized/google-protobuf.js:5234:32)
    at protobuf_test_messages_proto3_TestAllTypesProto3.serialize (file:///Users/thesayyn/Documents/thesayyn/protoc-gen-ts/target/debug/build/protoc_gen_ts-8cec2bec66276c47/out/test_conformance/test_messages_proto3.ts:975:16)
    at file:///Users/thesayyn/Documents/thesayyn/protoc-gen-ts/tests/conformance/bin/main.ts:24:44

  protobuf_test_messages.proto3.TestAllTypesProto3 1
  Error: Assertion failed
    at Object.jspb.asserts.doAssertFailure (https://cdn.skypack.dev/-/google-protobuf@v3.21.2-YDUqZL2TTSsy2lGtfuND/dist=es2019,mode=imports/optimized/google-protobuf.js:778:11)
    at Object.jspb.asserts.assert (https://cdn.skypack.dev/-/google-protobuf@v3.21.2-YDUqZL2TTSsy2lGtfuND/dist=es2019,mode=imports/optimized/google-protobuf.js:783:23)
    at jspb.BinaryWriter.writeUint64 (https://cdn.skypack.dev/-/google-protobuf@v3.21.2-YDUqZL2TTSsy2lGtfuND/dist=es2019,mode=imports/optimized/google-protobuf.js:5234:32)
    at protobuf_test_messages_proto3_TestAllTypesProto3.serialize (file:///Users/thesayyn/Documents/thesayyn/protoc-gen-ts/target/debug/build/protoc_gen_ts-8cec2bec66276c47/out/test_conformance/test_messages_proto3.ts:975:16)
    at file:///Users/thesayyn/Documents/thesayyn/protoc-gen-ts/tests/conformance/bin/main.ts:24:44

  protobuf_test_messages.proto3.TestAllTypesProto3 1
  Error: Assertion failed
    at Object.jspb.asserts.doAssertFailure (https://cdn.skypack.dev/-/google-protobuf@v3.21.2-YDUqZL2TTSsy2lGtfuND/dist=es2019,mode=imports/optimized/google-protobuf.js:778:11)
    at Object.jspb.asserts.assert (https://cdn.skypack.dev/-/google-protobuf@v3.21.2-YDUqZL2TTSsy2lGtfuND/dist=es2019,mode=imports/optimized/google-protobuf.js:783:23)
    at jspb.BinaryEncoder.writeUnsignedVarint64 (https://cdn.skypack.dev/-/google-protobuf@v3.21.2-YDUqZL2TTSsy2lGtfuND/dist=es2019,mode=imports/optimized/google-protobuf.js:4808:18)
    at jspb.BinaryWriter.writePackedUint64 (https://cdn.skypack.dev/-/google-protobuf@v3.21.2-YDUqZL2TTSsy2lGtfuND/dist=es2019,mode=imports/optimized/google-protobuf.js:5592:23)
    at protobuf_test_messages_proto3_TestAllTypesProto3.serialize (file:///Users/thesayyn/Documents/thesayyn/protoc-gen-ts/target/debug/build/protoc_gen_ts-8cec2bec66276c47/out/test_conformance/test_messages_proto3.ts:1053:16)
    at file:///Users/thesayyn/Documents/thesayyn/protoc-gen-ts/tests/conformance/bin/main.ts:24:44

  protobuf_test_messages.proto3.TestAllTypesProto3 1
  Error: Assertion failed
    at Object.jspb.asserts.doAssertFailure (https://cdn.skypack.dev/-/google-protobuf@v3.21.2-YDUqZL2TTSsy2lGtfuND/dist=es2019,mode=imports/optimized/google-protobuf.js:778:11)
    at Object.jspb.asserts.assert (https://cdn.skypack.dev/-/google-protobuf@v3.21.2-YDUqZL2TTSsy2lGtfuND/dist=es2019,mode=imports/optimized/google-protobuf.js:783:23)
    at jspb.BinaryEncoder.writeUnsignedVarint64 (https://cdn.skypack.dev/-/google-protobuf@v3.21.2-YDUqZL2TTSsy2lGtfuND/dist=es2019,mode=imports/optimized/google-protobuf.js:4808:18)
    at jspb.BinaryWriter.writePackedUint64 (https://cdn.skypack.dev/-/google-protobuf@v3.21.2-YDUqZL2TTSsy2lGtfuND/dist=es2019,mode=imports/optimized/google-protobuf.js:5592:23)
    at protobuf_test_messages_proto3_TestAllTypesProto3.serialize (file:///Users/thesayyn/Documents/thesayyn/protoc-gen-ts/target/debug/build/protoc_gen_ts-8cec2bec66276c47/out/test_conformance/test_messages_proto3.ts:1053:16)
    at file:///Users/thesayyn/Documents/thesayyn/protoc-gen-ts/tests/conformance/bin/main.ts:24:44

  protobuf_test_messages.proto3.TestAllTypesProto3 1
  Error: Assertion failed
    at Object.jspb.asserts.doAssertFailure (https://cdn.skypack.dev/-/google-protobuf@v3.21.2-YDUqZL2TTSsy2lGtfuND/dist=es2019,mode=imports/optimized/google-protobuf.js:778:11)
    at Object.jspb.asserts.assert (https://cdn.skypack.dev/-/google-protobuf@v3.21.2-YDUqZL2TTSsy2lGtfuND/dist=es2019,mode=imports/optimized/google-protobuf.js:783:23)
    at jspb.BinaryEncoder.writeUnsignedVarint64 (https://cdn.skypack.dev/-/google-protobuf@v3.21.2-YDUqZL2TTSsy2lGtfuND/dist=es2019,mode=imports/optimized/google-protobuf.js:4808:18)
    at jspb.BinaryWriter.writePackedUint64 (https://cdn.skypack.dev/-/google-protobuf@v3.21.2-YDUqZL2TTSsy2lGtfuND/dist=es2019,mode=imports/optimized/google-protobuf.js:5592:23)
    at protobuf_test_messages_proto3_TestAllTypesProto3.serialize (file:///Users/thesayyn/Documents/thesayyn/protoc-gen-ts/target/debug/build/protoc_gen_ts-8cec2bec66276c47/out/test_conformance/test_messages_proto3.ts:1053:16)
    at file:///Users/thesayyn/Documents/thesayyn/protoc-gen-ts/tests/conformance/bin/main.ts:24:44

  protobuf_test_messages.proto3.TestAllTypesProto3 1
  Error: Assertion failed
    at Object.jspb.asserts.doAssertFailure (https://cdn.skypack.dev/-/google-protobuf@v3.21.2-YDUqZL2TTSsy2lGtfuND/dist=es2019,mode=imports/optimized/google-protobuf.js:778:11)
    at Object.jspb.asserts.assert (https://cdn.skypack.dev/-/google-protobuf@v3.21.2-YDUqZL2TTSsy2lGtfuND/dist=es2019,mode=imports/optimized/google-protobuf.js:783:23)
    at jspb.BinaryEncoder.writeUnsignedVarint64 (https://cdn.skypack.dev/-/google-protobuf@v3.21.2-YDUqZL2TTSsy2lGtfuND/dist=es2019,mode=imports/optimized/google-protobuf.js:4808:18)
    at jspb.BinaryWriter.writePackedUint64 (https://cdn.skypack.dev/-/google-protobuf@v3.21.2-YDUqZL2TTSsy2lGtfuND/dist=es2019,mode=imports/optimized/google-protobuf.js:5592:23)
    at protobuf_test_messages_proto3_TestAllTypesProto3.serialize (file:///Users/thesayyn/Documents/thesayyn/protoc-gen-ts/target/debug/build/protoc_gen_ts-8cec2bec66276c47/out/test_conformance/test_messages_proto3.ts:1053:16)
    at file:///Users/thesayyn/Documents/thesayyn/protoc-gen-ts/tests/conformance/bin/main.ts:24:44

  protobuf_test_messages.proto3.TestAllTypesProto3 1
  Error: Assertion failed
    at Object.jspb.asserts.doAssertFailure (https://cdn.skypack.dev/-/google-protobuf@v3.21.2-YDUqZL2TTSsy2lGtfuND/dist=es2019,mode=imports/optimized/google-protobuf.js:778:11)
    at Object.jspb.asserts.assert (https://cdn.skypack.dev/-/google-protobuf@v3.21.2-YDUqZL2TTSsy2lGtfuND/dist=es2019,mode=imports/optimized/google-protobuf.js:783:23)
    at jspb.BinaryEncoder.writeUnsignedVarint64 (https://cdn.skypack.dev/-/google-protobuf@v3.21.2-YDUqZL2TTSsy2lGtfuND/dist=es2019,mode=imports/optimized/google-protobuf.js:4808:18)
    at jspb.BinaryWriter.writePackedUint64 (https://cdn.skypack.dev/-/google-protobuf@v3.21.2-YDUqZL2TTSsy2lGtfuND/dist=es2019,mode=imports/optimized/google-protobuf.js:5592:23)
    at protobuf_test_messages_proto3_TestAllTypesProto3.serialize (file:///Users/thesayyn/Documents/thesayyn/protoc-gen-ts/target/debug/build/protoc_gen_ts-8cec2bec66276c47/out/test_conformance/test_messages_proto3.ts:1053:16)
    at file:///Users/thesayyn/Documents/thesayyn/protoc-gen-ts/tests/conformance/bin/main.ts:24:44

  protobuf_test_messages.proto3.TestAllTypesProto3 1
  Error: Assertion failed
    at Object.jspb.asserts.doAssertFailure (https://cdn.skypack.dev/-/google-protobuf@v3.21.2-YDUqZL2TTSsy2lGtfuND/dist=es2019,mode=imports/optimized/google-protobuf.js:778:11)
    at Object.jspb.asserts.assert (https://cdn.skypack.dev/-/google-protobuf@v3.21.2-YDUqZL2TTSsy2lGtfuND/dist=es2019,mode=imports/optimized/google-protobuf.js:783:23)
    at jspb.BinaryEncoder.writeUnsignedVarint64 (https://cdn.skypack.dev/-/google-protobuf@v3.21.2-YDUqZL2TTSsy2lGtfuND/dist=es2019,mode=imports/optimized/google-protobuf.js:4808:18)
    at jspb.BinaryWriter.writePackedUint64 (https://cdn.skypack.dev/-/google-protobuf@v3.21.2-YDUqZL2TTSsy2lGtfuND/dist=es2019,mode=imports/optimized/google-protobuf.js:5592:23)
    at protobuf_test_messages_proto3_TestAllTypesProto3.serialize (file:///Users/thesayyn/Documents/thesayyn/protoc-gen-ts/target/debug/build/protoc_gen_ts-8cec2bec66276c47/out/test_conformance/test_messages_proto3.ts:1053:16)
    at file:///Users/thesayyn/Documents/thesayyn/protoc-gen-ts/tests/conformance/bin/main.ts:24:44

  protobuf_test_messages.proto3.TestAllTypesProto3 1
  Error: Assertion failed
    at Object.jspb.asserts.doAssertFailure (https://cdn.skypack.dev/-/google-protobuf@v3.21.2-YDUqZL2TTSsy2lGtfuND/dist=es2019,mode=imports/optimized/google-protobuf.js:778:11)
    at Object.jspb.asserts.assert (https://cdn.skypack.dev/-/google-protobuf@v3.21.2-YDUqZL2TTSsy2lGtfuND/dist=es2019,mode=imports/optimized/google-protobuf.js:783:23)
    at jspb.BinaryWriter.writeUint64 (https://cdn.skypack.dev/-/google-protobuf@v3.21.2-YDUqZL2TTSsy2lGtfuND/dist=es2019,mode=imports/optimized/google-protobuf.js:5234:32)
    at protobuf_test_messages_proto3_TestAllTypesProto3.serialize (file:///Users/thesayyn/Documents/thesayyn/protoc-gen-ts/target/debug/build/protoc_gen_ts-8cec2bec66276c47/out/test_conformance/test_messages_proto3.ts:1164:67)
    at file:///Users/thesayyn/Documents/thesayyn/protoc-gen-ts/tests/conformance/bin/main.ts:24:44

  protobuf_test_messages.proto3.TestAllTypesProto3 1
  Error: Assertion failed
    at Object.jspb.asserts.doAssertFailure (https://cdn.skypack.dev/-/google-protobuf@v3.21.2-YDUqZL2TTSsy2lGtfuND/dist=es2019,mode=imports/optimized/google-protobuf.js:778:11)
    at Object.jspb.asserts.assert (https://cdn.skypack.dev/-/google-protobuf@v3.21.2-YDUqZL2TTSsy2lGtfuND/dist=es2019,mode=imports/optimized/google-protobuf.js:783:23)
    at jspb.BinaryReader.readUint64 (https://cdn.skypack.dev/-/google-protobuf@v3.21.2-YDUqZL2TTSsy2lGtfuND/dist=es2019,mode=imports/optimized/google-protobuf.js:4559:18)
    at Function.deserialize (file:///Users/thesayyn/Documents/thesayyn/protoc-gen-ts/target/debug/build/protoc_gen_ts-8cec2bec66276c47/out/test_conformance/test_messages_proto3.ts:384:53)
    at file:///Users/thesayyn/Documents/thesayyn/protoc-gen-ts/tests/conformance/bin/main.ts:23:78

  protobuf_test_messages.proto2.TestAllTypesProto2 1
  Error: Assertion failed
    at Object.jspb.asserts.doAssertFailure (https://cdn.skypack.dev/-/google-protobuf@v3.21.2-YDUqZL2TTSsy2lGtfuND/dist=es2019,mode=imports/optimized/google-protobuf.js:778:11)
    at Object.jspb.asserts.assert (https://cdn.skypack.dev/-/google-protobuf@v3.21.2-YDUqZL2TTSsy2lGtfuND/dist=es2019,mode=imports/optimized/google-protobuf.js:783:23)
    at jspb.BinaryReader.readInt32 (https://cdn.skypack.dev/-/google-protobuf@v3.21.2-YDUqZL2TTSsy2lGtfuND/dist=es2019,mode=imports/optimized/google-protobuf.js:4532:18)
    at Function.deserialize (file:///Users/thesayyn/Documents/thesayyn/protoc-gen-ts/target/debug/build/protoc_gen_ts-8cec2bec66276c47/out/test_conformance/test_messages_proto2.ts:214:52)
    at file:///Users/thesayyn/Documents/thesayyn/protoc-gen-ts/tests/conformance/bin/main.ts:30:78

  protobuf_test_messages.proto2.TestAllTypesProto2 1
  Error: Assertion failed
    at Object.jspb.asserts.doAssertFailure (https://cdn.skypack.dev/-/google-protobuf@v3.21.2-YDUqZL2TTSsy2lGtfuND/dist=es2019,mode=imports/optimized/google-protobuf.js:778:11)
    at Object.jspb.asserts.assert (https://cdn.skypack.dev/-/google-protobuf@v3.21.2-YDUqZL2TTSsy2lGtfuND/dist=es2019,mode=imports/optimized/google-protobuf.js:783:23)
    at jspb.BinaryReader.readInt32 (https://cdn.skypack.dev/-/google-protobuf@v3.21.2-YDUqZL2TTSsy2lGtfuND/dist=es2019,mode=imports/optimized/google-protobuf.js:4532:18)
    at Function.deserialize (file:///Users/thesayyn/Documents/thesayyn/protoc-gen-ts/target/debug/build/protoc_gen_ts-8cec2bec66276c47/out/test_conformance/test_messages_proto2.ts:214:52)
    at file:///Users/thesayyn/Documents/thesayyn/protoc-gen-ts/tests/conformance/bin/main.ts:30:78

  protobuf_test_messages.proto2.TestAllTypesProto2 1
  Error: Assertion failed
    at Object.jspb.asserts.doAssertFailure (https://cdn.skypack.dev/-/google-protobuf@v3.21.2-YDUqZL2TTSsy2lGtfuND/dist=es2019,mode=imports/optimized/google-protobuf.js:778:11)
    at Object.jspb.asserts.assert (https://cdn.skypack.dev/-/google-protobuf@v3.21.2-YDUqZL2TTSsy2lGtfuND/dist=es2019,mode=imports/optimized/google-protobuf.js:783:23)
    at jspb.BinaryReader.readInt32 (https://cdn.skypack.dev/-/google-protobuf@v3.21.2-YDUqZL2TTSsy2lGtfuND/dist=es2019,mode=imports/optimized/google-protobuf.js:4532:18)
    at Function.deserialize (file:///Users/thesayyn/Documents/thesayyn/protoc-gen-ts/target/debug/build/protoc_gen_ts-8cec2bec66276c47/out/test_conformance/test_messages_proto2.ts:214:52)
    at file:///Users/thesayyn/Documents/thesayyn/protoc-gen-ts/tests/conformance/bin/main.ts:30:78

  protobuf_test_messages.proto3.TestAllTypesProto3 1
  Error: Assertion failed
    at Object.jspb.asserts.doAssertFailure (https://cdn.skypack.dev/-/google-protobuf@v3.21.2-YDUqZL2TTSsy2lGtfuND/dist=es2019,mode=imports/optimized/google-protobuf.js:778:11)
    at Object.jspb.asserts.assert (https://cdn.skypack.dev/-/google-protobuf@v3.21.2-YDUqZL2TTSsy2lGtfuND/dist=es2019,mode=imports/optimized/google-protobuf.js:783:23)
    at jspb.BinaryReader.readInt32 (https://cdn.skypack.dev/-/google-protobuf@v3.21.2-YDUqZL2TTSsy2lGtfuND/dist=es2019,mode=imports/optimized/google-protobuf.js:4532:18)
    at Function.deserialize (file:///Users/thesayyn/Documents/thesayyn/protoc-gen-ts/target/debug/build/protoc_gen_ts-8cec2bec66276c47/out/test_conformance/test_messages_proto3.ts:375:52)
    at file:///Users/thesayyn/Documents/thesayyn/protoc-gen-ts/tests/conformance/bin/main.ts:23:78

  protobuf_test_messages.proto2.TestAllTypesProto2 1
  Error: Assertion failed
    at Object.jspb.asserts.doAssertFailure (https://cdn.skypack.dev/-/google-protobuf@v3.21.2-YDUqZL2TTSsy2lGtfuND/dist=es2019,mode=imports/optimized/google-protobuf.js:778:11)
    at Object.jspb.asserts.assert (https://cdn.skypack.dev/-/google-protobuf@v3.21.2-YDUqZL2TTSsy2lGtfuND/dist=es2019,mode=imports/optimized/google-protobuf.js:783:23)
    at jspb.BinaryWriter.writeUint32 (https://cdn.skypack.dev/-/google-protobuf@v3.21.2-YDUqZL2TTSsy2lGtfuND/dist=es2019,mode=imports/optimized/google-protobuf.js:5227:32)
    at protobuf_test_messages_proto2_TestAllTypesProto2.serialize (file:///Users/thesayyn/Documents/thesayyn/protoc-gen-ts/target/debug/build/protoc_gen_ts-8cec2bec66276c47/out/test_conformance/test_messages_proto2.ts:879:16)
    at file:///Users/thesayyn/Documents/thesayyn/protoc-gen-ts/tests/conformance/bin/main.ts:31:44

  protobuf_test_messages.proto2.TestAllTypesProto2 1
  Error: Assertion failed
    at Object.jspb.asserts.doAssertFailure (https://cdn.skypack.dev/-/google-protobuf@v3.21.2-YDUqZL2TTSsy2lGtfuND/dist=es2019,mode=imports/optimized/google-protobuf.js:778:11)
    at Object.jspb.asserts.assert (https://cdn.skypack.dev/-/google-protobuf@v3.21.2-YDUqZL2TTSsy2lGtfuND/dist=es2019,mode=imports/optimized/google-protobuf.js:783:23)
    at jspb.BinaryWriter.writeUint32 (https://cdn.skypack.dev/-/google-protobuf@v3.21.2-YDUqZL2TTSsy2lGtfuND/dist=es2019,mode=imports/optimized/google-protobuf.js:5227:32)
    at protobuf_test_messages_proto2_TestAllTypesProto2.serialize (file:///Users/thesayyn/Documents/thesayyn/protoc-gen-ts/target/debug/build/protoc_gen_ts-8cec2bec66276c47/out/test_conformance/test_messages_proto2.ts:879:16)
    at file:///Users/thesayyn/Documents/thesayyn/protoc-gen-ts/tests/conformance/bin/main.ts:31:44

  protobuf_test_messages.proto2.TestAllTypesProto2 1
  Error: Assertion failed
    at Object.jspb.asserts.doAssertFailure (https://cdn.skypack.dev/-/google-protobuf@v3.21.2-YDUqZL2TTSsy2lGtfuND/dist=es2019,mode=imports/optimized/google-protobuf.js:778:11)
    at Object.jspb.asserts.assert (https://cdn.skypack.dev/-/google-protobuf@v3.21.2-YDUqZL2TTSsy2lGtfuND/dist=es2019,mode=imports/optimized/google-protobuf.js:783:23)
    at jspb.BinaryWriter.writeUint32 (https://cdn.skypack.dev/-/google-protobuf@v3.21.2-YDUqZL2TTSsy2lGtfuND/dist=es2019,mode=imports/optimized/google-protobuf.js:5227:32)
    at protobuf_test_messages_proto2_TestAllTypesProto2.serialize (file:///Users/thesayyn/Documents/thesayyn/protoc-gen-ts/target/debug/build/protoc_gen_ts-8cec2bec66276c47/out/test_conformance/test_messages_proto2.ts:954:67)
    at file:///Users/thesayyn/Documents/thesayyn/protoc-gen-ts/tests/conformance/bin/main.ts:31:44

  protobuf_test_messages.proto2.TestAllTypesProto2 1
  Error: Assertion failed
    at Object.jspb.asserts.doAssertFailure (https://cdn.skypack.dev/-/google-protobuf@v3.21.2-YDUqZL2TTSsy2lGtfuND/dist=es2019,mode=imports/optimized/google-protobuf.js:778:11)
    at Object.jspb.asserts.assert (https://cdn.skypack.dev/-/google-protobuf@v3.21.2-YDUqZL2TTSsy2lGtfuND/dist=es2019,mode=imports/optimized/google-protobuf.js:783:23)
    at jspb.BinaryReader.readUint32 (https://cdn.skypack.dev/-/google-protobuf@v3.21.2-YDUqZL2TTSsy2lGtfuND/dist=es2019,mode=imports/optimized/google-protobuf.js:4550:18)
    at Function.deserialize (file:///Users/thesayyn/Documents/thesayyn/protoc-gen-ts/target/debug/build/protoc_gen_ts-8cec2bec66276c47/out/test_conformance/test_messages_proto2.ts:220:53)
    at file:///Users/thesayyn/Documents/thesayyn/protoc-gen-ts/tests/conformance/bin/main.ts:30:78

  protobuf_test_messages.proto2.TestAllTypesProto2 1
  Error: Assertion failed
    at Object.jspb.asserts.doAssertFailure (https://cdn.skypack.dev/-/google-protobuf@v3.21.2-YDUqZL2TTSsy2lGtfuND/dist=es2019,mode=imports/optimized/google-protobuf.js:778:11)
    at Object.jspb.asserts.assert (https://cdn.skypack.dev/-/google-protobuf@v3.21.2-YDUqZL2TTSsy2lGtfuND/dist=es2019,mode=imports/optimized/google-protobuf.js:783:23)
    at jspb.BinaryWriter.writeUint32 (https://cdn.skypack.dev/-/google-protobuf@v3.21.2-YDUqZL2TTSsy2lGtfuND/dist=es2019,mode=imports/optimized/google-protobuf.js:5227:32)
    at protobuf_test_messages_proto2_TestAllTypesProto2.serialize (file:///Users/thesayyn/Documents/thesayyn/protoc-gen-ts/target/debug/build/protoc_gen_ts-8cec2bec66276c47/out/test_conformance/test_messages_proto2.ts:954:67)
    at file:///Users/thesayyn/Documents/thesayyn/protoc-gen-ts/tests/conformance/bin/main.ts:31:44

  protobuf_test_messages.proto2.TestAllTypesProto2 1
  Error: Assertion failed
    at Object.jspb.asserts.doAssertFailure (https://cdn.skypack.dev/-/google-protobuf@v3.21.2-YDUqZL2TTSsy2lGtfuND/dist=es2019,mode=imports/optimized/google-protobuf.js:778:11)
    at Object.jspb.asserts.assert (https://cdn.skypack.dev/-/google-protobuf@v3.21.2-YDUqZL2TTSsy2lGtfuND/dist=es2019,mode=imports/optimized/google-protobuf.js:783:23)
    at jspb.BinaryReader.readUint32 (https://cdn.skypack.dev/-/google-protobuf@v3.21.2-YDUqZL2TTSsy2lGtfuND/dist=es2019,mode=imports/optimized/google-protobuf.js:4550:18)
    at Function.deserialize (file:///Users/thesayyn/Documents/thesayyn/protoc-gen-ts/target/debug/build/protoc_gen_ts-8cec2bec66276c47/out/test_conformance/test_messages_proto2.ts:220:53)
    at file:///Users/thesayyn/Documents/thesayyn/protoc-gen-ts/tests/conformance/bin/main.ts:30:78

  protobuf_test_messages.proto2.TestAllTypesProto2 1
  Error: Assertion failed
    at Object.jspb.asserts.doAssertFailure (https://cdn.skypack.dev/-/google-protobuf@v3.21.2-YDUqZL2TTSsy2lGtfuND/dist=es2019,mode=imports/optimized/google-protobuf.js:778:11)
    at Object.jspb.asserts.assert (https://cdn.skypack.dev/-/google-protobuf@v3.21.2-YDUqZL2TTSsy2lGtfuND/dist=es2019,mode=imports/optimized/google-protobuf.js:783:23)
    at jspb.BinaryEncoder.writeUnsignedVarint32 (https://cdn.skypack.dev/-/google-protobuf@v3.21.2-YDUqZL2TTSsy2lGtfuND/dist=es2019,mode=imports/optimized/google-protobuf.js:4791:23)
    at jspb.BinaryWriter.writePackedUint32 (https://cdn.skypack.dev/-/google-protobuf@v3.21.2-YDUqZL2TTSsy2lGtfuND/dist=es2019,mode=imports/optimized/google-protobuf.js:5575:23)
    at protobuf_test_messages_proto2_TestAllTypesProto2.serialize (file:///Users/thesayyn/Documents/thesayyn/protoc-gen-ts/target/debug/build/protoc_gen_ts-8cec2bec66276c47/out/test_conformance/test_messages_proto2.ts:1023:16)
    at file:///Users/thesayyn/Documents/thesayyn/protoc-gen-ts/tests/conformance/bin/main.ts:31:44

  protobuf_test_messages.proto2.TestAllTypesProto2 1
  Error: Assertion failed
    at Object.jspb.asserts.doAssertFailure (https://cdn.skypack.dev/-/google-protobuf@v3.21.2-YDUqZL2TTSsy2lGtfuND/dist=es2019,mode=imports/optimized/google-protobuf.js:778:11)
    at Object.jspb.asserts.assert (https://cdn.skypack.dev/-/google-protobuf@v3.21.2-YDUqZL2TTSsy2lGtfuND/dist=es2019,mode=imports/optimized/google-protobuf.js:783:23)
    at jspb.BinaryEncoder.writeUnsignedVarint32 (https://cdn.skypack.dev/-/google-protobuf@v3.21.2-YDUqZL2TTSsy2lGtfuND/dist=es2019,mode=imports/optimized/google-protobuf.js:4791:23)
    at jspb.BinaryWriter.writePackedUint32 (https://cdn.skypack.dev/-/google-protobuf@v3.21.2-YDUqZL2TTSsy2lGtfuND/dist=es2019,mode=imports/optimized/google-protobuf.js:5575:23)
    at protobuf_test_messages_proto2_TestAllTypesProto2.serialize (file:///Users/thesayyn/Documents/thesayyn/protoc-gen-ts/target/debug/build/protoc_gen_ts-8cec2bec66276c47/out/test_conformance/test_messages_proto2.ts:1023:16)
    at file:///Users/thesayyn/Documents/thesayyn/protoc-gen-ts/tests/conformance/bin/main.ts:31:44

  protobuf_test_messages.proto2.TestAllTypesProto2 1
  Error: Assertion failed
    at Object.jspb.asserts.doAssertFailure (https://cdn.skypack.dev/-/google-protobuf@v3.21.2-YDUqZL2TTSsy2lGtfuND/dist=es2019,mode=imports/optimized/google-protobuf.js:778:11)
    at Object.jspb.asserts.assert (https://cdn.skypack.dev/-/google-protobuf@v3.21.2-YDUqZL2TTSsy2lGtfuND/dist=es2019,mode=imports/optimized/google-protobuf.js:783:23)
    at jspb.BinaryWriter.writeUint32 (https://cdn.skypack.dev/-/google-protobuf@v3.21.2-YDUqZL2TTSsy2lGtfuND/dist=es2019,mode=imports/optimized/google-protobuf.js:5227:32)
    at protobuf_test_messages_proto2_TestAllTypesProto2.serialize (file:///Users/thesayyn/Documents/thesayyn/protoc-gen-ts/target/debug/build/protoc_gen_ts-8cec2bec66276c47/out/test_conformance/test_messages_proto2.ts:954:67)
    at file:///Users/thesayyn/Documents/thesayyn/protoc-gen-ts/tests/conformance/bin/main.ts:31:44

  protobuf_test_messages.proto2.TestAllTypesProto2 1
  Error: Assertion failed
    at Object.jspb.asserts.doAssertFailure (https://cdn.skypack.dev/-/google-protobuf@v3.21.2-YDUqZL2TTSsy2lGtfuND/dist=es2019,mode=imports/optimized/google-protobuf.js:778:11)
    at Object.jspb.asserts.assert (https://cdn.skypack.dev/-/google-protobuf@v3.21.2-YDUqZL2TTSsy2lGtfuND/dist=es2019,mode=imports/optimized/google-protobuf.js:783:23)
    at jspb.BinaryReader.readUint32 (https://cdn.skypack.dev/-/google-protobuf@v3.21.2-YDUqZL2TTSsy2lGtfuND/dist=es2019,mode=imports/optimized/google-protobuf.js:4550:18)
    at Function.deserialize (file:///Users/thesayyn/Documents/thesayyn/protoc-gen-ts/target/debug/build/protoc_gen_ts-8cec2bec66276c47/out/test_conformance/test_messages_proto2.ts:220:53)
    at file:///Users/thesayyn/Documents/thesayyn/protoc-gen-ts/tests/conformance/bin/main.ts:30:78

  protobuf_test_messages.proto3.TestAllTypesProto3 1
  Error: Assertion failed
    at Object.jspb.asserts.doAssertFailure (https://cdn.skypack.dev/-/google-protobuf@v3.21.2-YDUqZL2TTSsy2lGtfuND/dist=es2019,mode=imports/optimized/google-protobuf.js:778:11)
    at Object.jspb.asserts.assert (https://cdn.skypack.dev/-/google-protobuf@v3.21.2-YDUqZL2TTSsy2lGtfuND/dist=es2019,mode=imports/optimized/google-protobuf.js:783:23)
    at jspb.BinaryWriter.writeUint32 (https://cdn.skypack.dev/-/google-protobuf@v3.21.2-YDUqZL2TTSsy2lGtfuND/dist=es2019,mode=imports/optimized/google-protobuf.js:5227:32)
    at protobuf_test_messages_proto3_TestAllTypesProto3.serialize (file:///Users/thesayyn/Documents/thesayyn/protoc-gen-ts/target/debug/build/protoc_gen_ts-8cec2bec66276c47/out/test_conformance/test_messages_proto3.ts:972:16)
    at file:///Users/thesayyn/Documents/thesayyn/protoc-gen-ts/tests/conformance/bin/main.ts:24:44

  protobuf_test_messages.proto3.TestAllTypesProto3 1
  Error: Assertion failed
    at Object.jspb.asserts.doAssertFailure (https://cdn.skypack.dev/-/google-protobuf@v3.21.2-YDUqZL2TTSsy2lGtfuND/dist=es2019,mode=imports/optimized/google-protobuf.js:778:11)
    at Object.jspb.asserts.assert (https://cdn.skypack.dev/-/google-protobuf@v3.21.2-YDUqZL2TTSsy2lGtfuND/dist=es2019,mode=imports/optimized/google-protobuf.js:783:23)
    at jspb.BinaryWriter.writeUint32 (https://cdn.skypack.dev/-/google-protobuf@v3.21.2-YDUqZL2TTSsy2lGtfuND/dist=es2019,mode=imports/optimized/google-protobuf.js:5227:32)
    at protobuf_test_messages_proto3_TestAllTypesProto3.serialize (file:///Users/thesayyn/Documents/thesayyn/protoc-gen-ts/target/debug/build/protoc_gen_ts-8cec2bec66276c47/out/test_conformance/test_messages_proto3.ts:972:16)
    at file:///Users/thesayyn/Documents/thesayyn/protoc-gen-ts/tests/conformance/bin/main.ts:24:44

  protobuf_test_messages.proto3.TestAllTypesProto3 1
  Error: Assertion failed
    at Object.jspb.asserts.doAssertFailure (https://cdn.skypack.dev/-/google-protobuf@v3.21.2-YDUqZL2TTSsy2lGtfuND/dist=es2019,mode=imports/optimized/google-protobuf.js:778:11)
    at Object.jspb.asserts.assert (https://cdn.skypack.dev/-/google-protobuf@v3.21.2-YDUqZL2TTSsy2lGtfuND/dist=es2019,mode=imports/optimized/google-protobuf.js:783:23)
    at jspb.BinaryEncoder.writeUnsignedVarint32 (https://cdn.skypack.dev/-/google-protobuf@v3.21.2-YDUqZL2TTSsy2lGtfuND/dist=es2019,mode=imports/optimized/google-protobuf.js:4791:23)
    at jspb.BinaryWriter.writePackedUint32 (https://cdn.skypack.dev/-/google-protobuf@v3.21.2-YDUqZL2TTSsy2lGtfuND/dist=es2019,mode=imports/optimized/google-protobuf.js:5575:23)
    at protobuf_test_messages_proto3_TestAllTypesProto3.serialize (file:///Users/thesayyn/Documents/thesayyn/protoc-gen-ts/target/debug/build/protoc_gen_ts-8cec2bec66276c47/out/test_conformance/test_messages_proto3.ts:1050:16)
    at file:///Users/thesayyn/Documents/thesayyn/protoc-gen-ts/tests/conformance/bin/main.ts:24:44

  protobuf_test_messages.proto3.TestAllTypesProto3 1
  Error: Assertion failed
    at Object.jspb.asserts.doAssertFailure (https://cdn.skypack.dev/-/google-protobuf@v3.21.2-YDUqZL2TTSsy2lGtfuND/dist=es2019,mode=imports/optimized/google-protobuf.js:778:11)
    at Object.jspb.asserts.assert (https://cdn.skypack.dev/-/google-protobuf@v3.21.2-YDUqZL2TTSsy2lGtfuND/dist=es2019,mode=imports/optimized/google-protobuf.js:783:23)
    at jspb.BinaryEncoder.writeUnsignedVarint32 (https://cdn.skypack.dev/-/google-protobuf@v3.21.2-YDUqZL2TTSsy2lGtfuND/dist=es2019,mode=imports/optimized/google-protobuf.js:4791:23)
    at jspb.BinaryWriter.writePackedUint32 (https://cdn.skypack.dev/-/google-protobuf@v3.21.2-YDUqZL2TTSsy2lGtfuND/dist=es2019,mode=imports/optimized/google-protobuf.js:5575:23)
    at protobuf_test_messages_proto3_TestAllTypesProto3.serialize (file:///Users/thesayyn/Documents/thesayyn/protoc-gen-ts/target/debug/build/protoc_gen_ts-8cec2bec66276c47/out/test_conformance/test_messages_proto3.ts:1050:16)
    at file:///Users/thesayyn/Documents/thesayyn/protoc-gen-ts/tests/conformance/bin/main.ts:24:44

  protobuf_test_messages.proto3.TestAllTypesProto3 1
  Error: Assertion failed
    at Object.jspb.asserts.doAssertFailure (https://cdn.skypack.dev/-/google-protobuf@v3.21.2-YDUqZL2TTSsy2lGtfuND/dist=es2019,mode=imports/optimized/google-protobuf.js:778:11)
    at Object.jspb.asserts.assert (https://cdn.skypack.dev/-/google-protobuf@v3.21.2-YDUqZL2TTSsy2lGtfuND/dist=es2019,mode=imports/optimized/google-protobuf.js:783:23)
    at jspb.BinaryEncoder.writeUnsignedVarint32 (https://cdn.skypack.dev/-/google-protobuf@v3.21.2-YDUqZL2TTSsy2lGtfuND/dist=es2019,mode=imports/optimized/google-protobuf.js:4791:23)
    at jspb.BinaryWriter.writePackedUint32 (https://cdn.skypack.dev/-/google-protobuf@v3.21.2-YDUqZL2TTSsy2lGtfuND/dist=es2019,mode=imports/optimized/google-protobuf.js:5575:23)
    at protobuf_test_messages_proto3_TestAllTypesProto3.serialize (file:///Users/thesayyn/Documents/thesayyn/protoc-gen-ts/target/debug/build/protoc_gen_ts-8cec2bec66276c47/out/test_conformance/test_messages_proto3.ts:1050:16)
    at file:///Users/thesayyn/Documents/thesayyn/protoc-gen-ts/tests/conformance/bin/main.ts:24:44

  protobuf_test_messages.proto3.TestAllTypesProto3 1
  Error: Assertion failed
    at Object.jspb.asserts.doAssertFailure (https://cdn.skypack.dev/-/google-protobuf@v3.21.2-YDUqZL2TTSsy2lGtfuND/dist=es2019,mode=imports/optimized/google-protobuf.js:778:11)
    at Object.jspb.asserts.assert (https://cdn.skypack.dev/-/google-protobuf@v3.21.2-YDUqZL2TTSsy2lGtfuND/dist=es2019,mode=imports/optimized/google-protobuf.js:783:23)
    at jspb.BinaryEncoder.writeUnsignedVarint32 (https://cdn.skypack.dev/-/google-protobuf@v3.21.2-YDUqZL2TTSsy2lGtfuND/dist=es2019,mode=imports/optimized/google-protobuf.js:4791:23)
    at jspb.BinaryWriter.writePackedUint32 (https://cdn.skypack.dev/-/google-protobuf@v3.21.2-YDUqZL2TTSsy2lGtfuND/dist=es2019,mode=imports/optimized/google-protobuf.js:5575:23)
    at protobuf_test_messages_proto3_TestAllTypesProto3.serialize (file:///Users/thesayyn/Documents/thesayyn/protoc-gen-ts/target/debug/build/protoc_gen_ts-8cec2bec66276c47/out/test_conformance/test_messages_proto3.ts:1050:16)
    at file:///Users/thesayyn/Documents/thesayyn/protoc-gen-ts/tests/conformance/bin/main.ts:24:44

  protobuf_test_messages.proto3.TestAllTypesProto3 1
  Error: Assertion failed
    at Object.jspb.asserts.doAssertFailure (https://cdn.skypack.dev/-/google-protobuf@v3.21.2-YDUqZL2TTSsy2lGtfuND/dist=es2019,mode=imports/optimized/google-protobuf.js:778:11)
    at Object.jspb.asserts.assert (https://cdn.skypack.dev/-/google-protobuf@v3.21.2-YDUqZL2TTSsy2lGtfuND/dist=es2019,mode=imports/optimized/google-protobuf.js:783:23)
    at jspb.BinaryEncoder.writeUnsignedVarint32 (https://cdn.skypack.dev/-/google-protobuf@v3.21.2-YDUqZL2TTSsy2lGtfuND/dist=es2019,mode=imports/optimized/google-protobuf.js:4791:23)
    at jspb.BinaryWriter.writePackedUint32 (https://cdn.skypack.dev/-/google-protobuf@v3.21.2-YDUqZL2TTSsy2lGtfuND/dist=es2019,mode=imports/optimized/google-protobuf.js:5575:23)
    at protobuf_test_messages_proto3_TestAllTypesProto3.serialize (file:///Users/thesayyn/Documents/thesayyn/protoc-gen-ts/target/debug/build/protoc_gen_ts-8cec2bec66276c47/out/test_conformance/test_messages_proto3.ts:1050:16)
    at file:///Users/thesayyn/Documents/thesayyn/protoc-gen-ts/tests/conformance/bin/main.ts:24:44

  protobuf_test_messages.proto3.TestAllTypesProto3 1
  Error: Assertion failed
    at Object.jspb.asserts.doAssertFailure (https://cdn.skypack.dev/-/google-protobuf@v3.21.2-YDUqZL2TTSsy2lGtfuND/dist=es2019,mode=imports/optimized/google-protobuf.js:778:11)
    at Object.jspb.asserts.assert (https://cdn.skypack.dev/-/google-protobuf@v3.21.2-YDUqZL2TTSsy2lGtfuND/dist=es2019,mode=imports/optimized/google-protobuf.js:783:23)
    at jspb.BinaryEncoder.writeUnsignedVarint32 (https://cdn.skypack.dev/-/google-protobuf@v3.21.2-YDUqZL2TTSsy2lGtfuND/dist=es2019,mode=imports/optimized/google-protobuf.js:4791:23)
    at jspb.BinaryWriter.writePackedUint32 (https://cdn.skypack.dev/-/google-protobuf@v3.21.2-YDUqZL2TTSsy2lGtfuND/dist=es2019,mode=imports/optimized/google-protobuf.js:5575:23)
    at protobuf_test_messages_proto3_TestAllTypesProto3.serialize (file:///Users/thesayyn/Documents/thesayyn/protoc-gen-ts/target/debug/build/protoc_gen_ts-8cec2bec66276c47/out/test_conformance/test_messages_proto3.ts:1050:16)
    at file:///Users/thesayyn/Documents/thesayyn/protoc-gen-ts/tests/conformance/bin/main.ts:24:44

  protobuf_test_messages.proto3.TestAllTypesProto3 1
  Error: Assertion failed
    at Object.jspb.asserts.doAssertFailure (https://cdn.skypack.dev/-/google-protobuf@v3.21.2-YDUqZL2TTSsy2lGtfuND/dist=es2019,mode=imports/optimized/google-protobuf.js:778:11)
    at Object.jspb.asserts.assert (https://cdn.skypack.dev/-/google-protobuf@v3.21.2-YDUqZL2TTSsy2lGtfuND/dist=es2019,mode=imports/optimized/google-protobuf.js:783:23)
    at jspb.BinaryWriter.writeUint32 (https://cdn.skypack.dev/-/google-protobuf@v3.21.2-YDUqZL2TTSsy2lGtfuND/dist=es2019,mode=imports/optimized/google-protobuf.js:5227:32)
    at protobuf_test_messages_proto3_TestAllTypesProto3.serialize (file:///Users/thesayyn/Documents/thesayyn/protoc-gen-ts/target/debug/build/protoc_gen_ts-8cec2bec66276c47/out/test_conformance/test_messages_proto3.ts:1161:67)
    at file:///Users/thesayyn/Documents/thesayyn/protoc-gen-ts/tests/conformance/bin/main.ts:24:44

  protobuf_test_messages.proto3.TestAllTypesProto3 1
  Error: Assertion failed
    at Object.jspb.asserts.doAssertFailure (https://cdn.skypack.dev/-/google-protobuf@v3.21.2-YDUqZL2TTSsy2lGtfuND/dist=es2019,mode=imports/optimized/google-protobuf.js:778:11)
    at Object.jspb.asserts.assert (https://cdn.skypack.dev/-/google-protobuf@v3.21.2-YDUqZL2TTSsy2lGtfuND/dist=es2019,mode=imports/optimized/google-protobuf.js:783:23)
    at jspb.BinaryReader.readUint32 (https://cdn.skypack.dev/-/google-protobuf@v3.21.2-YDUqZL2TTSsy2lGtfuND/dist=es2019,mode=imports/optimized/google-protobuf.js:4550:18)
    at Function.deserialize (file:///Users/thesayyn/Documents/thesayyn/protoc-gen-ts/target/debug/build/protoc_gen_ts-8cec2bec66276c47/out/test_conformance/test_messages_proto3.ts:381:53)
    at file:///Users/thesayyn/Documents/thesayyn/protoc-gen-ts/tests/conformance/bin/main.ts:23:78

  protobuf_test_messages.proto2.TestAllTypesProto2 1
  Error: Assertion failed
    at Object.jspb.asserts.doAssertFailure (https://cdn.skypack.dev/-/google-protobuf@v3.21.2-YDUqZL2TTSsy2lGtfuND/dist=es2019,mode=imports/optimized/google-protobuf.js:778:11)
    at Object.jspb.asserts.assert (https://cdn.skypack.dev/-/google-protobuf@v3.21.2-YDUqZL2TTSsy2lGtfuND/dist=es2019,mode=imports/optimized/google-protobuf.js:783:23)
    at jspb.BinaryWriter.writeFixed64 (https://cdn.skypack.dev/-/google-protobuf@v3.21.2-YDUqZL2TTSsy2lGtfuND/dist=es2019,mode=imports/optimized/google-protobuf.js:5259:32)
    at protobuf_test_messages_proto2_TestAllTypesProto2.serialize (file:///Users/thesayyn/Documents/thesayyn/protoc-gen-ts/target/debug/build/protoc_gen_ts-8cec2bec66276c47/out/test_conformance/test_messages_proto2.ts:894:16)
    at file:///Users/thesayyn/Documents/thesayyn/protoc-gen-ts/tests/conformance/bin/main.ts:31:44

  protobuf_test_messages.proto2.TestAllTypesProto2 1
  Error: Assertion failed
    at Object.jspb.asserts.doAssertFailure (https://cdn.skypack.dev/-/google-protobuf@v3.21.2-YDUqZL2TTSsy2lGtfuND/dist=es2019,mode=imports/optimized/google-protobuf.js:778:11)
    at Object.jspb.asserts.assert (https://cdn.skypack.dev/-/google-protobuf@v3.21.2-YDUqZL2TTSsy2lGtfuND/dist=es2019,mode=imports/optimized/google-protobuf.js:783:23)
    at jspb.BinaryWriter.writeFixed64 (https://cdn.skypack.dev/-/google-protobuf@v3.21.2-YDUqZL2TTSsy2lGtfuND/dist=es2019,mode=imports/optimized/google-protobuf.js:5259:32)
    at protobuf_test_messages_proto2_TestAllTypesProto2.serialize (file:///Users/thesayyn/Documents/thesayyn/protoc-gen-ts/target/debug/build/protoc_gen_ts-8cec2bec66276c47/out/test_conformance/test_messages_proto2.ts:894:16)
    at file:///Users/thesayyn/Documents/thesayyn/protoc-gen-ts/tests/conformance/bin/main.ts:31:44

  protobuf_test_messages.proto2.TestAllTypesProto2 1
  Error: Assertion failed
    at Object.jspb.asserts.doAssertFailure (https://cdn.skypack.dev/-/google-protobuf@v3.21.2-YDUqZL2TTSsy2lGtfuND/dist=es2019,mode=imports/optimized/google-protobuf.js:778:11)
    at Object.jspb.asserts.assert (https://cdn.skypack.dev/-/google-protobuf@v3.21.2-YDUqZL2TTSsy2lGtfuND/dist=es2019,mode=imports/optimized/google-protobuf.js:783:23)
    at jspb.BinaryWriter.writeFixed64 (https://cdn.skypack.dev/-/google-protobuf@v3.21.2-YDUqZL2TTSsy2lGtfuND/dist=es2019,mode=imports/optimized/google-protobuf.js:5259:32)
    at protobuf_test_messages_proto2_TestAllTypesProto2.serialize (file:///Users/thesayyn/Documents/thesayyn/protoc-gen-ts/target/debug/build/protoc_gen_ts-8cec2bec66276c47/out/test_conformance/test_messages_proto2.ts:894:16)
    at file:///Users/thesayyn/Documents/thesayyn/protoc-gen-ts/tests/conformance/bin/main.ts:31:44

  protobuf_test_messages.proto2.TestAllTypesProto2 1
  Error: Assertion failed
    at Object.jspb.asserts.doAssertFailure (https://cdn.skypack.dev/-/google-protobuf@v3.21.2-YDUqZL2TTSsy2lGtfuND/dist=es2019,mode=imports/optimized/google-protobuf.js:778:11)
    at Object.jspb.asserts.assert (https://cdn.skypack.dev/-/google-protobuf@v3.21.2-YDUqZL2TTSsy2lGtfuND/dist=es2019,mode=imports/optimized/google-protobuf.js:783:23)
    at jspb.BinaryWriter.writeFixed64 (https://cdn.skypack.dev/-/google-protobuf@v3.21.2-YDUqZL2TTSsy2lGtfuND/dist=es2019,mode=imports/optimized/google-protobuf.js:5259:32)
    at protobuf_test_messages_proto2_TestAllTypesProto2.serialize (file:///Users/thesayyn/Documents/thesayyn/protoc-gen-ts/target/debug/build/protoc_gen_ts-8cec2bec66276c47/out/test_conformance/test_messages_proto2.ts:969:69)
    at file:///Users/thesayyn/Documents/thesayyn/protoc-gen-ts/tests/conformance/bin/main.ts:31:44

  protobuf_test_messages.proto2.TestAllTypesProto2 1
  Error: Assertion failed
    at Object.jspb.asserts.doAssertFailure (https://cdn.skypack.dev/-/google-protobuf@v3.21.2-YDUqZL2TTSsy2lGtfuND/dist=es2019,mode=imports/optimized/google-protobuf.js:778:11)
    at Object.jspb.asserts.assert (https://cdn.skypack.dev/-/google-protobuf@v3.21.2-YDUqZL2TTSsy2lGtfuND/dist=es2019,mode=imports/optimized/google-protobuf.js:783:23)
    at jspb.BinaryReader.readFixed64 (https://cdn.skypack.dev/-/google-protobuf@v3.21.2-YDUqZL2TTSsy2lGtfuND/dist=es2019,mode=imports/optimized/google-protobuf.js:4587:18)
    at Function.deserialize (file:///Users/thesayyn/Documents/thesayyn/protoc-gen-ts/target/debug/build/protoc_gen_ts-8cec2bec66276c47/out/test_conformance/test_messages_proto2.ts:235:54)
    at file:///Users/thesayyn/Documents/thesayyn/protoc-gen-ts/tests/conformance/bin/main.ts:30:78

  protobuf_test_messages.proto2.TestAllTypesProto2 1
  Error: Assertion failed
    at Object.jspb.asserts.doAssertFailure (https://cdn.skypack.dev/-/google-protobuf@v3.21.2-YDUqZL2TTSsy2lGtfuND/dist=es2019,mode=imports/optimized/google-protobuf.js:778:11)
    at Object.jspb.asserts.assert (https://cdn.skypack.dev/-/google-protobuf@v3.21.2-YDUqZL2TTSsy2lGtfuND/dist=es2019,mode=imports/optimized/google-protobuf.js:783:23)
    at jspb.BinaryWriter.writeFixed64 (https://cdn.skypack.dev/-/google-protobuf@v3.21.2-YDUqZL2TTSsy2lGtfuND/dist=es2019,mode=imports/optimized/google-protobuf.js:5259:32)
    at protobuf_test_messages_proto2_TestAllTypesProto2.serialize (file:///Users/thesayyn/Documents/thesayyn/protoc-gen-ts/target/debug/build/protoc_gen_ts-8cec2bec66276c47/out/test_conformance/test_messages_proto2.ts:969:69)
    at file:///Users/thesayyn/Documents/thesayyn/protoc-gen-ts/tests/conformance/bin/main.ts:31:44

  protobuf_test_messages.proto2.TestAllTypesProto2 1
  Error: Assertion failed
    at Object.jspb.asserts.doAssertFailure (https://cdn.skypack.dev/-/google-protobuf@v3.21.2-YDUqZL2TTSsy2lGtfuND/dist=es2019,mode=imports/optimized/google-protobuf.js:778:11)
    at Object.jspb.asserts.assert (https://cdn.skypack.dev/-/google-protobuf@v3.21.2-YDUqZL2TTSsy2lGtfuND/dist=es2019,mode=imports/optimized/google-protobuf.js:783:23)
    at jspb.BinaryReader.readFixed64 (https://cdn.skypack.dev/-/google-protobuf@v3.21.2-YDUqZL2TTSsy2lGtfuND/dist=es2019,mode=imports/optimized/google-protobuf.js:4587:18)
    at Function.deserialize (file:///Users/thesayyn/Documents/thesayyn/protoc-gen-ts/target/debug/build/protoc_gen_ts-8cec2bec66276c47/out/test_conformance/test_messages_proto2.ts:235:54)
    at file:///Users/thesayyn/Documents/thesayyn/protoc-gen-ts/tests/conformance/bin/main.ts:30:78

  protobuf_test_messages.proto2.TestAllTypesProto2 1
  Error: Assertion failed
    at Object.jspb.asserts.doAssertFailure (https://cdn.skypack.dev/-/google-protobuf@v3.21.2-YDUqZL2TTSsy2lGtfuND/dist=es2019,mode=imports/optimized/google-protobuf.js:778:11)
    at Object.jspb.asserts.assert (https://cdn.skypack.dev/-/google-protobuf@v3.21.2-YDUqZL2TTSsy2lGtfuND/dist=es2019,mode=imports/optimized/google-protobuf.js:783:23)
    at jspb.BinaryEncoder.writeUint64 (https://cdn.skypack.dev/-/google-protobuf@v3.21.2-YDUqZL2TTSsy2lGtfuND/dist=es2019,mode=imports/optimized/google-protobuf.js:4860:18)
    at jspb.BinaryWriter.writePackedFixed64 (https://cdn.skypack.dev/-/google-protobuf@v3.21.2-YDUqZL2TTSsy2lGtfuND/dist=es2019,mode=imports/optimized/google-protobuf.js:5650:23)
    at protobuf_test_messages_proto2_TestAllTypesProto2.serialize (file:///Users/thesayyn/Documents/thesayyn/protoc-gen-ts/target/debug/build/protoc_gen_ts-8cec2bec66276c47/out/test_conformance/test_messages_proto2.ts:1038:16)
    at file:///Users/thesayyn/Documents/thesayyn/protoc-gen-ts/tests/conformance/bin/main.ts:31:44

  protobuf_test_messages.proto2.TestAllTypesProto2 1
  Error: Assertion failed
    at Object.jspb.asserts.doAssertFailure (https://cdn.skypack.dev/-/google-protobuf@v3.21.2-YDUqZL2TTSsy2lGtfuND/dist=es2019,mode=imports/optimized/google-protobuf.js:778:11)
    at Object.jspb.asserts.assert (https://cdn.skypack.dev/-/google-protobuf@v3.21.2-YDUqZL2TTSsy2lGtfuND/dist=es2019,mode=imports/optimized/google-protobuf.js:783:23)
    at jspb.BinaryEncoder.writeUint64 (https://cdn.skypack.dev/-/google-protobuf@v3.21.2-YDUqZL2TTSsy2lGtfuND/dist=es2019,mode=imports/optimized/google-protobuf.js:4860:18)
    at jspb.BinaryWriter.writePackedFixed64 (https://cdn.skypack.dev/-/google-protobuf@v3.21.2-YDUqZL2TTSsy2lGtfuND/dist=es2019,mode=imports/optimized/google-protobuf.js:5650:23)
    at protobuf_test_messages_proto2_TestAllTypesProto2.serialize (file:///Users/thesayyn/Documents/thesayyn/protoc-gen-ts/target/debug/build/protoc_gen_ts-8cec2bec66276c47/out/test_conformance/test_messages_proto2.ts:1038:16)
    at file:///Users/thesayyn/Documents/thesayyn/protoc-gen-ts/tests/conformance/bin/main.ts:31:44

  protobuf_test_messages.proto2.TestAllTypesProto2 1
  Error: Assertion failed
    at Object.jspb.asserts.doAssertFailure (https://cdn.skypack.dev/-/google-protobuf@v3.21.2-YDUqZL2TTSsy2lGtfuND/dist=es2019,mode=imports/optimized/google-protobuf.js:778:11)
    at Object.jspb.asserts.assert (https://cdn.skypack.dev/-/google-protobuf@v3.21.2-YDUqZL2TTSsy2lGtfuND/dist=es2019,mode=imports/optimized/google-protobuf.js:783:23)
    at jspb.BinaryWriter.writeFixed64 (https://cdn.skypack.dev/-/google-protobuf@v3.21.2-YDUqZL2TTSsy2lGtfuND/dist=es2019,mode=imports/optimized/google-protobuf.js:5259:32)
    at protobuf_test_messages_proto2_TestAllTypesProto2.serialize (file:///Users/thesayyn/Documents/thesayyn/protoc-gen-ts/target/debug/build/protoc_gen_ts-8cec2bec66276c47/out/test_conformance/test_messages_proto2.ts:969:69)
    at file:///Users/thesayyn/Documents/thesayyn/protoc-gen-ts/tests/conformance/bin/main.ts:31:44

  protobuf_test_messages.proto2.TestAllTypesProto2 1
  Error: Assertion failed
    at Object.jspb.asserts.doAssertFailure (https://cdn.skypack.dev/-/google-protobuf@v3.21.2-YDUqZL2TTSsy2lGtfuND/dist=es2019,mode=imports/optimized/google-protobuf.js:778:11)
    at Object.jspb.asserts.assert (https://cdn.skypack.dev/-/google-protobuf@v3.21.2-YDUqZL2TTSsy2lGtfuND/dist=es2019,mode=imports/optimized/google-protobuf.js:783:23)
    at jspb.BinaryReader.readFixed64 (https://cdn.skypack.dev/-/google-protobuf@v3.21.2-YDUqZL2TTSsy2lGtfuND/dist=es2019,mode=imports/optimized/google-protobuf.js:4587:18)
    at Function.deserialize (file:///Users/thesayyn/Documents/thesayyn/protoc-gen-ts/target/debug/build/protoc_gen_ts-8cec2bec66276c47/out/test_conformance/test_messages_proto2.ts:235:54)
    at file:///Users/thesayyn/Documents/thesayyn/protoc-gen-ts/tests/conformance/bin/main.ts:30:78

  protobuf_test_messages.proto3.TestAllTypesProto3 1
  Error: Assertion failed
    at Object.jspb.asserts.doAssertFailure (https://cdn.skypack.dev/-/google-protobuf@v3.21.2-YDUqZL2TTSsy2lGtfuND/dist=es2019,mode=imports/optimized/google-protobuf.js:778:11)
    at Object.jspb.asserts.assert (https://cdn.skypack.dev/-/google-protobuf@v3.21.2-YDUqZL2TTSsy2lGtfuND/dist=es2019,mode=imports/optimized/google-protobuf.js:783:23)
    at jspb.BinaryWriter.writeFixed64 (https://cdn.skypack.dev/-/google-protobuf@v3.21.2-YDUqZL2TTSsy2lGtfuND/dist=es2019,mode=imports/optimized/google-protobuf.js:5259:32)
    at protobuf_test_messages_proto3_TestAllTypesProto3.serialize (file:///Users/thesayyn/Documents/thesayyn/protoc-gen-ts/target/debug/build/protoc_gen_ts-8cec2bec66276c47/out/test_conformance/test_messages_proto3.ts:987:16)
    at file:///Users/thesayyn/Documents/thesayyn/protoc-gen-ts/tests/conformance/bin/main.ts:24:44

  protobuf_test_messages.proto3.TestAllTypesProto3 1
  Error: Assertion failed
    at Object.jspb.asserts.doAssertFailure (https://cdn.skypack.dev/-/google-protobuf@v3.21.2-YDUqZL2TTSsy2lGtfuND/dist=es2019,mode=imports/optimized/google-protobuf.js:778:11)
    at Object.jspb.asserts.assert (https://cdn.skypack.dev/-/google-protobuf@v3.21.2-YDUqZL2TTSsy2lGtfuND/dist=es2019,mode=imports/optimized/google-protobuf.js:783:23)
    at jspb.BinaryWriter.writeFixed64 (https://cdn.skypack.dev/-/google-protobuf@v3.21.2-YDUqZL2TTSsy2lGtfuND/dist=es2019,mode=imports/optimized/google-protobuf.js:5259:32)
    at protobuf_test_messages_proto3_TestAllTypesProto3.serialize (file:///Users/thesayyn/Documents/thesayyn/protoc-gen-ts/target/debug/build/protoc_gen_ts-8cec2bec66276c47/out/test_conformance/test_messages_proto3.ts:987:16)
    at file:///Users/thesayyn/Documents/thesayyn/protoc-gen-ts/tests/conformance/bin/main.ts:24:44

  protobuf_test_messages.proto3.TestAllTypesProto3 1
  Error: Assertion failed
    at Object.jspb.asserts.doAssertFailure (https://cdn.skypack.dev/-/google-protobuf@v3.21.2-YDUqZL2TTSsy2lGtfuND/dist=es2019,mode=imports/optimized/google-protobuf.js:778:11)
    at Object.jspb.asserts.assert (https://cdn.skypack.dev/-/google-protobuf@v3.21.2-YDUqZL2TTSsy2lGtfuND/dist=es2019,mode=imports/optimized/google-protobuf.js:783:23)
    at jspb.BinaryWriter.writeFixed64 (https://cdn.skypack.dev/-/google-protobuf@v3.21.2-YDUqZL2TTSsy2lGtfuND/dist=es2019,mode=imports/optimized/google-protobuf.js:5259:32)
    at protobuf_test_messages_proto3_TestAllTypesProto3.serialize (file:///Users/thesayyn/Documents/thesayyn/protoc-gen-ts/target/debug/build/protoc_gen_ts-8cec2bec66276c47/out/test_conformance/test_messages_proto3.ts:987:16)
    at file:///Users/thesayyn/Documents/thesayyn/protoc-gen-ts/tests/conformance/bin/main.ts:24:44

  protobuf_test_messages.proto3.TestAllTypesProto3 1
  Error: Assertion failed
    at Object.jspb.asserts.doAssertFailure (https://cdn.skypack.dev/-/google-protobuf@v3.21.2-YDUqZL2TTSsy2lGtfuND/dist=es2019,mode=imports/optimized/google-protobuf.js:778:11)
    at Object.jspb.asserts.assert (https://cdn.skypack.dev/-/google-protobuf@v3.21.2-YDUqZL2TTSsy2lGtfuND/dist=es2019,mode=imports/optimized/google-protobuf.js:783:23)
    at jspb.BinaryEncoder.writeUint64 (https://cdn.skypack.dev/-/google-protobuf@v3.21.2-YDUqZL2TTSsy2lGtfuND/dist=es2019,mode=imports/optimized/google-protobuf.js:4860:18)
    at jspb.BinaryWriter.writePackedFixed64 (https://cdn.skypack.dev/-/google-protobuf@v3.21.2-YDUqZL2TTSsy2lGtfuND/dist=es2019,mode=imports/optimized/google-protobuf.js:5650:23)
    at protobuf_test_messages_proto3_TestAllTypesProto3.serialize (file:///Users/thesayyn/Documents/thesayyn/protoc-gen-ts/target/debug/build/protoc_gen_ts-8cec2bec66276c47/out/test_conformance/test_messages_proto3.ts:1065:16)
    at file:///Users/thesayyn/Documents/thesayyn/protoc-gen-ts/tests/conformance/bin/main.ts:24:44

  protobuf_test_messages.proto3.TestAllTypesProto3 1
  Error: Assertion failed
    at Object.jspb.asserts.doAssertFailure (https://cdn.skypack.dev/-/google-protobuf@v3.21.2-YDUqZL2TTSsy2lGtfuND/dist=es2019,mode=imports/optimized/google-protobuf.js:778:11)
    at Object.jspb.asserts.assert (https://cdn.skypack.dev/-/google-protobuf@v3.21.2-YDUqZL2TTSsy2lGtfuND/dist=es2019,mode=imports/optimized/google-protobuf.js:783:23)
    at jspb.BinaryEncoder.writeUint64 (https://cdn.skypack.dev/-/google-protobuf@v3.21.2-YDUqZL2TTSsy2lGtfuND/dist=es2019,mode=imports/optimized/google-protobuf.js:4860:18)
    at jspb.BinaryWriter.writePackedFixed64 (https://cdn.skypack.dev/-/google-protobuf@v3.21.2-YDUqZL2TTSsy2lGtfuND/dist=es2019,mode=imports/optimized/google-protobuf.js:5650:23)
    at protobuf_test_messages_proto3_TestAllTypesProto3.serialize (file:///Users/thesayyn/Documents/thesayyn/protoc-gen-ts/target/debug/build/protoc_gen_ts-8cec2bec66276c47/out/test_conformance/test_messages_proto3.ts:1065:16)
    at file:///Users/thesayyn/Documents/thesayyn/protoc-gen-ts/tests/conformance/bin/main.ts:24:44

  protobuf_test_messages.proto3.TestAllTypesProto3 1
  Error: Assertion failed
    at Object.jspb.asserts.doAssertFailure (https://cdn.skypack.dev/-/google-protobuf@v3.21.2-YDUqZL2TTSsy2lGtfuND/dist=es2019,mode=imports/optimized/google-protobuf.js:778:11)
    at Object.jspb.asserts.assert (https://cdn.skypack.dev/-/google-protobuf@v3.21.2-YDUqZL2TTSsy2lGtfuND/dist=es2019,mode=imports/optimized/google-protobuf.js:783:23)
    at jspb.BinaryEncoder.writeUint64 (https://cdn.skypack.dev/-/google-protobuf@v3.21.2-YDUqZL2TTSsy2lGtfuND/dist=es2019,mode=imports/optimized/google-protobuf.js:4860:18)
    at jspb.BinaryWriter.writePackedFixed64 (https://cdn.skypack.dev/-/google-protobuf@v3.21.2-YDUqZL2TTSsy2lGtfuND/dist=es2019,mode=imports/optimized/google-protobuf.js:5650:23)
    at protobuf_test_messages_proto3_TestAllTypesProto3.serialize (file:///Users/thesayyn/Documents/thesayyn/protoc-gen-ts/target/debug/build/protoc_gen_ts-8cec2bec66276c47/out/test_conformance/test_messages_proto3.ts:1065:16)
    at file:///Users/thesayyn/Documents/thesayyn/protoc-gen-ts/tests/conformance/bin/main.ts:24:44

  protobuf_test_messages.proto3.TestAllTypesProto3 1
  Error: Assertion failed
    at Object.jspb.asserts.doAssertFailure (https://cdn.skypack.dev/-/google-protobuf@v3.21.2-YDUqZL2TTSsy2lGtfuND/dist=es2019,mode=imports/optimized/google-protobuf.js:778:11)
    at Object.jspb.asserts.assert (https://cdn.skypack.dev/-/google-protobuf@v3.21.2-YDUqZL2TTSsy2lGtfuND/dist=es2019,mode=imports/optimized/google-protobuf.js:783:23)
    at jspb.BinaryEncoder.writeUint64 (https://cdn.skypack.dev/-/google-protobuf@v3.21.2-YDUqZL2TTSsy2lGtfuND/dist=es2019,mode=imports/optimized/google-protobuf.js:4860:18)
    at jspb.BinaryWriter.writePackedFixed64 (https://cdn.skypack.dev/-/google-protobuf@v3.21.2-YDUqZL2TTSsy2lGtfuND/dist=es2019,mode=imports/optimized/google-protobuf.js:5650:23)
    at protobuf_test_messages_proto3_TestAllTypesProto3.serialize (file:///Users/thesayyn/Documents/thesayyn/protoc-gen-ts/target/debug/build/protoc_gen_ts-8cec2bec66276c47/out/test_conformance/test_messages_proto3.ts:1065:16)
    at file:///Users/thesayyn/Documents/thesayyn/protoc-gen-ts/tests/conformance/bin/main.ts:24:44

  protobuf_test_messages.proto3.TestAllTypesProto3 1
  Error: Assertion failed
    at Object.jspb.asserts.doAssertFailure (https://cdn.skypack.dev/-/google-protobuf@v3.21.2-YDUqZL2TTSsy2lGtfuND/dist=es2019,mode=imports/optimized/google-protobuf.js:778:11)
    at Object.jspb.asserts.assert (https://cdn.skypack.dev/-/google-protobuf@v3.21.2-YDUqZL2TTSsy2lGtfuND/dist=es2019,mode=imports/optimized/google-protobuf.js:783:23)
    at jspb.BinaryEncoder.writeUint64 (https://cdn.skypack.dev/-/google-protobuf@v3.21.2-YDUqZL2TTSsy2lGtfuND/dist=es2019,mode=imports/optimized/google-protobuf.js:4860:18)
    at jspb.BinaryWriter.writePackedFixed64 (https://cdn.skypack.dev/-/google-protobuf@v3.21.2-YDUqZL2TTSsy2lGtfuND/dist=es2019,mode=imports/optimized/google-protobuf.js:5650:23)
    at protobuf_test_messages_proto3_TestAllTypesProto3.serialize (file:///Users/thesayyn/Documents/thesayyn/protoc-gen-ts/target/debug/build/protoc_gen_ts-8cec2bec66276c47/out/test_conformance/test_messages_proto3.ts:1065:16)
    at file:///Users/thesayyn/Documents/thesayyn/protoc-gen-ts/tests/conformance/bin/main.ts:24:44

  protobuf_test_messages.proto3.TestAllTypesProto3 1
  Error: Assertion failed
    at Object.jspb.asserts.doAssertFailure (https://cdn.skypack.dev/-/google-protobuf@v3.21.2-YDUqZL2TTSsy2lGtfuND/dist=es2019,mode=imports/optimized/google-protobuf.js:778:11)
    at Object.jspb.asserts.assert (https://cdn.skypack.dev/-/google-protobuf@v3.21.2-YDUqZL2TTSsy2lGtfuND/dist=es2019,mode=imports/optimized/google-protobuf.js:783:23)
    at jspb.BinaryEncoder.writeUint64 (https://cdn.skypack.dev/-/google-protobuf@v3.21.2-YDUqZL2TTSsy2lGtfuND/dist=es2019,mode=imports/optimized/google-protobuf.js:4860:18)
    at jspb.BinaryWriter.writePackedFixed64 (https://cdn.skypack.dev/-/google-protobuf@v3.21.2-YDUqZL2TTSsy2lGtfuND/dist=es2019,mode=imports/optimized/google-protobuf.js:5650:23)
    at protobuf_test_messages_proto3_TestAllTypesProto3.serialize (file:///Users/thesayyn/Documents/thesayyn/protoc-gen-ts/target/debug/build/protoc_gen_ts-8cec2bec66276c47/out/test_conformance/test_messages_proto3.ts:1065:16)
    at file:///Users/thesayyn/Documents/thesayyn/protoc-gen-ts/tests/conformance/bin/main.ts:24:44

  protobuf_test_messages.proto3.TestAllTypesProto3 1
  Error: Assertion failed
    at Object.jspb.asserts.doAssertFailure (https://cdn.skypack.dev/-/google-protobuf@v3.21.2-YDUqZL2TTSsy2lGtfuND/dist=es2019,mode=imports/optimized/google-protobuf.js:778:11)
    at Object.jspb.asserts.assert (https://cdn.skypack.dev/-/google-protobuf@v3.21.2-YDUqZL2TTSsy2lGtfuND/dist=es2019,mode=imports/optimized/google-protobuf.js:783:23)
    at jspb.BinaryWriter.writeFixed64 (https://cdn.skypack.dev/-/google-protobuf@v3.21.2-YDUqZL2TTSsy2lGtfuND/dist=es2019,mode=imports/optimized/google-protobuf.js:5259:32)
    at protobuf_test_messages_proto3_TestAllTypesProto3.serialize (file:///Users/thesayyn/Documents/thesayyn/protoc-gen-ts/target/debug/build/protoc_gen_ts-8cec2bec66276c47/out/test_conformance/test_messages_proto3.ts:1176:69)
    at file:///Users/thesayyn/Documents/thesayyn/protoc-gen-ts/tests/conformance/bin/main.ts:24:44

  protobuf_test_messages.proto3.TestAllTypesProto3 1
  Error: Assertion failed
    at Object.jspb.asserts.doAssertFailure (https://cdn.skypack.dev/-/google-protobuf@v3.21.2-YDUqZL2TTSsy2lGtfuND/dist=es2019,mode=imports/optimized/google-protobuf.js:778:11)
    at Object.jspb.asserts.assert (https://cdn.skypack.dev/-/google-protobuf@v3.21.2-YDUqZL2TTSsy2lGtfuND/dist=es2019,mode=imports/optimized/google-protobuf.js:783:23)
    at jspb.BinaryReader.readFixed64 (https://cdn.skypack.dev/-/google-protobuf@v3.21.2-YDUqZL2TTSsy2lGtfuND/dist=es2019,mode=imports/optimized/google-protobuf.js:4587:18)
    at Function.deserialize (file:///Users/thesayyn/Documents/thesayyn/protoc-gen-ts/target/debug/build/protoc_gen_ts-8cec2bec66276c47/out/test_conformance/test_messages_proto3.ts:396:54)
    at file:///Users/thesayyn/Documents/thesayyn/protoc-gen-ts/tests/conformance/bin/main.ts:23:78

  protobuf_test_messages.proto2.TestAllTypesProto2 1
  Error: Assertion failed
    at Object.jspb.asserts.doAssertFailure (https://cdn.skypack.dev/-/google-protobuf@v3.21.2-YDUqZL2TTSsy2lGtfuND/dist=es2019,mode=imports/optimized/google-protobuf.js:778:11)
    at Object.jspb.asserts.assert (https://cdn.skypack.dev/-/google-protobuf@v3.21.2-YDUqZL2TTSsy2lGtfuND/dist=es2019,mode=imports/optimized/google-protobuf.js:783:23)
    at jspb.BinaryReader.readFixed32 (https://cdn.skypack.dev/-/google-protobuf@v3.21.2-YDUqZL2TTSsy2lGtfuND/dist=es2019,mode=imports/optimized/google-protobuf.js:4582:18)
    at Function.deserialize (file:///Users/thesayyn/Documents/thesayyn/protoc-gen-ts/target/debug/build/protoc_gen_ts-8cec2bec66276c47/out/test_conformance/test_messages_proto2.ts:232:54)
    at file:///Users/thesayyn/Documents/thesayyn/protoc-gen-ts/tests/conformance/bin/main.ts:30:78

  protobuf_test_messages.proto2.TestAllTypesProto2 1
  Error: Assertion failed
    at Object.jspb.asserts.doAssertFailure (https://cdn.skypack.dev/-/google-protobuf@v3.21.2-YDUqZL2TTSsy2lGtfuND/dist=es2019,mode=imports/optimized/google-protobuf.js:778:11)
    at Object.jspb.asserts.assert (https://cdn.skypack.dev/-/google-protobuf@v3.21.2-YDUqZL2TTSsy2lGtfuND/dist=es2019,mode=imports/optimized/google-protobuf.js:783:23)
    at jspb.BinaryReader.readFixed32 (https://cdn.skypack.dev/-/google-protobuf@v3.21.2-YDUqZL2TTSsy2lGtfuND/dist=es2019,mode=imports/optimized/google-protobuf.js:4582:18)
    at Function.deserialize (file:///Users/thesayyn/Documents/thesayyn/protoc-gen-ts/target/debug/build/protoc_gen_ts-8cec2bec66276c47/out/test_conformance/test_messages_proto2.ts:232:54)
    at file:///Users/thesayyn/Documents/thesayyn/protoc-gen-ts/tests/conformance/bin/main.ts:30:78

  protobuf_test_messages.proto2.TestAllTypesProto2 1
  Error: Assertion failed
    at Object.jspb.asserts.doAssertFailure (https://cdn.skypack.dev/-/google-protobuf@v3.21.2-YDUqZL2TTSsy2lGtfuND/dist=es2019,mode=imports/optimized/google-protobuf.js:778:11)
    at Object.jspb.asserts.assert (https://cdn.skypack.dev/-/google-protobuf@v3.21.2-YDUqZL2TTSsy2lGtfuND/dist=es2019,mode=imports/optimized/google-protobuf.js:783:23)
    at jspb.BinaryReader.readFixed32 (https://cdn.skypack.dev/-/google-protobuf@v3.21.2-YDUqZL2TTSsy2lGtfuND/dist=es2019,mode=imports/optimized/google-protobuf.js:4582:18)
    at Function.deserialize (file:///Users/thesayyn/Documents/thesayyn/protoc-gen-ts/target/debug/build/protoc_gen_ts-8cec2bec66276c47/out/test_conformance/test_messages_proto2.ts:232:54)
    at file:///Users/thesayyn/Documents/thesayyn/protoc-gen-ts/tests/conformance/bin/main.ts:30:78

  protobuf_test_messages.proto3.TestAllTypesProto3 1
  Error: Assertion failed
    at Object.jspb.asserts.doAssertFailure (https://cdn.skypack.dev/-/google-protobuf@v3.21.2-YDUqZL2TTSsy2lGtfuND/dist=es2019,mode=imports/optimized/google-protobuf.js:778:11)
    at Object.jspb.asserts.assert (https://cdn.skypack.dev/-/google-protobuf@v3.21.2-YDUqZL2TTSsy2lGtfuND/dist=es2019,mode=imports/optimized/google-protobuf.js:783:23)
    at jspb.BinaryReader.readFixed32 (https://cdn.skypack.dev/-/google-protobuf@v3.21.2-YDUqZL2TTSsy2lGtfuND/dist=es2019,mode=imports/optimized/google-protobuf.js:4582:18)
    at Function.deserialize (file:///Users/thesayyn/Documents/thesayyn/protoc-gen-ts/target/debug/build/protoc_gen_ts-8cec2bec66276c47/out/test_conformance/test_messages_proto3.ts:393:54)
    at file:///Users/thesayyn/Documents/thesayyn/protoc-gen-ts/tests/conformance/bin/main.ts:23:78

  protobuf_test_messages.proto2.TestAllTypesProto2 1
  Error: Assertion failed
    at Object.jspb.asserts.doAssertFailure (https://cdn.skypack.dev/-/google-protobuf@v3.21.2-YDUqZL2TTSsy2lGtfuND/dist=es2019,mode=imports/optimized/google-protobuf.js:778:11)
    at Object.jspb.asserts.assert (https://cdn.skypack.dev/-/google-protobuf@v3.21.2-YDUqZL2TTSsy2lGtfuND/dist=es2019,mode=imports/optimized/google-protobuf.js:783:23)
    at jspb.BinaryWriter.writeSfixed64 (https://cdn.skypack.dev/-/google-protobuf@v3.21.2-YDUqZL2TTSsy2lGtfuND/dist=es2019,mode=imports/optimized/google-protobuf.js:5270:32)
    at protobuf_test_messages_proto2_TestAllTypesProto2.serialize (file:///Users/thesayyn/Documents/thesayyn/protoc-gen-ts/target/debug/build/protoc_gen_ts-8cec2bec66276c47/out/test_conformance/test_messages_proto2.ts:900:16)
    at file:///Users/thesayyn/Documents/thesayyn/protoc-gen-ts/tests/conformance/bin/main.ts:31:44

  protobuf_test_messages.proto2.TestAllTypesProto2 1
  Error: Assertion failed
    at Object.jspb.asserts.doAssertFailure (https://cdn.skypack.dev/-/google-protobuf@v3.21.2-YDUqZL2TTSsy2lGtfuND/dist=es2019,mode=imports/optimized/google-protobuf.js:778:11)
    at Object.jspb.asserts.assert (https://cdn.skypack.dev/-/google-protobuf@v3.21.2-YDUqZL2TTSsy2lGtfuND/dist=es2019,mode=imports/optimized/google-protobuf.js:783:23)
    at jspb.BinaryWriter.writeSfixed64 (https://cdn.skypack.dev/-/google-protobuf@v3.21.2-YDUqZL2TTSsy2lGtfuND/dist=es2019,mode=imports/optimized/google-protobuf.js:5270:32)
    at protobuf_test_messages_proto2_TestAllTypesProto2.serialize (file:///Users/thesayyn/Documents/thesayyn/protoc-gen-ts/target/debug/build/protoc_gen_ts-8cec2bec66276c47/out/test_conformance/test_messages_proto2.ts:900:16)
    at file:///Users/thesayyn/Documents/thesayyn/protoc-gen-ts/tests/conformance/bin/main.ts:31:44

  protobuf_test_messages.proto2.TestAllTypesProto2 1
  Error: Assertion failed
    at Object.jspb.asserts.doAssertFailure (https://cdn.skypack.dev/-/google-protobuf@v3.21.2-YDUqZL2TTSsy2lGtfuND/dist=es2019,mode=imports/optimized/google-protobuf.js:778:11)
    at Object.jspb.asserts.assert (https://cdn.skypack.dev/-/google-protobuf@v3.21.2-YDUqZL2TTSsy2lGtfuND/dist=es2019,mode=imports/optimized/google-protobuf.js:783:23)
    at jspb.BinaryWriter.writeSfixed64 (https://cdn.skypack.dev/-/google-protobuf@v3.21.2-YDUqZL2TTSsy2lGtfuND/dist=es2019,mode=imports/optimized/google-protobuf.js:5270:32)
    at protobuf_test_messages_proto2_TestAllTypesProto2.serialize (file:///Users/thesayyn/Documents/thesayyn/protoc-gen-ts/target/debug/build/protoc_gen_ts-8cec2bec66276c47/out/test_conformance/test_messages_proto2.ts:975:71)
    at file:///Users/thesayyn/Documents/thesayyn/protoc-gen-ts/tests/conformance/bin/main.ts:31:44

  protobuf_test_messages.proto2.TestAllTypesProto2 1
  Error: Assertion failed
    at Object.jspb.asserts.doAssertFailure (https://cdn.skypack.dev/-/google-protobuf@v3.21.2-YDUqZL2TTSsy2lGtfuND/dist=es2019,mode=imports/optimized/google-protobuf.js:778:11)
    at Object.jspb.asserts.assert (https://cdn.skypack.dev/-/google-protobuf@v3.21.2-YDUqZL2TTSsy2lGtfuND/dist=es2019,mode=imports/optimized/google-protobuf.js:783:23)
    at jspb.BinaryReader.readSfixed64 (https://cdn.skypack.dev/-/google-protobuf@v3.21.2-YDUqZL2TTSsy2lGtfuND/dist=es2019,mode=imports/optimized/google-protobuf.js:4605:18)
    at Function.deserialize (file:///Users/thesayyn/Documents/thesayyn/protoc-gen-ts/target/debug/build/protoc_gen_ts-8cec2bec66276c47/out/test_conformance/test_messages_proto2.ts:241:55)
    at file:///Users/thesayyn/Documents/thesayyn/protoc-gen-ts/tests/conformance/bin/main.ts:30:78

  protobuf_test_messages.proto2.TestAllTypesProto2 1
  Error: Assertion failed
    at Object.jspb.asserts.doAssertFailure (https://cdn.skypack.dev/-/google-protobuf@v3.21.2-YDUqZL2TTSsy2lGtfuND/dist=es2019,mode=imports/optimized/google-protobuf.js:778:11)
    at Object.jspb.asserts.assert (https://cdn.skypack.dev/-/google-protobuf@v3.21.2-YDUqZL2TTSsy2lGtfuND/dist=es2019,mode=imports/optimized/google-protobuf.js:783:23)
    at jspb.BinaryWriter.writeSfixed64 (https://cdn.skypack.dev/-/google-protobuf@v3.21.2-YDUqZL2TTSsy2lGtfuND/dist=es2019,mode=imports/optimized/google-protobuf.js:5270:32)
    at protobuf_test_messages_proto2_TestAllTypesProto2.serialize (file:///Users/thesayyn/Documents/thesayyn/protoc-gen-ts/target/debug/build/protoc_gen_ts-8cec2bec66276c47/out/test_conformance/test_messages_proto2.ts:975:71)
    at file:///Users/thesayyn/Documents/thesayyn/protoc-gen-ts/tests/conformance/bin/main.ts:31:44

  protobuf_test_messages.proto2.TestAllTypesProto2 1
  Error: Assertion failed
    at Object.jspb.asserts.doAssertFailure (https://cdn.skypack.dev/-/google-protobuf@v3.21.2-YDUqZL2TTSsy2lGtfuND/dist=es2019,mode=imports/optimized/google-protobuf.js:778:11)
    at Object.jspb.asserts.assert (https://cdn.skypack.dev/-/google-protobuf@v3.21.2-YDUqZL2TTSsy2lGtfuND/dist=es2019,mode=imports/optimized/google-protobuf.js:783:23)
    at jspb.BinaryReader.readSfixed64 (https://cdn.skypack.dev/-/google-protobuf@v3.21.2-YDUqZL2TTSsy2lGtfuND/dist=es2019,mode=imports/optimized/google-protobuf.js:4605:18)
    at Function.deserialize (file:///Users/thesayyn/Documents/thesayyn/protoc-gen-ts/target/debug/build/protoc_gen_ts-8cec2bec66276c47/out/test_conformance/test_messages_proto2.ts:241:55)
    at file:///Users/thesayyn/Documents/thesayyn/protoc-gen-ts/tests/conformance/bin/main.ts:30:78

  protobuf_test_messages.proto2.TestAllTypesProto2 1
  Error: Assertion failed
    at Object.jspb.asserts.doAssertFailure (https://cdn.skypack.dev/-/google-protobuf@v3.21.2-YDUqZL2TTSsy2lGtfuND/dist=es2019,mode=imports/optimized/google-protobuf.js:778:11)
    at Object.jspb.asserts.assert (https://cdn.skypack.dev/-/google-protobuf@v3.21.2-YDUqZL2TTSsy2lGtfuND/dist=es2019,mode=imports/optimized/google-protobuf.js:783:23)
    at jspb.BinaryEncoder.writeInt64 (https://cdn.skypack.dev/-/google-protobuf@v3.21.2-YDUqZL2TTSsy2lGtfuND/dist=es2019,mode=imports/optimized/google-protobuf.js:4886:18)
    at jspb.BinaryWriter.writePackedSfixed64 (https://cdn.skypack.dev/-/google-protobuf@v3.21.2-YDUqZL2TTSsy2lGtfuND/dist=es2019,mode=imports/optimized/google-protobuf.js:5669:23)
    at protobuf_test_messages_proto2_TestAllTypesProto2.serialize (file:///Users/thesayyn/Documents/thesayyn/protoc-gen-ts/target/debug/build/protoc_gen_ts-8cec2bec66276c47/out/test_conformance/test_messages_proto2.ts:1044:16)
    at file:///Users/thesayyn/Documents/thesayyn/protoc-gen-ts/tests/conformance/bin/main.ts:31:44

  protobuf_test_messages.proto2.TestAllTypesProto2 1
  Error: Assertion failed
    at Object.jspb.asserts.doAssertFailure (https://cdn.skypack.dev/-/google-protobuf@v3.21.2-YDUqZL2TTSsy2lGtfuND/dist=es2019,mode=imports/optimized/google-protobuf.js:778:11)
    at Object.jspb.asserts.assert (https://cdn.skypack.dev/-/google-protobuf@v3.21.2-YDUqZL2TTSsy2lGtfuND/dist=es2019,mode=imports/optimized/google-protobuf.js:783:23)
    at jspb.BinaryEncoder.writeInt64 (https://cdn.skypack.dev/-/google-protobuf@v3.21.2-YDUqZL2TTSsy2lGtfuND/dist=es2019,mode=imports/optimized/google-protobuf.js:4886:18)
    at jspb.BinaryWriter.writePackedSfixed64 (https://cdn.skypack.dev/-/google-protobuf@v3.21.2-YDUqZL2TTSsy2lGtfuND/dist=es2019,mode=imports/optimized/google-protobuf.js:5669:23)
    at protobuf_test_messages_proto2_TestAllTypesProto2.serialize (file:///Users/thesayyn/Documents/thesayyn/protoc-gen-ts/target/debug/build/protoc_gen_ts-8cec2bec66276c47/out/test_conformance/test_messages_proto2.ts:1044:16)
    at file:///Users/thesayyn/Documents/thesayyn/protoc-gen-ts/tests/conformance/bin/main.ts:31:44

  protobuf_test_messages.proto2.TestAllTypesProto2 1
  Error: Assertion failed
    at Object.jspb.asserts.doAssertFailure (https://cdn.skypack.dev/-/google-protobuf@v3.21.2-YDUqZL2TTSsy2lGtfuND/dist=es2019,mode=imports/optimized/google-protobuf.js:778:11)
    at Object.jspb.asserts.assert (https://cdn.skypack.dev/-/google-protobuf@v3.21.2-YDUqZL2TTSsy2lGtfuND/dist=es2019,mode=imports/optimized/google-protobuf.js:783:23)
    at jspb.BinaryWriter.writeSfixed64 (https://cdn.skypack.dev/-/google-protobuf@v3.21.2-YDUqZL2TTSsy2lGtfuND/dist=es2019,mode=imports/optimized/google-protobuf.js:5270:32)
    at protobuf_test_messages_proto2_TestAllTypesProto2.serialize (file:///Users/thesayyn/Documents/thesayyn/protoc-gen-ts/target/debug/build/protoc_gen_ts-8cec2bec66276c47/out/test_conformance/test_messages_proto2.ts:975:71)
    at file:///Users/thesayyn/Documents/thesayyn/protoc-gen-ts/tests/conformance/bin/main.ts:31:44

  protobuf_test_messages.proto2.TestAllTypesProto2 1
  Error: Assertion failed
    at Object.jspb.asserts.doAssertFailure (https://cdn.skypack.dev/-/google-protobuf@v3.21.2-YDUqZL2TTSsy2lGtfuND/dist=es2019,mode=imports/optimized/google-protobuf.js:778:11)
    at Object.jspb.asserts.assert (https://cdn.skypack.dev/-/google-protobuf@v3.21.2-YDUqZL2TTSsy2lGtfuND/dist=es2019,mode=imports/optimized/google-protobuf.js:783:23)
    at jspb.BinaryReader.readSfixed64 (https://cdn.skypack.dev/-/google-protobuf@v3.21.2-YDUqZL2TTSsy2lGtfuND/dist=es2019,mode=imports/optimized/google-protobuf.js:4605:18)
    at Function.deserialize (file:///Users/thesayyn/Documents/thesayyn/protoc-gen-ts/target/debug/build/protoc_gen_ts-8cec2bec66276c47/out/test_conformance/test_messages_proto2.ts:241:55)
    at file:///Users/thesayyn/Documents/thesayyn/protoc-gen-ts/tests/conformance/bin/main.ts:30:78

  protobuf_test_messages.proto3.TestAllTypesProto3 1
  Error: Assertion failed
    at Object.jspb.asserts.doAssertFailure (https://cdn.skypack.dev/-/google-protobuf@v3.21.2-YDUqZL2TTSsy2lGtfuND/dist=es2019,mode=imports/optimized/google-protobuf.js:778:11)
    at Object.jspb.asserts.assert (https://cdn.skypack.dev/-/google-protobuf@v3.21.2-YDUqZL2TTSsy2lGtfuND/dist=es2019,mode=imports/optimized/google-protobuf.js:783:23)
    at jspb.BinaryWriter.writeSfixed64 (https://cdn.skypack.dev/-/google-protobuf@v3.21.2-YDUqZL2TTSsy2lGtfuND/dist=es2019,mode=imports/optimized/google-protobuf.js:5270:32)
    at protobuf_test_messages_proto3_TestAllTypesProto3.serialize (file:///Users/thesayyn/Documents/thesayyn/protoc-gen-ts/target/debug/build/protoc_gen_ts-8cec2bec66276c47/out/test_conformance/test_messages_proto3.ts:993:16)
    at file:///Users/thesayyn/Documents/thesayyn/protoc-gen-ts/tests/conformance/bin/main.ts:24:44

  protobuf_test_messages.proto3.TestAllTypesProto3 1
  Error: Assertion failed
    at Object.jspb.asserts.doAssertFailure (https://cdn.skypack.dev/-/google-protobuf@v3.21.2-YDUqZL2TTSsy2lGtfuND/dist=es2019,mode=imports/optimized/google-protobuf.js:778:11)
    at Object.jspb.asserts.assert (https://cdn.skypack.dev/-/google-protobuf@v3.21.2-YDUqZL2TTSsy2lGtfuND/dist=es2019,mode=imports/optimized/google-protobuf.js:783:23)
    at jspb.BinaryWriter.writeSfixed64 (https://cdn.skypack.dev/-/google-protobuf@v3.21.2-YDUqZL2TTSsy2lGtfuND/dist=es2019,mode=imports/optimized/google-protobuf.js:5270:32)
    at protobuf_test_messages_proto3_TestAllTypesProto3.serialize (file:///Users/thesayyn/Documents/thesayyn/protoc-gen-ts/target/debug/build/protoc_gen_ts-8cec2bec66276c47/out/test_conformance/test_messages_proto3.ts:993:16)
    at file:///Users/thesayyn/Documents/thesayyn/protoc-gen-ts/tests/conformance/bin/main.ts:24:44

  protobuf_test_messages.proto3.TestAllTypesProto3 1
  Error: Assertion failed
    at Object.jspb.asserts.doAssertFailure (https://cdn.skypack.dev/-/google-protobuf@v3.21.2-YDUqZL2TTSsy2lGtfuND/dist=es2019,mode=imports/optimized/google-protobuf.js:778:11)
    at Object.jspb.asserts.assert (https://cdn.skypack.dev/-/google-protobuf@v3.21.2-YDUqZL2TTSsy2lGtfuND/dist=es2019,mode=imports/optimized/google-protobuf.js:783:23)
    at jspb.BinaryEncoder.writeInt64 (https://cdn.skypack.dev/-/google-protobuf@v3.21.2-YDUqZL2TTSsy2lGtfuND/dist=es2019,mode=imports/optimized/google-protobuf.js:4886:18)
    at jspb.BinaryWriter.writePackedSfixed64 (https://cdn.skypack.dev/-/google-protobuf@v3.21.2-YDUqZL2TTSsy2lGtfuND/dist=es2019,mode=imports/optimized/google-protobuf.js:5669:23)
    at protobuf_test_messages_proto3_TestAllTypesProto3.serialize (file:///Users/thesayyn/Documents/thesayyn/protoc-gen-ts/target/debug/build/protoc_gen_ts-8cec2bec66276c47/out/test_conformance/test_messages_proto3.ts:1071:16)
    at file:///Users/thesayyn/Documents/thesayyn/protoc-gen-ts/tests/conformance/bin/main.ts:24:44

  protobuf_test_messages.proto3.TestAllTypesProto3 1
  Error: Assertion failed
    at Object.jspb.asserts.doAssertFailure (https://cdn.skypack.dev/-/google-protobuf@v3.21.2-YDUqZL2TTSsy2lGtfuND/dist=es2019,mode=imports/optimized/google-protobuf.js:778:11)
    at Object.jspb.asserts.assert (https://cdn.skypack.dev/-/google-protobuf@v3.21.2-YDUqZL2TTSsy2lGtfuND/dist=es2019,mode=imports/optimized/google-protobuf.js:783:23)
    at jspb.BinaryEncoder.writeInt64 (https://cdn.skypack.dev/-/google-protobuf@v3.21.2-YDUqZL2TTSsy2lGtfuND/dist=es2019,mode=imports/optimized/google-protobuf.js:4886:18)
    at jspb.BinaryWriter.writePackedSfixed64 (https://cdn.skypack.dev/-/google-protobuf@v3.21.2-YDUqZL2TTSsy2lGtfuND/dist=es2019,mode=imports/optimized/google-protobuf.js:5669:23)
    at protobuf_test_messages_proto3_TestAllTypesProto3.serialize (file:///Users/thesayyn/Documents/thesayyn/protoc-gen-ts/target/debug/build/protoc_gen_ts-8cec2bec66276c47/out/test_conformance/test_messages_proto3.ts:1071:16)
    at file:///Users/thesayyn/Documents/thesayyn/protoc-gen-ts/tests/conformance/bin/main.ts:24:44

  protobuf_test_messages.proto3.TestAllTypesProto3 1
  Error: Assertion failed
    at Object.jspb.asserts.doAssertFailure (https://cdn.skypack.dev/-/google-protobuf@v3.21.2-YDUqZL2TTSsy2lGtfuND/dist=es2019,mode=imports/optimized/google-protobuf.js:778:11)
    at Object.jspb.asserts.assert (https://cdn.skypack.dev/-/google-protobuf@v3.21.2-YDUqZL2TTSsy2lGtfuND/dist=es2019,mode=imports/optimized/google-protobuf.js:783:23)
    at jspb.BinaryEncoder.writeInt64 (https://cdn.skypack.dev/-/google-protobuf@v3.21.2-YDUqZL2TTSsy2lGtfuND/dist=es2019,mode=imports/optimized/google-protobuf.js:4886:18)
    at jspb.BinaryWriter.writePackedSfixed64 (https://cdn.skypack.dev/-/google-protobuf@v3.21.2-YDUqZL2TTSsy2lGtfuND/dist=es2019,mode=imports/optimized/google-protobuf.js:5669:23)
    at protobuf_test_messages_proto3_TestAllTypesProto3.serialize (file:///Users/thesayyn/Documents/thesayyn/protoc-gen-ts/target/debug/build/protoc_gen_ts-8cec2bec66276c47/out/test_conformance/test_messages_proto3.ts:1071:16)
    at file:///Users/thesayyn/Documents/thesayyn/protoc-gen-ts/tests/conformance/bin/main.ts:24:44

  protobuf_test_messages.proto3.TestAllTypesProto3 1
  Error: Assertion failed
    at Object.jspb.asserts.doAssertFailure (https://cdn.skypack.dev/-/google-protobuf@v3.21.2-YDUqZL2TTSsy2lGtfuND/dist=es2019,mode=imports/optimized/google-protobuf.js:778:11)
    at Object.jspb.asserts.assert (https://cdn.skypack.dev/-/google-protobuf@v3.21.2-YDUqZL2TTSsy2lGtfuND/dist=es2019,mode=imports/optimized/google-protobuf.js:783:23)
    at jspb.BinaryEncoder.writeInt64 (https://cdn.skypack.dev/-/google-protobuf@v3.21.2-YDUqZL2TTSsy2lGtfuND/dist=es2019,mode=imports/optimized/google-protobuf.js:4886:18)
    at jspb.BinaryWriter.writePackedSfixed64 (https://cdn.skypack.dev/-/google-protobuf@v3.21.2-YDUqZL2TTSsy2lGtfuND/dist=es2019,mode=imports/optimized/google-protobuf.js:5669:23)
    at protobuf_test_messages_proto3_TestAllTypesProto3.serialize (file:///Users/thesayyn/Documents/thesayyn/protoc-gen-ts/target/debug/build/protoc_gen_ts-8cec2bec66276c47/out/test_conformance/test_messages_proto3.ts:1071:16)
    at file:///Users/thesayyn/Documents/thesayyn/protoc-gen-ts/tests/conformance/bin/main.ts:24:44

  protobuf_test_messages.proto3.TestAllTypesProto3 1
  Error: Assertion failed
    at Object.jspb.asserts.doAssertFailure (https://cdn.skypack.dev/-/google-protobuf@v3.21.2-YDUqZL2TTSsy2lGtfuND/dist=es2019,mode=imports/optimized/google-protobuf.js:778:11)
    at Object.jspb.asserts.assert (https://cdn.skypack.dev/-/google-protobuf@v3.21.2-YDUqZL2TTSsy2lGtfuND/dist=es2019,mode=imports/optimized/google-protobuf.js:783:23)
    at jspb.BinaryEncoder.writeInt64 (https://cdn.skypack.dev/-/google-protobuf@v3.21.2-YDUqZL2TTSsy2lGtfuND/dist=es2019,mode=imports/optimized/google-protobuf.js:4886:18)
    at jspb.BinaryWriter.writePackedSfixed64 (https://cdn.skypack.dev/-/google-protobuf@v3.21.2-YDUqZL2TTSsy2lGtfuND/dist=es2019,mode=imports/optimized/google-protobuf.js:5669:23)
    at protobuf_test_messages_proto3_TestAllTypesProto3.serialize (file:///Users/thesayyn/Documents/thesayyn/protoc-gen-ts/target/debug/build/protoc_gen_ts-8cec2bec66276c47/out/test_conformance/test_messages_proto3.ts:1071:16)
    at file:///Users/thesayyn/Documents/thesayyn/protoc-gen-ts/tests/conformance/bin/main.ts:24:44

  protobuf_test_messages.proto3.TestAllTypesProto3 1
  Error: Assertion failed
    at Object.jspb.asserts.doAssertFailure (https://cdn.skypack.dev/-/google-protobuf@v3.21.2-YDUqZL2TTSsy2lGtfuND/dist=es2019,mode=imports/optimized/google-protobuf.js:778:11)
    at Object.jspb.asserts.assert (https://cdn.skypack.dev/-/google-protobuf@v3.21.2-YDUqZL2TTSsy2lGtfuND/dist=es2019,mode=imports/optimized/google-protobuf.js:783:23)
    at jspb.BinaryEncoder.writeInt64 (https://cdn.skypack.dev/-/google-protobuf@v3.21.2-YDUqZL2TTSsy2lGtfuND/dist=es2019,mode=imports/optimized/google-protobuf.js:4886:18)
    at jspb.BinaryWriter.writePackedSfixed64 (https://cdn.skypack.dev/-/google-protobuf@v3.21.2-YDUqZL2TTSsy2lGtfuND/dist=es2019,mode=imports/optimized/google-protobuf.js:5669:23)
    at protobuf_test_messages_proto3_TestAllTypesProto3.serialize (file:///Users/thesayyn/Documents/thesayyn/protoc-gen-ts/target/debug/build/protoc_gen_ts-8cec2bec66276c47/out/test_conformance/test_messages_proto3.ts:1071:16)
    at file:///Users/thesayyn/Documents/thesayyn/protoc-gen-ts/tests/conformance/bin/main.ts:24:44

  protobuf_test_messages.proto3.TestAllTypesProto3 1
  Error: Assertion failed
    at Object.jspb.asserts.doAssertFailure (https://cdn.skypack.dev/-/google-protobuf@v3.21.2-YDUqZL2TTSsy2lGtfuND/dist=es2019,mode=imports/optimized/google-protobuf.js:778:11)
    at Object.jspb.asserts.assert (https://cdn.skypack.dev/-/google-protobuf@v3.21.2-YDUqZL2TTSsy2lGtfuND/dist=es2019,mode=imports/optimized/google-protobuf.js:783:23)
    at jspb.BinaryWriter.writeSfixed64 (https://cdn.skypack.dev/-/google-protobuf@v3.21.2-YDUqZL2TTSsy2lGtfuND/dist=es2019,mode=imports/optimized/google-protobuf.js:5270:32)
    at protobuf_test_messages_proto3_TestAllTypesProto3.serialize (file:///Users/thesayyn/Documents/thesayyn/protoc-gen-ts/target/debug/build/protoc_gen_ts-8cec2bec66276c47/out/test_conformance/test_messages_proto3.ts:1182:71)
    at file:///Users/thesayyn/Documents/thesayyn/protoc-gen-ts/tests/conformance/bin/main.ts:24:44

  protobuf_test_messages.proto3.TestAllTypesProto3 1
  Error: Assertion failed
    at Object.jspb.asserts.doAssertFailure (https://cdn.skypack.dev/-/google-protobuf@v3.21.2-YDUqZL2TTSsy2lGtfuND/dist=es2019,mode=imports/optimized/google-protobuf.js:778:11)
    at Object.jspb.asserts.assert (https://cdn.skypack.dev/-/google-protobuf@v3.21.2-YDUqZL2TTSsy2lGtfuND/dist=es2019,mode=imports/optimized/google-protobuf.js:783:23)
    at jspb.BinaryReader.readSfixed64 (https://cdn.skypack.dev/-/google-protobuf@v3.21.2-YDUqZL2TTSsy2lGtfuND/dist=es2019,mode=imports/optimized/google-protobuf.js:4605:18)
    at Function.deserialize (file:///Users/thesayyn/Documents/thesayyn/protoc-gen-ts/target/debug/build/protoc_gen_ts-8cec2bec66276c47/out/test_conformance/test_messages_proto3.ts:402:55)
    at file:///Users/thesayyn/Documents/thesayyn/protoc-gen-ts/tests/conformance/bin/main.ts:23:78

  protobuf_test_messages.proto2.TestAllTypesProto2 1
  Error: Assertion failed
    at Object.jspb.asserts.doAssertFailure (https://cdn.skypack.dev/-/google-protobuf@v3.21.2-YDUqZL2TTSsy2lGtfuND/dist=es2019,mode=imports/optimized/google-protobuf.js:778:11)
    at Object.jspb.asserts.assert (https://cdn.skypack.dev/-/google-protobuf@v3.21.2-YDUqZL2TTSsy2lGtfuND/dist=es2019,mode=imports/optimized/google-protobuf.js:783:23)
    at jspb.BinaryReader.readSfixed32 (https://cdn.skypack.dev/-/google-protobuf@v3.21.2-YDUqZL2TTSsy2lGtfuND/dist=es2019,mode=imports/optimized/google-protobuf.js:4596:18)
    at Function.deserialize (file:///Users/thesayyn/Documents/thesayyn/protoc-gen-ts/target/debug/build/protoc_gen_ts-8cec2bec66276c47/out/test_conformance/test_messages_proto2.ts:238:55)
    at file:///Users/thesayyn/Documents/thesayyn/protoc-gen-ts/tests/conformance/bin/main.ts:30:78

  protobuf_test_messages.proto2.TestAllTypesProto2 1
  Error: Assertion failed
    at Object.jspb.asserts.doAssertFailure (https://cdn.skypack.dev/-/google-protobuf@v3.21.2-YDUqZL2TTSsy2lGtfuND/dist=es2019,mode=imports/optimized/google-protobuf.js:778:11)
    at Object.jspb.asserts.assert (https://cdn.skypack.dev/-/google-protobuf@v3.21.2-YDUqZL2TTSsy2lGtfuND/dist=es2019,mode=imports/optimized/google-protobuf.js:783:23)
    at jspb.BinaryReader.readSfixed32 (https://cdn.skypack.dev/-/google-protobuf@v3.21.2-YDUqZL2TTSsy2lGtfuND/dist=es2019,mode=imports/optimized/google-protobuf.js:4596:18)
    at Function.deserialize (file:///Users/thesayyn/Documents/thesayyn/protoc-gen-ts/target/debug/build/protoc_gen_ts-8cec2bec66276c47/out/test_conformance/test_messages_proto2.ts:238:55)
    at file:///Users/thesayyn/Documents/thesayyn/protoc-gen-ts/tests/conformance/bin/main.ts:30:78

  protobuf_test_messages.proto2.TestAllTypesProto2 1
  Error: Assertion failed
    at Object.jspb.asserts.doAssertFailure (https://cdn.skypack.dev/-/google-protobuf@v3.21.2-YDUqZL2TTSsy2lGtfuND/dist=es2019,mode=imports/optimized/google-protobuf.js:778:11)
    at Object.jspb.asserts.assert (https://cdn.skypack.dev/-/google-protobuf@v3.21.2-YDUqZL2TTSsy2lGtfuND/dist=es2019,mode=imports/optimized/google-protobuf.js:783:23)
    at jspb.BinaryReader.readSfixed32 (https://cdn.skypack.dev/-/google-protobuf@v3.21.2-YDUqZL2TTSsy2lGtfuND/dist=es2019,mode=imports/optimized/google-protobuf.js:4596:18)
    at Function.deserialize (file:///Users/thesayyn/Documents/thesayyn/protoc-gen-ts/target/debug/build/protoc_gen_ts-8cec2bec66276c47/out/test_conformance/test_messages_proto2.ts:238:55)
    at file:///Users/thesayyn/Documents/thesayyn/protoc-gen-ts/tests/conformance/bin/main.ts:30:78

  protobuf_test_messages.proto3.TestAllTypesProto3 1
  Error: Assertion failed
    at Object.jspb.asserts.doAssertFailure (https://cdn.skypack.dev/-/google-protobuf@v3.21.2-YDUqZL2TTSsy2lGtfuND/dist=es2019,mode=imports/optimized/google-protobuf.js:778:11)
    at Object.jspb.asserts.assert (https://cdn.skypack.dev/-/google-protobuf@v3.21.2-YDUqZL2TTSsy2lGtfuND/dist=es2019,mode=imports/optimized/google-protobuf.js:783:23)
    at jspb.BinaryReader.readSfixed32 (https://cdn.skypack.dev/-/google-protobuf@v3.21.2-YDUqZL2TTSsy2lGtfuND/dist=es2019,mode=imports/optimized/google-protobuf.js:4596:18)
    at Function.deserialize (file:///Users/thesayyn/Documents/thesayyn/protoc-gen-ts/target/debug/build/protoc_gen_ts-8cec2bec66276c47/out/test_conformance/test_messages_proto3.ts:399:55)
    at file:///Users/thesayyn/Documents/thesayyn/protoc-gen-ts/tests/conformance/bin/main.ts:23:78

  protobuf_test_messages.proto2.TestAllTypesProto2 1
  Error: Assertion failed
    at Object.jspb.asserts.doAssertFailure (https://cdn.skypack.dev/-/google-protobuf@v3.21.2-YDUqZL2TTSsy2lGtfuND/dist=es2019,mode=imports/optimized/google-protobuf.js:778:11)
    at Object.jspb.asserts.assert (https://cdn.skypack.dev/-/google-protobuf@v3.21.2-YDUqZL2TTSsy2lGtfuND/dist=es2019,mode=imports/optimized/google-protobuf.js:783:23)
    at jspb.BinaryReader.readBool (https://cdn.skypack.dev/-/google-protobuf@v3.21.2-YDUqZL2TTSsy2lGtfuND/dist=es2019,mode=imports/optimized/google-protobuf.js:4624:18)
    at Function.deserialize (file:///Users/thesayyn/Documents/thesayyn/protoc-gen-ts/target/debug/build/protoc_gen_ts-8cec2bec66276c47/out/test_conformance/test_messages_proto2.ts:250:51)
    at file:///Users/thesayyn/Documents/thesayyn/protoc-gen-ts/tests/conformance/bin/main.ts:30:78

  protobuf_test_messages.proto2.TestAllTypesProto2 1
  Error: Assertion failed
    at Object.jspb.asserts.doAssertFailure (https://cdn.skypack.dev/-/google-protobuf@v3.21.2-YDUqZL2TTSsy2lGtfuND/dist=es2019,mode=imports/optimized/google-protobuf.js:778:11)
    at Object.jspb.asserts.assert (https://cdn.skypack.dev/-/google-protobuf@v3.21.2-YDUqZL2TTSsy2lGtfuND/dist=es2019,mode=imports/optimized/google-protobuf.js:783:23)
    at jspb.BinaryReader.readBool (https://cdn.skypack.dev/-/google-protobuf@v3.21.2-YDUqZL2TTSsy2lGtfuND/dist=es2019,mode=imports/optimized/google-protobuf.js:4624:18)
    at Function.deserialize (file:///Users/thesayyn/Documents/thesayyn/protoc-gen-ts/target/debug/build/protoc_gen_ts-8cec2bec66276c47/out/test_conformance/test_messages_proto2.ts:250:51)
    at file:///Users/thesayyn/Documents/thesayyn/protoc-gen-ts/tests/conformance/bin/main.ts:30:78

  protobuf_test_messages.proto2.TestAllTypesProto2 1
  Error: Assertion failed
    at Object.jspb.asserts.doAssertFailure (https://cdn.skypack.dev/-/google-protobuf@v3.21.2-YDUqZL2TTSsy2lGtfuND/dist=es2019,mode=imports/optimized/google-protobuf.js:778:11)
    at Object.jspb.asserts.assert (https://cdn.skypack.dev/-/google-protobuf@v3.21.2-YDUqZL2TTSsy2lGtfuND/dist=es2019,mode=imports/optimized/google-protobuf.js:783:23)
    at jspb.BinaryReader.readBool (https://cdn.skypack.dev/-/google-protobuf@v3.21.2-YDUqZL2TTSsy2lGtfuND/dist=es2019,mode=imports/optimized/google-protobuf.js:4624:18)
    at Function.deserialize (file:///Users/thesayyn/Documents/thesayyn/protoc-gen-ts/target/debug/build/protoc_gen_ts-8cec2bec66276c47/out/test_conformance/test_messages_proto2.ts:250:51)
    at file:///Users/thesayyn/Documents/thesayyn/protoc-gen-ts/tests/conformance/bin/main.ts:30:78

  protobuf_test_messages.proto3.TestAllTypesProto3 1
  Error: Assertion failed
    at Object.jspb.asserts.doAssertFailure (https://cdn.skypack.dev/-/google-protobuf@v3.21.2-YDUqZL2TTSsy2lGtfuND/dist=es2019,mode=imports/optimized/google-protobuf.js:778:11)
    at Object.jspb.asserts.assert (https://cdn.skypack.dev/-/google-protobuf@v3.21.2-YDUqZL2TTSsy2lGtfuND/dist=es2019,mode=imports/optimized/google-protobuf.js:783:23)
    at jspb.BinaryReader.readBool (https://cdn.skypack.dev/-/google-protobuf@v3.21.2-YDUqZL2TTSsy2lGtfuND/dist=es2019,mode=imports/optimized/google-protobuf.js:4624:18)
    at Function.deserialize (file:///Users/thesayyn/Documents/thesayyn/protoc-gen-ts/target/debug/build/protoc_gen_ts-8cec2bec66276c47/out/test_conformance/test_messages_proto3.ts:411:51)
    at file:///Users/thesayyn/Documents/thesayyn/protoc-gen-ts/tests/conformance/bin/main.ts:23:78

  protobuf_test_messages.proto2.TestAllTypesProto2 1
  Error: Assertion failed
    at Object.jspb.asserts.doAssertFailure (https://cdn.skypack.dev/-/google-protobuf@v3.21.2-YDUqZL2TTSsy2lGtfuND/dist=es2019,mode=imports/optimized/google-protobuf.js:778:11)
    at Object.jspb.asserts.assert (https://cdn.skypack.dev/-/google-protobuf@v3.21.2-YDUqZL2TTSsy2lGtfuND/dist=es2019,mode=imports/optimized/google-protobuf.js:783:23)
    at jspb.BinaryReader.readSint32 (https://cdn.skypack.dev/-/google-protobuf@v3.21.2-YDUqZL2TTSsy2lGtfuND/dist=es2019,mode=imports/optimized/google-protobuf.js:4568:18)
    at Function.deserialize (file:///Users/thesayyn/Documents/thesayyn/protoc-gen-ts/target/debug/build/protoc_gen_ts-8cec2bec66276c47/out/test_conformance/test_messages_proto2.ts:226:53)
    at file:///Users/thesayyn/Documents/thesayyn/protoc-gen-ts/tests/conformance/bin/main.ts:30:78

  protobuf_test_messages.proto2.TestAllTypesProto2 1
  Error: Assertion failed
    at Object.jspb.asserts.doAssertFailure (https://cdn.skypack.dev/-/google-protobuf@v3.21.2-YDUqZL2TTSsy2lGtfuND/dist=es2019,mode=imports/optimized/google-protobuf.js:778:11)
    at Object.jspb.asserts.assert (https://cdn.skypack.dev/-/google-protobuf@v3.21.2-YDUqZL2TTSsy2lGtfuND/dist=es2019,mode=imports/optimized/google-protobuf.js:783:23)
    at jspb.BinaryReader.readSint32 (https://cdn.skypack.dev/-/google-protobuf@v3.21.2-YDUqZL2TTSsy2lGtfuND/dist=es2019,mode=imports/optimized/google-protobuf.js:4568:18)
    at Function.deserialize (file:///Users/thesayyn/Documents/thesayyn/protoc-gen-ts/target/debug/build/protoc_gen_ts-8cec2bec66276c47/out/test_conformance/test_messages_proto2.ts:226:53)
    at file:///Users/thesayyn/Documents/thesayyn/protoc-gen-ts/tests/conformance/bin/main.ts:30:78

  protobuf_test_messages.proto2.TestAllTypesProto2 1
  Error: Assertion failed
    at Object.jspb.asserts.doAssertFailure (https://cdn.skypack.dev/-/google-protobuf@v3.21.2-YDUqZL2TTSsy2lGtfuND/dist=es2019,mode=imports/optimized/google-protobuf.js:778:11)
    at Object.jspb.asserts.assert (https://cdn.skypack.dev/-/google-protobuf@v3.21.2-YDUqZL2TTSsy2lGtfuND/dist=es2019,mode=imports/optimized/google-protobuf.js:783:23)
    at jspb.BinaryReader.readSint32 (https://cdn.skypack.dev/-/google-protobuf@v3.21.2-YDUqZL2TTSsy2lGtfuND/dist=es2019,mode=imports/optimized/google-protobuf.js:4568:18)
    at Function.deserialize (file:///Users/thesayyn/Documents/thesayyn/protoc-gen-ts/target/debug/build/protoc_gen_ts-8cec2bec66276c47/out/test_conformance/test_messages_proto2.ts:226:53)
    at file:///Users/thesayyn/Documents/thesayyn/protoc-gen-ts/tests/conformance/bin/main.ts:30:78

  protobuf_test_messages.proto3.TestAllTypesProto3 1
  Error: Assertion failed
    at Object.jspb.asserts.doAssertFailure (https://cdn.skypack.dev/-/google-protobuf@v3.21.2-YDUqZL2TTSsy2lGtfuND/dist=es2019,mode=imports/optimized/google-protobuf.js:778:11)
    at Object.jspb.asserts.assert (https://cdn.skypack.dev/-/google-protobuf@v3.21.2-YDUqZL2TTSsy2lGtfuND/dist=es2019,mode=imports/optimized/google-protobuf.js:783:23)
    at jspb.BinaryReader.readSint32 (https://cdn.skypack.dev/-/google-protobuf@v3.21.2-YDUqZL2TTSsy2lGtfuND/dist=es2019,mode=imports/optimized/google-protobuf.js:4568:18)
    at Function.deserialize (file:///Users/thesayyn/Documents/thesayyn/protoc-gen-ts/target/debug/build/protoc_gen_ts-8cec2bec66276c47/out/test_conformance/test_messages_proto3.ts:387:53)
    at file:///Users/thesayyn/Documents/thesayyn/protoc-gen-ts/tests/conformance/bin/main.ts:23:78

  protobuf_test_messages.proto2.TestAllTypesProto2 1
  Error: Assertion failed
    at Object.jspb.asserts.doAssertFailure (https://cdn.skypack.dev/-/google-protobuf@v3.21.2-YDUqZL2TTSsy2lGtfuND/dist=es2019,mode=imports/optimized/google-protobuf.js:778:11)
    at Object.jspb.asserts.assert (https://cdn.skypack.dev/-/google-protobuf@v3.21.2-YDUqZL2TTSsy2lGtfuND/dist=es2019,mode=imports/optimized/google-protobuf.js:783:23)
    at jspb.BinaryWriter.writeSint64 (https://cdn.skypack.dev/-/google-protobuf@v3.21.2-YDUqZL2TTSsy2lGtfuND/dist=es2019,mode=imports/optimized/google-protobuf.js:5245:32)
    at protobuf_test_messages_proto2_TestAllTypesProto2.serialize (file:///Users/thesayyn/Documents/thesayyn/protoc-gen-ts/target/debug/build/protoc_gen_ts-8cec2bec66276c47/out/test_conformance/test_messages_proto2.ts:888:16)
    at file:///Users/thesayyn/Documents/thesayyn/protoc-gen-ts/tests/conformance/bin/main.ts:31:44

  protobuf_test_messages.proto2.TestAllTypesProto2 1
  Error: Assertion failed
    at Object.jspb.asserts.doAssertFailure (https://cdn.skypack.dev/-/google-protobuf@v3.21.2-YDUqZL2TTSsy2lGtfuND/dist=es2019,mode=imports/optimized/google-protobuf.js:778:11)
    at Object.jspb.asserts.assert (https://cdn.skypack.dev/-/google-protobuf@v3.21.2-YDUqZL2TTSsy2lGtfuND/dist=es2019,mode=imports/optimized/google-protobuf.js:783:23)
    at jspb.BinaryWriter.writeSint64 (https://cdn.skypack.dev/-/google-protobuf@v3.21.2-YDUqZL2TTSsy2lGtfuND/dist=es2019,mode=imports/optimized/google-protobuf.js:5245:32)
    at protobuf_test_messages_proto2_TestAllTypesProto2.serialize (file:///Users/thesayyn/Documents/thesayyn/protoc-gen-ts/target/debug/build/protoc_gen_ts-8cec2bec66276c47/out/test_conformance/test_messages_proto2.ts:888:16)
    at file:///Users/thesayyn/Documents/thesayyn/protoc-gen-ts/tests/conformance/bin/main.ts:31:44

  protobuf_test_messages.proto2.TestAllTypesProto2 1
  Error: Assertion failed
    at Object.jspb.asserts.doAssertFailure (https://cdn.skypack.dev/-/google-protobuf@v3.21.2-YDUqZL2TTSsy2lGtfuND/dist=es2019,mode=imports/optimized/google-protobuf.js:778:11)
    at Object.jspb.asserts.assert (https://cdn.skypack.dev/-/google-protobuf@v3.21.2-YDUqZL2TTSsy2lGtfuND/dist=es2019,mode=imports/optimized/google-protobuf.js:783:23)
    at jspb.BinaryWriter.writeSint64 (https://cdn.skypack.dev/-/google-protobuf@v3.21.2-YDUqZL2TTSsy2lGtfuND/dist=es2019,mode=imports/optimized/google-protobuf.js:5245:32)
    at protobuf_test_messages_proto2_TestAllTypesProto2.serialize (file:///Users/thesayyn/Documents/thesayyn/protoc-gen-ts/target/debug/build/protoc_gen_ts-8cec2bec66276c47/out/test_conformance/test_messages_proto2.ts:963:67)
    at file:///Users/thesayyn/Documents/thesayyn/protoc-gen-ts/tests/conformance/bin/main.ts:31:44

  protobuf_test_messages.proto2.TestAllTypesProto2 1
  Error: Assertion failed
    at Object.jspb.asserts.doAssertFailure (https://cdn.skypack.dev/-/google-protobuf@v3.21.2-YDUqZL2TTSsy2lGtfuND/dist=es2019,mode=imports/optimized/google-protobuf.js:778:11)
    at Object.jspb.asserts.assert (https://cdn.skypack.dev/-/google-protobuf@v3.21.2-YDUqZL2TTSsy2lGtfuND/dist=es2019,mode=imports/optimized/google-protobuf.js:783:23)
    at jspb.BinaryReader.readSint64 (https://cdn.skypack.dev/-/google-protobuf@v3.21.2-YDUqZL2TTSsy2lGtfuND/dist=es2019,mode=imports/optimized/google-protobuf.js:4573:18)
    at Function.deserialize (file:///Users/thesayyn/Documents/thesayyn/protoc-gen-ts/target/debug/build/protoc_gen_ts-8cec2bec66276c47/out/test_conformance/test_messages_proto2.ts:229:53)
    at file:///Users/thesayyn/Documents/thesayyn/protoc-gen-ts/tests/conformance/bin/main.ts:30:78

  protobuf_test_messages.proto2.TestAllTypesProto2 1
  Error: Assertion failed
    at Object.jspb.asserts.doAssertFailure (https://cdn.skypack.dev/-/google-protobuf@v3.21.2-YDUqZL2TTSsy2lGtfuND/dist=es2019,mode=imports/optimized/google-protobuf.js:778:11)
    at Object.jspb.asserts.assert (https://cdn.skypack.dev/-/google-protobuf@v3.21.2-YDUqZL2TTSsy2lGtfuND/dist=es2019,mode=imports/optimized/google-protobuf.js:783:23)
    at jspb.BinaryWriter.writeSint64 (https://cdn.skypack.dev/-/google-protobuf@v3.21.2-YDUqZL2TTSsy2lGtfuND/dist=es2019,mode=imports/optimized/google-protobuf.js:5245:32)
    at protobuf_test_messages_proto2_TestAllTypesProto2.serialize (file:///Users/thesayyn/Documents/thesayyn/protoc-gen-ts/target/debug/build/protoc_gen_ts-8cec2bec66276c47/out/test_conformance/test_messages_proto2.ts:963:67)
    at file:///Users/thesayyn/Documents/thesayyn/protoc-gen-ts/tests/conformance/bin/main.ts:31:44

  protobuf_test_messages.proto2.TestAllTypesProto2 1
  Error: Assertion failed
    at Object.jspb.asserts.doAssertFailure (https://cdn.skypack.dev/-/google-protobuf@v3.21.2-YDUqZL2TTSsy2lGtfuND/dist=es2019,mode=imports/optimized/google-protobuf.js:778:11)
    at Object.jspb.asserts.assert (https://cdn.skypack.dev/-/google-protobuf@v3.21.2-YDUqZL2TTSsy2lGtfuND/dist=es2019,mode=imports/optimized/google-protobuf.js:783:23)
    at jspb.BinaryReader.readSint64 (https://cdn.skypack.dev/-/google-protobuf@v3.21.2-YDUqZL2TTSsy2lGtfuND/dist=es2019,mode=imports/optimized/google-protobuf.js:4573:18)
    at Function.deserialize (file:///Users/thesayyn/Documents/thesayyn/protoc-gen-ts/target/debug/build/protoc_gen_ts-8cec2bec66276c47/out/test_conformance/test_messages_proto2.ts:229:53)
    at file:///Users/thesayyn/Documents/thesayyn/protoc-gen-ts/tests/conformance/bin/main.ts:30:78

  protobuf_test_messages.proto2.TestAllTypesProto2 1
  Error: Assertion failed
    at Object.jspb.asserts.doAssertFailure (https://cdn.skypack.dev/-/google-protobuf@v3.21.2-YDUqZL2TTSsy2lGtfuND/dist=es2019,mode=imports/optimized/google-protobuf.js:778:11)
    at Object.jspb.asserts.assert (https://cdn.skypack.dev/-/google-protobuf@v3.21.2-YDUqZL2TTSsy2lGtfuND/dist=es2019,mode=imports/optimized/google-protobuf.js:783:23)
    at jspb.BinaryEncoder.writeZigzagVarint64 (https://cdn.skypack.dev/-/google-protobuf@v3.21.2-YDUqZL2TTSsy2lGtfuND/dist=es2019,mode=imports/optimized/google-protobuf.js:4825:18)
    at jspb.BinaryWriter.writePackedSint64 (https://cdn.skypack.dev/-/google-protobuf@v3.21.2-YDUqZL2TTSsy2lGtfuND/dist=es2019,mode=imports/optimized/google-protobuf.js:5620:23)
    at protobuf_test_messages_proto2_TestAllTypesProto2.serialize (file:///Users/thesayyn/Documents/thesayyn/protoc-gen-ts/target/debug/build/protoc_gen_ts-8cec2bec66276c47/out/test_conformance/test_messages_proto2.ts:1032:16)
    at file:///Users/thesayyn/Documents/thesayyn/protoc-gen-ts/tests/conformance/bin/main.ts:31:44

  protobuf_test_messages.proto2.TestAllTypesProto2 1
  Error: Assertion failed
    at Object.jspb.asserts.doAssertFailure (https://cdn.skypack.dev/-/google-protobuf@v3.21.2-YDUqZL2TTSsy2lGtfuND/dist=es2019,mode=imports/optimized/google-protobuf.js:778:11)
    at Object.jspb.asserts.assert (https://cdn.skypack.dev/-/google-protobuf@v3.21.2-YDUqZL2TTSsy2lGtfuND/dist=es2019,mode=imports/optimized/google-protobuf.js:783:23)
    at jspb.BinaryEncoder.writeZigzagVarint64 (https://cdn.skypack.dev/-/google-protobuf@v3.21.2-YDUqZL2TTSsy2lGtfuND/dist=es2019,mode=imports/optimized/google-protobuf.js:4825:18)
    at jspb.BinaryWriter.writePackedSint64 (https://cdn.skypack.dev/-/google-protobuf@v3.21.2-YDUqZL2TTSsy2lGtfuND/dist=es2019,mode=imports/optimized/google-protobuf.js:5620:23)
    at protobuf_test_messages_proto2_TestAllTypesProto2.serialize (file:///Users/thesayyn/Documents/thesayyn/protoc-gen-ts/target/debug/build/protoc_gen_ts-8cec2bec66276c47/out/test_conformance/test_messages_proto2.ts:1032:16)
    at file:///Users/thesayyn/Documents/thesayyn/protoc-gen-ts/tests/conformance/bin/main.ts:31:44

  protobuf_test_messages.proto2.TestAllTypesProto2 1
  Error: Assertion failed
    at Object.jspb.asserts.doAssertFailure (https://cdn.skypack.dev/-/google-protobuf@v3.21.2-YDUqZL2TTSsy2lGtfuND/dist=es2019,mode=imports/optimized/google-protobuf.js:778:11)
    at Object.jspb.asserts.assert (https://cdn.skypack.dev/-/google-protobuf@v3.21.2-YDUqZL2TTSsy2lGtfuND/dist=es2019,mode=imports/optimized/google-protobuf.js:783:23)
    at jspb.BinaryWriter.writeSint64 (https://cdn.skypack.dev/-/google-protobuf@v3.21.2-YDUqZL2TTSsy2lGtfuND/dist=es2019,mode=imports/optimized/google-protobuf.js:5245:32)
    at protobuf_test_messages_proto2_TestAllTypesProto2.serialize (file:///Users/thesayyn/Documents/thesayyn/protoc-gen-ts/target/debug/build/protoc_gen_ts-8cec2bec66276c47/out/test_conformance/test_messages_proto2.ts:963:67)
    at file:///Users/thesayyn/Documents/thesayyn/protoc-gen-ts/tests/conformance/bin/main.ts:31:44

  protobuf_test_messages.proto2.TestAllTypesProto2 1
  Error: Assertion failed
    at Object.jspb.asserts.doAssertFailure (https://cdn.skypack.dev/-/google-protobuf@v3.21.2-YDUqZL2TTSsy2lGtfuND/dist=es2019,mode=imports/optimized/google-protobuf.js:778:11)
    at Object.jspb.asserts.assert (https://cdn.skypack.dev/-/google-protobuf@v3.21.2-YDUqZL2TTSsy2lGtfuND/dist=es2019,mode=imports/optimized/google-protobuf.js:783:23)
    at jspb.BinaryReader.readSint64 (https://cdn.skypack.dev/-/google-protobuf@v3.21.2-YDUqZL2TTSsy2lGtfuND/dist=es2019,mode=imports/optimized/google-protobuf.js:4573:18)
    at Function.deserialize (file:///Users/thesayyn/Documents/thesayyn/protoc-gen-ts/target/debug/build/protoc_gen_ts-8cec2bec66276c47/out/test_conformance/test_messages_proto2.ts:229:53)
    at file:///Users/thesayyn/Documents/thesayyn/protoc-gen-ts/tests/conformance/bin/main.ts:30:78

  protobuf_test_messages.proto3.TestAllTypesProto3 1
  Error: Assertion failed
    at Object.jspb.asserts.doAssertFailure (https://cdn.skypack.dev/-/google-protobuf@v3.21.2-YDUqZL2TTSsy2lGtfuND/dist=es2019,mode=imports/optimized/google-protobuf.js:778:11)
    at Object.jspb.asserts.assert (https://cdn.skypack.dev/-/google-protobuf@v3.21.2-YDUqZL2TTSsy2lGtfuND/dist=es2019,mode=imports/optimized/google-protobuf.js:783:23)
    at jspb.BinaryWriter.writeSint64 (https://cdn.skypack.dev/-/google-protobuf@v3.21.2-YDUqZL2TTSsy2lGtfuND/dist=es2019,mode=imports/optimized/google-protobuf.js:5245:32)
    at protobuf_test_messages_proto3_TestAllTypesProto3.serialize (file:///Users/thesayyn/Documents/thesayyn/protoc-gen-ts/target/debug/build/protoc_gen_ts-8cec2bec66276c47/out/test_conformance/test_messages_proto3.ts:981:16)
    at file:///Users/thesayyn/Documents/thesayyn/protoc-gen-ts/tests/conformance/bin/main.ts:24:44

  protobuf_test_messages.proto3.TestAllTypesProto3 1
  Error: Assertion failed
    at Object.jspb.asserts.doAssertFailure (https://cdn.skypack.dev/-/google-protobuf@v3.21.2-YDUqZL2TTSsy2lGtfuND/dist=es2019,mode=imports/optimized/google-protobuf.js:778:11)
    at Object.jspb.asserts.assert (https://cdn.skypack.dev/-/google-protobuf@v3.21.2-YDUqZL2TTSsy2lGtfuND/dist=es2019,mode=imports/optimized/google-protobuf.js:783:23)
    at jspb.BinaryWriter.writeSint64 (https://cdn.skypack.dev/-/google-protobuf@v3.21.2-YDUqZL2TTSsy2lGtfuND/dist=es2019,mode=imports/optimized/google-protobuf.js:5245:32)
    at protobuf_test_messages_proto3_TestAllTypesProto3.serialize (file:///Users/thesayyn/Documents/thesayyn/protoc-gen-ts/target/debug/build/protoc_gen_ts-8cec2bec66276c47/out/test_conformance/test_messages_proto3.ts:981:16)
    at file:///Users/thesayyn/Documents/thesayyn/protoc-gen-ts/tests/conformance/bin/main.ts:24:44

  protobuf_test_messages.proto3.TestAllTypesProto3 1
  Error: Assertion failed
    at Object.jspb.asserts.doAssertFailure (https://cdn.skypack.dev/-/google-protobuf@v3.21.2-YDUqZL2TTSsy2lGtfuND/dist=es2019,mode=imports/optimized/google-protobuf.js:778:11)
    at Object.jspb.asserts.assert (https://cdn.skypack.dev/-/google-protobuf@v3.21.2-YDUqZL2TTSsy2lGtfuND/dist=es2019,mode=imports/optimized/google-protobuf.js:783:23)
    at jspb.BinaryEncoder.writeZigzagVarint64 (https://cdn.skypack.dev/-/google-protobuf@v3.21.2-YDUqZL2TTSsy2lGtfuND/dist=es2019,mode=imports/optimized/google-protobuf.js:4825:18)
    at jspb.BinaryWriter.writePackedSint64 (https://cdn.skypack.dev/-/google-protobuf@v3.21.2-YDUqZL2TTSsy2lGtfuND/dist=es2019,mode=imports/optimized/google-protobuf.js:5620:23)
    at protobuf_test_messages_proto3_TestAllTypesProto3.serialize (file:///Users/thesayyn/Documents/thesayyn/protoc-gen-ts/target/debug/build/protoc_gen_ts-8cec2bec66276c47/out/test_conformance/test_messages_proto3.ts:1059:16)
    at file:///Users/thesayyn/Documents/thesayyn/protoc-gen-ts/tests/conformance/bin/main.ts:24:44

  protobuf_test_messages.proto3.TestAllTypesProto3 1
  Error: Assertion failed
    at Object.jspb.asserts.doAssertFailure (https://cdn.skypack.dev/-/google-protobuf@v3.21.2-YDUqZL2TTSsy2lGtfuND/dist=es2019,mode=imports/optimized/google-protobuf.js:778:11)
    at Object.jspb.asserts.assert (https://cdn.skypack.dev/-/google-protobuf@v3.21.2-YDUqZL2TTSsy2lGtfuND/dist=es2019,mode=imports/optimized/google-protobuf.js:783:23)
    at jspb.BinaryEncoder.writeZigzagVarint64 (https://cdn.skypack.dev/-/google-protobuf@v3.21.2-YDUqZL2TTSsy2lGtfuND/dist=es2019,mode=imports/optimized/google-protobuf.js:4825:18)
    at jspb.BinaryWriter.writePackedSint64 (https://cdn.skypack.dev/-/google-protobuf@v3.21.2-YDUqZL2TTSsy2lGtfuND/dist=es2019,mode=imports/optimized/google-protobuf.js:5620:23)
    at protobuf_test_messages_proto3_TestAllTypesProto3.serialize (file:///Users/thesayyn/Documents/thesayyn/protoc-gen-ts/target/debug/build/protoc_gen_ts-8cec2bec66276c47/out/test_conformance/test_messages_proto3.ts:1059:16)
    at file:///Users/thesayyn/Documents/thesayyn/protoc-gen-ts/tests/conformance/bin/main.ts:24:44

  protobuf_test_messages.proto3.TestAllTypesProto3 1
  Error: Assertion failed
    at Object.jspb.asserts.doAssertFailure (https://cdn.skypack.dev/-/google-protobuf@v3.21.2-YDUqZL2TTSsy2lGtfuND/dist=es2019,mode=imports/optimized/google-protobuf.js:778:11)
    at Object.jspb.asserts.assert (https://cdn.skypack.dev/-/google-protobuf@v3.21.2-YDUqZL2TTSsy2lGtfuND/dist=es2019,mode=imports/optimized/google-protobuf.js:783:23)
    at jspb.BinaryEncoder.writeZigzagVarint64 (https://cdn.skypack.dev/-/google-protobuf@v3.21.2-YDUqZL2TTSsy2lGtfuND/dist=es2019,mode=imports/optimized/google-protobuf.js:4825:18)
    at jspb.BinaryWriter.writePackedSint64 (https://cdn.skypack.dev/-/google-protobuf@v3.21.2-YDUqZL2TTSsy2lGtfuND/dist=es2019,mode=imports/optimized/google-protobuf.js:5620:23)
    at protobuf_test_messages_proto3_TestAllTypesProto3.serialize (file:///Users/thesayyn/Documents/thesayyn/protoc-gen-ts/target/debug/build/protoc_gen_ts-8cec2bec66276c47/out/test_conformance/test_messages_proto3.ts:1059:16)
    at file:///Users/thesayyn/Documents/thesayyn/protoc-gen-ts/tests/conformance/bin/main.ts:24:44

  protobuf_test_messages.proto3.TestAllTypesProto3 1
  Error: Assertion failed
    at Object.jspb.asserts.doAssertFailure (https://cdn.skypack.dev/-/google-protobuf@v3.21.2-YDUqZL2TTSsy2lGtfuND/dist=es2019,mode=imports/optimized/google-protobuf.js:778:11)
    at Object.jspb.asserts.assert (https://cdn.skypack.dev/-/google-protobuf@v3.21.2-YDUqZL2TTSsy2lGtfuND/dist=es2019,mode=imports/optimized/google-protobuf.js:783:23)
    at jspb.BinaryEncoder.writeZigzagVarint64 (https://cdn.skypack.dev/-/google-protobuf@v3.21.2-YDUqZL2TTSsy2lGtfuND/dist=es2019,mode=imports/optimized/google-protobuf.js:4825:18)
    at jspb.BinaryWriter.writePackedSint64 (https://cdn.skypack.dev/-/google-protobuf@v3.21.2-YDUqZL2TTSsy2lGtfuND/dist=es2019,mode=imports/optimized/google-protobuf.js:5620:23)
    at protobuf_test_messages_proto3_TestAllTypesProto3.serialize (file:///Users/thesayyn/Documents/thesayyn/protoc-gen-ts/target/debug/build/protoc_gen_ts-8cec2bec66276c47/out/test_conformance/test_messages_proto3.ts:1059:16)
    at file:///Users/thesayyn/Documents/thesayyn/protoc-gen-ts/tests/conformance/bin/main.ts:24:44

  protobuf_test_messages.proto3.TestAllTypesProto3 1
  Error: Assertion failed
    at Object.jspb.asserts.doAssertFailure (https://cdn.skypack.dev/-/google-protobuf@v3.21.2-YDUqZL2TTSsy2lGtfuND/dist=es2019,mode=imports/optimized/google-protobuf.js:778:11)
    at Object.jspb.asserts.assert (https://cdn.skypack.dev/-/google-protobuf@v3.21.2-YDUqZL2TTSsy2lGtfuND/dist=es2019,mode=imports/optimized/google-protobuf.js:783:23)
    at jspb.BinaryEncoder.writeZigzagVarint64 (https://cdn.skypack.dev/-/google-protobuf@v3.21.2-YDUqZL2TTSsy2lGtfuND/dist=es2019,mode=imports/optimized/google-protobuf.js:4825:18)
    at jspb.BinaryWriter.writePackedSint64 (https://cdn.skypack.dev/-/google-protobuf@v3.21.2-YDUqZL2TTSsy2lGtfuND/dist=es2019,mode=imports/optimized/google-protobuf.js:5620:23)
    at protobuf_test_messages_proto3_TestAllTypesProto3.serialize (file:///Users/thesayyn/Documents/thesayyn/protoc-gen-ts/target/debug/build/protoc_gen_ts-8cec2bec66276c47/out/test_conformance/test_messages_proto3.ts:1059:16)
    at file:///Users/thesayyn/Documents/thesayyn/protoc-gen-ts/tests/conformance/bin/main.ts:24:44

  protobuf_test_messages.proto3.TestAllTypesProto3 1
  Error: Assertion failed
    at Object.jspb.asserts.doAssertFailure (https://cdn.skypack.dev/-/google-protobuf@v3.21.2-YDUqZL2TTSsy2lGtfuND/dist=es2019,mode=imports/optimized/google-protobuf.js:778:11)
    at Object.jspb.asserts.assert (https://cdn.skypack.dev/-/google-protobuf@v3.21.2-YDUqZL2TTSsy2lGtfuND/dist=es2019,mode=imports/optimized/google-protobuf.js:783:23)
    at jspb.BinaryEncoder.writeZigzagVarint64 (https://cdn.skypack.dev/-/google-protobuf@v3.21.2-YDUqZL2TTSsy2lGtfuND/dist=es2019,mode=imports/optimized/google-protobuf.js:4825:18)
    at jspb.BinaryWriter.writePackedSint64 (https://cdn.skypack.dev/-/google-protobuf@v3.21.2-YDUqZL2TTSsy2lGtfuND/dist=es2019,mode=imports/optimized/google-protobuf.js:5620:23)
    at protobuf_test_messages_proto3_TestAllTypesProto3.serialize (file:///Users/thesayyn/Documents/thesayyn/protoc-gen-ts/target/debug/build/protoc_gen_ts-8cec2bec66276c47/out/test_conformance/test_messages_proto3.ts:1059:16)
    at file:///Users/thesayyn/Documents/thesayyn/protoc-gen-ts/tests/conformance/bin/main.ts:24:44

  protobuf_test_messages.proto3.TestAllTypesProto3 1
  Error: Assertion failed
    at Object.jspb.asserts.doAssertFailure (https://cdn.skypack.dev/-/google-protobuf@v3.21.2-YDUqZL2TTSsy2lGtfuND/dist=es2019,mode=imports/optimized/google-protobuf.js:778:11)
    at Object.jspb.asserts.assert (https://cdn.skypack.dev/-/google-protobuf@v3.21.2-YDUqZL2TTSsy2lGtfuND/dist=es2019,mode=imports/optimized/google-protobuf.js:783:23)
    at jspb.BinaryWriter.writeSint64 (https://cdn.skypack.dev/-/google-protobuf@v3.21.2-YDUqZL2TTSsy2lGtfuND/dist=es2019,mode=imports/optimized/google-protobuf.js:5245:32)
    at protobuf_test_messages_proto3_TestAllTypesProto3.serialize (file:///Users/thesayyn/Documents/thesayyn/protoc-gen-ts/target/debug/build/protoc_gen_ts-8cec2bec66276c47/out/test_conformance/test_messages_proto3.ts:1170:67)
    at file:///Users/thesayyn/Documents/thesayyn/protoc-gen-ts/tests/conformance/bin/main.ts:24:44

  protobuf_test_messages.proto3.TestAllTypesProto3 1
  Error: Assertion failed
    at Object.jspb.asserts.doAssertFailure (https://cdn.skypack.dev/-/google-protobuf@v3.21.2-YDUqZL2TTSsy2lGtfuND/dist=es2019,mode=imports/optimized/google-protobuf.js:778:11)
    at Object.jspb.asserts.assert (https://cdn.skypack.dev/-/google-protobuf@v3.21.2-YDUqZL2TTSsy2lGtfuND/dist=es2019,mode=imports/optimized/google-protobuf.js:783:23)
    at jspb.BinaryReader.readSint64 (https://cdn.skypack.dev/-/google-protobuf@v3.21.2-YDUqZL2TTSsy2lGtfuND/dist=es2019,mode=imports/optimized/google-protobuf.js:4573:18)
    at Function.deserialize (file:///Users/thesayyn/Documents/thesayyn/protoc-gen-ts/target/debug/build/protoc_gen_ts-8cec2bec66276c47/out/test_conformance/test_messages_proto3.ts:390:53)
    at file:///Users/thesayyn/Documents/thesayyn/protoc-gen-ts/tests/conformance/bin/main.ts:23:78

  protobuf_test_messages.proto2.TestAllTypesProto2 1
  Error: Assertion failed
    at Object.jspb.asserts.doAssertFailure (https://cdn.skypack.dev/-/google-protobuf@v3.21.2-YDUqZL2TTSsy2lGtfuND/dist=es2019,mode=imports/optimized/google-protobuf.js:778:11)
    at Object.jspb.asserts.assert (https://cdn.skypack.dev/-/google-protobuf@v3.21.2-YDUqZL2TTSsy2lGtfuND/dist=es2019,mode=imports/optimized/google-protobuf.js:783:23)
    at jspb.BinaryWriter.writeEnum (https://cdn.skypack.dev/-/google-protobuf@v3.21.2-YDUqZL2TTSsy2lGtfuND/dist=es2019,mode=imports/optimized/google-protobuf.js:5289:32)
    at protobuf_test_messages_proto2_TestAllTypesProto2.serialize (file:///Users/thesayyn/Documents/thesayyn/protoc-gen-ts/target/debug/build/protoc_gen_ts-8cec2bec66276c47/out/test_conformance/test_messages_proto2.ts:930:16)
    at file:///Users/thesayyn/Documents/thesayyn/protoc-gen-ts/tests/conformance/bin/main.ts:31:44

  protobuf_test_messages.proto2.TestAllTypesProto2 1
  Error: Assertion failed
    at Object.jspb.asserts.doAssertFailure (https://cdn.skypack.dev/-/google-protobuf@v3.21.2-YDUqZL2TTSsy2lGtfuND/dist=es2019,mode=imports/optimized/google-protobuf.js:778:11)
    at Object.jspb.asserts.assert (https://cdn.skypack.dev/-/google-protobuf@v3.21.2-YDUqZL2TTSsy2lGtfuND/dist=es2019,mode=imports/optimized/google-protobuf.js:783:23)
    at jspb.BinaryWriter.writeEnum (https://cdn.skypack.dev/-/google-protobuf@v3.21.2-YDUqZL2TTSsy2lGtfuND/dist=es2019,mode=imports/optimized/google-protobuf.js:5289:32)
    at protobuf_test_messages_proto2_TestAllTypesProto2.serialize (file:///Users/thesayyn/Documents/thesayyn/protoc-gen-ts/target/debug/build/protoc_gen_ts-8cec2bec66276c47/out/test_conformance/test_messages_proto2.ts:930:16)
    at file:///Users/thesayyn/Documents/thesayyn/protoc-gen-ts/tests/conformance/bin/main.ts:31:44

  protobuf_test_messages.proto2.TestAllTypesProto2 1
  Error: Assertion failed
    at Object.jspb.asserts.doAssertFailure (https://cdn.skypack.dev/-/google-protobuf@v3.21.2-YDUqZL2TTSsy2lGtfuND/dist=es2019,mode=imports/optimized/google-protobuf.js:778:11)
    at Object.jspb.asserts.assert (https://cdn.skypack.dev/-/google-protobuf@v3.21.2-YDUqZL2TTSsy2lGtfuND/dist=es2019,mode=imports/optimized/google-protobuf.js:783:23)
    at jspb.BinaryWriter.writeEnum (https://cdn.skypack.dev/-/google-protobuf@v3.21.2-YDUqZL2TTSsy2lGtfuND/dist=es2019,mode=imports/optimized/google-protobuf.js:5289:32)
    at protobuf_test_messages_proto2_TestAllTypesProto2.serialize (file:///Users/thesayyn/Documents/thesayyn/protoc-gen-ts/target/debug/build/protoc_gen_ts-8cec2bec66276c47/out/test_conformance/test_messages_proto2.ts:930:16)
    at file:///Users/thesayyn/Documents/thesayyn/protoc-gen-ts/tests/conformance/bin/main.ts:31:44

  protobuf_test_messages.proto2.TestAllTypesProto2 1
  Error: Assertion failed
    at Object.jspb.asserts.doAssertFailure (https://cdn.skypack.dev/-/google-protobuf@v3.21.2-YDUqZL2TTSsy2lGtfuND/dist=es2019,mode=imports/optimized/google-protobuf.js:778:11)
    at Object.jspb.asserts.assert (https://cdn.skypack.dev/-/google-protobuf@v3.21.2-YDUqZL2TTSsy2lGtfuND/dist=es2019,mode=imports/optimized/google-protobuf.js:783:23)
    at jspb.BinaryWriter.writeEnum (https://cdn.skypack.dev/-/google-protobuf@v3.21.2-YDUqZL2TTSsy2lGtfuND/dist=es2019,mode=imports/optimized/google-protobuf.js:5289:32)
    at protobuf_test_messages_proto2_TestAllTypesProto2.serialize (file:///Users/thesayyn/Documents/thesayyn/protoc-gen-ts/target/debug/build/protoc_gen_ts-8cec2bec66276c47/out/test_conformance/test_messages_proto2.ts:930:16)
    at file:///Users/thesayyn/Documents/thesayyn/protoc-gen-ts/tests/conformance/bin/main.ts:31:44

  protobuf_test_messages.proto2.TestAllTypesProto2 1
  Error: Assertion failed
    at Object.jspb.asserts.doAssertFailure (https://cdn.skypack.dev/-/google-protobuf@v3.21.2-YDUqZL2TTSsy2lGtfuND/dist=es2019,mode=imports/optimized/google-protobuf.js:778:11)
    at Object.jspb.asserts.assert (https://cdn.skypack.dev/-/google-protobuf@v3.21.2-YDUqZL2TTSsy2lGtfuND/dist=es2019,mode=imports/optimized/google-protobuf.js:783:23)
    at jspb.BinaryWriter.writeEnum (https://cdn.skypack.dev/-/google-protobuf@v3.21.2-YDUqZL2TTSsy2lGtfuND/dist=es2019,mode=imports/optimized/google-protobuf.js:5289:32)
    at protobuf_test_messages_proto2_TestAllTypesProto2.serialize (file:///Users/thesayyn/Documents/thesayyn/protoc-gen-ts/target/debug/build/protoc_gen_ts-8cec2bec66276c47/out/test_conformance/test_messages_proto2.ts:930:16)
    at file:///Users/thesayyn/Documents/thesayyn/protoc-gen-ts/tests/conformance/bin/main.ts:31:44

  protobuf_test_messages.proto2.TestAllTypesProto2 1
  Error: Assertion failed
    at Object.jspb.asserts.doAssertFailure (https://cdn.skypack.dev/-/google-protobuf@v3.21.2-YDUqZL2TTSsy2lGtfuND/dist=es2019,mode=imports/optimized/google-protobuf.js:778:11)
    at Object.jspb.asserts.assert (https://cdn.skypack.dev/-/google-protobuf@v3.21.2-YDUqZL2TTSsy2lGtfuND/dist=es2019,mode=imports/optimized/google-protobuf.js:783:23)
    at jspb.BinaryWriter.writeEnum (https://cdn.skypack.dev/-/google-protobuf@v3.21.2-YDUqZL2TTSsy2lGtfuND/dist=es2019,mode=imports/optimized/google-protobuf.js:5289:32)
    at protobuf_test_messages_proto2_TestAllTypesProto2.serialize (file:///Users/thesayyn/Documents/thesayyn/protoc-gen-ts/target/debug/build/protoc_gen_ts-8cec2bec66276c47/out/test_conformance/test_messages_proto2.ts:1005:77)
    at file:///Users/thesayyn/Documents/thesayyn/protoc-gen-ts/tests/conformance/bin/main.ts:31:44

  protobuf_test_messages.proto2.TestAllTypesProto2 1
  Error: Assertion failed
    at Object.jspb.asserts.doAssertFailure (https://cdn.skypack.dev/-/google-protobuf@v3.21.2-YDUqZL2TTSsy2lGtfuND/dist=es2019,mode=imports/optimized/google-protobuf.js:778:11)
    at Object.jspb.asserts.assert (https://cdn.skypack.dev/-/google-protobuf@v3.21.2-YDUqZL2TTSsy2lGtfuND/dist=es2019,mode=imports/optimized/google-protobuf.js:783:23)
    at jspb.BinaryReader.readEnum (https://cdn.skypack.dev/-/google-protobuf@v3.21.2-YDUqZL2TTSsy2lGtfuND/dist=es2019,mode=imports/optimized/google-protobuf.js:4629:18)
    at Function.deserialize (file:///Users/thesayyn/Documents/thesayyn/protoc-gen-ts/target/debug/build/protoc_gen_ts-8cec2bec66276c47/out/test_conformance/test_messages_proto2.ts:265:58)
    at file:///Users/thesayyn/Documents/thesayyn/protoc-gen-ts/tests/conformance/bin/main.ts:30:78

  protobuf_test_messages.proto2.TestAllTypesProto2 1
  Error: Assertion failed
    at Object.jspb.asserts.doAssertFailure (https://cdn.skypack.dev/-/google-protobuf@v3.21.2-YDUqZL2TTSsy2lGtfuND/dist=es2019,mode=imports/optimized/google-protobuf.js:778:11)
    at Object.jspb.asserts.assert (https://cdn.skypack.dev/-/google-protobuf@v3.21.2-YDUqZL2TTSsy2lGtfuND/dist=es2019,mode=imports/optimized/google-protobuf.js:783:23)
    at jspb.BinaryWriter.writeEnum (https://cdn.skypack.dev/-/google-protobuf@v3.21.2-YDUqZL2TTSsy2lGtfuND/dist=es2019,mode=imports/optimized/google-protobuf.js:5289:32)
    at protobuf_test_messages_proto2_TestAllTypesProto2.serialize (file:///Users/thesayyn/Documents/thesayyn/protoc-gen-ts/target/debug/build/protoc_gen_ts-8cec2bec66276c47/out/test_conformance/test_messages_proto2.ts:1005:77)
    at file:///Users/thesayyn/Documents/thesayyn/protoc-gen-ts/tests/conformance/bin/main.ts:31:44

  protobuf_test_messages.proto2.TestAllTypesProto2 1
  Error: Assertion failed
    at Object.jspb.asserts.doAssertFailure (https://cdn.skypack.dev/-/google-protobuf@v3.21.2-YDUqZL2TTSsy2lGtfuND/dist=es2019,mode=imports/optimized/google-protobuf.js:778:11)
    at Object.jspb.asserts.assert (https://cdn.skypack.dev/-/google-protobuf@v3.21.2-YDUqZL2TTSsy2lGtfuND/dist=es2019,mode=imports/optimized/google-protobuf.js:783:23)
    at jspb.BinaryReader.readEnum (https://cdn.skypack.dev/-/google-protobuf@v3.21.2-YDUqZL2TTSsy2lGtfuND/dist=es2019,mode=imports/optimized/google-protobuf.js:4629:18)
    at Function.deserialize (file:///Users/thesayyn/Documents/thesayyn/protoc-gen-ts/target/debug/build/protoc_gen_ts-8cec2bec66276c47/out/test_conformance/test_messages_proto2.ts:265:58)
    at file:///Users/thesayyn/Documents/thesayyn/protoc-gen-ts/tests/conformance/bin/main.ts:30:78

  protobuf_test_messages.proto2.TestAllTypesProto2 1
  Error: Assertion failed
    at Object.jspb.asserts.doAssertFailure (https://cdn.skypack.dev/-/google-protobuf@v3.21.2-YDUqZL2TTSsy2lGtfuND/dist=es2019,mode=imports/optimized/google-protobuf.js:778:11)
    at Object.jspb.asserts.assert (https://cdn.skypack.dev/-/google-protobuf@v3.21.2-YDUqZL2TTSsy2lGtfuND/dist=es2019,mode=imports/optimized/google-protobuf.js:783:23)
    at jspb.BinaryEncoder.writeEnum (https://cdn.skypack.dev/-/google-protobuf@v3.21.2-YDUqZL2TTSsy2lGtfuND/dist=es2019,mode=imports/optimized/google-protobuf.js:4913:18)
    at jspb.BinaryWriter.writePackedEnum (https://cdn.skypack.dev/-/google-protobuf@v3.21.2-YDUqZL2TTSsy2lGtfuND/dist=es2019,mode=imports/optimized/google-protobuf.js:5699:23)
    at protobuf_test_messages_proto2_TestAllTypesProto2.serialize (file:///Users/thesayyn/Documents/thesayyn/protoc-gen-ts/target/debug/build/protoc_gen_ts-8cec2bec66276c47/out/test_conformance/test_messages_proto2.ts:1056:16)
    at file:///Users/thesayyn/Documents/thesayyn/protoc-gen-ts/tests/conformance/bin/main.ts:31:44

  protobuf_test_messages.proto2.TestAllTypesProto2 1
  Error: Assertion failed
    at Object.jspb.asserts.doAssertFailure (https://cdn.skypack.dev/-/google-protobuf@v3.21.2-YDUqZL2TTSsy2lGtfuND/dist=es2019,mode=imports/optimized/google-protobuf.js:778:11)
    at Object.jspb.asserts.assert (https://cdn.skypack.dev/-/google-protobuf@v3.21.2-YDUqZL2TTSsy2lGtfuND/dist=es2019,mode=imports/optimized/google-protobuf.js:783:23)
    at jspb.BinaryWriter.writeEnum (https://cdn.skypack.dev/-/google-protobuf@v3.21.2-YDUqZL2TTSsy2lGtfuND/dist=es2019,mode=imports/optimized/google-protobuf.js:5289:32)
    at protobuf_test_messages_proto2_TestAllTypesProto2.serialize (file:///Users/thesayyn/Documents/thesayyn/protoc-gen-ts/target/debug/build/protoc_gen_ts-8cec2bec66276c47/out/test_conformance/test_messages_proto2.ts:1005:77)
    at file:///Users/thesayyn/Documents/thesayyn/protoc-gen-ts/tests/conformance/bin/main.ts:31:44

  protobuf_test_messages.proto2.TestAllTypesProto2 1
  Error: Assertion failed
    at Object.jspb.asserts.doAssertFailure (https://cdn.skypack.dev/-/google-protobuf@v3.21.2-YDUqZL2TTSsy2lGtfuND/dist=es2019,mode=imports/optimized/google-protobuf.js:778:11)
    at Object.jspb.asserts.assert (https://cdn.skypack.dev/-/google-protobuf@v3.21.2-YDUqZL2TTSsy2lGtfuND/dist=es2019,mode=imports/optimized/google-protobuf.js:783:23)
    at jspb.BinaryReader.readEnum (https://cdn.skypack.dev/-/google-protobuf@v3.21.2-YDUqZL2TTSsy2lGtfuND/dist=es2019,mode=imports/optimized/google-protobuf.js:4629:18)
    at Function.deserialize (file:///Users/thesayyn/Documents/thesayyn/protoc-gen-ts/target/debug/build/protoc_gen_ts-8cec2bec66276c47/out/test_conformance/test_messages_proto2.ts:265:58)
    at file:///Users/thesayyn/Documents/thesayyn/protoc-gen-ts/tests/conformance/bin/main.ts:30:78

  protobuf_test_messages.proto3.TestAllTypesProto3 1
  Error: Assertion failed
    at Object.jspb.asserts.doAssertFailure (https://cdn.skypack.dev/-/google-protobuf@v3.21.2-YDUqZL2TTSsy2lGtfuND/dist=es2019,mode=imports/optimized/google-protobuf.js:778:11)
    at Object.jspb.asserts.assert (https://cdn.skypack.dev/-/google-protobuf@v3.21.2-YDUqZL2TTSsy2lGtfuND/dist=es2019,mode=imports/optimized/google-protobuf.js:783:23)
    at jspb.BinaryWriter.writeEnum (https://cdn.skypack.dev/-/google-protobuf@v3.21.2-YDUqZL2TTSsy2lGtfuND/dist=es2019,mode=imports/optimized/google-protobuf.js:5289:32)
    at protobuf_test_messages_proto3_TestAllTypesProto3.serialize (file:///Users/thesayyn/Documents/thesayyn/protoc-gen-ts/target/debug/build/protoc_gen_ts-8cec2bec66276c47/out/test_conformance/test_messages_proto3.ts:1023:16)
    at file:///Users/thesayyn/Documents/thesayyn/protoc-gen-ts/tests/conformance/bin/main.ts:24:44

  protobuf_test_messages.proto3.TestAllTypesProto3 1
  Error: Assertion failed
    at Object.jspb.asserts.doAssertFailure (https://cdn.skypack.dev/-/google-protobuf@v3.21.2-YDUqZL2TTSsy2lGtfuND/dist=es2019,mode=imports/optimized/google-protobuf.js:778:11)
    at Object.jspb.asserts.assert (https://cdn.skypack.dev/-/google-protobuf@v3.21.2-YDUqZL2TTSsy2lGtfuND/dist=es2019,mode=imports/optimized/google-protobuf.js:783:23)
    at jspb.BinaryWriter.writeEnum (https://cdn.skypack.dev/-/google-protobuf@v3.21.2-YDUqZL2TTSsy2lGtfuND/dist=es2019,mode=imports/optimized/google-protobuf.js:5289:32)
    at protobuf_test_messages_proto3_TestAllTypesProto3.serialize (file:///Users/thesayyn/Documents/thesayyn/protoc-gen-ts/target/debug/build/protoc_gen_ts-8cec2bec66276c47/out/test_conformance/test_messages_proto3.ts:1023:16)
    at file:///Users/thesayyn/Documents/thesayyn/protoc-gen-ts/tests/conformance/bin/main.ts:24:44

  protobuf_test_messages.proto3.TestAllTypesProto3 1
  Error: Assertion failed
    at Object.jspb.asserts.doAssertFailure (https://cdn.skypack.dev/-/google-protobuf@v3.21.2-YDUqZL2TTSsy2lGtfuND/dist=es2019,mode=imports/optimized/google-protobuf.js:778:11)
    at Object.jspb.asserts.assert (https://cdn.skypack.dev/-/google-protobuf@v3.21.2-YDUqZL2TTSsy2lGtfuND/dist=es2019,mode=imports/optimized/google-protobuf.js:783:23)
    at jspb.BinaryWriter.writeEnum (https://cdn.skypack.dev/-/google-protobuf@v3.21.2-YDUqZL2TTSsy2lGtfuND/dist=es2019,mode=imports/optimized/google-protobuf.js:5289:32)
    at protobuf_test_messages_proto3_TestAllTypesProto3.serialize (file:///Users/thesayyn/Documents/thesayyn/protoc-gen-ts/target/debug/build/protoc_gen_ts-8cec2bec66276c47/out/test_conformance/test_messages_proto3.ts:1023:16)
    at file:///Users/thesayyn/Documents/thesayyn/protoc-gen-ts/tests/conformance/bin/main.ts:24:44

  protobuf_test_messages.proto3.TestAllTypesProto3 1
  Error: Assertion failed
    at Object.jspb.asserts.doAssertFailure (https://cdn.skypack.dev/-/google-protobuf@v3.21.2-YDUqZL2TTSsy2lGtfuND/dist=es2019,mode=imports/optimized/google-protobuf.js:778:11)
    at Object.jspb.asserts.assert (https://cdn.skypack.dev/-/google-protobuf@v3.21.2-YDUqZL2TTSsy2lGtfuND/dist=es2019,mode=imports/optimized/google-protobuf.js:783:23)
    at jspb.BinaryWriter.writeEnum (https://cdn.skypack.dev/-/google-protobuf@v3.21.2-YDUqZL2TTSsy2lGtfuND/dist=es2019,mode=imports/optimized/google-protobuf.js:5289:32)
    at protobuf_test_messages_proto3_TestAllTypesProto3.serialize (file:///Users/thesayyn/Documents/thesayyn/protoc-gen-ts/target/debug/build/protoc_gen_ts-8cec2bec66276c47/out/test_conformance/test_messages_proto3.ts:1023:16)
    at file:///Users/thesayyn/Documents/thesayyn/protoc-gen-ts/tests/conformance/bin/main.ts:24:44

  protobuf_test_messages.proto3.TestAllTypesProto3 1
  Error: Assertion failed
    at Object.jspb.asserts.doAssertFailure (https://cdn.skypack.dev/-/google-protobuf@v3.21.2-YDUqZL2TTSsy2lGtfuND/dist=es2019,mode=imports/optimized/google-protobuf.js:778:11)
    at Object.jspb.asserts.assert (https://cdn.skypack.dev/-/google-protobuf@v3.21.2-YDUqZL2TTSsy2lGtfuND/dist=es2019,mode=imports/optimized/google-protobuf.js:783:23)
    at jspb.BinaryWriter.writeEnum (https://cdn.skypack.dev/-/google-protobuf@v3.21.2-YDUqZL2TTSsy2lGtfuND/dist=es2019,mode=imports/optimized/google-protobuf.js:5289:32)
    at protobuf_test_messages_proto3_TestAllTypesProto3.serialize (file:///Users/thesayyn/Documents/thesayyn/protoc-gen-ts/target/debug/build/protoc_gen_ts-8cec2bec66276c47/out/test_conformance/test_messages_proto3.ts:1023:16)
    at file:///Users/thesayyn/Documents/thesayyn/protoc-gen-ts/tests/conformance/bin/main.ts:24:44

  protobuf_test_messages.proto3.TestAllTypesProto3 1
  Error: Assertion failed
    at Object.jspb.asserts.doAssertFailure (https://cdn.skypack.dev/-/google-protobuf@v3.21.2-YDUqZL2TTSsy2lGtfuND/dist=es2019,mode=imports/optimized/google-protobuf.js:778:11)
    at Object.jspb.asserts.assert (https://cdn.skypack.dev/-/google-protobuf@v3.21.2-YDUqZL2TTSsy2lGtfuND/dist=es2019,mode=imports/optimized/google-protobuf.js:783:23)
    at jspb.BinaryEncoder.writeEnum (https://cdn.skypack.dev/-/google-protobuf@v3.21.2-YDUqZL2TTSsy2lGtfuND/dist=es2019,mode=imports/optimized/google-protobuf.js:4913:18)
    at jspb.BinaryWriter.writePackedEnum (https://cdn.skypack.dev/-/google-protobuf@v3.21.2-YDUqZL2TTSsy2lGtfuND/dist=es2019,mode=imports/optimized/google-protobuf.js:5699:23)
    at protobuf_test_messages_proto3_TestAllTypesProto3.serialize (file:///Users/thesayyn/Documents/thesayyn/protoc-gen-ts/target/debug/build/protoc_gen_ts-8cec2bec66276c47/out/test_conformance/test_messages_proto3.ts:1101:16)
    at file:///Users/thesayyn/Documents/thesayyn/protoc-gen-ts/tests/conformance/bin/main.ts:24:44

  protobuf_test_messages.proto3.TestAllTypesProto3 1
  Error: Assertion failed
    at Object.jspb.asserts.doAssertFailure (https://cdn.skypack.dev/-/google-protobuf@v3.21.2-YDUqZL2TTSsy2lGtfuND/dist=es2019,mode=imports/optimized/google-protobuf.js:778:11)
    at Object.jspb.asserts.assert (https://cdn.skypack.dev/-/google-protobuf@v3.21.2-YDUqZL2TTSsy2lGtfuND/dist=es2019,mode=imports/optimized/google-protobuf.js:783:23)
    at jspb.BinaryEncoder.writeEnum (https://cdn.skypack.dev/-/google-protobuf@v3.21.2-YDUqZL2TTSsy2lGtfuND/dist=es2019,mode=imports/optimized/google-protobuf.js:4913:18)
    at jspb.BinaryWriter.writePackedEnum (https://cdn.skypack.dev/-/google-protobuf@v3.21.2-YDUqZL2TTSsy2lGtfuND/dist=es2019,mode=imports/optimized/google-protobuf.js:5699:23)
    at protobuf_test_messages_proto3_TestAllTypesProto3.serialize (file:///Users/thesayyn/Documents/thesayyn/protoc-gen-ts/target/debug/build/protoc_gen_ts-8cec2bec66276c47/out/test_conformance/test_messages_proto3.ts:1101:16)
    at file:///Users/thesayyn/Documents/thesayyn/protoc-gen-ts/tests/conformance/bin/main.ts:24:44

  protobuf_test_messages.proto3.TestAllTypesProto3 1
  Error: Assertion failed
    at Object.jspb.asserts.doAssertFailure (https://cdn.skypack.dev/-/google-protobuf@v3.21.2-YDUqZL2TTSsy2lGtfuND/dist=es2019,mode=imports/optimized/google-protobuf.js:778:11)
    at Object.jspb.asserts.assert (https://cdn.skypack.dev/-/google-protobuf@v3.21.2-YDUqZL2TTSsy2lGtfuND/dist=es2019,mode=imports/optimized/google-protobuf.js:783:23)
    at jspb.BinaryEncoder.writeEnum (https://cdn.skypack.dev/-/google-protobuf@v3.21.2-YDUqZL2TTSsy2lGtfuND/dist=es2019,mode=imports/optimized/google-protobuf.js:4913:18)
    at jspb.BinaryWriter.writePackedEnum (https://cdn.skypack.dev/-/google-protobuf@v3.21.2-YDUqZL2TTSsy2lGtfuND/dist=es2019,mode=imports/optimized/google-protobuf.js:5699:23)
    at protobuf_test_messages_proto3_TestAllTypesProto3.serialize (file:///Users/thesayyn/Documents/thesayyn/protoc-gen-ts/target/debug/build/protoc_gen_ts-8cec2bec66276c47/out/test_conformance/test_messages_proto3.ts:1101:16)
    at file:///Users/thesayyn/Documents/thesayyn/protoc-gen-ts/tests/conformance/bin/main.ts:24:44

  protobuf_test_messages.proto3.TestAllTypesProto3 1
  Error: Assertion failed
    at Object.jspb.asserts.doAssertFailure (https://cdn.skypack.dev/-/google-protobuf@v3.21.2-YDUqZL2TTSsy2lGtfuND/dist=es2019,mode=imports/optimized/google-protobuf.js:778:11)
    at Object.jspb.asserts.assert (https://cdn.skypack.dev/-/google-protobuf@v3.21.2-YDUqZL2TTSsy2lGtfuND/dist=es2019,mode=imports/optimized/google-protobuf.js:783:23)
    at jspb.BinaryWriter.writeEnum (https://cdn.skypack.dev/-/google-protobuf@v3.21.2-YDUqZL2TTSsy2lGtfuND/dist=es2019,mode=imports/optimized/google-protobuf.js:5289:32)
    at protobuf_test_messages_proto3_TestAllTypesProto3.serialize (file:///Users/thesayyn/Documents/thesayyn/protoc-gen-ts/target/debug/build/protoc_gen_ts-8cec2bec66276c47/out/test_conformance/test_messages_proto3.ts:1194:77)
    at file:///Users/thesayyn/Documents/thesayyn/protoc-gen-ts/tests/conformance/bin/main.ts:24:44

  protobuf_test_messages.proto3.TestAllTypesProto3 1
  Error: Assertion failed
    at Object.jspb.asserts.doAssertFailure (https://cdn.skypack.dev/-/google-protobuf@v3.21.2-YDUqZL2TTSsy2lGtfuND/dist=es2019,mode=imports/optimized/google-protobuf.js:778:11)
    at Object.jspb.asserts.assert (https://cdn.skypack.dev/-/google-protobuf@v3.21.2-YDUqZL2TTSsy2lGtfuND/dist=es2019,mode=imports/optimized/google-protobuf.js:783:23)
    at jspb.BinaryReader.readEnum (https://cdn.skypack.dev/-/google-protobuf@v3.21.2-YDUqZL2TTSsy2lGtfuND/dist=es2019,mode=imports/optimized/google-protobuf.js:4629:18)
    at Function.deserialize (file:///Users/thesayyn/Documents/thesayyn/protoc-gen-ts/target/debug/build/protoc_gen_ts-8cec2bec66276c47/out/test_conformance/test_messages_proto3.ts:414:58)
    at file:///Users/thesayyn/Documents/thesayyn/protoc-gen-ts/tests/conformance/bin/main.ts:23:78

  protobuf_test_messages.proto3.TestAllTypesProto3 1
  Error: Assertion failed
    at Object.jspb.asserts.doAssertFailure (https://cdn.skypack.dev/-/google-protobuf@v3.21.2-YDUqZL2TTSsy2lGtfuND/dist=es2019,mode=imports/optimized/google-protobuf.js:778:11)
    at Object.jspb.asserts.assert (https://cdn.skypack.dev/-/google-protobuf@v3.21.2-YDUqZL2TTSsy2lGtfuND/dist=es2019,mode=imports/optimized/google-protobuf.js:783:23)
    at jspb.BinaryDecoder.readUint32 (https://cdn.skypack.dev/-/google-protobuf@v3.21.2-YDUqZL2TTSsy2lGtfuND/dist=es2019,mode=imports/optimized/google-protobuf.js:4202:18)
    at jspb.BinaryDecoder.readDouble (https://cdn.skypack.dev/-/google-protobuf@v3.21.2-YDUqZL2TTSsy2lGtfuND/dist=es2019,mode=imports/optimized/google-protobuf.js:4244:18)
    at jspb.BinaryReader.readDouble (https://cdn.skypack.dev/-/google-protobuf@v3.21.2-YDUqZL2TTSsy2lGtfuND/dist=es2019,mode=imports/optimized/google-protobuf.js:4620:26)
    at Function.deserialize (file:///Users/thesayyn/Documents/thesayyn/protoc-gen-ts/target/debug/build/protoc_gen_ts-8cec2bec66276c47/out/test_conformance/test_messages_proto3.ts:205:50)
    at file:///Users/thesayyn/Documents/thesayyn/protoc-gen-ts/tests/conformance/bin/main.ts:23:78

  protobuf_test_messages.proto2.TestAllTypesProto2 1
  Error: Assertion failed
    at Object.jspb.asserts.doAssertFailure (https://cdn.skypack.dev/-/google-protobuf@v3.21.2-YDUqZL2TTSsy2lGtfuND/dist=es2019,mode=imports/optimized/google-protobuf.js:778:11)
    at Object.jspb.asserts.assert (https://cdn.skypack.dev/-/google-protobuf@v3.21.2-YDUqZL2TTSsy2lGtfuND/dist=es2019,mode=imports/optimized/google-protobuf.js:783:23)
    at jspb.BinaryDecoder.readUint32 (https://cdn.skypack.dev/-/google-protobuf@v3.21.2-YDUqZL2TTSsy2lGtfuND/dist=es2019,mode=imports/optimized/google-protobuf.js:4202:18)
    at jspb.BinaryDecoder.readDouble (https://cdn.skypack.dev/-/google-protobuf@v3.21.2-YDUqZL2TTSsy2lGtfuND/dist=es2019,mode=imports/optimized/google-protobuf.js:4244:18)
    at jspb.BinaryReader.readDouble (https://cdn.skypack.dev/-/google-protobuf@v3.21.2-YDUqZL2TTSsy2lGtfuND/dist=es2019,mode=imports/optimized/google-protobuf.js:4620:26)
    at Function.deserialize (file:///Users/thesayyn/Documents/thesayyn/protoc-gen-ts/target/debug/build/protoc_gen_ts-8cec2bec66276c47/out/test_conformance/test_messages_proto2.ts:181:50)
    at file:///Users/thesayyn/Documents/thesayyn/protoc-gen-ts/tests/conformance/bin/main.ts:30:78

  protobuf_test_messages.proto3.TestAllTypesProto3 1
  Error: Assertion failed
    at Object.jspb.asserts.doAssertFailure (https://cdn.skypack.dev/-/google-protobuf@v3.21.2-YDUqZL2TTSsy2lGtfuND/dist=es2019,mode=imports/optimized/google-protobuf.js:778:11)
    at Object.jspb.asserts.assert (https://cdn.skypack.dev/-/google-protobuf@v3.21.2-YDUqZL2TTSsy2lGtfuND/dist=es2019,mode=imports/optimized/google-protobuf.js:783:23)
    at jspb.BinaryDecoder.readUint32 (https://cdn.skypack.dev/-/google-protobuf@v3.21.2-YDUqZL2TTSsy2lGtfuND/dist=es2019,mode=imports/optimized/google-protobuf.js:4202:18)
    at jspb.BinaryDecoder.readDouble (https://cdn.skypack.dev/-/google-protobuf@v3.21.2-YDUqZL2TTSsy2lGtfuND/dist=es2019,mode=imports/optimized/google-protobuf.js:4244:18)
    at jspb.BinaryReader.readDouble (https://cdn.skypack.dev/-/google-protobuf@v3.21.2-YDUqZL2TTSsy2lGtfuND/dist=es2019,mode=imports/optimized/google-protobuf.js:4620:26)
    at Function.deserialize (file:///Users/thesayyn/Documents/thesayyn/protoc-gen-ts/target/debug/build/protoc_gen_ts-8cec2bec66276c47/out/test_conformance/test_messages_proto3.ts:286:58)
    at file:///Users/thesayyn/Documents/thesayyn/protoc-gen-ts/tests/conformance/bin/main.ts:23:78

  protobuf_test_messages.proto2.TestAllTypesProto2 1
  Error: Assertion failed
    at Object.jspb.asserts.doAssertFailure (https://cdn.skypack.dev/-/google-protobuf@v3.21.2-YDUqZL2TTSsy2lGtfuND/dist=es2019,mode=imports/optimized/google-protobuf.js:778:11)
    at Object.jspb.asserts.assert (https://cdn.skypack.dev/-/google-protobuf@v3.21.2-YDUqZL2TTSsy2lGtfuND/dist=es2019,mode=imports/optimized/google-protobuf.js:783:23)
    at jspb.BinaryDecoder.readUint32 (https://cdn.skypack.dev/-/google-protobuf@v3.21.2-YDUqZL2TTSsy2lGtfuND/dist=es2019,mode=imports/optimized/google-protobuf.js:4202:18)
    at jspb.BinaryDecoder.readDouble (https://cdn.skypack.dev/-/google-protobuf@v3.21.2-YDUqZL2TTSsy2lGtfuND/dist=es2019,mode=imports/optimized/google-protobuf.js:4244:18)
    at jspb.BinaryReader.readDouble (https://cdn.skypack.dev/-/google-protobuf@v3.21.2-YDUqZL2TTSsy2lGtfuND/dist=es2019,mode=imports/optimized/google-protobuf.js:4620:26)
    at Function.deserialize (file:///Users/thesayyn/Documents/thesayyn/protoc-gen-ts/target/debug/build/protoc_gen_ts-8cec2bec66276c47/out/test_conformance/test_messages_proto2.ts:247:53)
    at file:///Users/thesayyn/Documents/thesayyn/protoc-gen-ts/tests/conformance/bin/main.ts:30:78

  protobuf_test_messages.proto3.TestAllTypesProto3 1
  Error: Assertion failed
    at Object.jspb.asserts.doAssertFailure (https://cdn.skypack.dev/-/google-protobuf@v3.21.2-YDUqZL2TTSsy2lGtfuND/dist=es2019,mode=imports/optimized/google-protobuf.js:778:11)
    at Object.jspb.asserts.assert (https://cdn.skypack.dev/-/google-protobuf@v3.21.2-YDUqZL2TTSsy2lGtfuND/dist=es2019,mode=imports/optimized/google-protobuf.js:783:23)
    at jspb.BinaryDecoder.advance (https://cdn.skypack.dev/-/google-protobuf@v3.21.2-YDUqZL2TTSsy2lGtfuND/dist=es2019,mode=imports/optimized/google-protobuf.js:4081:18)
    at jspb.BinaryReader.skipFixed64Field (https://cdn.skypack.dev/-/google-protobuf@v3.21.2-YDUqZL2TTSsy2lGtfuND/dist=es2019,mode=imports/optimized/google-protobuf.js:4409:163)
    at jspb.BinaryReader.skipField (https://cdn.skypack.dev/-/google-protobuf@v3.21.2-YDUqZL2TTSsy2lGtfuND/dist=es2019,mode=imports/optimized/google-protobuf.js:4432:14)
    at Function.deserialize (file:///Users/thesayyn/Documents/thesayyn/protoc-gen-ts/target/debug/build/protoc_gen_ts-8cec2bec66276c47/out/test_conformance/test_messages_proto3.ts:958:24)
    at file:///Users/thesayyn/Documents/thesayyn/protoc-gen-ts/tests/conformance/bin/main.ts:23:78

  protobuf_test_messages.proto2.TestAllTypesProto2 1
  Error: Assertion failed
    at Object.jspb.asserts.doAssertFailure (https://cdn.skypack.dev/-/google-protobuf@v3.21.2-YDUqZL2TTSsy2lGtfuND/dist=es2019,mode=imports/optimized/google-protobuf.js:778:11)
    at Object.jspb.asserts.assert (https://cdn.skypack.dev/-/google-protobuf@v3.21.2-YDUqZL2TTSsy2lGtfuND/dist=es2019,mode=imports/optimized/google-protobuf.js:783:23)
    at jspb.BinaryDecoder.advance (https://cdn.skypack.dev/-/google-protobuf@v3.21.2-YDUqZL2TTSsy2lGtfuND/dist=es2019,mode=imports/optimized/google-protobuf.js:4081:18)
    at jspb.BinaryReader.skipFixed64Field (https://cdn.skypack.dev/-/google-protobuf@v3.21.2-YDUqZL2TTSsy2lGtfuND/dist=es2019,mode=imports/optimized/google-protobuf.js:4409:163)
    at jspb.BinaryReader.skipField (https://cdn.skypack.dev/-/google-protobuf@v3.21.2-YDUqZL2TTSsy2lGtfuND/dist=es2019,mode=imports/optimized/google-protobuf.js:4432:14)
    at Function.deserialize (file:///Users/thesayyn/Documents/thesayyn/protoc-gen-ts/target/debug/build/protoc_gen_ts-8cec2bec66276c47/out/test_conformance/test_messages_proto2.ts:865:24)
    at file:///Users/thesayyn/Documents/thesayyn/protoc-gen-ts/tests/conformance/bin/main.ts:30:78

  protobuf_test_messages.proto3.TestAllTypesProto3 1
  Error: Assertion failed
    at Object.jspb.asserts.doAssertFailure (https://cdn.skypack.dev/-/google-protobuf@v3.21.2-YDUqZL2TTSsy2lGtfuND/dist=es2019,mode=imports/optimized/google-protobuf.js:778:11)
    at Object.jspb.asserts.assert (https://cdn.skypack.dev/-/google-protobuf@v3.21.2-YDUqZL2TTSsy2lGtfuND/dist=es2019,mode=imports/optimized/google-protobuf.js:783:23)
    at jspb.BinaryDecoder.readUint32 (https://cdn.skypack.dev/-/google-protobuf@v3.21.2-YDUqZL2TTSsy2lGtfuND/dist=es2019,mode=imports/optimized/google-protobuf.js:4202:18)
    at jspb.BinaryDecoder.readDouble (https://cdn.skypack.dev/-/google-protobuf@v3.21.2-YDUqZL2TTSsy2lGtfuND/dist=es2019,mode=imports/optimized/google-protobuf.js:4244:41)
    at jspb.BinaryReader.readDouble (https://cdn.skypack.dev/-/google-protobuf@v3.21.2-YDUqZL2TTSsy2lGtfuND/dist=es2019,mode=imports/optimized/google-protobuf.js:4620:26)
    at Function.deserialize (file:///Users/thesayyn/Documents/thesayyn/protoc-gen-ts/target/debug/build/protoc_gen_ts-8cec2bec66276c47/out/test_conformance/test_messages_proto3.ts:205:50)
    at file:///Users/thesayyn/Documents/thesayyn/protoc-gen-ts/tests/conformance/bin/main.ts:23:78

  protobuf_test_messages.proto2.TestAllTypesProto2 1
  Error: Assertion failed
    at Object.jspb.asserts.doAssertFailure (https://cdn.skypack.dev/-/google-protobuf@v3.21.2-YDUqZL2TTSsy2lGtfuND/dist=es2019,mode=imports/optimized/google-protobuf.js:778:11)
    at Object.jspb.asserts.assert (https://cdn.skypack.dev/-/google-protobuf@v3.21.2-YDUqZL2TTSsy2lGtfuND/dist=es2019,mode=imports/optimized/google-protobuf.js:783:23)
    at jspb.BinaryDecoder.readUint32 (https://cdn.skypack.dev/-/google-protobuf@v3.21.2-YDUqZL2TTSsy2lGtfuND/dist=es2019,mode=imports/optimized/google-protobuf.js:4202:18)
    at jspb.BinaryDecoder.readDouble (https://cdn.skypack.dev/-/google-protobuf@v3.21.2-YDUqZL2TTSsy2lGtfuND/dist=es2019,mode=imports/optimized/google-protobuf.js:4244:41)
    at jspb.BinaryReader.readDouble (https://cdn.skypack.dev/-/google-protobuf@v3.21.2-YDUqZL2TTSsy2lGtfuND/dist=es2019,mode=imports/optimized/google-protobuf.js:4620:26)
    at Function.deserialize (file:///Users/thesayyn/Documents/thesayyn/protoc-gen-ts/target/debug/build/protoc_gen_ts-8cec2bec66276c47/out/test_conformance/test_messages_proto2.ts:181:50)
    at file:///Users/thesayyn/Documents/thesayyn/protoc-gen-ts/tests/conformance/bin/main.ts:30:78

  protobuf_test_messages.proto3.TestAllTypesProto3 1
  Error: Assertion failed
    at Object.jspb.asserts.doAssertFailure (https://cdn.skypack.dev/-/google-protobuf@v3.21.2-YDUqZL2TTSsy2lGtfuND/dist=es2019,mode=imports/optimized/google-protobuf.js:778:11)
    at Object.jspb.asserts.assert (https://cdn.skypack.dev/-/google-protobuf@v3.21.2-YDUqZL2TTSsy2lGtfuND/dist=es2019,mode=imports/optimized/google-protobuf.js:783:23)
    at jspb.BinaryDecoder.readUint32 (https://cdn.skypack.dev/-/google-protobuf@v3.21.2-YDUqZL2TTSsy2lGtfuND/dist=es2019,mode=imports/optimized/google-protobuf.js:4202:18)
    at jspb.BinaryDecoder.readDouble (https://cdn.skypack.dev/-/google-protobuf@v3.21.2-YDUqZL2TTSsy2lGtfuND/dist=es2019,mode=imports/optimized/google-protobuf.js:4244:41)
    at jspb.BinaryReader.readDouble (https://cdn.skypack.dev/-/google-protobuf@v3.21.2-YDUqZL2TTSsy2lGtfuND/dist=es2019,mode=imports/optimized/google-protobuf.js:4620:26)
    at Function.deserialize (file:///Users/thesayyn/Documents/thesayyn/protoc-gen-ts/target/debug/build/protoc_gen_ts-8cec2bec66276c47/out/test_conformance/test_messages_proto3.ts:286:58)
    at file:///Users/thesayyn/Documents/thesayyn/protoc-gen-ts/tests/conformance/bin/main.ts:23:78

  protobuf_test_messages.proto2.TestAllTypesProto2 1
  Error: Assertion failed
    at Object.jspb.asserts.doAssertFailure (https://cdn.skypack.dev/-/google-protobuf@v3.21.2-YDUqZL2TTSsy2lGtfuND/dist=es2019,mode=imports/optimized/google-protobuf.js:778:11)
    at Object.jspb.asserts.assert (https://cdn.skypack.dev/-/google-protobuf@v3.21.2-YDUqZL2TTSsy2lGtfuND/dist=es2019,mode=imports/optimized/google-protobuf.js:783:23)
    at jspb.BinaryDecoder.readUint32 (https://cdn.skypack.dev/-/google-protobuf@v3.21.2-YDUqZL2TTSsy2lGtfuND/dist=es2019,mode=imports/optimized/google-protobuf.js:4202:18)
    at jspb.BinaryDecoder.readDouble (https://cdn.skypack.dev/-/google-protobuf@v3.21.2-YDUqZL2TTSsy2lGtfuND/dist=es2019,mode=imports/optimized/google-protobuf.js:4244:41)
    at jspb.BinaryReader.readDouble (https://cdn.skypack.dev/-/google-protobuf@v3.21.2-YDUqZL2TTSsy2lGtfuND/dist=es2019,mode=imports/optimized/google-protobuf.js:4620:26)
    at Function.deserialize (file:///Users/thesayyn/Documents/thesayyn/protoc-gen-ts/target/debug/build/protoc_gen_ts-8cec2bec66276c47/out/test_conformance/test_messages_proto2.ts:247:53)
    at file:///Users/thesayyn/Documents/thesayyn/protoc-gen-ts/tests/conformance/bin/main.ts:30:78

  protobuf_test_messages.proto3.TestAllTypesProto3 1
  Error: Assertion failed
    at Object.jspb.asserts.doAssertFailure (https://cdn.skypack.dev/-/google-protobuf@v3.21.2-YDUqZL2TTSsy2lGtfuND/dist=es2019,mode=imports/optimized/google-protobuf.js:778:11)
    at Object.jspb.asserts.assert (https://cdn.skypack.dev/-/google-protobuf@v3.21.2-YDUqZL2TTSsy2lGtfuND/dist=es2019,mode=imports/optimized/google-protobuf.js:783:23)
    at jspb.BinaryDecoder.advance (https://cdn.skypack.dev/-/google-protobuf@v3.21.2-YDUqZL2TTSsy2lGtfuND/dist=es2019,mode=imports/optimized/google-protobuf.js:4081:18)
    at jspb.BinaryReader.skipFixed64Field (https://cdn.skypack.dev/-/google-protobuf@v3.21.2-YDUqZL2TTSsy2lGtfuND/dist=es2019,mode=imports/optimized/google-protobuf.js:4409:163)
    at jspb.BinaryReader.skipField (https://cdn.skypack.dev/-/google-protobuf@v3.21.2-YDUqZL2TTSsy2lGtfuND/dist=es2019,mode=imports/optimized/google-protobuf.js:4432:14)
    at Function.deserialize (file:///Users/thesayyn/Documents/thesayyn/protoc-gen-ts/target/debug/build/protoc_gen_ts-8cec2bec66276c47/out/test_conformance/test_messages_proto3.ts:958:24)
    at file:///Users/thesayyn/Documents/thesayyn/protoc-gen-ts/tests/conformance/bin/main.ts:23:78

  protobuf_test_messages.proto2.TestAllTypesProto2 1
  Error: Assertion failed
    at Object.jspb.asserts.doAssertFailure (https://cdn.skypack.dev/-/google-protobuf@v3.21.2-YDUqZL2TTSsy2lGtfuND/dist=es2019,mode=imports/optimized/google-protobuf.js:778:11)
    at Object.jspb.asserts.assert (https://cdn.skypack.dev/-/google-protobuf@v3.21.2-YDUqZL2TTSsy2lGtfuND/dist=es2019,mode=imports/optimized/google-protobuf.js:783:23)
    at jspb.BinaryDecoder.advance (https://cdn.skypack.dev/-/google-protobuf@v3.21.2-YDUqZL2TTSsy2lGtfuND/dist=es2019,mode=imports/optimized/google-protobuf.js:4081:18)
    at jspb.BinaryReader.skipFixed64Field (https://cdn.skypack.dev/-/google-protobuf@v3.21.2-YDUqZL2TTSsy2lGtfuND/dist=es2019,mode=imports/optimized/google-protobuf.js:4409:163)
    at jspb.BinaryReader.skipField (https://cdn.skypack.dev/-/google-protobuf@v3.21.2-YDUqZL2TTSsy2lGtfuND/dist=es2019,mode=imports/optimized/google-protobuf.js:4432:14)
    at Function.deserialize (file:///Users/thesayyn/Documents/thesayyn/protoc-gen-ts/target/debug/build/protoc_gen_ts-8cec2bec66276c47/out/test_conformance/test_messages_proto2.ts:865:24)
    at file:///Users/thesayyn/Documents/thesayyn/protoc-gen-ts/tests/conformance/bin/main.ts:30:78

  protobuf_test_messages.proto3.TestAllTypesProto3 1
  Error: Assertion failed
    at Object.jspb.asserts.doAssertFailure (https://cdn.skypack.dev/-/google-protobuf@v3.21.2-YDUqZL2TTSsy2lGtfuND/dist=es2019,mode=imports/optimized/google-protobuf.js:778:11)
    at Object.jspb.asserts.assert (https://cdn.skypack.dev/-/google-protobuf@v3.21.2-YDUqZL2TTSsy2lGtfuND/dist=es2019,mode=imports/optimized/google-protobuf.js:783:23)
    at jspb.BinaryDecoder.readUint32 (https://cdn.skypack.dev/-/google-protobuf@v3.21.2-YDUqZL2TTSsy2lGtfuND/dist=es2019,mode=imports/optimized/google-protobuf.js:4202:18)
    at jspb.BinaryDecoder.readDouble (https://cdn.skypack.dev/-/google-protobuf@v3.21.2-YDUqZL2TTSsy2lGtfuND/dist=es2019,mode=imports/optimized/google-protobuf.js:4244:41)
    at jspb.BinaryReader.readPackedField_ (https://cdn.skypack.dev/-/google-protobuf@v3.21.2-YDUqZL2TTSsy2lGtfuND/dist=es2019,mode=imports/optimized/google-protobuf.js:4676:16)
    at jspb.BinaryReader.readPackedDouble (https://cdn.skypack.dev/-/google-protobuf@v3.21.2-YDUqZL2TTSsy2lGtfuND/dist=es2019,mode=imports/optimized/google-protobuf.js:4745:17)
    at Function.deserialize (file:///Users/thesayyn/Documents/thesayyn/protoc-gen-ts/target/debug/build/protoc_gen_ts-8cec2bec66276c47/out/test_conformance/test_messages_proto3.ts:285:78)
    at file:///Users/thesayyn/Documents/thesayyn/protoc-gen-ts/tests/conformance/bin/main.ts:23:78

  protobuf_test_messages.proto2.TestAllTypesProto2 1
  Error: Assertion failed
    at Object.jspb.asserts.doAssertFailure (https://cdn.skypack.dev/-/google-protobuf@v3.21.2-YDUqZL2TTSsy2lGtfuND/dist=es2019,mode=imports/optimized/google-protobuf.js:778:11)
    at Object.jspb.asserts.assert (https://cdn.skypack.dev/-/google-protobuf@v3.21.2-YDUqZL2TTSsy2lGtfuND/dist=es2019,mode=imports/optimized/google-protobuf.js:783:23)
    at jspb.BinaryReader.readDouble (https://cdn.skypack.dev/-/google-protobuf@v3.21.2-YDUqZL2TTSsy2lGtfuND/dist=es2019,mode=imports/optimized/google-protobuf.js:4619:18)
    at Function.deserialize (file:///Users/thesayyn/Documents/thesayyn/protoc-gen-ts/target/debug/build/protoc_gen_ts-8cec2bec66276c47/out/test_conformance/test_messages_proto2.ts:247:53)
    at file:///Users/thesayyn/Documents/thesayyn/protoc-gen-ts/tests/conformance/bin/main.ts:30:78

  protobuf_test_messages.proto3.TestAllTypesProto3 1
  Error: Assertion failed
    at Object.jspb.asserts.doAssertFailure (https://cdn.skypack.dev/-/google-protobuf@v3.21.2-YDUqZL2TTSsy2lGtfuND/dist=es2019,mode=imports/optimized/google-protobuf.js:778:11)
    at Object.jspb.asserts.assert (https://cdn.skypack.dev/-/google-protobuf@v3.21.2-YDUqZL2TTSsy2lGtfuND/dist=es2019,mode=imports/optimized/google-protobuf.js:783:23)
    at jspb.BinaryDecoder.readUint32 (https://cdn.skypack.dev/-/google-protobuf@v3.21.2-YDUqZL2TTSsy2lGtfuND/dist=es2019,mode=imports/optimized/google-protobuf.js:4202:18)
    at jspb.BinaryDecoder.readDouble (https://cdn.skypack.dev/-/google-protobuf@v3.21.2-YDUqZL2TTSsy2lGtfuND/dist=es2019,mode=imports/optimized/google-protobuf.js:4244:18)
    at jspb.BinaryReader.readPackedField_ (https://cdn.skypack.dev/-/google-protobuf@v3.21.2-YDUqZL2TTSsy2lGtfuND/dist=es2019,mode=imports/optimized/google-protobuf.js:4676:16)
    at jspb.BinaryReader.readPackedDouble (https://cdn.skypack.dev/-/google-protobuf@v3.21.2-YDUqZL2TTSsy2lGtfuND/dist=es2019,mode=imports/optimized/google-protobuf.js:4745:17)
    at Function.deserialize (file:///Users/thesayyn/Documents/thesayyn/protoc-gen-ts/target/debug/build/protoc_gen_ts-8cec2bec66276c47/out/test_conformance/test_messages_proto3.ts:285:78)
    at file:///Users/thesayyn/Documents/thesayyn/protoc-gen-ts/tests/conformance/bin/main.ts:23:78

  protobuf_test_messages.proto2.TestAllTypesProto2 1
  Error: Assertion failed
    at Object.jspb.asserts.doAssertFailure (https://cdn.skypack.dev/-/google-protobuf@v3.21.2-YDUqZL2TTSsy2lGtfuND/dist=es2019,mode=imports/optimized/google-protobuf.js:778:11)
    at Object.jspb.asserts.assert (https://cdn.skypack.dev/-/google-protobuf@v3.21.2-YDUqZL2TTSsy2lGtfuND/dist=es2019,mode=imports/optimized/google-protobuf.js:783:23)
    at jspb.BinaryReader.readDouble (https://cdn.skypack.dev/-/google-protobuf@v3.21.2-YDUqZL2TTSsy2lGtfuND/dist=es2019,mode=imports/optimized/google-protobuf.js:4619:18)
    at Function.deserialize (file:///Users/thesayyn/Documents/thesayyn/protoc-gen-ts/target/debug/build/protoc_gen_ts-8cec2bec66276c47/out/test_conformance/test_messages_proto2.ts:247:53)
    at file:///Users/thesayyn/Documents/thesayyn/protoc-gen-ts/tests/conformance/bin/main.ts:30:78

  protobuf_test_messages.proto3.TestAllTypesProto3 1
  Error: Assertion failed
    at Object.jspb.asserts.doAssertFailure (https://cdn.skypack.dev/-/google-protobuf@v3.21.2-YDUqZL2TTSsy2lGtfuND/dist=es2019,mode=imports/optimized/google-protobuf.js:778:11)
    at Object.jspb.asserts.assert (https://cdn.skypack.dev/-/google-protobuf@v3.21.2-YDUqZL2TTSsy2lGtfuND/dist=es2019,mode=imports/optimized/google-protobuf.js:783:23)
    at jspb.BinaryDecoder.readUint32 (https://cdn.skypack.dev/-/google-protobuf@v3.21.2-YDUqZL2TTSsy2lGtfuND/dist=es2019,mode=imports/optimized/google-protobuf.js:4202:18)
    at jspb.BinaryDecoder.readFloat (https://cdn.skypack.dev/-/google-protobuf@v3.21.2-YDUqZL2TTSsy2lGtfuND/dist=es2019,mode=imports/optimized/google-protobuf.js:4240:18)
    at jspb.BinaryReader.readFloat (https://cdn.skypack.dev/-/google-protobuf@v3.21.2-YDUqZL2TTSsy2lGtfuND/dist=es2019,mode=imports/optimized/google-protobuf.js:4615:26)
    at Function.deserialize (file:///Users/thesayyn/Documents/thesayyn/protoc-gen-ts/target/debug/build/protoc_gen_ts-8cec2bec66276c47/out/test_conformance/test_messages_proto3.ts:202:49)
    at file:///Users/thesayyn/Documents/thesayyn/protoc-gen-ts/tests/conformance/bin/main.ts:23:78

  protobuf_test_messages.proto2.TestAllTypesProto2 1
  Error: Assertion failed
    at Object.jspb.asserts.doAssertFailure (https://cdn.skypack.dev/-/google-protobuf@v3.21.2-YDUqZL2TTSsy2lGtfuND/dist=es2019,mode=imports/optimized/google-protobuf.js:778:11)
    at Object.jspb.asserts.assert (https://cdn.skypack.dev/-/google-protobuf@v3.21.2-YDUqZL2TTSsy2lGtfuND/dist=es2019,mode=imports/optimized/google-protobuf.js:783:23)
    at jspb.BinaryDecoder.readUint32 (https://cdn.skypack.dev/-/google-protobuf@v3.21.2-YDUqZL2TTSsy2lGtfuND/dist=es2019,mode=imports/optimized/google-protobuf.js:4202:18)
    at jspb.BinaryDecoder.readFloat (https://cdn.skypack.dev/-/google-protobuf@v3.21.2-YDUqZL2TTSsy2lGtfuND/dist=es2019,mode=imports/optimized/google-protobuf.js:4240:18)
    at jspb.BinaryReader.readFloat (https://cdn.skypack.dev/-/google-protobuf@v3.21.2-YDUqZL2TTSsy2lGtfuND/dist=es2019,mode=imports/optimized/google-protobuf.js:4615:26)
    at Function.deserialize (file:///Users/thesayyn/Documents/thesayyn/protoc-gen-ts/target/debug/build/protoc_gen_ts-8cec2bec66276c47/out/test_conformance/test_messages_proto2.ts:178:49)
    at file:///Users/thesayyn/Documents/thesayyn/protoc-gen-ts/tests/conformance/bin/main.ts:30:78

  protobuf_test_messages.proto3.TestAllTypesProto3 1
  Error: Assertion failed
    at Object.jspb.asserts.doAssertFailure (https://cdn.skypack.dev/-/google-protobuf@v3.21.2-YDUqZL2TTSsy2lGtfuND/dist=es2019,mode=imports/optimized/google-protobuf.js:778:11)
    at Object.jspb.asserts.assert (https://cdn.skypack.dev/-/google-protobuf@v3.21.2-YDUqZL2TTSsy2lGtfuND/dist=es2019,mode=imports/optimized/google-protobuf.js:783:23)
    at jspb.BinaryDecoder.readUint32 (https://cdn.skypack.dev/-/google-protobuf@v3.21.2-YDUqZL2TTSsy2lGtfuND/dist=es2019,mode=imports/optimized/google-protobuf.js:4202:18)
    at jspb.BinaryDecoder.readFloat (https://cdn.skypack.dev/-/google-protobuf@v3.21.2-YDUqZL2TTSsy2lGtfuND/dist=es2019,mode=imports/optimized/google-protobuf.js:4240:18)
    at jspb.BinaryReader.readFloat (https://cdn.skypack.dev/-/google-protobuf@v3.21.2-YDUqZL2TTSsy2lGtfuND/dist=es2019,mode=imports/optimized/google-protobuf.js:4615:26)
    at Function.deserialize (file:///Users/thesayyn/Documents/thesayyn/protoc-gen-ts/target/debug/build/protoc_gen_ts-8cec2bec66276c47/out/test_conformance/test_messages_proto3.ts:282:57)
    at file:///Users/thesayyn/Documents/thesayyn/protoc-gen-ts/tests/conformance/bin/main.ts:23:78

  protobuf_test_messages.proto2.TestAllTypesProto2 1
  Error: Assertion failed
    at Object.jspb.asserts.doAssertFailure (https://cdn.skypack.dev/-/google-protobuf@v3.21.2-YDUqZL2TTSsy2lGtfuND/dist=es2019,mode=imports/optimized/google-protobuf.js:778:11)
    at Object.jspb.asserts.assert (https://cdn.skypack.dev/-/google-protobuf@v3.21.2-YDUqZL2TTSsy2lGtfuND/dist=es2019,mode=imports/optimized/google-protobuf.js:783:23)
    at jspb.BinaryDecoder.readUint32 (https://cdn.skypack.dev/-/google-protobuf@v3.21.2-YDUqZL2TTSsy2lGtfuND/dist=es2019,mode=imports/optimized/google-protobuf.js:4202:18)
    at jspb.BinaryDecoder.readFloat (https://cdn.skypack.dev/-/google-protobuf@v3.21.2-YDUqZL2TTSsy2lGtfuND/dist=es2019,mode=imports/optimized/google-protobuf.js:4240:18)
    at jspb.BinaryReader.readFloat (https://cdn.skypack.dev/-/google-protobuf@v3.21.2-YDUqZL2TTSsy2lGtfuND/dist=es2019,mode=imports/optimized/google-protobuf.js:4615:26)
    at Function.deserialize (file:///Users/thesayyn/Documents/thesayyn/protoc-gen-ts/target/debug/build/protoc_gen_ts-8cec2bec66276c47/out/test_conformance/test_messages_proto2.ts:244:52)
    at file:///Users/thesayyn/Documents/thesayyn/protoc-gen-ts/tests/conformance/bin/main.ts:30:78

  protobuf_test_messages.proto3.TestAllTypesProto3 1
  Error: Assertion failed
    at Object.jspb.asserts.doAssertFailure (https://cdn.skypack.dev/-/google-protobuf@v3.21.2-YDUqZL2TTSsy2lGtfuND/dist=es2019,mode=imports/optimized/google-protobuf.js:778:11)
    at Object.jspb.asserts.assert (https://cdn.skypack.dev/-/google-protobuf@v3.21.2-YDUqZL2TTSsy2lGtfuND/dist=es2019,mode=imports/optimized/google-protobuf.js:783:23)
    at jspb.BinaryDecoder.advance (https://cdn.skypack.dev/-/google-protobuf@v3.21.2-YDUqZL2TTSsy2lGtfuND/dist=es2019,mode=imports/optimized/google-protobuf.js:4081:18)
    at jspb.BinaryReader.skipFixed32Field (https://cdn.skypack.dev/-/google-protobuf@v3.21.2-YDUqZL2TTSsy2lGtfuND/dist=es2019,mode=imports/optimized/google-protobuf.js:4406:163)
    at jspb.BinaryReader.skipField (https://cdn.skypack.dev/-/google-protobuf@v3.21.2-YDUqZL2TTSsy2lGtfuND/dist=es2019,mode=imports/optimized/google-protobuf.js:4438:14)
    at Function.deserialize (file:///Users/thesayyn/Documents/thesayyn/protoc-gen-ts/target/debug/build/protoc_gen_ts-8cec2bec66276c47/out/test_conformance/test_messages_proto3.ts:958:24)
    at file:///Users/thesayyn/Documents/thesayyn/protoc-gen-ts/tests/conformance/bin/main.ts:23:78

  protobuf_test_messages.proto2.TestAllTypesProto2 1
  Error: Assertion failed
    at Object.jspb.asserts.doAssertFailure (https://cdn.skypack.dev/-/google-protobuf@v3.21.2-YDUqZL2TTSsy2lGtfuND/dist=es2019,mode=imports/optimized/google-protobuf.js:778:11)
    at Object.jspb.asserts.assert (https://cdn.skypack.dev/-/google-protobuf@v3.21.2-YDUqZL2TTSsy2lGtfuND/dist=es2019,mode=imports/optimized/google-protobuf.js:783:23)
    at jspb.BinaryDecoder.advance (https://cdn.skypack.dev/-/google-protobuf@v3.21.2-YDUqZL2TTSsy2lGtfuND/dist=es2019,mode=imports/optimized/google-protobuf.js:4081:18)
    at jspb.BinaryReader.skipFixed32Field (https://cdn.skypack.dev/-/google-protobuf@v3.21.2-YDUqZL2TTSsy2lGtfuND/dist=es2019,mode=imports/optimized/google-protobuf.js:4406:163)
    at jspb.BinaryReader.skipField (https://cdn.skypack.dev/-/google-protobuf@v3.21.2-YDUqZL2TTSsy2lGtfuND/dist=es2019,mode=imports/optimized/google-protobuf.js:4438:14)
    at Function.deserialize (file:///Users/thesayyn/Documents/thesayyn/protoc-gen-ts/target/debug/build/protoc_gen_ts-8cec2bec66276c47/out/test_conformance/test_messages_proto2.ts:865:24)
    at file:///Users/thesayyn/Documents/thesayyn/protoc-gen-ts/tests/conformance/bin/main.ts:30:78

  protobuf_test_messages.proto3.TestAllTypesProto3 1
  Error: Assertion failed
    at Object.jspb.asserts.doAssertFailure (https://cdn.skypack.dev/-/google-protobuf@v3.21.2-YDUqZL2TTSsy2lGtfuND/dist=es2019,mode=imports/optimized/google-protobuf.js:778:11)
    at Object.jspb.asserts.assert (https://cdn.skypack.dev/-/google-protobuf@v3.21.2-YDUqZL2TTSsy2lGtfuND/dist=es2019,mode=imports/optimized/google-protobuf.js:783:23)
    at jspb.BinaryDecoder.readUint32 (https://cdn.skypack.dev/-/google-protobuf@v3.21.2-YDUqZL2TTSsy2lGtfuND/dist=es2019,mode=imports/optimized/google-protobuf.js:4202:18)
    at jspb.BinaryDecoder.readFloat (https://cdn.skypack.dev/-/google-protobuf@v3.21.2-YDUqZL2TTSsy2lGtfuND/dist=es2019,mode=imports/optimized/google-protobuf.js:4240:18)
    at jspb.BinaryReader.readFloat (https://cdn.skypack.dev/-/google-protobuf@v3.21.2-YDUqZL2TTSsy2lGtfuND/dist=es2019,mode=imports/optimized/google-protobuf.js:4615:26)
    at Function.deserialize (file:///Users/thesayyn/Documents/thesayyn/protoc-gen-ts/target/debug/build/protoc_gen_ts-8cec2bec66276c47/out/test_conformance/test_messages_proto3.ts:202:49)
    at file:///Users/thesayyn/Documents/thesayyn/protoc-gen-ts/tests/conformance/bin/main.ts:23:78

  protobuf_test_messages.proto2.TestAllTypesProto2 1
  Error: Assertion failed
    at Object.jspb.asserts.doAssertFailure (https://cdn.skypack.dev/-/google-protobuf@v3.21.2-YDUqZL2TTSsy2lGtfuND/dist=es2019,mode=imports/optimized/google-protobuf.js:778:11)
    at Object.jspb.asserts.assert (https://cdn.skypack.dev/-/google-protobuf@v3.21.2-YDUqZL2TTSsy2lGtfuND/dist=es2019,mode=imports/optimized/google-protobuf.js:783:23)
    at jspb.BinaryDecoder.readUint32 (https://cdn.skypack.dev/-/google-protobuf@v3.21.2-YDUqZL2TTSsy2lGtfuND/dist=es2019,mode=imports/optimized/google-protobuf.js:4202:18)
    at jspb.BinaryDecoder.readFloat (https://cdn.skypack.dev/-/google-protobuf@v3.21.2-YDUqZL2TTSsy2lGtfuND/dist=es2019,mode=imports/optimized/google-protobuf.js:4240:18)
    at jspb.BinaryReader.readFloat (https://cdn.skypack.dev/-/google-protobuf@v3.21.2-YDUqZL2TTSsy2lGtfuND/dist=es2019,mode=imports/optimized/google-protobuf.js:4615:26)
    at Function.deserialize (file:///Users/thesayyn/Documents/thesayyn/protoc-gen-ts/target/debug/build/protoc_gen_ts-8cec2bec66276c47/out/test_conformance/test_messages_proto2.ts:178:49)
    at file:///Users/thesayyn/Documents/thesayyn/protoc-gen-ts/tests/conformance/bin/main.ts:30:78

  protobuf_test_messages.proto3.TestAllTypesProto3 1
  Error: Assertion failed
    at Object.jspb.asserts.doAssertFailure (https://cdn.skypack.dev/-/google-protobuf@v3.21.2-YDUqZL2TTSsy2lGtfuND/dist=es2019,mode=imports/optimized/google-protobuf.js:778:11)
    at Object.jspb.asserts.assert (https://cdn.skypack.dev/-/google-protobuf@v3.21.2-YDUqZL2TTSsy2lGtfuND/dist=es2019,mode=imports/optimized/google-protobuf.js:783:23)
    at jspb.BinaryDecoder.readUint32 (https://cdn.skypack.dev/-/google-protobuf@v3.21.2-YDUqZL2TTSsy2lGtfuND/dist=es2019,mode=imports/optimized/google-protobuf.js:4202:18)
    at jspb.BinaryDecoder.readFloat (https://cdn.skypack.dev/-/google-protobuf@v3.21.2-YDUqZL2TTSsy2lGtfuND/dist=es2019,mode=imports/optimized/google-protobuf.js:4240:18)
    at jspb.BinaryReader.readFloat (https://cdn.skypack.dev/-/google-protobuf@v3.21.2-YDUqZL2TTSsy2lGtfuND/dist=es2019,mode=imports/optimized/google-protobuf.js:4615:26)
    at Function.deserialize (file:///Users/thesayyn/Documents/thesayyn/protoc-gen-ts/target/debug/build/protoc_gen_ts-8cec2bec66276c47/out/test_conformance/test_messages_proto3.ts:282:57)
    at file:///Users/thesayyn/Documents/thesayyn/protoc-gen-ts/tests/conformance/bin/main.ts:23:78

  protobuf_test_messages.proto2.TestAllTypesProto2 1
  Error: Assertion failed
    at Object.jspb.asserts.doAssertFailure (https://cdn.skypack.dev/-/google-protobuf@v3.21.2-YDUqZL2TTSsy2lGtfuND/dist=es2019,mode=imports/optimized/google-protobuf.js:778:11)
    at Object.jspb.asserts.assert (https://cdn.skypack.dev/-/google-protobuf@v3.21.2-YDUqZL2TTSsy2lGtfuND/dist=es2019,mode=imports/optimized/google-protobuf.js:783:23)
    at jspb.BinaryDecoder.readUint32 (https://cdn.skypack.dev/-/google-protobuf@v3.21.2-YDUqZL2TTSsy2lGtfuND/dist=es2019,mode=imports/optimized/google-protobuf.js:4202:18)
    at jspb.BinaryDecoder.readFloat (https://cdn.skypack.dev/-/google-protobuf@v3.21.2-YDUqZL2TTSsy2lGtfuND/dist=es2019,mode=imports/optimized/google-protobuf.js:4240:18)
    at jspb.BinaryReader.readFloat (https://cdn.skypack.dev/-/google-protobuf@v3.21.2-YDUqZL2TTSsy2lGtfuND/dist=es2019,mode=imports/optimized/google-protobuf.js:4615:26)
    at Function.deserialize (file:///Users/thesayyn/Documents/thesayyn/protoc-gen-ts/target/debug/build/protoc_gen_ts-8cec2bec66276c47/out/test_conformance/test_messages_proto2.ts:244:52)
    at file:///Users/thesayyn/Documents/thesayyn/protoc-gen-ts/tests/conformance/bin/main.ts:30:78

  protobuf_test_messages.proto3.TestAllTypesProto3 1
  Error: Assertion failed
    at Object.jspb.asserts.doAssertFailure (https://cdn.skypack.dev/-/google-protobuf@v3.21.2-YDUqZL2TTSsy2lGtfuND/dist=es2019,mode=imports/optimized/google-protobuf.js:778:11)
    at Object.jspb.asserts.assert (https://cdn.skypack.dev/-/google-protobuf@v3.21.2-YDUqZL2TTSsy2lGtfuND/dist=es2019,mode=imports/optimized/google-protobuf.js:783:23)
    at jspb.BinaryDecoder.advance (https://cdn.skypack.dev/-/google-protobuf@v3.21.2-YDUqZL2TTSsy2lGtfuND/dist=es2019,mode=imports/optimized/google-protobuf.js:4081:18)
    at jspb.BinaryReader.skipFixed32Field (https://cdn.skypack.dev/-/google-protobuf@v3.21.2-YDUqZL2TTSsy2lGtfuND/dist=es2019,mode=imports/optimized/google-protobuf.js:4406:163)
    at jspb.BinaryReader.skipField (https://cdn.skypack.dev/-/google-protobuf@v3.21.2-YDUqZL2TTSsy2lGtfuND/dist=es2019,mode=imports/optimized/google-protobuf.js:4438:14)
    at Function.deserialize (file:///Users/thesayyn/Documents/thesayyn/protoc-gen-ts/target/debug/build/protoc_gen_ts-8cec2bec66276c47/out/test_conformance/test_messages_proto3.ts:958:24)
    at file:///Users/thesayyn/Documents/thesayyn/protoc-gen-ts/tests/conformance/bin/main.ts:23:78

  protobuf_test_messages.proto2.TestAllTypesProto2 1
  Error: Assertion failed
    at Object.jspb.asserts.doAssertFailure (https://cdn.skypack.dev/-/google-protobuf@v3.21.2-YDUqZL2TTSsy2lGtfuND/dist=es2019,mode=imports/optimized/google-protobuf.js:778:11)
    at Object.jspb.asserts.assert (https://cdn.skypack.dev/-/google-protobuf@v3.21.2-YDUqZL2TTSsy2lGtfuND/dist=es2019,mode=imports/optimized/google-protobuf.js:783:23)
    at jspb.BinaryDecoder.advance (https://cdn.skypack.dev/-/google-protobuf@v3.21.2-YDUqZL2TTSsy2lGtfuND/dist=es2019,mode=imports/optimized/google-protobuf.js:4081:18)
    at jspb.BinaryReader.skipFixed32Field (https://cdn.skypack.dev/-/google-protobuf@v3.21.2-YDUqZL2TTSsy2lGtfuND/dist=es2019,mode=imports/optimized/google-protobuf.js:4406:163)
    at jspb.BinaryReader.skipField (https://cdn.skypack.dev/-/google-protobuf@v3.21.2-YDUqZL2TTSsy2lGtfuND/dist=es2019,mode=imports/optimized/google-protobuf.js:4438:14)
    at Function.deserialize (file:///Users/thesayyn/Documents/thesayyn/protoc-gen-ts/target/debug/build/protoc_gen_ts-8cec2bec66276c47/out/test_conformance/test_messages_proto2.ts:865:24)
    at file:///Users/thesayyn/Documents/thesayyn/protoc-gen-ts/tests/conformance/bin/main.ts:30:78

  protobuf_test_messages.proto3.TestAllTypesProto3 1
  Error: Assertion failed
    at Object.jspb.asserts.doAssertFailure (https://cdn.skypack.dev/-/google-protobuf@v3.21.2-YDUqZL2TTSsy2lGtfuND/dist=es2019,mode=imports/optimized/google-protobuf.js:778:11)
    at Object.jspb.asserts.assert (https://cdn.skypack.dev/-/google-protobuf@v3.21.2-YDUqZL2TTSsy2lGtfuND/dist=es2019,mode=imports/optimized/google-protobuf.js:783:23)
    at jspb.BinaryDecoder.readUint32 (https://cdn.skypack.dev/-/google-protobuf@v3.21.2-YDUqZL2TTSsy2lGtfuND/dist=es2019,mode=imports/optimized/google-protobuf.js:4202:18)
    at jspb.BinaryDecoder.readFloat (https://cdn.skypack.dev/-/google-protobuf@v3.21.2-YDUqZL2TTSsy2lGtfuND/dist=es2019,mode=imports/optimized/google-protobuf.js:4240:18)
    at jspb.BinaryReader.readPackedField_ (https://cdn.skypack.dev/-/google-protobuf@v3.21.2-YDUqZL2TTSsy2lGtfuND/dist=es2019,mode=imports/optimized/google-protobuf.js:4676:16)
    at jspb.BinaryReader.readPackedFloat (https://cdn.skypack.dev/-/google-protobuf@v3.21.2-YDUqZL2TTSsy2lGtfuND/dist=es2019,mode=imports/optimized/google-protobuf.js:4741:17)
    at Function.deserialize (file:///Users/thesayyn/Documents/thesayyn/protoc-gen-ts/target/debug/build/protoc_gen_ts-8cec2bec66276c47/out/test_conformance/test_messages_proto3.ts:281:77)
    at file:///Users/thesayyn/Documents/thesayyn/protoc-gen-ts/tests/conformance/bin/main.ts:23:78

  protobuf_test_messages.proto2.TestAllTypesProto2 1
  Error: Assertion failed
    at Object.jspb.asserts.doAssertFailure (https://cdn.skypack.dev/-/google-protobuf@v3.21.2-YDUqZL2TTSsy2lGtfuND/dist=es2019,mode=imports/optimized/google-protobuf.js:778:11)
    at Object.jspb.asserts.assert (https://cdn.skypack.dev/-/google-protobuf@v3.21.2-YDUqZL2TTSsy2lGtfuND/dist=es2019,mode=imports/optimized/google-protobuf.js:783:23)
    at jspb.BinaryReader.readFloat (https://cdn.skypack.dev/-/google-protobuf@v3.21.2-YDUqZL2TTSsy2lGtfuND/dist=es2019,mode=imports/optimized/google-protobuf.js:4614:18)
    at Function.deserialize (file:///Users/thesayyn/Documents/thesayyn/protoc-gen-ts/target/debug/build/protoc_gen_ts-8cec2bec66276c47/out/test_conformance/test_messages_proto2.ts:244:52)
    at file:///Users/thesayyn/Documents/thesayyn/protoc-gen-ts/tests/conformance/bin/main.ts:30:78

  protobuf_test_messages.proto3.TestAllTypesProto3 1
  Error: Assertion failed
    at Object.jspb.asserts.doAssertFailure (https://cdn.skypack.dev/-/google-protobuf@v3.21.2-YDUqZL2TTSsy2lGtfuND/dist=es2019,mode=imports/optimized/google-protobuf.js:778:11)
    at Object.jspb.asserts.assert (https://cdn.skypack.dev/-/google-protobuf@v3.21.2-YDUqZL2TTSsy2lGtfuND/dist=es2019,mode=imports/optimized/google-protobuf.js:783:23)
    at jspb.BinaryDecoder.readUint32 (https://cdn.skypack.dev/-/google-protobuf@v3.21.2-YDUqZL2TTSsy2lGtfuND/dist=es2019,mode=imports/optimized/google-protobuf.js:4202:18)
    at jspb.BinaryDecoder.readFloat (https://cdn.skypack.dev/-/google-protobuf@v3.21.2-YDUqZL2TTSsy2lGtfuND/dist=es2019,mode=imports/optimized/google-protobuf.js:4240:18)
    at jspb.BinaryReader.readPackedField_ (https://cdn.skypack.dev/-/google-protobuf@v3.21.2-YDUqZL2TTSsy2lGtfuND/dist=es2019,mode=imports/optimized/google-protobuf.js:4676:16)
    at jspb.BinaryReader.readPackedFloat (https://cdn.skypack.dev/-/google-protobuf@v3.21.2-YDUqZL2TTSsy2lGtfuND/dist=es2019,mode=imports/optimized/google-protobuf.js:4741:17)
    at Function.deserialize (file:///Users/thesayyn/Documents/thesayyn/protoc-gen-ts/target/debug/build/protoc_gen_ts-8cec2bec66276c47/out/test_conformance/test_messages_proto3.ts:281:77)
    at file:///Users/thesayyn/Documents/thesayyn/protoc-gen-ts/tests/conformance/bin/main.ts:23:78

  protobuf_test_messages.proto2.TestAllTypesProto2 1
  Error: Assertion failed
    at Object.jspb.asserts.doAssertFailure (https://cdn.skypack.dev/-/google-protobuf@v3.21.2-YDUqZL2TTSsy2lGtfuND/dist=es2019,mode=imports/optimized/google-protobuf.js:778:11)
    at Object.jspb.asserts.assert (https://cdn.skypack.dev/-/google-protobuf@v3.21.2-YDUqZL2TTSsy2lGtfuND/dist=es2019,mode=imports/optimized/google-protobuf.js:783:23)
    at jspb.BinaryReader.readFloat (https://cdn.skypack.dev/-/google-protobuf@v3.21.2-YDUqZL2TTSsy2lGtfuND/dist=es2019,mode=imports/optimized/google-protobuf.js:4614:18)
    at Function.deserialize (file:///Users/thesayyn/Documents/thesayyn/protoc-gen-ts/target/debug/build/protoc_gen_ts-8cec2bec66276c47/out/test_conformance/test_messages_proto2.ts:244:52)
    at file:///Users/thesayyn/Documents/thesayyn/protoc-gen-ts/tests/conformance/bin/main.ts:30:78

  protobuf_test_messages.proto3.TestAllTypesProto3 1
  Error: Failure: Failed to read varint, encoding is invalid.
    at Object.jspb.asserts.fail (https://cdn.skypack.dev/-/google-protobuf@v3.21.2-YDUqZL2TTSsy2lGtfuND/dist=es2019,mode=imports/optimized/google-protobuf.js:801:11)
    at jspb.BinaryDecoder.readSplitVarint64 (https://cdn.skypack.dev/-/google-protobuf@v3.21.2-YDUqZL2TTSsy2lGtfuND/dist=es2019,mode=imports/optimized/google-protobuf.js:4101:18)
    at jspb.BinaryDecoder.readSignedVarint64 (https://cdn.skypack.dev/-/google-protobuf@v3.21.2-YDUqZL2TTSsy2lGtfuND/dist=es2019,mode=imports/optimized/google-protobuf.js:4173:17)
    at jspb.BinaryReader.readInt64 (https://cdn.skypack.dev/-/google-protobuf@v3.21.2-YDUqZL2TTSsy2lGtfuND/dist=es2019,mode=imports/optimized/google-protobuf.js:4542:26)
    at Function.deserialize (file:///Users/thesayyn/Documents/thesayyn/protoc-gen-ts/target/debug/build/protoc_gen_ts-8cec2bec66276c47/out/test_conformance/test_messages_proto3.ts:175:49)
    at file:///Users/thesayyn/Documents/thesayyn/protoc-gen-ts/tests/conformance/bin/main.ts:23:78

  protobuf_test_messages.proto2.TestAllTypesProto2 1
  Error: Failure: Failed to read varint, encoding is invalid.
    at Object.jspb.asserts.fail (https://cdn.skypack.dev/-/google-protobuf@v3.21.2-YDUqZL2TTSsy2lGtfuND/dist=es2019,mode=imports/optimized/google-protobuf.js:801:11)
    at jspb.BinaryDecoder.readSplitVarint64 (https://cdn.skypack.dev/-/google-protobuf@v3.21.2-YDUqZL2TTSsy2lGtfuND/dist=es2019,mode=imports/optimized/google-protobuf.js:4101:18)
    at jspb.BinaryDecoder.readSignedVarint64 (https://cdn.skypack.dev/-/google-protobuf@v3.21.2-YDUqZL2TTSsy2lGtfuND/dist=es2019,mode=imports/optimized/google-protobuf.js:4173:17)
    at jspb.BinaryReader.readInt64 (https://cdn.skypack.dev/-/google-protobuf@v3.21.2-YDUqZL2TTSsy2lGtfuND/dist=es2019,mode=imports/optimized/google-protobuf.js:4542:26)
    at Function.deserialize (file:///Users/thesayyn/Documents/thesayyn/protoc-gen-ts/target/debug/build/protoc_gen_ts-8cec2bec66276c47/out/test_conformance/test_messages_proto2.ts:151:49)
    at file:///Users/thesayyn/Documents/thesayyn/protoc-gen-ts/tests/conformance/bin/main.ts:30:78

  protobuf_test_messages.proto3.TestAllTypesProto3 1
  Error: Failure: Failed to read varint, encoding is invalid.
    at Object.jspb.asserts.fail (https://cdn.skypack.dev/-/google-protobuf@v3.21.2-YDUqZL2TTSsy2lGtfuND/dist=es2019,mode=imports/optimized/google-protobuf.js:801:11)
    at jspb.BinaryDecoder.readSplitVarint64 (https://cdn.skypack.dev/-/google-protobuf@v3.21.2-YDUqZL2TTSsy2lGtfuND/dist=es2019,mode=imports/optimized/google-protobuf.js:4101:18)
    at jspb.BinaryDecoder.readSignedVarint64 (https://cdn.skypack.dev/-/google-protobuf@v3.21.2-YDUqZL2TTSsy2lGtfuND/dist=es2019,mode=imports/optimized/google-protobuf.js:4173:17)
    at jspb.BinaryReader.readInt64 (https://cdn.skypack.dev/-/google-protobuf@v3.21.2-YDUqZL2TTSsy2lGtfuND/dist=es2019,mode=imports/optimized/google-protobuf.js:4542:26)
    at Function.deserialize (file:///Users/thesayyn/Documents/thesayyn/protoc-gen-ts/target/debug/build/protoc_gen_ts-8cec2bec66276c47/out/test_conformance/test_messages_proto3.ts:246:57)
    at file:///Users/thesayyn/Documents/thesayyn/protoc-gen-ts/tests/conformance/bin/main.ts:23:78

  protobuf_test_messages.proto2.TestAllTypesProto2 1
  Error: Failure: Failed to read varint, encoding is invalid.
    at Object.jspb.asserts.fail (https://cdn.skypack.dev/-/google-protobuf@v3.21.2-YDUqZL2TTSsy2lGtfuND/dist=es2019,mode=imports/optimized/google-protobuf.js:801:11)
    at jspb.BinaryDecoder.readSplitVarint64 (https://cdn.skypack.dev/-/google-protobuf@v3.21.2-YDUqZL2TTSsy2lGtfuND/dist=es2019,mode=imports/optimized/google-protobuf.js:4101:18)
    at jspb.BinaryDecoder.readSignedVarint64 (https://cdn.skypack.dev/-/google-protobuf@v3.21.2-YDUqZL2TTSsy2lGtfuND/dist=es2019,mode=imports/optimized/google-protobuf.js:4173:17)
    at jspb.BinaryReader.readInt64 (https://cdn.skypack.dev/-/google-protobuf@v3.21.2-YDUqZL2TTSsy2lGtfuND/dist=es2019,mode=imports/optimized/google-protobuf.js:4542:26)
    at Function.deserialize (file:///Users/thesayyn/Documents/thesayyn/protoc-gen-ts/target/debug/build/protoc_gen_ts-8cec2bec66276c47/out/test_conformance/test_messages_proto2.ts:217:52)
    at file:///Users/thesayyn/Documents/thesayyn/protoc-gen-ts/tests/conformance/bin/main.ts:30:78

  protobuf_test_messages.proto3.TestAllTypesProto3 1
  Error: Failure: Decoder hit an error
    at Object.jspb.asserts.fail (https://cdn.skypack.dev/-/google-protobuf@v3.21.2-YDUqZL2TTSsy2lGtfuND/dist=es2019,mode=imports/optimized/google-protobuf.js:801:11)
    at jspb.BinaryReader.nextField (https://cdn.skypack.dev/-/google-protobuf@v3.21.2-YDUqZL2TTSsy2lGtfuND/dist=es2019,mode=imports/optimized/google-protobuf.js:4374:27)
    at Function.deserialize (file:///Users/thesayyn/Documents/thesayyn/protoc-gen-ts/target/debug/build/protoc_gen_ts-8cec2bec66276c47/out/test_conformance/test_messages_proto3.ts:169:18)
    at file:///Users/thesayyn/Documents/thesayyn/protoc-gen-ts/tests/conformance/bin/main.ts:23:78

  protobuf_test_messages.proto2.TestAllTypesProto2 1
  Error: Failure: Decoder hit an error
    at Object.jspb.asserts.fail (https://cdn.skypack.dev/-/google-protobuf@v3.21.2-YDUqZL2TTSsy2lGtfuND/dist=es2019,mode=imports/optimized/google-protobuf.js:801:11)
    at jspb.BinaryReader.nextField (https://cdn.skypack.dev/-/google-protobuf@v3.21.2-YDUqZL2TTSsy2lGtfuND/dist=es2019,mode=imports/optimized/google-protobuf.js:4374:27)
    at Function.deserialize (file:///Users/thesayyn/Documents/thesayyn/protoc-gen-ts/target/debug/build/protoc_gen_ts-8cec2bec66276c47/out/test_conformance/test_messages_proto2.ts:145:18)
    at file:///Users/thesayyn/Documents/thesayyn/protoc-gen-ts/tests/conformance/bin/main.ts:30:78

  protobuf_test_messages.proto3.TestAllTypesProto3 1
  Error: Failure: Failed to read varint, encoding is invalid.
    at Object.jspb.asserts.fail (https://cdn.skypack.dev/-/google-protobuf@v3.21.2-YDUqZL2TTSsy2lGtfuND/dist=es2019,mode=imports/optimized/google-protobuf.js:801:11)
    at jspb.BinaryDecoder.readSplitVarint64 (https://cdn.skypack.dev/-/google-protobuf@v3.21.2-YDUqZL2TTSsy2lGtfuND/dist=es2019,mode=imports/optimized/google-protobuf.js:4101:18)
    at jspb.BinaryDecoder.readSignedVarint64 (https://cdn.skypack.dev/-/google-protobuf@v3.21.2-YDUqZL2TTSsy2lGtfuND/dist=es2019,mode=imports/optimized/google-protobuf.js:4173:17)
    at jspb.BinaryReader.readInt64 (https://cdn.skypack.dev/-/google-protobuf@v3.21.2-YDUqZL2TTSsy2lGtfuND/dist=es2019,mode=imports/optimized/google-protobuf.js:4542:26)
    at Function.deserialize (file:///Users/thesayyn/Documents/thesayyn/protoc-gen-ts/target/debug/build/protoc_gen_ts-8cec2bec66276c47/out/test_conformance/test_messages_proto3.ts:175:49)
    at file:///Users/thesayyn/Documents/thesayyn/protoc-gen-ts/tests/conformance/bin/main.ts:23:78

  protobuf_test_messages.proto2.TestAllTypesProto2 1
  Error: Failure: Failed to read varint, encoding is invalid.
    at Object.jspb.asserts.fail (https://cdn.skypack.dev/-/google-protobuf@v3.21.2-YDUqZL2TTSsy2lGtfuND/dist=es2019,mode=imports/optimized/google-protobuf.js:801:11)
    at jspb.BinaryDecoder.readSplitVarint64 (https://cdn.skypack.dev/-/google-protobuf@v3.21.2-YDUqZL2TTSsy2lGtfuND/dist=es2019,mode=imports/optimized/google-protobuf.js:4101:18)
    at jspb.BinaryDecoder.readSignedVarint64 (https://cdn.skypack.dev/-/google-protobuf@v3.21.2-YDUqZL2TTSsy2lGtfuND/dist=es2019,mode=imports/optimized/google-protobuf.js:4173:17)
    at jspb.BinaryReader.readInt64 (https://cdn.skypack.dev/-/google-protobuf@v3.21.2-YDUqZL2TTSsy2lGtfuND/dist=es2019,mode=imports/optimized/google-protobuf.js:4542:26)
    at Function.deserialize (file:///Users/thesayyn/Documents/thesayyn/protoc-gen-ts/target/debug/build/protoc_gen_ts-8cec2bec66276c47/out/test_conformance/test_messages_proto2.ts:151:49)
    at file:///Users/thesayyn/Documents/thesayyn/protoc-gen-ts/tests/conformance/bin/main.ts:30:78

  protobuf_test_messages.proto3.TestAllTypesProto3 1
  Error: Failure: Failed to read varint, encoding is invalid.
    at Object.jspb.asserts.fail (https://cdn.skypack.dev/-/google-protobuf@v3.21.2-YDUqZL2TTSsy2lGtfuND/dist=es2019,mode=imports/optimized/google-protobuf.js:801:11)
    at jspb.BinaryDecoder.readSplitVarint64 (https://cdn.skypack.dev/-/google-protobuf@v3.21.2-YDUqZL2TTSsy2lGtfuND/dist=es2019,mode=imports/optimized/google-protobuf.js:4101:18)
    at jspb.BinaryDecoder.readSignedVarint64 (https://cdn.skypack.dev/-/google-protobuf@v3.21.2-YDUqZL2TTSsy2lGtfuND/dist=es2019,mode=imports/optimized/google-protobuf.js:4173:17)
    at jspb.BinaryReader.readInt64 (https://cdn.skypack.dev/-/google-protobuf@v3.21.2-YDUqZL2TTSsy2lGtfuND/dist=es2019,mode=imports/optimized/google-protobuf.js:4542:26)
    at Function.deserialize (file:///Users/thesayyn/Documents/thesayyn/protoc-gen-ts/target/debug/build/protoc_gen_ts-8cec2bec66276c47/out/test_conformance/test_messages_proto3.ts:246:57)
    at file:///Users/thesayyn/Documents/thesayyn/protoc-gen-ts/tests/conformance/bin/main.ts:23:78

  protobuf_test_messages.proto2.TestAllTypesProto2 1
  Error: Failure: Failed to read varint, encoding is invalid.
    at Object.jspb.asserts.fail (https://cdn.skypack.dev/-/google-protobuf@v3.21.2-YDUqZL2TTSsy2lGtfuND/dist=es2019,mode=imports/optimized/google-protobuf.js:801:11)
    at jspb.BinaryDecoder.readSplitVarint64 (https://cdn.skypack.dev/-/google-protobuf@v3.21.2-YDUqZL2TTSsy2lGtfuND/dist=es2019,mode=imports/optimized/google-protobuf.js:4101:18)
    at jspb.BinaryDecoder.readSignedVarint64 (https://cdn.skypack.dev/-/google-protobuf@v3.21.2-YDUqZL2TTSsy2lGtfuND/dist=es2019,mode=imports/optimized/google-protobuf.js:4173:17)
    at jspb.BinaryReader.readInt64 (https://cdn.skypack.dev/-/google-protobuf@v3.21.2-YDUqZL2TTSsy2lGtfuND/dist=es2019,mode=imports/optimized/google-protobuf.js:4542:26)
    at Function.deserialize (file:///Users/thesayyn/Documents/thesayyn/protoc-gen-ts/target/debug/build/protoc_gen_ts-8cec2bec66276c47/out/test_conformance/test_messages_proto2.ts:217:52)
    at file:///Users/thesayyn/Documents/thesayyn/protoc-gen-ts/tests/conformance/bin/main.ts:30:78

  protobuf_test_messages.proto3.TestAllTypesProto3 1
  Error: Failure: Decoder hit an error
    at Object.jspb.asserts.fail (https://cdn.skypack.dev/-/google-protobuf@v3.21.2-YDUqZL2TTSsy2lGtfuND/dist=es2019,mode=imports/optimized/google-protobuf.js:801:11)
    at jspb.BinaryReader.nextField (https://cdn.skypack.dev/-/google-protobuf@v3.21.2-YDUqZL2TTSsy2lGtfuND/dist=es2019,mode=imports/optimized/google-protobuf.js:4374:27)
    at Function.deserialize (file:///Users/thesayyn/Documents/thesayyn/protoc-gen-ts/target/debug/build/protoc_gen_ts-8cec2bec66276c47/out/test_conformance/test_messages_proto3.ts:169:18)
    at file:///Users/thesayyn/Documents/thesayyn/protoc-gen-ts/tests/conformance/bin/main.ts:23:78

  protobuf_test_messages.proto2.TestAllTypesProto2 1
  Error: Failure: Decoder hit an error
    at Object.jspb.asserts.fail (https://cdn.skypack.dev/-/google-protobuf@v3.21.2-YDUqZL2TTSsy2lGtfuND/dist=es2019,mode=imports/optimized/google-protobuf.js:801:11)
    at jspb.BinaryReader.nextField (https://cdn.skypack.dev/-/google-protobuf@v3.21.2-YDUqZL2TTSsy2lGtfuND/dist=es2019,mode=imports/optimized/google-protobuf.js:4374:27)
    at Function.deserialize (file:///Users/thesayyn/Documents/thesayyn/protoc-gen-ts/target/debug/build/protoc_gen_ts-8cec2bec66276c47/out/test_conformance/test_messages_proto2.ts:145:18)
    at file:///Users/thesayyn/Documents/thesayyn/protoc-gen-ts/tests/conformance/bin/main.ts:30:78

  protobuf_test_messages.proto3.TestAllTypesProto3 1
  Error: Failure: Failed to read varint, encoding is invalid.
    at Object.jspb.asserts.fail (https://cdn.skypack.dev/-/google-protobuf@v3.21.2-YDUqZL2TTSsy2lGtfuND/dist=es2019,mode=imports/optimized/google-protobuf.js:801:11)
    at jspb.BinaryDecoder.readSplitVarint64 (https://cdn.skypack.dev/-/google-protobuf@v3.21.2-YDUqZL2TTSsy2lGtfuND/dist=es2019,mode=imports/optimized/google-protobuf.js:4101:18)
    at jspb.BinaryDecoder.readSignedVarint64 (https://cdn.skypack.dev/-/google-protobuf@v3.21.2-YDUqZL2TTSsy2lGtfuND/dist=es2019,mode=imports/optimized/google-protobuf.js:4173:17)
    at jspb.BinaryReader.readPackedField_ (https://cdn.skypack.dev/-/google-protobuf@v3.21.2-YDUqZL2TTSsy2lGtfuND/dist=es2019,mode=imports/optimized/google-protobuf.js:4676:16)
    at jspb.BinaryReader.readPackedInt64 (https://cdn.skypack.dev/-/google-protobuf@v3.21.2-YDUqZL2TTSsy2lGtfuND/dist=es2019,mode=imports/optimized/google-protobuf.js:4687:17)
    at Function.deserialize (file:///Users/thesayyn/Documents/thesayyn/protoc-gen-ts/target/debug/build/protoc_gen_ts-8cec2bec66276c47/out/test_conformance/test_messages_proto3.ts:245:77)
    at file:///Users/thesayyn/Documents/thesayyn/protoc-gen-ts/tests/conformance/bin/main.ts:23:78

  protobuf_test_messages.proto2.TestAllTypesProto2 1
  Error: Assertion failed
    at Object.jspb.asserts.doAssertFailure (https://cdn.skypack.dev/-/google-protobuf@v3.21.2-YDUqZL2TTSsy2lGtfuND/dist=es2019,mode=imports/optimized/google-protobuf.js:778:11)
    at Object.jspb.asserts.assert (https://cdn.skypack.dev/-/google-protobuf@v3.21.2-YDUqZL2TTSsy2lGtfuND/dist=es2019,mode=imports/optimized/google-protobuf.js:783:23)
    at jspb.BinaryReader.readInt64 (https://cdn.skypack.dev/-/google-protobuf@v3.21.2-YDUqZL2TTSsy2lGtfuND/dist=es2019,mode=imports/optimized/google-protobuf.js:4541:18)
    at Function.deserialize (file:///Users/thesayyn/Documents/thesayyn/protoc-gen-ts/target/debug/build/protoc_gen_ts-8cec2bec66276c47/out/test_conformance/test_messages_proto2.ts:217:52)
    at file:///Users/thesayyn/Documents/thesayyn/protoc-gen-ts/tests/conformance/bin/main.ts:30:78

  protobuf_test_messages.proto3.TestAllTypesProto3 1
  Error: Failure: Failed to read varint, encoding is invalid.
    at Object.jspb.asserts.fail (https://cdn.skypack.dev/-/google-protobuf@v3.21.2-YDUqZL2TTSsy2lGtfuND/dist=es2019,mode=imports/optimized/google-protobuf.js:801:11)
    at jspb.BinaryDecoder.readSplitVarint64 (https://cdn.skypack.dev/-/google-protobuf@v3.21.2-YDUqZL2TTSsy2lGtfuND/dist=es2019,mode=imports/optimized/google-protobuf.js:4101:18)
    at jspb.BinaryDecoder.readSignedVarint64 (https://cdn.skypack.dev/-/google-protobuf@v3.21.2-YDUqZL2TTSsy2lGtfuND/dist=es2019,mode=imports/optimized/google-protobuf.js:4173:17)
    at jspb.BinaryReader.readPackedField_ (https://cdn.skypack.dev/-/google-protobuf@v3.21.2-YDUqZL2TTSsy2lGtfuND/dist=es2019,mode=imports/optimized/google-protobuf.js:4676:16)
    at jspb.BinaryReader.readPackedInt64 (https://cdn.skypack.dev/-/google-protobuf@v3.21.2-YDUqZL2TTSsy2lGtfuND/dist=es2019,mode=imports/optimized/google-protobuf.js:4687:17)
    at Function.deserialize (file:///Users/thesayyn/Documents/thesayyn/protoc-gen-ts/target/debug/build/protoc_gen_ts-8cec2bec66276c47/out/test_conformance/test_messages_proto3.ts:245:77)
    at file:///Users/thesayyn/Documents/thesayyn/protoc-gen-ts/tests/conformance/bin/main.ts:23:78

  protobuf_test_messages.proto2.TestAllTypesProto2 1
  Error: Assertion failed
    at Object.jspb.asserts.doAssertFailure (https://cdn.skypack.dev/-/google-protobuf@v3.21.2-YDUqZL2TTSsy2lGtfuND/dist=es2019,mode=imports/optimized/google-protobuf.js:778:11)
    at Object.jspb.asserts.assert (https://cdn.skypack.dev/-/google-protobuf@v3.21.2-YDUqZL2TTSsy2lGtfuND/dist=es2019,mode=imports/optimized/google-protobuf.js:783:23)
    at jspb.BinaryReader.readInt64 (https://cdn.skypack.dev/-/google-protobuf@v3.21.2-YDUqZL2TTSsy2lGtfuND/dist=es2019,mode=imports/optimized/google-protobuf.js:4541:18)
    at Function.deserialize (file:///Users/thesayyn/Documents/thesayyn/protoc-gen-ts/target/debug/build/protoc_gen_ts-8cec2bec66276c47/out/test_conformance/test_messages_proto2.ts:217:52)
    at file:///Users/thesayyn/Documents/thesayyn/protoc-gen-ts/tests/conformance/bin/main.ts:30:78

  protobuf_test_messages.proto3.TestAllTypesProto3 1
  Error: Failure: Failed to read varint, encoding is invalid.
    at Object.jspb.asserts.fail (https://cdn.skypack.dev/-/google-protobuf@v3.21.2-YDUqZL2TTSsy2lGtfuND/dist=es2019,mode=imports/optimized/google-protobuf.js:801:11)
    at jspb.BinaryDecoder.readSplitVarint64 (https://cdn.skypack.dev/-/google-protobuf@v3.21.2-YDUqZL2TTSsy2lGtfuND/dist=es2019,mode=imports/optimized/google-protobuf.js:4101:18)
    at jspb.BinaryDecoder.readUnsignedVarint64 (https://cdn.skypack.dev/-/google-protobuf@v3.21.2-YDUqZL2TTSsy2lGtfuND/dist=es2019,mode=imports/optimized/google-protobuf.js:4167:17)
    at jspb.BinaryReader.readUint64 (https://cdn.skypack.dev/-/google-protobuf@v3.21.2-YDUqZL2TTSsy2lGtfuND/dist=es2019,mode=imports/optimized/google-protobuf.js:4560:26)
    at Function.deserialize (file:///Users/thesayyn/Documents/thesayyn/protoc-gen-ts/target/debug/build/protoc_gen_ts-8cec2bec66276c47/out/test_conformance/test_messages_proto3.ts:181:50)
    at file:///Users/thesayyn/Documents/thesayyn/protoc-gen-ts/tests/conformance/bin/main.ts:23:78

  protobuf_test_messages.proto2.TestAllTypesProto2 1
  Error: Failure: Failed to read varint, encoding is invalid.
    at Object.jspb.asserts.fail (https://cdn.skypack.dev/-/google-protobuf@v3.21.2-YDUqZL2TTSsy2lGtfuND/dist=es2019,mode=imports/optimized/google-protobuf.js:801:11)
    at jspb.BinaryDecoder.readSplitVarint64 (https://cdn.skypack.dev/-/google-protobuf@v3.21.2-YDUqZL2TTSsy2lGtfuND/dist=es2019,mode=imports/optimized/google-protobuf.js:4101:18)
    at jspb.BinaryDecoder.readUnsignedVarint64 (https://cdn.skypack.dev/-/google-protobuf@v3.21.2-YDUqZL2TTSsy2lGtfuND/dist=es2019,mode=imports/optimized/google-protobuf.js:4167:17)
    at jspb.BinaryReader.readUint64 (https://cdn.skypack.dev/-/google-protobuf@v3.21.2-YDUqZL2TTSsy2lGtfuND/dist=es2019,mode=imports/optimized/google-protobuf.js:4560:26)
    at Function.deserialize (file:///Users/thesayyn/Documents/thesayyn/protoc-gen-ts/target/debug/build/protoc_gen_ts-8cec2bec66276c47/out/test_conformance/test_messages_proto2.ts:157:50)
    at file:///Users/thesayyn/Documents/thesayyn/protoc-gen-ts/tests/conformance/bin/main.ts:30:78

  protobuf_test_messages.proto3.TestAllTypesProto3 1
  Error: Failure: Failed to read varint, encoding is invalid.
    at Object.jspb.asserts.fail (https://cdn.skypack.dev/-/google-protobuf@v3.21.2-YDUqZL2TTSsy2lGtfuND/dist=es2019,mode=imports/optimized/google-protobuf.js:801:11)
    at jspb.BinaryDecoder.readSplitVarint64 (https://cdn.skypack.dev/-/google-protobuf@v3.21.2-YDUqZL2TTSsy2lGtfuND/dist=es2019,mode=imports/optimized/google-protobuf.js:4101:18)
    at jspb.BinaryDecoder.readUnsignedVarint64 (https://cdn.skypack.dev/-/google-protobuf@v3.21.2-YDUqZL2TTSsy2lGtfuND/dist=es2019,mode=imports/optimized/google-protobuf.js:4167:17)
    at jspb.BinaryReader.readUint64 (https://cdn.skypack.dev/-/google-protobuf@v3.21.2-YDUqZL2TTSsy2lGtfuND/dist=es2019,mode=imports/optimized/google-protobuf.js:4560:26)
    at Function.deserialize (file:///Users/thesayyn/Documents/thesayyn/protoc-gen-ts/target/debug/build/protoc_gen_ts-8cec2bec66276c47/out/test_conformance/test_messages_proto3.ts:254:58)
    at file:///Users/thesayyn/Documents/thesayyn/protoc-gen-ts/tests/conformance/bin/main.ts:23:78

  protobuf_test_messages.proto2.TestAllTypesProto2 1
  Error: Failure: Failed to read varint, encoding is invalid.
    at Object.jspb.asserts.fail (https://cdn.skypack.dev/-/google-protobuf@v3.21.2-YDUqZL2TTSsy2lGtfuND/dist=es2019,mode=imports/optimized/google-protobuf.js:801:11)
    at jspb.BinaryDecoder.readSplitVarint64 (https://cdn.skypack.dev/-/google-protobuf@v3.21.2-YDUqZL2TTSsy2lGtfuND/dist=es2019,mode=imports/optimized/google-protobuf.js:4101:18)
    at jspb.BinaryDecoder.readUnsignedVarint64 (https://cdn.skypack.dev/-/google-protobuf@v3.21.2-YDUqZL2TTSsy2lGtfuND/dist=es2019,mode=imports/optimized/google-protobuf.js:4167:17)
    at jspb.BinaryReader.readUint64 (https://cdn.skypack.dev/-/google-protobuf@v3.21.2-YDUqZL2TTSsy2lGtfuND/dist=es2019,mode=imports/optimized/google-protobuf.js:4560:26)
    at Function.deserialize (file:///Users/thesayyn/Documents/thesayyn/protoc-gen-ts/target/debug/build/protoc_gen_ts-8cec2bec66276c47/out/test_conformance/test_messages_proto2.ts:223:53)
    at file:///Users/thesayyn/Documents/thesayyn/protoc-gen-ts/tests/conformance/bin/main.ts:30:78

  protobuf_test_messages.proto3.TestAllTypesProto3 1
  Error: Failure: Decoder hit an error
    at Object.jspb.asserts.fail (https://cdn.skypack.dev/-/google-protobuf@v3.21.2-YDUqZL2TTSsy2lGtfuND/dist=es2019,mode=imports/optimized/google-protobuf.js:801:11)
    at jspb.BinaryReader.nextField (https://cdn.skypack.dev/-/google-protobuf@v3.21.2-YDUqZL2TTSsy2lGtfuND/dist=es2019,mode=imports/optimized/google-protobuf.js:4374:27)
    at Function.deserialize (file:///Users/thesayyn/Documents/thesayyn/protoc-gen-ts/target/debug/build/protoc_gen_ts-8cec2bec66276c47/out/test_conformance/test_messages_proto3.ts:169:18)
    at file:///Users/thesayyn/Documents/thesayyn/protoc-gen-ts/tests/conformance/bin/main.ts:23:78

  protobuf_test_messages.proto2.TestAllTypesProto2 1
  Error: Failure: Decoder hit an error
    at Object.jspb.asserts.fail (https://cdn.skypack.dev/-/google-protobuf@v3.21.2-YDUqZL2TTSsy2lGtfuND/dist=es2019,mode=imports/optimized/google-protobuf.js:801:11)
    at jspb.BinaryReader.nextField (https://cdn.skypack.dev/-/google-protobuf@v3.21.2-YDUqZL2TTSsy2lGtfuND/dist=es2019,mode=imports/optimized/google-protobuf.js:4374:27)
    at Function.deserialize (file:///Users/thesayyn/Documents/thesayyn/protoc-gen-ts/target/debug/build/protoc_gen_ts-8cec2bec66276c47/out/test_conformance/test_messages_proto2.ts:145:18)
    at file:///Users/thesayyn/Documents/thesayyn/protoc-gen-ts/tests/conformance/bin/main.ts:30:78

  protobuf_test_messages.proto3.TestAllTypesProto3 1
  Error: Failure: Failed to read varint, encoding is invalid.
    at Object.jspb.asserts.fail (https://cdn.skypack.dev/-/google-protobuf@v3.21.2-YDUqZL2TTSsy2lGtfuND/dist=es2019,mode=imports/optimized/google-protobuf.js:801:11)
    at jspb.BinaryDecoder.readSplitVarint64 (https://cdn.skypack.dev/-/google-protobuf@v3.21.2-YDUqZL2TTSsy2lGtfuND/dist=es2019,mode=imports/optimized/google-protobuf.js:4101:18)
    at jspb.BinaryDecoder.readUnsignedVarint64 (https://cdn.skypack.dev/-/google-protobuf@v3.21.2-YDUqZL2TTSsy2lGtfuND/dist=es2019,mode=imports/optimized/google-protobuf.js:4167:17)
    at jspb.BinaryReader.readUint64 (https://cdn.skypack.dev/-/google-protobuf@v3.21.2-YDUqZL2TTSsy2lGtfuND/dist=es2019,mode=imports/optimized/google-protobuf.js:4560:26)
    at Function.deserialize (file:///Users/thesayyn/Documents/thesayyn/protoc-gen-ts/target/debug/build/protoc_gen_ts-8cec2bec66276c47/out/test_conformance/test_messages_proto3.ts:181:50)
    at file:///Users/thesayyn/Documents/thesayyn/protoc-gen-ts/tests/conformance/bin/main.ts:23:78

  protobuf_test_messages.proto2.TestAllTypesProto2 1
  Error: Failure: Failed to read varint, encoding is invalid.
    at Object.jspb.asserts.fail (https://cdn.skypack.dev/-/google-protobuf@v3.21.2-YDUqZL2TTSsy2lGtfuND/dist=es2019,mode=imports/optimized/google-protobuf.js:801:11)
    at jspb.BinaryDecoder.readSplitVarint64 (https://cdn.skypack.dev/-/google-protobuf@v3.21.2-YDUqZL2TTSsy2lGtfuND/dist=es2019,mode=imports/optimized/google-protobuf.js:4101:18)
    at jspb.BinaryDecoder.readUnsignedVarint64 (https://cdn.skypack.dev/-/google-protobuf@v3.21.2-YDUqZL2TTSsy2lGtfuND/dist=es2019,mode=imports/optimized/google-protobuf.js:4167:17)
    at jspb.BinaryReader.readUint64 (https://cdn.skypack.dev/-/google-protobuf@v3.21.2-YDUqZL2TTSsy2lGtfuND/dist=es2019,mode=imports/optimized/google-protobuf.js:4560:26)
    at Function.deserialize (file:///Users/thesayyn/Documents/thesayyn/protoc-gen-ts/target/debug/build/protoc_gen_ts-8cec2bec66276c47/out/test_conformance/test_messages_proto2.ts:157:50)
    at file:///Users/thesayyn/Documents/thesayyn/protoc-gen-ts/tests/conformance/bin/main.ts:30:78

  protobuf_test_messages.proto3.TestAllTypesProto3 1
  Error: Failure: Failed to read varint, encoding is invalid.
    at Object.jspb.asserts.fail (https://cdn.skypack.dev/-/google-protobuf@v3.21.2-YDUqZL2TTSsy2lGtfuND/dist=es2019,mode=imports/optimized/google-protobuf.js:801:11)
    at jspb.BinaryDecoder.readSplitVarint64 (https://cdn.skypack.dev/-/google-protobuf@v3.21.2-YDUqZL2TTSsy2lGtfuND/dist=es2019,mode=imports/optimized/google-protobuf.js:4101:18)
    at jspb.BinaryDecoder.readUnsignedVarint64 (https://cdn.skypack.dev/-/google-protobuf@v3.21.2-YDUqZL2TTSsy2lGtfuND/dist=es2019,mode=imports/optimized/google-protobuf.js:4167:17)
    at jspb.BinaryReader.readUint64 (https://cdn.skypack.dev/-/google-protobuf@v3.21.2-YDUqZL2TTSsy2lGtfuND/dist=es2019,mode=imports/optimized/google-protobuf.js:4560:26)
    at Function.deserialize (file:///Users/thesayyn/Documents/thesayyn/protoc-gen-ts/target/debug/build/protoc_gen_ts-8cec2bec66276c47/out/test_conformance/test_messages_proto3.ts:254:58)
    at file:///Users/thesayyn/Documents/thesayyn/protoc-gen-ts/tests/conformance/bin/main.ts:23:78

  protobuf_test_messages.proto2.TestAllTypesProto2 1
  Error: Failure: Failed to read varint, encoding is invalid.
    at Object.jspb.asserts.fail (https://cdn.skypack.dev/-/google-protobuf@v3.21.2-YDUqZL2TTSsy2lGtfuND/dist=es2019,mode=imports/optimized/google-protobuf.js:801:11)
    at jspb.BinaryDecoder.readSplitVarint64 (https://cdn.skypack.dev/-/google-protobuf@v3.21.2-YDUqZL2TTSsy2lGtfuND/dist=es2019,mode=imports/optimized/google-protobuf.js:4101:18)
    at jspb.BinaryDecoder.readUnsignedVarint64 (https://cdn.skypack.dev/-/google-protobuf@v3.21.2-YDUqZL2TTSsy2lGtfuND/dist=es2019,mode=imports/optimized/google-protobuf.js:4167:17)
    at jspb.BinaryReader.readUint64 (https://cdn.skypack.dev/-/google-protobuf@v3.21.2-YDUqZL2TTSsy2lGtfuND/dist=es2019,mode=imports/optimized/google-protobuf.js:4560:26)
    at Function.deserialize (file:///Users/thesayyn/Documents/thesayyn/protoc-gen-ts/target/debug/build/protoc_gen_ts-8cec2bec66276c47/out/test_conformance/test_messages_proto2.ts:223:53)
    at file:///Users/thesayyn/Documents/thesayyn/protoc-gen-ts/tests/conformance/bin/main.ts:30:78

  protobuf_test_messages.proto3.TestAllTypesProto3 1
  Error: Failure: Decoder hit an error
    at Object.jspb.asserts.fail (https://cdn.skypack.dev/-/google-protobuf@v3.21.2-YDUqZL2TTSsy2lGtfuND/dist=es2019,mode=imports/optimized/google-protobuf.js:801:11)
    at jspb.BinaryReader.nextField (https://cdn.skypack.dev/-/google-protobuf@v3.21.2-YDUqZL2TTSsy2lGtfuND/dist=es2019,mode=imports/optimized/google-protobuf.js:4374:27)
    at Function.deserialize (file:///Users/thesayyn/Documents/thesayyn/protoc-gen-ts/target/debug/build/protoc_gen_ts-8cec2bec66276c47/out/test_conformance/test_messages_proto3.ts:169:18)
    at file:///Users/thesayyn/Documents/thesayyn/protoc-gen-ts/tests/conformance/bin/main.ts:23:78

  protobuf_test_messages.proto2.TestAllTypesProto2 1
  Error: Failure: Decoder hit an error
    at Object.jspb.asserts.fail (https://cdn.skypack.dev/-/google-protobuf@v3.21.2-YDUqZL2TTSsy2lGtfuND/dist=es2019,mode=imports/optimized/google-protobuf.js:801:11)
    at jspb.BinaryReader.nextField (https://cdn.skypack.dev/-/google-protobuf@v3.21.2-YDUqZL2TTSsy2lGtfuND/dist=es2019,mode=imports/optimized/google-protobuf.js:4374:27)
    at Function.deserialize (file:///Users/thesayyn/Documents/thesayyn/protoc-gen-ts/target/debug/build/protoc_gen_ts-8cec2bec66276c47/out/test_conformance/test_messages_proto2.ts:145:18)
    at file:///Users/thesayyn/Documents/thesayyn/protoc-gen-ts/tests/conformance/bin/main.ts:30:78

  protobuf_test_messages.proto3.TestAllTypesProto3 1
  Error: Failure: Failed to read varint, encoding is invalid.
    at Object.jspb.asserts.fail (https://cdn.skypack.dev/-/google-protobuf@v3.21.2-YDUqZL2TTSsy2lGtfuND/dist=es2019,mode=imports/optimized/google-protobuf.js:801:11)
    at jspb.BinaryDecoder.readSplitVarint64 (https://cdn.skypack.dev/-/google-protobuf@v3.21.2-YDUqZL2TTSsy2lGtfuND/dist=es2019,mode=imports/optimized/google-protobuf.js:4101:18)
    at jspb.BinaryDecoder.readUnsignedVarint64 (https://cdn.skypack.dev/-/google-protobuf@v3.21.2-YDUqZL2TTSsy2lGtfuND/dist=es2019,mode=imports/optimized/google-protobuf.js:4167:17)
    at jspb.BinaryReader.readPackedField_ (https://cdn.skypack.dev/-/google-protobuf@v3.21.2-YDUqZL2TTSsy2lGtfuND/dist=es2019,mode=imports/optimized/google-protobuf.js:4676:16)
    at jspb.BinaryReader.readPackedUint64 (https://cdn.skypack.dev/-/google-protobuf@v3.21.2-YDUqZL2TTSsy2lGtfuND/dist=es2019,mode=imports/optimized/google-protobuf.js:4701:17)
    at Function.deserialize (file:///Users/thesayyn/Documents/thesayyn/protoc-gen-ts/target/debug/build/protoc_gen_ts-8cec2bec66276c47/out/test_conformance/test_messages_proto3.ts:253:78)
    at file:///Users/thesayyn/Documents/thesayyn/protoc-gen-ts/tests/conformance/bin/main.ts:23:78

  protobuf_test_messages.proto2.TestAllTypesProto2 1
  Error: Assertion failed
    at Object.jspb.asserts.doAssertFailure (https://cdn.skypack.dev/-/google-protobuf@v3.21.2-YDUqZL2TTSsy2lGtfuND/dist=es2019,mode=imports/optimized/google-protobuf.js:778:11)
    at Object.jspb.asserts.assert (https://cdn.skypack.dev/-/google-protobuf@v3.21.2-YDUqZL2TTSsy2lGtfuND/dist=es2019,mode=imports/optimized/google-protobuf.js:783:23)
    at jspb.BinaryReader.readUint64 (https://cdn.skypack.dev/-/google-protobuf@v3.21.2-YDUqZL2TTSsy2lGtfuND/dist=es2019,mode=imports/optimized/google-protobuf.js:4559:18)
    at Function.deserialize (file:///Users/thesayyn/Documents/thesayyn/protoc-gen-ts/target/debug/build/protoc_gen_ts-8cec2bec66276c47/out/test_conformance/test_messages_proto2.ts:223:53)
    at file:///Users/thesayyn/Documents/thesayyn/protoc-gen-ts/tests/conformance/bin/main.ts:30:78

  protobuf_test_messages.proto3.TestAllTypesProto3 1
  Error: Failure: Failed to read varint, encoding is invalid.
    at Object.jspb.asserts.fail (https://cdn.skypack.dev/-/google-protobuf@v3.21.2-YDUqZL2TTSsy2lGtfuND/dist=es2019,mode=imports/optimized/google-protobuf.js:801:11)
    at jspb.BinaryDecoder.readSplitVarint64 (https://cdn.skypack.dev/-/google-protobuf@v3.21.2-YDUqZL2TTSsy2lGtfuND/dist=es2019,mode=imports/optimized/google-protobuf.js:4101:18)
    at jspb.BinaryDecoder.readUnsignedVarint64 (https://cdn.skypack.dev/-/google-protobuf@v3.21.2-YDUqZL2TTSsy2lGtfuND/dist=es2019,mode=imports/optimized/google-protobuf.js:4167:17)
    at jspb.BinaryReader.readPackedField_ (https://cdn.skypack.dev/-/google-protobuf@v3.21.2-YDUqZL2TTSsy2lGtfuND/dist=es2019,mode=imports/optimized/google-protobuf.js:4676:16)
    at jspb.BinaryReader.readPackedUint64 (https://cdn.skypack.dev/-/google-protobuf@v3.21.2-YDUqZL2TTSsy2lGtfuND/dist=es2019,mode=imports/optimized/google-protobuf.js:4701:17)
    at Function.deserialize (file:///Users/thesayyn/Documents/thesayyn/protoc-gen-ts/target/debug/build/protoc_gen_ts-8cec2bec66276c47/out/test_conformance/test_messages_proto3.ts:253:78)
    at file:///Users/thesayyn/Documents/thesayyn/protoc-gen-ts/tests/conformance/bin/main.ts:23:78

  protobuf_test_messages.proto2.TestAllTypesProto2 1
  Error: Assertion failed
    at Object.jspb.asserts.doAssertFailure (https://cdn.skypack.dev/-/google-protobuf@v3.21.2-YDUqZL2TTSsy2lGtfuND/dist=es2019,mode=imports/optimized/google-protobuf.js:778:11)
    at Object.jspb.asserts.assert (https://cdn.skypack.dev/-/google-protobuf@v3.21.2-YDUqZL2TTSsy2lGtfuND/dist=es2019,mode=imports/optimized/google-protobuf.js:783:23)
    at jspb.BinaryReader.readUint64 (https://cdn.skypack.dev/-/google-protobuf@v3.21.2-YDUqZL2TTSsy2lGtfuND/dist=es2019,mode=imports/optimized/google-protobuf.js:4559:18)
    at Function.deserialize (file:///Users/thesayyn/Documents/thesayyn/protoc-gen-ts/target/debug/build/protoc_gen_ts-8cec2bec66276c47/out/test_conformance/test_messages_proto2.ts:223:53)
    at file:///Users/thesayyn/Documents/thesayyn/protoc-gen-ts/tests/conformance/bin/main.ts:30:78

  protobuf_test_messages.proto3.TestAllTypesProto3 1
  Error: Assertion failed
    at Object.jspb.asserts.doAssertFailure (https://cdn.skypack.dev/-/google-protobuf@v3.21.2-YDUqZL2TTSsy2lGtfuND/dist=es2019,mode=imports/optimized/google-protobuf.js:778:11)
    at Object.jspb.asserts.assert (https://cdn.skypack.dev/-/google-protobuf@v3.21.2-YDUqZL2TTSsy2lGtfuND/dist=es2019,mode=imports/optimized/google-protobuf.js:783:23)
    at jspb.BinaryDecoder.readUnsignedVarint32 (https://cdn.skypack.dev/-/google-protobuf@v3.21.2-YDUqZL2TTSsy2lGtfuND/dist=es2019,mode=imports/optimized/google-protobuf.js:4150:18)
    at jspb.BinaryDecoder.readSignedVarint32 (https://cdn.skypack.dev/-/google-protobuf@v3.21.2-YDUqZL2TTSsy2lGtfuND/dist=es2019,mode=imports/optimized/google-protobuf.js:4154:19)
    at jspb.BinaryReader.readInt32 (https://cdn.skypack.dev/-/google-protobuf@v3.21.2-YDUqZL2TTSsy2lGtfuND/dist=es2019,mode=imports/optimized/google-protobuf.js:4533:26)
    at Function.deserialize (file:///Users/thesayyn/Documents/thesayyn/protoc-gen-ts/target/debug/build/protoc_gen_ts-8cec2bec66276c47/out/test_conformance/test_messages_proto3.ts:172:49)
    at file:///Users/thesayyn/Documents/thesayyn/protoc-gen-ts/tests/conformance/bin/main.ts:23:78

  protobuf_test_messages.proto2.TestAllTypesProto2 1
  Error: Assertion failed
    at Object.jspb.asserts.doAssertFailure (https://cdn.skypack.dev/-/google-protobuf@v3.21.2-YDUqZL2TTSsy2lGtfuND/dist=es2019,mode=imports/optimized/google-protobuf.js:778:11)
    at Object.jspb.asserts.assert (https://cdn.skypack.dev/-/google-protobuf@v3.21.2-YDUqZL2TTSsy2lGtfuND/dist=es2019,mode=imports/optimized/google-protobuf.js:783:23)
    at jspb.BinaryDecoder.readUnsignedVarint32 (https://cdn.skypack.dev/-/google-protobuf@v3.21.2-YDUqZL2TTSsy2lGtfuND/dist=es2019,mode=imports/optimized/google-protobuf.js:4150:18)
    at jspb.BinaryDecoder.readSignedVarint32 (https://cdn.skypack.dev/-/google-protobuf@v3.21.2-YDUqZL2TTSsy2lGtfuND/dist=es2019,mode=imports/optimized/google-protobuf.js:4154:19)
    at jspb.BinaryReader.readInt32 (https://cdn.skypack.dev/-/google-protobuf@v3.21.2-YDUqZL2TTSsy2lGtfuND/dist=es2019,mode=imports/optimized/google-protobuf.js:4533:26)
    at Function.deserialize (file:///Users/thesayyn/Documents/thesayyn/protoc-gen-ts/target/debug/build/protoc_gen_ts-8cec2bec66276c47/out/test_conformance/test_messages_proto2.ts:148:49)
    at file:///Users/thesayyn/Documents/thesayyn/protoc-gen-ts/tests/conformance/bin/main.ts:30:78

  protobuf_test_messages.proto3.TestAllTypesProto3 1
  Error: Assertion failed
    at Object.jspb.asserts.doAssertFailure (https://cdn.skypack.dev/-/google-protobuf@v3.21.2-YDUqZL2TTSsy2lGtfuND/dist=es2019,mode=imports/optimized/google-protobuf.js:778:11)
    at Object.jspb.asserts.assert (https://cdn.skypack.dev/-/google-protobuf@v3.21.2-YDUqZL2TTSsy2lGtfuND/dist=es2019,mode=imports/optimized/google-protobuf.js:783:23)
    at jspb.BinaryDecoder.readUnsignedVarint32 (https://cdn.skypack.dev/-/google-protobuf@v3.21.2-YDUqZL2TTSsy2lGtfuND/dist=es2019,mode=imports/optimized/google-protobuf.js:4150:18)
    at jspb.BinaryDecoder.readSignedVarint32 (https://cdn.skypack.dev/-/google-protobuf@v3.21.2-YDUqZL2TTSsy2lGtfuND/dist=es2019,mode=imports/optimized/google-protobuf.js:4154:19)
    at jspb.BinaryReader.readInt32 (https://cdn.skypack.dev/-/google-protobuf@v3.21.2-YDUqZL2TTSsy2lGtfuND/dist=es2019,mode=imports/optimized/google-protobuf.js:4533:26)
    at Function.deserialize (file:///Users/thesayyn/Documents/thesayyn/protoc-gen-ts/target/debug/build/protoc_gen_ts-8cec2bec66276c47/out/test_conformance/test_messages_proto3.ts:242:57)
    at file:///Users/thesayyn/Documents/thesayyn/protoc-gen-ts/tests/conformance/bin/main.ts:23:78

  protobuf_test_messages.proto2.TestAllTypesProto2 1
  Error: Assertion failed
    at Object.jspb.asserts.doAssertFailure (https://cdn.skypack.dev/-/google-protobuf@v3.21.2-YDUqZL2TTSsy2lGtfuND/dist=es2019,mode=imports/optimized/google-protobuf.js:778:11)
    at Object.jspb.asserts.assert (https://cdn.skypack.dev/-/google-protobuf@v3.21.2-YDUqZL2TTSsy2lGtfuND/dist=es2019,mode=imports/optimized/google-protobuf.js:783:23)
    at jspb.BinaryDecoder.readUnsignedVarint32 (https://cdn.skypack.dev/-/google-protobuf@v3.21.2-YDUqZL2TTSsy2lGtfuND/dist=es2019,mode=imports/optimized/google-protobuf.js:4150:18)
    at jspb.BinaryDecoder.readSignedVarint32 (https://cdn.skypack.dev/-/google-protobuf@v3.21.2-YDUqZL2TTSsy2lGtfuND/dist=es2019,mode=imports/optimized/google-protobuf.js:4154:19)
    at jspb.BinaryReader.readInt32 (https://cdn.skypack.dev/-/google-protobuf@v3.21.2-YDUqZL2TTSsy2lGtfuND/dist=es2019,mode=imports/optimized/google-protobuf.js:4533:26)
    at Function.deserialize (file:///Users/thesayyn/Documents/thesayyn/protoc-gen-ts/target/debug/build/protoc_gen_ts-8cec2bec66276c47/out/test_conformance/test_messages_proto2.ts:214:52)
    at file:///Users/thesayyn/Documents/thesayyn/protoc-gen-ts/tests/conformance/bin/main.ts:30:78

  protobuf_test_messages.proto3.TestAllTypesProto3 1
  Error: Failure: Decoder hit an error
    at Object.jspb.asserts.fail (https://cdn.skypack.dev/-/google-protobuf@v3.21.2-YDUqZL2TTSsy2lGtfuND/dist=es2019,mode=imports/optimized/google-protobuf.js:801:11)
    at jspb.BinaryReader.nextField (https://cdn.skypack.dev/-/google-protobuf@v3.21.2-YDUqZL2TTSsy2lGtfuND/dist=es2019,mode=imports/optimized/google-protobuf.js:4374:27)
    at Function.deserialize (file:///Users/thesayyn/Documents/thesayyn/protoc-gen-ts/target/debug/build/protoc_gen_ts-8cec2bec66276c47/out/test_conformance/test_messages_proto3.ts:169:18)
    at file:///Users/thesayyn/Documents/thesayyn/protoc-gen-ts/tests/conformance/bin/main.ts:23:78

  protobuf_test_messages.proto2.TestAllTypesProto2 1
  Error: Failure: Decoder hit an error
    at Object.jspb.asserts.fail (https://cdn.skypack.dev/-/google-protobuf@v3.21.2-YDUqZL2TTSsy2lGtfuND/dist=es2019,mode=imports/optimized/google-protobuf.js:801:11)
    at jspb.BinaryReader.nextField (https://cdn.skypack.dev/-/google-protobuf@v3.21.2-YDUqZL2TTSsy2lGtfuND/dist=es2019,mode=imports/optimized/google-protobuf.js:4374:27)
    at Function.deserialize (file:///Users/thesayyn/Documents/thesayyn/protoc-gen-ts/target/debug/build/protoc_gen_ts-8cec2bec66276c47/out/test_conformance/test_messages_proto2.ts:145:18)
    at file:///Users/thesayyn/Documents/thesayyn/protoc-gen-ts/tests/conformance/bin/main.ts:30:78

  protobuf_test_messages.proto3.TestAllTypesProto3 1
  Error: Assertion failed
    at Object.jspb.asserts.doAssertFailure (https://cdn.skypack.dev/-/google-protobuf@v3.21.2-YDUqZL2TTSsy2lGtfuND/dist=es2019,mode=imports/optimized/google-protobuf.js:778:11)
    at Object.jspb.asserts.assert (https://cdn.skypack.dev/-/google-protobuf@v3.21.2-YDUqZL2TTSsy2lGtfuND/dist=es2019,mode=imports/optimized/google-protobuf.js:783:23)
    at jspb.BinaryDecoder.readUnsignedVarint32 (https://cdn.skypack.dev/-/google-protobuf@v3.21.2-YDUqZL2TTSsy2lGtfuND/dist=es2019,mode=imports/optimized/google-protobuf.js:4150:18)
    at jspb.BinaryDecoder.readSignedVarint32 (https://cdn.skypack.dev/-/google-protobuf@v3.21.2-YDUqZL2TTSsy2lGtfuND/dist=es2019,mode=imports/optimized/google-protobuf.js:4154:19)
    at jspb.BinaryReader.readInt32 (https://cdn.skypack.dev/-/google-protobuf@v3.21.2-YDUqZL2TTSsy2lGtfuND/dist=es2019,mode=imports/optimized/google-protobuf.js:4533:26)
    at Function.deserialize (file:///Users/thesayyn/Documents/thesayyn/protoc-gen-ts/target/debug/build/protoc_gen_ts-8cec2bec66276c47/out/test_conformance/test_messages_proto3.ts:172:49)
    at file:///Users/thesayyn/Documents/thesayyn/protoc-gen-ts/tests/conformance/bin/main.ts:23:78

  protobuf_test_messages.proto2.TestAllTypesProto2 1
  Error: Assertion failed
    at Object.jspb.asserts.doAssertFailure (https://cdn.skypack.dev/-/google-protobuf@v3.21.2-YDUqZL2TTSsy2lGtfuND/dist=es2019,mode=imports/optimized/google-protobuf.js:778:11)
    at Object.jspb.asserts.assert (https://cdn.skypack.dev/-/google-protobuf@v3.21.2-YDUqZL2TTSsy2lGtfuND/dist=es2019,mode=imports/optimized/google-protobuf.js:783:23)
    at jspb.BinaryDecoder.readUnsignedVarint32 (https://cdn.skypack.dev/-/google-protobuf@v3.21.2-YDUqZL2TTSsy2lGtfuND/dist=es2019,mode=imports/optimized/google-protobuf.js:4150:18)
    at jspb.BinaryDecoder.readSignedVarint32 (https://cdn.skypack.dev/-/google-protobuf@v3.21.2-YDUqZL2TTSsy2lGtfuND/dist=es2019,mode=imports/optimized/google-protobuf.js:4154:19)
    at jspb.BinaryReader.readInt32 (https://cdn.skypack.dev/-/google-protobuf@v3.21.2-YDUqZL2TTSsy2lGtfuND/dist=es2019,mode=imports/optimized/google-protobuf.js:4533:26)
    at Function.deserialize (file:///Users/thesayyn/Documents/thesayyn/protoc-gen-ts/target/debug/build/protoc_gen_ts-8cec2bec66276c47/out/test_conformance/test_messages_proto2.ts:148:49)
    at file:///Users/thesayyn/Documents/thesayyn/protoc-gen-ts/tests/conformance/bin/main.ts:30:78

  protobuf_test_messages.proto3.TestAllTypesProto3 1
  Error: Assertion failed
    at Object.jspb.asserts.doAssertFailure (https://cdn.skypack.dev/-/google-protobuf@v3.21.2-YDUqZL2TTSsy2lGtfuND/dist=es2019,mode=imports/optimized/google-protobuf.js:778:11)
    at Object.jspb.asserts.assert (https://cdn.skypack.dev/-/google-protobuf@v3.21.2-YDUqZL2TTSsy2lGtfuND/dist=es2019,mode=imports/optimized/google-protobuf.js:783:23)
    at jspb.BinaryDecoder.readUnsignedVarint32 (https://cdn.skypack.dev/-/google-protobuf@v3.21.2-YDUqZL2TTSsy2lGtfuND/dist=es2019,mode=imports/optimized/google-protobuf.js:4150:18)
    at jspb.BinaryDecoder.readSignedVarint32 (https://cdn.skypack.dev/-/google-protobuf@v3.21.2-YDUqZL2TTSsy2lGtfuND/dist=es2019,mode=imports/optimized/google-protobuf.js:4154:19)
    at jspb.BinaryReader.readInt32 (https://cdn.skypack.dev/-/google-protobuf@v3.21.2-YDUqZL2TTSsy2lGtfuND/dist=es2019,mode=imports/optimized/google-protobuf.js:4533:26)
    at Function.deserialize (file:///Users/thesayyn/Documents/thesayyn/protoc-gen-ts/target/debug/build/protoc_gen_ts-8cec2bec66276c47/out/test_conformance/test_messages_proto3.ts:242:57)
    at file:///Users/thesayyn/Documents/thesayyn/protoc-gen-ts/tests/conformance/bin/main.ts:23:78

  protobuf_test_messages.proto2.TestAllTypesProto2 1
  Error: Assertion failed
    at Object.jspb.asserts.doAssertFailure (https://cdn.skypack.dev/-/google-protobuf@v3.21.2-YDUqZL2TTSsy2lGtfuND/dist=es2019,mode=imports/optimized/google-protobuf.js:778:11)
    at Object.jspb.asserts.assert (https://cdn.skypack.dev/-/google-protobuf@v3.21.2-YDUqZL2TTSsy2lGtfuND/dist=es2019,mode=imports/optimized/google-protobuf.js:783:23)
    at jspb.BinaryDecoder.readUnsignedVarint32 (https://cdn.skypack.dev/-/google-protobuf@v3.21.2-YDUqZL2TTSsy2lGtfuND/dist=es2019,mode=imports/optimized/google-protobuf.js:4150:18)
    at jspb.BinaryDecoder.readSignedVarint32 (https://cdn.skypack.dev/-/google-protobuf@v3.21.2-YDUqZL2TTSsy2lGtfuND/dist=es2019,mode=imports/optimized/google-protobuf.js:4154:19)
    at jspb.BinaryReader.readInt32 (https://cdn.skypack.dev/-/google-protobuf@v3.21.2-YDUqZL2TTSsy2lGtfuND/dist=es2019,mode=imports/optimized/google-protobuf.js:4533:26)
    at Function.deserialize (file:///Users/thesayyn/Documents/thesayyn/protoc-gen-ts/target/debug/build/protoc_gen_ts-8cec2bec66276c47/out/test_conformance/test_messages_proto2.ts:214:52)
    at file:///Users/thesayyn/Documents/thesayyn/protoc-gen-ts/tests/conformance/bin/main.ts:30:78

  protobuf_test_messages.proto3.TestAllTypesProto3 1
  Error: Failure: Decoder hit an error
    at Object.jspb.asserts.fail (https://cdn.skypack.dev/-/google-protobuf@v3.21.2-YDUqZL2TTSsy2lGtfuND/dist=es2019,mode=imports/optimized/google-protobuf.js:801:11)
    at jspb.BinaryReader.nextField (https://cdn.skypack.dev/-/google-protobuf@v3.21.2-YDUqZL2TTSsy2lGtfuND/dist=es2019,mode=imports/optimized/google-protobuf.js:4374:27)
    at Function.deserialize (file:///Users/thesayyn/Documents/thesayyn/protoc-gen-ts/target/debug/build/protoc_gen_ts-8cec2bec66276c47/out/test_conformance/test_messages_proto3.ts:169:18)
    at file:///Users/thesayyn/Documents/thesayyn/protoc-gen-ts/tests/conformance/bin/main.ts:23:78

  protobuf_test_messages.proto2.TestAllTypesProto2 1
  Error: Failure: Decoder hit an error
    at Object.jspb.asserts.fail (https://cdn.skypack.dev/-/google-protobuf@v3.21.2-YDUqZL2TTSsy2lGtfuND/dist=es2019,mode=imports/optimized/google-protobuf.js:801:11)
    at jspb.BinaryReader.nextField (https://cdn.skypack.dev/-/google-protobuf@v3.21.2-YDUqZL2TTSsy2lGtfuND/dist=es2019,mode=imports/optimized/google-protobuf.js:4374:27)
    at Function.deserialize (file:///Users/thesayyn/Documents/thesayyn/protoc-gen-ts/target/debug/build/protoc_gen_ts-8cec2bec66276c47/out/test_conformance/test_messages_proto2.ts:145:18)
    at file:///Users/thesayyn/Documents/thesayyn/protoc-gen-ts/tests/conformance/bin/main.ts:30:78

  protobuf_test_messages.proto3.TestAllTypesProto3 1
  Error: Assertion failed
    at Object.jspb.asserts.doAssertFailure (https://cdn.skypack.dev/-/google-protobuf@v3.21.2-YDUqZL2TTSsy2lGtfuND/dist=es2019,mode=imports/optimized/google-protobuf.js:778:11)
    at Object.jspb.asserts.assert (https://cdn.skypack.dev/-/google-protobuf@v3.21.2-YDUqZL2TTSsy2lGtfuND/dist=es2019,mode=imports/optimized/google-protobuf.js:783:23)
    at jspb.BinaryDecoder.readUnsignedVarint32 (https://cdn.skypack.dev/-/google-protobuf@v3.21.2-YDUqZL2TTSsy2lGtfuND/dist=es2019,mode=imports/optimized/google-protobuf.js:4150:18)
    at jspb.BinaryDecoder.readSignedVarint32 (https://cdn.skypack.dev/-/google-protobuf@v3.21.2-YDUqZL2TTSsy2lGtfuND/dist=es2019,mode=imports/optimized/google-protobuf.js:4154:19)
    at jspb.BinaryReader.readPackedField_ (https://cdn.skypack.dev/-/google-protobuf@v3.21.2-YDUqZL2TTSsy2lGtfuND/dist=es2019,mode=imports/optimized/google-protobuf.js:4676:16)
    at jspb.BinaryReader.readPackedInt32 (https://cdn.skypack.dev/-/google-protobuf@v3.21.2-YDUqZL2TTSsy2lGtfuND/dist=es2019,mode=imports/optimized/google-protobuf.js:4680:17)
    at Function.deserialize (file:///Users/thesayyn/Documents/thesayyn/protoc-gen-ts/target/debug/build/protoc_gen_ts-8cec2bec66276c47/out/test_conformance/test_messages_proto3.ts:241:77)
    at file:///Users/thesayyn/Documents/thesayyn/protoc-gen-ts/tests/conformance/bin/main.ts:23:78

  protobuf_test_messages.proto2.TestAllTypesProto2 1
  Error: Assertion failed
    at Object.jspb.asserts.doAssertFailure (https://cdn.skypack.dev/-/google-protobuf@v3.21.2-YDUqZL2TTSsy2lGtfuND/dist=es2019,mode=imports/optimized/google-protobuf.js:778:11)
    at Object.jspb.asserts.assert (https://cdn.skypack.dev/-/google-protobuf@v3.21.2-YDUqZL2TTSsy2lGtfuND/dist=es2019,mode=imports/optimized/google-protobuf.js:783:23)
    at jspb.BinaryReader.readInt32 (https://cdn.skypack.dev/-/google-protobuf@v3.21.2-YDUqZL2TTSsy2lGtfuND/dist=es2019,mode=imports/optimized/google-protobuf.js:4532:18)
    at Function.deserialize (file:///Users/thesayyn/Documents/thesayyn/protoc-gen-ts/target/debug/build/protoc_gen_ts-8cec2bec66276c47/out/test_conformance/test_messages_proto2.ts:214:52)
    at file:///Users/thesayyn/Documents/thesayyn/protoc-gen-ts/tests/conformance/bin/main.ts:30:78

  protobuf_test_messages.proto3.TestAllTypesProto3 1
  Error: Assertion failed
    at Object.jspb.asserts.doAssertFailure (https://cdn.skypack.dev/-/google-protobuf@v3.21.2-YDUqZL2TTSsy2lGtfuND/dist=es2019,mode=imports/optimized/google-protobuf.js:778:11)
    at Object.jspb.asserts.assert (https://cdn.skypack.dev/-/google-protobuf@v3.21.2-YDUqZL2TTSsy2lGtfuND/dist=es2019,mode=imports/optimized/google-protobuf.js:783:23)
    at jspb.BinaryDecoder.readUnsignedVarint32 (https://cdn.skypack.dev/-/google-protobuf@v3.21.2-YDUqZL2TTSsy2lGtfuND/dist=es2019,mode=imports/optimized/google-protobuf.js:4150:18)
    at jspb.BinaryDecoder.readSignedVarint32 (https://cdn.skypack.dev/-/google-protobuf@v3.21.2-YDUqZL2TTSsy2lGtfuND/dist=es2019,mode=imports/optimized/google-protobuf.js:4154:19)
    at jspb.BinaryReader.readPackedField_ (https://cdn.skypack.dev/-/google-protobuf@v3.21.2-YDUqZL2TTSsy2lGtfuND/dist=es2019,mode=imports/optimized/google-protobuf.js:4676:16)
    at jspb.BinaryReader.readPackedInt32 (https://cdn.skypack.dev/-/google-protobuf@v3.21.2-YDUqZL2TTSsy2lGtfuND/dist=es2019,mode=imports/optimized/google-protobuf.js:4680:17)
    at Function.deserialize (file:///Users/thesayyn/Documents/thesayyn/protoc-gen-ts/target/debug/build/protoc_gen_ts-8cec2bec66276c47/out/test_conformance/test_messages_proto3.ts:241:77)
    at file:///Users/thesayyn/Documents/thesayyn/protoc-gen-ts/tests/conformance/bin/main.ts:23:78

  protobuf_test_messages.proto2.TestAllTypesProto2 1
  Error: Assertion failed
    at Object.jspb.asserts.doAssertFailure (https://cdn.skypack.dev/-/google-protobuf@v3.21.2-YDUqZL2TTSsy2lGtfuND/dist=es2019,mode=imports/optimized/google-protobuf.js:778:11)
    at Object.jspb.asserts.assert (https://cdn.skypack.dev/-/google-protobuf@v3.21.2-YDUqZL2TTSsy2lGtfuND/dist=es2019,mode=imports/optimized/google-protobuf.js:783:23)
    at jspb.BinaryReader.readInt32 (https://cdn.skypack.dev/-/google-protobuf@v3.21.2-YDUqZL2TTSsy2lGtfuND/dist=es2019,mode=imports/optimized/google-protobuf.js:4532:18)
    at Function.deserialize (file:///Users/thesayyn/Documents/thesayyn/protoc-gen-ts/target/debug/build/protoc_gen_ts-8cec2bec66276c47/out/test_conformance/test_messages_proto2.ts:214:52)
    at file:///Users/thesayyn/Documents/thesayyn/protoc-gen-ts/tests/conformance/bin/main.ts:30:78

  protobuf_test_messages.proto3.TestAllTypesProto3 1
  Error: Assertion failed
    at Object.jspb.asserts.doAssertFailure (https://cdn.skypack.dev/-/google-protobuf@v3.21.2-YDUqZL2TTSsy2lGtfuND/dist=es2019,mode=imports/optimized/google-protobuf.js:778:11)
    at Object.jspb.asserts.assert (https://cdn.skypack.dev/-/google-protobuf@v3.21.2-YDUqZL2TTSsy2lGtfuND/dist=es2019,mode=imports/optimized/google-protobuf.js:783:23)
    at jspb.BinaryDecoder.readUint32 (https://cdn.skypack.dev/-/google-protobuf@v3.21.2-YDUqZL2TTSsy2lGtfuND/dist=es2019,mode=imports/optimized/google-protobuf.js:4202:18)
    at jspb.BinaryDecoder.readUint64 (https://cdn.skypack.dev/-/google-protobuf@v3.21.2-YDUqZL2TTSsy2lGtfuND/dist=es2019,mode=imports/optimized/google-protobuf.js:4206:18)
    at jspb.BinaryReader.readFixed64 (https://cdn.skypack.dev/-/google-protobuf@v3.21.2-YDUqZL2TTSsy2lGtfuND/dist=es2019,mode=imports/optimized/google-protobuf.js:4588:26)
    at Function.deserialize (file:///Users/thesayyn/Documents/thesayyn/protoc-gen-ts/target/debug/build/protoc_gen_ts-8cec2bec66276c47/out/test_conformance/test_messages_proto3.ts:193:51)
    at file:///Users/thesayyn/Documents/thesayyn/protoc-gen-ts/tests/conformance/bin/main.ts:23:78

  protobuf_test_messages.proto2.TestAllTypesProto2 1
  Error: Assertion failed
    at Object.jspb.asserts.doAssertFailure (https://cdn.skypack.dev/-/google-protobuf@v3.21.2-YDUqZL2TTSsy2lGtfuND/dist=es2019,mode=imports/optimized/google-protobuf.js:778:11)
    at Object.jspb.asserts.assert (https://cdn.skypack.dev/-/google-protobuf@v3.21.2-YDUqZL2TTSsy2lGtfuND/dist=es2019,mode=imports/optimized/google-protobuf.js:783:23)
    at jspb.BinaryDecoder.readUint32 (https://cdn.skypack.dev/-/google-protobuf@v3.21.2-YDUqZL2TTSsy2lGtfuND/dist=es2019,mode=imports/optimized/google-protobuf.js:4202:18)
    at jspb.BinaryDecoder.readUint64 (https://cdn.skypack.dev/-/google-protobuf@v3.21.2-YDUqZL2TTSsy2lGtfuND/dist=es2019,mode=imports/optimized/google-protobuf.js:4206:18)
    at jspb.BinaryReader.readFixed64 (https://cdn.skypack.dev/-/google-protobuf@v3.21.2-YDUqZL2TTSsy2lGtfuND/dist=es2019,mode=imports/optimized/google-protobuf.js:4588:26)
    at Function.deserialize (file:///Users/thesayyn/Documents/thesayyn/protoc-gen-ts/target/debug/build/protoc_gen_ts-8cec2bec66276c47/out/test_conformance/test_messages_proto2.ts:169:51)
    at file:///Users/thesayyn/Documents/thesayyn/protoc-gen-ts/tests/conformance/bin/main.ts:30:78

  protobuf_test_messages.proto3.TestAllTypesProto3 1
  Error: Assertion failed
    at Object.jspb.asserts.doAssertFailure (https://cdn.skypack.dev/-/google-protobuf@v3.21.2-YDUqZL2TTSsy2lGtfuND/dist=es2019,mode=imports/optimized/google-protobuf.js:778:11)
    at Object.jspb.asserts.assert (https://cdn.skypack.dev/-/google-protobuf@v3.21.2-YDUqZL2TTSsy2lGtfuND/dist=es2019,mode=imports/optimized/google-protobuf.js:783:23)
    at jspb.BinaryDecoder.readUint32 (https://cdn.skypack.dev/-/google-protobuf@v3.21.2-YDUqZL2TTSsy2lGtfuND/dist=es2019,mode=imports/optimized/google-protobuf.js:4202:18)
    at jspb.BinaryDecoder.readUint64 (https://cdn.skypack.dev/-/google-protobuf@v3.21.2-YDUqZL2TTSsy2lGtfuND/dist=es2019,mode=imports/optimized/google-protobuf.js:4206:18)
    at jspb.BinaryReader.readFixed64 (https://cdn.skypack.dev/-/google-protobuf@v3.21.2-YDUqZL2TTSsy2lGtfuND/dist=es2019,mode=imports/optimized/google-protobuf.js:4588:26)
    at Function.deserialize (file:///Users/thesayyn/Documents/thesayyn/protoc-gen-ts/target/debug/build/protoc_gen_ts-8cec2bec66276c47/out/test_conformance/test_messages_proto3.ts:270:59)
    at file:///Users/thesayyn/Documents/thesayyn/protoc-gen-ts/tests/conformance/bin/main.ts:23:78

  protobuf_test_messages.proto2.TestAllTypesProto2 1
  Error: Assertion failed
    at Object.jspb.asserts.doAssertFailure (https://cdn.skypack.dev/-/google-protobuf@v3.21.2-YDUqZL2TTSsy2lGtfuND/dist=es2019,mode=imports/optimized/google-protobuf.js:778:11)
    at Object.jspb.asserts.assert (https://cdn.skypack.dev/-/google-protobuf@v3.21.2-YDUqZL2TTSsy2lGtfuND/dist=es2019,mode=imports/optimized/google-protobuf.js:783:23)
    at jspb.BinaryDecoder.readUint32 (https://cdn.skypack.dev/-/google-protobuf@v3.21.2-YDUqZL2TTSsy2lGtfuND/dist=es2019,mode=imports/optimized/google-protobuf.js:4202:18)
    at jspb.BinaryDecoder.readUint64 (https://cdn.skypack.dev/-/google-protobuf@v3.21.2-YDUqZL2TTSsy2lGtfuND/dist=es2019,mode=imports/optimized/google-protobuf.js:4206:18)
    at jspb.BinaryReader.readFixed64 (https://cdn.skypack.dev/-/google-protobuf@v3.21.2-YDUqZL2TTSsy2lGtfuND/dist=es2019,mode=imports/optimized/google-protobuf.js:4588:26)
    at Function.deserialize (file:///Users/thesayyn/Documents/thesayyn/protoc-gen-ts/target/debug/build/protoc_gen_ts-8cec2bec66276c47/out/test_conformance/test_messages_proto2.ts:235:54)
    at file:///Users/thesayyn/Documents/thesayyn/protoc-gen-ts/tests/conformance/bin/main.ts:30:78

  protobuf_test_messages.proto3.TestAllTypesProto3 1
  Error: Assertion failed
    at Object.jspb.asserts.doAssertFailure (https://cdn.skypack.dev/-/google-protobuf@v3.21.2-YDUqZL2TTSsy2lGtfuND/dist=es2019,mode=imports/optimized/google-protobuf.js:778:11)
    at Object.jspb.asserts.assert (https://cdn.skypack.dev/-/google-protobuf@v3.21.2-YDUqZL2TTSsy2lGtfuND/dist=es2019,mode=imports/optimized/google-protobuf.js:783:23)
    at jspb.BinaryDecoder.advance (https://cdn.skypack.dev/-/google-protobuf@v3.21.2-YDUqZL2TTSsy2lGtfuND/dist=es2019,mode=imports/optimized/google-protobuf.js:4081:18)
    at jspb.BinaryReader.skipFixed64Field (https://cdn.skypack.dev/-/google-protobuf@v3.21.2-YDUqZL2TTSsy2lGtfuND/dist=es2019,mode=imports/optimized/google-protobuf.js:4409:163)
    at jspb.BinaryReader.skipField (https://cdn.skypack.dev/-/google-protobuf@v3.21.2-YDUqZL2TTSsy2lGtfuND/dist=es2019,mode=imports/optimized/google-protobuf.js:4432:14)
    at Function.deserialize (file:///Users/thesayyn/Documents/thesayyn/protoc-gen-ts/target/debug/build/protoc_gen_ts-8cec2bec66276c47/out/test_conformance/test_messages_proto3.ts:958:24)
    at file:///Users/thesayyn/Documents/thesayyn/protoc-gen-ts/tests/conformance/bin/main.ts:23:78

  protobuf_test_messages.proto2.TestAllTypesProto2 1
  Error: Assertion failed
    at Object.jspb.asserts.doAssertFailure (https://cdn.skypack.dev/-/google-protobuf@v3.21.2-YDUqZL2TTSsy2lGtfuND/dist=es2019,mode=imports/optimized/google-protobuf.js:778:11)
    at Object.jspb.asserts.assert (https://cdn.skypack.dev/-/google-protobuf@v3.21.2-YDUqZL2TTSsy2lGtfuND/dist=es2019,mode=imports/optimized/google-protobuf.js:783:23)
    at jspb.BinaryDecoder.advance (https://cdn.skypack.dev/-/google-protobuf@v3.21.2-YDUqZL2TTSsy2lGtfuND/dist=es2019,mode=imports/optimized/google-protobuf.js:4081:18)
    at jspb.BinaryReader.skipFixed64Field (https://cdn.skypack.dev/-/google-protobuf@v3.21.2-YDUqZL2TTSsy2lGtfuND/dist=es2019,mode=imports/optimized/google-protobuf.js:4409:163)
    at jspb.BinaryReader.skipField (https://cdn.skypack.dev/-/google-protobuf@v3.21.2-YDUqZL2TTSsy2lGtfuND/dist=es2019,mode=imports/optimized/google-protobuf.js:4432:14)
    at Function.deserialize (file:///Users/thesayyn/Documents/thesayyn/protoc-gen-ts/target/debug/build/protoc_gen_ts-8cec2bec66276c47/out/test_conformance/test_messages_proto2.ts:865:24)
    at file:///Users/thesayyn/Documents/thesayyn/protoc-gen-ts/tests/conformance/bin/main.ts:30:78

  protobuf_test_messages.proto3.TestAllTypesProto3 1
  Error: Assertion failed
    at Object.jspb.asserts.doAssertFailure (https://cdn.skypack.dev/-/google-protobuf@v3.21.2-YDUqZL2TTSsy2lGtfuND/dist=es2019,mode=imports/optimized/google-protobuf.js:778:11)
    at Object.jspb.asserts.assert (https://cdn.skypack.dev/-/google-protobuf@v3.21.2-YDUqZL2TTSsy2lGtfuND/dist=es2019,mode=imports/optimized/google-protobuf.js:783:23)
    at jspb.BinaryDecoder.readUint32 (https://cdn.skypack.dev/-/google-protobuf@v3.21.2-YDUqZL2TTSsy2lGtfuND/dist=es2019,mode=imports/optimized/google-protobuf.js:4202:18)
    at jspb.BinaryDecoder.readUint64 (https://cdn.skypack.dev/-/google-protobuf@v3.21.2-YDUqZL2TTSsy2lGtfuND/dist=es2019,mode=imports/optimized/google-protobuf.js:4206:41)
    at jspb.BinaryReader.readFixed64 (https://cdn.skypack.dev/-/google-protobuf@v3.21.2-YDUqZL2TTSsy2lGtfuND/dist=es2019,mode=imports/optimized/google-protobuf.js:4588:26)
    at Function.deserialize (file:///Users/thesayyn/Documents/thesayyn/protoc-gen-ts/target/debug/build/protoc_gen_ts-8cec2bec66276c47/out/test_conformance/test_messages_proto3.ts:193:51)
    at file:///Users/thesayyn/Documents/thesayyn/protoc-gen-ts/tests/conformance/bin/main.ts:23:78

  protobuf_test_messages.proto2.TestAllTypesProto2 1
  Error: Assertion failed
    at Object.jspb.asserts.doAssertFailure (https://cdn.skypack.dev/-/google-protobuf@v3.21.2-YDUqZL2TTSsy2lGtfuND/dist=es2019,mode=imports/optimized/google-protobuf.js:778:11)
    at Object.jspb.asserts.assert (https://cdn.skypack.dev/-/google-protobuf@v3.21.2-YDUqZL2TTSsy2lGtfuND/dist=es2019,mode=imports/optimized/google-protobuf.js:783:23)
    at jspb.BinaryDecoder.readUint32 (https://cdn.skypack.dev/-/google-protobuf@v3.21.2-YDUqZL2TTSsy2lGtfuND/dist=es2019,mode=imports/optimized/google-protobuf.js:4202:18)
    at jspb.BinaryDecoder.readUint64 (https://cdn.skypack.dev/-/google-protobuf@v3.21.2-YDUqZL2TTSsy2lGtfuND/dist=es2019,mode=imports/optimized/google-protobuf.js:4206:41)
    at jspb.BinaryReader.readFixed64 (https://cdn.skypack.dev/-/google-protobuf@v3.21.2-YDUqZL2TTSsy2lGtfuND/dist=es2019,mode=imports/optimized/google-protobuf.js:4588:26)
    at Function.deserialize (file:///Users/thesayyn/Documents/thesayyn/protoc-gen-ts/target/debug/build/protoc_gen_ts-8cec2bec66276c47/out/test_conformance/test_messages_proto2.ts:169:51)
    at file:///Users/thesayyn/Documents/thesayyn/protoc-gen-ts/tests/conformance/bin/main.ts:30:78

  protobuf_test_messages.proto3.TestAllTypesProto3 1
  Error: Assertion failed
    at Object.jspb.asserts.doAssertFailure (https://cdn.skypack.dev/-/google-protobuf@v3.21.2-YDUqZL2TTSsy2lGtfuND/dist=es2019,mode=imports/optimized/google-protobuf.js:778:11)
    at Object.jspb.asserts.assert (https://cdn.skypack.dev/-/google-protobuf@v3.21.2-YDUqZL2TTSsy2lGtfuND/dist=es2019,mode=imports/optimized/google-protobuf.js:783:23)
    at jspb.BinaryDecoder.readUint32 (https://cdn.skypack.dev/-/google-protobuf@v3.21.2-YDUqZL2TTSsy2lGtfuND/dist=es2019,mode=imports/optimized/google-protobuf.js:4202:18)
    at jspb.BinaryDecoder.readUint64 (https://cdn.skypack.dev/-/google-protobuf@v3.21.2-YDUqZL2TTSsy2lGtfuND/dist=es2019,mode=imports/optimized/google-protobuf.js:4206:41)
    at jspb.BinaryReader.readFixed64 (https://cdn.skypack.dev/-/google-protobuf@v3.21.2-YDUqZL2TTSsy2lGtfuND/dist=es2019,mode=imports/optimized/google-protobuf.js:4588:26)
    at Function.deserialize (file:///Users/thesayyn/Documents/thesayyn/protoc-gen-ts/target/debug/build/protoc_gen_ts-8cec2bec66276c47/out/test_conformance/test_messages_proto3.ts:270:59)
    at file:///Users/thesayyn/Documents/thesayyn/protoc-gen-ts/tests/conformance/bin/main.ts:23:78

  protobuf_test_messages.proto2.TestAllTypesProto2 1
  Error: Assertion failed
    at Object.jspb.asserts.doAssertFailure (https://cdn.skypack.dev/-/google-protobuf@v3.21.2-YDUqZL2TTSsy2lGtfuND/dist=es2019,mode=imports/optimized/google-protobuf.js:778:11)
    at Object.jspb.asserts.assert (https://cdn.skypack.dev/-/google-protobuf@v3.21.2-YDUqZL2TTSsy2lGtfuND/dist=es2019,mode=imports/optimized/google-protobuf.js:783:23)
    at jspb.BinaryDecoder.readUint32 (https://cdn.skypack.dev/-/google-protobuf@v3.21.2-YDUqZL2TTSsy2lGtfuND/dist=es2019,mode=imports/optimized/google-protobuf.js:4202:18)
    at jspb.BinaryDecoder.readUint64 (https://cdn.skypack.dev/-/google-protobuf@v3.21.2-YDUqZL2TTSsy2lGtfuND/dist=es2019,mode=imports/optimized/google-protobuf.js:4206:41)
    at jspb.BinaryReader.readFixed64 (https://cdn.skypack.dev/-/google-protobuf@v3.21.2-YDUqZL2TTSsy2lGtfuND/dist=es2019,mode=imports/optimized/google-protobuf.js:4588:26)
    at Function.deserialize (file:///Users/thesayyn/Documents/thesayyn/protoc-gen-ts/target/debug/build/protoc_gen_ts-8cec2bec66276c47/out/test_conformance/test_messages_proto2.ts:235:54)
    at file:///Users/thesayyn/Documents/thesayyn/protoc-gen-ts/tests/conformance/bin/main.ts:30:78

  protobuf_test_messages.proto3.TestAllTypesProto3 1
  Error: Assertion failed
    at Object.jspb.asserts.doAssertFailure (https://cdn.skypack.dev/-/google-protobuf@v3.21.2-YDUqZL2TTSsy2lGtfuND/dist=es2019,mode=imports/optimized/google-protobuf.js:778:11)
    at Object.jspb.asserts.assert (https://cdn.skypack.dev/-/google-protobuf@v3.21.2-YDUqZL2TTSsy2lGtfuND/dist=es2019,mode=imports/optimized/google-protobuf.js:783:23)
    at jspb.BinaryDecoder.advance (https://cdn.skypack.dev/-/google-protobuf@v3.21.2-YDUqZL2TTSsy2lGtfuND/dist=es2019,mode=imports/optimized/google-protobuf.js:4081:18)
    at jspb.BinaryReader.skipFixed64Field (https://cdn.skypack.dev/-/google-protobuf@v3.21.2-YDUqZL2TTSsy2lGtfuND/dist=es2019,mode=imports/optimized/google-protobuf.js:4409:163)
    at jspb.BinaryReader.skipField (https://cdn.skypack.dev/-/google-protobuf@v3.21.2-YDUqZL2TTSsy2lGtfuND/dist=es2019,mode=imports/optimized/google-protobuf.js:4432:14)
    at Function.deserialize (file:///Users/thesayyn/Documents/thesayyn/protoc-gen-ts/target/debug/build/protoc_gen_ts-8cec2bec66276c47/out/test_conformance/test_messages_proto3.ts:958:24)
    at file:///Users/thesayyn/Documents/thesayyn/protoc-gen-ts/tests/conformance/bin/main.ts:23:78

  protobuf_test_messages.proto2.TestAllTypesProto2 1
  Error: Assertion failed
    at Object.jspb.asserts.doAssertFailure (https://cdn.skypack.dev/-/google-protobuf@v3.21.2-YDUqZL2TTSsy2lGtfuND/dist=es2019,mode=imports/optimized/google-protobuf.js:778:11)
    at Object.jspb.asserts.assert (https://cdn.skypack.dev/-/google-protobuf@v3.21.2-YDUqZL2TTSsy2lGtfuND/dist=es2019,mode=imports/optimized/google-protobuf.js:783:23)
    at jspb.BinaryDecoder.advance (https://cdn.skypack.dev/-/google-protobuf@v3.21.2-YDUqZL2TTSsy2lGtfuND/dist=es2019,mode=imports/optimized/google-protobuf.js:4081:18)
    at jspb.BinaryReader.skipFixed64Field (https://cdn.skypack.dev/-/google-protobuf@v3.21.2-YDUqZL2TTSsy2lGtfuND/dist=es2019,mode=imports/optimized/google-protobuf.js:4409:163)
    at jspb.BinaryReader.skipField (https://cdn.skypack.dev/-/google-protobuf@v3.21.2-YDUqZL2TTSsy2lGtfuND/dist=es2019,mode=imports/optimized/google-protobuf.js:4432:14)
    at Function.deserialize (file:///Users/thesayyn/Documents/thesayyn/protoc-gen-ts/target/debug/build/protoc_gen_ts-8cec2bec66276c47/out/test_conformance/test_messages_proto2.ts:865:24)
    at file:///Users/thesayyn/Documents/thesayyn/protoc-gen-ts/tests/conformance/bin/main.ts:30:78

  protobuf_test_messages.proto3.TestAllTypesProto3 1
  Error: Assertion failed
    at Object.jspb.asserts.doAssertFailure (https://cdn.skypack.dev/-/google-protobuf@v3.21.2-YDUqZL2TTSsy2lGtfuND/dist=es2019,mode=imports/optimized/google-protobuf.js:778:11)
    at Object.jspb.asserts.assert (https://cdn.skypack.dev/-/google-protobuf@v3.21.2-YDUqZL2TTSsy2lGtfuND/dist=es2019,mode=imports/optimized/google-protobuf.js:783:23)
    at jspb.BinaryDecoder.readUint32 (https://cdn.skypack.dev/-/google-protobuf@v3.21.2-YDUqZL2TTSsy2lGtfuND/dist=es2019,mode=imports/optimized/google-protobuf.js:4202:18)
    at jspb.BinaryDecoder.readUint64 (https://cdn.skypack.dev/-/google-protobuf@v3.21.2-YDUqZL2TTSsy2lGtfuND/dist=es2019,mode=imports/optimized/google-protobuf.js:4206:41)
    at jspb.BinaryReader.readPackedField_ (https://cdn.skypack.dev/-/google-protobuf@v3.21.2-YDUqZL2TTSsy2lGtfuND/dist=es2019,mode=imports/optimized/google-protobuf.js:4676:16)
    at jspb.BinaryReader.readPackedFixed64 (https://cdn.skypack.dev/-/google-protobuf@v3.21.2-YDUqZL2TTSsy2lGtfuND/dist=es2019,mode=imports/optimized/google-protobuf.js:4723:17)
    at Function.deserialize (file:///Users/thesayyn/Documents/thesayyn/protoc-gen-ts/target/debug/build/protoc_gen_ts-8cec2bec66276c47/out/test_conformance/test_messages_proto3.ts:269:79)
    at file:///Users/thesayyn/Documents/thesayyn/protoc-gen-ts/tests/conformance/bin/main.ts:23:78

  protobuf_test_messages.proto2.TestAllTypesProto2 1
  Error: Assertion failed
    at Object.jspb.asserts.doAssertFailure (https://cdn.skypack.dev/-/google-protobuf@v3.21.2-YDUqZL2TTSsy2lGtfuND/dist=es2019,mode=imports/optimized/google-protobuf.js:778:11)
    at Object.jspb.asserts.assert (https://cdn.skypack.dev/-/google-protobuf@v3.21.2-YDUqZL2TTSsy2lGtfuND/dist=es2019,mode=imports/optimized/google-protobuf.js:783:23)
    at jspb.BinaryReader.readFixed64 (https://cdn.skypack.dev/-/google-protobuf@v3.21.2-YDUqZL2TTSsy2lGtfuND/dist=es2019,mode=imports/optimized/google-protobuf.js:4587:18)
    at Function.deserialize (file:///Users/thesayyn/Documents/thesayyn/protoc-gen-ts/target/debug/build/protoc_gen_ts-8cec2bec66276c47/out/test_conformance/test_messages_proto2.ts:235:54)
    at file:///Users/thesayyn/Documents/thesayyn/protoc-gen-ts/tests/conformance/bin/main.ts:30:78

  protobuf_test_messages.proto3.TestAllTypesProto3 1
  Error: Assertion failed
    at Object.jspb.asserts.doAssertFailure (https://cdn.skypack.dev/-/google-protobuf@v3.21.2-YDUqZL2TTSsy2lGtfuND/dist=es2019,mode=imports/optimized/google-protobuf.js:778:11)
    at Object.jspb.asserts.assert (https://cdn.skypack.dev/-/google-protobuf@v3.21.2-YDUqZL2TTSsy2lGtfuND/dist=es2019,mode=imports/optimized/google-protobuf.js:783:23)
    at jspb.BinaryDecoder.readUint32 (https://cdn.skypack.dev/-/google-protobuf@v3.21.2-YDUqZL2TTSsy2lGtfuND/dist=es2019,mode=imports/optimized/google-protobuf.js:4202:18)
    at jspb.BinaryDecoder.readUint64 (https://cdn.skypack.dev/-/google-protobuf@v3.21.2-YDUqZL2TTSsy2lGtfuND/dist=es2019,mode=imports/optimized/google-protobuf.js:4206:18)
    at jspb.BinaryReader.readPackedField_ (https://cdn.skypack.dev/-/google-protobuf@v3.21.2-YDUqZL2TTSsy2lGtfuND/dist=es2019,mode=imports/optimized/google-protobuf.js:4676:16)
    at jspb.BinaryReader.readPackedFixed64 (https://cdn.skypack.dev/-/google-protobuf@v3.21.2-YDUqZL2TTSsy2lGtfuND/dist=es2019,mode=imports/optimized/google-protobuf.js:4723:17)
    at Function.deserialize (file:///Users/thesayyn/Documents/thesayyn/protoc-gen-ts/target/debug/build/protoc_gen_ts-8cec2bec66276c47/out/test_conformance/test_messages_proto3.ts:269:79)
    at file:///Users/thesayyn/Documents/thesayyn/protoc-gen-ts/tests/conformance/bin/main.ts:23:78

  protobuf_test_messages.proto2.TestAllTypesProto2 1
  Error: Assertion failed
    at Object.jspb.asserts.doAssertFailure (https://cdn.skypack.dev/-/google-protobuf@v3.21.2-YDUqZL2TTSsy2lGtfuND/dist=es2019,mode=imports/optimized/google-protobuf.js:778:11)
    at Object.jspb.asserts.assert (https://cdn.skypack.dev/-/google-protobuf@v3.21.2-YDUqZL2TTSsy2lGtfuND/dist=es2019,mode=imports/optimized/google-protobuf.js:783:23)
    at jspb.BinaryReader.readFixed64 (https://cdn.skypack.dev/-/google-protobuf@v3.21.2-YDUqZL2TTSsy2lGtfuND/dist=es2019,mode=imports/optimized/google-protobuf.js:4587:18)
    at Function.deserialize (file:///Users/thesayyn/Documents/thesayyn/protoc-gen-ts/target/debug/build/protoc_gen_ts-8cec2bec66276c47/out/test_conformance/test_messages_proto2.ts:235:54)
    at file:///Users/thesayyn/Documents/thesayyn/protoc-gen-ts/tests/conformance/bin/main.ts:30:78

  protobuf_test_messages.proto3.TestAllTypesProto3 1
  Error: Assertion failed
    at Object.jspb.asserts.doAssertFailure (https://cdn.skypack.dev/-/google-protobuf@v3.21.2-YDUqZL2TTSsy2lGtfuND/dist=es2019,mode=imports/optimized/google-protobuf.js:778:11)
    at Object.jspb.asserts.assert (https://cdn.skypack.dev/-/google-protobuf@v3.21.2-YDUqZL2TTSsy2lGtfuND/dist=es2019,mode=imports/optimized/google-protobuf.js:783:23)
    at jspb.BinaryDecoder.readUint32 (https://cdn.skypack.dev/-/google-protobuf@v3.21.2-YDUqZL2TTSsy2lGtfuND/dist=es2019,mode=imports/optimized/google-protobuf.js:4202:18)
    at jspb.BinaryReader.readFixed32 (https://cdn.skypack.dev/-/google-protobuf@v3.21.2-YDUqZL2TTSsy2lGtfuND/dist=es2019,mode=imports/optimized/google-protobuf.js:4583:26)
    at Function.deserialize (file:///Users/thesayyn/Documents/thesayyn/protoc-gen-ts/target/debug/build/protoc_gen_ts-8cec2bec66276c47/out/test_conformance/test_messages_proto3.ts:190:51)
    at file:///Users/thesayyn/Documents/thesayyn/protoc-gen-ts/tests/conformance/bin/main.ts:23:78

  protobuf_test_messages.proto2.TestAllTypesProto2 1
  Error: Assertion failed
    at Object.jspb.asserts.doAssertFailure (https://cdn.skypack.dev/-/google-protobuf@v3.21.2-YDUqZL2TTSsy2lGtfuND/dist=es2019,mode=imports/optimized/google-protobuf.js:778:11)
    at Object.jspb.asserts.assert (https://cdn.skypack.dev/-/google-protobuf@v3.21.2-YDUqZL2TTSsy2lGtfuND/dist=es2019,mode=imports/optimized/google-protobuf.js:783:23)
    at jspb.BinaryDecoder.readUint32 (https://cdn.skypack.dev/-/google-protobuf@v3.21.2-YDUqZL2TTSsy2lGtfuND/dist=es2019,mode=imports/optimized/google-protobuf.js:4202:18)
    at jspb.BinaryReader.readFixed32 (https://cdn.skypack.dev/-/google-protobuf@v3.21.2-YDUqZL2TTSsy2lGtfuND/dist=es2019,mode=imports/optimized/google-protobuf.js:4583:26)
    at Function.deserialize (file:///Users/thesayyn/Documents/thesayyn/protoc-gen-ts/target/debug/build/protoc_gen_ts-8cec2bec66276c47/out/test_conformance/test_messages_proto2.ts:166:51)
    at file:///Users/thesayyn/Documents/thesayyn/protoc-gen-ts/tests/conformance/bin/main.ts:30:78

  protobuf_test_messages.proto3.TestAllTypesProto3 1
  Error: Assertion failed
    at Object.jspb.asserts.doAssertFailure (https://cdn.skypack.dev/-/google-protobuf@v3.21.2-YDUqZL2TTSsy2lGtfuND/dist=es2019,mode=imports/optimized/google-protobuf.js:778:11)
    at Object.jspb.asserts.assert (https://cdn.skypack.dev/-/google-protobuf@v3.21.2-YDUqZL2TTSsy2lGtfuND/dist=es2019,mode=imports/optimized/google-protobuf.js:783:23)
    at jspb.BinaryDecoder.readUint32 (https://cdn.skypack.dev/-/google-protobuf@v3.21.2-YDUqZL2TTSsy2lGtfuND/dist=es2019,mode=imports/optimized/google-protobuf.js:4202:18)
    at jspb.BinaryReader.readFixed32 (https://cdn.skypack.dev/-/google-protobuf@v3.21.2-YDUqZL2TTSsy2lGtfuND/dist=es2019,mode=imports/optimized/google-protobuf.js:4583:26)
    at Function.deserialize (file:///Users/thesayyn/Documents/thesayyn/protoc-gen-ts/target/debug/build/protoc_gen_ts-8cec2bec66276c47/out/test_conformance/test_messages_proto3.ts:266:59)
    at file:///Users/thesayyn/Documents/thesayyn/protoc-gen-ts/tests/conformance/bin/main.ts:23:78

  protobuf_test_messages.proto2.TestAllTypesProto2 1
  Error: Assertion failed
    at Object.jspb.asserts.doAssertFailure (https://cdn.skypack.dev/-/google-protobuf@v3.21.2-YDUqZL2TTSsy2lGtfuND/dist=es2019,mode=imports/optimized/google-protobuf.js:778:11)
    at Object.jspb.asserts.assert (https://cdn.skypack.dev/-/google-protobuf@v3.21.2-YDUqZL2TTSsy2lGtfuND/dist=es2019,mode=imports/optimized/google-protobuf.js:783:23)
    at jspb.BinaryDecoder.readUint32 (https://cdn.skypack.dev/-/google-protobuf@v3.21.2-YDUqZL2TTSsy2lGtfuND/dist=es2019,mode=imports/optimized/google-protobuf.js:4202:18)
    at jspb.BinaryReader.readFixed32 (https://cdn.skypack.dev/-/google-protobuf@v3.21.2-YDUqZL2TTSsy2lGtfuND/dist=es2019,mode=imports/optimized/google-protobuf.js:4583:26)
    at Function.deserialize (file:///Users/thesayyn/Documents/thesayyn/protoc-gen-ts/target/debug/build/protoc_gen_ts-8cec2bec66276c47/out/test_conformance/test_messages_proto2.ts:232:54)
    at file:///Users/thesayyn/Documents/thesayyn/protoc-gen-ts/tests/conformance/bin/main.ts:30:78

  protobuf_test_messages.proto3.TestAllTypesProto3 1
  Error: Assertion failed
    at Object.jspb.asserts.doAssertFailure (https://cdn.skypack.dev/-/google-protobuf@v3.21.2-YDUqZL2TTSsy2lGtfuND/dist=es2019,mode=imports/optimized/google-protobuf.js:778:11)
    at Object.jspb.asserts.assert (https://cdn.skypack.dev/-/google-protobuf@v3.21.2-YDUqZL2TTSsy2lGtfuND/dist=es2019,mode=imports/optimized/google-protobuf.js:783:23)
    at jspb.BinaryDecoder.advance (https://cdn.skypack.dev/-/google-protobuf@v3.21.2-YDUqZL2TTSsy2lGtfuND/dist=es2019,mode=imports/optimized/google-protobuf.js:4081:18)
    at jspb.BinaryReader.skipFixed32Field (https://cdn.skypack.dev/-/google-protobuf@v3.21.2-YDUqZL2TTSsy2lGtfuND/dist=es2019,mode=imports/optimized/google-protobuf.js:4406:163)
    at jspb.BinaryReader.skipField (https://cdn.skypack.dev/-/google-protobuf@v3.21.2-YDUqZL2TTSsy2lGtfuND/dist=es2019,mode=imports/optimized/google-protobuf.js:4438:14)
    at Function.deserialize (file:///Users/thesayyn/Documents/thesayyn/protoc-gen-ts/target/debug/build/protoc_gen_ts-8cec2bec66276c47/out/test_conformance/test_messages_proto3.ts:958:24)
    at file:///Users/thesayyn/Documents/thesayyn/protoc-gen-ts/tests/conformance/bin/main.ts:23:78

  protobuf_test_messages.proto2.TestAllTypesProto2 1
  Error: Assertion failed
    at Object.jspb.asserts.doAssertFailure (https://cdn.skypack.dev/-/google-protobuf@v3.21.2-YDUqZL2TTSsy2lGtfuND/dist=es2019,mode=imports/optimized/google-protobuf.js:778:11)
    at Object.jspb.asserts.assert (https://cdn.skypack.dev/-/google-protobuf@v3.21.2-YDUqZL2TTSsy2lGtfuND/dist=es2019,mode=imports/optimized/google-protobuf.js:783:23)
    at jspb.BinaryDecoder.advance (https://cdn.skypack.dev/-/google-protobuf@v3.21.2-YDUqZL2TTSsy2lGtfuND/dist=es2019,mode=imports/optimized/google-protobuf.js:4081:18)
    at jspb.BinaryReader.skipFixed32Field (https://cdn.skypack.dev/-/google-protobuf@v3.21.2-YDUqZL2TTSsy2lGtfuND/dist=es2019,mode=imports/optimized/google-protobuf.js:4406:163)
    at jspb.BinaryReader.skipField (https://cdn.skypack.dev/-/google-protobuf@v3.21.2-YDUqZL2TTSsy2lGtfuND/dist=es2019,mode=imports/optimized/google-protobuf.js:4438:14)
    at Function.deserialize (file:///Users/thesayyn/Documents/thesayyn/protoc-gen-ts/target/debug/build/protoc_gen_ts-8cec2bec66276c47/out/test_conformance/test_messages_proto2.ts:865:24)
    at file:///Users/thesayyn/Documents/thesayyn/protoc-gen-ts/tests/conformance/bin/main.ts:30:78

  protobuf_test_messages.proto3.TestAllTypesProto3 1
  Error: Assertion failed
    at Object.jspb.asserts.doAssertFailure (https://cdn.skypack.dev/-/google-protobuf@v3.21.2-YDUqZL2TTSsy2lGtfuND/dist=es2019,mode=imports/optimized/google-protobuf.js:778:11)
    at Object.jspb.asserts.assert (https://cdn.skypack.dev/-/google-protobuf@v3.21.2-YDUqZL2TTSsy2lGtfuND/dist=es2019,mode=imports/optimized/google-protobuf.js:783:23)
    at jspb.BinaryDecoder.readUint32 (https://cdn.skypack.dev/-/google-protobuf@v3.21.2-YDUqZL2TTSsy2lGtfuND/dist=es2019,mode=imports/optimized/google-protobuf.js:4202:18)
    at jspb.BinaryReader.readFixed32 (https://cdn.skypack.dev/-/google-protobuf@v3.21.2-YDUqZL2TTSsy2lGtfuND/dist=es2019,mode=imports/optimized/google-protobuf.js:4583:26)
    at Function.deserialize (file:///Users/thesayyn/Documents/thesayyn/protoc-gen-ts/target/debug/build/protoc_gen_ts-8cec2bec66276c47/out/test_conformance/test_messages_proto3.ts:190:51)
    at file:///Users/thesayyn/Documents/thesayyn/protoc-gen-ts/tests/conformance/bin/main.ts:23:78

  protobuf_test_messages.proto2.TestAllTypesProto2 1
  Error: Assertion failed
    at Object.jspb.asserts.doAssertFailure (https://cdn.skypack.dev/-/google-protobuf@v3.21.2-YDUqZL2TTSsy2lGtfuND/dist=es2019,mode=imports/optimized/google-protobuf.js:778:11)
    at Object.jspb.asserts.assert (https://cdn.skypack.dev/-/google-protobuf@v3.21.2-YDUqZL2TTSsy2lGtfuND/dist=es2019,mode=imports/optimized/google-protobuf.js:783:23)
    at jspb.BinaryDecoder.readUint32 (https://cdn.skypack.dev/-/google-protobuf@v3.21.2-YDUqZL2TTSsy2lGtfuND/dist=es2019,mode=imports/optimized/google-protobuf.js:4202:18)
    at jspb.BinaryReader.readFixed32 (https://cdn.skypack.dev/-/google-protobuf@v3.21.2-YDUqZL2TTSsy2lGtfuND/dist=es2019,mode=imports/optimized/google-protobuf.js:4583:26)
    at Function.deserialize (file:///Users/thesayyn/Documents/thesayyn/protoc-gen-ts/target/debug/build/protoc_gen_ts-8cec2bec66276c47/out/test_conformance/test_messages_proto2.ts:166:51)
    at file:///Users/thesayyn/Documents/thesayyn/protoc-gen-ts/tests/conformance/bin/main.ts:30:78

  protobuf_test_messages.proto3.TestAllTypesProto3 1
  Error: Assertion failed
    at Object.jspb.asserts.doAssertFailure (https://cdn.skypack.dev/-/google-protobuf@v3.21.2-YDUqZL2TTSsy2lGtfuND/dist=es2019,mode=imports/optimized/google-protobuf.js:778:11)
    at Object.jspb.asserts.assert (https://cdn.skypack.dev/-/google-protobuf@v3.21.2-YDUqZL2TTSsy2lGtfuND/dist=es2019,mode=imports/optimized/google-protobuf.js:783:23)
    at jspb.BinaryDecoder.readUint32 (https://cdn.skypack.dev/-/google-protobuf@v3.21.2-YDUqZL2TTSsy2lGtfuND/dist=es2019,mode=imports/optimized/google-protobuf.js:4202:18)
    at jspb.BinaryReader.readFixed32 (https://cdn.skypack.dev/-/google-protobuf@v3.21.2-YDUqZL2TTSsy2lGtfuND/dist=es2019,mode=imports/optimized/google-protobuf.js:4583:26)
    at Function.deserialize (file:///Users/thesayyn/Documents/thesayyn/protoc-gen-ts/target/debug/build/protoc_gen_ts-8cec2bec66276c47/out/test_conformance/test_messages_proto3.ts:266:59)
    at file:///Users/thesayyn/Documents/thesayyn/protoc-gen-ts/tests/conformance/bin/main.ts:23:78

  protobuf_test_messages.proto2.TestAllTypesProto2 1
  Error: Assertion failed
    at Object.jspb.asserts.doAssertFailure (https://cdn.skypack.dev/-/google-protobuf@v3.21.2-YDUqZL2TTSsy2lGtfuND/dist=es2019,mode=imports/optimized/google-protobuf.js:778:11)
    at Object.jspb.asserts.assert (https://cdn.skypack.dev/-/google-protobuf@v3.21.2-YDUqZL2TTSsy2lGtfuND/dist=es2019,mode=imports/optimized/google-protobuf.js:783:23)
    at jspb.BinaryDecoder.readUint32 (https://cdn.skypack.dev/-/google-protobuf@v3.21.2-YDUqZL2TTSsy2lGtfuND/dist=es2019,mode=imports/optimized/google-protobuf.js:4202:18)
    at jspb.BinaryReader.readFixed32 (https://cdn.skypack.dev/-/google-protobuf@v3.21.2-YDUqZL2TTSsy2lGtfuND/dist=es2019,mode=imports/optimized/google-protobuf.js:4583:26)
    at Function.deserialize (file:///Users/thesayyn/Documents/thesayyn/protoc-gen-ts/target/debug/build/protoc_gen_ts-8cec2bec66276c47/out/test_conformance/test_messages_proto2.ts:232:54)
    at file:///Users/thesayyn/Documents/thesayyn/protoc-gen-ts/tests/conformance/bin/main.ts:30:78

  protobuf_test_messages.proto3.TestAllTypesProto3 1
  Error: Assertion failed
    at Object.jspb.asserts.doAssertFailure (https://cdn.skypack.dev/-/google-protobuf@v3.21.2-YDUqZL2TTSsy2lGtfuND/dist=es2019,mode=imports/optimized/google-protobuf.js:778:11)
    at Object.jspb.asserts.assert (https://cdn.skypack.dev/-/google-protobuf@v3.21.2-YDUqZL2TTSsy2lGtfuND/dist=es2019,mode=imports/optimized/google-protobuf.js:783:23)
    at jspb.BinaryDecoder.advance (https://cdn.skypack.dev/-/google-protobuf@v3.21.2-YDUqZL2TTSsy2lGtfuND/dist=es2019,mode=imports/optimized/google-protobuf.js:4081:18)
    at jspb.BinaryReader.skipFixed32Field (https://cdn.skypack.dev/-/google-protobuf@v3.21.2-YDUqZL2TTSsy2lGtfuND/dist=es2019,mode=imports/optimized/google-protobuf.js:4406:163)
    at jspb.BinaryReader.skipField (https://cdn.skypack.dev/-/google-protobuf@v3.21.2-YDUqZL2TTSsy2lGtfuND/dist=es2019,mode=imports/optimized/google-protobuf.js:4438:14)
    at Function.deserialize (file:///Users/thesayyn/Documents/thesayyn/protoc-gen-ts/target/debug/build/protoc_gen_ts-8cec2bec66276c47/out/test_conformance/test_messages_proto3.ts:958:24)
    at file:///Users/thesayyn/Documents/thesayyn/protoc-gen-ts/tests/conformance/bin/main.ts:23:78

  protobuf_test_messages.proto2.TestAllTypesProto2 1
  Error: Assertion failed
    at Object.jspb.asserts.doAssertFailure (https://cdn.skypack.dev/-/google-protobuf@v3.21.2-YDUqZL2TTSsy2lGtfuND/dist=es2019,mode=imports/optimized/google-protobuf.js:778:11)
    at Object.jspb.asserts.assert (https://cdn.skypack.dev/-/google-protobuf@v3.21.2-YDUqZL2TTSsy2lGtfuND/dist=es2019,mode=imports/optimized/google-protobuf.js:783:23)
    at jspb.BinaryDecoder.advance (https://cdn.skypack.dev/-/google-protobuf@v3.21.2-YDUqZL2TTSsy2lGtfuND/dist=es2019,mode=imports/optimized/google-protobuf.js:4081:18)
    at jspb.BinaryReader.skipFixed32Field (https://cdn.skypack.dev/-/google-protobuf@v3.21.2-YDUqZL2TTSsy2lGtfuND/dist=es2019,mode=imports/optimized/google-protobuf.js:4406:163)
    at jspb.BinaryReader.skipField (https://cdn.skypack.dev/-/google-protobuf@v3.21.2-YDUqZL2TTSsy2lGtfuND/dist=es2019,mode=imports/optimized/google-protobuf.js:4438:14)
    at Function.deserialize (file:///Users/thesayyn/Documents/thesayyn/protoc-gen-ts/target/debug/build/protoc_gen_ts-8cec2bec66276c47/out/test_conformance/test_messages_proto2.ts:865:24)
    at file:///Users/thesayyn/Documents/thesayyn/protoc-gen-ts/tests/conformance/bin/main.ts:30:78

  protobuf_test_messages.proto3.TestAllTypesProto3 1
  Error: Assertion failed
    at Object.jspb.asserts.doAssertFailure (https://cdn.skypack.dev/-/google-protobuf@v3.21.2-YDUqZL2TTSsy2lGtfuND/dist=es2019,mode=imports/optimized/google-protobuf.js:778:11)
    at Object.jspb.asserts.assert (https://cdn.skypack.dev/-/google-protobuf@v3.21.2-YDUqZL2TTSsy2lGtfuND/dist=es2019,mode=imports/optimized/google-protobuf.js:783:23)
    at jspb.BinaryDecoder.readUint32 (https://cdn.skypack.dev/-/google-protobuf@v3.21.2-YDUqZL2TTSsy2lGtfuND/dist=es2019,mode=imports/optimized/google-protobuf.js:4202:18)
    at jspb.BinaryReader.readPackedField_ (https://cdn.skypack.dev/-/google-protobuf@v3.21.2-YDUqZL2TTSsy2lGtfuND/dist=es2019,mode=imports/optimized/google-protobuf.js:4676:16)
    at jspb.BinaryReader.readPackedFixed32 (https://cdn.skypack.dev/-/google-protobuf@v3.21.2-YDUqZL2TTSsy2lGtfuND/dist=es2019,mode=imports/optimized/google-protobuf.js:4719:17)
    at Function.deserialize (file:///Users/thesayyn/Documents/thesayyn/protoc-gen-ts/target/debug/build/protoc_gen_ts-8cec2bec66276c47/out/test_conformance/test_messages_proto3.ts:265:79)
    at file:///Users/thesayyn/Documents/thesayyn/protoc-gen-ts/tests/conformance/bin/main.ts:23:78

  protobuf_test_messages.proto2.TestAllTypesProto2 1
  Error: Assertion failed
    at Object.jspb.asserts.doAssertFailure (https://cdn.skypack.dev/-/google-protobuf@v3.21.2-YDUqZL2TTSsy2lGtfuND/dist=es2019,mode=imports/optimized/google-protobuf.js:778:11)
    at Object.jspb.asserts.assert (https://cdn.skypack.dev/-/google-protobuf@v3.21.2-YDUqZL2TTSsy2lGtfuND/dist=es2019,mode=imports/optimized/google-protobuf.js:783:23)
    at jspb.BinaryReader.readFixed32 (https://cdn.skypack.dev/-/google-protobuf@v3.21.2-YDUqZL2TTSsy2lGtfuND/dist=es2019,mode=imports/optimized/google-protobuf.js:4582:18)
    at Function.deserialize (file:///Users/thesayyn/Documents/thesayyn/protoc-gen-ts/target/debug/build/protoc_gen_ts-8cec2bec66276c47/out/test_conformance/test_messages_proto2.ts:232:54)
    at file:///Users/thesayyn/Documents/thesayyn/protoc-gen-ts/tests/conformance/bin/main.ts:30:78

  protobuf_test_messages.proto3.TestAllTypesProto3 1
  Error: Assertion failed
    at Object.jspb.asserts.doAssertFailure (https://cdn.skypack.dev/-/google-protobuf@v3.21.2-YDUqZL2TTSsy2lGtfuND/dist=es2019,mode=imports/optimized/google-protobuf.js:778:11)
    at Object.jspb.asserts.assert (https://cdn.skypack.dev/-/google-protobuf@v3.21.2-YDUqZL2TTSsy2lGtfuND/dist=es2019,mode=imports/optimized/google-protobuf.js:783:23)
    at jspb.BinaryDecoder.readUint32 (https://cdn.skypack.dev/-/google-protobuf@v3.21.2-YDUqZL2TTSsy2lGtfuND/dist=es2019,mode=imports/optimized/google-protobuf.js:4202:18)
    at jspb.BinaryReader.readPackedField_ (https://cdn.skypack.dev/-/google-protobuf@v3.21.2-YDUqZL2TTSsy2lGtfuND/dist=es2019,mode=imports/optimized/google-protobuf.js:4676:16)
    at jspb.BinaryReader.readPackedFixed32 (https://cdn.skypack.dev/-/google-protobuf@v3.21.2-YDUqZL2TTSsy2lGtfuND/dist=es2019,mode=imports/optimized/google-protobuf.js:4719:17)
    at Function.deserialize (file:///Users/thesayyn/Documents/thesayyn/protoc-gen-ts/target/debug/build/protoc_gen_ts-8cec2bec66276c47/out/test_conformance/test_messages_proto3.ts:265:79)
    at file:///Users/thesayyn/Documents/thesayyn/protoc-gen-ts/tests/conformance/bin/main.ts:23:78

  protobuf_test_messages.proto2.TestAllTypesProto2 1
  Error: Assertion failed
    at Object.jspb.asserts.doAssertFailure (https://cdn.skypack.dev/-/google-protobuf@v3.21.2-YDUqZL2TTSsy2lGtfuND/dist=es2019,mode=imports/optimized/google-protobuf.js:778:11)
    at Object.jspb.asserts.assert (https://cdn.skypack.dev/-/google-protobuf@v3.21.2-YDUqZL2TTSsy2lGtfuND/dist=es2019,mode=imports/optimized/google-protobuf.js:783:23)
    at jspb.BinaryReader.readFixed32 (https://cdn.skypack.dev/-/google-protobuf@v3.21.2-YDUqZL2TTSsy2lGtfuND/dist=es2019,mode=imports/optimized/google-protobuf.js:4582:18)
    at Function.deserialize (file:///Users/thesayyn/Documents/thesayyn/protoc-gen-ts/target/debug/build/protoc_gen_ts-8cec2bec66276c47/out/test_conformance/test_messages_proto2.ts:232:54)
    at file:///Users/thesayyn/Documents/thesayyn/protoc-gen-ts/tests/conformance/bin/main.ts:30:78

  protobuf_test_messages.proto3.TestAllTypesProto3 1
  Error: Assertion failed
    at Object.jspb.asserts.doAssertFailure (https://cdn.skypack.dev/-/google-protobuf@v3.21.2-YDUqZL2TTSsy2lGtfuND/dist=es2019,mode=imports/optimized/google-protobuf.js:778:11)
    at Object.jspb.asserts.assert (https://cdn.skypack.dev/-/google-protobuf@v3.21.2-YDUqZL2TTSsy2lGtfuND/dist=es2019,mode=imports/optimized/google-protobuf.js:783:23)
    at jspb.BinaryDecoder.readUnsignedVarint32 (https://cdn.skypack.dev/-/google-protobuf@v3.21.2-YDUqZL2TTSsy2lGtfuND/dist=es2019,mode=imports/optimized/google-protobuf.js:4150:18)
    at jspb.BinaryReader.readBool (https://cdn.skypack.dev/-/google-protobuf@v3.21.2-YDUqZL2TTSsy2lGtfuND/dist=es2019,mode=imports/optimized/google-protobuf.js:4625:28)
    at Function.deserialize (file:///Users/thesayyn/Documents/thesayyn/protoc-gen-ts/target/debug/build/protoc_gen_ts-8cec2bec66276c47/out/test_conformance/test_messages_proto3.ts:208:48)
    at file:///Users/thesayyn/Documents/thesayyn/protoc-gen-ts/tests/conformance/bin/main.ts:23:78

  protobuf_test_messages.proto2.TestAllTypesProto2 1
  Error: Assertion failed
    at Object.jspb.asserts.doAssertFailure (https://cdn.skypack.dev/-/google-protobuf@v3.21.2-YDUqZL2TTSsy2lGtfuND/dist=es2019,mode=imports/optimized/google-protobuf.js:778:11)
    at Object.jspb.asserts.assert (https://cdn.skypack.dev/-/google-protobuf@v3.21.2-YDUqZL2TTSsy2lGtfuND/dist=es2019,mode=imports/optimized/google-protobuf.js:783:23)
    at jspb.BinaryDecoder.readUnsignedVarint32 (https://cdn.skypack.dev/-/google-protobuf@v3.21.2-YDUqZL2TTSsy2lGtfuND/dist=es2019,mode=imports/optimized/google-protobuf.js:4150:18)
    at jspb.BinaryReader.readBool (https://cdn.skypack.dev/-/google-protobuf@v3.21.2-YDUqZL2TTSsy2lGtfuND/dist=es2019,mode=imports/optimized/google-protobuf.js:4625:28)
    at Function.deserialize (file:///Users/thesayyn/Documents/thesayyn/protoc-gen-ts/target/debug/build/protoc_gen_ts-8cec2bec66276c47/out/test_conformance/test_messages_proto2.ts:184:48)
    at file:///Users/thesayyn/Documents/thesayyn/protoc-gen-ts/tests/conformance/bin/main.ts:30:78

  protobuf_test_messages.proto3.TestAllTypesProto3 1
  Error: Assertion failed
    at Object.jspb.asserts.doAssertFailure (https://cdn.skypack.dev/-/google-protobuf@v3.21.2-YDUqZL2TTSsy2lGtfuND/dist=es2019,mode=imports/optimized/google-protobuf.js:778:11)
    at Object.jspb.asserts.assert (https://cdn.skypack.dev/-/google-protobuf@v3.21.2-YDUqZL2TTSsy2lGtfuND/dist=es2019,mode=imports/optimized/google-protobuf.js:783:23)
    at jspb.BinaryDecoder.readUnsignedVarint32 (https://cdn.skypack.dev/-/google-protobuf@v3.21.2-YDUqZL2TTSsy2lGtfuND/dist=es2019,mode=imports/optimized/google-protobuf.js:4150:18)
    at jspb.BinaryReader.readBool (https://cdn.skypack.dev/-/google-protobuf@v3.21.2-YDUqZL2TTSsy2lGtfuND/dist=es2019,mode=imports/optimized/google-protobuf.js:4625:28)
    at Function.deserialize (file:///Users/thesayyn/Documents/thesayyn/protoc-gen-ts/target/debug/build/protoc_gen_ts-8cec2bec66276c47/out/test_conformance/test_messages_proto3.ts:290:56)
    at file:///Users/thesayyn/Documents/thesayyn/protoc-gen-ts/tests/conformance/bin/main.ts:23:78

  protobuf_test_messages.proto2.TestAllTypesProto2 1
  Error: Assertion failed
    at Object.jspb.asserts.doAssertFailure (https://cdn.skypack.dev/-/google-protobuf@v3.21.2-YDUqZL2TTSsy2lGtfuND/dist=es2019,mode=imports/optimized/google-protobuf.js:778:11)
    at Object.jspb.asserts.assert (https://cdn.skypack.dev/-/google-protobuf@v3.21.2-YDUqZL2TTSsy2lGtfuND/dist=es2019,mode=imports/optimized/google-protobuf.js:783:23)
    at jspb.BinaryDecoder.readUnsignedVarint32 (https://cdn.skypack.dev/-/google-protobuf@v3.21.2-YDUqZL2TTSsy2lGtfuND/dist=es2019,mode=imports/optimized/google-protobuf.js:4150:18)
    at jspb.BinaryReader.readBool (https://cdn.skypack.dev/-/google-protobuf@v3.21.2-YDUqZL2TTSsy2lGtfuND/dist=es2019,mode=imports/optimized/google-protobuf.js:4625:28)
    at Function.deserialize (file:///Users/thesayyn/Documents/thesayyn/protoc-gen-ts/target/debug/build/protoc_gen_ts-8cec2bec66276c47/out/test_conformance/test_messages_proto2.ts:250:51)
    at file:///Users/thesayyn/Documents/thesayyn/protoc-gen-ts/tests/conformance/bin/main.ts:30:78

  protobuf_test_messages.proto3.TestAllTypesProto3 1
  Error: Failure: Decoder hit an error
    at Object.jspb.asserts.fail (https://cdn.skypack.dev/-/google-protobuf@v3.21.2-YDUqZL2TTSsy2lGtfuND/dist=es2019,mode=imports/optimized/google-protobuf.js:801:11)
    at jspb.BinaryReader.nextField (https://cdn.skypack.dev/-/google-protobuf@v3.21.2-YDUqZL2TTSsy2lGtfuND/dist=es2019,mode=imports/optimized/google-protobuf.js:4374:27)
    at Function.deserialize (file:///Users/thesayyn/Documents/thesayyn/protoc-gen-ts/target/debug/build/protoc_gen_ts-8cec2bec66276c47/out/test_conformance/test_messages_proto3.ts:169:18)
    at file:///Users/thesayyn/Documents/thesayyn/protoc-gen-ts/tests/conformance/bin/main.ts:23:78

  protobuf_test_messages.proto2.TestAllTypesProto2 1
  Error: Failure: Decoder hit an error
    at Object.jspb.asserts.fail (https://cdn.skypack.dev/-/google-protobuf@v3.21.2-YDUqZL2TTSsy2lGtfuND/dist=es2019,mode=imports/optimized/google-protobuf.js:801:11)
    at jspb.BinaryReader.nextField (https://cdn.skypack.dev/-/google-protobuf@v3.21.2-YDUqZL2TTSsy2lGtfuND/dist=es2019,mode=imports/optimized/google-protobuf.js:4374:27)
    at Function.deserialize (file:///Users/thesayyn/Documents/thesayyn/protoc-gen-ts/target/debug/build/protoc_gen_ts-8cec2bec66276c47/out/test_conformance/test_messages_proto2.ts:145:18)
    at file:///Users/thesayyn/Documents/thesayyn/protoc-gen-ts/tests/conformance/bin/main.ts:30:78

  protobuf_test_messages.proto3.TestAllTypesProto3 1
  Error: Assertion failed
    at Object.jspb.asserts.doAssertFailure (https://cdn.skypack.dev/-/google-protobuf@v3.21.2-YDUqZL2TTSsy2lGtfuND/dist=es2019,mode=imports/optimized/google-protobuf.js:778:11)
    at Object.jspb.asserts.assert (https://cdn.skypack.dev/-/google-protobuf@v3.21.2-YDUqZL2TTSsy2lGtfuND/dist=es2019,mode=imports/optimized/google-protobuf.js:783:23)
    at jspb.BinaryDecoder.readUnsignedVarint32 (https://cdn.skypack.dev/-/google-protobuf@v3.21.2-YDUqZL2TTSsy2lGtfuND/dist=es2019,mode=imports/optimized/google-protobuf.js:4150:18)
    at jspb.BinaryReader.readBool (https://cdn.skypack.dev/-/google-protobuf@v3.21.2-YDUqZL2TTSsy2lGtfuND/dist=es2019,mode=imports/optimized/google-protobuf.js:4625:28)
    at Function.deserialize (file:///Users/thesayyn/Documents/thesayyn/protoc-gen-ts/target/debug/build/protoc_gen_ts-8cec2bec66276c47/out/test_conformance/test_messages_proto3.ts:208:48)
    at file:///Users/thesayyn/Documents/thesayyn/protoc-gen-ts/tests/conformance/bin/main.ts:23:78

  protobuf_test_messages.proto2.TestAllTypesProto2 1
  Error: Assertion failed
    at Object.jspb.asserts.doAssertFailure (https://cdn.skypack.dev/-/google-protobuf@v3.21.2-YDUqZL2TTSsy2lGtfuND/dist=es2019,mode=imports/optimized/google-protobuf.js:778:11)
    at Object.jspb.asserts.assert (https://cdn.skypack.dev/-/google-protobuf@v3.21.2-YDUqZL2TTSsy2lGtfuND/dist=es2019,mode=imports/optimized/google-protobuf.js:783:23)
    at jspb.BinaryDecoder.readUnsignedVarint32 (https://cdn.skypack.dev/-/google-protobuf@v3.21.2-YDUqZL2TTSsy2lGtfuND/dist=es2019,mode=imports/optimized/google-protobuf.js:4150:18)
    at jspb.BinaryReader.readBool (https://cdn.skypack.dev/-/google-protobuf@v3.21.2-YDUqZL2TTSsy2lGtfuND/dist=es2019,mode=imports/optimized/google-protobuf.js:4625:28)
    at Function.deserialize (file:///Users/thesayyn/Documents/thesayyn/protoc-gen-ts/target/debug/build/protoc_gen_ts-8cec2bec66276c47/out/test_conformance/test_messages_proto2.ts:184:48)
    at file:///Users/thesayyn/Documents/thesayyn/protoc-gen-ts/tests/conformance/bin/main.ts:30:78

  protobuf_test_messages.proto3.TestAllTypesProto3 1
  Error: Assertion failed
    at Object.jspb.asserts.doAssertFailure (https://cdn.skypack.dev/-/google-protobuf@v3.21.2-YDUqZL2TTSsy2lGtfuND/dist=es2019,mode=imports/optimized/google-protobuf.js:778:11)
    at Object.jspb.asserts.assert (https://cdn.skypack.dev/-/google-protobuf@v3.21.2-YDUqZL2TTSsy2lGtfuND/dist=es2019,mode=imports/optimized/google-protobuf.js:783:23)
    at jspb.BinaryDecoder.readUnsignedVarint32 (https://cdn.skypack.dev/-/google-protobuf@v3.21.2-YDUqZL2TTSsy2lGtfuND/dist=es2019,mode=imports/optimized/google-protobuf.js:4150:18)
    at jspb.BinaryReader.readBool (https://cdn.skypack.dev/-/google-protobuf@v3.21.2-YDUqZL2TTSsy2lGtfuND/dist=es2019,mode=imports/optimized/google-protobuf.js:4625:28)
    at Function.deserialize (file:///Users/thesayyn/Documents/thesayyn/protoc-gen-ts/target/debug/build/protoc_gen_ts-8cec2bec66276c47/out/test_conformance/test_messages_proto3.ts:290:56)
    at file:///Users/thesayyn/Documents/thesayyn/protoc-gen-ts/tests/conformance/bin/main.ts:23:78

  protobuf_test_messages.proto2.TestAllTypesProto2 1
  Error: Assertion failed
    at Object.jspb.asserts.doAssertFailure (https://cdn.skypack.dev/-/google-protobuf@v3.21.2-YDUqZL2TTSsy2lGtfuND/dist=es2019,mode=imports/optimized/google-protobuf.js:778:11)
    at Object.jspb.asserts.assert (https://cdn.skypack.dev/-/google-protobuf@v3.21.2-YDUqZL2TTSsy2lGtfuND/dist=es2019,mode=imports/optimized/google-protobuf.js:783:23)
    at jspb.BinaryDecoder.readUnsignedVarint32 (https://cdn.skypack.dev/-/google-protobuf@v3.21.2-YDUqZL2TTSsy2lGtfuND/dist=es2019,mode=imports/optimized/google-protobuf.js:4150:18)
    at jspb.BinaryReader.readBool (https://cdn.skypack.dev/-/google-protobuf@v3.21.2-YDUqZL2TTSsy2lGtfuND/dist=es2019,mode=imports/optimized/google-protobuf.js:4625:28)
    at Function.deserialize (file:///Users/thesayyn/Documents/thesayyn/protoc-gen-ts/target/debug/build/protoc_gen_ts-8cec2bec66276c47/out/test_conformance/test_messages_proto2.ts:250:51)
    at file:///Users/thesayyn/Documents/thesayyn/protoc-gen-ts/tests/conformance/bin/main.ts:30:78

  protobuf_test_messages.proto3.TestAllTypesProto3 1
  Error: Failure: Decoder hit an error
    at Object.jspb.asserts.fail (https://cdn.skypack.dev/-/google-protobuf@v3.21.2-YDUqZL2TTSsy2lGtfuND/dist=es2019,mode=imports/optimized/google-protobuf.js:801:11)
    at jspb.BinaryReader.nextField (https://cdn.skypack.dev/-/google-protobuf@v3.21.2-YDUqZL2TTSsy2lGtfuND/dist=es2019,mode=imports/optimized/google-protobuf.js:4374:27)
    at Function.deserialize (file:///Users/thesayyn/Documents/thesayyn/protoc-gen-ts/target/debug/build/protoc_gen_ts-8cec2bec66276c47/out/test_conformance/test_messages_proto3.ts:169:18)
    at file:///Users/thesayyn/Documents/thesayyn/protoc-gen-ts/tests/conformance/bin/main.ts:23:78

  protobuf_test_messages.proto2.TestAllTypesProto2 1
  Error: Failure: Decoder hit an error
    at Object.jspb.asserts.fail (https://cdn.skypack.dev/-/google-protobuf@v3.21.2-YDUqZL2TTSsy2lGtfuND/dist=es2019,mode=imports/optimized/google-protobuf.js:801:11)
    at jspb.BinaryReader.nextField (https://cdn.skypack.dev/-/google-protobuf@v3.21.2-YDUqZL2TTSsy2lGtfuND/dist=es2019,mode=imports/optimized/google-protobuf.js:4374:27)
    at Function.deserialize (file:///Users/thesayyn/Documents/thesayyn/protoc-gen-ts/target/debug/build/protoc_gen_ts-8cec2bec66276c47/out/test_conformance/test_messages_proto2.ts:145:18)
    at file:///Users/thesayyn/Documents/thesayyn/protoc-gen-ts/tests/conformance/bin/main.ts:30:78

  protobuf_test_messages.proto2.TestAllTypesProto2 1
  Error: Assertion failed
    at Object.jspb.asserts.doAssertFailure (https://cdn.skypack.dev/-/google-protobuf@v3.21.2-YDUqZL2TTSsy2lGtfuND/dist=es2019,mode=imports/optimized/google-protobuf.js:778:11)
    at Object.jspb.asserts.assert (https://cdn.skypack.dev/-/google-protobuf@v3.21.2-YDUqZL2TTSsy2lGtfuND/dist=es2019,mode=imports/optimized/google-protobuf.js:783:23)
    at jspb.BinaryReader.readBool (https://cdn.skypack.dev/-/google-protobuf@v3.21.2-YDUqZL2TTSsy2lGtfuND/dist=es2019,mode=imports/optimized/google-protobuf.js:4624:18)
    at Function.deserialize (file:///Users/thesayyn/Documents/thesayyn/protoc-gen-ts/target/debug/build/protoc_gen_ts-8cec2bec66276c47/out/test_conformance/test_messages_proto2.ts:250:51)
    at file:///Users/thesayyn/Documents/thesayyn/protoc-gen-ts/tests/conformance/bin/main.ts:30:78

  protobuf_test_messages.proto3.TestAllTypesProto3 1
  Error: Failure: Decoder hit an error
    at Object.jspb.asserts.fail (https://cdn.skypack.dev/-/google-protobuf@v3.21.2-YDUqZL2TTSsy2lGtfuND/dist=es2019,mode=imports/optimized/google-protobuf.js:801:11)
    at jspb.BinaryReader.nextField (https://cdn.skypack.dev/-/google-protobuf@v3.21.2-YDUqZL2TTSsy2lGtfuND/dist=es2019,mode=imports/optimized/google-protobuf.js:4374:27)
    at Function.deserialize (file:///Users/thesayyn/Documents/thesayyn/protoc-gen-ts/target/debug/build/protoc_gen_ts-8cec2bec66276c47/out/test_conformance/test_messages_proto3.ts:169:18)
    at file:///Users/thesayyn/Documents/thesayyn/protoc-gen-ts/tests/conformance/bin/main.ts:23:78

  protobuf_test_messages.proto2.TestAllTypesProto2 1
  Error: Assertion failed
    at Object.jspb.asserts.doAssertFailure (https://cdn.skypack.dev/-/google-protobuf@v3.21.2-YDUqZL2TTSsy2lGtfuND/dist=es2019,mode=imports/optimized/google-protobuf.js:778:11)
    at Object.jspb.asserts.assert (https://cdn.skypack.dev/-/google-protobuf@v3.21.2-YDUqZL2TTSsy2lGtfuND/dist=es2019,mode=imports/optimized/google-protobuf.js:783:23)
    at jspb.BinaryReader.readBool (https://cdn.skypack.dev/-/google-protobuf@v3.21.2-YDUqZL2TTSsy2lGtfuND/dist=es2019,mode=imports/optimized/google-protobuf.js:4624:18)
    at Function.deserialize (file:///Users/thesayyn/Documents/thesayyn/protoc-gen-ts/target/debug/build/protoc_gen_ts-8cec2bec66276c47/out/test_conformance/test_messages_proto2.ts:250:51)
    at file:///Users/thesayyn/Documents/thesayyn/protoc-gen-ts/tests/conformance/bin/main.ts:30:78

  protobuf_test_messages.proto3.TestAllTypesProto3 1
  Error: Assertion failed
    at Object.jspb.asserts.doAssertFailure (https://cdn.skypack.dev/-/google-protobuf@v3.21.2-YDUqZL2TTSsy2lGtfuND/dist=es2019,mode=imports/optimized/google-protobuf.js:778:11)
    at Object.jspb.asserts.assert (https://cdn.skypack.dev/-/google-protobuf@v3.21.2-YDUqZL2TTSsy2lGtfuND/dist=es2019,mode=imports/optimized/google-protobuf.js:783:23)
    at jspb.BinaryDecoder.readUnsignedVarint32 (https://cdn.skypack.dev/-/google-protobuf@v3.21.2-YDUqZL2TTSsy2lGtfuND/dist=es2019,mode=imports/optimized/google-protobuf.js:4150:18)
    at jspb.BinaryReader.readString (https://cdn.skypack.dev/-/google-protobuf@v3.21.2-YDUqZL2TTSsy2lGtfuND/dist=es2019,mode=imports/optimized/google-protobuf.js:4635:27)
    at Function.deserialize (file:///Users/thesayyn/Documents/thesayyn/protoc-gen-ts/target/debug/build/protoc_gen_ts-8cec2bec66276c47/out/test_conformance/test_messages_proto3.ts:211:50)
    at file:///Users/thesayyn/Documents/thesayyn/protoc-gen-ts/tests/conformance/bin/main.ts:23:78

  protobuf_test_messages.proto2.TestAllTypesProto2 1
  Error: Assertion failed
    at Object.jspb.asserts.doAssertFailure (https://cdn.skypack.dev/-/google-protobuf@v3.21.2-YDUqZL2TTSsy2lGtfuND/dist=es2019,mode=imports/optimized/google-protobuf.js:778:11)
    at Object.jspb.asserts.assert (https://cdn.skypack.dev/-/google-protobuf@v3.21.2-YDUqZL2TTSsy2lGtfuND/dist=es2019,mode=imports/optimized/google-protobuf.js:783:23)
    at jspb.BinaryDecoder.readUnsignedVarint32 (https://cdn.skypack.dev/-/google-protobuf@v3.21.2-YDUqZL2TTSsy2lGtfuND/dist=es2019,mode=imports/optimized/google-protobuf.js:4150:18)
    at jspb.BinaryReader.readString (https://cdn.skypack.dev/-/google-protobuf@v3.21.2-YDUqZL2TTSsy2lGtfuND/dist=es2019,mode=imports/optimized/google-protobuf.js:4635:27)
    at Function.deserialize (file:///Users/thesayyn/Documents/thesayyn/protoc-gen-ts/target/debug/build/protoc_gen_ts-8cec2bec66276c47/out/test_conformance/test_messages_proto2.ts:187:50)
    at file:///Users/thesayyn/Documents/thesayyn/protoc-gen-ts/tests/conformance/bin/main.ts:30:78

  protobuf_test_messages.proto3.TestAllTypesProto3 1
  Error: Assertion failed
    at Object.jspb.asserts.doAssertFailure (https://cdn.skypack.dev/-/google-protobuf@v3.21.2-YDUqZL2TTSsy2lGtfuND/dist=es2019,mode=imports/optimized/google-protobuf.js:778:11)
    at Object.jspb.asserts.assert (https://cdn.skypack.dev/-/google-protobuf@v3.21.2-YDUqZL2TTSsy2lGtfuND/dist=es2019,mode=imports/optimized/google-protobuf.js:783:23)
    at jspb.BinaryDecoder.readUnsignedVarint32 (https://cdn.skypack.dev/-/google-protobuf@v3.21.2-YDUqZL2TTSsy2lGtfuND/dist=es2019,mode=imports/optimized/google-protobuf.js:4150:18)
    at jspb.BinaryReader.readString (https://cdn.skypack.dev/-/google-protobuf@v3.21.2-YDUqZL2TTSsy2lGtfuND/dist=es2019,mode=imports/optimized/google-protobuf.js:4635:27)
    at Function.deserialize (file:///Users/thesayyn/Documents/thesayyn/protoc-gen-ts/target/debug/build/protoc_gen_ts-8cec2bec66276c47/out/test_conformance/test_messages_proto3.ts:293:53)
    at file:///Users/thesayyn/Documents/thesayyn/protoc-gen-ts/tests/conformance/bin/main.ts:23:78

  protobuf_test_messages.proto2.TestAllTypesProto2 1
  Error: Assertion failed
    at Object.jspb.asserts.doAssertFailure (https://cdn.skypack.dev/-/google-protobuf@v3.21.2-YDUqZL2TTSsy2lGtfuND/dist=es2019,mode=imports/optimized/google-protobuf.js:778:11)
    at Object.jspb.asserts.assert (https://cdn.skypack.dev/-/google-protobuf@v3.21.2-YDUqZL2TTSsy2lGtfuND/dist=es2019,mode=imports/optimized/google-protobuf.js:783:23)
    at jspb.BinaryDecoder.readUnsignedVarint32 (https://cdn.skypack.dev/-/google-protobuf@v3.21.2-YDUqZL2TTSsy2lGtfuND/dist=es2019,mode=imports/optimized/google-protobuf.js:4150:18)
    at jspb.BinaryReader.readString (https://cdn.skypack.dev/-/google-protobuf@v3.21.2-YDUqZL2TTSsy2lGtfuND/dist=es2019,mode=imports/optimized/google-protobuf.js:4635:27)
    at Function.deserialize (file:///Users/thesayyn/Documents/thesayyn/protoc-gen-ts/target/debug/build/protoc_gen_ts-8cec2bec66276c47/out/test_conformance/test_messages_proto2.ts:253:53)
    at file:///Users/thesayyn/Documents/thesayyn/protoc-gen-ts/tests/conformance/bin/main.ts:30:78

  protobuf_test_messages.proto3.TestAllTypesProto3 1
  Error: Assertion failed
    at Object.jspb.asserts.doAssertFailure (https://cdn.skypack.dev/-/google-protobuf@v3.21.2-YDUqZL2TTSsy2lGtfuND/dist=es2019,mode=imports/optimized/google-protobuf.js:778:11)
    at Object.jspb.asserts.assert (https://cdn.skypack.dev/-/google-protobuf@v3.21.2-YDUqZL2TTSsy2lGtfuND/dist=es2019,mode=imports/optimized/google-protobuf.js:783:23)
    at jspb.BinaryDecoder.readUnsignedVarint32 (https://cdn.skypack.dev/-/google-protobuf@v3.21.2-YDUqZL2TTSsy2lGtfuND/dist=es2019,mode=imports/optimized/google-protobuf.js:4150:18)
    at jspb.BinaryReader.skipDelimitedField (https://cdn.skypack.dev/-/google-protobuf@v3.21.2-YDUqZL2TTSsy2lGtfuND/dist=es2019,mode=imports/optimized/google-protobuf.js:4401:29)
    at jspb.BinaryReader.skipField (https://cdn.skypack.dev/-/google-protobuf@v3.21.2-YDUqZL2TTSsy2lGtfuND/dist=es2019,mode=imports/optimized/google-protobuf.js:4435:14)
    at Function.deserialize (file:///Users/thesayyn/Documents/thesayyn/protoc-gen-ts/target/debug/build/protoc_gen_ts-8cec2bec66276c47/out/test_conformance/test_messages_proto3.ts:958:24)
    at file:///Users/thesayyn/Documents/thesayyn/protoc-gen-ts/tests/conformance/bin/main.ts:23:78

  protobuf_test_messages.proto2.TestAllTypesProto2 1
  Error: Assertion failed
    at Object.jspb.asserts.doAssertFailure (https://cdn.skypack.dev/-/google-protobuf@v3.21.2-YDUqZL2TTSsy2lGtfuND/dist=es2019,mode=imports/optimized/google-protobuf.js:778:11)
    at Object.jspb.asserts.assert (https://cdn.skypack.dev/-/google-protobuf@v3.21.2-YDUqZL2TTSsy2lGtfuND/dist=es2019,mode=imports/optimized/google-protobuf.js:783:23)
    at jspb.BinaryDecoder.readUnsignedVarint32 (https://cdn.skypack.dev/-/google-protobuf@v3.21.2-YDUqZL2TTSsy2lGtfuND/dist=es2019,mode=imports/optimized/google-protobuf.js:4150:18)
    at jspb.BinaryReader.skipDelimitedField (https://cdn.skypack.dev/-/google-protobuf@v3.21.2-YDUqZL2TTSsy2lGtfuND/dist=es2019,mode=imports/optimized/google-protobuf.js:4401:29)
    at jspb.BinaryReader.skipField (https://cdn.skypack.dev/-/google-protobuf@v3.21.2-YDUqZL2TTSsy2lGtfuND/dist=es2019,mode=imports/optimized/google-protobuf.js:4435:14)
    at Function.deserialize (file:///Users/thesayyn/Documents/thesayyn/protoc-gen-ts/target/debug/build/protoc_gen_ts-8cec2bec66276c47/out/test_conformance/test_messages_proto2.ts:865:24)
    at file:///Users/thesayyn/Documents/thesayyn/protoc-gen-ts/tests/conformance/bin/main.ts:30:78

  protobuf_test_messages.proto3.TestAllTypesProto3 1
  Error: Assertion failed
    at Object.jspb.asserts.doAssertFailure (https://cdn.skypack.dev/-/google-protobuf@v3.21.2-YDUqZL2TTSsy2lGtfuND/dist=es2019,mode=imports/optimized/google-protobuf.js:778:11)
    at Object.jspb.asserts.assert (https://cdn.skypack.dev/-/google-protobuf@v3.21.2-YDUqZL2TTSsy2lGtfuND/dist=es2019,mode=imports/optimized/google-protobuf.js:783:23)
    at jspb.BinaryDecoder.readUnsignedVarint32 (https://cdn.skypack.dev/-/google-protobuf@v3.21.2-YDUqZL2TTSsy2lGtfuND/dist=es2019,mode=imports/optimized/google-protobuf.js:4150:18)
    at jspb.BinaryReader.readString (https://cdn.skypack.dev/-/google-protobuf@v3.21.2-YDUqZL2TTSsy2lGtfuND/dist=es2019,mode=imports/optimized/google-protobuf.js:4635:27)
    at Function.deserialize (file:///Users/thesayyn/Documents/thesayyn/protoc-gen-ts/target/debug/build/protoc_gen_ts-8cec2bec66276c47/out/test_conformance/test_messages_proto3.ts:211:50)
    at file:///Users/thesayyn/Documents/thesayyn/protoc-gen-ts/tests/conformance/bin/main.ts:23:78

  protobuf_test_messages.proto2.TestAllTypesProto2 1
  Error: Assertion failed
    at Object.jspb.asserts.doAssertFailure (https://cdn.skypack.dev/-/google-protobuf@v3.21.2-YDUqZL2TTSsy2lGtfuND/dist=es2019,mode=imports/optimized/google-protobuf.js:778:11)
    at Object.jspb.asserts.assert (https://cdn.skypack.dev/-/google-protobuf@v3.21.2-YDUqZL2TTSsy2lGtfuND/dist=es2019,mode=imports/optimized/google-protobuf.js:783:23)
    at jspb.BinaryDecoder.readUnsignedVarint32 (https://cdn.skypack.dev/-/google-protobuf@v3.21.2-YDUqZL2TTSsy2lGtfuND/dist=es2019,mode=imports/optimized/google-protobuf.js:4150:18)
    at jspb.BinaryReader.readString (https://cdn.skypack.dev/-/google-protobuf@v3.21.2-YDUqZL2TTSsy2lGtfuND/dist=es2019,mode=imports/optimized/google-protobuf.js:4635:27)
    at Function.deserialize (file:///Users/thesayyn/Documents/thesayyn/protoc-gen-ts/target/debug/build/protoc_gen_ts-8cec2bec66276c47/out/test_conformance/test_messages_proto2.ts:187:50)
    at file:///Users/thesayyn/Documents/thesayyn/protoc-gen-ts/tests/conformance/bin/main.ts:30:78

  protobuf_test_messages.proto3.TestAllTypesProto3 1
  Error: Assertion failed
    at Object.jspb.asserts.doAssertFailure (https://cdn.skypack.dev/-/google-protobuf@v3.21.2-YDUqZL2TTSsy2lGtfuND/dist=es2019,mode=imports/optimized/google-protobuf.js:778:11)
    at Object.jspb.asserts.assert (https://cdn.skypack.dev/-/google-protobuf@v3.21.2-YDUqZL2TTSsy2lGtfuND/dist=es2019,mode=imports/optimized/google-protobuf.js:783:23)
    at jspb.BinaryDecoder.readUnsignedVarint32 (https://cdn.skypack.dev/-/google-protobuf@v3.21.2-YDUqZL2TTSsy2lGtfuND/dist=es2019,mode=imports/optimized/google-protobuf.js:4150:18)
    at jspb.BinaryReader.readString (https://cdn.skypack.dev/-/google-protobuf@v3.21.2-YDUqZL2TTSsy2lGtfuND/dist=es2019,mode=imports/optimized/google-protobuf.js:4635:27)
    at Function.deserialize (file:///Users/thesayyn/Documents/thesayyn/protoc-gen-ts/target/debug/build/protoc_gen_ts-8cec2bec66276c47/out/test_conformance/test_messages_proto3.ts:293:53)
    at file:///Users/thesayyn/Documents/thesayyn/protoc-gen-ts/tests/conformance/bin/main.ts:23:78

  protobuf_test_messages.proto2.TestAllTypesProto2 1
  Error: Assertion failed
    at Object.jspb.asserts.doAssertFailure (https://cdn.skypack.dev/-/google-protobuf@v3.21.2-YDUqZL2TTSsy2lGtfuND/dist=es2019,mode=imports/optimized/google-protobuf.js:778:11)
    at Object.jspb.asserts.assert (https://cdn.skypack.dev/-/google-protobuf@v3.21.2-YDUqZL2TTSsy2lGtfuND/dist=es2019,mode=imports/optimized/google-protobuf.js:783:23)
    at jspb.BinaryDecoder.readUnsignedVarint32 (https://cdn.skypack.dev/-/google-protobuf@v3.21.2-YDUqZL2TTSsy2lGtfuND/dist=es2019,mode=imports/optimized/google-protobuf.js:4150:18)
    at jspb.BinaryReader.readString (https://cdn.skypack.dev/-/google-protobuf@v3.21.2-YDUqZL2TTSsy2lGtfuND/dist=es2019,mode=imports/optimized/google-protobuf.js:4635:27)
    at Function.deserialize (file:///Users/thesayyn/Documents/thesayyn/protoc-gen-ts/target/debug/build/protoc_gen_ts-8cec2bec66276c47/out/test_conformance/test_messages_proto2.ts:253:53)
    at file:///Users/thesayyn/Documents/thesayyn/protoc-gen-ts/tests/conformance/bin/main.ts:30:78

  protobuf_test_messages.proto3.TestAllTypesProto3 1
  Error: Assertion failed
    at Object.jspb.asserts.doAssertFailure (https://cdn.skypack.dev/-/google-protobuf@v3.21.2-YDUqZL2TTSsy2lGtfuND/dist=es2019,mode=imports/optimized/google-protobuf.js:778:11)
    at Object.jspb.asserts.assert (https://cdn.skypack.dev/-/google-protobuf@v3.21.2-YDUqZL2TTSsy2lGtfuND/dist=es2019,mode=imports/optimized/google-protobuf.js:783:23)
    at jspb.BinaryDecoder.readUnsignedVarint32 (https://cdn.skypack.dev/-/google-protobuf@v3.21.2-YDUqZL2TTSsy2lGtfuND/dist=es2019,mode=imports/optimized/google-protobuf.js:4150:18)
    at jspb.BinaryReader.skipDelimitedField (https://cdn.skypack.dev/-/google-protobuf@v3.21.2-YDUqZL2TTSsy2lGtfuND/dist=es2019,mode=imports/optimized/google-protobuf.js:4401:29)
    at jspb.BinaryReader.skipField (https://cdn.skypack.dev/-/google-protobuf@v3.21.2-YDUqZL2TTSsy2lGtfuND/dist=es2019,mode=imports/optimized/google-protobuf.js:4435:14)
    at Function.deserialize (file:///Users/thesayyn/Documents/thesayyn/protoc-gen-ts/target/debug/build/protoc_gen_ts-8cec2bec66276c47/out/test_conformance/test_messages_proto3.ts:958:24)
    at file:///Users/thesayyn/Documents/thesayyn/protoc-gen-ts/tests/conformance/bin/main.ts:23:78

  protobuf_test_messages.proto2.TestAllTypesProto2 1
  Error: Assertion failed
    at Object.jspb.asserts.doAssertFailure (https://cdn.skypack.dev/-/google-protobuf@v3.21.2-YDUqZL2TTSsy2lGtfuND/dist=es2019,mode=imports/optimized/google-protobuf.js:778:11)
    at Object.jspb.asserts.assert (https://cdn.skypack.dev/-/google-protobuf@v3.21.2-YDUqZL2TTSsy2lGtfuND/dist=es2019,mode=imports/optimized/google-protobuf.js:783:23)
    at jspb.BinaryDecoder.readUnsignedVarint32 (https://cdn.skypack.dev/-/google-protobuf@v3.21.2-YDUqZL2TTSsy2lGtfuND/dist=es2019,mode=imports/optimized/google-protobuf.js:4150:18)
    at jspb.BinaryReader.skipDelimitedField (https://cdn.skypack.dev/-/google-protobuf@v3.21.2-YDUqZL2TTSsy2lGtfuND/dist=es2019,mode=imports/optimized/google-protobuf.js:4401:29)
    at jspb.BinaryReader.skipField (https://cdn.skypack.dev/-/google-protobuf@v3.21.2-YDUqZL2TTSsy2lGtfuND/dist=es2019,mode=imports/optimized/google-protobuf.js:4435:14)
    at Function.deserialize (file:///Users/thesayyn/Documents/thesayyn/protoc-gen-ts/target/debug/build/protoc_gen_ts-8cec2bec66276c47/out/test_conformance/test_messages_proto2.ts:865:24)
    at file:///Users/thesayyn/Documents/thesayyn/protoc-gen-ts/tests/conformance/bin/main.ts:30:78

  protobuf_test_messages.proto3.TestAllTypesProto3 1
  Error: Failure: Decoder hit an error
    at Object.jspb.asserts.fail (https://cdn.skypack.dev/-/google-protobuf@v3.21.2-YDUqZL2TTSsy2lGtfuND/dist=es2019,mode=imports/optimized/google-protobuf.js:801:11)
    at jspb.BinaryReader.nextField (https://cdn.skypack.dev/-/google-protobuf@v3.21.2-YDUqZL2TTSsy2lGtfuND/dist=es2019,mode=imports/optimized/google-protobuf.js:4374:27)
    at Function.deserialize (file:///Users/thesayyn/Documents/thesayyn/protoc-gen-ts/target/debug/build/protoc_gen_ts-8cec2bec66276c47/out/test_conformance/test_messages_proto3.ts:169:18)
    at file:///Users/thesayyn/Documents/thesayyn/protoc-gen-ts/tests/conformance/bin/main.ts:23:78

  protobuf_test_messages.proto2.TestAllTypesProto2 1
  Error: Failure: Decoder hit an error
    at Object.jspb.asserts.fail (https://cdn.skypack.dev/-/google-protobuf@v3.21.2-YDUqZL2TTSsy2lGtfuND/dist=es2019,mode=imports/optimized/google-protobuf.js:801:11)
    at jspb.BinaryReader.nextField (https://cdn.skypack.dev/-/google-protobuf@v3.21.2-YDUqZL2TTSsy2lGtfuND/dist=es2019,mode=imports/optimized/google-protobuf.js:4374:27)
    at Function.deserialize (file:///Users/thesayyn/Documents/thesayyn/protoc-gen-ts/target/debug/build/protoc_gen_ts-8cec2bec66276c47/out/test_conformance/test_messages_proto2.ts:145:18)
    at file:///Users/thesayyn/Documents/thesayyn/protoc-gen-ts/tests/conformance/bin/main.ts:30:78

  protobuf_test_messages.proto3.TestAllTypesProto3 1
  Error: Failure: Decoder hit an error
    at Object.jspb.asserts.fail (https://cdn.skypack.dev/-/google-protobuf@v3.21.2-YDUqZL2TTSsy2lGtfuND/dist=es2019,mode=imports/optimized/google-protobuf.js:801:11)
    at jspb.BinaryReader.nextField (https://cdn.skypack.dev/-/google-protobuf@v3.21.2-YDUqZL2TTSsy2lGtfuND/dist=es2019,mode=imports/optimized/google-protobuf.js:4374:27)
    at Function.deserialize (file:///Users/thesayyn/Documents/thesayyn/protoc-gen-ts/target/debug/build/protoc_gen_ts-8cec2bec66276c47/out/test_conformance/test_messages_proto3.ts:169:18)
    at file:///Users/thesayyn/Documents/thesayyn/protoc-gen-ts/tests/conformance/bin/main.ts:23:78

  protobuf_test_messages.proto2.TestAllTypesProto2 1
  Error: Failure: Decoder hit an error
    at Object.jspb.asserts.fail (https://cdn.skypack.dev/-/google-protobuf@v3.21.2-YDUqZL2TTSsy2lGtfuND/dist=es2019,mode=imports/optimized/google-protobuf.js:801:11)
    at jspb.BinaryReader.nextField (https://cdn.skypack.dev/-/google-protobuf@v3.21.2-YDUqZL2TTSsy2lGtfuND/dist=es2019,mode=imports/optimized/google-protobuf.js:4374:27)
    at Function.deserialize (file:///Users/thesayyn/Documents/thesayyn/protoc-gen-ts/target/debug/build/protoc_gen_ts-8cec2bec66276c47/out/test_conformance/test_messages_proto2.ts:145:18)
    at file:///Users/thesayyn/Documents/thesayyn/protoc-gen-ts/tests/conformance/bin/main.ts:30:78

  protobuf_test_messages.proto3.TestAllTypesProto3 1
  Error: Assertion failed
    at Object.jspb.asserts.doAssertFailure (https://cdn.skypack.dev/-/google-protobuf@v3.21.2-YDUqZL2TTSsy2lGtfuND/dist=es2019,mode=imports/optimized/google-protobuf.js:778:11)
    at Object.jspb.asserts.assert (https://cdn.skypack.dev/-/google-protobuf@v3.21.2-YDUqZL2TTSsy2lGtfuND/dist=es2019,mode=imports/optimized/google-protobuf.js:783:23)
    at jspb.BinaryDecoder.advance (https://cdn.skypack.dev/-/google-protobuf@v3.21.2-YDUqZL2TTSsy2lGtfuND/dist=es2019,mode=imports/optimized/google-protobuf.js:4081:18)
    at jspb.BinaryReader.skipDelimitedField (https://cdn.skypack.dev/-/google-protobuf@v3.21.2-YDUqZL2TTSsy2lGtfuND/dist=es2019,mode=imports/optimized/google-protobuf.js:4402:21)
    at jspb.BinaryReader.skipField (https://cdn.skypack.dev/-/google-protobuf@v3.21.2-YDUqZL2TTSsy2lGtfuND/dist=es2019,mode=imports/optimized/google-protobuf.js:4435:14)
    at Function.deserialize (file:///Users/thesayyn/Documents/thesayyn/protoc-gen-ts/target/debug/build/protoc_gen_ts-8cec2bec66276c47/out/test_conformance/test_messages_proto3.ts:958:24)
    at file:///Users/thesayyn/Documents/thesayyn/protoc-gen-ts/tests/conformance/bin/main.ts:23:78

  protobuf_test_messages.proto2.TestAllTypesProto2 1
  Error: Assertion failed
    at Object.jspb.asserts.doAssertFailure (https://cdn.skypack.dev/-/google-protobuf@v3.21.2-YDUqZL2TTSsy2lGtfuND/dist=es2019,mode=imports/optimized/google-protobuf.js:778:11)
    at Object.jspb.asserts.assert (https://cdn.skypack.dev/-/google-protobuf@v3.21.2-YDUqZL2TTSsy2lGtfuND/dist=es2019,mode=imports/optimized/google-protobuf.js:783:23)
    at jspb.BinaryDecoder.advance (https://cdn.skypack.dev/-/google-protobuf@v3.21.2-YDUqZL2TTSsy2lGtfuND/dist=es2019,mode=imports/optimized/google-protobuf.js:4081:18)
    at jspb.BinaryReader.skipDelimitedField (https://cdn.skypack.dev/-/google-protobuf@v3.21.2-YDUqZL2TTSsy2lGtfuND/dist=es2019,mode=imports/optimized/google-protobuf.js:4402:21)
    at jspb.BinaryReader.skipField (https://cdn.skypack.dev/-/google-protobuf@v3.21.2-YDUqZL2TTSsy2lGtfuND/dist=es2019,mode=imports/optimized/google-protobuf.js:4435:14)
    at Function.deserialize (file:///Users/thesayyn/Documents/thesayyn/protoc-gen-ts/target/debug/build/protoc_gen_ts-8cec2bec66276c47/out/test_conformance/test_messages_proto2.ts:865:24)
    at file:///Users/thesayyn/Documents/thesayyn/protoc-gen-ts/tests/conformance/bin/main.ts:30:78

  protobuf_test_messages.proto3.TestAllTypesProto3 1
  Error: Assertion failed
    at Object.jspb.asserts.doAssertFailure (https://cdn.skypack.dev/-/google-protobuf@v3.21.2-YDUqZL2TTSsy2lGtfuND/dist=es2019,mode=imports/optimized/google-protobuf.js:778:11)
    at Object.jspb.asserts.assert (https://cdn.skypack.dev/-/google-protobuf@v3.21.2-YDUqZL2TTSsy2lGtfuND/dist=es2019,mode=imports/optimized/google-protobuf.js:783:23)
    at jspb.BinaryDecoder.readUnsignedVarint32 (https://cdn.skypack.dev/-/google-protobuf@v3.21.2-YDUqZL2TTSsy2lGtfuND/dist=es2019,mode=imports/optimized/google-protobuf.js:4150:18)
    at jspb.BinaryReader.getFieldDecoder (https://cdn.skypack.dev/-/google-protobuf@v3.21.2-YDUqZL2TTSsy2lGtfuND/dist=es2019,mode=imports/optimized/google-protobuf.js:4526:27)
    at Function.deserialize (file:///Users/thesayyn/Documents/thesayyn/protoc-gen-ts/target/debug/build/protoc_gen_ts-8cec2bec66276c47/out/test_conformance/test_messages_proto3.ts:217:133)
    at file:///Users/thesayyn/Documents/thesayyn/protoc-gen-ts/tests/conformance/bin/main.ts:23:78

  protobuf_test_messages.proto2.TestAllTypesProto2 1
  Error: Assertion failed
    at Object.jspb.asserts.doAssertFailure (https://cdn.skypack.dev/-/google-protobuf@v3.21.2-YDUqZL2TTSsy2lGtfuND/dist=es2019,mode=imports/optimized/google-protobuf.js:778:11)
    at Object.jspb.asserts.assert (https://cdn.skypack.dev/-/google-protobuf@v3.21.2-YDUqZL2TTSsy2lGtfuND/dist=es2019,mode=imports/optimized/google-protobuf.js:783:23)
    at jspb.BinaryDecoder.readUnsignedVarint32 (https://cdn.skypack.dev/-/google-protobuf@v3.21.2-YDUqZL2TTSsy2lGtfuND/dist=es2019,mode=imports/optimized/google-protobuf.js:4150:18)
    at jspb.BinaryReader.getFieldDecoder (https://cdn.skypack.dev/-/google-protobuf@v3.21.2-YDUqZL2TTSsy2lGtfuND/dist=es2019,mode=imports/optimized/google-protobuf.js:4526:27)
    at Function.deserialize (file:///Users/thesayyn/Documents/thesayyn/protoc-gen-ts/target/debug/build/protoc_gen_ts-8cec2bec66276c47/out/test_conformance/test_messages_proto2.ts:193:133)
    at file:///Users/thesayyn/Documents/thesayyn/protoc-gen-ts/tests/conformance/bin/main.ts:30:78

  protobuf_test_messages.proto3.TestAllTypesProto3 1
  Error: Assertion failed
    at Object.jspb.asserts.doAssertFailure (https://cdn.skypack.dev/-/google-protobuf@v3.21.2-YDUqZL2TTSsy2lGtfuND/dist=es2019,mode=imports/optimized/google-protobuf.js:778:11)
    at Object.jspb.asserts.assert (https://cdn.skypack.dev/-/google-protobuf@v3.21.2-YDUqZL2TTSsy2lGtfuND/dist=es2019,mode=imports/optimized/google-protobuf.js:783:23)
    at jspb.BinaryDecoder.readUnsignedVarint32 (https://cdn.skypack.dev/-/google-protobuf@v3.21.2-YDUqZL2TTSsy2lGtfuND/dist=es2019,mode=imports/optimized/google-protobuf.js:4150:18)
    at jspb.BinaryReader.getFieldDecoder (https://cdn.skypack.dev/-/google-protobuf@v3.21.2-YDUqZL2TTSsy2lGtfuND/dist=es2019,mode=imports/optimized/google-protobuf.js:4526:27)
    at Function.deserialize (file:///Users/thesayyn/Documents/thesayyn/protoc-gen-ts/target/debug/build/protoc_gen_ts-8cec2bec66276c47/out/test_conformance/test_messages_proto3.ts:299:136)
    at file:///Users/thesayyn/Documents/thesayyn/protoc-gen-ts/tests/conformance/bin/main.ts:23:78

  protobuf_test_messages.proto2.TestAllTypesProto2 1
  Error: Assertion failed
    at Object.jspb.asserts.doAssertFailure (https://cdn.skypack.dev/-/google-protobuf@v3.21.2-YDUqZL2TTSsy2lGtfuND/dist=es2019,mode=imports/optimized/google-protobuf.js:778:11)
    at Object.jspb.asserts.assert (https://cdn.skypack.dev/-/google-protobuf@v3.21.2-YDUqZL2TTSsy2lGtfuND/dist=es2019,mode=imports/optimized/google-protobuf.js:783:23)
    at jspb.BinaryDecoder.readUnsignedVarint32 (https://cdn.skypack.dev/-/google-protobuf@v3.21.2-YDUqZL2TTSsy2lGtfuND/dist=es2019,mode=imports/optimized/google-protobuf.js:4150:18)
    at jspb.BinaryReader.getFieldDecoder (https://cdn.skypack.dev/-/google-protobuf@v3.21.2-YDUqZL2TTSsy2lGtfuND/dist=es2019,mode=imports/optimized/google-protobuf.js:4526:27)
    at Function.deserialize (file:///Users/thesayyn/Documents/thesayyn/protoc-gen-ts/target/debug/build/protoc_gen_ts-8cec2bec66276c47/out/test_conformance/test_messages_proto2.ts:259:136)
    at file:///Users/thesayyn/Documents/thesayyn/protoc-gen-ts/tests/conformance/bin/main.ts:30:78

  protobuf_test_messages.proto3.TestAllTypesProto3 1
  Error: Assertion failed
    at Object.jspb.asserts.doAssertFailure (https://cdn.skypack.dev/-/google-protobuf@v3.21.2-YDUqZL2TTSsy2lGtfuND/dist=es2019,mode=imports/optimized/google-protobuf.js:778:11)
    at Object.jspb.asserts.assert (https://cdn.skypack.dev/-/google-protobuf@v3.21.2-YDUqZL2TTSsy2lGtfuND/dist=es2019,mode=imports/optimized/google-protobuf.js:783:23)
    at jspb.BinaryDecoder.readUnsignedVarint32 (https://cdn.skypack.dev/-/google-protobuf@v3.21.2-YDUqZL2TTSsy2lGtfuND/dist=es2019,mode=imports/optimized/google-protobuf.js:4150:18)
    at jspb.BinaryReader.skipDelimitedField (https://cdn.skypack.dev/-/google-protobuf@v3.21.2-YDUqZL2TTSsy2lGtfuND/dist=es2019,mode=imports/optimized/google-protobuf.js:4401:29)
    at jspb.BinaryReader.skipField (https://cdn.skypack.dev/-/google-protobuf@v3.21.2-YDUqZL2TTSsy2lGtfuND/dist=es2019,mode=imports/optimized/google-protobuf.js:4435:14)
    at Function.deserialize (file:///Users/thesayyn/Documents/thesayyn/protoc-gen-ts/target/debug/build/protoc_gen_ts-8cec2bec66276c47/out/test_conformance/test_messages_proto3.ts:958:24)
    at file:///Users/thesayyn/Documents/thesayyn/protoc-gen-ts/tests/conformance/bin/main.ts:23:78

  protobuf_test_messages.proto2.TestAllTypesProto2 1
  Error: Assertion failed
    at Object.jspb.asserts.doAssertFailure (https://cdn.skypack.dev/-/google-protobuf@v3.21.2-YDUqZL2TTSsy2lGtfuND/dist=es2019,mode=imports/optimized/google-protobuf.js:778:11)
    at Object.jspb.asserts.assert (https://cdn.skypack.dev/-/google-protobuf@v3.21.2-YDUqZL2TTSsy2lGtfuND/dist=es2019,mode=imports/optimized/google-protobuf.js:783:23)
    at jspb.BinaryDecoder.readUnsignedVarint32 (https://cdn.skypack.dev/-/google-protobuf@v3.21.2-YDUqZL2TTSsy2lGtfuND/dist=es2019,mode=imports/optimized/google-protobuf.js:4150:18)
    at jspb.BinaryReader.skipDelimitedField (https://cdn.skypack.dev/-/google-protobuf@v3.21.2-YDUqZL2TTSsy2lGtfuND/dist=es2019,mode=imports/optimized/google-protobuf.js:4401:29)
    at jspb.BinaryReader.skipField (https://cdn.skypack.dev/-/google-protobuf@v3.21.2-YDUqZL2TTSsy2lGtfuND/dist=es2019,mode=imports/optimized/google-protobuf.js:4435:14)
    at Function.deserialize (file:///Users/thesayyn/Documents/thesayyn/protoc-gen-ts/target/debug/build/protoc_gen_ts-8cec2bec66276c47/out/test_conformance/test_messages_proto2.ts:865:24)
    at file:///Users/thesayyn/Documents/thesayyn/protoc-gen-ts/tests/conformance/bin/main.ts:30:78

  protobuf_test_messages.proto3.TestAllTypesProto3 1
  Error: Assertion failed
    at Object.jspb.asserts.doAssertFailure (https://cdn.skypack.dev/-/google-protobuf@v3.21.2-YDUqZL2TTSsy2lGtfuND/dist=es2019,mode=imports/optimized/google-protobuf.js:778:11)
    at Object.jspb.asserts.assert (https://cdn.skypack.dev/-/google-protobuf@v3.21.2-YDUqZL2TTSsy2lGtfuND/dist=es2019,mode=imports/optimized/google-protobuf.js:783:23)
    at jspb.BinaryDecoder.readUnsignedVarint32 (https://cdn.skypack.dev/-/google-protobuf@v3.21.2-YDUqZL2TTSsy2lGtfuND/dist=es2019,mode=imports/optimized/google-protobuf.js:4150:18)
    at jspb.BinaryReader.getFieldDecoder (https://cdn.skypack.dev/-/google-protobuf@v3.21.2-YDUqZL2TTSsy2lGtfuND/dist=es2019,mode=imports/optimized/google-protobuf.js:4526:27)
    at Function.deserialize (file:///Users/thesayyn/Documents/thesayyn/protoc-gen-ts/target/debug/build/protoc_gen_ts-8cec2bec66276c47/out/test_conformance/test_messages_proto3.ts:217:133)
    at file:///Users/thesayyn/Documents/thesayyn/protoc-gen-ts/tests/conformance/bin/main.ts:23:78

  protobuf_test_messages.proto2.TestAllTypesProto2 1
  Error: Assertion failed
    at Object.jspb.asserts.doAssertFailure (https://cdn.skypack.dev/-/google-protobuf@v3.21.2-YDUqZL2TTSsy2lGtfuND/dist=es2019,mode=imports/optimized/google-protobuf.js:778:11)
    at Object.jspb.asserts.assert (https://cdn.skypack.dev/-/google-protobuf@v3.21.2-YDUqZL2TTSsy2lGtfuND/dist=es2019,mode=imports/optimized/google-protobuf.js:783:23)
    at jspb.BinaryDecoder.readUnsignedVarint32 (https://cdn.skypack.dev/-/google-protobuf@v3.21.2-YDUqZL2TTSsy2lGtfuND/dist=es2019,mode=imports/optimized/google-protobuf.js:4150:18)
    at jspb.BinaryReader.getFieldDecoder (https://cdn.skypack.dev/-/google-protobuf@v3.21.2-YDUqZL2TTSsy2lGtfuND/dist=es2019,mode=imports/optimized/google-protobuf.js:4526:27)
    at Function.deserialize (file:///Users/thesayyn/Documents/thesayyn/protoc-gen-ts/target/debug/build/protoc_gen_ts-8cec2bec66276c47/out/test_conformance/test_messages_proto2.ts:193:133)
    at file:///Users/thesayyn/Documents/thesayyn/protoc-gen-ts/tests/conformance/bin/main.ts:30:78

  protobuf_test_messages.proto3.TestAllTypesProto3 1
  Error: Assertion failed
    at Object.jspb.asserts.doAssertFailure (https://cdn.skypack.dev/-/google-protobuf@v3.21.2-YDUqZL2TTSsy2lGtfuND/dist=es2019,mode=imports/optimized/google-protobuf.js:778:11)
    at Object.jspb.asserts.assert (https://cdn.skypack.dev/-/google-protobuf@v3.21.2-YDUqZL2TTSsy2lGtfuND/dist=es2019,mode=imports/optimized/google-protobuf.js:783:23)
    at jspb.BinaryDecoder.readUnsignedVarint32 (https://cdn.skypack.dev/-/google-protobuf@v3.21.2-YDUqZL2TTSsy2lGtfuND/dist=es2019,mode=imports/optimized/google-protobuf.js:4150:18)
    at jspb.BinaryReader.getFieldDecoder (https://cdn.skypack.dev/-/google-protobuf@v3.21.2-YDUqZL2TTSsy2lGtfuND/dist=es2019,mode=imports/optimized/google-protobuf.js:4526:27)
    at Function.deserialize (file:///Users/thesayyn/Documents/thesayyn/protoc-gen-ts/target/debug/build/protoc_gen_ts-8cec2bec66276c47/out/test_conformance/test_messages_proto3.ts:299:136)
    at file:///Users/thesayyn/Documents/thesayyn/protoc-gen-ts/tests/conformance/bin/main.ts:23:78

  protobuf_test_messages.proto2.TestAllTypesProto2 1
  Error: Assertion failed
    at Object.jspb.asserts.doAssertFailure (https://cdn.skypack.dev/-/google-protobuf@v3.21.2-YDUqZL2TTSsy2lGtfuND/dist=es2019,mode=imports/optimized/google-protobuf.js:778:11)
    at Object.jspb.asserts.assert (https://cdn.skypack.dev/-/google-protobuf@v3.21.2-YDUqZL2TTSsy2lGtfuND/dist=es2019,mode=imports/optimized/google-protobuf.js:783:23)
    at jspb.BinaryDecoder.readUnsignedVarint32 (https://cdn.skypack.dev/-/google-protobuf@v3.21.2-YDUqZL2TTSsy2lGtfuND/dist=es2019,mode=imports/optimized/google-protobuf.js:4150:18)
    at jspb.BinaryReader.getFieldDecoder (https://cdn.skypack.dev/-/google-protobuf@v3.21.2-YDUqZL2TTSsy2lGtfuND/dist=es2019,mode=imports/optimized/google-protobuf.js:4526:27)
    at Function.deserialize (file:///Users/thesayyn/Documents/thesayyn/protoc-gen-ts/target/debug/build/protoc_gen_ts-8cec2bec66276c47/out/test_conformance/test_messages_proto2.ts:259:136)
    at file:///Users/thesayyn/Documents/thesayyn/protoc-gen-ts/tests/conformance/bin/main.ts:30:78

  protobuf_test_messages.proto3.TestAllTypesProto3 1
  Error: Assertion failed
    at Object.jspb.asserts.doAssertFailure (https://cdn.skypack.dev/-/google-protobuf@v3.21.2-YDUqZL2TTSsy2lGtfuND/dist=es2019,mode=imports/optimized/google-protobuf.js:778:11)
    at Object.jspb.asserts.assert (https://cdn.skypack.dev/-/google-protobuf@v3.21.2-YDUqZL2TTSsy2lGtfuND/dist=es2019,mode=imports/optimized/google-protobuf.js:783:23)
    at jspb.BinaryDecoder.readUnsignedVarint32 (https://cdn.skypack.dev/-/google-protobuf@v3.21.2-YDUqZL2TTSsy2lGtfuND/dist=es2019,mode=imports/optimized/google-protobuf.js:4150:18)
    at jspb.BinaryReader.skipDelimitedField (https://cdn.skypack.dev/-/google-protobuf@v3.21.2-YDUqZL2TTSsy2lGtfuND/dist=es2019,mode=imports/optimized/google-protobuf.js:4401:29)
    at jspb.BinaryReader.skipField (https://cdn.skypack.dev/-/google-protobuf@v3.21.2-YDUqZL2TTSsy2lGtfuND/dist=es2019,mode=imports/optimized/google-protobuf.js:4435:14)
    at Function.deserialize (file:///Users/thesayyn/Documents/thesayyn/protoc-gen-ts/target/debug/build/protoc_gen_ts-8cec2bec66276c47/out/test_conformance/test_messages_proto3.ts:958:24)
    at file:///Users/thesayyn/Documents/thesayyn/protoc-gen-ts/tests/conformance/bin/main.ts:23:78

  protobuf_test_messages.proto2.TestAllTypesProto2 1
  Error: Assertion failed
    at Object.jspb.asserts.doAssertFailure (https://cdn.skypack.dev/-/google-protobuf@v3.21.2-YDUqZL2TTSsy2lGtfuND/dist=es2019,mode=imports/optimized/google-protobuf.js:778:11)
    at Object.jspb.asserts.assert (https://cdn.skypack.dev/-/google-protobuf@v3.21.2-YDUqZL2TTSsy2lGtfuND/dist=es2019,mode=imports/optimized/google-protobuf.js:783:23)
    at jspb.BinaryDecoder.readUnsignedVarint32 (https://cdn.skypack.dev/-/google-protobuf@v3.21.2-YDUqZL2TTSsy2lGtfuND/dist=es2019,mode=imports/optimized/google-protobuf.js:4150:18)
    at jspb.BinaryReader.skipDelimitedField (https://cdn.skypack.dev/-/google-protobuf@v3.21.2-YDUqZL2TTSsy2lGtfuND/dist=es2019,mode=imports/optimized/google-protobuf.js:4401:29)
    at jspb.BinaryReader.skipField (https://cdn.skypack.dev/-/google-protobuf@v3.21.2-YDUqZL2TTSsy2lGtfuND/dist=es2019,mode=imports/optimized/google-protobuf.js:4435:14)
    at Function.deserialize (file:///Users/thesayyn/Documents/thesayyn/protoc-gen-ts/target/debug/build/protoc_gen_ts-8cec2bec66276c47/out/test_conformance/test_messages_proto2.ts:865:24)
    at file:///Users/thesayyn/Documents/thesayyn/protoc-gen-ts/tests/conformance/bin/main.ts:30:78

  protobuf_test_messages.proto3.TestAllTypesProto3 1
  Error: Assertion failed
    at Object.jspb.asserts.doAssertFailure (https://cdn.skypack.dev/-/google-protobuf@v3.21.2-YDUqZL2TTSsy2lGtfuND/dist=es2019,mode=imports/optimized/google-protobuf.js:778:11)
    at Object.jspb.asserts.assert (https://cdn.skypack.dev/-/google-protobuf@v3.21.2-YDUqZL2TTSsy2lGtfuND/dist=es2019,mode=imports/optimized/google-protobuf.js:783:23)
    at jspb.BinaryDecoder.advance (https://cdn.skypack.dev/-/google-protobuf@v3.21.2-YDUqZL2TTSsy2lGtfuND/dist=es2019,mode=imports/optimized/google-protobuf.js:4081:18)
    at jspb.BinaryReader.skipDelimitedField (https://cdn.skypack.dev/-/google-protobuf@v3.21.2-YDUqZL2TTSsy2lGtfuND/dist=es2019,mode=imports/optimized/google-protobuf.js:4402:21)
    at jspb.BinaryReader.skipField (https://cdn.skypack.dev/-/google-protobuf@v3.21.2-YDUqZL2TTSsy2lGtfuND/dist=es2019,mode=imports/optimized/google-protobuf.js:4435:14)
    at Function.deserialize (file:///Users/thesayyn/Documents/thesayyn/protoc-gen-ts/target/debug/build/protoc_gen_ts-8cec2bec66276c47/out/test_conformance/test_messages_proto3.ts:1724:24)
    at Function.deserialize (file:///Users/thesayyn/Documents/thesayyn/protoc-gen-ts/target/debug/build/protoc_gen_ts-8cec2bec66276c47/out/test_conformance/test_messages_proto3.ts:217:118)
    at file:///Users/thesayyn/Documents/thesayyn/protoc-gen-ts/tests/conformance/bin/main.ts:23:78

  protobuf_test_messages.proto2.TestAllTypesProto2 1
  Error: Assertion failed
    at Object.jspb.asserts.doAssertFailure (https://cdn.skypack.dev/-/google-protobuf@v3.21.2-YDUqZL2TTSsy2lGtfuND/dist=es2019,mode=imports/optimized/google-protobuf.js:778:11)
    at Object.jspb.asserts.assert (https://cdn.skypack.dev/-/google-protobuf@v3.21.2-YDUqZL2TTSsy2lGtfuND/dist=es2019,mode=imports/optimized/google-protobuf.js:783:23)
    at jspb.BinaryDecoder.advance (https://cdn.skypack.dev/-/google-protobuf@v3.21.2-YDUqZL2TTSsy2lGtfuND/dist=es2019,mode=imports/optimized/google-protobuf.js:4081:18)
    at jspb.BinaryReader.skipDelimitedField (https://cdn.skypack.dev/-/google-protobuf@v3.21.2-YDUqZL2TTSsy2lGtfuND/dist=es2019,mode=imports/optimized/google-protobuf.js:4402:21)
    at jspb.BinaryReader.skipField (https://cdn.skypack.dev/-/google-protobuf@v3.21.2-YDUqZL2TTSsy2lGtfuND/dist=es2019,mode=imports/optimized/google-protobuf.js:4435:14)
    at Function.deserialize (file:///Users/thesayyn/Documents/thesayyn/protoc-gen-ts/target/debug/build/protoc_gen_ts-8cec2bec66276c47/out/test_conformance/test_messages_proto2.ts:1484:24)
    at Function.deserialize (file:///Users/thesayyn/Documents/thesayyn/protoc-gen-ts/target/debug/build/protoc_gen_ts-8cec2bec66276c47/out/test_conformance/test_messages_proto2.ts:193:118)
    at file:///Users/thesayyn/Documents/thesayyn/protoc-gen-ts/tests/conformance/bin/main.ts:30:78

  protobuf_test_messages.proto3.TestAllTypesProto3 1
  Error: Assertion failed
    at Object.jspb.asserts.doAssertFailure (https://cdn.skypack.dev/-/google-protobuf@v3.21.2-YDUqZL2TTSsy2lGtfuND/dist=es2019,mode=imports/optimized/google-protobuf.js:778:11)
    at Object.jspb.asserts.assert (https://cdn.skypack.dev/-/google-protobuf@v3.21.2-YDUqZL2TTSsy2lGtfuND/dist=es2019,mode=imports/optimized/google-protobuf.js:783:23)
    at jspb.BinaryDecoder.advance (https://cdn.skypack.dev/-/google-protobuf@v3.21.2-YDUqZL2TTSsy2lGtfuND/dist=es2019,mode=imports/optimized/google-protobuf.js:4081:18)
    at jspb.BinaryReader.skipDelimitedField (https://cdn.skypack.dev/-/google-protobuf@v3.21.2-YDUqZL2TTSsy2lGtfuND/dist=es2019,mode=imports/optimized/google-protobuf.js:4402:21)
    at jspb.BinaryReader.skipField (https://cdn.skypack.dev/-/google-protobuf@v3.21.2-YDUqZL2TTSsy2lGtfuND/dist=es2019,mode=imports/optimized/google-protobuf.js:4435:14)
    at Function.deserialize (file:///Users/thesayyn/Documents/thesayyn/protoc-gen-ts/target/debug/build/protoc_gen_ts-8cec2bec66276c47/out/test_conformance/test_messages_proto3.ts:1724:24)
    at Function.deserialize (file:///Users/thesayyn/Documents/thesayyn/protoc-gen-ts/target/debug/build/protoc_gen_ts-8cec2bec66276c47/out/test_conformance/test_messages_proto3.ts:299:121)
    at file:///Users/thesayyn/Documents/thesayyn/protoc-gen-ts/tests/conformance/bin/main.ts:23:78

  protobuf_test_messages.proto2.TestAllTypesProto2 1
  Error: Assertion failed
    at Object.jspb.asserts.doAssertFailure (https://cdn.skypack.dev/-/google-protobuf@v3.21.2-YDUqZL2TTSsy2lGtfuND/dist=es2019,mode=imports/optimized/google-protobuf.js:778:11)
    at Object.jspb.asserts.assert (https://cdn.skypack.dev/-/google-protobuf@v3.21.2-YDUqZL2TTSsy2lGtfuND/dist=es2019,mode=imports/optimized/google-protobuf.js:783:23)
    at jspb.BinaryDecoder.advance (https://cdn.skypack.dev/-/google-protobuf@v3.21.2-YDUqZL2TTSsy2lGtfuND/dist=es2019,mode=imports/optimized/google-protobuf.js:4081:18)
    at jspb.BinaryReader.skipDelimitedField (https://cdn.skypack.dev/-/google-protobuf@v3.21.2-YDUqZL2TTSsy2lGtfuND/dist=es2019,mode=imports/optimized/google-protobuf.js:4402:21)
    at jspb.BinaryReader.skipField (https://cdn.skypack.dev/-/google-protobuf@v3.21.2-YDUqZL2TTSsy2lGtfuND/dist=es2019,mode=imports/optimized/google-protobuf.js:4435:14)
    at Function.deserialize (file:///Users/thesayyn/Documents/thesayyn/protoc-gen-ts/target/debug/build/protoc_gen_ts-8cec2bec66276c47/out/test_conformance/test_messages_proto2.ts:1484:24)
    at Function.deserialize (file:///Users/thesayyn/Documents/thesayyn/protoc-gen-ts/target/debug/build/protoc_gen_ts-8cec2bec66276c47/out/test_conformance/test_messages_proto2.ts:259:121)
    at file:///Users/thesayyn/Documents/thesayyn/protoc-gen-ts/tests/conformance/bin/main.ts:30:78

  protobuf_test_messages.proto3.TestAllTypesProto3 1
  Error: Assertion failed
    at Object.jspb.asserts.doAssertFailure (https://cdn.skypack.dev/-/google-protobuf@v3.21.2-YDUqZL2TTSsy2lGtfuND/dist=es2019,mode=imports/optimized/google-protobuf.js:778:11)
    at Object.jspb.asserts.assert (https://cdn.skypack.dev/-/google-protobuf@v3.21.2-YDUqZL2TTSsy2lGtfuND/dist=es2019,mode=imports/optimized/google-protobuf.js:783:23)
    at jspb.BinaryDecoder.advance (https://cdn.skypack.dev/-/google-protobuf@v3.21.2-YDUqZL2TTSsy2lGtfuND/dist=es2019,mode=imports/optimized/google-protobuf.js:4081:18)
    at jspb.BinaryReader.skipDelimitedField (https://cdn.skypack.dev/-/google-protobuf@v3.21.2-YDUqZL2TTSsy2lGtfuND/dist=es2019,mode=imports/optimized/google-protobuf.js:4402:21)
    at jspb.BinaryReader.skipField (https://cdn.skypack.dev/-/google-protobuf@v3.21.2-YDUqZL2TTSsy2lGtfuND/dist=es2019,mode=imports/optimized/google-protobuf.js:4435:14)
    at Function.deserialize (file:///Users/thesayyn/Documents/thesayyn/protoc-gen-ts/target/debug/build/protoc_gen_ts-8cec2bec66276c47/out/test_conformance/test_messages_proto3.ts:958:24)
    at file:///Users/thesayyn/Documents/thesayyn/protoc-gen-ts/tests/conformance/bin/main.ts:23:78

  protobuf_test_messages.proto2.TestAllTypesProto2 1
  Error: Assertion failed
    at Object.jspb.asserts.doAssertFailure (https://cdn.skypack.dev/-/google-protobuf@v3.21.2-YDUqZL2TTSsy2lGtfuND/dist=es2019,mode=imports/optimized/google-protobuf.js:778:11)
    at Object.jspb.asserts.assert (https://cdn.skypack.dev/-/google-protobuf@v3.21.2-YDUqZL2TTSsy2lGtfuND/dist=es2019,mode=imports/optimized/google-protobuf.js:783:23)
    at jspb.BinaryDecoder.advance (https://cdn.skypack.dev/-/google-protobuf@v3.21.2-YDUqZL2TTSsy2lGtfuND/dist=es2019,mode=imports/optimized/google-protobuf.js:4081:18)
    at jspb.BinaryReader.skipDelimitedField (https://cdn.skypack.dev/-/google-protobuf@v3.21.2-YDUqZL2TTSsy2lGtfuND/dist=es2019,mode=imports/optimized/google-protobuf.js:4402:21)
    at jspb.BinaryReader.skipField (https://cdn.skypack.dev/-/google-protobuf@v3.21.2-YDUqZL2TTSsy2lGtfuND/dist=es2019,mode=imports/optimized/google-protobuf.js:4435:14)
    at Function.deserialize (file:///Users/thesayyn/Documents/thesayyn/protoc-gen-ts/target/debug/build/protoc_gen_ts-8cec2bec66276c47/out/test_conformance/test_messages_proto2.ts:865:24)
    at file:///Users/thesayyn/Documents/thesayyn/protoc-gen-ts/tests/conformance/bin/main.ts:30:78

  protobuf_test_messages.proto3.TestAllTypesProto3 1
  Error: Assertion failed
    at Object.jspb.asserts.doAssertFailure (https://cdn.skypack.dev/-/google-protobuf@v3.21.2-YDUqZL2TTSsy2lGtfuND/dist=es2019,mode=imports/optimized/google-protobuf.js:778:11)
    at Object.jspb.asserts.assert (https://cdn.skypack.dev/-/google-protobuf@v3.21.2-YDUqZL2TTSsy2lGtfuND/dist=es2019,mode=imports/optimized/google-protobuf.js:783:23)
    at jspb.BinaryDecoder.readUnsignedVarint32 (https://cdn.skypack.dev/-/google-protobuf@v3.21.2-YDUqZL2TTSsy2lGtfuND/dist=es2019,mode=imports/optimized/google-protobuf.js:4150:18)
    at jspb.BinaryReader.readBytes (https://cdn.skypack.dev/-/google-protobuf@v3.21.2-YDUqZL2TTSsy2lGtfuND/dist=es2019,mode=imports/optimized/google-protobuf.js:4641:27)
    at Function.deserialize (file:///Users/thesayyn/Documents/thesayyn/protoc-gen-ts/target/debug/build/protoc_gen_ts-8cec2bec66276c47/out/test_conformance/test_messages_proto3.ts:214:49)
    at file:///Users/thesayyn/Documents/thesayyn/protoc-gen-ts/tests/conformance/bin/main.ts:23:78

  protobuf_test_messages.proto2.TestAllTypesProto2 1
  Error: Assertion failed
    at Object.jspb.asserts.doAssertFailure (https://cdn.skypack.dev/-/google-protobuf@v3.21.2-YDUqZL2TTSsy2lGtfuND/dist=es2019,mode=imports/optimized/google-protobuf.js:778:11)
    at Object.jspb.asserts.assert (https://cdn.skypack.dev/-/google-protobuf@v3.21.2-YDUqZL2TTSsy2lGtfuND/dist=es2019,mode=imports/optimized/google-protobuf.js:783:23)
    at jspb.BinaryDecoder.readUnsignedVarint32 (https://cdn.skypack.dev/-/google-protobuf@v3.21.2-YDUqZL2TTSsy2lGtfuND/dist=es2019,mode=imports/optimized/google-protobuf.js:4150:18)
    at jspb.BinaryReader.readBytes (https://cdn.skypack.dev/-/google-protobuf@v3.21.2-YDUqZL2TTSsy2lGtfuND/dist=es2019,mode=imports/optimized/google-protobuf.js:4641:27)
    at Function.deserialize (file:///Users/thesayyn/Documents/thesayyn/protoc-gen-ts/target/debug/build/protoc_gen_ts-8cec2bec66276c47/out/test_conformance/test_messages_proto2.ts:190:49)
    at file:///Users/thesayyn/Documents/thesayyn/protoc-gen-ts/tests/conformance/bin/main.ts:30:78

  protobuf_test_messages.proto3.TestAllTypesProto3 1
  Error: Assertion failed
    at Object.jspb.asserts.doAssertFailure (https://cdn.skypack.dev/-/google-protobuf@v3.21.2-YDUqZL2TTSsy2lGtfuND/dist=es2019,mode=imports/optimized/google-protobuf.js:778:11)
    at Object.jspb.asserts.assert (https://cdn.skypack.dev/-/google-protobuf@v3.21.2-YDUqZL2TTSsy2lGtfuND/dist=es2019,mode=imports/optimized/google-protobuf.js:783:23)
    at jspb.BinaryDecoder.readUnsignedVarint32 (https://cdn.skypack.dev/-/google-protobuf@v3.21.2-YDUqZL2TTSsy2lGtfuND/dist=es2019,mode=imports/optimized/google-protobuf.js:4150:18)
    at jspb.BinaryReader.readBytes (https://cdn.skypack.dev/-/google-protobuf@v3.21.2-YDUqZL2TTSsy2lGtfuND/dist=es2019,mode=imports/optimized/google-protobuf.js:4641:27)
    at Function.deserialize (file:///Users/thesayyn/Documents/thesayyn/protoc-gen-ts/target/debug/build/protoc_gen_ts-8cec2bec66276c47/out/test_conformance/test_messages_proto3.ts:296:52)
    at file:///Users/thesayyn/Documents/thesayyn/protoc-gen-ts/tests/conformance/bin/main.ts:23:78

  protobuf_test_messages.proto2.TestAllTypesProto2 1
  Error: Assertion failed
    at Object.jspb.asserts.doAssertFailure (https://cdn.skypack.dev/-/google-protobuf@v3.21.2-YDUqZL2TTSsy2lGtfuND/dist=es2019,mode=imports/optimized/google-protobuf.js:778:11)
    at Object.jspb.asserts.assert (https://cdn.skypack.dev/-/google-protobuf@v3.21.2-YDUqZL2TTSsy2lGtfuND/dist=es2019,mode=imports/optimized/google-protobuf.js:783:23)
    at jspb.BinaryDecoder.readUnsignedVarint32 (https://cdn.skypack.dev/-/google-protobuf@v3.21.2-YDUqZL2TTSsy2lGtfuND/dist=es2019,mode=imports/optimized/google-protobuf.js:4150:18)
    at jspb.BinaryReader.readBytes (https://cdn.skypack.dev/-/google-protobuf@v3.21.2-YDUqZL2TTSsy2lGtfuND/dist=es2019,mode=imports/optimized/google-protobuf.js:4641:27)
    at Function.deserialize (file:///Users/thesayyn/Documents/thesayyn/protoc-gen-ts/target/debug/build/protoc_gen_ts-8cec2bec66276c47/out/test_conformance/test_messages_proto2.ts:256:52)
    at file:///Users/thesayyn/Documents/thesayyn/protoc-gen-ts/tests/conformance/bin/main.ts:30:78

  protobuf_test_messages.proto3.TestAllTypesProto3 1
  Error: Assertion failed
    at Object.jspb.asserts.doAssertFailure (https://cdn.skypack.dev/-/google-protobuf@v3.21.2-YDUqZL2TTSsy2lGtfuND/dist=es2019,mode=imports/optimized/google-protobuf.js:778:11)
    at Object.jspb.asserts.assert (https://cdn.skypack.dev/-/google-protobuf@v3.21.2-YDUqZL2TTSsy2lGtfuND/dist=es2019,mode=imports/optimized/google-protobuf.js:783:23)
    at jspb.BinaryDecoder.readUnsignedVarint32 (https://cdn.skypack.dev/-/google-protobuf@v3.21.2-YDUqZL2TTSsy2lGtfuND/dist=es2019,mode=imports/optimized/google-protobuf.js:4150:18)
    at jspb.BinaryReader.skipDelimitedField (https://cdn.skypack.dev/-/google-protobuf@v3.21.2-YDUqZL2TTSsy2lGtfuND/dist=es2019,mode=imports/optimized/google-protobuf.js:4401:29)
    at jspb.BinaryReader.skipField (https://cdn.skypack.dev/-/google-protobuf@v3.21.2-YDUqZL2TTSsy2lGtfuND/dist=es2019,mode=imports/optimized/google-protobuf.js:4435:14)
    at Function.deserialize (file:///Users/thesayyn/Documents/thesayyn/protoc-gen-ts/target/debug/build/protoc_gen_ts-8cec2bec66276c47/out/test_conformance/test_messages_proto3.ts:958:24)
    at file:///Users/thesayyn/Documents/thesayyn/protoc-gen-ts/tests/conformance/bin/main.ts:23:78

  protobuf_test_messages.proto2.TestAllTypesProto2 1
  Error: Assertion failed
    at Object.jspb.asserts.doAssertFailure (https://cdn.skypack.dev/-/google-protobuf@v3.21.2-YDUqZL2TTSsy2lGtfuND/dist=es2019,mode=imports/optimized/google-protobuf.js:778:11)
    at Object.jspb.asserts.assert (https://cdn.skypack.dev/-/google-protobuf@v3.21.2-YDUqZL2TTSsy2lGtfuND/dist=es2019,mode=imports/optimized/google-protobuf.js:783:23)
    at jspb.BinaryDecoder.readUnsignedVarint32 (https://cdn.skypack.dev/-/google-protobuf@v3.21.2-YDUqZL2TTSsy2lGtfuND/dist=es2019,mode=imports/optimized/google-protobuf.js:4150:18)
    at jspb.BinaryReader.skipDelimitedField (https://cdn.skypack.dev/-/google-protobuf@v3.21.2-YDUqZL2TTSsy2lGtfuND/dist=es2019,mode=imports/optimized/google-protobuf.js:4401:29)
    at jspb.BinaryReader.skipField (https://cdn.skypack.dev/-/google-protobuf@v3.21.2-YDUqZL2TTSsy2lGtfuND/dist=es2019,mode=imports/optimized/google-protobuf.js:4435:14)
    at Function.deserialize (file:///Users/thesayyn/Documents/thesayyn/protoc-gen-ts/target/debug/build/protoc_gen_ts-8cec2bec66276c47/out/test_conformance/test_messages_proto2.ts:865:24)
    at file:///Users/thesayyn/Documents/thesayyn/protoc-gen-ts/tests/conformance/bin/main.ts:30:78

  protobuf_test_messages.proto3.TestAllTypesProto3 1
  Error: Assertion failed
    at Object.jspb.asserts.doAssertFailure (https://cdn.skypack.dev/-/google-protobuf@v3.21.2-YDUqZL2TTSsy2lGtfuND/dist=es2019,mode=imports/optimized/google-protobuf.js:778:11)
    at Object.jspb.asserts.assert (https://cdn.skypack.dev/-/google-protobuf@v3.21.2-YDUqZL2TTSsy2lGtfuND/dist=es2019,mode=imports/optimized/google-protobuf.js:783:23)
    at jspb.BinaryDecoder.readUnsignedVarint32 (https://cdn.skypack.dev/-/google-protobuf@v3.21.2-YDUqZL2TTSsy2lGtfuND/dist=es2019,mode=imports/optimized/google-protobuf.js:4150:18)
    at jspb.BinaryReader.readBytes (https://cdn.skypack.dev/-/google-protobuf@v3.21.2-YDUqZL2TTSsy2lGtfuND/dist=es2019,mode=imports/optimized/google-protobuf.js:4641:27)
    at Function.deserialize (file:///Users/thesayyn/Documents/thesayyn/protoc-gen-ts/target/debug/build/protoc_gen_ts-8cec2bec66276c47/out/test_conformance/test_messages_proto3.ts:214:49)
    at file:///Users/thesayyn/Documents/thesayyn/protoc-gen-ts/tests/conformance/bin/main.ts:23:78

  protobuf_test_messages.proto2.TestAllTypesProto2 1
  Error: Assertion failed
    at Object.jspb.asserts.doAssertFailure (https://cdn.skypack.dev/-/google-protobuf@v3.21.2-YDUqZL2TTSsy2lGtfuND/dist=es2019,mode=imports/optimized/google-protobuf.js:778:11)
    at Object.jspb.asserts.assert (https://cdn.skypack.dev/-/google-protobuf@v3.21.2-YDUqZL2TTSsy2lGtfuND/dist=es2019,mode=imports/optimized/google-protobuf.js:783:23)
    at jspb.BinaryDecoder.readUnsignedVarint32 (https://cdn.skypack.dev/-/google-protobuf@v3.21.2-YDUqZL2TTSsy2lGtfuND/dist=es2019,mode=imports/optimized/google-protobuf.js:4150:18)
    at jspb.BinaryReader.readBytes (https://cdn.skypack.dev/-/google-protobuf@v3.21.2-YDUqZL2TTSsy2lGtfuND/dist=es2019,mode=imports/optimized/google-protobuf.js:4641:27)
    at Function.deserialize (file:///Users/thesayyn/Documents/thesayyn/protoc-gen-ts/target/debug/build/protoc_gen_ts-8cec2bec66276c47/out/test_conformance/test_messages_proto2.ts:190:49)
    at file:///Users/thesayyn/Documents/thesayyn/protoc-gen-ts/tests/conformance/bin/main.ts:30:78

  protobuf_test_messages.proto3.TestAllTypesProto3 1
  Error: Assertion failed
    at Object.jspb.asserts.doAssertFailure (https://cdn.skypack.dev/-/google-protobuf@v3.21.2-YDUqZL2TTSsy2lGtfuND/dist=es2019,mode=imports/optimized/google-protobuf.js:778:11)
    at Object.jspb.asserts.assert (https://cdn.skypack.dev/-/google-protobuf@v3.21.2-YDUqZL2TTSsy2lGtfuND/dist=es2019,mode=imports/optimized/google-protobuf.js:783:23)
    at jspb.BinaryDecoder.readUnsignedVarint32 (https://cdn.skypack.dev/-/google-protobuf@v3.21.2-YDUqZL2TTSsy2lGtfuND/dist=es2019,mode=imports/optimized/google-protobuf.js:4150:18)
    at jspb.BinaryReader.readBytes (https://cdn.skypack.dev/-/google-protobuf@v3.21.2-YDUqZL2TTSsy2lGtfuND/dist=es2019,mode=imports/optimized/google-protobuf.js:4641:27)
    at Function.deserialize (file:///Users/thesayyn/Documents/thesayyn/protoc-gen-ts/target/debug/build/protoc_gen_ts-8cec2bec66276c47/out/test_conformance/test_messages_proto3.ts:296:52)
    at file:///Users/thesayyn/Documents/thesayyn/protoc-gen-ts/tests/conformance/bin/main.ts:23:78

  protobuf_test_messages.proto2.TestAllTypesProto2 1
  Error: Assertion failed
    at Object.jspb.asserts.doAssertFailure (https://cdn.skypack.dev/-/google-protobuf@v3.21.2-YDUqZL2TTSsy2lGtfuND/dist=es2019,mode=imports/optimized/google-protobuf.js:778:11)
    at Object.jspb.asserts.assert (https://cdn.skypack.dev/-/google-protobuf@v3.21.2-YDUqZL2TTSsy2lGtfuND/dist=es2019,mode=imports/optimized/google-protobuf.js:783:23)
    at jspb.BinaryDecoder.readUnsignedVarint32 (https://cdn.skypack.dev/-/google-protobuf@v3.21.2-YDUqZL2TTSsy2lGtfuND/dist=es2019,mode=imports/optimized/google-protobuf.js:4150:18)
    at jspb.BinaryReader.readBytes (https://cdn.skypack.dev/-/google-protobuf@v3.21.2-YDUqZL2TTSsy2lGtfuND/dist=es2019,mode=imports/optimized/google-protobuf.js:4641:27)
    at Function.deserialize (file:///Users/thesayyn/Documents/thesayyn/protoc-gen-ts/target/debug/build/protoc_gen_ts-8cec2bec66276c47/out/test_conformance/test_messages_proto2.ts:256:52)
    at file:///Users/thesayyn/Documents/thesayyn/protoc-gen-ts/tests/conformance/bin/main.ts:30:78

  protobuf_test_messages.proto3.TestAllTypesProto3 1
  Error: Assertion failed
    at Object.jspb.asserts.doAssertFailure (https://cdn.skypack.dev/-/google-protobuf@v3.21.2-YDUqZL2TTSsy2lGtfuND/dist=es2019,mode=imports/optimized/google-protobuf.js:778:11)
    at Object.jspb.asserts.assert (https://cdn.skypack.dev/-/google-protobuf@v3.21.2-YDUqZL2TTSsy2lGtfuND/dist=es2019,mode=imports/optimized/google-protobuf.js:783:23)
    at jspb.BinaryDecoder.readUnsignedVarint32 (https://cdn.skypack.dev/-/google-protobuf@v3.21.2-YDUqZL2TTSsy2lGtfuND/dist=es2019,mode=imports/optimized/google-protobuf.js:4150:18)
    at jspb.BinaryReader.skipDelimitedField (https://cdn.skypack.dev/-/google-protobuf@v3.21.2-YDUqZL2TTSsy2lGtfuND/dist=es2019,mode=imports/optimized/google-protobuf.js:4401:29)
    at jspb.BinaryReader.skipField (https://cdn.skypack.dev/-/google-protobuf@v3.21.2-YDUqZL2TTSsy2lGtfuND/dist=es2019,mode=imports/optimized/google-protobuf.js:4435:14)
    at Function.deserialize (file:///Users/thesayyn/Documents/thesayyn/protoc-gen-ts/target/debug/build/protoc_gen_ts-8cec2bec66276c47/out/test_conformance/test_messages_proto3.ts:958:24)
    at file:///Users/thesayyn/Documents/thesayyn/protoc-gen-ts/tests/conformance/bin/main.ts:23:78

  protobuf_test_messages.proto2.TestAllTypesProto2 1
  Error: Assertion failed
    at Object.jspb.asserts.doAssertFailure (https://cdn.skypack.dev/-/google-protobuf@v3.21.2-YDUqZL2TTSsy2lGtfuND/dist=es2019,mode=imports/optimized/google-protobuf.js:778:11)
    at Object.jspb.asserts.assert (https://cdn.skypack.dev/-/google-protobuf@v3.21.2-YDUqZL2TTSsy2lGtfuND/dist=es2019,mode=imports/optimized/google-protobuf.js:783:23)
    at jspb.BinaryDecoder.readUnsignedVarint32 (https://cdn.skypack.dev/-/google-protobuf@v3.21.2-YDUqZL2TTSsy2lGtfuND/dist=es2019,mode=imports/optimized/google-protobuf.js:4150:18)
    at jspb.BinaryReader.skipDelimitedField (https://cdn.skypack.dev/-/google-protobuf@v3.21.2-YDUqZL2TTSsy2lGtfuND/dist=es2019,mode=imports/optimized/google-protobuf.js:4401:29)
    at jspb.BinaryReader.skipField (https://cdn.skypack.dev/-/google-protobuf@v3.21.2-YDUqZL2TTSsy2lGtfuND/dist=es2019,mode=imports/optimized/google-protobuf.js:4435:14)
    at Function.deserialize (file:///Users/thesayyn/Documents/thesayyn/protoc-gen-ts/target/debug/build/protoc_gen_ts-8cec2bec66276c47/out/test_conformance/test_messages_proto2.ts:865:24)
    at file:///Users/thesayyn/Documents/thesayyn/protoc-gen-ts/tests/conformance/bin/main.ts:30:78

  protobuf_test_messages.proto3.TestAllTypesProto3 1
  Error: Failure: Invalid byte length!
    at Object.jspb.asserts.fail (https://cdn.skypack.dev/-/google-protobuf@v3.21.2-YDUqZL2TTSsy2lGtfuND/dist=es2019,mode=imports/optimized/google-protobuf.js:801:11)
    at jspb.BinaryDecoder.readBytes (https://cdn.skypack.dev/-/google-protobuf@v3.21.2-YDUqZL2TTSsy2lGtfuND/dist=es2019,mode=imports/optimized/google-protobuf.js:4289:47)
    at jspb.BinaryReader.readBytes (https://cdn.skypack.dev/-/google-protobuf@v3.21.2-YDUqZL2TTSsy2lGtfuND/dist=es2019,mode=imports/optimized/google-protobuf.js:4642:26)
    at Function.deserialize (file:///Users/thesayyn/Documents/thesayyn/protoc-gen-ts/target/debug/build/protoc_gen_ts-8cec2bec66276c47/out/test_conformance/test_messages_proto3.ts:214:49)
    at file:///Users/thesayyn/Documents/thesayyn/protoc-gen-ts/tests/conformance/bin/main.ts:23:78

  protobuf_test_messages.proto2.TestAllTypesProto2 1
  Error: Failure: Invalid byte length!
    at Object.jspb.asserts.fail (https://cdn.skypack.dev/-/google-protobuf@v3.21.2-YDUqZL2TTSsy2lGtfuND/dist=es2019,mode=imports/optimized/google-protobuf.js:801:11)
    at jspb.BinaryDecoder.readBytes (https://cdn.skypack.dev/-/google-protobuf@v3.21.2-YDUqZL2TTSsy2lGtfuND/dist=es2019,mode=imports/optimized/google-protobuf.js:4289:47)
    at jspb.BinaryReader.readBytes (https://cdn.skypack.dev/-/google-protobuf@v3.21.2-YDUqZL2TTSsy2lGtfuND/dist=es2019,mode=imports/optimized/google-protobuf.js:4642:26)
    at Function.deserialize (file:///Users/thesayyn/Documents/thesayyn/protoc-gen-ts/target/debug/build/protoc_gen_ts-8cec2bec66276c47/out/test_conformance/test_messages_proto2.ts:190:49)
    at file:///Users/thesayyn/Documents/thesayyn/protoc-gen-ts/tests/conformance/bin/main.ts:30:78

  protobuf_test_messages.proto3.TestAllTypesProto3 1
  Error: Failure: Invalid byte length!
    at Object.jspb.asserts.fail (https://cdn.skypack.dev/-/google-protobuf@v3.21.2-YDUqZL2TTSsy2lGtfuND/dist=es2019,mode=imports/optimized/google-protobuf.js:801:11)
    at jspb.BinaryDecoder.readBytes (https://cdn.skypack.dev/-/google-protobuf@v3.21.2-YDUqZL2TTSsy2lGtfuND/dist=es2019,mode=imports/optimized/google-protobuf.js:4289:47)
    at jspb.BinaryReader.readBytes (https://cdn.skypack.dev/-/google-protobuf@v3.21.2-YDUqZL2TTSsy2lGtfuND/dist=es2019,mode=imports/optimized/google-protobuf.js:4642:26)
    at Function.deserialize (file:///Users/thesayyn/Documents/thesayyn/protoc-gen-ts/target/debug/build/protoc_gen_ts-8cec2bec66276c47/out/test_conformance/test_messages_proto3.ts:296:52)
    at file:///Users/thesayyn/Documents/thesayyn/protoc-gen-ts/tests/conformance/bin/main.ts:23:78

  protobuf_test_messages.proto2.TestAllTypesProto2 1
  Error: Failure: Invalid byte length!
    at Object.jspb.asserts.fail (https://cdn.skypack.dev/-/google-protobuf@v3.21.2-YDUqZL2TTSsy2lGtfuND/dist=es2019,mode=imports/optimized/google-protobuf.js:801:11)
    at jspb.BinaryDecoder.readBytes (https://cdn.skypack.dev/-/google-protobuf@v3.21.2-YDUqZL2TTSsy2lGtfuND/dist=es2019,mode=imports/optimized/google-protobuf.js:4289:47)
    at jspb.BinaryReader.readBytes (https://cdn.skypack.dev/-/google-protobuf@v3.21.2-YDUqZL2TTSsy2lGtfuND/dist=es2019,mode=imports/optimized/google-protobuf.js:4642:26)
    at Function.deserialize (file:///Users/thesayyn/Documents/thesayyn/protoc-gen-ts/target/debug/build/protoc_gen_ts-8cec2bec66276c47/out/test_conformance/test_messages_proto2.ts:256:52)
    at file:///Users/thesayyn/Documents/thesayyn/protoc-gen-ts/tests/conformance/bin/main.ts:30:78

  protobuf_test_messages.proto3.TestAllTypesProto3 1
  Error: Assertion failed
    at Object.jspb.asserts.doAssertFailure (https://cdn.skypack.dev/-/google-protobuf@v3.21.2-YDUqZL2TTSsy2lGtfuND/dist=es2019,mode=imports/optimized/google-protobuf.js:778:11)
    at Object.jspb.asserts.assert (https://cdn.skypack.dev/-/google-protobuf@v3.21.2-YDUqZL2TTSsy2lGtfuND/dist=es2019,mode=imports/optimized/google-protobuf.js:783:23)
    at jspb.BinaryDecoder.advance (https://cdn.skypack.dev/-/google-protobuf@v3.21.2-YDUqZL2TTSsy2lGtfuND/dist=es2019,mode=imports/optimized/google-protobuf.js:4081:18)
    at jspb.BinaryReader.skipDelimitedField (https://cdn.skypack.dev/-/google-protobuf@v3.21.2-YDUqZL2TTSsy2lGtfuND/dist=es2019,mode=imports/optimized/google-protobuf.js:4402:21)
    at jspb.BinaryReader.skipField (https://cdn.skypack.dev/-/google-protobuf@v3.21.2-YDUqZL2TTSsy2lGtfuND/dist=es2019,mode=imports/optimized/google-protobuf.js:4435:14)
    at Function.deserialize (file:///Users/thesayyn/Documents/thesayyn/protoc-gen-ts/target/debug/build/protoc_gen_ts-8cec2bec66276c47/out/test_conformance/test_messages_proto3.ts:958:24)
    at file:///Users/thesayyn/Documents/thesayyn/protoc-gen-ts/tests/conformance/bin/main.ts:23:78

  protobuf_test_messages.proto2.TestAllTypesProto2 1
  Error: Assertion failed
    at Object.jspb.asserts.doAssertFailure (https://cdn.skypack.dev/-/google-protobuf@v3.21.2-YDUqZL2TTSsy2lGtfuND/dist=es2019,mode=imports/optimized/google-protobuf.js:778:11)
    at Object.jspb.asserts.assert (https://cdn.skypack.dev/-/google-protobuf@v3.21.2-YDUqZL2TTSsy2lGtfuND/dist=es2019,mode=imports/optimized/google-protobuf.js:783:23)
    at jspb.BinaryDecoder.advance (https://cdn.skypack.dev/-/google-protobuf@v3.21.2-YDUqZL2TTSsy2lGtfuND/dist=es2019,mode=imports/optimized/google-protobuf.js:4081:18)
    at jspb.BinaryReader.skipDelimitedField (https://cdn.skypack.dev/-/google-protobuf@v3.21.2-YDUqZL2TTSsy2lGtfuND/dist=es2019,mode=imports/optimized/google-protobuf.js:4402:21)
    at jspb.BinaryReader.skipField (https://cdn.skypack.dev/-/google-protobuf@v3.21.2-YDUqZL2TTSsy2lGtfuND/dist=es2019,mode=imports/optimized/google-protobuf.js:4435:14)
    at Function.deserialize (file:///Users/thesayyn/Documents/thesayyn/protoc-gen-ts/target/debug/build/protoc_gen_ts-8cec2bec66276c47/out/test_conformance/test_messages_proto2.ts:865:24)
    at file:///Users/thesayyn/Documents/thesayyn/protoc-gen-ts/tests/conformance/bin/main.ts:30:78

  protobuf_test_messages.proto3.TestAllTypesProto3 1
  Error: Assertion failed
    at Object.jspb.asserts.doAssertFailure (https://cdn.skypack.dev/-/google-protobuf@v3.21.2-YDUqZL2TTSsy2lGtfuND/dist=es2019,mode=imports/optimized/google-protobuf.js:778:11)
    at Object.jspb.asserts.assert (https://cdn.skypack.dev/-/google-protobuf@v3.21.2-YDUqZL2TTSsy2lGtfuND/dist=es2019,mode=imports/optimized/google-protobuf.js:783:23)
    at jspb.BinaryDecoder.readUnsignedVarint32 (https://cdn.skypack.dev/-/google-protobuf@v3.21.2-YDUqZL2TTSsy2lGtfuND/dist=es2019,mode=imports/optimized/google-protobuf.js:4150:18)
    at jspb.BinaryReader.readUint32 (https://cdn.skypack.dev/-/google-protobuf@v3.21.2-YDUqZL2TTSsy2lGtfuND/dist=es2019,mode=imports/optimized/google-protobuf.js:4551:26)
    at Function.deserialize (file:///Users/thesayyn/Documents/thesayyn/protoc-gen-ts/target/debug/build/protoc_gen_ts-8cec2bec66276c47/out/test_conformance/test_messages_proto3.ts:178:50)
    at file:///Users/thesayyn/Documents/thesayyn/protoc-gen-ts/tests/conformance/bin/main.ts:23:78

  protobuf_test_messages.proto2.TestAllTypesProto2 1
  Error: Assertion failed
    at Object.jspb.asserts.doAssertFailure (https://cdn.skypack.dev/-/google-protobuf@v3.21.2-YDUqZL2TTSsy2lGtfuND/dist=es2019,mode=imports/optimized/google-protobuf.js:778:11)
    at Object.jspb.asserts.assert (https://cdn.skypack.dev/-/google-protobuf@v3.21.2-YDUqZL2TTSsy2lGtfuND/dist=es2019,mode=imports/optimized/google-protobuf.js:783:23)
    at jspb.BinaryDecoder.readUnsignedVarint32 (https://cdn.skypack.dev/-/google-protobuf@v3.21.2-YDUqZL2TTSsy2lGtfuND/dist=es2019,mode=imports/optimized/google-protobuf.js:4150:18)
    at jspb.BinaryReader.readUint32 (https://cdn.skypack.dev/-/google-protobuf@v3.21.2-YDUqZL2TTSsy2lGtfuND/dist=es2019,mode=imports/optimized/google-protobuf.js:4551:26)
    at Function.deserialize (file:///Users/thesayyn/Documents/thesayyn/protoc-gen-ts/target/debug/build/protoc_gen_ts-8cec2bec66276c47/out/test_conformance/test_messages_proto2.ts:154:50)
    at file:///Users/thesayyn/Documents/thesayyn/protoc-gen-ts/tests/conformance/bin/main.ts:30:78

  protobuf_test_messages.proto3.TestAllTypesProto3 1
  Error: Assertion failed
    at Object.jspb.asserts.doAssertFailure (https://cdn.skypack.dev/-/google-protobuf@v3.21.2-YDUqZL2TTSsy2lGtfuND/dist=es2019,mode=imports/optimized/google-protobuf.js:778:11)
    at Object.jspb.asserts.assert (https://cdn.skypack.dev/-/google-protobuf@v3.21.2-YDUqZL2TTSsy2lGtfuND/dist=es2019,mode=imports/optimized/google-protobuf.js:783:23)
    at jspb.BinaryDecoder.readUnsignedVarint32 (https://cdn.skypack.dev/-/google-protobuf@v3.21.2-YDUqZL2TTSsy2lGtfuND/dist=es2019,mode=imports/optimized/google-protobuf.js:4150:18)
    at jspb.BinaryReader.readUint32 (https://cdn.skypack.dev/-/google-protobuf@v3.21.2-YDUqZL2TTSsy2lGtfuND/dist=es2019,mode=imports/optimized/google-protobuf.js:4551:26)
    at Function.deserialize (file:///Users/thesayyn/Documents/thesayyn/protoc-gen-ts/target/debug/build/protoc_gen_ts-8cec2bec66276c47/out/test_conformance/test_messages_proto3.ts:250:58)
    at file:///Users/thesayyn/Documents/thesayyn/protoc-gen-ts/tests/conformance/bin/main.ts:23:78

  protobuf_test_messages.proto2.TestAllTypesProto2 1
  Error: Assertion failed
    at Object.jspb.asserts.doAssertFailure (https://cdn.skypack.dev/-/google-protobuf@v3.21.2-YDUqZL2TTSsy2lGtfuND/dist=es2019,mode=imports/optimized/google-protobuf.js:778:11)
    at Object.jspb.asserts.assert (https://cdn.skypack.dev/-/google-protobuf@v3.21.2-YDUqZL2TTSsy2lGtfuND/dist=es2019,mode=imports/optimized/google-protobuf.js:783:23)
    at jspb.BinaryDecoder.readUnsignedVarint32 (https://cdn.skypack.dev/-/google-protobuf@v3.21.2-YDUqZL2TTSsy2lGtfuND/dist=es2019,mode=imports/optimized/google-protobuf.js:4150:18)
    at jspb.BinaryReader.readUint32 (https://cdn.skypack.dev/-/google-protobuf@v3.21.2-YDUqZL2TTSsy2lGtfuND/dist=es2019,mode=imports/optimized/google-protobuf.js:4551:26)
    at Function.deserialize (file:///Users/thesayyn/Documents/thesayyn/protoc-gen-ts/target/debug/build/protoc_gen_ts-8cec2bec66276c47/out/test_conformance/test_messages_proto2.ts:220:53)
    at file:///Users/thesayyn/Documents/thesayyn/protoc-gen-ts/tests/conformance/bin/main.ts:30:78

  protobuf_test_messages.proto3.TestAllTypesProto3 1
  Error: Failure: Decoder hit an error
    at Object.jspb.asserts.fail (https://cdn.skypack.dev/-/google-protobuf@v3.21.2-YDUqZL2TTSsy2lGtfuND/dist=es2019,mode=imports/optimized/google-protobuf.js:801:11)
    at jspb.BinaryReader.nextField (https://cdn.skypack.dev/-/google-protobuf@v3.21.2-YDUqZL2TTSsy2lGtfuND/dist=es2019,mode=imports/optimized/google-protobuf.js:4374:27)
    at Function.deserialize (file:///Users/thesayyn/Documents/thesayyn/protoc-gen-ts/target/debug/build/protoc_gen_ts-8cec2bec66276c47/out/test_conformance/test_messages_proto3.ts:169:18)
    at file:///Users/thesayyn/Documents/thesayyn/protoc-gen-ts/tests/conformance/bin/main.ts:23:78

  protobuf_test_messages.proto2.TestAllTypesProto2 1
  Error: Failure: Decoder hit an error
    at Object.jspb.asserts.fail (https://cdn.skypack.dev/-/google-protobuf@v3.21.2-YDUqZL2TTSsy2lGtfuND/dist=es2019,mode=imports/optimized/google-protobuf.js:801:11)
    at jspb.BinaryReader.nextField (https://cdn.skypack.dev/-/google-protobuf@v3.21.2-YDUqZL2TTSsy2lGtfuND/dist=es2019,mode=imports/optimized/google-protobuf.js:4374:27)
    at Function.deserialize (file:///Users/thesayyn/Documents/thesayyn/protoc-gen-ts/target/debug/build/protoc_gen_ts-8cec2bec66276c47/out/test_conformance/test_messages_proto2.ts:145:18)
    at file:///Users/thesayyn/Documents/thesayyn/protoc-gen-ts/tests/conformance/bin/main.ts:30:78

  protobuf_test_messages.proto3.TestAllTypesProto3 1
  Error: Assertion failed
    at Object.jspb.asserts.doAssertFailure (https://cdn.skypack.dev/-/google-protobuf@v3.21.2-YDUqZL2TTSsy2lGtfuND/dist=es2019,mode=imports/optimized/google-protobuf.js:778:11)
    at Object.jspb.asserts.assert (https://cdn.skypack.dev/-/google-protobuf@v3.21.2-YDUqZL2TTSsy2lGtfuND/dist=es2019,mode=imports/optimized/google-protobuf.js:783:23)
    at jspb.BinaryDecoder.readUnsignedVarint32 (https://cdn.skypack.dev/-/google-protobuf@v3.21.2-YDUqZL2TTSsy2lGtfuND/dist=es2019,mode=imports/optimized/google-protobuf.js:4150:18)
    at jspb.BinaryReader.readUint32 (https://cdn.skypack.dev/-/google-protobuf@v3.21.2-YDUqZL2TTSsy2lGtfuND/dist=es2019,mode=imports/optimized/google-protobuf.js:4551:26)
    at Function.deserialize (file:///Users/thesayyn/Documents/thesayyn/protoc-gen-ts/target/debug/build/protoc_gen_ts-8cec2bec66276c47/out/test_conformance/test_messages_proto3.ts:178:50)
    at file:///Users/thesayyn/Documents/thesayyn/protoc-gen-ts/tests/conformance/bin/main.ts:23:78

  protobuf_test_messages.proto2.TestAllTypesProto2 1
  Error: Assertion failed
    at Object.jspb.asserts.doAssertFailure (https://cdn.skypack.dev/-/google-protobuf@v3.21.2-YDUqZL2TTSsy2lGtfuND/dist=es2019,mode=imports/optimized/google-protobuf.js:778:11)
    at Object.jspb.asserts.assert (https://cdn.skypack.dev/-/google-protobuf@v3.21.2-YDUqZL2TTSsy2lGtfuND/dist=es2019,mode=imports/optimized/google-protobuf.js:783:23)
    at jspb.BinaryDecoder.readUnsignedVarint32 (https://cdn.skypack.dev/-/google-protobuf@v3.21.2-YDUqZL2TTSsy2lGtfuND/dist=es2019,mode=imports/optimized/google-protobuf.js:4150:18)
    at jspb.BinaryReader.readUint32 (https://cdn.skypack.dev/-/google-protobuf@v3.21.2-YDUqZL2TTSsy2lGtfuND/dist=es2019,mode=imports/optimized/google-protobuf.js:4551:26)
    at Function.deserialize (file:///Users/thesayyn/Documents/thesayyn/protoc-gen-ts/target/debug/build/protoc_gen_ts-8cec2bec66276c47/out/test_conformance/test_messages_proto2.ts:154:50)
    at file:///Users/thesayyn/Documents/thesayyn/protoc-gen-ts/tests/conformance/bin/main.ts:30:78

  protobuf_test_messages.proto3.TestAllTypesProto3 1
  Error: Assertion failed
    at Object.jspb.asserts.doAssertFailure (https://cdn.skypack.dev/-/google-protobuf@v3.21.2-YDUqZL2TTSsy2lGtfuND/dist=es2019,mode=imports/optimized/google-protobuf.js:778:11)
    at Object.jspb.asserts.assert (https://cdn.skypack.dev/-/google-protobuf@v3.21.2-YDUqZL2TTSsy2lGtfuND/dist=es2019,mode=imports/optimized/google-protobuf.js:783:23)
    at jspb.BinaryDecoder.readUnsignedVarint32 (https://cdn.skypack.dev/-/google-protobuf@v3.21.2-YDUqZL2TTSsy2lGtfuND/dist=es2019,mode=imports/optimized/google-protobuf.js:4150:18)
    at jspb.BinaryReader.readUint32 (https://cdn.skypack.dev/-/google-protobuf@v3.21.2-YDUqZL2TTSsy2lGtfuND/dist=es2019,mode=imports/optimized/google-protobuf.js:4551:26)
    at Function.deserialize (file:///Users/thesayyn/Documents/thesayyn/protoc-gen-ts/target/debug/build/protoc_gen_ts-8cec2bec66276c47/out/test_conformance/test_messages_proto3.ts:250:58)
    at file:///Users/thesayyn/Documents/thesayyn/protoc-gen-ts/tests/conformance/bin/main.ts:23:78

  protobuf_test_messages.proto2.TestAllTypesProto2 1
  Error: Assertion failed
    at Object.jspb.asserts.doAssertFailure (https://cdn.skypack.dev/-/google-protobuf@v3.21.2-YDUqZL2TTSsy2lGtfuND/dist=es2019,mode=imports/optimized/google-protobuf.js:778:11)
    at Object.jspb.asserts.assert (https://cdn.skypack.dev/-/google-protobuf@v3.21.2-YDUqZL2TTSsy2lGtfuND/dist=es2019,mode=imports/optimized/google-protobuf.js:783:23)
    at jspb.BinaryDecoder.readUnsignedVarint32 (https://cdn.skypack.dev/-/google-protobuf@v3.21.2-YDUqZL2TTSsy2lGtfuND/dist=es2019,mode=imports/optimized/google-protobuf.js:4150:18)
    at jspb.BinaryReader.readUint32 (https://cdn.skypack.dev/-/google-protobuf@v3.21.2-YDUqZL2TTSsy2lGtfuND/dist=es2019,mode=imports/optimized/google-protobuf.js:4551:26)
    at Function.deserialize (file:///Users/thesayyn/Documents/thesayyn/protoc-gen-ts/target/debug/build/protoc_gen_ts-8cec2bec66276c47/out/test_conformance/test_messages_proto2.ts:220:53)
    at file:///Users/thesayyn/Documents/thesayyn/protoc-gen-ts/tests/conformance/bin/main.ts:30:78

  protobuf_test_messages.proto3.TestAllTypesProto3 1
  Error: Failure: Decoder hit an error
    at Object.jspb.asserts.fail (https://cdn.skypack.dev/-/google-protobuf@v3.21.2-YDUqZL2TTSsy2lGtfuND/dist=es2019,mode=imports/optimized/google-protobuf.js:801:11)
    at jspb.BinaryReader.nextField (https://cdn.skypack.dev/-/google-protobuf@v3.21.2-YDUqZL2TTSsy2lGtfuND/dist=es2019,mode=imports/optimized/google-protobuf.js:4374:27)
    at Function.deserialize (file:///Users/thesayyn/Documents/thesayyn/protoc-gen-ts/target/debug/build/protoc_gen_ts-8cec2bec66276c47/out/test_conformance/test_messages_proto3.ts:169:18)
    at file:///Users/thesayyn/Documents/thesayyn/protoc-gen-ts/tests/conformance/bin/main.ts:23:78

  protobuf_test_messages.proto2.TestAllTypesProto2 1
  Error: Failure: Decoder hit an error
    at Object.jspb.asserts.fail (https://cdn.skypack.dev/-/google-protobuf@v3.21.2-YDUqZL2TTSsy2lGtfuND/dist=es2019,mode=imports/optimized/google-protobuf.js:801:11)
    at jspb.BinaryReader.nextField (https://cdn.skypack.dev/-/google-protobuf@v3.21.2-YDUqZL2TTSsy2lGtfuND/dist=es2019,mode=imports/optimized/google-protobuf.js:4374:27)
    at Function.deserialize (file:///Users/thesayyn/Documents/thesayyn/protoc-gen-ts/target/debug/build/protoc_gen_ts-8cec2bec66276c47/out/test_conformance/test_messages_proto2.ts:145:18)
    at file:///Users/thesayyn/Documents/thesayyn/protoc-gen-ts/tests/conformance/bin/main.ts:30:78

  protobuf_test_messages.proto3.TestAllTypesProto3 1
  Error: Assertion failed
    at Object.jspb.asserts.doAssertFailure (https://cdn.skypack.dev/-/google-protobuf@v3.21.2-YDUqZL2TTSsy2lGtfuND/dist=es2019,mode=imports/optimized/google-protobuf.js:778:11)
    at Object.jspb.asserts.assert (https://cdn.skypack.dev/-/google-protobuf@v3.21.2-YDUqZL2TTSsy2lGtfuND/dist=es2019,mode=imports/optimized/google-protobuf.js:783:23)
    at jspb.BinaryDecoder.readUnsignedVarint32 (https://cdn.skypack.dev/-/google-protobuf@v3.21.2-YDUqZL2TTSsy2lGtfuND/dist=es2019,mode=imports/optimized/google-protobuf.js:4150:18)
    at jspb.BinaryReader.readPackedField_ (https://cdn.skypack.dev/-/google-protobuf@v3.21.2-YDUqZL2TTSsy2lGtfuND/dist=es2019,mode=imports/optimized/google-protobuf.js:4676:16)
    at jspb.BinaryReader.readPackedUint32 (https://cdn.skypack.dev/-/google-protobuf@v3.21.2-YDUqZL2TTSsy2lGtfuND/dist=es2019,mode=imports/optimized/google-protobuf.js:4694:17)
    at Function.deserialize (file:///Users/thesayyn/Documents/thesayyn/protoc-gen-ts/target/debug/build/protoc_gen_ts-8cec2bec66276c47/out/test_conformance/test_messages_proto3.ts:249:78)
    at file:///Users/thesayyn/Documents/thesayyn/protoc-gen-ts/tests/conformance/bin/main.ts:23:78

  protobuf_test_messages.proto2.TestAllTypesProto2 1
  Error: Assertion failed
    at Object.jspb.asserts.doAssertFailure (https://cdn.skypack.dev/-/google-protobuf@v3.21.2-YDUqZL2TTSsy2lGtfuND/dist=es2019,mode=imports/optimized/google-protobuf.js:778:11)
    at Object.jspb.asserts.assert (https://cdn.skypack.dev/-/google-protobuf@v3.21.2-YDUqZL2TTSsy2lGtfuND/dist=es2019,mode=imports/optimized/google-protobuf.js:783:23)
    at jspb.BinaryReader.readUint32 (https://cdn.skypack.dev/-/google-protobuf@v3.21.2-YDUqZL2TTSsy2lGtfuND/dist=es2019,mode=imports/optimized/google-protobuf.js:4550:18)
    at Function.deserialize (file:///Users/thesayyn/Documents/thesayyn/protoc-gen-ts/target/debug/build/protoc_gen_ts-8cec2bec66276c47/out/test_conformance/test_messages_proto2.ts:220:53)
    at file:///Users/thesayyn/Documents/thesayyn/protoc-gen-ts/tests/conformance/bin/main.ts:30:78

  protobuf_test_messages.proto3.TestAllTypesProto3 1
  Error: Assertion failed
    at Object.jspb.asserts.doAssertFailure (https://cdn.skypack.dev/-/google-protobuf@v3.21.2-YDUqZL2TTSsy2lGtfuND/dist=es2019,mode=imports/optimized/google-protobuf.js:778:11)
    at Object.jspb.asserts.assert (https://cdn.skypack.dev/-/google-protobuf@v3.21.2-YDUqZL2TTSsy2lGtfuND/dist=es2019,mode=imports/optimized/google-protobuf.js:783:23)
    at jspb.BinaryDecoder.readUnsignedVarint32 (https://cdn.skypack.dev/-/google-protobuf@v3.21.2-YDUqZL2TTSsy2lGtfuND/dist=es2019,mode=imports/optimized/google-protobuf.js:4150:18)
    at jspb.BinaryReader.readPackedField_ (https://cdn.skypack.dev/-/google-protobuf@v3.21.2-YDUqZL2TTSsy2lGtfuND/dist=es2019,mode=imports/optimized/google-protobuf.js:4676:16)
    at jspb.BinaryReader.readPackedUint32 (https://cdn.skypack.dev/-/google-protobuf@v3.21.2-YDUqZL2TTSsy2lGtfuND/dist=es2019,mode=imports/optimized/google-protobuf.js:4694:17)
    at Function.deserialize (file:///Users/thesayyn/Documents/thesayyn/protoc-gen-ts/target/debug/build/protoc_gen_ts-8cec2bec66276c47/out/test_conformance/test_messages_proto3.ts:249:78)
    at file:///Users/thesayyn/Documents/thesayyn/protoc-gen-ts/tests/conformance/bin/main.ts:23:78

  protobuf_test_messages.proto2.TestAllTypesProto2 1
  Error: Assertion failed
    at Object.jspb.asserts.doAssertFailure (https://cdn.skypack.dev/-/google-protobuf@v3.21.2-YDUqZL2TTSsy2lGtfuND/dist=es2019,mode=imports/optimized/google-protobuf.js:778:11)
    at Object.jspb.asserts.assert (https://cdn.skypack.dev/-/google-protobuf@v3.21.2-YDUqZL2TTSsy2lGtfuND/dist=es2019,mode=imports/optimized/google-protobuf.js:783:23)
    at jspb.BinaryReader.readUint32 (https://cdn.skypack.dev/-/google-protobuf@v3.21.2-YDUqZL2TTSsy2lGtfuND/dist=es2019,mode=imports/optimized/google-protobuf.js:4550:18)
    at Function.deserialize (file:///Users/thesayyn/Documents/thesayyn/protoc-gen-ts/target/debug/build/protoc_gen_ts-8cec2bec66276c47/out/test_conformance/test_messages_proto2.ts:220:53)
    at file:///Users/thesayyn/Documents/thesayyn/protoc-gen-ts/tests/conformance/bin/main.ts:30:78

  protobuf_test_messages.proto3.TestAllTypesProto3 1
  Error: Failure: Failed to read varint, encoding is invalid.
    at Object.jspb.asserts.fail (https://cdn.skypack.dev/-/google-protobuf@v3.21.2-YDUqZL2TTSsy2lGtfuND/dist=es2019,mode=imports/optimized/google-protobuf.js:801:11)
    at jspb.BinaryDecoder.readSplitVarint64 (https://cdn.skypack.dev/-/google-protobuf@v3.21.2-YDUqZL2TTSsy2lGtfuND/dist=es2019,mode=imports/optimized/google-protobuf.js:4101:18)
    at jspb.BinaryDecoder.readSignedVarint64 (https://cdn.skypack.dev/-/google-protobuf@v3.21.2-YDUqZL2TTSsy2lGtfuND/dist=es2019,mode=imports/optimized/google-protobuf.js:4173:17)
    at jspb.BinaryReader.readEnum (https://cdn.skypack.dev/-/google-protobuf@v3.21.2-YDUqZL2TTSsy2lGtfuND/dist=es2019,mode=imports/optimized/google-protobuf.js:4630:26)
    at Function.deserialize (file:///Users/thesayyn/Documents/thesayyn/protoc-gen-ts/target/debug/build/protoc_gen_ts-8cec2bec66276c47/out/test_conformance/test_messages_proto3.ts:223:55)
    at file:///Users/thesayyn/Documents/thesayyn/protoc-gen-ts/tests/conformance/bin/main.ts:23:78

  protobuf_test_messages.proto2.TestAllTypesProto2 1
  Error: Failure: Failed to read varint, encoding is invalid.
    at Object.jspb.asserts.fail (https://cdn.skypack.dev/-/google-protobuf@v3.21.2-YDUqZL2TTSsy2lGtfuND/dist=es2019,mode=imports/optimized/google-protobuf.js:801:11)
    at jspb.BinaryDecoder.readSplitVarint64 (https://cdn.skypack.dev/-/google-protobuf@v3.21.2-YDUqZL2TTSsy2lGtfuND/dist=es2019,mode=imports/optimized/google-protobuf.js:4101:18)
    at jspb.BinaryDecoder.readSignedVarint64 (https://cdn.skypack.dev/-/google-protobuf@v3.21.2-YDUqZL2TTSsy2lGtfuND/dist=es2019,mode=imports/optimized/google-protobuf.js:4173:17)
    at jspb.BinaryReader.readEnum (https://cdn.skypack.dev/-/google-protobuf@v3.21.2-YDUqZL2TTSsy2lGtfuND/dist=es2019,mode=imports/optimized/google-protobuf.js:4630:26)
    at Function.deserialize (file:///Users/thesayyn/Documents/thesayyn/protoc-gen-ts/target/debug/build/protoc_gen_ts-8cec2bec66276c47/out/test_conformance/test_messages_proto2.ts:199:55)
    at file:///Users/thesayyn/Documents/thesayyn/protoc-gen-ts/tests/conformance/bin/main.ts:30:78

  protobuf_test_messages.proto3.TestAllTypesProto3 1
  Error: Failure: Failed to read varint, encoding is invalid.
    at Object.jspb.asserts.fail (https://cdn.skypack.dev/-/google-protobuf@v3.21.2-YDUqZL2TTSsy2lGtfuND/dist=es2019,mode=imports/optimized/google-protobuf.js:801:11)
    at jspb.BinaryDecoder.readSplitVarint64 (https://cdn.skypack.dev/-/google-protobuf@v3.21.2-YDUqZL2TTSsy2lGtfuND/dist=es2019,mode=imports/optimized/google-protobuf.js:4101:18)
    at jspb.BinaryDecoder.readSignedVarint64 (https://cdn.skypack.dev/-/google-protobuf@v3.21.2-YDUqZL2TTSsy2lGtfuND/dist=es2019,mode=imports/optimized/google-protobuf.js:4173:17)
    at jspb.BinaryReader.readEnum (https://cdn.skypack.dev/-/google-protobuf@v3.21.2-YDUqZL2TTSsy2lGtfuND/dist=es2019,mode=imports/optimized/google-protobuf.js:4630:26)
    at Function.deserialize (file:///Users/thesayyn/Documents/thesayyn/protoc-gen-ts/target/debug/build/protoc_gen_ts-8cec2bec66276c47/out/test_conformance/test_messages_proto3.ts:306:63)
    at file:///Users/thesayyn/Documents/thesayyn/protoc-gen-ts/tests/conformance/bin/main.ts:23:78

  protobuf_test_messages.proto2.TestAllTypesProto2 1
  Error: Failure: Failed to read varint, encoding is invalid.
    at Object.jspb.asserts.fail (https://cdn.skypack.dev/-/google-protobuf@v3.21.2-YDUqZL2TTSsy2lGtfuND/dist=es2019,mode=imports/optimized/google-protobuf.js:801:11)
    at jspb.BinaryDecoder.readSplitVarint64 (https://cdn.skypack.dev/-/google-protobuf@v3.21.2-YDUqZL2TTSsy2lGtfuND/dist=es2019,mode=imports/optimized/google-protobuf.js:4101:18)
    at jspb.BinaryDecoder.readSignedVarint64 (https://cdn.skypack.dev/-/google-protobuf@v3.21.2-YDUqZL2TTSsy2lGtfuND/dist=es2019,mode=imports/optimized/google-protobuf.js:4173:17)
    at jspb.BinaryReader.readEnum (https://cdn.skypack.dev/-/google-protobuf@v3.21.2-YDUqZL2TTSsy2lGtfuND/dist=es2019,mode=imports/optimized/google-protobuf.js:4630:26)
    at Function.deserialize (file:///Users/thesayyn/Documents/thesayyn/protoc-gen-ts/target/debug/build/protoc_gen_ts-8cec2bec66276c47/out/test_conformance/test_messages_proto2.ts:265:58)
    at file:///Users/thesayyn/Documents/thesayyn/protoc-gen-ts/tests/conformance/bin/main.ts:30:78

  protobuf_test_messages.proto3.TestAllTypesProto3 1
  Error: Failure: Decoder hit an error
    at Object.jspb.asserts.fail (https://cdn.skypack.dev/-/google-protobuf@v3.21.2-YDUqZL2TTSsy2lGtfuND/dist=es2019,mode=imports/optimized/google-protobuf.js:801:11)
    at jspb.BinaryReader.nextField (https://cdn.skypack.dev/-/google-protobuf@v3.21.2-YDUqZL2TTSsy2lGtfuND/dist=es2019,mode=imports/optimized/google-protobuf.js:4374:27)
    at Function.deserialize (file:///Users/thesayyn/Documents/thesayyn/protoc-gen-ts/target/debug/build/protoc_gen_ts-8cec2bec66276c47/out/test_conformance/test_messages_proto3.ts:169:18)
    at file:///Users/thesayyn/Documents/thesayyn/protoc-gen-ts/tests/conformance/bin/main.ts:23:78

  protobuf_test_messages.proto2.TestAllTypesProto2 1
  Error: Failure: Decoder hit an error
    at Object.jspb.asserts.fail (https://cdn.skypack.dev/-/google-protobuf@v3.21.2-YDUqZL2TTSsy2lGtfuND/dist=es2019,mode=imports/optimized/google-protobuf.js:801:11)
    at jspb.BinaryReader.nextField (https://cdn.skypack.dev/-/google-protobuf@v3.21.2-YDUqZL2TTSsy2lGtfuND/dist=es2019,mode=imports/optimized/google-protobuf.js:4374:27)
    at Function.deserialize (file:///Users/thesayyn/Documents/thesayyn/protoc-gen-ts/target/debug/build/protoc_gen_ts-8cec2bec66276c47/out/test_conformance/test_messages_proto2.ts:145:18)
    at file:///Users/thesayyn/Documents/thesayyn/protoc-gen-ts/tests/conformance/bin/main.ts:30:78

  protobuf_test_messages.proto3.TestAllTypesProto3 1
  Error: Failure: Failed to read varint, encoding is invalid.
    at Object.jspb.asserts.fail (https://cdn.skypack.dev/-/google-protobuf@v3.21.2-YDUqZL2TTSsy2lGtfuND/dist=es2019,mode=imports/optimized/google-protobuf.js:801:11)
    at jspb.BinaryDecoder.readSplitVarint64 (https://cdn.skypack.dev/-/google-protobuf@v3.21.2-YDUqZL2TTSsy2lGtfuND/dist=es2019,mode=imports/optimized/google-protobuf.js:4101:18)
    at jspb.BinaryDecoder.readSignedVarint64 (https://cdn.skypack.dev/-/google-protobuf@v3.21.2-YDUqZL2TTSsy2lGtfuND/dist=es2019,mode=imports/optimized/google-protobuf.js:4173:17)
    at jspb.BinaryReader.readEnum (https://cdn.skypack.dev/-/google-protobuf@v3.21.2-YDUqZL2TTSsy2lGtfuND/dist=es2019,mode=imports/optimized/google-protobuf.js:4630:26)
    at Function.deserialize (file:///Users/thesayyn/Documents/thesayyn/protoc-gen-ts/target/debug/build/protoc_gen_ts-8cec2bec66276c47/out/test_conformance/test_messages_proto3.ts:223:55)
    at file:///Users/thesayyn/Documents/thesayyn/protoc-gen-ts/tests/conformance/bin/main.ts:23:78

  protobuf_test_messages.proto2.TestAllTypesProto2 1
  Error: Failure: Failed to read varint, encoding is invalid.
    at Object.jspb.asserts.fail (https://cdn.skypack.dev/-/google-protobuf@v3.21.2-YDUqZL2TTSsy2lGtfuND/dist=es2019,mode=imports/optimized/google-protobuf.js:801:11)
    at jspb.BinaryDecoder.readSplitVarint64 (https://cdn.skypack.dev/-/google-protobuf@v3.21.2-YDUqZL2TTSsy2lGtfuND/dist=es2019,mode=imports/optimized/google-protobuf.js:4101:18)
    at jspb.BinaryDecoder.readSignedVarint64 (https://cdn.skypack.dev/-/google-protobuf@v3.21.2-YDUqZL2TTSsy2lGtfuND/dist=es2019,mode=imports/optimized/google-protobuf.js:4173:17)
    at jspb.BinaryReader.readEnum (https://cdn.skypack.dev/-/google-protobuf@v3.21.2-YDUqZL2TTSsy2lGtfuND/dist=es2019,mode=imports/optimized/google-protobuf.js:4630:26)
    at Function.deserialize (file:///Users/thesayyn/Documents/thesayyn/protoc-gen-ts/target/debug/build/protoc_gen_ts-8cec2bec66276c47/out/test_conformance/test_messages_proto2.ts:199:55)
    at file:///Users/thesayyn/Documents/thesayyn/protoc-gen-ts/tests/conformance/bin/main.ts:30:78

  protobuf_test_messages.proto3.TestAllTypesProto3 1
  Error: Failure: Failed to read varint, encoding is invalid.
    at Object.jspb.asserts.fail (https://cdn.skypack.dev/-/google-protobuf@v3.21.2-YDUqZL2TTSsy2lGtfuND/dist=es2019,mode=imports/optimized/google-protobuf.js:801:11)
    at jspb.BinaryDecoder.readSplitVarint64 (https://cdn.skypack.dev/-/google-protobuf@v3.21.2-YDUqZL2TTSsy2lGtfuND/dist=es2019,mode=imports/optimized/google-protobuf.js:4101:18)
    at jspb.BinaryDecoder.readSignedVarint64 (https://cdn.skypack.dev/-/google-protobuf@v3.21.2-YDUqZL2TTSsy2lGtfuND/dist=es2019,mode=imports/optimized/google-protobuf.js:4173:17)
    at jspb.BinaryReader.readEnum (https://cdn.skypack.dev/-/google-protobuf@v3.21.2-YDUqZL2TTSsy2lGtfuND/dist=es2019,mode=imports/optimized/google-protobuf.js:4630:26)
    at Function.deserialize (file:///Users/thesayyn/Documents/thesayyn/protoc-gen-ts/target/debug/build/protoc_gen_ts-8cec2bec66276c47/out/test_conformance/test_messages_proto3.ts:306:63)
    at file:///Users/thesayyn/Documents/thesayyn/protoc-gen-ts/tests/conformance/bin/main.ts:23:78

  protobuf_test_messages.proto2.TestAllTypesProto2 1
  Error: Failure: Failed to read varint, encoding is invalid.
    at Object.jspb.asserts.fail (https://cdn.skypack.dev/-/google-protobuf@v3.21.2-YDUqZL2TTSsy2lGtfuND/dist=es2019,mode=imports/optimized/google-protobuf.js:801:11)
    at jspb.BinaryDecoder.readSplitVarint64 (https://cdn.skypack.dev/-/google-protobuf@v3.21.2-YDUqZL2TTSsy2lGtfuND/dist=es2019,mode=imports/optimized/google-protobuf.js:4101:18)
    at jspb.BinaryDecoder.readSignedVarint64 (https://cdn.skypack.dev/-/google-protobuf@v3.21.2-YDUqZL2TTSsy2lGtfuND/dist=es2019,mode=imports/optimized/google-protobuf.js:4173:17)
    at jspb.BinaryReader.readEnum (https://cdn.skypack.dev/-/google-protobuf@v3.21.2-YDUqZL2TTSsy2lGtfuND/dist=es2019,mode=imports/optimized/google-protobuf.js:4630:26)
    at Function.deserialize (file:///Users/thesayyn/Documents/thesayyn/protoc-gen-ts/target/debug/build/protoc_gen_ts-8cec2bec66276c47/out/test_conformance/test_messages_proto2.ts:265:58)
    at file:///Users/thesayyn/Documents/thesayyn/protoc-gen-ts/tests/conformance/bin/main.ts:30:78

  protobuf_test_messages.proto3.TestAllTypesProto3 1
  Error: Failure: Decoder hit an error
    at Object.jspb.asserts.fail (https://cdn.skypack.dev/-/google-protobuf@v3.21.2-YDUqZL2TTSsy2lGtfuND/dist=es2019,mode=imports/optimized/google-protobuf.js:801:11)
    at jspb.BinaryReader.nextField (https://cdn.skypack.dev/-/google-protobuf@v3.21.2-YDUqZL2TTSsy2lGtfuND/dist=es2019,mode=imports/optimized/google-protobuf.js:4374:27)
    at Function.deserialize (file:///Users/thesayyn/Documents/thesayyn/protoc-gen-ts/target/debug/build/protoc_gen_ts-8cec2bec66276c47/out/test_conformance/test_messages_proto3.ts:169:18)
    at file:///Users/thesayyn/Documents/thesayyn/protoc-gen-ts/tests/conformance/bin/main.ts:23:78

  protobuf_test_messages.proto2.TestAllTypesProto2 1
  Error: Failure: Decoder hit an error
    at Object.jspb.asserts.fail (https://cdn.skypack.dev/-/google-protobuf@v3.21.2-YDUqZL2TTSsy2lGtfuND/dist=es2019,mode=imports/optimized/google-protobuf.js:801:11)
    at jspb.BinaryReader.nextField (https://cdn.skypack.dev/-/google-protobuf@v3.21.2-YDUqZL2TTSsy2lGtfuND/dist=es2019,mode=imports/optimized/google-protobuf.js:4374:27)
    at Function.deserialize (file:///Users/thesayyn/Documents/thesayyn/protoc-gen-ts/target/debug/build/protoc_gen_ts-8cec2bec66276c47/out/test_conformance/test_messages_proto2.ts:145:18)
    at file:///Users/thesayyn/Documents/thesayyn/protoc-gen-ts/tests/conformance/bin/main.ts:30:78

  protobuf_test_messages.proto3.TestAllTypesProto3 1
  Error: Assertion failed
    at Object.jspb.asserts.doAssertFailure (https://cdn.skypack.dev/-/google-protobuf@v3.21.2-YDUqZL2TTSsy2lGtfuND/dist=es2019,mode=imports/optimized/google-protobuf.js:778:11)
    at Object.jspb.asserts.assert (https://cdn.skypack.dev/-/google-protobuf@v3.21.2-YDUqZL2TTSsy2lGtfuND/dist=es2019,mode=imports/optimized/google-protobuf.js:783:23)
    at jspb.BinaryDecoder.readUnsignedVarint32 (https://cdn.skypack.dev/-/google-protobuf@v3.21.2-YDUqZL2TTSsy2lGtfuND/dist=es2019,mode=imports/optimized/google-protobuf.js:4150:18)
    at jspb.BinaryDecoder.readSignedVarint32 (https://cdn.skypack.dev/-/google-protobuf@v3.21.2-YDUqZL2TTSsy2lGtfuND/dist=es2019,mode=imports/optimized/google-protobuf.js:4154:19)
    at jspb.BinaryDecoder.readEnum (https://cdn.skypack.dev/-/google-protobuf@v3.21.2-YDUqZL2TTSsy2lGtfuND/dist=es2019,mode=imports/optimized/google-protobuf.js:4251:17)
    at jspb.BinaryReader.readPackedField_ (https://cdn.skypack.dev/-/google-protobuf@v3.21.2-YDUqZL2TTSsy2lGtfuND/dist=es2019,mode=imports/optimized/google-protobuf.js:4676:16)
    at jspb.BinaryReader.readPackedEnum (https://cdn.skypack.dev/-/google-protobuf@v3.21.2-YDUqZL2TTSsy2lGtfuND/dist=es2019,mode=imports/optimized/google-protobuf.js:4753:17)
    at Function.deserialize (file:///Users/thesayyn/Documents/thesayyn/protoc-gen-ts/target/debug/build/protoc_gen_ts-8cec2bec66276c47/out/test_conformance/test_messages_proto3.ts:305:83)
    at file:///Users/thesayyn/Documents/thesayyn/protoc-gen-ts/tests/conformance/bin/main.ts:23:78

  protobuf_test_messages.proto2.TestAllTypesProto2 1
  Error: Assertion failed
    at Object.jspb.asserts.doAssertFailure (https://cdn.skypack.dev/-/google-protobuf@v3.21.2-YDUqZL2TTSsy2lGtfuND/dist=es2019,mode=imports/optimized/google-protobuf.js:778:11)
    at Object.jspb.asserts.assert (https://cdn.skypack.dev/-/google-protobuf@v3.21.2-YDUqZL2TTSsy2lGtfuND/dist=es2019,mode=imports/optimized/google-protobuf.js:783:23)
    at jspb.BinaryReader.readEnum (https://cdn.skypack.dev/-/google-protobuf@v3.21.2-YDUqZL2TTSsy2lGtfuND/dist=es2019,mode=imports/optimized/google-protobuf.js:4629:18)
    at Function.deserialize (file:///Users/thesayyn/Documents/thesayyn/protoc-gen-ts/target/debug/build/protoc_gen_ts-8cec2bec66276c47/out/test_conformance/test_messages_proto2.ts:265:58)
    at file:///Users/thesayyn/Documents/thesayyn/protoc-gen-ts/tests/conformance/bin/main.ts:30:78

  protobuf_test_messages.proto3.TestAllTypesProto3 1
  Error: Assertion failed
    at Object.jspb.asserts.doAssertFailure (https://cdn.skypack.dev/-/google-protobuf@v3.21.2-YDUqZL2TTSsy2lGtfuND/dist=es2019,mode=imports/optimized/google-protobuf.js:778:11)
    at Object.jspb.asserts.assert (https://cdn.skypack.dev/-/google-protobuf@v3.21.2-YDUqZL2TTSsy2lGtfuND/dist=es2019,mode=imports/optimized/google-protobuf.js:783:23)
    at jspb.BinaryDecoder.readUnsignedVarint32 (https://cdn.skypack.dev/-/google-protobuf@v3.21.2-YDUqZL2TTSsy2lGtfuND/dist=es2019,mode=imports/optimized/google-protobuf.js:4150:18)
    at jspb.BinaryDecoder.readSignedVarint32 (https://cdn.skypack.dev/-/google-protobuf@v3.21.2-YDUqZL2TTSsy2lGtfuND/dist=es2019,mode=imports/optimized/google-protobuf.js:4154:19)
    at jspb.BinaryDecoder.readEnum (https://cdn.skypack.dev/-/google-protobuf@v3.21.2-YDUqZL2TTSsy2lGtfuND/dist=es2019,mode=imports/optimized/google-protobuf.js:4251:17)
    at jspb.BinaryReader.readPackedField_ (https://cdn.skypack.dev/-/google-protobuf@v3.21.2-YDUqZL2TTSsy2lGtfuND/dist=es2019,mode=imports/optimized/google-protobuf.js:4676:16)
    at jspb.BinaryReader.readPackedEnum (https://cdn.skypack.dev/-/google-protobuf@v3.21.2-YDUqZL2TTSsy2lGtfuND/dist=es2019,mode=imports/optimized/google-protobuf.js:4753:17)
    at Function.deserialize (file:///Users/thesayyn/Documents/thesayyn/protoc-gen-ts/target/debug/build/protoc_gen_ts-8cec2bec66276c47/out/test_conformance/test_messages_proto3.ts:305:83)
    at file:///Users/thesayyn/Documents/thesayyn/protoc-gen-ts/tests/conformance/bin/main.ts:23:78

  protobuf_test_messages.proto2.TestAllTypesProto2 1
  Error: Assertion failed
    at Object.jspb.asserts.doAssertFailure (https://cdn.skypack.dev/-/google-protobuf@v3.21.2-YDUqZL2TTSsy2lGtfuND/dist=es2019,mode=imports/optimized/google-protobuf.js:778:11)
    at Object.jspb.asserts.assert (https://cdn.skypack.dev/-/google-protobuf@v3.21.2-YDUqZL2TTSsy2lGtfuND/dist=es2019,mode=imports/optimized/google-protobuf.js:783:23)
    at jspb.BinaryReader.readEnum (https://cdn.skypack.dev/-/google-protobuf@v3.21.2-YDUqZL2TTSsy2lGtfuND/dist=es2019,mode=imports/optimized/google-protobuf.js:4629:18)
    at Function.deserialize (file:///Users/thesayyn/Documents/thesayyn/protoc-gen-ts/target/debug/build/protoc_gen_ts-8cec2bec66276c47/out/test_conformance/test_messages_proto2.ts:265:58)
    at file:///Users/thesayyn/Documents/thesayyn/protoc-gen-ts/tests/conformance/bin/main.ts:30:78

  protobuf_test_messages.proto3.TestAllTypesProto3 1
  Error: Assertion failed
    at Object.jspb.asserts.doAssertFailure (https://cdn.skypack.dev/-/google-protobuf@v3.21.2-YDUqZL2TTSsy2lGtfuND/dist=es2019,mode=imports/optimized/google-protobuf.js:778:11)
    at Object.jspb.asserts.assert (https://cdn.skypack.dev/-/google-protobuf@v3.21.2-YDUqZL2TTSsy2lGtfuND/dist=es2019,mode=imports/optimized/google-protobuf.js:783:23)
    at jspb.BinaryDecoder.readInt32 (https://cdn.skypack.dev/-/google-protobuf@v3.21.2-YDUqZL2TTSsy2lGtfuND/dist=es2019,mode=imports/optimized/google-protobuf.js:4228:18)
    at jspb.BinaryReader.readSfixed32 (https://cdn.skypack.dev/-/google-protobuf@v3.21.2-YDUqZL2TTSsy2lGtfuND/dist=es2019,mode=imports/optimized/google-protobuf.js:4597:26)
    at Function.deserialize (file:///Users/thesayyn/Documents/thesayyn/protoc-gen-ts/target/debug/build/protoc_gen_ts-8cec2bec66276c47/out/test_conformance/test_messages_proto3.ts:196:52)
    at file:///Users/thesayyn/Documents/thesayyn/protoc-gen-ts/tests/conformance/bin/main.ts:23:78

  protobuf_test_messages.proto2.TestAllTypesProto2 1
  Error: Assertion failed
    at Object.jspb.asserts.doAssertFailure (https://cdn.skypack.dev/-/google-protobuf@v3.21.2-YDUqZL2TTSsy2lGtfuND/dist=es2019,mode=imports/optimized/google-protobuf.js:778:11)
    at Object.jspb.asserts.assert (https://cdn.skypack.dev/-/google-protobuf@v3.21.2-YDUqZL2TTSsy2lGtfuND/dist=es2019,mode=imports/optimized/google-protobuf.js:783:23)
    at jspb.BinaryDecoder.readInt32 (https://cdn.skypack.dev/-/google-protobuf@v3.21.2-YDUqZL2TTSsy2lGtfuND/dist=es2019,mode=imports/optimized/google-protobuf.js:4228:18)
    at jspb.BinaryReader.readSfixed32 (https://cdn.skypack.dev/-/google-protobuf@v3.21.2-YDUqZL2TTSsy2lGtfuND/dist=es2019,mode=imports/optimized/google-protobuf.js:4597:26)
    at Function.deserialize (file:///Users/thesayyn/Documents/thesayyn/protoc-gen-ts/target/debug/build/protoc_gen_ts-8cec2bec66276c47/out/test_conformance/test_messages_proto2.ts:172:52)
    at file:///Users/thesayyn/Documents/thesayyn/protoc-gen-ts/tests/conformance/bin/main.ts:30:78

  protobuf_test_messages.proto3.TestAllTypesProto3 1
  Error: Assertion failed
    at Object.jspb.asserts.doAssertFailure (https://cdn.skypack.dev/-/google-protobuf@v3.21.2-YDUqZL2TTSsy2lGtfuND/dist=es2019,mode=imports/optimized/google-protobuf.js:778:11)
    at Object.jspb.asserts.assert (https://cdn.skypack.dev/-/google-protobuf@v3.21.2-YDUqZL2TTSsy2lGtfuND/dist=es2019,mode=imports/optimized/google-protobuf.js:783:23)
    at jspb.BinaryDecoder.readInt32 (https://cdn.skypack.dev/-/google-protobuf@v3.21.2-YDUqZL2TTSsy2lGtfuND/dist=es2019,mode=imports/optimized/google-protobuf.js:4228:18)
    at jspb.BinaryReader.readSfixed32 (https://cdn.skypack.dev/-/google-protobuf@v3.21.2-YDUqZL2TTSsy2lGtfuND/dist=es2019,mode=imports/optimized/google-protobuf.js:4597:26)
    at Function.deserialize (file:///Users/thesayyn/Documents/thesayyn/protoc-gen-ts/target/debug/build/protoc_gen_ts-8cec2bec66276c47/out/test_conformance/test_messages_proto3.ts:274:60)
    at file:///Users/thesayyn/Documents/thesayyn/protoc-gen-ts/tests/conformance/bin/main.ts:23:78

  protobuf_test_messages.proto2.TestAllTypesProto2 1
  Error: Assertion failed
    at Object.jspb.asserts.doAssertFailure (https://cdn.skypack.dev/-/google-protobuf@v3.21.2-YDUqZL2TTSsy2lGtfuND/dist=es2019,mode=imports/optimized/google-protobuf.js:778:11)
    at Object.jspb.asserts.assert (https://cdn.skypack.dev/-/google-protobuf@v3.21.2-YDUqZL2TTSsy2lGtfuND/dist=es2019,mode=imports/optimized/google-protobuf.js:783:23)
    at jspb.BinaryDecoder.readInt32 (https://cdn.skypack.dev/-/google-protobuf@v3.21.2-YDUqZL2TTSsy2lGtfuND/dist=es2019,mode=imports/optimized/google-protobuf.js:4228:18)
    at jspb.BinaryReader.readSfixed32 (https://cdn.skypack.dev/-/google-protobuf@v3.21.2-YDUqZL2TTSsy2lGtfuND/dist=es2019,mode=imports/optimized/google-protobuf.js:4597:26)
    at Function.deserialize (file:///Users/thesayyn/Documents/thesayyn/protoc-gen-ts/target/debug/build/protoc_gen_ts-8cec2bec66276c47/out/test_conformance/test_messages_proto2.ts:238:55)
    at file:///Users/thesayyn/Documents/thesayyn/protoc-gen-ts/tests/conformance/bin/main.ts:30:78

  protobuf_test_messages.proto3.TestAllTypesProto3 1
  Error: Assertion failed
    at Object.jspb.asserts.doAssertFailure (https://cdn.skypack.dev/-/google-protobuf@v3.21.2-YDUqZL2TTSsy2lGtfuND/dist=es2019,mode=imports/optimized/google-protobuf.js:778:11)
    at Object.jspb.asserts.assert (https://cdn.skypack.dev/-/google-protobuf@v3.21.2-YDUqZL2TTSsy2lGtfuND/dist=es2019,mode=imports/optimized/google-protobuf.js:783:23)
    at jspb.BinaryDecoder.advance (https://cdn.skypack.dev/-/google-protobuf@v3.21.2-YDUqZL2TTSsy2lGtfuND/dist=es2019,mode=imports/optimized/google-protobuf.js:4081:18)
    at jspb.BinaryReader.skipFixed32Field (https://cdn.skypack.dev/-/google-protobuf@v3.21.2-YDUqZL2TTSsy2lGtfuND/dist=es2019,mode=imports/optimized/google-protobuf.js:4406:163)
    at jspb.BinaryReader.skipField (https://cdn.skypack.dev/-/google-protobuf@v3.21.2-YDUqZL2TTSsy2lGtfuND/dist=es2019,mode=imports/optimized/google-protobuf.js:4438:14)
    at Function.deserialize (file:///Users/thesayyn/Documents/thesayyn/protoc-gen-ts/target/debug/build/protoc_gen_ts-8cec2bec66276c47/out/test_conformance/test_messages_proto3.ts:958:24)
    at file:///Users/thesayyn/Documents/thesayyn/protoc-gen-ts/tests/conformance/bin/main.ts:23:78

  protobuf_test_messages.proto2.TestAllTypesProto2 1
  Error: Assertion failed
    at Object.jspb.asserts.doAssertFailure (https://cdn.skypack.dev/-/google-protobuf@v3.21.2-YDUqZL2TTSsy2lGtfuND/dist=es2019,mode=imports/optimized/google-protobuf.js:778:11)
    at Object.jspb.asserts.assert (https://cdn.skypack.dev/-/google-protobuf@v3.21.2-YDUqZL2TTSsy2lGtfuND/dist=es2019,mode=imports/optimized/google-protobuf.js:783:23)
    at jspb.BinaryDecoder.advance (https://cdn.skypack.dev/-/google-protobuf@v3.21.2-YDUqZL2TTSsy2lGtfuND/dist=es2019,mode=imports/optimized/google-protobuf.js:4081:18)
    at jspb.BinaryReader.skipFixed32Field (https://cdn.skypack.dev/-/google-protobuf@v3.21.2-YDUqZL2TTSsy2lGtfuND/dist=es2019,mode=imports/optimized/google-protobuf.js:4406:163)
    at jspb.BinaryReader.skipField (https://cdn.skypack.dev/-/google-protobuf@v3.21.2-YDUqZL2TTSsy2lGtfuND/dist=es2019,mode=imports/optimized/google-protobuf.js:4438:14)
    at Function.deserialize (file:///Users/thesayyn/Documents/thesayyn/protoc-gen-ts/target/debug/build/protoc_gen_ts-8cec2bec66276c47/out/test_conformance/test_messages_proto2.ts:865:24)
    at file:///Users/thesayyn/Documents/thesayyn/protoc-gen-ts/tests/conformance/bin/main.ts:30:78

  protobuf_test_messages.proto3.TestAllTypesProto3 1
  Error: Assertion failed
    at Object.jspb.asserts.doAssertFailure (https://cdn.skypack.dev/-/google-protobuf@v3.21.2-YDUqZL2TTSsy2lGtfuND/dist=es2019,mode=imports/optimized/google-protobuf.js:778:11)
    at Object.jspb.asserts.assert (https://cdn.skypack.dev/-/google-protobuf@v3.21.2-YDUqZL2TTSsy2lGtfuND/dist=es2019,mode=imports/optimized/google-protobuf.js:783:23)
    at jspb.BinaryDecoder.readInt32 (https://cdn.skypack.dev/-/google-protobuf@v3.21.2-YDUqZL2TTSsy2lGtfuND/dist=es2019,mode=imports/optimized/google-protobuf.js:4228:18)
    at jspb.BinaryReader.readSfixed32 (https://cdn.skypack.dev/-/google-protobuf@v3.21.2-YDUqZL2TTSsy2lGtfuND/dist=es2019,mode=imports/optimized/google-protobuf.js:4597:26)
    at Function.deserialize (file:///Users/thesayyn/Documents/thesayyn/protoc-gen-ts/target/debug/build/protoc_gen_ts-8cec2bec66276c47/out/test_conformance/test_messages_proto3.ts:196:52)
    at file:///Users/thesayyn/Documents/thesayyn/protoc-gen-ts/tests/conformance/bin/main.ts:23:78

  protobuf_test_messages.proto2.TestAllTypesProto2 1
  Error: Assertion failed
    at Object.jspb.asserts.doAssertFailure (https://cdn.skypack.dev/-/google-protobuf@v3.21.2-YDUqZL2TTSsy2lGtfuND/dist=es2019,mode=imports/optimized/google-protobuf.js:778:11)
    at Object.jspb.asserts.assert (https://cdn.skypack.dev/-/google-protobuf@v3.21.2-YDUqZL2TTSsy2lGtfuND/dist=es2019,mode=imports/optimized/google-protobuf.js:783:23)
    at jspb.BinaryDecoder.readInt32 (https://cdn.skypack.dev/-/google-protobuf@v3.21.2-YDUqZL2TTSsy2lGtfuND/dist=es2019,mode=imports/optimized/google-protobuf.js:4228:18)
    at jspb.BinaryReader.readSfixed32 (https://cdn.skypack.dev/-/google-protobuf@v3.21.2-YDUqZL2TTSsy2lGtfuND/dist=es2019,mode=imports/optimized/google-protobuf.js:4597:26)
    at Function.deserialize (file:///Users/thesayyn/Documents/thesayyn/protoc-gen-ts/target/debug/build/protoc_gen_ts-8cec2bec66276c47/out/test_conformance/test_messages_proto2.ts:172:52)
    at file:///Users/thesayyn/Documents/thesayyn/protoc-gen-ts/tests/conformance/bin/main.ts:30:78

  protobuf_test_messages.proto3.TestAllTypesProto3 1
  Error: Assertion failed
    at Object.jspb.asserts.doAssertFailure (https://cdn.skypack.dev/-/google-protobuf@v3.21.2-YDUqZL2TTSsy2lGtfuND/dist=es2019,mode=imports/optimized/google-protobuf.js:778:11)
    at Object.jspb.asserts.assert (https://cdn.skypack.dev/-/google-protobuf@v3.21.2-YDUqZL2TTSsy2lGtfuND/dist=es2019,mode=imports/optimized/google-protobuf.js:783:23)
    at jspb.BinaryDecoder.readInt32 (https://cdn.skypack.dev/-/google-protobuf@v3.21.2-YDUqZL2TTSsy2lGtfuND/dist=es2019,mode=imports/optimized/google-protobuf.js:4228:18)
    at jspb.BinaryReader.readSfixed32 (https://cdn.skypack.dev/-/google-protobuf@v3.21.2-YDUqZL2TTSsy2lGtfuND/dist=es2019,mode=imports/optimized/google-protobuf.js:4597:26)
    at Function.deserialize (file:///Users/thesayyn/Documents/thesayyn/protoc-gen-ts/target/debug/build/protoc_gen_ts-8cec2bec66276c47/out/test_conformance/test_messages_proto3.ts:274:60)
    at file:///Users/thesayyn/Documents/thesayyn/protoc-gen-ts/tests/conformance/bin/main.ts:23:78

  protobuf_test_messages.proto2.TestAllTypesProto2 1
  Error: Assertion failed
    at Object.jspb.asserts.doAssertFailure (https://cdn.skypack.dev/-/google-protobuf@v3.21.2-YDUqZL2TTSsy2lGtfuND/dist=es2019,mode=imports/optimized/google-protobuf.js:778:11)
    at Object.jspb.asserts.assert (https://cdn.skypack.dev/-/google-protobuf@v3.21.2-YDUqZL2TTSsy2lGtfuND/dist=es2019,mode=imports/optimized/google-protobuf.js:783:23)
    at jspb.BinaryDecoder.readInt32 (https://cdn.skypack.dev/-/google-protobuf@v3.21.2-YDUqZL2TTSsy2lGtfuND/dist=es2019,mode=imports/optimized/google-protobuf.js:4228:18)
    at jspb.BinaryReader.readSfixed32 (https://cdn.skypack.dev/-/google-protobuf@v3.21.2-YDUqZL2TTSsy2lGtfuND/dist=es2019,mode=imports/optimized/google-protobuf.js:4597:26)
    at Function.deserialize (file:///Users/thesayyn/Documents/thesayyn/protoc-gen-ts/target/debug/build/protoc_gen_ts-8cec2bec66276c47/out/test_conformance/test_messages_proto2.ts:238:55)
    at file:///Users/thesayyn/Documents/thesayyn/protoc-gen-ts/tests/conformance/bin/main.ts:30:78

  protobuf_test_messages.proto3.TestAllTypesProto3 1
  Error: Assertion failed
    at Object.jspb.asserts.doAssertFailure (https://cdn.skypack.dev/-/google-protobuf@v3.21.2-YDUqZL2TTSsy2lGtfuND/dist=es2019,mode=imports/optimized/google-protobuf.js:778:11)
    at Object.jspb.asserts.assert (https://cdn.skypack.dev/-/google-protobuf@v3.21.2-YDUqZL2TTSsy2lGtfuND/dist=es2019,mode=imports/optimized/google-protobuf.js:783:23)
    at jspb.BinaryDecoder.advance (https://cdn.skypack.dev/-/google-protobuf@v3.21.2-YDUqZL2TTSsy2lGtfuND/dist=es2019,mode=imports/optimized/google-protobuf.js:4081:18)
    at jspb.BinaryReader.skipFixed32Field (https://cdn.skypack.dev/-/google-protobuf@v3.21.2-YDUqZL2TTSsy2lGtfuND/dist=es2019,mode=imports/optimized/google-protobuf.js:4406:163)
    at jspb.BinaryReader.skipField (https://cdn.skypack.dev/-/google-protobuf@v3.21.2-YDUqZL2TTSsy2lGtfuND/dist=es2019,mode=imports/optimized/google-protobuf.js:4438:14)
    at Function.deserialize (file:///Users/thesayyn/Documents/thesayyn/protoc-gen-ts/target/debug/build/protoc_gen_ts-8cec2bec66276c47/out/test_conformance/test_messages_proto3.ts:958:24)
    at file:///Users/thesayyn/Documents/thesayyn/protoc-gen-ts/tests/conformance/bin/main.ts:23:78

  protobuf_test_messages.proto2.TestAllTypesProto2 1
  Error: Assertion failed
    at Object.jspb.asserts.doAssertFailure (https://cdn.skypack.dev/-/google-protobuf@v3.21.2-YDUqZL2TTSsy2lGtfuND/dist=es2019,mode=imports/optimized/google-protobuf.js:778:11)
    at Object.jspb.asserts.assert (https://cdn.skypack.dev/-/google-protobuf@v3.21.2-YDUqZL2TTSsy2lGtfuND/dist=es2019,mode=imports/optimized/google-protobuf.js:783:23)
    at jspb.BinaryDecoder.advance (https://cdn.skypack.dev/-/google-protobuf@v3.21.2-YDUqZL2TTSsy2lGtfuND/dist=es2019,mode=imports/optimized/google-protobuf.js:4081:18)
    at jspb.BinaryReader.skipFixed32Field (https://cdn.skypack.dev/-/google-protobuf@v3.21.2-YDUqZL2TTSsy2lGtfuND/dist=es2019,mode=imports/optimized/google-protobuf.js:4406:163)
    at jspb.BinaryReader.skipField (https://cdn.skypack.dev/-/google-protobuf@v3.21.2-YDUqZL2TTSsy2lGtfuND/dist=es2019,mode=imports/optimized/google-protobuf.js:4438:14)
    at Function.deserialize (file:///Users/thesayyn/Documents/thesayyn/protoc-gen-ts/target/debug/build/protoc_gen_ts-8cec2bec66276c47/out/test_conformance/test_messages_proto2.ts:865:24)
    at file:///Users/thesayyn/Documents/thesayyn/protoc-gen-ts/tests/conformance/bin/main.ts:30:78

  protobuf_test_messages.proto3.TestAllTypesProto3 1
  Error: Assertion failed
    at Object.jspb.asserts.doAssertFailure (https://cdn.skypack.dev/-/google-protobuf@v3.21.2-YDUqZL2TTSsy2lGtfuND/dist=es2019,mode=imports/optimized/google-protobuf.js:778:11)
    at Object.jspb.asserts.assert (https://cdn.skypack.dev/-/google-protobuf@v3.21.2-YDUqZL2TTSsy2lGtfuND/dist=es2019,mode=imports/optimized/google-protobuf.js:783:23)
    at jspb.BinaryDecoder.readInt32 (https://cdn.skypack.dev/-/google-protobuf@v3.21.2-YDUqZL2TTSsy2lGtfuND/dist=es2019,mode=imports/optimized/google-protobuf.js:4228:18)
    at jspb.BinaryReader.readPackedField_ (https://cdn.skypack.dev/-/google-protobuf@v3.21.2-YDUqZL2TTSsy2lGtfuND/dist=es2019,mode=imports/optimized/google-protobuf.js:4676:16)
    at jspb.BinaryReader.readPackedSfixed32 (https://cdn.skypack.dev/-/google-protobuf@v3.21.2-YDUqZL2TTSsy2lGtfuND/dist=es2019,mode=imports/optimized/google-protobuf.js:4730:17)
    at Function.deserialize (file:///Users/thesayyn/Documents/thesayyn/protoc-gen-ts/target/debug/build/protoc_gen_ts-8cec2bec66276c47/out/test_conformance/test_messages_proto3.ts:273:80)
    at file:///Users/thesayyn/Documents/thesayyn/protoc-gen-ts/tests/conformance/bin/main.ts:23:78

  protobuf_test_messages.proto2.TestAllTypesProto2 1
  Error: Assertion failed
    at Object.jspb.asserts.doAssertFailure (https://cdn.skypack.dev/-/google-protobuf@v3.21.2-YDUqZL2TTSsy2lGtfuND/dist=es2019,mode=imports/optimized/google-protobuf.js:778:11)
    at Object.jspb.asserts.assert (https://cdn.skypack.dev/-/google-protobuf@v3.21.2-YDUqZL2TTSsy2lGtfuND/dist=es2019,mode=imports/optimized/google-protobuf.js:783:23)
    at jspb.BinaryReader.readSfixed32 (https://cdn.skypack.dev/-/google-protobuf@v3.21.2-YDUqZL2TTSsy2lGtfuND/dist=es2019,mode=imports/optimized/google-protobuf.js:4596:18)
    at Function.deserialize (file:///Users/thesayyn/Documents/thesayyn/protoc-gen-ts/target/debug/build/protoc_gen_ts-8cec2bec66276c47/out/test_conformance/test_messages_proto2.ts:238:55)
    at file:///Users/thesayyn/Documents/thesayyn/protoc-gen-ts/tests/conformance/bin/main.ts:30:78

  protobuf_test_messages.proto3.TestAllTypesProto3 1
  Error: Assertion failed
    at Object.jspb.asserts.doAssertFailure (https://cdn.skypack.dev/-/google-protobuf@v3.21.2-YDUqZL2TTSsy2lGtfuND/dist=es2019,mode=imports/optimized/google-protobuf.js:778:11)
    at Object.jspb.asserts.assert (https://cdn.skypack.dev/-/google-protobuf@v3.21.2-YDUqZL2TTSsy2lGtfuND/dist=es2019,mode=imports/optimized/google-protobuf.js:783:23)
    at jspb.BinaryDecoder.readInt32 (https://cdn.skypack.dev/-/google-protobuf@v3.21.2-YDUqZL2TTSsy2lGtfuND/dist=es2019,mode=imports/optimized/google-protobuf.js:4228:18)
    at jspb.BinaryReader.readPackedField_ (https://cdn.skypack.dev/-/google-protobuf@v3.21.2-YDUqZL2TTSsy2lGtfuND/dist=es2019,mode=imports/optimized/google-protobuf.js:4676:16)
    at jspb.BinaryReader.readPackedSfixed32 (https://cdn.skypack.dev/-/google-protobuf@v3.21.2-YDUqZL2TTSsy2lGtfuND/dist=es2019,mode=imports/optimized/google-protobuf.js:4730:17)
    at Function.deserialize (file:///Users/thesayyn/Documents/thesayyn/protoc-gen-ts/target/debug/build/protoc_gen_ts-8cec2bec66276c47/out/test_conformance/test_messages_proto3.ts:273:80)
    at file:///Users/thesayyn/Documents/thesayyn/protoc-gen-ts/tests/conformance/bin/main.ts:23:78

  protobuf_test_messages.proto2.TestAllTypesProto2 1
  Error: Assertion failed
    at Object.jspb.asserts.doAssertFailure (https://cdn.skypack.dev/-/google-protobuf@v3.21.2-YDUqZL2TTSsy2lGtfuND/dist=es2019,mode=imports/optimized/google-protobuf.js:778:11)
    at Object.jspb.asserts.assert (https://cdn.skypack.dev/-/google-protobuf@v3.21.2-YDUqZL2TTSsy2lGtfuND/dist=es2019,mode=imports/optimized/google-protobuf.js:783:23)
    at jspb.BinaryReader.readSfixed32 (https://cdn.skypack.dev/-/google-protobuf@v3.21.2-YDUqZL2TTSsy2lGtfuND/dist=es2019,mode=imports/optimized/google-protobuf.js:4596:18)
    at Function.deserialize (file:///Users/thesayyn/Documents/thesayyn/protoc-gen-ts/target/debug/build/protoc_gen_ts-8cec2bec66276c47/out/test_conformance/test_messages_proto2.ts:238:55)
    at file:///Users/thesayyn/Documents/thesayyn/protoc-gen-ts/tests/conformance/bin/main.ts:30:78

  protobuf_test_messages.proto3.TestAllTypesProto3 1
  Error: Assertion failed
    at Object.jspb.asserts.doAssertFailure (https://cdn.skypack.dev/-/google-protobuf@v3.21.2-YDUqZL2TTSsy2lGtfuND/dist=es2019,mode=imports/optimized/google-protobuf.js:778:11)
    at Object.jspb.asserts.assert (https://cdn.skypack.dev/-/google-protobuf@v3.21.2-YDUqZL2TTSsy2lGtfuND/dist=es2019,mode=imports/optimized/google-protobuf.js:783:23)
    at jspb.BinaryDecoder.readUint32 (https://cdn.skypack.dev/-/google-protobuf@v3.21.2-YDUqZL2TTSsy2lGtfuND/dist=es2019,mode=imports/optimized/google-protobuf.js:4202:18)
    at jspb.BinaryDecoder.readInt64 (https://cdn.skypack.dev/-/google-protobuf@v3.21.2-YDUqZL2TTSsy2lGtfuND/dist=es2019,mode=imports/optimized/google-protobuf.js:4232:18)
    at jspb.BinaryReader.readSfixed64 (https://cdn.skypack.dev/-/google-protobuf@v3.21.2-YDUqZL2TTSsy2lGtfuND/dist=es2019,mode=imports/optimized/google-protobuf.js:4606:26)
    at Function.deserialize (file:///Users/thesayyn/Documents/thesayyn/protoc-gen-ts/target/debug/build/protoc_gen_ts-8cec2bec66276c47/out/test_conformance/test_messages_proto3.ts:199:52)
    at file:///Users/thesayyn/Documents/thesayyn/protoc-gen-ts/tests/conformance/bin/main.ts:23:78

  protobuf_test_messages.proto2.TestAllTypesProto2 1
  Error: Assertion failed
    at Object.jspb.asserts.doAssertFailure (https://cdn.skypack.dev/-/google-protobuf@v3.21.2-YDUqZL2TTSsy2lGtfuND/dist=es2019,mode=imports/optimized/google-protobuf.js:778:11)
    at Object.jspb.asserts.assert (https://cdn.skypack.dev/-/google-protobuf@v3.21.2-YDUqZL2TTSsy2lGtfuND/dist=es2019,mode=imports/optimized/google-protobuf.js:783:23)
    at jspb.BinaryDecoder.readUint32 (https://cdn.skypack.dev/-/google-protobuf@v3.21.2-YDUqZL2TTSsy2lGtfuND/dist=es2019,mode=imports/optimized/google-protobuf.js:4202:18)
    at jspb.BinaryDecoder.readInt64 (https://cdn.skypack.dev/-/google-protobuf@v3.21.2-YDUqZL2TTSsy2lGtfuND/dist=es2019,mode=imports/optimized/google-protobuf.js:4232:18)
    at jspb.BinaryReader.readSfixed64 (https://cdn.skypack.dev/-/google-protobuf@v3.21.2-YDUqZL2TTSsy2lGtfuND/dist=es2019,mode=imports/optimized/google-protobuf.js:4606:26)
    at Function.deserialize (file:///Users/thesayyn/Documents/thesayyn/protoc-gen-ts/target/debug/build/protoc_gen_ts-8cec2bec66276c47/out/test_conformance/test_messages_proto2.ts:175:52)
    at file:///Users/thesayyn/Documents/thesayyn/protoc-gen-ts/tests/conformance/bin/main.ts:30:78

  protobuf_test_messages.proto3.TestAllTypesProto3 1
  Error: Assertion failed
    at Object.jspb.asserts.doAssertFailure (https://cdn.skypack.dev/-/google-protobuf@v3.21.2-YDUqZL2TTSsy2lGtfuND/dist=es2019,mode=imports/optimized/google-protobuf.js:778:11)
    at Object.jspb.asserts.assert (https://cdn.skypack.dev/-/google-protobuf@v3.21.2-YDUqZL2TTSsy2lGtfuND/dist=es2019,mode=imports/optimized/google-protobuf.js:783:23)
    at jspb.BinaryDecoder.readUint32 (https://cdn.skypack.dev/-/google-protobuf@v3.21.2-YDUqZL2TTSsy2lGtfuND/dist=es2019,mode=imports/optimized/google-protobuf.js:4202:18)
    at jspb.BinaryDecoder.readInt64 (https://cdn.skypack.dev/-/google-protobuf@v3.21.2-YDUqZL2TTSsy2lGtfuND/dist=es2019,mode=imports/optimized/google-protobuf.js:4232:18)
    at jspb.BinaryReader.readSfixed64 (https://cdn.skypack.dev/-/google-protobuf@v3.21.2-YDUqZL2TTSsy2lGtfuND/dist=es2019,mode=imports/optimized/google-protobuf.js:4606:26)
    at Function.deserialize (file:///Users/thesayyn/Documents/thesayyn/protoc-gen-ts/target/debug/build/protoc_gen_ts-8cec2bec66276c47/out/test_conformance/test_messages_proto3.ts:278:60)
    at file:///Users/thesayyn/Documents/thesayyn/protoc-gen-ts/tests/conformance/bin/main.ts:23:78

  protobuf_test_messages.proto2.TestAllTypesProto2 1
  Error: Assertion failed
    at Object.jspb.asserts.doAssertFailure (https://cdn.skypack.dev/-/google-protobuf@v3.21.2-YDUqZL2TTSsy2lGtfuND/dist=es2019,mode=imports/optimized/google-protobuf.js:778:11)
    at Object.jspb.asserts.assert (https://cdn.skypack.dev/-/google-protobuf@v3.21.2-YDUqZL2TTSsy2lGtfuND/dist=es2019,mode=imports/optimized/google-protobuf.js:783:23)
    at jspb.BinaryDecoder.readUint32 (https://cdn.skypack.dev/-/google-protobuf@v3.21.2-YDUqZL2TTSsy2lGtfuND/dist=es2019,mode=imports/optimized/google-protobuf.js:4202:18)
    at jspb.BinaryDecoder.readInt64 (https://cdn.skypack.dev/-/google-protobuf@v3.21.2-YDUqZL2TTSsy2lGtfuND/dist=es2019,mode=imports/optimized/google-protobuf.js:4232:18)
    at jspb.BinaryReader.readSfixed64 (https://cdn.skypack.dev/-/google-protobuf@v3.21.2-YDUqZL2TTSsy2lGtfuND/dist=es2019,mode=imports/optimized/google-protobuf.js:4606:26)
    at Function.deserialize (file:///Users/thesayyn/Documents/thesayyn/protoc-gen-ts/target/debug/build/protoc_gen_ts-8cec2bec66276c47/out/test_conformance/test_messages_proto2.ts:241:55)
    at file:///Users/thesayyn/Documents/thesayyn/protoc-gen-ts/tests/conformance/bin/main.ts:30:78

  protobuf_test_messages.proto3.TestAllTypesProto3 1
  Error: Assertion failed
    at Object.jspb.asserts.doAssertFailure (https://cdn.skypack.dev/-/google-protobuf@v3.21.2-YDUqZL2TTSsy2lGtfuND/dist=es2019,mode=imports/optimized/google-protobuf.js:778:11)
    at Object.jspb.asserts.assert (https://cdn.skypack.dev/-/google-protobuf@v3.21.2-YDUqZL2TTSsy2lGtfuND/dist=es2019,mode=imports/optimized/google-protobuf.js:783:23)
    at jspb.BinaryDecoder.advance (https://cdn.skypack.dev/-/google-protobuf@v3.21.2-YDUqZL2TTSsy2lGtfuND/dist=es2019,mode=imports/optimized/google-protobuf.js:4081:18)
    at jspb.BinaryReader.skipFixed64Field (https://cdn.skypack.dev/-/google-protobuf@v3.21.2-YDUqZL2TTSsy2lGtfuND/dist=es2019,mode=imports/optimized/google-protobuf.js:4409:163)
    at jspb.BinaryReader.skipField (https://cdn.skypack.dev/-/google-protobuf@v3.21.2-YDUqZL2TTSsy2lGtfuND/dist=es2019,mode=imports/optimized/google-protobuf.js:4432:14)
    at Function.deserialize (file:///Users/thesayyn/Documents/thesayyn/protoc-gen-ts/target/debug/build/protoc_gen_ts-8cec2bec66276c47/out/test_conformance/test_messages_proto3.ts:958:24)
    at file:///Users/thesayyn/Documents/thesayyn/protoc-gen-ts/tests/conformance/bin/main.ts:23:78

  protobuf_test_messages.proto2.TestAllTypesProto2 1
  Error: Assertion failed
    at Object.jspb.asserts.doAssertFailure (https://cdn.skypack.dev/-/google-protobuf@v3.21.2-YDUqZL2TTSsy2lGtfuND/dist=es2019,mode=imports/optimized/google-protobuf.js:778:11)
    at Object.jspb.asserts.assert (https://cdn.skypack.dev/-/google-protobuf@v3.21.2-YDUqZL2TTSsy2lGtfuND/dist=es2019,mode=imports/optimized/google-protobuf.js:783:23)
    at jspb.BinaryDecoder.advance (https://cdn.skypack.dev/-/google-protobuf@v3.21.2-YDUqZL2TTSsy2lGtfuND/dist=es2019,mode=imports/optimized/google-protobuf.js:4081:18)
    at jspb.BinaryReader.skipFixed64Field (https://cdn.skypack.dev/-/google-protobuf@v3.21.2-YDUqZL2TTSsy2lGtfuND/dist=es2019,mode=imports/optimized/google-protobuf.js:4409:163)
    at jspb.BinaryReader.skipField (https://cdn.skypack.dev/-/google-protobuf@v3.21.2-YDUqZL2TTSsy2lGtfuND/dist=es2019,mode=imports/optimized/google-protobuf.js:4432:14)
    at Function.deserialize (file:///Users/thesayyn/Documents/thesayyn/protoc-gen-ts/target/debug/build/protoc_gen_ts-8cec2bec66276c47/out/test_conformance/test_messages_proto2.ts:865:24)
    at file:///Users/thesayyn/Documents/thesayyn/protoc-gen-ts/tests/conformance/bin/main.ts:30:78

  protobuf_test_messages.proto3.TestAllTypesProto3 1
  Error: Assertion failed
    at Object.jspb.asserts.doAssertFailure (https://cdn.skypack.dev/-/google-protobuf@v3.21.2-YDUqZL2TTSsy2lGtfuND/dist=es2019,mode=imports/optimized/google-protobuf.js:778:11)
    at Object.jspb.asserts.assert (https://cdn.skypack.dev/-/google-protobuf@v3.21.2-YDUqZL2TTSsy2lGtfuND/dist=es2019,mode=imports/optimized/google-protobuf.js:783:23)
    at jspb.BinaryDecoder.readUint32 (https://cdn.skypack.dev/-/google-protobuf@v3.21.2-YDUqZL2TTSsy2lGtfuND/dist=es2019,mode=imports/optimized/google-protobuf.js:4202:18)
    at jspb.BinaryDecoder.readInt64 (https://cdn.skypack.dev/-/google-protobuf@v3.21.2-YDUqZL2TTSsy2lGtfuND/dist=es2019,mode=imports/optimized/google-protobuf.js:4232:41)
    at jspb.BinaryReader.readSfixed64 (https://cdn.skypack.dev/-/google-protobuf@v3.21.2-YDUqZL2TTSsy2lGtfuND/dist=es2019,mode=imports/optimized/google-protobuf.js:4606:26)
    at Function.deserialize (file:///Users/thesayyn/Documents/thesayyn/protoc-gen-ts/target/debug/build/protoc_gen_ts-8cec2bec66276c47/out/test_conformance/test_messages_proto3.ts:199:52)
    at file:///Users/thesayyn/Documents/thesayyn/protoc-gen-ts/tests/conformance/bin/main.ts:23:78

  protobuf_test_messages.proto2.TestAllTypesProto2 1
  Error: Assertion failed
    at Object.jspb.asserts.doAssertFailure (https://cdn.skypack.dev/-/google-protobuf@v3.21.2-YDUqZL2TTSsy2lGtfuND/dist=es2019,mode=imports/optimized/google-protobuf.js:778:11)
    at Object.jspb.asserts.assert (https://cdn.skypack.dev/-/google-protobuf@v3.21.2-YDUqZL2TTSsy2lGtfuND/dist=es2019,mode=imports/optimized/google-protobuf.js:783:23)
    at jspb.BinaryDecoder.readUint32 (https://cdn.skypack.dev/-/google-protobuf@v3.21.2-YDUqZL2TTSsy2lGtfuND/dist=es2019,mode=imports/optimized/google-protobuf.js:4202:18)
    at jspb.BinaryDecoder.readInt64 (https://cdn.skypack.dev/-/google-protobuf@v3.21.2-YDUqZL2TTSsy2lGtfuND/dist=es2019,mode=imports/optimized/google-protobuf.js:4232:41)
    at jspb.BinaryReader.readSfixed64 (https://cdn.skypack.dev/-/google-protobuf@v3.21.2-YDUqZL2TTSsy2lGtfuND/dist=es2019,mode=imports/optimized/google-protobuf.js:4606:26)
    at Function.deserialize (file:///Users/thesayyn/Documents/thesayyn/protoc-gen-ts/target/debug/build/protoc_gen_ts-8cec2bec66276c47/out/test_conformance/test_messages_proto2.ts:175:52)
    at file:///Users/thesayyn/Documents/thesayyn/protoc-gen-ts/tests/conformance/bin/main.ts:30:78

  protobuf_test_messages.proto3.TestAllTypesProto3 1
  Error: Assertion failed
    at Object.jspb.asserts.doAssertFailure (https://cdn.skypack.dev/-/google-protobuf@v3.21.2-YDUqZL2TTSsy2lGtfuND/dist=es2019,mode=imports/optimized/google-protobuf.js:778:11)
    at Object.jspb.asserts.assert (https://cdn.skypack.dev/-/google-protobuf@v3.21.2-YDUqZL2TTSsy2lGtfuND/dist=es2019,mode=imports/optimized/google-protobuf.js:783:23)
    at jspb.BinaryDecoder.readUint32 (https://cdn.skypack.dev/-/google-protobuf@v3.21.2-YDUqZL2TTSsy2lGtfuND/dist=es2019,mode=imports/optimized/google-protobuf.js:4202:18)
    at jspb.BinaryDecoder.readInt64 (https://cdn.skypack.dev/-/google-protobuf@v3.21.2-YDUqZL2TTSsy2lGtfuND/dist=es2019,mode=imports/optimized/google-protobuf.js:4232:41)
    at jspb.BinaryReader.readSfixed64 (https://cdn.skypack.dev/-/google-protobuf@v3.21.2-YDUqZL2TTSsy2lGtfuND/dist=es2019,mode=imports/optimized/google-protobuf.js:4606:26)
    at Function.deserialize (file:///Users/thesayyn/Documents/thesayyn/protoc-gen-ts/target/debug/build/protoc_gen_ts-8cec2bec66276c47/out/test_conformance/test_messages_proto3.ts:278:60)
    at file:///Users/thesayyn/Documents/thesayyn/protoc-gen-ts/tests/conformance/bin/main.ts:23:78

  protobuf_test_messages.proto2.TestAllTypesProto2 1
  Error: Assertion failed
    at Object.jspb.asserts.doAssertFailure (https://cdn.skypack.dev/-/google-protobuf@v3.21.2-YDUqZL2TTSsy2lGtfuND/dist=es2019,mode=imports/optimized/google-protobuf.js:778:11)
    at Object.jspb.asserts.assert (https://cdn.skypack.dev/-/google-protobuf@v3.21.2-YDUqZL2TTSsy2lGtfuND/dist=es2019,mode=imports/optimized/google-protobuf.js:783:23)
    at jspb.BinaryDecoder.readUint32 (https://cdn.skypack.dev/-/google-protobuf@v3.21.2-YDUqZL2TTSsy2lGtfuND/dist=es2019,mode=imports/optimized/google-protobuf.js:4202:18)
    at jspb.BinaryDecoder.readInt64 (https://cdn.skypack.dev/-/google-protobuf@v3.21.2-YDUqZL2TTSsy2lGtfuND/dist=es2019,mode=imports/optimized/google-protobuf.js:4232:41)
    at jspb.BinaryReader.readSfixed64 (https://cdn.skypack.dev/-/google-protobuf@v3.21.2-YDUqZL2TTSsy2lGtfuND/dist=es2019,mode=imports/optimized/google-protobuf.js:4606:26)
    at Function.deserialize (file:///Users/thesayyn/Documents/thesayyn/protoc-gen-ts/target/debug/build/protoc_gen_ts-8cec2bec66276c47/out/test_conformance/test_messages_proto2.ts:241:55)
    at file:///Users/thesayyn/Documents/thesayyn/protoc-gen-ts/tests/conformance/bin/main.ts:30:78

  protobuf_test_messages.proto3.TestAllTypesProto3 1
  Error: Assertion failed
    at Object.jspb.asserts.doAssertFailure (https://cdn.skypack.dev/-/google-protobuf@v3.21.2-YDUqZL2TTSsy2lGtfuND/dist=es2019,mode=imports/optimized/google-protobuf.js:778:11)
    at Object.jspb.asserts.assert (https://cdn.skypack.dev/-/google-protobuf@v3.21.2-YDUqZL2TTSsy2lGtfuND/dist=es2019,mode=imports/optimized/google-protobuf.js:783:23)
    at jspb.BinaryDecoder.advance (https://cdn.skypack.dev/-/google-protobuf@v3.21.2-YDUqZL2TTSsy2lGtfuND/dist=es2019,mode=imports/optimized/google-protobuf.js:4081:18)
    at jspb.BinaryReader.skipFixed64Field (https://cdn.skypack.dev/-/google-protobuf@v3.21.2-YDUqZL2TTSsy2lGtfuND/dist=es2019,mode=imports/optimized/google-protobuf.js:4409:163)
    at jspb.BinaryReader.skipField (https://cdn.skypack.dev/-/google-protobuf@v3.21.2-YDUqZL2TTSsy2lGtfuND/dist=es2019,mode=imports/optimized/google-protobuf.js:4432:14)
    at Function.deserialize (file:///Users/thesayyn/Documents/thesayyn/protoc-gen-ts/target/debug/build/protoc_gen_ts-8cec2bec66276c47/out/test_conformance/test_messages_proto3.ts:958:24)
    at file:///Users/thesayyn/Documents/thesayyn/protoc-gen-ts/tests/conformance/bin/main.ts:23:78

  protobuf_test_messages.proto2.TestAllTypesProto2 1
  Error: Assertion failed
    at Object.jspb.asserts.doAssertFailure (https://cdn.skypack.dev/-/google-protobuf@v3.21.2-YDUqZL2TTSsy2lGtfuND/dist=es2019,mode=imports/optimized/google-protobuf.js:778:11)
    at Object.jspb.asserts.assert (https://cdn.skypack.dev/-/google-protobuf@v3.21.2-YDUqZL2TTSsy2lGtfuND/dist=es2019,mode=imports/optimized/google-protobuf.js:783:23)
    at jspb.BinaryDecoder.advance (https://cdn.skypack.dev/-/google-protobuf@v3.21.2-YDUqZL2TTSsy2lGtfuND/dist=es2019,mode=imports/optimized/google-protobuf.js:4081:18)
    at jspb.BinaryReader.skipFixed64Field (https://cdn.skypack.dev/-/google-protobuf@v3.21.2-YDUqZL2TTSsy2lGtfuND/dist=es2019,mode=imports/optimized/google-protobuf.js:4409:163)
    at jspb.BinaryReader.skipField (https://cdn.skypack.dev/-/google-protobuf@v3.21.2-YDUqZL2TTSsy2lGtfuND/dist=es2019,mode=imports/optimized/google-protobuf.js:4432:14)
    at Function.deserialize (file:///Users/thesayyn/Documents/thesayyn/protoc-gen-ts/target/debug/build/protoc_gen_ts-8cec2bec66276c47/out/test_conformance/test_messages_proto2.ts:865:24)
    at file:///Users/thesayyn/Documents/thesayyn/protoc-gen-ts/tests/conformance/bin/main.ts:30:78

  protobuf_test_messages.proto3.TestAllTypesProto3 1
  Error: Assertion failed
    at Object.jspb.asserts.doAssertFailure (https://cdn.skypack.dev/-/google-protobuf@v3.21.2-YDUqZL2TTSsy2lGtfuND/dist=es2019,mode=imports/optimized/google-protobuf.js:778:11)
    at Object.jspb.asserts.assert (https://cdn.skypack.dev/-/google-protobuf@v3.21.2-YDUqZL2TTSsy2lGtfuND/dist=es2019,mode=imports/optimized/google-protobuf.js:783:23)
    at jspb.BinaryDecoder.readUint32 (https://cdn.skypack.dev/-/google-protobuf@v3.21.2-YDUqZL2TTSsy2lGtfuND/dist=es2019,mode=imports/optimized/google-protobuf.js:4202:18)
    at jspb.BinaryDecoder.readInt64 (https://cdn.skypack.dev/-/google-protobuf@v3.21.2-YDUqZL2TTSsy2lGtfuND/dist=es2019,mode=imports/optimized/google-protobuf.js:4232:41)
    at jspb.BinaryReader.readPackedField_ (https://cdn.skypack.dev/-/google-protobuf@v3.21.2-YDUqZL2TTSsy2lGtfuND/dist=es2019,mode=imports/optimized/google-protobuf.js:4676:16)
    at jspb.BinaryReader.readPackedSfixed64 (https://cdn.skypack.dev/-/google-protobuf@v3.21.2-YDUqZL2TTSsy2lGtfuND/dist=es2019,mode=imports/optimized/google-protobuf.js:4734:17)
    at Function.deserialize (file:///Users/thesayyn/Documents/thesayyn/protoc-gen-ts/target/debug/build/protoc_gen_ts-8cec2bec66276c47/out/test_conformance/test_messages_proto3.ts:277:80)
    at file:///Users/thesayyn/Documents/thesayyn/protoc-gen-ts/tests/conformance/bin/main.ts:23:78

  protobuf_test_messages.proto2.TestAllTypesProto2 1
  Error: Assertion failed
    at Object.jspb.asserts.doAssertFailure (https://cdn.skypack.dev/-/google-protobuf@v3.21.2-YDUqZL2TTSsy2lGtfuND/dist=es2019,mode=imports/optimized/google-protobuf.js:778:11)
    at Object.jspb.asserts.assert (https://cdn.skypack.dev/-/google-protobuf@v3.21.2-YDUqZL2TTSsy2lGtfuND/dist=es2019,mode=imports/optimized/google-protobuf.js:783:23)
    at jspb.BinaryReader.readSfixed64 (https://cdn.skypack.dev/-/google-protobuf@v3.21.2-YDUqZL2TTSsy2lGtfuND/dist=es2019,mode=imports/optimized/google-protobuf.js:4605:18)
    at Function.deserialize (file:///Users/thesayyn/Documents/thesayyn/protoc-gen-ts/target/debug/build/protoc_gen_ts-8cec2bec66276c47/out/test_conformance/test_messages_proto2.ts:241:55)
    at file:///Users/thesayyn/Documents/thesayyn/protoc-gen-ts/tests/conformance/bin/main.ts:30:78

  protobuf_test_messages.proto3.TestAllTypesProto3 1
  Error: Assertion failed
    at Object.jspb.asserts.doAssertFailure (https://cdn.skypack.dev/-/google-protobuf@v3.21.2-YDUqZL2TTSsy2lGtfuND/dist=es2019,mode=imports/optimized/google-protobuf.js:778:11)
    at Object.jspb.asserts.assert (https://cdn.skypack.dev/-/google-protobuf@v3.21.2-YDUqZL2TTSsy2lGtfuND/dist=es2019,mode=imports/optimized/google-protobuf.js:783:23)
    at jspb.BinaryDecoder.readUint32 (https://cdn.skypack.dev/-/google-protobuf@v3.21.2-YDUqZL2TTSsy2lGtfuND/dist=es2019,mode=imports/optimized/google-protobuf.js:4202:18)
    at jspb.BinaryDecoder.readInt64 (https://cdn.skypack.dev/-/google-protobuf@v3.21.2-YDUqZL2TTSsy2lGtfuND/dist=es2019,mode=imports/optimized/google-protobuf.js:4232:18)
    at jspb.BinaryReader.readPackedField_ (https://cdn.skypack.dev/-/google-protobuf@v3.21.2-YDUqZL2TTSsy2lGtfuND/dist=es2019,mode=imports/optimized/google-protobuf.js:4676:16)
    at jspb.BinaryReader.readPackedSfixed64 (https://cdn.skypack.dev/-/google-protobuf@v3.21.2-YDUqZL2TTSsy2lGtfuND/dist=es2019,mode=imports/optimized/google-protobuf.js:4734:17)
    at Function.deserialize (file:///Users/thesayyn/Documents/thesayyn/protoc-gen-ts/target/debug/build/protoc_gen_ts-8cec2bec66276c47/out/test_conformance/test_messages_proto3.ts:277:80)
    at file:///Users/thesayyn/Documents/thesayyn/protoc-gen-ts/tests/conformance/bin/main.ts:23:78

  protobuf_test_messages.proto2.TestAllTypesProto2 1
  Error: Assertion failed
    at Object.jspb.asserts.doAssertFailure (https://cdn.skypack.dev/-/google-protobuf@v3.21.2-YDUqZL2TTSsy2lGtfuND/dist=es2019,mode=imports/optimized/google-protobuf.js:778:11)
    at Object.jspb.asserts.assert (https://cdn.skypack.dev/-/google-protobuf@v3.21.2-YDUqZL2TTSsy2lGtfuND/dist=es2019,mode=imports/optimized/google-protobuf.js:783:23)
    at jspb.BinaryReader.readSfixed64 (https://cdn.skypack.dev/-/google-protobuf@v3.21.2-YDUqZL2TTSsy2lGtfuND/dist=es2019,mode=imports/optimized/google-protobuf.js:4605:18)
    at Function.deserialize (file:///Users/thesayyn/Documents/thesayyn/protoc-gen-ts/target/debug/build/protoc_gen_ts-8cec2bec66276c47/out/test_conformance/test_messages_proto2.ts:241:55)
    at file:///Users/thesayyn/Documents/thesayyn/protoc-gen-ts/tests/conformance/bin/main.ts:30:78

  protobuf_test_messages.proto3.TestAllTypesProto3 1
  Error: Assertion failed
    at Object.jspb.asserts.doAssertFailure (https://cdn.skypack.dev/-/google-protobuf@v3.21.2-YDUqZL2TTSsy2lGtfuND/dist=es2019,mode=imports/optimized/google-protobuf.js:778:11)
    at Object.jspb.asserts.assert (https://cdn.skypack.dev/-/google-protobuf@v3.21.2-YDUqZL2TTSsy2lGtfuND/dist=es2019,mode=imports/optimized/google-protobuf.js:783:23)
    at jspb.BinaryDecoder.readUnsignedVarint32 (https://cdn.skypack.dev/-/google-protobuf@v3.21.2-YDUqZL2TTSsy2lGtfuND/dist=es2019,mode=imports/optimized/google-protobuf.js:4150:18)
    at jspb.BinaryDecoder.readZigzagVarint32 (https://cdn.skypack.dev/-/google-protobuf@v3.21.2-YDUqZL2TTSsy2lGtfuND/dist=es2019,mode=imports/optimized/google-protobuf.js:4163:18)
    at jspb.BinaryReader.readSint32 (https://cdn.skypack.dev/-/google-protobuf@v3.21.2-YDUqZL2TTSsy2lGtfuND/dist=es2019,mode=imports/optimized/google-protobuf.js:4569:26)
    at Function.deserialize (file:///Users/thesayyn/Documents/thesayyn/protoc-gen-ts/target/debug/build/protoc_gen_ts-8cec2bec66276c47/out/test_conformance/test_messages_proto3.ts:184:50)
    at file:///Users/thesayyn/Documents/thesayyn/protoc-gen-ts/tests/conformance/bin/main.ts:23:78

  protobuf_test_messages.proto2.TestAllTypesProto2 1
  Error: Assertion failed
    at Object.jspb.asserts.doAssertFailure (https://cdn.skypack.dev/-/google-protobuf@v3.21.2-YDUqZL2TTSsy2lGtfuND/dist=es2019,mode=imports/optimized/google-protobuf.js:778:11)
    at Object.jspb.asserts.assert (https://cdn.skypack.dev/-/google-protobuf@v3.21.2-YDUqZL2TTSsy2lGtfuND/dist=es2019,mode=imports/optimized/google-protobuf.js:783:23)
    at jspb.BinaryDecoder.readUnsignedVarint32 (https://cdn.skypack.dev/-/google-protobuf@v3.21.2-YDUqZL2TTSsy2lGtfuND/dist=es2019,mode=imports/optimized/google-protobuf.js:4150:18)
    at jspb.BinaryDecoder.readZigzagVarint32 (https://cdn.skypack.dev/-/google-protobuf@v3.21.2-YDUqZL2TTSsy2lGtfuND/dist=es2019,mode=imports/optimized/google-protobuf.js:4163:18)
    at jspb.BinaryReader.readSint32 (https://cdn.skypack.dev/-/google-protobuf@v3.21.2-YDUqZL2TTSsy2lGtfuND/dist=es2019,mode=imports/optimized/google-protobuf.js:4569:26)
    at Function.deserialize (file:///Users/thesayyn/Documents/thesayyn/protoc-gen-ts/target/debug/build/protoc_gen_ts-8cec2bec66276c47/out/test_conformance/test_messages_proto2.ts:160:50)
    at file:///Users/thesayyn/Documents/thesayyn/protoc-gen-ts/tests/conformance/bin/main.ts:30:78

  protobuf_test_messages.proto3.TestAllTypesProto3 1
  Error: Assertion failed
    at Object.jspb.asserts.doAssertFailure (https://cdn.skypack.dev/-/google-protobuf@v3.21.2-YDUqZL2TTSsy2lGtfuND/dist=es2019,mode=imports/optimized/google-protobuf.js:778:11)
    at Object.jspb.asserts.assert (https://cdn.skypack.dev/-/google-protobuf@v3.21.2-YDUqZL2TTSsy2lGtfuND/dist=es2019,mode=imports/optimized/google-protobuf.js:783:23)
    at jspb.BinaryDecoder.readUnsignedVarint32 (https://cdn.skypack.dev/-/google-protobuf@v3.21.2-YDUqZL2TTSsy2lGtfuND/dist=es2019,mode=imports/optimized/google-protobuf.js:4150:18)
    at jspb.BinaryDecoder.readZigzagVarint32 (https://cdn.skypack.dev/-/google-protobuf@v3.21.2-YDUqZL2TTSsy2lGtfuND/dist=es2019,mode=imports/optimized/google-protobuf.js:4163:18)
    at jspb.BinaryReader.readSint32 (https://cdn.skypack.dev/-/google-protobuf@v3.21.2-YDUqZL2TTSsy2lGtfuND/dist=es2019,mode=imports/optimized/google-protobuf.js:4569:26)
    at Function.deserialize (file:///Users/thesayyn/Documents/thesayyn/protoc-gen-ts/target/debug/build/protoc_gen_ts-8cec2bec66276c47/out/test_conformance/test_messages_proto3.ts:258:58)
    at file:///Users/thesayyn/Documents/thesayyn/protoc-gen-ts/tests/conformance/bin/main.ts:23:78

  protobuf_test_messages.proto2.TestAllTypesProto2 1
  Error: Assertion failed
    at Object.jspb.asserts.doAssertFailure (https://cdn.skypack.dev/-/google-protobuf@v3.21.2-YDUqZL2TTSsy2lGtfuND/dist=es2019,mode=imports/optimized/google-protobuf.js:778:11)
    at Object.jspb.asserts.assert (https://cdn.skypack.dev/-/google-protobuf@v3.21.2-YDUqZL2TTSsy2lGtfuND/dist=es2019,mode=imports/optimized/google-protobuf.js:783:23)
    at jspb.BinaryDecoder.readUnsignedVarint32 (https://cdn.skypack.dev/-/google-protobuf@v3.21.2-YDUqZL2TTSsy2lGtfuND/dist=es2019,mode=imports/optimized/google-protobuf.js:4150:18)
    at jspb.BinaryDecoder.readZigzagVarint32 (https://cdn.skypack.dev/-/google-protobuf@v3.21.2-YDUqZL2TTSsy2lGtfuND/dist=es2019,mode=imports/optimized/google-protobuf.js:4163:18)
    at jspb.BinaryReader.readSint32 (https://cdn.skypack.dev/-/google-protobuf@v3.21.2-YDUqZL2TTSsy2lGtfuND/dist=es2019,mode=imports/optimized/google-protobuf.js:4569:26)
    at Function.deserialize (file:///Users/thesayyn/Documents/thesayyn/protoc-gen-ts/target/debug/build/protoc_gen_ts-8cec2bec66276c47/out/test_conformance/test_messages_proto2.ts:226:53)
    at file:///Users/thesayyn/Documents/thesayyn/protoc-gen-ts/tests/conformance/bin/main.ts:30:78

  protobuf_test_messages.proto3.TestAllTypesProto3 1
  Error: Failure: Decoder hit an error
    at Object.jspb.asserts.fail (https://cdn.skypack.dev/-/google-protobuf@v3.21.2-YDUqZL2TTSsy2lGtfuND/dist=es2019,mode=imports/optimized/google-protobuf.js:801:11)
    at jspb.BinaryReader.nextField (https://cdn.skypack.dev/-/google-protobuf@v3.21.2-YDUqZL2TTSsy2lGtfuND/dist=es2019,mode=imports/optimized/google-protobuf.js:4374:27)
    at Function.deserialize (file:///Users/thesayyn/Documents/thesayyn/protoc-gen-ts/target/debug/build/protoc_gen_ts-8cec2bec66276c47/out/test_conformance/test_messages_proto3.ts:169:18)
    at file:///Users/thesayyn/Documents/thesayyn/protoc-gen-ts/tests/conformance/bin/main.ts:23:78

  protobuf_test_messages.proto2.TestAllTypesProto2 1
  Error: Failure: Decoder hit an error
    at Object.jspb.asserts.fail (https://cdn.skypack.dev/-/google-protobuf@v3.21.2-YDUqZL2TTSsy2lGtfuND/dist=es2019,mode=imports/optimized/google-protobuf.js:801:11)
    at jspb.BinaryReader.nextField (https://cdn.skypack.dev/-/google-protobuf@v3.21.2-YDUqZL2TTSsy2lGtfuND/dist=es2019,mode=imports/optimized/google-protobuf.js:4374:27)
    at Function.deserialize (file:///Users/thesayyn/Documents/thesayyn/protoc-gen-ts/target/debug/build/protoc_gen_ts-8cec2bec66276c47/out/test_conformance/test_messages_proto2.ts:145:18)
    at file:///Users/thesayyn/Documents/thesayyn/protoc-gen-ts/tests/conformance/bin/main.ts:30:78

  protobuf_test_messages.proto3.TestAllTypesProto3 1
  Error: Assertion failed
    at Object.jspb.asserts.doAssertFailure (https://cdn.skypack.dev/-/google-protobuf@v3.21.2-YDUqZL2TTSsy2lGtfuND/dist=es2019,mode=imports/optimized/google-protobuf.js:778:11)
    at Object.jspb.asserts.assert (https://cdn.skypack.dev/-/google-protobuf@v3.21.2-YDUqZL2TTSsy2lGtfuND/dist=es2019,mode=imports/optimized/google-protobuf.js:783:23)
    at jspb.BinaryDecoder.readUnsignedVarint32 (https://cdn.skypack.dev/-/google-protobuf@v3.21.2-YDUqZL2TTSsy2lGtfuND/dist=es2019,mode=imports/optimized/google-protobuf.js:4150:18)
    at jspb.BinaryDecoder.readZigzagVarint32 (https://cdn.skypack.dev/-/google-protobuf@v3.21.2-YDUqZL2TTSsy2lGtfuND/dist=es2019,mode=imports/optimized/google-protobuf.js:4163:18)
    at jspb.BinaryReader.readSint32 (https://cdn.skypack.dev/-/google-protobuf@v3.21.2-YDUqZL2TTSsy2lGtfuND/dist=es2019,mode=imports/optimized/google-protobuf.js:4569:26)
    at Function.deserialize (file:///Users/thesayyn/Documents/thesayyn/protoc-gen-ts/target/debug/build/protoc_gen_ts-8cec2bec66276c47/out/test_conformance/test_messages_proto3.ts:184:50)
    at file:///Users/thesayyn/Documents/thesayyn/protoc-gen-ts/tests/conformance/bin/main.ts:23:78

  protobuf_test_messages.proto2.TestAllTypesProto2 1
  Error: Assertion failed
    at Object.jspb.asserts.doAssertFailure (https://cdn.skypack.dev/-/google-protobuf@v3.21.2-YDUqZL2TTSsy2lGtfuND/dist=es2019,mode=imports/optimized/google-protobuf.js:778:11)
    at Object.jspb.asserts.assert (https://cdn.skypack.dev/-/google-protobuf@v3.21.2-YDUqZL2TTSsy2lGtfuND/dist=es2019,mode=imports/optimized/google-protobuf.js:783:23)
    at jspb.BinaryDecoder.readUnsignedVarint32 (https://cdn.skypack.dev/-/google-protobuf@v3.21.2-YDUqZL2TTSsy2lGtfuND/dist=es2019,mode=imports/optimized/google-protobuf.js:4150:18)
    at jspb.BinaryDecoder.readZigzagVarint32 (https://cdn.skypack.dev/-/google-protobuf@v3.21.2-YDUqZL2TTSsy2lGtfuND/dist=es2019,mode=imports/optimized/google-protobuf.js:4163:18)
    at jspb.BinaryReader.readSint32 (https://cdn.skypack.dev/-/google-protobuf@v3.21.2-YDUqZL2TTSsy2lGtfuND/dist=es2019,mode=imports/optimized/google-protobuf.js:4569:26)
    at Function.deserialize (file:///Users/thesayyn/Documents/thesayyn/protoc-gen-ts/target/debug/build/protoc_gen_ts-8cec2bec66276c47/out/test_conformance/test_messages_proto2.ts:160:50)
    at file:///Users/thesayyn/Documents/thesayyn/protoc-gen-ts/tests/conformance/bin/main.ts:30:78

  protobuf_test_messages.proto3.TestAllTypesProto3 1
  Error: Assertion failed
    at Object.jspb.asserts.doAssertFailure (https://cdn.skypack.dev/-/google-protobuf@v3.21.2-YDUqZL2TTSsy2lGtfuND/dist=es2019,mode=imports/optimized/google-protobuf.js:778:11)
    at Object.jspb.asserts.assert (https://cdn.skypack.dev/-/google-protobuf@v3.21.2-YDUqZL2TTSsy2lGtfuND/dist=es2019,mode=imports/optimized/google-protobuf.js:783:23)
    at jspb.BinaryDecoder.readUnsignedVarint32 (https://cdn.skypack.dev/-/google-protobuf@v3.21.2-YDUqZL2TTSsy2lGtfuND/dist=es2019,mode=imports/optimized/google-protobuf.js:4150:18)
    at jspb.BinaryDecoder.readZigzagVarint32 (https://cdn.skypack.dev/-/google-protobuf@v3.21.2-YDUqZL2TTSsy2lGtfuND/dist=es2019,mode=imports/optimized/google-protobuf.js:4163:18)
    at jspb.BinaryReader.readSint32 (https://cdn.skypack.dev/-/google-protobuf@v3.21.2-YDUqZL2TTSsy2lGtfuND/dist=es2019,mode=imports/optimized/google-protobuf.js:4569:26)
    at Function.deserialize (file:///Users/thesayyn/Documents/thesayyn/protoc-gen-ts/target/debug/build/protoc_gen_ts-8cec2bec66276c47/out/test_conformance/test_messages_proto3.ts:258:58)
    at file:///Users/thesayyn/Documents/thesayyn/protoc-gen-ts/tests/conformance/bin/main.ts:23:78

  protobuf_test_messages.proto2.TestAllTypesProto2 1
  Error: Assertion failed
    at Object.jspb.asserts.doAssertFailure (https://cdn.skypack.dev/-/google-protobuf@v3.21.2-YDUqZL2TTSsy2lGtfuND/dist=es2019,mode=imports/optimized/google-protobuf.js:778:11)
    at Object.jspb.asserts.assert (https://cdn.skypack.dev/-/google-protobuf@v3.21.2-YDUqZL2TTSsy2lGtfuND/dist=es2019,mode=imports/optimized/google-protobuf.js:783:23)
    at jspb.BinaryDecoder.readUnsignedVarint32 (https://cdn.skypack.dev/-/google-protobuf@v3.21.2-YDUqZL2TTSsy2lGtfuND/dist=es2019,mode=imports/optimized/google-protobuf.js:4150:18)
    at jspb.BinaryDecoder.readZigzagVarint32 (https://cdn.skypack.dev/-/google-protobuf@v3.21.2-YDUqZL2TTSsy2lGtfuND/dist=es2019,mode=imports/optimized/google-protobuf.js:4163:18)
    at jspb.BinaryReader.readSint32 (https://cdn.skypack.dev/-/google-protobuf@v3.21.2-YDUqZL2TTSsy2lGtfuND/dist=es2019,mode=imports/optimized/google-protobuf.js:4569:26)
    at Function.deserialize (file:///Users/thesayyn/Documents/thesayyn/protoc-gen-ts/target/debug/build/protoc_gen_ts-8cec2bec66276c47/out/test_conformance/test_messages_proto2.ts:226:53)
    at file:///Users/thesayyn/Documents/thesayyn/protoc-gen-ts/tests/conformance/bin/main.ts:30:78

  protobuf_test_messages.proto3.TestAllTypesProto3 1
  Error: Failure: Decoder hit an error
    at Object.jspb.asserts.fail (https://cdn.skypack.dev/-/google-protobuf@v3.21.2-YDUqZL2TTSsy2lGtfuND/dist=es2019,mode=imports/optimized/google-protobuf.js:801:11)
    at jspb.BinaryReader.nextField (https://cdn.skypack.dev/-/google-protobuf@v3.21.2-YDUqZL2TTSsy2lGtfuND/dist=es2019,mode=imports/optimized/google-protobuf.js:4374:27)
    at Function.deserialize (file:///Users/thesayyn/Documents/thesayyn/protoc-gen-ts/target/debug/build/protoc_gen_ts-8cec2bec66276c47/out/test_conformance/test_messages_proto3.ts:169:18)
    at file:///Users/thesayyn/Documents/thesayyn/protoc-gen-ts/tests/conformance/bin/main.ts:23:78

  protobuf_test_messages.proto2.TestAllTypesProto2 1
  Error: Failure: Decoder hit an error
    at Object.jspb.asserts.fail (https://cdn.skypack.dev/-/google-protobuf@v3.21.2-YDUqZL2TTSsy2lGtfuND/dist=es2019,mode=imports/optimized/google-protobuf.js:801:11)
    at jspb.BinaryReader.nextField (https://cdn.skypack.dev/-/google-protobuf@v3.21.2-YDUqZL2TTSsy2lGtfuND/dist=es2019,mode=imports/optimized/google-protobuf.js:4374:27)
    at Function.deserialize (file:///Users/thesayyn/Documents/thesayyn/protoc-gen-ts/target/debug/build/protoc_gen_ts-8cec2bec66276c47/out/test_conformance/test_messages_proto2.ts:145:18)
    at file:///Users/thesayyn/Documents/thesayyn/protoc-gen-ts/tests/conformance/bin/main.ts:30:78

  protobuf_test_messages.proto3.TestAllTypesProto3 1
  Error: Assertion failed
    at Object.jspb.asserts.doAssertFailure (https://cdn.skypack.dev/-/google-protobuf@v3.21.2-YDUqZL2TTSsy2lGtfuND/dist=es2019,mode=imports/optimized/google-protobuf.js:778:11)
    at Object.jspb.asserts.assert (https://cdn.skypack.dev/-/google-protobuf@v3.21.2-YDUqZL2TTSsy2lGtfuND/dist=es2019,mode=imports/optimized/google-protobuf.js:783:23)
    at jspb.BinaryDecoder.readUnsignedVarint32 (https://cdn.skypack.dev/-/google-protobuf@v3.21.2-YDUqZL2TTSsy2lGtfuND/dist=es2019,mode=imports/optimized/google-protobuf.js:4150:18)
    at jspb.BinaryDecoder.readZigzagVarint32 (https://cdn.skypack.dev/-/google-protobuf@v3.21.2-YDUqZL2TTSsy2lGtfuND/dist=es2019,mode=imports/optimized/google-protobuf.js:4163:18)
    at jspb.BinaryReader.readPackedField_ (https://cdn.skypack.dev/-/google-protobuf@v3.21.2-YDUqZL2TTSsy2lGtfuND/dist=es2019,mode=imports/optimized/google-protobuf.js:4676:16)
    at jspb.BinaryReader.readPackedSint32 (https://cdn.skypack.dev/-/google-protobuf@v3.21.2-YDUqZL2TTSsy2lGtfuND/dist=es2019,mode=imports/optimized/google-protobuf.js:4708:17)
    at Function.deserialize (file:///Users/thesayyn/Documents/thesayyn/protoc-gen-ts/target/debug/build/protoc_gen_ts-8cec2bec66276c47/out/test_conformance/test_messages_proto3.ts:257:78)
    at file:///Users/thesayyn/Documents/thesayyn/protoc-gen-ts/tests/conformance/bin/main.ts:23:78

  protobuf_test_messages.proto2.TestAllTypesProto2 1
  Error: Assertion failed
    at Object.jspb.asserts.doAssertFailure (https://cdn.skypack.dev/-/google-protobuf@v3.21.2-YDUqZL2TTSsy2lGtfuND/dist=es2019,mode=imports/optimized/google-protobuf.js:778:11)
    at Object.jspb.asserts.assert (https://cdn.skypack.dev/-/google-protobuf@v3.21.2-YDUqZL2TTSsy2lGtfuND/dist=es2019,mode=imports/optimized/google-protobuf.js:783:23)
    at jspb.BinaryReader.readSint32 (https://cdn.skypack.dev/-/google-protobuf@v3.21.2-YDUqZL2TTSsy2lGtfuND/dist=es2019,mode=imports/optimized/google-protobuf.js:4568:18)
    at Function.deserialize (file:///Users/thesayyn/Documents/thesayyn/protoc-gen-ts/target/debug/build/protoc_gen_ts-8cec2bec66276c47/out/test_conformance/test_messages_proto2.ts:226:53)
    at file:///Users/thesayyn/Documents/thesayyn/protoc-gen-ts/tests/conformance/bin/main.ts:30:78

  protobuf_test_messages.proto3.TestAllTypesProto3 1
  Error: Assertion failed
    at Object.jspb.asserts.doAssertFailure (https://cdn.skypack.dev/-/google-protobuf@v3.21.2-YDUqZL2TTSsy2lGtfuND/dist=es2019,mode=imports/optimized/google-protobuf.js:778:11)
    at Object.jspb.asserts.assert (https://cdn.skypack.dev/-/google-protobuf@v3.21.2-YDUqZL2TTSsy2lGtfuND/dist=es2019,mode=imports/optimized/google-protobuf.js:783:23)
    at jspb.BinaryDecoder.readUnsignedVarint32 (https://cdn.skypack.dev/-/google-protobuf@v3.21.2-YDUqZL2TTSsy2lGtfuND/dist=es2019,mode=imports/optimized/google-protobuf.js:4150:18)
    at jspb.BinaryDecoder.readZigzagVarint32 (https://cdn.skypack.dev/-/google-protobuf@v3.21.2-YDUqZL2TTSsy2lGtfuND/dist=es2019,mode=imports/optimized/google-protobuf.js:4163:18)
    at jspb.BinaryReader.readPackedField_ (https://cdn.skypack.dev/-/google-protobuf@v3.21.2-YDUqZL2TTSsy2lGtfuND/dist=es2019,mode=imports/optimized/google-protobuf.js:4676:16)
    at jspb.BinaryReader.readPackedSint32 (https://cdn.skypack.dev/-/google-protobuf@v3.21.2-YDUqZL2TTSsy2lGtfuND/dist=es2019,mode=imports/optimized/google-protobuf.js:4708:17)
    at Function.deserialize (file:///Users/thesayyn/Documents/thesayyn/protoc-gen-ts/target/debug/build/protoc_gen_ts-8cec2bec66276c47/out/test_conformance/test_messages_proto3.ts:257:78)
    at file:///Users/thesayyn/Documents/thesayyn/protoc-gen-ts/tests/conformance/bin/main.ts:23:78

  protobuf_test_messages.proto2.TestAllTypesProto2 1
  Error: Assertion failed
    at Object.jspb.asserts.doAssertFailure (https://cdn.skypack.dev/-/google-protobuf@v3.21.2-YDUqZL2TTSsy2lGtfuND/dist=es2019,mode=imports/optimized/google-protobuf.js:778:11)
    at Object.jspb.asserts.assert (https://cdn.skypack.dev/-/google-protobuf@v3.21.2-YDUqZL2TTSsy2lGtfuND/dist=es2019,mode=imports/optimized/google-protobuf.js:783:23)
    at jspb.BinaryReader.readSint32 (https://cdn.skypack.dev/-/google-protobuf@v3.21.2-YDUqZL2TTSsy2lGtfuND/dist=es2019,mode=imports/optimized/google-protobuf.js:4568:18)
    at Function.deserialize (file:///Users/thesayyn/Documents/thesayyn/protoc-gen-ts/target/debug/build/protoc_gen_ts-8cec2bec66276c47/out/test_conformance/test_messages_proto2.ts:226:53)
    at file:///Users/thesayyn/Documents/thesayyn/protoc-gen-ts/tests/conformance/bin/main.ts:30:78

  protobuf_test_messages.proto3.TestAllTypesProto3 1
  Error: Failure: Failed to read varint, encoding is invalid.
    at Object.jspb.asserts.fail (https://cdn.skypack.dev/-/google-protobuf@v3.21.2-YDUqZL2TTSsy2lGtfuND/dist=es2019,mode=imports/optimized/google-protobuf.js:801:11)
    at jspb.BinaryDecoder.readSplitVarint64 (https://cdn.skypack.dev/-/google-protobuf@v3.21.2-YDUqZL2TTSsy2lGtfuND/dist=es2019,mode=imports/optimized/google-protobuf.js:4101:18)
    at jspb.BinaryDecoder.readZigzagVarint64 (https://cdn.skypack.dev/-/google-protobuf@v3.21.2-YDUqZL2TTSsy2lGtfuND/dist=es2019,mode=imports/optimized/google-protobuf.js:4179:17)
    at jspb.BinaryReader.readSint64 (https://cdn.skypack.dev/-/google-protobuf@v3.21.2-YDUqZL2TTSsy2lGtfuND/dist=es2019,mode=imports/optimized/google-protobuf.js:4574:26)
    at Function.deserialize (file:///Users/thesayyn/Documents/thesayyn/protoc-gen-ts/target/debug/build/protoc_gen_ts-8cec2bec66276c47/out/test_conformance/test_messages_proto3.ts:187:50)
    at file:///Users/thesayyn/Documents/thesayyn/protoc-gen-ts/tests/conformance/bin/main.ts:23:78

  protobuf_test_messages.proto2.TestAllTypesProto2 1
  Error: Failure: Failed to read varint, encoding is invalid.
    at Object.jspb.asserts.fail (https://cdn.skypack.dev/-/google-protobuf@v3.21.2-YDUqZL2TTSsy2lGtfuND/dist=es2019,mode=imports/optimized/google-protobuf.js:801:11)
    at jspb.BinaryDecoder.readSplitVarint64 (https://cdn.skypack.dev/-/google-protobuf@v3.21.2-YDUqZL2TTSsy2lGtfuND/dist=es2019,mode=imports/optimized/google-protobuf.js:4101:18)
    at jspb.BinaryDecoder.readZigzagVarint64 (https://cdn.skypack.dev/-/google-protobuf@v3.21.2-YDUqZL2TTSsy2lGtfuND/dist=es2019,mode=imports/optimized/google-protobuf.js:4179:17)
    at jspb.BinaryReader.readSint64 (https://cdn.skypack.dev/-/google-protobuf@v3.21.2-YDUqZL2TTSsy2lGtfuND/dist=es2019,mode=imports/optimized/google-protobuf.js:4574:26)
    at Function.deserialize (file:///Users/thesayyn/Documents/thesayyn/protoc-gen-ts/target/debug/build/protoc_gen_ts-8cec2bec66276c47/out/test_conformance/test_messages_proto2.ts:163:50)
    at file:///Users/thesayyn/Documents/thesayyn/protoc-gen-ts/tests/conformance/bin/main.ts:30:78

  protobuf_test_messages.proto3.TestAllTypesProto3 1
  Error: Failure: Failed to read varint, encoding is invalid.
    at Object.jspb.asserts.fail (https://cdn.skypack.dev/-/google-protobuf@v3.21.2-YDUqZL2TTSsy2lGtfuND/dist=es2019,mode=imports/optimized/google-protobuf.js:801:11)
    at jspb.BinaryDecoder.readSplitVarint64 (https://cdn.skypack.dev/-/google-protobuf@v3.21.2-YDUqZL2TTSsy2lGtfuND/dist=es2019,mode=imports/optimized/google-protobuf.js:4101:18)
    at jspb.BinaryDecoder.readZigzagVarint64 (https://cdn.skypack.dev/-/google-protobuf@v3.21.2-YDUqZL2TTSsy2lGtfuND/dist=es2019,mode=imports/optimized/google-protobuf.js:4179:17)
    at jspb.BinaryReader.readSint64 (https://cdn.skypack.dev/-/google-protobuf@v3.21.2-YDUqZL2TTSsy2lGtfuND/dist=es2019,mode=imports/optimized/google-protobuf.js:4574:26)
    at Function.deserialize (file:///Users/thesayyn/Documents/thesayyn/protoc-gen-ts/target/debug/build/protoc_gen_ts-8cec2bec66276c47/out/test_conformance/test_messages_proto3.ts:262:58)
    at file:///Users/thesayyn/Documents/thesayyn/protoc-gen-ts/tests/conformance/bin/main.ts:23:78

  protobuf_test_messages.proto2.TestAllTypesProto2 1
  Error: Failure: Failed to read varint, encoding is invalid.
    at Object.jspb.asserts.fail (https://cdn.skypack.dev/-/google-protobuf@v3.21.2-YDUqZL2TTSsy2lGtfuND/dist=es2019,mode=imports/optimized/google-protobuf.js:801:11)
    at jspb.BinaryDecoder.readSplitVarint64 (https://cdn.skypack.dev/-/google-protobuf@v3.21.2-YDUqZL2TTSsy2lGtfuND/dist=es2019,mode=imports/optimized/google-protobuf.js:4101:18)
    at jspb.BinaryDecoder.readZigzagVarint64 (https://cdn.skypack.dev/-/google-protobuf@v3.21.2-YDUqZL2TTSsy2lGtfuND/dist=es2019,mode=imports/optimized/google-protobuf.js:4179:17)
    at jspb.BinaryReader.readSint64 (https://cdn.skypack.dev/-/google-protobuf@v3.21.2-YDUqZL2TTSsy2lGtfuND/dist=es2019,mode=imports/optimized/google-protobuf.js:4574:26)
    at Function.deserialize (file:///Users/thesayyn/Documents/thesayyn/protoc-gen-ts/target/debug/build/protoc_gen_ts-8cec2bec66276c47/out/test_conformance/test_messages_proto2.ts:229:53)
    at file:///Users/thesayyn/Documents/thesayyn/protoc-gen-ts/tests/conformance/bin/main.ts:30:78

  protobuf_test_messages.proto3.TestAllTypesProto3 1
  Error: Failure: Decoder hit an error
    at Object.jspb.asserts.fail (https://cdn.skypack.dev/-/google-protobuf@v3.21.2-YDUqZL2TTSsy2lGtfuND/dist=es2019,mode=imports/optimized/google-protobuf.js:801:11)
    at jspb.BinaryReader.nextField (https://cdn.skypack.dev/-/google-protobuf@v3.21.2-YDUqZL2TTSsy2lGtfuND/dist=es2019,mode=imports/optimized/google-protobuf.js:4374:27)
    at Function.deserialize (file:///Users/thesayyn/Documents/thesayyn/protoc-gen-ts/target/debug/build/protoc_gen_ts-8cec2bec66276c47/out/test_conformance/test_messages_proto3.ts:169:18)
    at file:///Users/thesayyn/Documents/thesayyn/protoc-gen-ts/tests/conformance/bin/main.ts:23:78

  protobuf_test_messages.proto2.TestAllTypesProto2 1
  Error: Failure: Decoder hit an error
    at Object.jspb.asserts.fail (https://cdn.skypack.dev/-/google-protobuf@v3.21.2-YDUqZL2TTSsy2lGtfuND/dist=es2019,mode=imports/optimized/google-protobuf.js:801:11)
    at jspb.BinaryReader.nextField (https://cdn.skypack.dev/-/google-protobuf@v3.21.2-YDUqZL2TTSsy2lGtfuND/dist=es2019,mode=imports/optimized/google-protobuf.js:4374:27)
    at Function.deserialize (file:///Users/thesayyn/Documents/thesayyn/protoc-gen-ts/target/debug/build/protoc_gen_ts-8cec2bec66276c47/out/test_conformance/test_messages_proto2.ts:145:18)
    at file:///Users/thesayyn/Documents/thesayyn/protoc-gen-ts/tests/conformance/bin/main.ts:30:78

  protobuf_test_messages.proto3.TestAllTypesProto3 1
  Error: Failure: Failed to read varint, encoding is invalid.
    at Object.jspb.asserts.fail (https://cdn.skypack.dev/-/google-protobuf@v3.21.2-YDUqZL2TTSsy2lGtfuND/dist=es2019,mode=imports/optimized/google-protobuf.js:801:11)
    at jspb.BinaryDecoder.readSplitVarint64 (https://cdn.skypack.dev/-/google-protobuf@v3.21.2-YDUqZL2TTSsy2lGtfuND/dist=es2019,mode=imports/optimized/google-protobuf.js:4101:18)
    at jspb.BinaryDecoder.readZigzagVarint64 (https://cdn.skypack.dev/-/google-protobuf@v3.21.2-YDUqZL2TTSsy2lGtfuND/dist=es2019,mode=imports/optimized/google-protobuf.js:4179:17)
    at jspb.BinaryReader.readSint64 (https://cdn.skypack.dev/-/google-protobuf@v3.21.2-YDUqZL2TTSsy2lGtfuND/dist=es2019,mode=imports/optimized/google-protobuf.js:4574:26)
    at Function.deserialize (file:///Users/thesayyn/Documents/thesayyn/protoc-gen-ts/target/debug/build/protoc_gen_ts-8cec2bec66276c47/out/test_conformance/test_messages_proto3.ts:187:50)
    at file:///Users/thesayyn/Documents/thesayyn/protoc-gen-ts/tests/conformance/bin/main.ts:23:78

  protobuf_test_messages.proto2.TestAllTypesProto2 1
  Error: Failure: Failed to read varint, encoding is invalid.
    at Object.jspb.asserts.fail (https://cdn.skypack.dev/-/google-protobuf@v3.21.2-YDUqZL2TTSsy2lGtfuND/dist=es2019,mode=imports/optimized/google-protobuf.js:801:11)
    at jspb.BinaryDecoder.readSplitVarint64 (https://cdn.skypack.dev/-/google-protobuf@v3.21.2-YDUqZL2TTSsy2lGtfuND/dist=es2019,mode=imports/optimized/google-protobuf.js:4101:18)
    at jspb.BinaryDecoder.readZigzagVarint64 (https://cdn.skypack.dev/-/google-protobuf@v3.21.2-YDUqZL2TTSsy2lGtfuND/dist=es2019,mode=imports/optimized/google-protobuf.js:4179:17)
    at jspb.BinaryReader.readSint64 (https://cdn.skypack.dev/-/google-protobuf@v3.21.2-YDUqZL2TTSsy2lGtfuND/dist=es2019,mode=imports/optimized/google-protobuf.js:4574:26)
    at Function.deserialize (file:///Users/thesayyn/Documents/thesayyn/protoc-gen-ts/target/debug/build/protoc_gen_ts-8cec2bec66276c47/out/test_conformance/test_messages_proto2.ts:163:50)
    at file:///Users/thesayyn/Documents/thesayyn/protoc-gen-ts/tests/conformance/bin/main.ts:30:78

  protobuf_test_messages.proto3.TestAllTypesProto3 1
  Error: Failure: Failed to read varint, encoding is invalid.
    at Object.jspb.asserts.fail (https://cdn.skypack.dev/-/google-protobuf@v3.21.2-YDUqZL2TTSsy2lGtfuND/dist=es2019,mode=imports/optimized/google-protobuf.js:801:11)
    at jspb.BinaryDecoder.readSplitVarint64 (https://cdn.skypack.dev/-/google-protobuf@v3.21.2-YDUqZL2TTSsy2lGtfuND/dist=es2019,mode=imports/optimized/google-protobuf.js:4101:18)
    at jspb.BinaryDecoder.readZigzagVarint64 (https://cdn.skypack.dev/-/google-protobuf@v3.21.2-YDUqZL2TTSsy2lGtfuND/dist=es2019,mode=imports/optimized/google-protobuf.js:4179:17)
    at jspb.BinaryReader.readSint64 (https://cdn.skypack.dev/-/google-protobuf@v3.21.2-YDUqZL2TTSsy2lGtfuND/dist=es2019,mode=imports/optimized/google-protobuf.js:4574:26)
    at Function.deserialize (file:///Users/thesayyn/Documents/thesayyn/protoc-gen-ts/target/debug/build/protoc_gen_ts-8cec2bec66276c47/out/test_conformance/test_messages_proto3.ts:262:58)
    at file:///Users/thesayyn/Documents/thesayyn/protoc-gen-ts/tests/conformance/bin/main.ts:23:78

  protobuf_test_messages.proto2.TestAllTypesProto2 1
  Error: Failure: Failed to read varint, encoding is invalid.
    at Object.jspb.asserts.fail (https://cdn.skypack.dev/-/google-protobuf@v3.21.2-YDUqZL2TTSsy2lGtfuND/dist=es2019,mode=imports/optimized/google-protobuf.js:801:11)
    at jspb.BinaryDecoder.readSplitVarint64 (https://cdn.skypack.dev/-/google-protobuf@v3.21.2-YDUqZL2TTSsy2lGtfuND/dist=es2019,mode=imports/optimized/google-protobuf.js:4101:18)
    at jspb.BinaryDecoder.readZigzagVarint64 (https://cdn.skypack.dev/-/google-protobuf@v3.21.2-YDUqZL2TTSsy2lGtfuND/dist=es2019,mode=imports/optimized/google-protobuf.js:4179:17)
    at jspb.BinaryReader.readSint64 (https://cdn.skypack.dev/-/google-protobuf@v3.21.2-YDUqZL2TTSsy2lGtfuND/dist=es2019,mode=imports/optimized/google-protobuf.js:4574:26)
    at Function.deserialize (file:///Users/thesayyn/Documents/thesayyn/protoc-gen-ts/target/debug/build/protoc_gen_ts-8cec2bec66276c47/out/test_conformance/test_messages_proto2.ts:229:53)
    at file:///Users/thesayyn/Documents/thesayyn/protoc-gen-ts/tests/conformance/bin/main.ts:30:78

  protobuf_test_messages.proto3.TestAllTypesProto3 1
  Error: Failure: Decoder hit an error
    at Object.jspb.asserts.fail (https://cdn.skypack.dev/-/google-protobuf@v3.21.2-YDUqZL2TTSsy2lGtfuND/dist=es2019,mode=imports/optimized/google-protobuf.js:801:11)
    at jspb.BinaryReader.nextField (https://cdn.skypack.dev/-/google-protobuf@v3.21.2-YDUqZL2TTSsy2lGtfuND/dist=es2019,mode=imports/optimized/google-protobuf.js:4374:27)
    at Function.deserialize (file:///Users/thesayyn/Documents/thesayyn/protoc-gen-ts/target/debug/build/protoc_gen_ts-8cec2bec66276c47/out/test_conformance/test_messages_proto3.ts:169:18)
    at file:///Users/thesayyn/Documents/thesayyn/protoc-gen-ts/tests/conformance/bin/main.ts:23:78

  protobuf_test_messages.proto2.TestAllTypesProto2 1
  Error: Failure: Decoder hit an error
    at Object.jspb.asserts.fail (https://cdn.skypack.dev/-/google-protobuf@v3.21.2-YDUqZL2TTSsy2lGtfuND/dist=es2019,mode=imports/optimized/google-protobuf.js:801:11)
    at jspb.BinaryReader.nextField (https://cdn.skypack.dev/-/google-protobuf@v3.21.2-YDUqZL2TTSsy2lGtfuND/dist=es2019,mode=imports/optimized/google-protobuf.js:4374:27)
    at Function.deserialize (file:///Users/thesayyn/Documents/thesayyn/protoc-gen-ts/target/debug/build/protoc_gen_ts-8cec2bec66276c47/out/test_conformance/test_messages_proto2.ts:145:18)
    at file:///Users/thesayyn/Documents/thesayyn/protoc-gen-ts/tests/conformance/bin/main.ts:30:78

  protobuf_test_messages.proto3.TestAllTypesProto3 1
  Error: Failure: Failed to read varint, encoding is invalid.
    at Object.jspb.asserts.fail (https://cdn.skypack.dev/-/google-protobuf@v3.21.2-YDUqZL2TTSsy2lGtfuND/dist=es2019,mode=imports/optimized/google-protobuf.js:801:11)
    at jspb.BinaryDecoder.readSplitVarint64 (https://cdn.skypack.dev/-/google-protobuf@v3.21.2-YDUqZL2TTSsy2lGtfuND/dist=es2019,mode=imports/optimized/google-protobuf.js:4101:18)
    at jspb.BinaryDecoder.readZigzagVarint64 (https://cdn.skypack.dev/-/google-protobuf@v3.21.2-YDUqZL2TTSsy2lGtfuND/dist=es2019,mode=imports/optimized/google-protobuf.js:4179:17)
    at jspb.BinaryReader.readPackedField_ (https://cdn.skypack.dev/-/google-protobuf@v3.21.2-YDUqZL2TTSsy2lGtfuND/dist=es2019,mode=imports/optimized/google-protobuf.js:4676:16)
    at jspb.BinaryReader.readPackedSint64 (https://cdn.skypack.dev/-/google-protobuf@v3.21.2-YDUqZL2TTSsy2lGtfuND/dist=es2019,mode=imports/optimized/google-protobuf.js:4712:17)
    at Function.deserialize (file:///Users/thesayyn/Documents/thesayyn/protoc-gen-ts/target/debug/build/protoc_gen_ts-8cec2bec66276c47/out/test_conformance/test_messages_proto3.ts:261:78)
    at file:///Users/thesayyn/Documents/thesayyn/protoc-gen-ts/tests/conformance/bin/main.ts:23:78

  protobuf_test_messages.proto2.TestAllTypesProto2 1
  Error: Assertion failed
    at Object.jspb.asserts.doAssertFailure (https://cdn.skypack.dev/-/google-protobuf@v3.21.2-YDUqZL2TTSsy2lGtfuND/dist=es2019,mode=imports/optimized/google-protobuf.js:778:11)
    at Object.jspb.asserts.assert (https://cdn.skypack.dev/-/google-protobuf@v3.21.2-YDUqZL2TTSsy2lGtfuND/dist=es2019,mode=imports/optimized/google-protobuf.js:783:23)
    at jspb.BinaryReader.readSint64 (https://cdn.skypack.dev/-/google-protobuf@v3.21.2-YDUqZL2TTSsy2lGtfuND/dist=es2019,mode=imports/optimized/google-protobuf.js:4573:18)
    at Function.deserialize (file:///Users/thesayyn/Documents/thesayyn/protoc-gen-ts/target/debug/build/protoc_gen_ts-8cec2bec66276c47/out/test_conformance/test_messages_proto2.ts:229:53)
    at file:///Users/thesayyn/Documents/thesayyn/protoc-gen-ts/tests/conformance/bin/main.ts:30:78

  protobuf_test_messages.proto3.TestAllTypesProto3 1
  Error: Failure: Failed to read varint, encoding is invalid.
    at Object.jspb.asserts.fail (https://cdn.skypack.dev/-/google-protobuf@v3.21.2-YDUqZL2TTSsy2lGtfuND/dist=es2019,mode=imports/optimized/google-protobuf.js:801:11)
    at jspb.BinaryDecoder.readSplitVarint64 (https://cdn.skypack.dev/-/google-protobuf@v3.21.2-YDUqZL2TTSsy2lGtfuND/dist=es2019,mode=imports/optimized/google-protobuf.js:4101:18)
    at jspb.BinaryDecoder.readZigzagVarint64 (https://cdn.skypack.dev/-/google-protobuf@v3.21.2-YDUqZL2TTSsy2lGtfuND/dist=es2019,mode=imports/optimized/google-protobuf.js:4179:17)
    at jspb.BinaryReader.readPackedField_ (https://cdn.skypack.dev/-/google-protobuf@v3.21.2-YDUqZL2TTSsy2lGtfuND/dist=es2019,mode=imports/optimized/google-protobuf.js:4676:16)
    at jspb.BinaryReader.readPackedSint64 (https://cdn.skypack.dev/-/google-protobuf@v3.21.2-YDUqZL2TTSsy2lGtfuND/dist=es2019,mode=imports/optimized/google-protobuf.js:4712:17)
    at Function.deserialize (file:///Users/thesayyn/Documents/thesayyn/protoc-gen-ts/target/debug/build/protoc_gen_ts-8cec2bec66276c47/out/test_conformance/test_messages_proto3.ts:261:78)
    at file:///Users/thesayyn/Documents/thesayyn/protoc-gen-ts/tests/conformance/bin/main.ts:23:78

  protobuf_test_messages.proto2.TestAllTypesProto2 1
  Error: Assertion failed
    at Object.jspb.asserts.doAssertFailure (https://cdn.skypack.dev/-/google-protobuf@v3.21.2-YDUqZL2TTSsy2lGtfuND/dist=es2019,mode=imports/optimized/google-protobuf.js:778:11)
    at Object.jspb.asserts.assert (https://cdn.skypack.dev/-/google-protobuf@v3.21.2-YDUqZL2TTSsy2lGtfuND/dist=es2019,mode=imports/optimized/google-protobuf.js:783:23)
    at jspb.BinaryReader.readSint64 (https://cdn.skypack.dev/-/google-protobuf@v3.21.2-YDUqZL2TTSsy2lGtfuND/dist=es2019,mode=imports/optimized/google-protobuf.js:4573:18)
    at Function.deserialize (file:///Users/thesayyn/Documents/thesayyn/protoc-gen-ts/target/debug/build/protoc_gen_ts-8cec2bec66276c47/out/test_conformance/test_messages_proto2.ts:229:53)
    at file:///Users/thesayyn/Documents/thesayyn/protoc-gen-ts/tests/conformance/bin/main.ts:30:78

  protobuf_test_messages.proto2.TestAllTypesProto2 1
  Error: Assertion failed
    at Object.jspb.asserts.doAssertFailure (https://cdn.skypack.dev/-/google-protobuf@v3.21.2-YDUqZL2TTSsy2lGtfuND/dist=es2019,mode=imports/optimized/google-protobuf.js:778:11)
    at Object.jspb.asserts.assert (https://cdn.skypack.dev/-/google-protobuf@v3.21.2-YDUqZL2TTSsy2lGtfuND/dist=es2019,mode=imports/optimized/google-protobuf.js:783:23)
    at jspb.BinaryReader.readDouble (https://cdn.skypack.dev/-/google-protobuf@v3.21.2-YDUqZL2TTSsy2lGtfuND/dist=es2019,mode=imports/optimized/google-protobuf.js:4619:18)
    at Function.deserialize (file:///Users/thesayyn/Documents/thesayyn/protoc-gen-ts/target/debug/build/protoc_gen_ts-8cec2bec66276c47/out/test_conformance/test_messages_proto2.ts:247:53)
    at file:///Users/thesayyn/Documents/thesayyn/protoc-gen-ts/tests/conformance/bin/main.ts:30:78

  protobuf_test_messages.proto2.TestAllTypesProto2 1
  Error: Assertion failed
    at Object.jspb.asserts.doAssertFailure (https://cdn.skypack.dev/-/google-protobuf@v3.21.2-YDUqZL2TTSsy2lGtfuND/dist=es2019,mode=imports/optimized/google-protobuf.js:778:11)
    at Object.jspb.asserts.assert (https://cdn.skypack.dev/-/google-protobuf@v3.21.2-YDUqZL2TTSsy2lGtfuND/dist=es2019,mode=imports/optimized/google-protobuf.js:783:23)
    at jspb.BinaryReader.readDouble (https://cdn.skypack.dev/-/google-protobuf@v3.21.2-YDUqZL2TTSsy2lGtfuND/dist=es2019,mode=imports/optimized/google-protobuf.js:4619:18)
    at Function.deserialize (file:///Users/thesayyn/Documents/thesayyn/protoc-gen-ts/target/debug/build/protoc_gen_ts-8cec2bec66276c47/out/test_conformance/test_messages_proto2.ts:247:53)
    at file:///Users/thesayyn/Documents/thesayyn/protoc-gen-ts/tests/conformance/bin/main.ts:30:78

  protobuf_test_messages.proto2.TestAllTypesProto2 1
  Error: Assertion failed
    at Object.jspb.asserts.doAssertFailure (https://cdn.skypack.dev/-/google-protobuf@v3.21.2-YDUqZL2TTSsy2lGtfuND/dist=es2019,mode=imports/optimized/google-protobuf.js:778:11)
    at Object.jspb.asserts.assert (https://cdn.skypack.dev/-/google-protobuf@v3.21.2-YDUqZL2TTSsy2lGtfuND/dist=es2019,mode=imports/optimized/google-protobuf.js:783:23)
    at jspb.BinaryReader.readDouble (https://cdn.skypack.dev/-/google-protobuf@v3.21.2-YDUqZL2TTSsy2lGtfuND/dist=es2019,mode=imports/optimized/google-protobuf.js:4619:18)
    at Function.deserialize (file:///Users/thesayyn/Documents/thesayyn/protoc-gen-ts/target/debug/build/protoc_gen_ts-8cec2bec66276c47/out/test_conformance/test_messages_proto2.ts:247:53)
    at file:///Users/thesayyn/Documents/thesayyn/protoc-gen-ts/tests/conformance/bin/main.ts:30:78

  protobuf_test_messages.proto3.TestAllTypesProto3 1
  Error: Assertion failed
    at Object.jspb.asserts.doAssertFailure (https://cdn.skypack.dev/-/google-protobuf@v3.21.2-YDUqZL2TTSsy2lGtfuND/dist=es2019,mode=imports/optimized/google-protobuf.js:778:11)
    at Object.jspb.asserts.assert (https://cdn.skypack.dev/-/google-protobuf@v3.21.2-YDUqZL2TTSsy2lGtfuND/dist=es2019,mode=imports/optimized/google-protobuf.js:783:23)
    at jspb.BinaryReader.readDouble (https://cdn.skypack.dev/-/google-protobuf@v3.21.2-YDUqZL2TTSsy2lGtfuND/dist=es2019,mode=imports/optimized/google-protobuf.js:4619:18)
    at Function.deserialize (file:///Users/thesayyn/Documents/thesayyn/protoc-gen-ts/target/debug/build/protoc_gen_ts-8cec2bec66276c47/out/test_conformance/test_messages_proto3.ts:408:53)
    at file:///Users/thesayyn/Documents/thesayyn/protoc-gen-ts/tests/conformance/bin/main.ts:23:78

  protobuf_test_messages.proto2.TestAllTypesProto2 1
  Error: Assertion failed
    at Object.jspb.asserts.doAssertFailure (https://cdn.skypack.dev/-/google-protobuf@v3.21.2-YDUqZL2TTSsy2lGtfuND/dist=es2019,mode=imports/optimized/google-protobuf.js:778:11)
    at Object.jspb.asserts.assert (https://cdn.skypack.dev/-/google-protobuf@v3.21.2-YDUqZL2TTSsy2lGtfuND/dist=es2019,mode=imports/optimized/google-protobuf.js:783:23)
    at jspb.BinaryReader.readFloat (https://cdn.skypack.dev/-/google-protobuf@v3.21.2-YDUqZL2TTSsy2lGtfuND/dist=es2019,mode=imports/optimized/google-protobuf.js:4614:18)
    at Function.deserialize (file:///Users/thesayyn/Documents/thesayyn/protoc-gen-ts/target/debug/build/protoc_gen_ts-8cec2bec66276c47/out/test_conformance/test_messages_proto2.ts:244:52)
    at file:///Users/thesayyn/Documents/thesayyn/protoc-gen-ts/tests/conformance/bin/main.ts:30:78

  protobuf_test_messages.proto2.TestAllTypesProto2 1
  Error: Assertion failed
    at Object.jspb.asserts.doAssertFailure (https://cdn.skypack.dev/-/google-protobuf@v3.21.2-YDUqZL2TTSsy2lGtfuND/dist=es2019,mode=imports/optimized/google-protobuf.js:778:11)
    at Object.jspb.asserts.assert (https://cdn.skypack.dev/-/google-protobuf@v3.21.2-YDUqZL2TTSsy2lGtfuND/dist=es2019,mode=imports/optimized/google-protobuf.js:783:23)
    at jspb.BinaryReader.readFloat (https://cdn.skypack.dev/-/google-protobuf@v3.21.2-YDUqZL2TTSsy2lGtfuND/dist=es2019,mode=imports/optimized/google-protobuf.js:4614:18)
    at Function.deserialize (file:///Users/thesayyn/Documents/thesayyn/protoc-gen-ts/target/debug/build/protoc_gen_ts-8cec2bec66276c47/out/test_conformance/test_messages_proto2.ts:244:52)
    at file:///Users/thesayyn/Documents/thesayyn/protoc-gen-ts/tests/conformance/bin/main.ts:30:78

  protobuf_test_messages.proto2.TestAllTypesProto2 1
  Error: Assertion failed
    at Object.jspb.asserts.doAssertFailure (https://cdn.skypack.dev/-/google-protobuf@v3.21.2-YDUqZL2TTSsy2lGtfuND/dist=es2019,mode=imports/optimized/google-protobuf.js:778:11)
    at Object.jspb.asserts.assert (https://cdn.skypack.dev/-/google-protobuf@v3.21.2-YDUqZL2TTSsy2lGtfuND/dist=es2019,mode=imports/optimized/google-protobuf.js:783:23)
    at jspb.BinaryReader.readFloat (https://cdn.skypack.dev/-/google-protobuf@v3.21.2-YDUqZL2TTSsy2lGtfuND/dist=es2019,mode=imports/optimized/google-protobuf.js:4614:18)
    at Function.deserialize (file:///Users/thesayyn/Documents/thesayyn/protoc-gen-ts/target/debug/build/protoc_gen_ts-8cec2bec66276c47/out/test_conformance/test_messages_proto2.ts:244:52)
    at file:///Users/thesayyn/Documents/thesayyn/protoc-gen-ts/tests/conformance/bin/main.ts:30:78

  protobuf_test_messages.proto3.TestAllTypesProto3 1
  Error: Assertion failed
    at Object.jspb.asserts.doAssertFailure (https://cdn.skypack.dev/-/google-protobuf@v3.21.2-YDUqZL2TTSsy2lGtfuND/dist=es2019,mode=imports/optimized/google-protobuf.js:778:11)
    at Object.jspb.asserts.assert (https://cdn.skypack.dev/-/google-protobuf@v3.21.2-YDUqZL2TTSsy2lGtfuND/dist=es2019,mode=imports/optimized/google-protobuf.js:783:23)
    at jspb.BinaryReader.readFloat (https://cdn.skypack.dev/-/google-protobuf@v3.21.2-YDUqZL2TTSsy2lGtfuND/dist=es2019,mode=imports/optimized/google-protobuf.js:4614:18)
    at Function.deserialize (file:///Users/thesayyn/Documents/thesayyn/protoc-gen-ts/target/debug/build/protoc_gen_ts-8cec2bec66276c47/out/test_conformance/test_messages_proto3.ts:405:52)
    at file:///Users/thesayyn/Documents/thesayyn/protoc-gen-ts/tests/conformance/bin/main.ts:23:78

  protobuf_test_messages.proto2.TestAllTypesProto2 1
  Error: Assertion failed
    at Object.jspb.asserts.doAssertFailure (https://cdn.skypack.dev/-/google-protobuf@v3.21.2-YDUqZL2TTSsy2lGtfuND/dist=es2019,mode=imports/optimized/google-protobuf.js:778:11)
    at Object.jspb.asserts.assert (https://cdn.skypack.dev/-/google-protobuf@v3.21.2-YDUqZL2TTSsy2lGtfuND/dist=es2019,mode=imports/optimized/google-protobuf.js:783:23)
    at jspb.BinaryWriter.writeInt64 (https://cdn.skypack.dev/-/google-protobuf@v3.21.2-YDUqZL2TTSsy2lGtfuND/dist=es2019,mode=imports/optimized/google-protobuf.js:5220:32)
    at protobuf_test_messages_proto2_TestAllTypesProto2.serialize (file:///Users/thesayyn/Documents/thesayyn/protoc-gen-ts/target/debug/build/protoc_gen_ts-8cec2bec66276c47/out/test_conformance/test_messages_proto2.ts:876:16)
    at file:///Users/thesayyn/Documents/thesayyn/protoc-gen-ts/tests/conformance/bin/main.ts:31:44

  protobuf_test_messages.proto2.TestAllTypesProto2 1
  Error: Assertion failed
    at Object.jspb.asserts.doAssertFailure (https://cdn.skypack.dev/-/google-protobuf@v3.21.2-YDUqZL2TTSsy2lGtfuND/dist=es2019,mode=imports/optimized/google-protobuf.js:778:11)
    at Object.jspb.asserts.assert (https://cdn.skypack.dev/-/google-protobuf@v3.21.2-YDUqZL2TTSsy2lGtfuND/dist=es2019,mode=imports/optimized/google-protobuf.js:783:23)
    at jspb.BinaryWriter.writeInt64 (https://cdn.skypack.dev/-/google-protobuf@v3.21.2-YDUqZL2TTSsy2lGtfuND/dist=es2019,mode=imports/optimized/google-protobuf.js:5220:32)
    at protobuf_test_messages_proto2_TestAllTypesProto2.serialize (file:///Users/thesayyn/Documents/thesayyn/protoc-gen-ts/target/debug/build/protoc_gen_ts-8cec2bec66276c47/out/test_conformance/test_messages_proto2.ts:876:16)
    at file:///Users/thesayyn/Documents/thesayyn/protoc-gen-ts/tests/conformance/bin/main.ts:31:44

  protobuf_test_messages.proto2.TestAllTypesProto2 1
  Error: Assertion failed
    at Object.jspb.asserts.doAssertFailure (https://cdn.skypack.dev/-/google-protobuf@v3.21.2-YDUqZL2TTSsy2lGtfuND/dist=es2019,mode=imports/optimized/google-protobuf.js:778:11)
    at Object.jspb.asserts.assert (https://cdn.skypack.dev/-/google-protobuf@v3.21.2-YDUqZL2TTSsy2lGtfuND/dist=es2019,mode=imports/optimized/google-protobuf.js:783:23)
    at jspb.BinaryWriter.writeInt64 (https://cdn.skypack.dev/-/google-protobuf@v3.21.2-YDUqZL2TTSsy2lGtfuND/dist=es2019,mode=imports/optimized/google-protobuf.js:5220:32)
    at protobuf_test_messages_proto2_TestAllTypesProto2.serialize (file:///Users/thesayyn/Documents/thesayyn/protoc-gen-ts/target/debug/build/protoc_gen_ts-8cec2bec66276c47/out/test_conformance/test_messages_proto2.ts:951:65)
    at file:///Users/thesayyn/Documents/thesayyn/protoc-gen-ts/tests/conformance/bin/main.ts:31:44

  protobuf_test_messages.proto2.TestAllTypesProto2 1
  Error: Assertion failed
    at Object.jspb.asserts.doAssertFailure (https://cdn.skypack.dev/-/google-protobuf@v3.21.2-YDUqZL2TTSsy2lGtfuND/dist=es2019,mode=imports/optimized/google-protobuf.js:778:11)
    at Object.jspb.asserts.assert (https://cdn.skypack.dev/-/google-protobuf@v3.21.2-YDUqZL2TTSsy2lGtfuND/dist=es2019,mode=imports/optimized/google-protobuf.js:783:23)
    at jspb.BinaryReader.readInt64 (https://cdn.skypack.dev/-/google-protobuf@v3.21.2-YDUqZL2TTSsy2lGtfuND/dist=es2019,mode=imports/optimized/google-protobuf.js:4541:18)
    at Function.deserialize (file:///Users/thesayyn/Documents/thesayyn/protoc-gen-ts/target/debug/build/protoc_gen_ts-8cec2bec66276c47/out/test_conformance/test_messages_proto2.ts:217:52)
    at file:///Users/thesayyn/Documents/thesayyn/protoc-gen-ts/tests/conformance/bin/main.ts:30:78

  protobuf_test_messages.proto2.TestAllTypesProto2 1
  Error: Assertion failed
    at Object.jspb.asserts.doAssertFailure (https://cdn.skypack.dev/-/google-protobuf@v3.21.2-YDUqZL2TTSsy2lGtfuND/dist=es2019,mode=imports/optimized/google-protobuf.js:778:11)
    at Object.jspb.asserts.assert (https://cdn.skypack.dev/-/google-protobuf@v3.21.2-YDUqZL2TTSsy2lGtfuND/dist=es2019,mode=imports/optimized/google-protobuf.js:783:23)
    at jspb.BinaryWriter.writeInt64 (https://cdn.skypack.dev/-/google-protobuf@v3.21.2-YDUqZL2TTSsy2lGtfuND/dist=es2019,mode=imports/optimized/google-protobuf.js:5220:32)
    at protobuf_test_messages_proto2_TestAllTypesProto2.serialize (file:///Users/thesayyn/Documents/thesayyn/protoc-gen-ts/target/debug/build/protoc_gen_ts-8cec2bec66276c47/out/test_conformance/test_messages_proto2.ts:951:65)
    at file:///Users/thesayyn/Documents/thesayyn/protoc-gen-ts/tests/conformance/bin/main.ts:31:44

  protobuf_test_messages.proto2.TestAllTypesProto2 1
  Error: Assertion failed
    at Object.jspb.asserts.doAssertFailure (https://cdn.skypack.dev/-/google-protobuf@v3.21.2-YDUqZL2TTSsy2lGtfuND/dist=es2019,mode=imports/optimized/google-protobuf.js:778:11)
    at Object.jspb.asserts.assert (https://cdn.skypack.dev/-/google-protobuf@v3.21.2-YDUqZL2TTSsy2lGtfuND/dist=es2019,mode=imports/optimized/google-protobuf.js:783:23)
    at jspb.BinaryReader.readInt64 (https://cdn.skypack.dev/-/google-protobuf@v3.21.2-YDUqZL2TTSsy2lGtfuND/dist=es2019,mode=imports/optimized/google-protobuf.js:4541:18)
    at Function.deserialize (file:///Users/thesayyn/Documents/thesayyn/protoc-gen-ts/target/debug/build/protoc_gen_ts-8cec2bec66276c47/out/test_conformance/test_messages_proto2.ts:217:52)
    at file:///Users/thesayyn/Documents/thesayyn/protoc-gen-ts/tests/conformance/bin/main.ts:30:78

  protobuf_test_messages.proto2.TestAllTypesProto2 1
  Error: Assertion failed
    at Object.jspb.asserts.doAssertFailure (https://cdn.skypack.dev/-/google-protobuf@v3.21.2-YDUqZL2TTSsy2lGtfuND/dist=es2019,mode=imports/optimized/google-protobuf.js:778:11)
    at Object.jspb.asserts.assert (https://cdn.skypack.dev/-/google-protobuf@v3.21.2-YDUqZL2TTSsy2lGtfuND/dist=es2019,mode=imports/optimized/google-protobuf.js:783:23)
    at jspb.BinaryEncoder.writeSignedVarint64 (https://cdn.skypack.dev/-/google-protobuf@v3.21.2-YDUqZL2TTSsy2lGtfuND/dist=es2019,mode=imports/optimized/google-protobuf.js:4814:18)
    at jspb.BinaryWriter.writePackedInt64 (https://cdn.skypack.dev/-/google-protobuf@v3.21.2-YDUqZL2TTSsy2lGtfuND/dist=es2019,mode=imports/optimized/google-protobuf.js:5530:23)
    at protobuf_test_messages_proto2_TestAllTypesProto2.serialize (file:///Users/thesayyn/Documents/thesayyn/protoc-gen-ts/target/debug/build/protoc_gen_ts-8cec2bec66276c47/out/test_conformance/test_messages_proto2.ts:1020:16)
    at file:///Users/thesayyn/Documents/thesayyn/protoc-gen-ts/tests/conformance/bin/main.ts:31:44

  protobuf_test_messages.proto2.TestAllTypesProto2 1
  Error: Assertion failed
    at Object.jspb.asserts.doAssertFailure (https://cdn.skypack.dev/-/google-protobuf@v3.21.2-YDUqZL2TTSsy2lGtfuND/dist=es2019,mode=imports/optimized/google-protobuf.js:778:11)
    at Object.jspb.asserts.assert (https://cdn.skypack.dev/-/google-protobuf@v3.21.2-YDUqZL2TTSsy2lGtfuND/dist=es2019,mode=imports/optimized/google-protobuf.js:783:23)
    at jspb.BinaryEncoder.writeSignedVarint64 (https://cdn.skypack.dev/-/google-protobuf@v3.21.2-YDUqZL2TTSsy2lGtfuND/dist=es2019,mode=imports/optimized/google-protobuf.js:4814:18)
    at jspb.BinaryWriter.writePackedInt64 (https://cdn.skypack.dev/-/google-protobuf@v3.21.2-YDUqZL2TTSsy2lGtfuND/dist=es2019,mode=imports/optimized/google-protobuf.js:5530:23)
    at protobuf_test_messages_proto2_TestAllTypesProto2.serialize (file:///Users/thesayyn/Documents/thesayyn/protoc-gen-ts/target/debug/build/protoc_gen_ts-8cec2bec66276c47/out/test_conformance/test_messages_proto2.ts:1020:16)
    at file:///Users/thesayyn/Documents/thesayyn/protoc-gen-ts/tests/conformance/bin/main.ts:31:44

  protobuf_test_messages.proto2.TestAllTypesProto2 1
  Error: Assertion failed
    at Object.jspb.asserts.doAssertFailure (https://cdn.skypack.dev/-/google-protobuf@v3.21.2-YDUqZL2TTSsy2lGtfuND/dist=es2019,mode=imports/optimized/google-protobuf.js:778:11)
    at Object.jspb.asserts.assert (https://cdn.skypack.dev/-/google-protobuf@v3.21.2-YDUqZL2TTSsy2lGtfuND/dist=es2019,mode=imports/optimized/google-protobuf.js:783:23)
    at jspb.BinaryWriter.writeInt64 (https://cdn.skypack.dev/-/google-protobuf@v3.21.2-YDUqZL2TTSsy2lGtfuND/dist=es2019,mode=imports/optimized/google-protobuf.js:5220:32)
    at protobuf_test_messages_proto2_TestAllTypesProto2.serialize (file:///Users/thesayyn/Documents/thesayyn/protoc-gen-ts/target/debug/build/protoc_gen_ts-8cec2bec66276c47/out/test_conformance/test_messages_proto2.ts:951:65)
    at file:///Users/thesayyn/Documents/thesayyn/protoc-gen-ts/tests/conformance/bin/main.ts:31:44

  protobuf_test_messages.proto2.TestAllTypesProto2 1
  Error: Assertion failed
    at Object.jspb.asserts.doAssertFailure (https://cdn.skypack.dev/-/google-protobuf@v3.21.2-YDUqZL2TTSsy2lGtfuND/dist=es2019,mode=imports/optimized/google-protobuf.js:778:11)
    at Object.jspb.asserts.assert (https://cdn.skypack.dev/-/google-protobuf@v3.21.2-YDUqZL2TTSsy2lGtfuND/dist=es2019,mode=imports/optimized/google-protobuf.js:783:23)
    at jspb.BinaryReader.readInt64 (https://cdn.skypack.dev/-/google-protobuf@v3.21.2-YDUqZL2TTSsy2lGtfuND/dist=es2019,mode=imports/optimized/google-protobuf.js:4541:18)
    at Function.deserialize (file:///Users/thesayyn/Documents/thesayyn/protoc-gen-ts/target/debug/build/protoc_gen_ts-8cec2bec66276c47/out/test_conformance/test_messages_proto2.ts:217:52)
    at file:///Users/thesayyn/Documents/thesayyn/protoc-gen-ts/tests/conformance/bin/main.ts:30:78

  protobuf_test_messages.proto3.TestAllTypesProto3 1
  Error: Assertion failed
    at Object.jspb.asserts.doAssertFailure (https://cdn.skypack.dev/-/google-protobuf@v3.21.2-YDUqZL2TTSsy2lGtfuND/dist=es2019,mode=imports/optimized/google-protobuf.js:778:11)
    at Object.jspb.asserts.assert (https://cdn.skypack.dev/-/google-protobuf@v3.21.2-YDUqZL2TTSsy2lGtfuND/dist=es2019,mode=imports/optimized/google-protobuf.js:783:23)
    at jspb.BinaryWriter.writeInt64 (https://cdn.skypack.dev/-/google-protobuf@v3.21.2-YDUqZL2TTSsy2lGtfuND/dist=es2019,mode=imports/optimized/google-protobuf.js:5220:32)
    at protobuf_test_messages_proto3_TestAllTypesProto3.serialize (file:///Users/thesayyn/Documents/thesayyn/protoc-gen-ts/target/debug/build/protoc_gen_ts-8cec2bec66276c47/out/test_conformance/test_messages_proto3.ts:969:16)
    at file:///Users/thesayyn/Documents/thesayyn/protoc-gen-ts/tests/conformance/bin/main.ts:24:44

  protobuf_test_messages.proto3.TestAllTypesProto3 1
  Error: Assertion failed
    at Object.jspb.asserts.doAssertFailure (https://cdn.skypack.dev/-/google-protobuf@v3.21.2-YDUqZL2TTSsy2lGtfuND/dist=es2019,mode=imports/optimized/google-protobuf.js:778:11)
    at Object.jspb.asserts.assert (https://cdn.skypack.dev/-/google-protobuf@v3.21.2-YDUqZL2TTSsy2lGtfuND/dist=es2019,mode=imports/optimized/google-protobuf.js:783:23)
    at jspb.BinaryWriter.writeInt64 (https://cdn.skypack.dev/-/google-protobuf@v3.21.2-YDUqZL2TTSsy2lGtfuND/dist=es2019,mode=imports/optimized/google-protobuf.js:5220:32)
    at protobuf_test_messages_proto3_TestAllTypesProto3.serialize (file:///Users/thesayyn/Documents/thesayyn/protoc-gen-ts/target/debug/build/protoc_gen_ts-8cec2bec66276c47/out/test_conformance/test_messages_proto3.ts:969:16)
    at file:///Users/thesayyn/Documents/thesayyn/protoc-gen-ts/tests/conformance/bin/main.ts:24:44

  protobuf_test_messages.proto3.TestAllTypesProto3 1
  Error: Assertion failed
    at Object.jspb.asserts.doAssertFailure (https://cdn.skypack.dev/-/google-protobuf@v3.21.2-YDUqZL2TTSsy2lGtfuND/dist=es2019,mode=imports/optimized/google-protobuf.js:778:11)
    at Object.jspb.asserts.assert (https://cdn.skypack.dev/-/google-protobuf@v3.21.2-YDUqZL2TTSsy2lGtfuND/dist=es2019,mode=imports/optimized/google-protobuf.js:783:23)
    at jspb.BinaryEncoder.writeSignedVarint64 (https://cdn.skypack.dev/-/google-protobuf@v3.21.2-YDUqZL2TTSsy2lGtfuND/dist=es2019,mode=imports/optimized/google-protobuf.js:4814:18)
    at jspb.BinaryWriter.writePackedInt64 (https://cdn.skypack.dev/-/google-protobuf@v3.21.2-YDUqZL2TTSsy2lGtfuND/dist=es2019,mode=imports/optimized/google-protobuf.js:5530:23)
    at protobuf_test_messages_proto3_TestAllTypesProto3.serialize (file:///Users/thesayyn/Documents/thesayyn/protoc-gen-ts/target/debug/build/protoc_gen_ts-8cec2bec66276c47/out/test_conformance/test_messages_proto3.ts:1047:16)
    at file:///Users/thesayyn/Documents/thesayyn/protoc-gen-ts/tests/conformance/bin/main.ts:24:44

  protobuf_test_messages.proto3.TestAllTypesProto3 1
  Error: Assertion failed
    at Object.jspb.asserts.doAssertFailure (https://cdn.skypack.dev/-/google-protobuf@v3.21.2-YDUqZL2TTSsy2lGtfuND/dist=es2019,mode=imports/optimized/google-protobuf.js:778:11)
    at Object.jspb.asserts.assert (https://cdn.skypack.dev/-/google-protobuf@v3.21.2-YDUqZL2TTSsy2lGtfuND/dist=es2019,mode=imports/optimized/google-protobuf.js:783:23)
    at jspb.BinaryEncoder.writeSignedVarint64 (https://cdn.skypack.dev/-/google-protobuf@v3.21.2-YDUqZL2TTSsy2lGtfuND/dist=es2019,mode=imports/optimized/google-protobuf.js:4814:18)
    at jspb.BinaryWriter.writePackedInt64 (https://cdn.skypack.dev/-/google-protobuf@v3.21.2-YDUqZL2TTSsy2lGtfuND/dist=es2019,mode=imports/optimized/google-protobuf.js:5530:23)
    at protobuf_test_messages_proto3_TestAllTypesProto3.serialize (file:///Users/thesayyn/Documents/thesayyn/protoc-gen-ts/target/debug/build/protoc_gen_ts-8cec2bec66276c47/out/test_conformance/test_messages_proto3.ts:1047:16)
    at file:///Users/thesayyn/Documents/thesayyn/protoc-gen-ts/tests/conformance/bin/main.ts:24:44

  protobuf_test_messages.proto3.TestAllTypesProto3 1
  Error: Assertion failed
    at Object.jspb.asserts.doAssertFailure (https://cdn.skypack.dev/-/google-protobuf@v3.21.2-YDUqZL2TTSsy2lGtfuND/dist=es2019,mode=imports/optimized/google-protobuf.js:778:11)
    at Object.jspb.asserts.assert (https://cdn.skypack.dev/-/google-protobuf@v3.21.2-YDUqZL2TTSsy2lGtfuND/dist=es2019,mode=imports/optimized/google-protobuf.js:783:23)
    at jspb.BinaryEncoder.writeSignedVarint64 (https://cdn.skypack.dev/-/google-protobuf@v3.21.2-YDUqZL2TTSsy2lGtfuND/dist=es2019,mode=imports/optimized/google-protobuf.js:4814:18)
    at jspb.BinaryWriter.writePackedInt64 (https://cdn.skypack.dev/-/google-protobuf@v3.21.2-YDUqZL2TTSsy2lGtfuND/dist=es2019,mode=imports/optimized/google-protobuf.js:5530:23)
    at protobuf_test_messages_proto3_TestAllTypesProto3.serialize (file:///Users/thesayyn/Documents/thesayyn/protoc-gen-ts/target/debug/build/protoc_gen_ts-8cec2bec66276c47/out/test_conformance/test_messages_proto3.ts:1047:16)
    at file:///Users/thesayyn/Documents/thesayyn/protoc-gen-ts/tests/conformance/bin/main.ts:24:44

  protobuf_test_messages.proto3.TestAllTypesProto3 1
  Error: Assertion failed
    at Object.jspb.asserts.doAssertFailure (https://cdn.skypack.dev/-/google-protobuf@v3.21.2-YDUqZL2TTSsy2lGtfuND/dist=es2019,mode=imports/optimized/google-protobuf.js:778:11)
    at Object.jspb.asserts.assert (https://cdn.skypack.dev/-/google-protobuf@v3.21.2-YDUqZL2TTSsy2lGtfuND/dist=es2019,mode=imports/optimized/google-protobuf.js:783:23)
    at jspb.BinaryEncoder.writeSignedVarint64 (https://cdn.skypack.dev/-/google-protobuf@v3.21.2-YDUqZL2TTSsy2lGtfuND/dist=es2019,mode=imports/optimized/google-protobuf.js:4814:18)
    at jspb.BinaryWriter.writePackedInt64 (https://cdn.skypack.dev/-/google-protobuf@v3.21.2-YDUqZL2TTSsy2lGtfuND/dist=es2019,mode=imports/optimized/google-protobuf.js:5530:23)
    at protobuf_test_messages_proto3_TestAllTypesProto3.serialize (file:///Users/thesayyn/Documents/thesayyn/protoc-gen-ts/target/debug/build/protoc_gen_ts-8cec2bec66276c47/out/test_conformance/test_messages_proto3.ts:1047:16)
    at file:///Users/thesayyn/Documents/thesayyn/protoc-gen-ts/tests/conformance/bin/main.ts:24:44

  protobuf_test_messages.proto3.TestAllTypesProto3 1
  Error: Assertion failed
    at Object.jspb.asserts.doAssertFailure (https://cdn.skypack.dev/-/google-protobuf@v3.21.2-YDUqZL2TTSsy2lGtfuND/dist=es2019,mode=imports/optimized/google-protobuf.js:778:11)
    at Object.jspb.asserts.assert (https://cdn.skypack.dev/-/google-protobuf@v3.21.2-YDUqZL2TTSsy2lGtfuND/dist=es2019,mode=imports/optimized/google-protobuf.js:783:23)
    at jspb.BinaryEncoder.writeSignedVarint64 (https://cdn.skypack.dev/-/google-protobuf@v3.21.2-YDUqZL2TTSsy2lGtfuND/dist=es2019,mode=imports/optimized/google-protobuf.js:4814:18)
    at jspb.BinaryWriter.writePackedInt64 (https://cdn.skypack.dev/-/google-protobuf@v3.21.2-YDUqZL2TTSsy2lGtfuND/dist=es2019,mode=imports/optimized/google-protobuf.js:5530:23)
    at protobuf_test_messages_proto3_TestAllTypesProto3.serialize (file:///Users/thesayyn/Documents/thesayyn/protoc-gen-ts/target/debug/build/protoc_gen_ts-8cec2bec66276c47/out/test_conformance/test_messages_proto3.ts:1047:16)
    at file:///Users/thesayyn/Documents/thesayyn/protoc-gen-ts/tests/conformance/bin/main.ts:24:44

  protobuf_test_messages.proto3.TestAllTypesProto3 1
  Error: Assertion failed
    at Object.jspb.asserts.doAssertFailure (https://cdn.skypack.dev/-/google-protobuf@v3.21.2-YDUqZL2TTSsy2lGtfuND/dist=es2019,mode=imports/optimized/google-protobuf.js:778:11)
    at Object.jspb.asserts.assert (https://cdn.skypack.dev/-/google-protobuf@v3.21.2-YDUqZL2TTSsy2lGtfuND/dist=es2019,mode=imports/optimized/google-protobuf.js:783:23)
    at jspb.BinaryEncoder.writeSignedVarint64 (https://cdn.skypack.dev/-/google-protobuf@v3.21.2-YDUqZL2TTSsy2lGtfuND/dist=es2019,mode=imports/optimized/google-protobuf.js:4814:18)
    at jspb.BinaryWriter.writePackedInt64 (https://cdn.skypack.dev/-/google-protobuf@v3.21.2-YDUqZL2TTSsy2lGtfuND/dist=es2019,mode=imports/optimized/google-protobuf.js:5530:23)
    at protobuf_test_messages_proto3_TestAllTypesProto3.serialize (file:///Users/thesayyn/Documents/thesayyn/protoc-gen-ts/target/debug/build/protoc_gen_ts-8cec2bec66276c47/out/test_conformance/test_messages_proto3.ts:1047:16)
    at file:///Users/thesayyn/Documents/thesayyn/protoc-gen-ts/tests/conformance/bin/main.ts:24:44

  protobuf_test_messages.proto3.TestAllTypesProto3 1
  Error: Assertion failed
    at Object.jspb.asserts.doAssertFailure (https://cdn.skypack.dev/-/google-protobuf@v3.21.2-YDUqZL2TTSsy2lGtfuND/dist=es2019,mode=imports/optimized/google-protobuf.js:778:11)
    at Object.jspb.asserts.assert (https://cdn.skypack.dev/-/google-protobuf@v3.21.2-YDUqZL2TTSsy2lGtfuND/dist=es2019,mode=imports/optimized/google-protobuf.js:783:23)
    at jspb.BinaryWriter.writeInt64 (https://cdn.skypack.dev/-/google-protobuf@v3.21.2-YDUqZL2TTSsy2lGtfuND/dist=es2019,mode=imports/optimized/google-protobuf.js:5220:32)
    at protobuf_test_messages_proto3_TestAllTypesProto3.serialize (file:///Users/thesayyn/Documents/thesayyn/protoc-gen-ts/target/debug/build/protoc_gen_ts-8cec2bec66276c47/out/test_conformance/test_messages_proto3.ts:1158:65)
    at file:///Users/thesayyn/Documents/thesayyn/protoc-gen-ts/tests/conformance/bin/main.ts:24:44

  protobuf_test_messages.proto3.TestAllTypesProto3 1
  Error: Assertion failed
    at Object.jspb.asserts.doAssertFailure (https://cdn.skypack.dev/-/google-protobuf@v3.21.2-YDUqZL2TTSsy2lGtfuND/dist=es2019,mode=imports/optimized/google-protobuf.js:778:11)
    at Object.jspb.asserts.assert (https://cdn.skypack.dev/-/google-protobuf@v3.21.2-YDUqZL2TTSsy2lGtfuND/dist=es2019,mode=imports/optimized/google-protobuf.js:783:23)
    at jspb.BinaryReader.readInt64 (https://cdn.skypack.dev/-/google-protobuf@v3.21.2-YDUqZL2TTSsy2lGtfuND/dist=es2019,mode=imports/optimized/google-protobuf.js:4541:18)
    at Function.deserialize (file:///Users/thesayyn/Documents/thesayyn/protoc-gen-ts/target/debug/build/protoc_gen_ts-8cec2bec66276c47/out/test_conformance/test_messages_proto3.ts:378:52)
    at file:///Users/thesayyn/Documents/thesayyn/protoc-gen-ts/tests/conformance/bin/main.ts:23:78

  protobuf_test_messages.proto2.TestAllTypesProto2 1
  Error: Assertion failed
    at Object.jspb.asserts.doAssertFailure (https://cdn.skypack.dev/-/google-protobuf@v3.21.2-YDUqZL2TTSsy2lGtfuND/dist=es2019,mode=imports/optimized/google-protobuf.js:778:11)
    at Object.jspb.asserts.assert (https://cdn.skypack.dev/-/google-protobuf@v3.21.2-YDUqZL2TTSsy2lGtfuND/dist=es2019,mode=imports/optimized/google-protobuf.js:783:23)
    at jspb.BinaryWriter.writeUint64 (https://cdn.skypack.dev/-/google-protobuf@v3.21.2-YDUqZL2TTSsy2lGtfuND/dist=es2019,mode=imports/optimized/google-protobuf.js:5234:32)
    at protobuf_test_messages_proto2_TestAllTypesProto2.serialize (file:///Users/thesayyn/Documents/thesayyn/protoc-gen-ts/target/debug/build/protoc_gen_ts-8cec2bec66276c47/out/test_conformance/test_messages_proto2.ts:882:16)
    at file:///Users/thesayyn/Documents/thesayyn/protoc-gen-ts/tests/conformance/bin/main.ts:31:44

  protobuf_test_messages.proto2.TestAllTypesProto2 1
  Error: Assertion failed
    at Object.jspb.asserts.doAssertFailure (https://cdn.skypack.dev/-/google-protobuf@v3.21.2-YDUqZL2TTSsy2lGtfuND/dist=es2019,mode=imports/optimized/google-protobuf.js:778:11)
    at Object.jspb.asserts.assert (https://cdn.skypack.dev/-/google-protobuf@v3.21.2-YDUqZL2TTSsy2lGtfuND/dist=es2019,mode=imports/optimized/google-protobuf.js:783:23)
    at jspb.BinaryWriter.writeUint64 (https://cdn.skypack.dev/-/google-protobuf@v3.21.2-YDUqZL2TTSsy2lGtfuND/dist=es2019,mode=imports/optimized/google-protobuf.js:5234:32)
    at protobuf_test_messages_proto2_TestAllTypesProto2.serialize (file:///Users/thesayyn/Documents/thesayyn/protoc-gen-ts/target/debug/build/protoc_gen_ts-8cec2bec66276c47/out/test_conformance/test_messages_proto2.ts:882:16)
    at file:///Users/thesayyn/Documents/thesayyn/protoc-gen-ts/tests/conformance/bin/main.ts:31:44

  protobuf_test_messages.proto2.TestAllTypesProto2 1
  Error: Assertion failed
    at Object.jspb.asserts.doAssertFailure (https://cdn.skypack.dev/-/google-protobuf@v3.21.2-YDUqZL2TTSsy2lGtfuND/dist=es2019,mode=imports/optimized/google-protobuf.js:778:11)
    at Object.jspb.asserts.assert (https://cdn.skypack.dev/-/google-protobuf@v3.21.2-YDUqZL2TTSsy2lGtfuND/dist=es2019,mode=imports/optimized/google-protobuf.js:783:23)
    at jspb.BinaryWriter.writeUint64 (https://cdn.skypack.dev/-/google-protobuf@v3.21.2-YDUqZL2TTSsy2lGtfuND/dist=es2019,mode=imports/optimized/google-protobuf.js:5234:32)
    at protobuf_test_messages_proto2_TestAllTypesProto2.serialize (file:///Users/thesayyn/Documents/thesayyn/protoc-gen-ts/target/debug/build/protoc_gen_ts-8cec2bec66276c47/out/test_conformance/test_messages_proto2.ts:882:16)
    at file:///Users/thesayyn/Documents/thesayyn/protoc-gen-ts/tests/conformance/bin/main.ts:31:44

  protobuf_test_messages.proto2.TestAllTypesProto2 1
  Error: Assertion failed
    at Object.jspb.asserts.doAssertFailure (https://cdn.skypack.dev/-/google-protobuf@v3.21.2-YDUqZL2TTSsy2lGtfuND/dist=es2019,mode=imports/optimized/google-protobuf.js:778:11)
    at Object.jspb.asserts.assert (https://cdn.skypack.dev/-/google-protobuf@v3.21.2-YDUqZL2TTSsy2lGtfuND/dist=es2019,mode=imports/optimized/google-protobuf.js:783:23)
    at jspb.BinaryWriter.writeUint64 (https://cdn.skypack.dev/-/google-protobuf@v3.21.2-YDUqZL2TTSsy2lGtfuND/dist=es2019,mode=imports/optimized/google-protobuf.js:5234:32)
    at protobuf_test_messages_proto2_TestAllTypesProto2.serialize (file:///Users/thesayyn/Documents/thesayyn/protoc-gen-ts/target/debug/build/protoc_gen_ts-8cec2bec66276c47/out/test_conformance/test_messages_proto2.ts:957:67)
    at file:///Users/thesayyn/Documents/thesayyn/protoc-gen-ts/tests/conformance/bin/main.ts:31:44

  protobuf_test_messages.proto2.TestAllTypesProto2 1
  Error: Assertion failed
    at Object.jspb.asserts.doAssertFailure (https://cdn.skypack.dev/-/google-protobuf@v3.21.2-YDUqZL2TTSsy2lGtfuND/dist=es2019,mode=imports/optimized/google-protobuf.js:778:11)
    at Object.jspb.asserts.assert (https://cdn.skypack.dev/-/google-protobuf@v3.21.2-YDUqZL2TTSsy2lGtfuND/dist=es2019,mode=imports/optimized/google-protobuf.js:783:23)
    at jspb.BinaryReader.readUint64 (https://cdn.skypack.dev/-/google-protobuf@v3.21.2-YDUqZL2TTSsy2lGtfuND/dist=es2019,mode=imports/optimized/google-protobuf.js:4559:18)
    at Function.deserialize (file:///Users/thesayyn/Documents/thesayyn/protoc-gen-ts/target/debug/build/protoc_gen_ts-8cec2bec66276c47/out/test_conformance/test_messages_proto2.ts:223:53)
    at file:///Users/thesayyn/Documents/thesayyn/protoc-gen-ts/tests/conformance/bin/main.ts:30:78

  protobuf_test_messages.proto2.TestAllTypesProto2 1
  Error: Assertion failed
    at Object.jspb.asserts.doAssertFailure (https://cdn.skypack.dev/-/google-protobuf@v3.21.2-YDUqZL2TTSsy2lGtfuND/dist=es2019,mode=imports/optimized/google-protobuf.js:778:11)
    at Object.jspb.asserts.assert (https://cdn.skypack.dev/-/google-protobuf@v3.21.2-YDUqZL2TTSsy2lGtfuND/dist=es2019,mode=imports/optimized/google-protobuf.js:783:23)
    at jspb.BinaryWriter.writeUint64 (https://cdn.skypack.dev/-/google-protobuf@v3.21.2-YDUqZL2TTSsy2lGtfuND/dist=es2019,mode=imports/optimized/google-protobuf.js:5234:32)
    at protobuf_test_messages_proto2_TestAllTypesProto2.serialize (file:///Users/thesayyn/Documents/thesayyn/protoc-gen-ts/target/debug/build/protoc_gen_ts-8cec2bec66276c47/out/test_conformance/test_messages_proto2.ts:957:67)
    at file:///Users/thesayyn/Documents/thesayyn/protoc-gen-ts/tests/conformance/bin/main.ts:31:44

  protobuf_test_messages.proto2.TestAllTypesProto2 1
  Error: Assertion failed
    at Object.jspb.asserts.doAssertFailure (https://cdn.skypack.dev/-/google-protobuf@v3.21.2-YDUqZL2TTSsy2lGtfuND/dist=es2019,mode=imports/optimized/google-protobuf.js:778:11)
    at Object.jspb.asserts.assert (https://cdn.skypack.dev/-/google-protobuf@v3.21.2-YDUqZL2TTSsy2lGtfuND/dist=es2019,mode=imports/optimized/google-protobuf.js:783:23)
    at jspb.BinaryReader.readUint64 (https://cdn.skypack.dev/-/google-protobuf@v3.21.2-YDUqZL2TTSsy2lGtfuND/dist=es2019,mode=imports/optimized/google-protobuf.js:4559:18)
    at Function.deserialize (file:///Users/thesayyn/Documents/thesayyn/protoc-gen-ts/target/debug/build/protoc_gen_ts-8cec2bec66276c47/out/test_conformance/test_messages_proto2.ts:223:53)
    at file:///Users/thesayyn/Documents/thesayyn/protoc-gen-ts/tests/conformance/bin/main.ts:30:78

  protobuf_test_messages.proto2.TestAllTypesProto2 1
  Error: Assertion failed
    at Object.jspb.asserts.doAssertFailure (https://cdn.skypack.dev/-/google-protobuf@v3.21.2-YDUqZL2TTSsy2lGtfuND/dist=es2019,mode=imports/optimized/google-protobuf.js:778:11)
    at Object.jspb.asserts.assert (https://cdn.skypack.dev/-/google-protobuf@v3.21.2-YDUqZL2TTSsy2lGtfuND/dist=es2019,mode=imports/optimized/google-protobuf.js:783:23)
    at jspb.BinaryEncoder.writeUnsignedVarint64 (https://cdn.skypack.dev/-/google-protobuf@v3.21.2-YDUqZL2TTSsy2lGtfuND/dist=es2019,mode=imports/optimized/google-protobuf.js:4808:18)
    at jspb.BinaryWriter.writePackedUint64 (https://cdn.skypack.dev/-/google-protobuf@v3.21.2-YDUqZL2TTSsy2lGtfuND/dist=es2019,mode=imports/optimized/google-protobuf.js:5592:23)
    at protobuf_test_messages_proto2_TestAllTypesProto2.serialize (file:///Users/thesayyn/Documents/thesayyn/protoc-gen-ts/target/debug/build/protoc_gen_ts-8cec2bec66276c47/out/test_conformance/test_messages_proto2.ts:1026:16)
    at file:///Users/thesayyn/Documents/thesayyn/protoc-gen-ts/tests/conformance/bin/main.ts:31:44

  protobuf_test_messages.proto2.TestAllTypesProto2 1
  Error: Assertion failed
    at Object.jspb.asserts.doAssertFailure (https://cdn.skypack.dev/-/google-protobuf@v3.21.2-YDUqZL2TTSsy2lGtfuND/dist=es2019,mode=imports/optimized/google-protobuf.js:778:11)
    at Object.jspb.asserts.assert (https://cdn.skypack.dev/-/google-protobuf@v3.21.2-YDUqZL2TTSsy2lGtfuND/dist=es2019,mode=imports/optimized/google-protobuf.js:783:23)
    at jspb.BinaryEncoder.writeUnsignedVarint64 (https://cdn.skypack.dev/-/google-protobuf@v3.21.2-YDUqZL2TTSsy2lGtfuND/dist=es2019,mode=imports/optimized/google-protobuf.js:4808:18)
    at jspb.BinaryWriter.writePackedUint64 (https://cdn.skypack.dev/-/google-protobuf@v3.21.2-YDUqZL2TTSsy2lGtfuND/dist=es2019,mode=imports/optimized/google-protobuf.js:5592:23)
    at protobuf_test_messages_proto2_TestAllTypesProto2.serialize (file:///Users/thesayyn/Documents/thesayyn/protoc-gen-ts/target/debug/build/protoc_gen_ts-8cec2bec66276c47/out/test_conformance/test_messages_proto2.ts:1026:16)
    at file:///Users/thesayyn/Documents/thesayyn/protoc-gen-ts/tests/conformance/bin/main.ts:31:44

  protobuf_test_messages.proto2.TestAllTypesProto2 1
  Error: Assertion failed
    at Object.jspb.asserts.doAssertFailure (https://cdn.skypack.dev/-/google-protobuf@v3.21.2-YDUqZL2TTSsy2lGtfuND/dist=es2019,mode=imports/optimized/google-protobuf.js:778:11)
    at Object.jspb.asserts.assert (https://cdn.skypack.dev/-/google-protobuf@v3.21.2-YDUqZL2TTSsy2lGtfuND/dist=es2019,mode=imports/optimized/google-protobuf.js:783:23)
    at jspb.BinaryWriter.writeUint64 (https://cdn.skypack.dev/-/google-protobuf@v3.21.2-YDUqZL2TTSsy2lGtfuND/dist=es2019,mode=imports/optimized/google-protobuf.js:5234:32)
    at protobuf_test_messages_proto2_TestAllTypesProto2.serialize (file:///Users/thesayyn/Documents/thesayyn/protoc-gen-ts/target/debug/build/protoc_gen_ts-8cec2bec66276c47/out/test_conformance/test_messages_proto2.ts:957:67)
    at file:///Users/thesayyn/Documents/thesayyn/protoc-gen-ts/tests/conformance/bin/main.ts:31:44

  protobuf_test_messages.proto2.TestAllTypesProto2 1
  Error: Assertion failed
    at Object.jspb.asserts.doAssertFailure (https://cdn.skypack.dev/-/google-protobuf@v3.21.2-YDUqZL2TTSsy2lGtfuND/dist=es2019,mode=imports/optimized/google-protobuf.js:778:11)
    at Object.jspb.asserts.assert (https://cdn.skypack.dev/-/google-protobuf@v3.21.2-YDUqZL2TTSsy2lGtfuND/dist=es2019,mode=imports/optimized/google-protobuf.js:783:23)
    at jspb.BinaryReader.readUint64 (https://cdn.skypack.dev/-/google-protobuf@v3.21.2-YDUqZL2TTSsy2lGtfuND/dist=es2019,mode=imports/optimized/google-protobuf.js:4559:18)
    at Function.deserialize (file:///Users/thesayyn/Documents/thesayyn/protoc-gen-ts/target/debug/build/protoc_gen_ts-8cec2bec66276c47/out/test_conformance/test_messages_proto2.ts:223:53)
    at file:///Users/thesayyn/Documents/thesayyn/protoc-gen-ts/tests/conformance/bin/main.ts:30:78

  protobuf_test_messages.proto3.TestAllTypesProto3 1
  Error: Assertion failed
    at Object.jspb.asserts.doAssertFailure (https://cdn.skypack.dev/-/google-protobuf@v3.21.2-YDUqZL2TTSsy2lGtfuND/dist=es2019,mode=imports/optimized/google-protobuf.js:778:11)
    at Object.jspb.asserts.assert (https://cdn.skypack.dev/-/google-protobuf@v3.21.2-YDUqZL2TTSsy2lGtfuND/dist=es2019,mode=imports/optimized/google-protobuf.js:783:23)
    at jspb.BinaryWriter.writeUint64 (https://cdn.skypack.dev/-/google-protobuf@v3.21.2-YDUqZL2TTSsy2lGtfuND/dist=es2019,mode=imports/optimized/google-protobuf.js:5234:32)
    at protobuf_test_messages_proto3_TestAllTypesProto3.serialize (file:///Users/thesayyn/Documents/thesayyn/protoc-gen-ts/target/debug/build/protoc_gen_ts-8cec2bec66276c47/out/test_conformance/test_messages_proto3.ts:975:16)
    at file:///Users/thesayyn/Documents/thesayyn/protoc-gen-ts/tests/conformance/bin/main.ts:24:44

  protobuf_test_messages.proto3.TestAllTypesProto3 1
  Error: Assertion failed
    at Object.jspb.asserts.doAssertFailure (https://cdn.skypack.dev/-/google-protobuf@v3.21.2-YDUqZL2TTSsy2lGtfuND/dist=es2019,mode=imports/optimized/google-protobuf.js:778:11)
    at Object.jspb.asserts.assert (https://cdn.skypack.dev/-/google-protobuf@v3.21.2-YDUqZL2TTSsy2lGtfuND/dist=es2019,mode=imports/optimized/google-protobuf.js:783:23)
    at jspb.BinaryWriter.writeUint64 (https://cdn.skypack.dev/-/google-protobuf@v3.21.2-YDUqZL2TTSsy2lGtfuND/dist=es2019,mode=imports/optimized/google-protobuf.js:5234:32)
    at protobuf_test_messages_proto3_TestAllTypesProto3.serialize (file:///Users/thesayyn/Documents/thesayyn/protoc-gen-ts/target/debug/build/protoc_gen_ts-8cec2bec66276c47/out/test_conformance/test_messages_proto3.ts:975:16)
    at file:///Users/thesayyn/Documents/thesayyn/protoc-gen-ts/tests/conformance/bin/main.ts:24:44

  protobuf_test_messages.proto3.TestAllTypesProto3 1
  Error: Assertion failed
    at Object.jspb.asserts.doAssertFailure (https://cdn.skypack.dev/-/google-protobuf@v3.21.2-YDUqZL2TTSsy2lGtfuND/dist=es2019,mode=imports/optimized/google-protobuf.js:778:11)
    at Object.jspb.asserts.assert (https://cdn.skypack.dev/-/google-protobuf@v3.21.2-YDUqZL2TTSsy2lGtfuND/dist=es2019,mode=imports/optimized/google-protobuf.js:783:23)
    at jspb.BinaryWriter.writeUint64 (https://cdn.skypack.dev/-/google-protobuf@v3.21.2-YDUqZL2TTSsy2lGtfuND/dist=es2019,mode=imports/optimized/google-protobuf.js:5234:32)
    at protobuf_test_messages_proto3_TestAllTypesProto3.serialize (file:///Users/thesayyn/Documents/thesayyn/protoc-gen-ts/target/debug/build/protoc_gen_ts-8cec2bec66276c47/out/test_conformance/test_messages_proto3.ts:975:16)
    at file:///Users/thesayyn/Documents/thesayyn/protoc-gen-ts/tests/conformance/bin/main.ts:24:44

  protobuf_test_messages.proto3.TestAllTypesProto3 1
  Error: Assertion failed
    at Object.jspb.asserts.doAssertFailure (https://cdn.skypack.dev/-/google-protobuf@v3.21.2-YDUqZL2TTSsy2lGtfuND/dist=es2019,mode=imports/optimized/google-protobuf.js:778:11)
    at Object.jspb.asserts.assert (https://cdn.skypack.dev/-/google-protobuf@v3.21.2-YDUqZL2TTSsy2lGtfuND/dist=es2019,mode=imports/optimized/google-protobuf.js:783:23)
    at jspb.BinaryEncoder.writeUnsignedVarint64 (https://cdn.skypack.dev/-/google-protobuf@v3.21.2-YDUqZL2TTSsy2lGtfuND/dist=es2019,mode=imports/optimized/google-protobuf.js:4808:18)
    at jspb.BinaryWriter.writePackedUint64 (https://cdn.skypack.dev/-/google-protobuf@v3.21.2-YDUqZL2TTSsy2lGtfuND/dist=es2019,mode=imports/optimized/google-protobuf.js:5592:23)
    at protobuf_test_messages_proto3_TestAllTypesProto3.serialize (file:///Users/thesayyn/Documents/thesayyn/protoc-gen-ts/target/debug/build/protoc_gen_ts-8cec2bec66276c47/out/test_conformance/test_messages_proto3.ts:1053:16)
    at file:///Users/thesayyn/Documents/thesayyn/protoc-gen-ts/tests/conformance/bin/main.ts:24:44

  protobuf_test_messages.proto3.TestAllTypesProto3 1
  Error: Assertion failed
    at Object.jspb.asserts.doAssertFailure (https://cdn.skypack.dev/-/google-protobuf@v3.21.2-YDUqZL2TTSsy2lGtfuND/dist=es2019,mode=imports/optimized/google-protobuf.js:778:11)
    at Object.jspb.asserts.assert (https://cdn.skypack.dev/-/google-protobuf@v3.21.2-YDUqZL2TTSsy2lGtfuND/dist=es2019,mode=imports/optimized/google-protobuf.js:783:23)
    at jspb.BinaryEncoder.writeUnsignedVarint64 (https://cdn.skypack.dev/-/google-protobuf@v3.21.2-YDUqZL2TTSsy2lGtfuND/dist=es2019,mode=imports/optimized/google-protobuf.js:4808:18)
    at jspb.BinaryWriter.writePackedUint64 (https://cdn.skypack.dev/-/google-protobuf@v3.21.2-YDUqZL2TTSsy2lGtfuND/dist=es2019,mode=imports/optimized/google-protobuf.js:5592:23)
    at protobuf_test_messages_proto3_TestAllTypesProto3.serialize (file:///Users/thesayyn/Documents/thesayyn/protoc-gen-ts/target/debug/build/protoc_gen_ts-8cec2bec66276c47/out/test_conformance/test_messages_proto3.ts:1053:16)
    at file:///Users/thesayyn/Documents/thesayyn/protoc-gen-ts/tests/conformance/bin/main.ts:24:44

  protobuf_test_messages.proto3.TestAllTypesProto3 1
  Error: Assertion failed
    at Object.jspb.asserts.doAssertFailure (https://cdn.skypack.dev/-/google-protobuf@v3.21.2-YDUqZL2TTSsy2lGtfuND/dist=es2019,mode=imports/optimized/google-protobuf.js:778:11)
    at Object.jspb.asserts.assert (https://cdn.skypack.dev/-/google-protobuf@v3.21.2-YDUqZL2TTSsy2lGtfuND/dist=es2019,mode=imports/optimized/google-protobuf.js:783:23)
    at jspb.BinaryEncoder.writeUnsignedVarint64 (https://cdn.skypack.dev/-/google-protobuf@v3.21.2-YDUqZL2TTSsy2lGtfuND/dist=es2019,mode=imports/optimized/google-protobuf.js:4808:18)
    at jspb.BinaryWriter.writePackedUint64 (https://cdn.skypack.dev/-/google-protobuf@v3.21.2-YDUqZL2TTSsy2lGtfuND/dist=es2019,mode=imports/optimized/google-protobuf.js:5592:23)
    at protobuf_test_messages_proto3_TestAllTypesProto3.serialize (file:///Users/thesayyn/Documents/thesayyn/protoc-gen-ts/target/debug/build/protoc_gen_ts-8cec2bec66276c47/out/test_conformance/test_messages_proto3.ts:1053:16)
    at file:///Users/thesayyn/Documents/thesayyn/protoc-gen-ts/tests/conformance/bin/main.ts:24:44

  protobuf_test_messages.proto3.TestAllTypesProto3 1
  Error: Assertion failed
    at Object.jspb.asserts.doAssertFailure (https://cdn.skypack.dev/-/google-protobuf@v3.21.2-YDUqZL2TTSsy2lGtfuND/dist=es2019,mode=imports/optimized/google-protobuf.js:778:11)
    at Object.jspb.asserts.assert (https://cdn.skypack.dev/-/google-protobuf@v3.21.2-YDUqZL2TTSsy2lGtfuND/dist=es2019,mode=imports/optimized/google-protobuf.js:783:23)
    at jspb.BinaryEncoder.writeUnsignedVarint64 (https://cdn.skypack.dev/-/google-protobuf@v3.21.2-YDUqZL2TTSsy2lGtfuND/dist=es2019,mode=imports/optimized/google-protobuf.js:4808:18)
    at jspb.BinaryWriter.writePackedUint64 (https://cdn.skypack.dev/-/google-protobuf@v3.21.2-YDUqZL2TTSsy2lGtfuND/dist=es2019,mode=imports/optimized/google-protobuf.js:5592:23)
    at protobuf_test_messages_proto3_TestAllTypesProto3.serialize (file:///Users/thesayyn/Documents/thesayyn/protoc-gen-ts/target/debug/build/protoc_gen_ts-8cec2bec66276c47/out/test_conformance/test_messages_proto3.ts:1053:16)
    at file:///Users/thesayyn/Documents/thesayyn/protoc-gen-ts/tests/conformance/bin/main.ts:24:44

  protobuf_test_messages.proto3.TestAllTypesProto3 1
  Error: Assertion failed
    at Object.jspb.asserts.doAssertFailure (https://cdn.skypack.dev/-/google-protobuf@v3.21.2-YDUqZL2TTSsy2lGtfuND/dist=es2019,mode=imports/optimized/google-protobuf.js:778:11)
    at Object.jspb.asserts.assert (https://cdn.skypack.dev/-/google-protobuf@v3.21.2-YDUqZL2TTSsy2lGtfuND/dist=es2019,mode=imports/optimized/google-protobuf.js:783:23)
    at jspb.BinaryEncoder.writeUnsignedVarint64 (https://cdn.skypack.dev/-/google-protobuf@v3.21.2-YDUqZL2TTSsy2lGtfuND/dist=es2019,mode=imports/optimized/google-protobuf.js:4808:18)
    at jspb.BinaryWriter.writePackedUint64 (https://cdn.skypack.dev/-/google-protobuf@v3.21.2-YDUqZL2TTSsy2lGtfuND/dist=es2019,mode=imports/optimized/google-protobuf.js:5592:23)
    at protobuf_test_messages_proto3_TestAllTypesProto3.serialize (file:///Users/thesayyn/Documents/thesayyn/protoc-gen-ts/target/debug/build/protoc_gen_ts-8cec2bec66276c47/out/test_conformance/test_messages_proto3.ts:1053:16)
    at file:///Users/thesayyn/Documents/thesayyn/protoc-gen-ts/tests/conformance/bin/main.ts:24:44

  protobuf_test_messages.proto3.TestAllTypesProto3 1
  Error: Assertion failed
    at Object.jspb.asserts.doAssertFailure (https://cdn.skypack.dev/-/google-protobuf@v3.21.2-YDUqZL2TTSsy2lGtfuND/dist=es2019,mode=imports/optimized/google-protobuf.js:778:11)
    at Object.jspb.asserts.assert (https://cdn.skypack.dev/-/google-protobuf@v3.21.2-YDUqZL2TTSsy2lGtfuND/dist=es2019,mode=imports/optimized/google-protobuf.js:783:23)
    at jspb.BinaryEncoder.writeUnsignedVarint64 (https://cdn.skypack.dev/-/google-protobuf@v3.21.2-YDUqZL2TTSsy2lGtfuND/dist=es2019,mode=imports/optimized/google-protobuf.js:4808:18)
    at jspb.BinaryWriter.writePackedUint64 (https://cdn.skypack.dev/-/google-protobuf@v3.21.2-YDUqZL2TTSsy2lGtfuND/dist=es2019,mode=imports/optimized/google-protobuf.js:5592:23)
    at protobuf_test_messages_proto3_TestAllTypesProto3.serialize (file:///Users/thesayyn/Documents/thesayyn/protoc-gen-ts/target/debug/build/protoc_gen_ts-8cec2bec66276c47/out/test_conformance/test_messages_proto3.ts:1053:16)
    at file:///Users/thesayyn/Documents/thesayyn/protoc-gen-ts/tests/conformance/bin/main.ts:24:44

  protobuf_test_messages.proto3.TestAllTypesProto3 1
  Error: Assertion failed
    at Object.jspb.asserts.doAssertFailure (https://cdn.skypack.dev/-/google-protobuf@v3.21.2-YDUqZL2TTSsy2lGtfuND/dist=es2019,mode=imports/optimized/google-protobuf.js:778:11)
    at Object.jspb.asserts.assert (https://cdn.skypack.dev/-/google-protobuf@v3.21.2-YDUqZL2TTSsy2lGtfuND/dist=es2019,mode=imports/optimized/google-protobuf.js:783:23)
    at jspb.BinaryWriter.writeUint64 (https://cdn.skypack.dev/-/google-protobuf@v3.21.2-YDUqZL2TTSsy2lGtfuND/dist=es2019,mode=imports/optimized/google-protobuf.js:5234:32)
    at protobuf_test_messages_proto3_TestAllTypesProto3.serialize (file:///Users/thesayyn/Documents/thesayyn/protoc-gen-ts/target/debug/build/protoc_gen_ts-8cec2bec66276c47/out/test_conformance/test_messages_proto3.ts:1164:67)
    at file:///Users/thesayyn/Documents/thesayyn/protoc-gen-ts/tests/conformance/bin/main.ts:24:44

  protobuf_test_messages.proto3.TestAllTypesProto3 1
  Error: Assertion failed
    at Object.jspb.asserts.doAssertFailure (https://cdn.skypack.dev/-/google-protobuf@v3.21.2-YDUqZL2TTSsy2lGtfuND/dist=es2019,mode=imports/optimized/google-protobuf.js:778:11)
    at Object.jspb.asserts.assert (https://cdn.skypack.dev/-/google-protobuf@v3.21.2-YDUqZL2TTSsy2lGtfuND/dist=es2019,mode=imports/optimized/google-protobuf.js:783:23)
    at jspb.BinaryReader.readUint64 (https://cdn.skypack.dev/-/google-protobuf@v3.21.2-YDUqZL2TTSsy2lGtfuND/dist=es2019,mode=imports/optimized/google-protobuf.js:4559:18)
    at Function.deserialize (file:///Users/thesayyn/Documents/thesayyn/protoc-gen-ts/target/debug/build/protoc_gen_ts-8cec2bec66276c47/out/test_conformance/test_messages_proto3.ts:384:53)
    at file:///Users/thesayyn/Documents/thesayyn/protoc-gen-ts/tests/conformance/bin/main.ts:23:78

  protobuf_test_messages.proto2.TestAllTypesProto2 1
  Error: Assertion failed
    at Object.jspb.asserts.doAssertFailure (https://cdn.skypack.dev/-/google-protobuf@v3.21.2-YDUqZL2TTSsy2lGtfuND/dist=es2019,mode=imports/optimized/google-protobuf.js:778:11)
    at Object.jspb.asserts.assert (https://cdn.skypack.dev/-/google-protobuf@v3.21.2-YDUqZL2TTSsy2lGtfuND/dist=es2019,mode=imports/optimized/google-protobuf.js:783:23)
    at jspb.BinaryReader.readInt32 (https://cdn.skypack.dev/-/google-protobuf@v3.21.2-YDUqZL2TTSsy2lGtfuND/dist=es2019,mode=imports/optimized/google-protobuf.js:4532:18)
    at Function.deserialize (file:///Users/thesayyn/Documents/thesayyn/protoc-gen-ts/target/debug/build/protoc_gen_ts-8cec2bec66276c47/out/test_conformance/test_messages_proto2.ts:214:52)
    at file:///Users/thesayyn/Documents/thesayyn/protoc-gen-ts/tests/conformance/bin/main.ts:30:78

  protobuf_test_messages.proto2.TestAllTypesProto2 1
  Error: Assertion failed
    at Object.jspb.asserts.doAssertFailure (https://cdn.skypack.dev/-/google-protobuf@v3.21.2-YDUqZL2TTSsy2lGtfuND/dist=es2019,mode=imports/optimized/google-protobuf.js:778:11)
    at Object.jspb.asserts.assert (https://cdn.skypack.dev/-/google-protobuf@v3.21.2-YDUqZL2TTSsy2lGtfuND/dist=es2019,mode=imports/optimized/google-protobuf.js:783:23)
    at jspb.BinaryReader.readInt32 (https://cdn.skypack.dev/-/google-protobuf@v3.21.2-YDUqZL2TTSsy2lGtfuND/dist=es2019,mode=imports/optimized/google-protobuf.js:4532:18)
    at Function.deserialize (file:///Users/thesayyn/Documents/thesayyn/protoc-gen-ts/target/debug/build/protoc_gen_ts-8cec2bec66276c47/out/test_conformance/test_messages_proto2.ts:214:52)
    at file:///Users/thesayyn/Documents/thesayyn/protoc-gen-ts/tests/conformance/bin/main.ts:30:78

  protobuf_test_messages.proto2.TestAllTypesProto2 1
  Error: Assertion failed
    at Object.jspb.asserts.doAssertFailure (https://cdn.skypack.dev/-/google-protobuf@v3.21.2-YDUqZL2TTSsy2lGtfuND/dist=es2019,mode=imports/optimized/google-protobuf.js:778:11)
    at Object.jspb.asserts.assert (https://cdn.skypack.dev/-/google-protobuf@v3.21.2-YDUqZL2TTSsy2lGtfuND/dist=es2019,mode=imports/optimized/google-protobuf.js:783:23)
    at jspb.BinaryReader.readInt32 (https://cdn.skypack.dev/-/google-protobuf@v3.21.2-YDUqZL2TTSsy2lGtfuND/dist=es2019,mode=imports/optimized/google-protobuf.js:4532:18)
    at Function.deserialize (file:///Users/thesayyn/Documents/thesayyn/protoc-gen-ts/target/debug/build/protoc_gen_ts-8cec2bec66276c47/out/test_conformance/test_messages_proto2.ts:214:52)
    at file:///Users/thesayyn/Documents/thesayyn/protoc-gen-ts/tests/conformance/bin/main.ts:30:78

  protobuf_test_messages.proto3.TestAllTypesProto3 1
  Error: Assertion failed
    at Object.jspb.asserts.doAssertFailure (https://cdn.skypack.dev/-/google-protobuf@v3.21.2-YDUqZL2TTSsy2lGtfuND/dist=es2019,mode=imports/optimized/google-protobuf.js:778:11)
    at Object.jspb.asserts.assert (https://cdn.skypack.dev/-/google-protobuf@v3.21.2-YDUqZL2TTSsy2lGtfuND/dist=es2019,mode=imports/optimized/google-protobuf.js:783:23)
    at jspb.BinaryReader.readInt32 (https://cdn.skypack.dev/-/google-protobuf@v3.21.2-YDUqZL2TTSsy2lGtfuND/dist=es2019,mode=imports/optimized/google-protobuf.js:4532:18)
    at Function.deserialize (file:///Users/thesayyn/Documents/thesayyn/protoc-gen-ts/target/debug/build/protoc_gen_ts-8cec2bec66276c47/out/test_conformance/test_messages_proto3.ts:375:52)
    at file:///Users/thesayyn/Documents/thesayyn/protoc-gen-ts/tests/conformance/bin/main.ts:23:78

  protobuf_test_messages.proto2.TestAllTypesProto2 1
  Error: Assertion failed
    at Object.jspb.asserts.doAssertFailure (https://cdn.skypack.dev/-/google-protobuf@v3.21.2-YDUqZL2TTSsy2lGtfuND/dist=es2019,mode=imports/optimized/google-protobuf.js:778:11)
    at Object.jspb.asserts.assert (https://cdn.skypack.dev/-/google-protobuf@v3.21.2-YDUqZL2TTSsy2lGtfuND/dist=es2019,mode=imports/optimized/google-protobuf.js:783:23)
    at jspb.BinaryWriter.writeUint32 (https://cdn.skypack.dev/-/google-protobuf@v3.21.2-YDUqZL2TTSsy2lGtfuND/dist=es2019,mode=imports/optimized/google-protobuf.js:5227:32)
    at protobuf_test_messages_proto2_TestAllTypesProto2.serialize (file:///Users/thesayyn/Documents/thesayyn/protoc-gen-ts/target/debug/build/protoc_gen_ts-8cec2bec66276c47/out/test_conformance/test_messages_proto2.ts:879:16)
    at file:///Users/thesayyn/Documents/thesayyn/protoc-gen-ts/tests/conformance/bin/main.ts:31:44

  protobuf_test_messages.proto2.TestAllTypesProto2 1
  Error: Assertion failed
    at Object.jspb.asserts.doAssertFailure (https://cdn.skypack.dev/-/google-protobuf@v3.21.2-YDUqZL2TTSsy2lGtfuND/dist=es2019,mode=imports/optimized/google-protobuf.js:778:11)
    at Object.jspb.asserts.assert (https://cdn.skypack.dev/-/google-protobuf@v3.21.2-YDUqZL2TTSsy2lGtfuND/dist=es2019,mode=imports/optimized/google-protobuf.js:783:23)
    at jspb.BinaryWriter.writeUint32 (https://cdn.skypack.dev/-/google-protobuf@v3.21.2-YDUqZL2TTSsy2lGtfuND/dist=es2019,mode=imports/optimized/google-protobuf.js:5227:32)
    at protobuf_test_messages_proto2_TestAllTypesProto2.serialize (file:///Users/thesayyn/Documents/thesayyn/protoc-gen-ts/target/debug/build/protoc_gen_ts-8cec2bec66276c47/out/test_conformance/test_messages_proto2.ts:879:16)
    at file:///Users/thesayyn/Documents/thesayyn/protoc-gen-ts/tests/conformance/bin/main.ts:31:44

  protobuf_test_messages.proto2.TestAllTypesProto2 1
  Error: Assertion failed
    at Object.jspb.asserts.doAssertFailure (https://cdn.skypack.dev/-/google-protobuf@v3.21.2-YDUqZL2TTSsy2lGtfuND/dist=es2019,mode=imports/optimized/google-protobuf.js:778:11)
    at Object.jspb.asserts.assert (https://cdn.skypack.dev/-/google-protobuf@v3.21.2-YDUqZL2TTSsy2lGtfuND/dist=es2019,mode=imports/optimized/google-protobuf.js:783:23)
    at jspb.BinaryWriter.writeUint32 (https://cdn.skypack.dev/-/google-protobuf@v3.21.2-YDUqZL2TTSsy2lGtfuND/dist=es2019,mode=imports/optimized/google-protobuf.js:5227:32)
    at protobuf_test_messages_proto2_TestAllTypesProto2.serialize (file:///Users/thesayyn/Documents/thesayyn/protoc-gen-ts/target/debug/build/protoc_gen_ts-8cec2bec66276c47/out/test_conformance/test_messages_proto2.ts:954:67)
    at file:///Users/thesayyn/Documents/thesayyn/protoc-gen-ts/tests/conformance/bin/main.ts:31:44

  protobuf_test_messages.proto2.TestAllTypesProto2 1
  Error: Assertion failed
    at Object.jspb.asserts.doAssertFailure (https://cdn.skypack.dev/-/google-protobuf@v3.21.2-YDUqZL2TTSsy2lGtfuND/dist=es2019,mode=imports/optimized/google-protobuf.js:778:11)
    at Object.jspb.asserts.assert (https://cdn.skypack.dev/-/google-protobuf@v3.21.2-YDUqZL2TTSsy2lGtfuND/dist=es2019,mode=imports/optimized/google-protobuf.js:783:23)
    at jspb.BinaryReader.readUint32 (https://cdn.skypack.dev/-/google-protobuf@v3.21.2-YDUqZL2TTSsy2lGtfuND/dist=es2019,mode=imports/optimized/google-protobuf.js:4550:18)
    at Function.deserialize (file:///Users/thesayyn/Documents/thesayyn/protoc-gen-ts/target/debug/build/protoc_gen_ts-8cec2bec66276c47/out/test_conformance/test_messages_proto2.ts:220:53)
    at file:///Users/thesayyn/Documents/thesayyn/protoc-gen-ts/tests/conformance/bin/main.ts:30:78

  protobuf_test_messages.proto2.TestAllTypesProto2 1
  Error: Assertion failed
    at Object.jspb.asserts.doAssertFailure (https://cdn.skypack.dev/-/google-protobuf@v3.21.2-YDUqZL2TTSsy2lGtfuND/dist=es2019,mode=imports/optimized/google-protobuf.js:778:11)
    at Object.jspb.asserts.assert (https://cdn.skypack.dev/-/google-protobuf@v3.21.2-YDUqZL2TTSsy2lGtfuND/dist=es2019,mode=imports/optimized/google-protobuf.js:783:23)
    at jspb.BinaryWriter.writeUint32 (https://cdn.skypack.dev/-/google-protobuf@v3.21.2-YDUqZL2TTSsy2lGtfuND/dist=es2019,mode=imports/optimized/google-protobuf.js:5227:32)
    at protobuf_test_messages_proto2_TestAllTypesProto2.serialize (file:///Users/thesayyn/Documents/thesayyn/protoc-gen-ts/target/debug/build/protoc_gen_ts-8cec2bec66276c47/out/test_conformance/test_messages_proto2.ts:954:67)
    at file:///Users/thesayyn/Documents/thesayyn/protoc-gen-ts/tests/conformance/bin/main.ts:31:44

  protobuf_test_messages.proto2.TestAllTypesProto2 1
  Error: Assertion failed
    at Object.jspb.asserts.doAssertFailure (https://cdn.skypack.dev/-/google-protobuf@v3.21.2-YDUqZL2TTSsy2lGtfuND/dist=es2019,mode=imports/optimized/google-protobuf.js:778:11)
    at Object.jspb.asserts.assert (https://cdn.skypack.dev/-/google-protobuf@v3.21.2-YDUqZL2TTSsy2lGtfuND/dist=es2019,mode=imports/optimized/google-protobuf.js:783:23)
    at jspb.BinaryReader.readUint32 (https://cdn.skypack.dev/-/google-protobuf@v3.21.2-YDUqZL2TTSsy2lGtfuND/dist=es2019,mode=imports/optimized/google-protobuf.js:4550:18)
    at Function.deserialize (file:///Users/thesayyn/Documents/thesayyn/protoc-gen-ts/target/debug/build/protoc_gen_ts-8cec2bec66276c47/out/test_conformance/test_messages_proto2.ts:220:53)
    at file:///Users/thesayyn/Documents/thesayyn/protoc-gen-ts/tests/conformance/bin/main.ts:30:78

  protobuf_test_messages.proto2.TestAllTypesProto2 1
  Error: Assertion failed
    at Object.jspb.asserts.doAssertFailure (https://cdn.skypack.dev/-/google-protobuf@v3.21.2-YDUqZL2TTSsy2lGtfuND/dist=es2019,mode=imports/optimized/google-protobuf.js:778:11)
    at Object.jspb.asserts.assert (https://cdn.skypack.dev/-/google-protobuf@v3.21.2-YDUqZL2TTSsy2lGtfuND/dist=es2019,mode=imports/optimized/google-protobuf.js:783:23)
    at jspb.BinaryEncoder.writeUnsignedVarint32 (https://cdn.skypack.dev/-/google-protobuf@v3.21.2-YDUqZL2TTSsy2lGtfuND/dist=es2019,mode=imports/optimized/google-protobuf.js:4791:23)
    at jspb.BinaryWriter.writePackedUint32 (https://cdn.skypack.dev/-/google-protobuf@v3.21.2-YDUqZL2TTSsy2lGtfuND/dist=es2019,mode=imports/optimized/google-protobuf.js:5575:23)
    at protobuf_test_messages_proto2_TestAllTypesProto2.serialize (file:///Users/thesayyn/Documents/thesayyn/protoc-gen-ts/target/debug/build/protoc_gen_ts-8cec2bec66276c47/out/test_conformance/test_messages_proto2.ts:1023:16)
    at file:///Users/thesayyn/Documents/thesayyn/protoc-gen-ts/tests/conformance/bin/main.ts:31:44

  protobuf_test_messages.proto2.TestAllTypesProto2 1
  Error: Assertion failed
    at Object.jspb.asserts.doAssertFailure (https://cdn.skypack.dev/-/google-protobuf@v3.21.2-YDUqZL2TTSsy2lGtfuND/dist=es2019,mode=imports/optimized/google-protobuf.js:778:11)
    at Object.jspb.asserts.assert (https://cdn.skypack.dev/-/google-protobuf@v3.21.2-YDUqZL2TTSsy2lGtfuND/dist=es2019,mode=imports/optimized/google-protobuf.js:783:23)
    at jspb.BinaryEncoder.writeUnsignedVarint32 (https://cdn.skypack.dev/-/google-protobuf@v3.21.2-YDUqZL2TTSsy2lGtfuND/dist=es2019,mode=imports/optimized/google-protobuf.js:4791:23)
    at jspb.BinaryWriter.writePackedUint32 (https://cdn.skypack.dev/-/google-protobuf@v3.21.2-YDUqZL2TTSsy2lGtfuND/dist=es2019,mode=imports/optimized/google-protobuf.js:5575:23)
    at protobuf_test_messages_proto2_TestAllTypesProto2.serialize (file:///Users/thesayyn/Documents/thesayyn/protoc-gen-ts/target/debug/build/protoc_gen_ts-8cec2bec66276c47/out/test_conformance/test_messages_proto2.ts:1023:16)
    at file:///Users/thesayyn/Documents/thesayyn/protoc-gen-ts/tests/conformance/bin/main.ts:31:44

  protobuf_test_messages.proto2.TestAllTypesProto2 1
  Error: Assertion failed
    at Object.jspb.asserts.doAssertFailure (https://cdn.skypack.dev/-/google-protobuf@v3.21.2-YDUqZL2TTSsy2lGtfuND/dist=es2019,mode=imports/optimized/google-protobuf.js:778:11)
    at Object.jspb.asserts.assert (https://cdn.skypack.dev/-/google-protobuf@v3.21.2-YDUqZL2TTSsy2lGtfuND/dist=es2019,mode=imports/optimized/google-protobuf.js:783:23)
    at jspb.BinaryWriter.writeUint32 (https://cdn.skypack.dev/-/google-protobuf@v3.21.2-YDUqZL2TTSsy2lGtfuND/dist=es2019,mode=imports/optimized/google-protobuf.js:5227:32)
    at protobuf_test_messages_proto2_TestAllTypesProto2.serialize (file:///Users/thesayyn/Documents/thesayyn/protoc-gen-ts/target/debug/build/protoc_gen_ts-8cec2bec66276c47/out/test_conformance/test_messages_proto2.ts:954:67)
    at file:///Users/thesayyn/Documents/thesayyn/protoc-gen-ts/tests/conformance/bin/main.ts:31:44

  protobuf_test_messages.proto2.TestAllTypesProto2 1
  Error: Assertion failed
    at Object.jspb.asserts.doAssertFailure (https://cdn.skypack.dev/-/google-protobuf@v3.21.2-YDUqZL2TTSsy2lGtfuND/dist=es2019,mode=imports/optimized/google-protobuf.js:778:11)
    at Object.jspb.asserts.assert (https://cdn.skypack.dev/-/google-protobuf@v3.21.2-YDUqZL2TTSsy2lGtfuND/dist=es2019,mode=imports/optimized/google-protobuf.js:783:23)
    at jspb.BinaryReader.readUint32 (https://cdn.skypack.dev/-/google-protobuf@v3.21.2-YDUqZL2TTSsy2lGtfuND/dist=es2019,mode=imports/optimized/google-protobuf.js:4550:18)
    at Function.deserialize (file:///Users/thesayyn/Documents/thesayyn/protoc-gen-ts/target/debug/build/protoc_gen_ts-8cec2bec66276c47/out/test_conformance/test_messages_proto2.ts:220:53)
    at file:///Users/thesayyn/Documents/thesayyn/protoc-gen-ts/tests/conformance/bin/main.ts:30:78

  protobuf_test_messages.proto3.TestAllTypesProto3 1
  Error: Assertion failed
    at Object.jspb.asserts.doAssertFailure (https://cdn.skypack.dev/-/google-protobuf@v3.21.2-YDUqZL2TTSsy2lGtfuND/dist=es2019,mode=imports/optimized/google-protobuf.js:778:11)
    at Object.jspb.asserts.assert (https://cdn.skypack.dev/-/google-protobuf@v3.21.2-YDUqZL2TTSsy2lGtfuND/dist=es2019,mode=imports/optimized/google-protobuf.js:783:23)
    at jspb.BinaryWriter.writeUint32 (https://cdn.skypack.dev/-/google-protobuf@v3.21.2-YDUqZL2TTSsy2lGtfuND/dist=es2019,mode=imports/optimized/google-protobuf.js:5227:32)
    at protobuf_test_messages_proto3_TestAllTypesProto3.serialize (file:///Users/thesayyn/Documents/thesayyn/protoc-gen-ts/target/debug/build/protoc_gen_ts-8cec2bec66276c47/out/test_conformance/test_messages_proto3.ts:972:16)
    at file:///Users/thesayyn/Documents/thesayyn/protoc-gen-ts/tests/conformance/bin/main.ts:24:44

  protobuf_test_messages.proto3.TestAllTypesProto3 1
  Error: Assertion failed
    at Object.jspb.asserts.doAssertFailure (https://cdn.skypack.dev/-/google-protobuf@v3.21.2-YDUqZL2TTSsy2lGtfuND/dist=es2019,mode=imports/optimized/google-protobuf.js:778:11)
    at Object.jspb.asserts.assert (https://cdn.skypack.dev/-/google-protobuf@v3.21.2-YDUqZL2TTSsy2lGtfuND/dist=es2019,mode=imports/optimized/google-protobuf.js:783:23)
    at jspb.BinaryWriter.writeUint32 (https://cdn.skypack.dev/-/google-protobuf@v3.21.2-YDUqZL2TTSsy2lGtfuND/dist=es2019,mode=imports/optimized/google-protobuf.js:5227:32)
    at protobuf_test_messages_proto3_TestAllTypesProto3.serialize (file:///Users/thesayyn/Documents/thesayyn/protoc-gen-ts/target/debug/build/protoc_gen_ts-8cec2bec66276c47/out/test_conformance/test_messages_proto3.ts:972:16)
    at file:///Users/thesayyn/Documents/thesayyn/protoc-gen-ts/tests/conformance/bin/main.ts:24:44

  protobuf_test_messages.proto3.TestAllTypesProto3 1
  Error: Assertion failed
    at Object.jspb.asserts.doAssertFailure (https://cdn.skypack.dev/-/google-protobuf@v3.21.2-YDUqZL2TTSsy2lGtfuND/dist=es2019,mode=imports/optimized/google-protobuf.js:778:11)
    at Object.jspb.asserts.assert (https://cdn.skypack.dev/-/google-protobuf@v3.21.2-YDUqZL2TTSsy2lGtfuND/dist=es2019,mode=imports/optimized/google-protobuf.js:783:23)
    at jspb.BinaryEncoder.writeUnsignedVarint32 (https://cdn.skypack.dev/-/google-protobuf@v3.21.2-YDUqZL2TTSsy2lGtfuND/dist=es2019,mode=imports/optimized/google-protobuf.js:4791:23)
    at jspb.BinaryWriter.writePackedUint32 (https://cdn.skypack.dev/-/google-protobuf@v3.21.2-YDUqZL2TTSsy2lGtfuND/dist=es2019,mode=imports/optimized/google-protobuf.js:5575:23)
    at protobuf_test_messages_proto3_TestAllTypesProto3.serialize (file:///Users/thesayyn/Documents/thesayyn/protoc-gen-ts/target/debug/build/protoc_gen_ts-8cec2bec66276c47/out/test_conformance/test_messages_proto3.ts:1050:16)
    at file:///Users/thesayyn/Documents/thesayyn/protoc-gen-ts/tests/conformance/bin/main.ts:24:44

  protobuf_test_messages.proto3.TestAllTypesProto3 1
  Error: Assertion failed
    at Object.jspb.asserts.doAssertFailure (https://cdn.skypack.dev/-/google-protobuf@v3.21.2-YDUqZL2TTSsy2lGtfuND/dist=es2019,mode=imports/optimized/google-protobuf.js:778:11)
    at Object.jspb.asserts.assert (https://cdn.skypack.dev/-/google-protobuf@v3.21.2-YDUqZL2TTSsy2lGtfuND/dist=es2019,mode=imports/optimized/google-protobuf.js:783:23)
    at jspb.BinaryEncoder.writeUnsignedVarint32 (https://cdn.skypack.dev/-/google-protobuf@v3.21.2-YDUqZL2TTSsy2lGtfuND/dist=es2019,mode=imports/optimized/google-protobuf.js:4791:23)
    at jspb.BinaryWriter.writePackedUint32 (https://cdn.skypack.dev/-/google-protobuf@v3.21.2-YDUqZL2TTSsy2lGtfuND/dist=es2019,mode=imports/optimized/google-protobuf.js:5575:23)
    at protobuf_test_messages_proto3_TestAllTypesProto3.serialize (file:///Users/thesayyn/Documents/thesayyn/protoc-gen-ts/target/debug/build/protoc_gen_ts-8cec2bec66276c47/out/test_conformance/test_messages_proto3.ts:1050:16)
    at file:///Users/thesayyn/Documents/thesayyn/protoc-gen-ts/tests/conformance/bin/main.ts:24:44

  protobuf_test_messages.proto3.TestAllTypesProto3 1
  Error: Assertion failed
    at Object.jspb.asserts.doAssertFailure (https://cdn.skypack.dev/-/google-protobuf@v3.21.2-YDUqZL2TTSsy2lGtfuND/dist=es2019,mode=imports/optimized/google-protobuf.js:778:11)
    at Object.jspb.asserts.assert (https://cdn.skypack.dev/-/google-protobuf@v3.21.2-YDUqZL2TTSsy2lGtfuND/dist=es2019,mode=imports/optimized/google-protobuf.js:783:23)
    at jspb.BinaryEncoder.writeUnsignedVarint32 (https://cdn.skypack.dev/-/google-protobuf@v3.21.2-YDUqZL2TTSsy2lGtfuND/dist=es2019,mode=imports/optimized/google-protobuf.js:4791:23)
    at jspb.BinaryWriter.writePackedUint32 (https://cdn.skypack.dev/-/google-protobuf@v3.21.2-YDUqZL2TTSsy2lGtfuND/dist=es2019,mode=imports/optimized/google-protobuf.js:5575:23)
    at protobuf_test_messages_proto3_TestAllTypesProto3.serialize (file:///Users/thesayyn/Documents/thesayyn/protoc-gen-ts/target/debug/build/protoc_gen_ts-8cec2bec66276c47/out/test_conformance/test_messages_proto3.ts:1050:16)
    at file:///Users/thesayyn/Documents/thesayyn/protoc-gen-ts/tests/conformance/bin/main.ts:24:44

  protobuf_test_messages.proto3.TestAllTypesProto3 1
  Error: Assertion failed
    at Object.jspb.asserts.doAssertFailure (https://cdn.skypack.dev/-/google-protobuf@v3.21.2-YDUqZL2TTSsy2lGtfuND/dist=es2019,mode=imports/optimized/google-protobuf.js:778:11)
    at Object.jspb.asserts.assert (https://cdn.skypack.dev/-/google-protobuf@v3.21.2-YDUqZL2TTSsy2lGtfuND/dist=es2019,mode=imports/optimized/google-protobuf.js:783:23)
    at jspb.BinaryEncoder.writeUnsignedVarint32 (https://cdn.skypack.dev/-/google-protobuf@v3.21.2-YDUqZL2TTSsy2lGtfuND/dist=es2019,mode=imports/optimized/google-protobuf.js:4791:23)
    at jspb.BinaryWriter.writePackedUint32 (https://cdn.skypack.dev/-/google-protobuf@v3.21.2-YDUqZL2TTSsy2lGtfuND/dist=es2019,mode=imports/optimized/google-protobuf.js:5575:23)
    at protobuf_test_messages_proto3_TestAllTypesProto3.serialize (file:///Users/thesayyn/Documents/thesayyn/protoc-gen-ts/target/debug/build/protoc_gen_ts-8cec2bec66276c47/out/test_conformance/test_messages_proto3.ts:1050:16)
    at file:///Users/thesayyn/Documents/thesayyn/protoc-gen-ts/tests/conformance/bin/main.ts:24:44

  protobuf_test_messages.proto3.TestAllTypesProto3 1
  Error: Assertion failed
    at Object.jspb.asserts.doAssertFailure (https://cdn.skypack.dev/-/google-protobuf@v3.21.2-YDUqZL2TTSsy2lGtfuND/dist=es2019,mode=imports/optimized/google-protobuf.js:778:11)
    at Object.jspb.asserts.assert (https://cdn.skypack.dev/-/google-protobuf@v3.21.2-YDUqZL2TTSsy2lGtfuND/dist=es2019,mode=imports/optimized/google-protobuf.js:783:23)
    at jspb.BinaryEncoder.writeUnsignedVarint32 (https://cdn.skypack.dev/-/google-protobuf@v3.21.2-YDUqZL2TTSsy2lGtfuND/dist=es2019,mode=imports/optimized/google-protobuf.js:4791:23)
    at jspb.BinaryWriter.writePackedUint32 (https://cdn.skypack.dev/-/google-protobuf@v3.21.2-YDUqZL2TTSsy2lGtfuND/dist=es2019,mode=imports/optimized/google-protobuf.js:5575:23)
    at protobuf_test_messages_proto3_TestAllTypesProto3.serialize (file:///Users/thesayyn/Documents/thesayyn/protoc-gen-ts/target/debug/build/protoc_gen_ts-8cec2bec66276c47/out/test_conformance/test_messages_proto3.ts:1050:16)
    at file:///Users/thesayyn/Documents/thesayyn/protoc-gen-ts/tests/conformance/bin/main.ts:24:44

  protobuf_test_messages.proto3.TestAllTypesProto3 1
  Error: Assertion failed
    at Object.jspb.asserts.doAssertFailure (https://cdn.skypack.dev/-/google-protobuf@v3.21.2-YDUqZL2TTSsy2lGtfuND/dist=es2019,mode=imports/optimized/google-protobuf.js:778:11)
    at Object.jspb.asserts.assert (https://cdn.skypack.dev/-/google-protobuf@v3.21.2-YDUqZL2TTSsy2lGtfuND/dist=es2019,mode=imports/optimized/google-protobuf.js:783:23)
    at jspb.BinaryEncoder.writeUnsignedVarint32 (https://cdn.skypack.dev/-/google-protobuf@v3.21.2-YDUqZL2TTSsy2lGtfuND/dist=es2019,mode=imports/optimized/google-protobuf.js:4791:23)
    at jspb.BinaryWriter.writePackedUint32 (https://cdn.skypack.dev/-/google-protobuf@v3.21.2-YDUqZL2TTSsy2lGtfuND/dist=es2019,mode=imports/optimized/google-protobuf.js:5575:23)
    at protobuf_test_messages_proto3_TestAllTypesProto3.serialize (file:///Users/thesayyn/Documents/thesayyn/protoc-gen-ts/target/debug/build/protoc_gen_ts-8cec2bec66276c47/out/test_conformance/test_messages_proto3.ts:1050:16)
    at file:///Users/thesayyn/Documents/thesayyn/protoc-gen-ts/tests/conformance/bin/main.ts:24:44

  protobuf_test_messages.proto3.TestAllTypesProto3 1
  Error: Assertion failed
    at Object.jspb.asserts.doAssertFailure (https://cdn.skypack.dev/-/google-protobuf@v3.21.2-YDUqZL2TTSsy2lGtfuND/dist=es2019,mode=imports/optimized/google-protobuf.js:778:11)
    at Object.jspb.asserts.assert (https://cdn.skypack.dev/-/google-protobuf@v3.21.2-YDUqZL2TTSsy2lGtfuND/dist=es2019,mode=imports/optimized/google-protobuf.js:783:23)
    at jspb.BinaryWriter.writeUint32 (https://cdn.skypack.dev/-/google-protobuf@v3.21.2-YDUqZL2TTSsy2lGtfuND/dist=es2019,mode=imports/optimized/google-protobuf.js:5227:32)
    at protobuf_test_messages_proto3_TestAllTypesProto3.serialize (file:///Users/thesayyn/Documents/thesayyn/protoc-gen-ts/target/debug/build/protoc_gen_ts-8cec2bec66276c47/out/test_conformance/test_messages_proto3.ts:1161:67)
    at file:///Users/thesayyn/Documents/thesayyn/protoc-gen-ts/tests/conformance/bin/main.ts:24:44

  protobuf_test_messages.proto3.TestAllTypesProto3 1
  Error: Assertion failed
    at Object.jspb.asserts.doAssertFailure (https://cdn.skypack.dev/-/google-protobuf@v3.21.2-YDUqZL2TTSsy2lGtfuND/dist=es2019,mode=imports/optimized/google-protobuf.js:778:11)
    at Object.jspb.asserts.assert (https://cdn.skypack.dev/-/google-protobuf@v3.21.2-YDUqZL2TTSsy2lGtfuND/dist=es2019,mode=imports/optimized/google-protobuf.js:783:23)
    at jspb.BinaryReader.readUint32 (https://cdn.skypack.dev/-/google-protobuf@v3.21.2-YDUqZL2TTSsy2lGtfuND/dist=es2019,mode=imports/optimized/google-protobuf.js:4550:18)
    at Function.deserialize (file:///Users/thesayyn/Documents/thesayyn/protoc-gen-ts/target/debug/build/protoc_gen_ts-8cec2bec66276c47/out/test_conformance/test_messages_proto3.ts:381:53)
    at file:///Users/thesayyn/Documents/thesayyn/protoc-gen-ts/tests/conformance/bin/main.ts:23:78

  protobuf_test_messages.proto2.TestAllTypesProto2 1
  Error: Assertion failed
    at Object.jspb.asserts.doAssertFailure (https://cdn.skypack.dev/-/google-protobuf@v3.21.2-YDUqZL2TTSsy2lGtfuND/dist=es2019,mode=imports/optimized/google-protobuf.js:778:11)
    at Object.jspb.asserts.assert (https://cdn.skypack.dev/-/google-protobuf@v3.21.2-YDUqZL2TTSsy2lGtfuND/dist=es2019,mode=imports/optimized/google-protobuf.js:783:23)
    at jspb.BinaryWriter.writeFixed64 (https://cdn.skypack.dev/-/google-protobuf@v3.21.2-YDUqZL2TTSsy2lGtfuND/dist=es2019,mode=imports/optimized/google-protobuf.js:5259:32)
    at protobuf_test_messages_proto2_TestAllTypesProto2.serialize (file:///Users/thesayyn/Documents/thesayyn/protoc-gen-ts/target/debug/build/protoc_gen_ts-8cec2bec66276c47/out/test_conformance/test_messages_proto2.ts:894:16)
    at file:///Users/thesayyn/Documents/thesayyn/protoc-gen-ts/tests/conformance/bin/main.ts:31:44

  protobuf_test_messages.proto2.TestAllTypesProto2 1
  Error: Assertion failed
    at Object.jspb.asserts.doAssertFailure (https://cdn.skypack.dev/-/google-protobuf@v3.21.2-YDUqZL2TTSsy2lGtfuND/dist=es2019,mode=imports/optimized/google-protobuf.js:778:11)
    at Object.jspb.asserts.assert (https://cdn.skypack.dev/-/google-protobuf@v3.21.2-YDUqZL2TTSsy2lGtfuND/dist=es2019,mode=imports/optimized/google-protobuf.js:783:23)
    at jspb.BinaryWriter.writeFixed64 (https://cdn.skypack.dev/-/google-protobuf@v3.21.2-YDUqZL2TTSsy2lGtfuND/dist=es2019,mode=imports/optimized/google-protobuf.js:5259:32)
    at protobuf_test_messages_proto2_TestAllTypesProto2.serialize (file:///Users/thesayyn/Documents/thesayyn/protoc-gen-ts/target/debug/build/protoc_gen_ts-8cec2bec66276c47/out/test_conformance/test_messages_proto2.ts:894:16)
    at file:///Users/thesayyn/Documents/thesayyn/protoc-gen-ts/tests/conformance/bin/main.ts:31:44

  protobuf_test_messages.proto2.TestAllTypesProto2 1
  Error: Assertion failed
    at Object.jspb.asserts.doAssertFailure (https://cdn.skypack.dev/-/google-protobuf@v3.21.2-YDUqZL2TTSsy2lGtfuND/dist=es2019,mode=imports/optimized/google-protobuf.js:778:11)
    at Object.jspb.asserts.assert (https://cdn.skypack.dev/-/google-protobuf@v3.21.2-YDUqZL2TTSsy2lGtfuND/dist=es2019,mode=imports/optimized/google-protobuf.js:783:23)
    at jspb.BinaryWriter.writeFixed64 (https://cdn.skypack.dev/-/google-protobuf@v3.21.2-YDUqZL2TTSsy2lGtfuND/dist=es2019,mode=imports/optimized/google-protobuf.js:5259:32)
    at protobuf_test_messages_proto2_TestAllTypesProto2.serialize (file:///Users/thesayyn/Documents/thesayyn/protoc-gen-ts/target/debug/build/protoc_gen_ts-8cec2bec66276c47/out/test_conformance/test_messages_proto2.ts:894:16)
    at file:///Users/thesayyn/Documents/thesayyn/protoc-gen-ts/tests/conformance/bin/main.ts:31:44

  protobuf_test_messages.proto2.TestAllTypesProto2 1
  Error: Assertion failed
    at Object.jspb.asserts.doAssertFailure (https://cdn.skypack.dev/-/google-protobuf@v3.21.2-YDUqZL2TTSsy2lGtfuND/dist=es2019,mode=imports/optimized/google-protobuf.js:778:11)
    at Object.jspb.asserts.assert (https://cdn.skypack.dev/-/google-protobuf@v3.21.2-YDUqZL2TTSsy2lGtfuND/dist=es2019,mode=imports/optimized/google-protobuf.js:783:23)
    at jspb.BinaryWriter.writeFixed64 (https://cdn.skypack.dev/-/google-protobuf@v3.21.2-YDUqZL2TTSsy2lGtfuND/dist=es2019,mode=imports/optimized/google-protobuf.js:5259:32)
    at protobuf_test_messages_proto2_TestAllTypesProto2.serialize (file:///Users/thesayyn/Documents/thesayyn/protoc-gen-ts/target/debug/build/protoc_gen_ts-8cec2bec66276c47/out/test_conformance/test_messages_proto2.ts:969:69)
    at file:///Users/thesayyn/Documents/thesayyn/protoc-gen-ts/tests/conformance/bin/main.ts:31:44

  protobuf_test_messages.proto2.TestAllTypesProto2 1
  Error: Assertion failed
    at Object.jspb.asserts.doAssertFailure (https://cdn.skypack.dev/-/google-protobuf@v3.21.2-YDUqZL2TTSsy2lGtfuND/dist=es2019,mode=imports/optimized/google-protobuf.js:778:11)
    at Object.jspb.asserts.assert (https://cdn.skypack.dev/-/google-protobuf@v3.21.2-YDUqZL2TTSsy2lGtfuND/dist=es2019,mode=imports/optimized/google-protobuf.js:783:23)
    at jspb.BinaryReader.readFixed64 (https://cdn.skypack.dev/-/google-protobuf@v3.21.2-YDUqZL2TTSsy2lGtfuND/dist=es2019,mode=imports/optimized/google-protobuf.js:4587:18)
    at Function.deserialize (file:///Users/thesayyn/Documents/thesayyn/protoc-gen-ts/target/debug/build/protoc_gen_ts-8cec2bec66276c47/out/test_conformance/test_messages_proto2.ts:235:54)
    at file:///Users/thesayyn/Documents/thesayyn/protoc-gen-ts/tests/conformance/bin/main.ts:30:78

  protobuf_test_messages.proto2.TestAllTypesProto2 1
  Error: Assertion failed
    at Object.jspb.asserts.doAssertFailure (https://cdn.skypack.dev/-/google-protobuf@v3.21.2-YDUqZL2TTSsy2lGtfuND/dist=es2019,mode=imports/optimized/google-protobuf.js:778:11)
    at Object.jspb.asserts.assert (https://cdn.skypack.dev/-/google-protobuf@v3.21.2-YDUqZL2TTSsy2lGtfuND/dist=es2019,mode=imports/optimized/google-protobuf.js:783:23)
    at jspb.BinaryWriter.writeFixed64 (https://cdn.skypack.dev/-/google-protobuf@v3.21.2-YDUqZL2TTSsy2lGtfuND/dist=es2019,mode=imports/optimized/google-protobuf.js:5259:32)
    at protobuf_test_messages_proto2_TestAllTypesProto2.serialize (file:///Users/thesayyn/Documents/thesayyn/protoc-gen-ts/target/debug/build/protoc_gen_ts-8cec2bec66276c47/out/test_conformance/test_messages_proto2.ts:969:69)
    at file:///Users/thesayyn/Documents/thesayyn/protoc-gen-ts/tests/conformance/bin/main.ts:31:44

  protobuf_test_messages.proto2.TestAllTypesProto2 1
  Error: Assertion failed
    at Object.jspb.asserts.doAssertFailure (https://cdn.skypack.dev/-/google-protobuf@v3.21.2-YDUqZL2TTSsy2lGtfuND/dist=es2019,mode=imports/optimized/google-protobuf.js:778:11)
    at Object.jspb.asserts.assert (https://cdn.skypack.dev/-/google-protobuf@v3.21.2-YDUqZL2TTSsy2lGtfuND/dist=es2019,mode=imports/optimized/google-protobuf.js:783:23)
    at jspb.BinaryReader.readFixed64 (https://cdn.skypack.dev/-/google-protobuf@v3.21.2-YDUqZL2TTSsy2lGtfuND/dist=es2019,mode=imports/optimized/google-protobuf.js:4587:18)
    at Function.deserialize (file:///Users/thesayyn/Documents/thesayyn/protoc-gen-ts/target/debug/build/protoc_gen_ts-8cec2bec66276c47/out/test_conformance/test_messages_proto2.ts:235:54)
    at file:///Users/thesayyn/Documents/thesayyn/protoc-gen-ts/tests/conformance/bin/main.ts:30:78

  protobuf_test_messages.proto2.TestAllTypesProto2 1
  Error: Assertion failed
    at Object.jspb.asserts.doAssertFailure (https://cdn.skypack.dev/-/google-protobuf@v3.21.2-YDUqZL2TTSsy2lGtfuND/dist=es2019,mode=imports/optimized/google-protobuf.js:778:11)
    at Object.jspb.asserts.assert (https://cdn.skypack.dev/-/google-protobuf@v3.21.2-YDUqZL2TTSsy2lGtfuND/dist=es2019,mode=imports/optimized/google-protobuf.js:783:23)
    at jspb.BinaryEncoder.writeUint64 (https://cdn.skypack.dev/-/google-protobuf@v3.21.2-YDUqZL2TTSsy2lGtfuND/dist=es2019,mode=imports/optimized/google-protobuf.js:4860:18)
    at jspb.BinaryWriter.writePackedFixed64 (https://cdn.skypack.dev/-/google-protobuf@v3.21.2-YDUqZL2TTSsy2lGtfuND/dist=es2019,mode=imports/optimized/google-protobuf.js:5650:23)
    at protobuf_test_messages_proto2_TestAllTypesProto2.serialize (file:///Users/thesayyn/Documents/thesayyn/protoc-gen-ts/target/debug/build/protoc_gen_ts-8cec2bec66276c47/out/test_conformance/test_messages_proto2.ts:1038:16)
    at file:///Users/thesayyn/Documents/thesayyn/protoc-gen-ts/tests/conformance/bin/main.ts:31:44

  protobuf_test_messages.proto2.TestAllTypesProto2 1
  Error: Assertion failed
    at Object.jspb.asserts.doAssertFailure (https://cdn.skypack.dev/-/google-protobuf@v3.21.2-YDUqZL2TTSsy2lGtfuND/dist=es2019,mode=imports/optimized/google-protobuf.js:778:11)
    at Object.jspb.asserts.assert (https://cdn.skypack.dev/-/google-protobuf@v3.21.2-YDUqZL2TTSsy2lGtfuND/dist=es2019,mode=imports/optimized/google-protobuf.js:783:23)
    at jspb.BinaryEncoder.writeUint64 (https://cdn.skypack.dev/-/google-protobuf@v3.21.2-YDUqZL2TTSsy2lGtfuND/dist=es2019,mode=imports/optimized/google-protobuf.js:4860:18)
    at jspb.BinaryWriter.writePackedFixed64 (https://cdn.skypack.dev/-/google-protobuf@v3.21.2-YDUqZL2TTSsy2lGtfuND/dist=es2019,mode=imports/optimized/google-protobuf.js:5650:23)
    at protobuf_test_messages_proto2_TestAllTypesProto2.serialize (file:///Users/thesayyn/Documents/thesayyn/protoc-gen-ts/target/debug/build/protoc_gen_ts-8cec2bec66276c47/out/test_conformance/test_messages_proto2.ts:1038:16)
    at file:///Users/thesayyn/Documents/thesayyn/protoc-gen-ts/tests/conformance/bin/main.ts:31:44

  protobuf_test_messages.proto2.TestAllTypesProto2 1
  Error: Assertion failed
    at Object.jspb.asserts.doAssertFailure (https://cdn.skypack.dev/-/google-protobuf@v3.21.2-YDUqZL2TTSsy2lGtfuND/dist=es2019,mode=imports/optimized/google-protobuf.js:778:11)
    at Object.jspb.asserts.assert (https://cdn.skypack.dev/-/google-protobuf@v3.21.2-YDUqZL2TTSsy2lGtfuND/dist=es2019,mode=imports/optimized/google-protobuf.js:783:23)
    at jspb.BinaryWriter.writeFixed64 (https://cdn.skypack.dev/-/google-protobuf@v3.21.2-YDUqZL2TTSsy2lGtfuND/dist=es2019,mode=imports/optimized/google-protobuf.js:5259:32)
    at protobuf_test_messages_proto2_TestAllTypesProto2.serialize (file:///Users/thesayyn/Documents/thesayyn/protoc-gen-ts/target/debug/build/protoc_gen_ts-8cec2bec66276c47/out/test_conformance/test_messages_proto2.ts:969:69)
    at file:///Users/thesayyn/Documents/thesayyn/protoc-gen-ts/tests/conformance/bin/main.ts:31:44

  protobuf_test_messages.proto2.TestAllTypesProto2 1
  Error: Assertion failed
    at Object.jspb.asserts.doAssertFailure (https://cdn.skypack.dev/-/google-protobuf@v3.21.2-YDUqZL2TTSsy2lGtfuND/dist=es2019,mode=imports/optimized/google-protobuf.js:778:11)
    at Object.jspb.asserts.assert (https://cdn.skypack.dev/-/google-protobuf@v3.21.2-YDUqZL2TTSsy2lGtfuND/dist=es2019,mode=imports/optimized/google-protobuf.js:783:23)
    at jspb.BinaryReader.readFixed64 (https://cdn.skypack.dev/-/google-protobuf@v3.21.2-YDUqZL2TTSsy2lGtfuND/dist=es2019,mode=imports/optimized/google-protobuf.js:4587:18)
    at Function.deserialize (file:///Users/thesayyn/Documents/thesayyn/protoc-gen-ts/target/debug/build/protoc_gen_ts-8cec2bec66276c47/out/test_conformance/test_messages_proto2.ts:235:54)
    at file:///Users/thesayyn/Documents/thesayyn/protoc-gen-ts/tests/conformance/bin/main.ts:30:78

  protobuf_test_messages.proto3.TestAllTypesProto3 1
  Error: Assertion failed
    at Object.jspb.asserts.doAssertFailure (https://cdn.skypack.dev/-/google-protobuf@v3.21.2-YDUqZL2TTSsy2lGtfuND/dist=es2019,mode=imports/optimized/google-protobuf.js:778:11)
    at Object.jspb.asserts.assert (https://cdn.skypack.dev/-/google-protobuf@v3.21.2-YDUqZL2TTSsy2lGtfuND/dist=es2019,mode=imports/optimized/google-protobuf.js:783:23)
    at jspb.BinaryWriter.writeFixed64 (https://cdn.skypack.dev/-/google-protobuf@v3.21.2-YDUqZL2TTSsy2lGtfuND/dist=es2019,mode=imports/optimized/google-protobuf.js:5259:32)
    at protobuf_test_messages_proto3_TestAllTypesProto3.serialize (file:///Users/thesayyn/Documents/thesayyn/protoc-gen-ts/target/debug/build/protoc_gen_ts-8cec2bec66276c47/out/test_conformance/test_messages_proto3.ts:987:16)
    at file:///Users/thesayyn/Documents/thesayyn/protoc-gen-ts/tests/conformance/bin/main.ts:24:44

  protobuf_test_messages.proto3.TestAllTypesProto3 1
  Error: Assertion failed
    at Object.jspb.asserts.doAssertFailure (https://cdn.skypack.dev/-/google-protobuf@v3.21.2-YDUqZL2TTSsy2lGtfuND/dist=es2019,mode=imports/optimized/google-protobuf.js:778:11)
    at Object.jspb.asserts.assert (https://cdn.skypack.dev/-/google-protobuf@v3.21.2-YDUqZL2TTSsy2lGtfuND/dist=es2019,mode=imports/optimized/google-protobuf.js:783:23)
    at jspb.BinaryWriter.writeFixed64 (https://cdn.skypack.dev/-/google-protobuf@v3.21.2-YDUqZL2TTSsy2lGtfuND/dist=es2019,mode=imports/optimized/google-protobuf.js:5259:32)
    at protobuf_test_messages_proto3_TestAllTypesProto3.serialize (file:///Users/thesayyn/Documents/thesayyn/protoc-gen-ts/target/debug/build/protoc_gen_ts-8cec2bec66276c47/out/test_conformance/test_messages_proto3.ts:987:16)
    at file:///Users/thesayyn/Documents/thesayyn/protoc-gen-ts/tests/conformance/bin/main.ts:24:44

  protobuf_test_messages.proto3.TestAllTypesProto3 1
  Error: Assertion failed
    at Object.jspb.asserts.doAssertFailure (https://cdn.skypack.dev/-/google-protobuf@v3.21.2-YDUqZL2TTSsy2lGtfuND/dist=es2019,mode=imports/optimized/google-protobuf.js:778:11)
    at Object.jspb.asserts.assert (https://cdn.skypack.dev/-/google-protobuf@v3.21.2-YDUqZL2TTSsy2lGtfuND/dist=es2019,mode=imports/optimized/google-protobuf.js:783:23)
    at jspb.BinaryWriter.writeFixed64 (https://cdn.skypack.dev/-/google-protobuf@v3.21.2-YDUqZL2TTSsy2lGtfuND/dist=es2019,mode=imports/optimized/google-protobuf.js:5259:32)
    at protobuf_test_messages_proto3_TestAllTypesProto3.serialize (file:///Users/thesayyn/Documents/thesayyn/protoc-gen-ts/target/debug/build/protoc_gen_ts-8cec2bec66276c47/out/test_conformance/test_messages_proto3.ts:987:16)
    at file:///Users/thesayyn/Documents/thesayyn/protoc-gen-ts/tests/conformance/bin/main.ts:24:44

  protobuf_test_messages.proto3.TestAllTypesProto3 1
  Error: Assertion failed
    at Object.jspb.asserts.doAssertFailure (https://cdn.skypack.dev/-/google-protobuf@v3.21.2-YDUqZL2TTSsy2lGtfuND/dist=es2019,mode=imports/optimized/google-protobuf.js:778:11)
    at Object.jspb.asserts.assert (https://cdn.skypack.dev/-/google-protobuf@v3.21.2-YDUqZL2TTSsy2lGtfuND/dist=es2019,mode=imports/optimized/google-protobuf.js:783:23)
    at jspb.BinaryEncoder.writeUint64 (https://cdn.skypack.dev/-/google-protobuf@v3.21.2-YDUqZL2TTSsy2lGtfuND/dist=es2019,mode=imports/optimized/google-protobuf.js:4860:18)
    at jspb.BinaryWriter.writePackedFixed64 (https://cdn.skypack.dev/-/google-protobuf@v3.21.2-YDUqZL2TTSsy2lGtfuND/dist=es2019,mode=imports/optimized/google-protobuf.js:5650:23)
    at protobuf_test_messages_proto3_TestAllTypesProto3.serialize (file:///Users/thesayyn/Documents/thesayyn/protoc-gen-ts/target/debug/build/protoc_gen_ts-8cec2bec66276c47/out/test_conformance/test_messages_proto3.ts:1065:16)
    at file:///Users/thesayyn/Documents/thesayyn/protoc-gen-ts/tests/conformance/bin/main.ts:24:44

  protobuf_test_messages.proto3.TestAllTypesProto3 1
  Error: Assertion failed
    at Object.jspb.asserts.doAssertFailure (https://cdn.skypack.dev/-/google-protobuf@v3.21.2-YDUqZL2TTSsy2lGtfuND/dist=es2019,mode=imports/optimized/google-protobuf.js:778:11)
    at Object.jspb.asserts.assert (https://cdn.skypack.dev/-/google-protobuf@v3.21.2-YDUqZL2TTSsy2lGtfuND/dist=es2019,mode=imports/optimized/google-protobuf.js:783:23)
    at jspb.BinaryEncoder.writeUint64 (https://cdn.skypack.dev/-/google-protobuf@v3.21.2-YDUqZL2TTSsy2lGtfuND/dist=es2019,mode=imports/optimized/google-protobuf.js:4860:18)
    at jspb.BinaryWriter.writePackedFixed64 (https://cdn.skypack.dev/-/google-protobuf@v3.21.2-YDUqZL2TTSsy2lGtfuND/dist=es2019,mode=imports/optimized/google-protobuf.js:5650:23)
    at protobuf_test_messages_proto3_TestAllTypesProto3.serialize (file:///Users/thesayyn/Documents/thesayyn/protoc-gen-ts/target/debug/build/protoc_gen_ts-8cec2bec66276c47/out/test_conformance/test_messages_proto3.ts:1065:16)
    at file:///Users/thesayyn/Documents/thesayyn/protoc-gen-ts/tests/conformance/bin/main.ts:24:44

  protobuf_test_messages.proto3.TestAllTypesProto3 1
  Error: Assertion failed
    at Object.jspb.asserts.doAssertFailure (https://cdn.skypack.dev/-/google-protobuf@v3.21.2-YDUqZL2TTSsy2lGtfuND/dist=es2019,mode=imports/optimized/google-protobuf.js:778:11)
    at Object.jspb.asserts.assert (https://cdn.skypack.dev/-/google-protobuf@v3.21.2-YDUqZL2TTSsy2lGtfuND/dist=es2019,mode=imports/optimized/google-protobuf.js:783:23)
    at jspb.BinaryEncoder.writeUint64 (https://cdn.skypack.dev/-/google-protobuf@v3.21.2-YDUqZL2TTSsy2lGtfuND/dist=es2019,mode=imports/optimized/google-protobuf.js:4860:18)
    at jspb.BinaryWriter.writePackedFixed64 (https://cdn.skypack.dev/-/google-protobuf@v3.21.2-YDUqZL2TTSsy2lGtfuND/dist=es2019,mode=imports/optimized/google-protobuf.js:5650:23)
    at protobuf_test_messages_proto3_TestAllTypesProto3.serialize (file:///Users/thesayyn/Documents/thesayyn/protoc-gen-ts/target/debug/build/protoc_gen_ts-8cec2bec66276c47/out/test_conformance/test_messages_proto3.ts:1065:16)
    at file:///Users/thesayyn/Documents/thesayyn/protoc-gen-ts/tests/conformance/bin/main.ts:24:44

  protobuf_test_messages.proto3.TestAllTypesProto3 1
  Error: Assertion failed
    at Object.jspb.asserts.doAssertFailure (https://cdn.skypack.dev/-/google-protobuf@v3.21.2-YDUqZL2TTSsy2lGtfuND/dist=es2019,mode=imports/optimized/google-protobuf.js:778:11)
    at Object.jspb.asserts.assert (https://cdn.skypack.dev/-/google-protobuf@v3.21.2-YDUqZL2TTSsy2lGtfuND/dist=es2019,mode=imports/optimized/google-protobuf.js:783:23)
    at jspb.BinaryEncoder.writeUint64 (https://cdn.skypack.dev/-/google-protobuf@v3.21.2-YDUqZL2TTSsy2lGtfuND/dist=es2019,mode=imports/optimized/google-protobuf.js:4860:18)
    at jspb.BinaryWriter.writePackedFixed64 (https://cdn.skypack.dev/-/google-protobuf@v3.21.2-YDUqZL2TTSsy2lGtfuND/dist=es2019,mode=imports/optimized/google-protobuf.js:5650:23)
    at protobuf_test_messages_proto3_TestAllTypesProto3.serialize (file:///Users/thesayyn/Documents/thesayyn/protoc-gen-ts/target/debug/build/protoc_gen_ts-8cec2bec66276c47/out/test_conformance/test_messages_proto3.ts:1065:16)
    at file:///Users/thesayyn/Documents/thesayyn/protoc-gen-ts/tests/conformance/bin/main.ts:24:44

  protobuf_test_messages.proto3.TestAllTypesProto3 1
  Error: Assertion failed
    at Object.jspb.asserts.doAssertFailure (https://cdn.skypack.dev/-/google-protobuf@v3.21.2-YDUqZL2TTSsy2lGtfuND/dist=es2019,mode=imports/optimized/google-protobuf.js:778:11)
    at Object.jspb.asserts.assert (https://cdn.skypack.dev/-/google-protobuf@v3.21.2-YDUqZL2TTSsy2lGtfuND/dist=es2019,mode=imports/optimized/google-protobuf.js:783:23)
    at jspb.BinaryEncoder.writeUint64 (https://cdn.skypack.dev/-/google-protobuf@v3.21.2-YDUqZL2TTSsy2lGtfuND/dist=es2019,mode=imports/optimized/google-protobuf.js:4860:18)
    at jspb.BinaryWriter.writePackedFixed64 (https://cdn.skypack.dev/-/google-protobuf@v3.21.2-YDUqZL2TTSsy2lGtfuND/dist=es2019,mode=imports/optimized/google-protobuf.js:5650:23)
    at protobuf_test_messages_proto3_TestAllTypesProto3.serialize (file:///Users/thesayyn/Documents/thesayyn/protoc-gen-ts/target/debug/build/protoc_gen_ts-8cec2bec66276c47/out/test_conformance/test_messages_proto3.ts:1065:16)
    at file:///Users/thesayyn/Documents/thesayyn/protoc-gen-ts/tests/conformance/bin/main.ts:24:44

  protobuf_test_messages.proto3.TestAllTypesProto3 1
  Error: Assertion failed
    at Object.jspb.asserts.doAssertFailure (https://cdn.skypack.dev/-/google-protobuf@v3.21.2-YDUqZL2TTSsy2lGtfuND/dist=es2019,mode=imports/optimized/google-protobuf.js:778:11)
    at Object.jspb.asserts.assert (https://cdn.skypack.dev/-/google-protobuf@v3.21.2-YDUqZL2TTSsy2lGtfuND/dist=es2019,mode=imports/optimized/google-protobuf.js:783:23)
    at jspb.BinaryEncoder.writeUint64 (https://cdn.skypack.dev/-/google-protobuf@v3.21.2-YDUqZL2TTSsy2lGtfuND/dist=es2019,mode=imports/optimized/google-protobuf.js:4860:18)
    at jspb.BinaryWriter.writePackedFixed64 (https://cdn.skypack.dev/-/google-protobuf@v3.21.2-YDUqZL2TTSsy2lGtfuND/dist=es2019,mode=imports/optimized/google-protobuf.js:5650:23)
    at protobuf_test_messages_proto3_TestAllTypesProto3.serialize (file:///Users/thesayyn/Documents/thesayyn/protoc-gen-ts/target/debug/build/protoc_gen_ts-8cec2bec66276c47/out/test_conformance/test_messages_proto3.ts:1065:16)
    at file:///Users/thesayyn/Documents/thesayyn/protoc-gen-ts/tests/conformance/bin/main.ts:24:44

  protobuf_test_messages.proto3.TestAllTypesProto3 1
  Error: Assertion failed
    at Object.jspb.asserts.doAssertFailure (https://cdn.skypack.dev/-/google-protobuf@v3.21.2-YDUqZL2TTSsy2lGtfuND/dist=es2019,mode=imports/optimized/google-protobuf.js:778:11)
    at Object.jspb.asserts.assert (https://cdn.skypack.dev/-/google-protobuf@v3.21.2-YDUqZL2TTSsy2lGtfuND/dist=es2019,mode=imports/optimized/google-protobuf.js:783:23)
    at jspb.BinaryWriter.writeFixed64 (https://cdn.skypack.dev/-/google-protobuf@v3.21.2-YDUqZL2TTSsy2lGtfuND/dist=es2019,mode=imports/optimized/google-protobuf.js:5259:32)
    at protobuf_test_messages_proto3_TestAllTypesProto3.serialize (file:///Users/thesayyn/Documents/thesayyn/protoc-gen-ts/target/debug/build/protoc_gen_ts-8cec2bec66276c47/out/test_conformance/test_messages_proto3.ts:1176:69)
    at file:///Users/thesayyn/Documents/thesayyn/protoc-gen-ts/tests/conformance/bin/main.ts:24:44

  protobuf_test_messages.proto3.TestAllTypesProto3 1
  Error: Assertion failed
    at Object.jspb.asserts.doAssertFailure (https://cdn.skypack.dev/-/google-protobuf@v3.21.2-YDUqZL2TTSsy2lGtfuND/dist=es2019,mode=imports/optimized/google-protobuf.js:778:11)
    at Object.jspb.asserts.assert (https://cdn.skypack.dev/-/google-protobuf@v3.21.2-YDUqZL2TTSsy2lGtfuND/dist=es2019,mode=imports/optimized/google-protobuf.js:783:23)
    at jspb.BinaryReader.readFixed64 (https://cdn.skypack.dev/-/google-protobuf@v3.21.2-YDUqZL2TTSsy2lGtfuND/dist=es2019,mode=imports/optimized/google-protobuf.js:4587:18)
    at Function.deserialize (file:///Users/thesayyn/Documents/thesayyn/protoc-gen-ts/target/debug/build/protoc_gen_ts-8cec2bec66276c47/out/test_conformance/test_messages_proto3.ts:396:54)
    at file:///Users/thesayyn/Documents/thesayyn/protoc-gen-ts/tests/conformance/bin/main.ts:23:78

  protobuf_test_messages.proto2.TestAllTypesProto2 1
  Error: Assertion failed
    at Object.jspb.asserts.doAssertFailure (https://cdn.skypack.dev/-/google-protobuf@v3.21.2-YDUqZL2TTSsy2lGtfuND/dist=es2019,mode=imports/optimized/google-protobuf.js:778:11)
    at Object.jspb.asserts.assert (https://cdn.skypack.dev/-/google-protobuf@v3.21.2-YDUqZL2TTSsy2lGtfuND/dist=es2019,mode=imports/optimized/google-protobuf.js:783:23)
    at jspb.BinaryReader.readFixed32 (https://cdn.skypack.dev/-/google-protobuf@v3.21.2-YDUqZL2TTSsy2lGtfuND/dist=es2019,mode=imports/optimized/google-protobuf.js:4582:18)
    at Function.deserialize (file:///Users/thesayyn/Documents/thesayyn/protoc-gen-ts/target/debug/build/protoc_gen_ts-8cec2bec66276c47/out/test_conformance/test_messages_proto2.ts:232:54)
    at file:///Users/thesayyn/Documents/thesayyn/protoc-gen-ts/tests/conformance/bin/main.ts:30:78

  protobuf_test_messages.proto2.TestAllTypesProto2 1
  Error: Assertion failed
    at Object.jspb.asserts.doAssertFailure (https://cdn.skypack.dev/-/google-protobuf@v3.21.2-YDUqZL2TTSsy2lGtfuND/dist=es2019,mode=imports/optimized/google-protobuf.js:778:11)
    at Object.jspb.asserts.assert (https://cdn.skypack.dev/-/google-protobuf@v3.21.2-YDUqZL2TTSsy2lGtfuND/dist=es2019,mode=imports/optimized/google-protobuf.js:783:23)
    at jspb.BinaryReader.readFixed32 (https://cdn.skypack.dev/-/google-protobuf@v3.21.2-YDUqZL2TTSsy2lGtfuND/dist=es2019,mode=imports/optimized/google-protobuf.js:4582:18)
    at Function.deserialize (file:///Users/thesayyn/Documents/thesayyn/protoc-gen-ts/target/debug/build/protoc_gen_ts-8cec2bec66276c47/out/test_conformance/test_messages_proto2.ts:232:54)
    at file:///Users/thesayyn/Documents/thesayyn/protoc-gen-ts/tests/conformance/bin/main.ts:30:78

  protobuf_test_messages.proto2.TestAllTypesProto2 1
  Error: Assertion failed
    at Object.jspb.asserts.doAssertFailure (https://cdn.skypack.dev/-/google-protobuf@v3.21.2-YDUqZL2TTSsy2lGtfuND/dist=es2019,mode=imports/optimized/google-protobuf.js:778:11)
    at Object.jspb.asserts.assert (https://cdn.skypack.dev/-/google-protobuf@v3.21.2-YDUqZL2TTSsy2lGtfuND/dist=es2019,mode=imports/optimized/google-protobuf.js:783:23)
    at jspb.BinaryReader.readFixed32 (https://cdn.skypack.dev/-/google-protobuf@v3.21.2-YDUqZL2TTSsy2lGtfuND/dist=es2019,mode=imports/optimized/google-protobuf.js:4582:18)
    at Function.deserialize (file:///Users/thesayyn/Documents/thesayyn/protoc-gen-ts/target/debug/build/protoc_gen_ts-8cec2bec66276c47/out/test_conformance/test_messages_proto2.ts:232:54)
    at file:///Users/thesayyn/Documents/thesayyn/protoc-gen-ts/tests/conformance/bin/main.ts:30:78

  protobuf_test_messages.proto3.TestAllTypesProto3 1
  Error: Assertion failed
    at Object.jspb.asserts.doAssertFailure (https://cdn.skypack.dev/-/google-protobuf@v3.21.2-YDUqZL2TTSsy2lGtfuND/dist=es2019,mode=imports/optimized/google-protobuf.js:778:11)
    at Object.jspb.asserts.assert (https://cdn.skypack.dev/-/google-protobuf@v3.21.2-YDUqZL2TTSsy2lGtfuND/dist=es2019,mode=imports/optimized/google-protobuf.js:783:23)
    at jspb.BinaryReader.readFixed32 (https://cdn.skypack.dev/-/google-protobuf@v3.21.2-YDUqZL2TTSsy2lGtfuND/dist=es2019,mode=imports/optimized/google-protobuf.js:4582:18)
    at Function.deserialize (file:///Users/thesayyn/Documents/thesayyn/protoc-gen-ts/target/debug/build/protoc_gen_ts-8cec2bec66276c47/out/test_conformance/test_messages_proto3.ts:393:54)
    at file:///Users/thesayyn/Documents/thesayyn/protoc-gen-ts/tests/conformance/bin/main.ts:23:78

  protobuf_test_messages.proto2.TestAllTypesProto2 1
  Error: Assertion failed
    at Object.jspb.asserts.doAssertFailure (https://cdn.skypack.dev/-/google-protobuf@v3.21.2-YDUqZL2TTSsy2lGtfuND/dist=es2019,mode=imports/optimized/google-protobuf.js:778:11)
    at Object.jspb.asserts.assert (https://cdn.skypack.dev/-/google-protobuf@v3.21.2-YDUqZL2TTSsy2lGtfuND/dist=es2019,mode=imports/optimized/google-protobuf.js:783:23)
    at jspb.BinaryWriter.writeSfixed64 (https://cdn.skypack.dev/-/google-protobuf@v3.21.2-YDUqZL2TTSsy2lGtfuND/dist=es2019,mode=imports/optimized/google-protobuf.js:5270:32)
    at protobuf_test_messages_proto2_TestAllTypesProto2.serialize (file:///Users/thesayyn/Documents/thesayyn/protoc-gen-ts/target/debug/build/protoc_gen_ts-8cec2bec66276c47/out/test_conformance/test_messages_proto2.ts:900:16)
    at file:///Users/thesayyn/Documents/thesayyn/protoc-gen-ts/tests/conformance/bin/main.ts:31:44

  protobuf_test_messages.proto2.TestAllTypesProto2 1
  Error: Assertion failed
    at Object.jspb.asserts.doAssertFailure (https://cdn.skypack.dev/-/google-protobuf@v3.21.2-YDUqZL2TTSsy2lGtfuND/dist=es2019,mode=imports/optimized/google-protobuf.js:778:11)
    at Object.jspb.asserts.assert (https://cdn.skypack.dev/-/google-protobuf@v3.21.2-YDUqZL2TTSsy2lGtfuND/dist=es2019,mode=imports/optimized/google-protobuf.js:783:23)
    at jspb.BinaryWriter.writeSfixed64 (https://cdn.skypack.dev/-/google-protobuf@v3.21.2-YDUqZL2TTSsy2lGtfuND/dist=es2019,mode=imports/optimized/google-protobuf.js:5270:32)
    at protobuf_test_messages_proto2_TestAllTypesProto2.serialize (file:///Users/thesayyn/Documents/thesayyn/protoc-gen-ts/target/debug/build/protoc_gen_ts-8cec2bec66276c47/out/test_conformance/test_messages_proto2.ts:900:16)
    at file:///Users/thesayyn/Documents/thesayyn/protoc-gen-ts/tests/conformance/bin/main.ts:31:44

  protobuf_test_messages.proto2.TestAllTypesProto2 1
  Error: Assertion failed
    at Object.jspb.asserts.doAssertFailure (https://cdn.skypack.dev/-/google-protobuf@v3.21.2-YDUqZL2TTSsy2lGtfuND/dist=es2019,mode=imports/optimized/google-protobuf.js:778:11)
    at Object.jspb.asserts.assert (https://cdn.skypack.dev/-/google-protobuf@v3.21.2-YDUqZL2TTSsy2lGtfuND/dist=es2019,mode=imports/optimized/google-protobuf.js:783:23)
    at jspb.BinaryWriter.writeSfixed64 (https://cdn.skypack.dev/-/google-protobuf@v3.21.2-YDUqZL2TTSsy2lGtfuND/dist=es2019,mode=imports/optimized/google-protobuf.js:5270:32)
    at protobuf_test_messages_proto2_TestAllTypesProto2.serialize (file:///Users/thesayyn/Documents/thesayyn/protoc-gen-ts/target/debug/build/protoc_gen_ts-8cec2bec66276c47/out/test_conformance/test_messages_proto2.ts:975:71)
    at file:///Users/thesayyn/Documents/thesayyn/protoc-gen-ts/tests/conformance/bin/main.ts:31:44

  protobuf_test_messages.proto2.TestAllTypesProto2 1
  Error: Assertion failed
    at Object.jspb.asserts.doAssertFailure (https://cdn.skypack.dev/-/google-protobuf@v3.21.2-YDUqZL2TTSsy2lGtfuND/dist=es2019,mode=imports/optimized/google-protobuf.js:778:11)
    at Object.jspb.asserts.assert (https://cdn.skypack.dev/-/google-protobuf@v3.21.2-YDUqZL2TTSsy2lGtfuND/dist=es2019,mode=imports/optimized/google-protobuf.js:783:23)
    at jspb.BinaryReader.readSfixed64 (https://cdn.skypack.dev/-/google-protobuf@v3.21.2-YDUqZL2TTSsy2lGtfuND/dist=es2019,mode=imports/optimized/google-protobuf.js:4605:18)
    at Function.deserialize (file:///Users/thesayyn/Documents/thesayyn/protoc-gen-ts/target/debug/build/protoc_gen_ts-8cec2bec66276c47/out/test_conformance/test_messages_proto2.ts:241:55)
    at file:///Users/thesayyn/Documents/thesayyn/protoc-gen-ts/tests/conformance/bin/main.ts:30:78

  protobuf_test_messages.proto2.TestAllTypesProto2 1
  Error: Assertion failed
    at Object.jspb.asserts.doAssertFailure (https://cdn.skypack.dev/-/google-protobuf@v3.21.2-YDUqZL2TTSsy2lGtfuND/dist=es2019,mode=imports/optimized/google-protobuf.js:778:11)
    at Object.jspb.asserts.assert (https://cdn.skypack.dev/-/google-protobuf@v3.21.2-YDUqZL2TTSsy2lGtfuND/dist=es2019,mode=imports/optimized/google-protobuf.js:783:23)
    at jspb.BinaryWriter.writeSfixed64 (https://cdn.skypack.dev/-/google-protobuf@v3.21.2-YDUqZL2TTSsy2lGtfuND/dist=es2019,mode=imports/optimized/google-protobuf.js:5270:32)
    at protobuf_test_messages_proto2_TestAllTypesProto2.serialize (file:///Users/thesayyn/Documents/thesayyn/protoc-gen-ts/target/debug/build/protoc_gen_ts-8cec2bec66276c47/out/test_conformance/test_messages_proto2.ts:975:71)
    at file:///Users/thesayyn/Documents/thesayyn/protoc-gen-ts/tests/conformance/bin/main.ts:31:44

  protobuf_test_messages.proto2.TestAllTypesProto2 1
  Error: Assertion failed
    at Object.jspb.asserts.doAssertFailure (https://cdn.skypack.dev/-/google-protobuf@v3.21.2-YDUqZL2TTSsy2lGtfuND/dist=es2019,mode=imports/optimized/google-protobuf.js:778:11)
    at Object.jspb.asserts.assert (https://cdn.skypack.dev/-/google-protobuf@v3.21.2-YDUqZL2TTSsy2lGtfuND/dist=es2019,mode=imports/optimized/google-protobuf.js:783:23)
    at jspb.BinaryReader.readSfixed64 (https://cdn.skypack.dev/-/google-protobuf@v3.21.2-YDUqZL2TTSsy2lGtfuND/dist=es2019,mode=imports/optimized/google-protobuf.js:4605:18)
    at Function.deserialize (file:///Users/thesayyn/Documents/thesayyn/protoc-gen-ts/target/debug/build/protoc_gen_ts-8cec2bec66276c47/out/test_conformance/test_messages_proto2.ts:241:55)
    at file:///Users/thesayyn/Documents/thesayyn/protoc-gen-ts/tests/conformance/bin/main.ts:30:78

  protobuf_test_messages.proto2.TestAllTypesProto2 1
  Error: Assertion failed
    at Object.jspb.asserts.doAssertFailure (https://cdn.skypack.dev/-/google-protobuf@v3.21.2-YDUqZL2TTSsy2lGtfuND/dist=es2019,mode=imports/optimized/google-protobuf.js:778:11)
    at Object.jspb.asserts.assert (https://cdn.skypack.dev/-/google-protobuf@v3.21.2-YDUqZL2TTSsy2lGtfuND/dist=es2019,mode=imports/optimized/google-protobuf.js:783:23)
    at jspb.BinaryEncoder.writeInt64 (https://cdn.skypack.dev/-/google-protobuf@v3.21.2-YDUqZL2TTSsy2lGtfuND/dist=es2019,mode=imports/optimized/google-protobuf.js:4886:18)
    at jspb.BinaryWriter.writePackedSfixed64 (https://cdn.skypack.dev/-/google-protobuf@v3.21.2-YDUqZL2TTSsy2lGtfuND/dist=es2019,mode=imports/optimized/google-protobuf.js:5669:23)
    at protobuf_test_messages_proto2_TestAllTypesProto2.serialize (file:///Users/thesayyn/Documents/thesayyn/protoc-gen-ts/target/debug/build/protoc_gen_ts-8cec2bec66276c47/out/test_conformance/test_messages_proto2.ts:1044:16)
    at file:///Users/thesayyn/Documents/thesayyn/protoc-gen-ts/tests/conformance/bin/main.ts:31:44

  protobuf_test_messages.proto2.TestAllTypesProto2 1
  Error: Assertion failed
    at Object.jspb.asserts.doAssertFailure (https://cdn.skypack.dev/-/google-protobuf@v3.21.2-YDUqZL2TTSsy2lGtfuND/dist=es2019,mode=imports/optimized/google-protobuf.js:778:11)
    at Object.jspb.asserts.assert (https://cdn.skypack.dev/-/google-protobuf@v3.21.2-YDUqZL2TTSsy2lGtfuND/dist=es2019,mode=imports/optimized/google-protobuf.js:783:23)
    at jspb.BinaryEncoder.writeInt64 (https://cdn.skypack.dev/-/google-protobuf@v3.21.2-YDUqZL2TTSsy2lGtfuND/dist=es2019,mode=imports/optimized/google-protobuf.js:4886:18)
    at jspb.BinaryWriter.writePackedSfixed64 (https://cdn.skypack.dev/-/google-protobuf@v3.21.2-YDUqZL2TTSsy2lGtfuND/dist=es2019,mode=imports/optimized/google-protobuf.js:5669:23)
    at protobuf_test_messages_proto2_TestAllTypesProto2.serialize (file:///Users/thesayyn/Documents/thesayyn/protoc-gen-ts/target/debug/build/protoc_gen_ts-8cec2bec66276c47/out/test_conformance/test_messages_proto2.ts:1044:16)
    at file:///Users/thesayyn/Documents/thesayyn/protoc-gen-ts/tests/conformance/bin/main.ts:31:44

  protobuf_test_messages.proto2.TestAllTypesProto2 1
  Error: Assertion failed
    at Object.jspb.asserts.doAssertFailure (https://cdn.skypack.dev/-/google-protobuf@v3.21.2-YDUqZL2TTSsy2lGtfuND/dist=es2019,mode=imports/optimized/google-protobuf.js:778:11)
    at Object.jspb.asserts.assert (https://cdn.skypack.dev/-/google-protobuf@v3.21.2-YDUqZL2TTSsy2lGtfuND/dist=es2019,mode=imports/optimized/google-protobuf.js:783:23)
    at jspb.BinaryWriter.writeSfixed64 (https://cdn.skypack.dev/-/google-protobuf@v3.21.2-YDUqZL2TTSsy2lGtfuND/dist=es2019,mode=imports/optimized/google-protobuf.js:5270:32)
    at protobuf_test_messages_proto2_TestAllTypesProto2.serialize (file:///Users/thesayyn/Documents/thesayyn/protoc-gen-ts/target/debug/build/protoc_gen_ts-8cec2bec66276c47/out/test_conformance/test_messages_proto2.ts:975:71)
    at file:///Users/thesayyn/Documents/thesayyn/protoc-gen-ts/tests/conformance/bin/main.ts:31:44

  protobuf_test_messages.proto2.TestAllTypesProto2 1
  Error: Assertion failed
    at Object.jspb.asserts.doAssertFailure (https://cdn.skypack.dev/-/google-protobuf@v3.21.2-YDUqZL2TTSsy2lGtfuND/dist=es2019,mode=imports/optimized/google-protobuf.js:778:11)
    at Object.jspb.asserts.assert (https://cdn.skypack.dev/-/google-protobuf@v3.21.2-YDUqZL2TTSsy2lGtfuND/dist=es2019,mode=imports/optimized/google-protobuf.js:783:23)
    at jspb.BinaryReader.readSfixed64 (https://cdn.skypack.dev/-/google-protobuf@v3.21.2-YDUqZL2TTSsy2lGtfuND/dist=es2019,mode=imports/optimized/google-protobuf.js:4605:18)
    at Function.deserialize (file:///Users/thesayyn/Documents/thesayyn/protoc-gen-ts/target/debug/build/protoc_gen_ts-8cec2bec66276c47/out/test_conformance/test_messages_proto2.ts:241:55)
    at file:///Users/thesayyn/Documents/thesayyn/protoc-gen-ts/tests/conformance/bin/main.ts:30:78

  protobuf_test_messages.proto3.TestAllTypesProto3 1
  Error: Assertion failed
    at Object.jspb.asserts.doAssertFailure (https://cdn.skypack.dev/-/google-protobuf@v3.21.2-YDUqZL2TTSsy2lGtfuND/dist=es2019,mode=imports/optimized/google-protobuf.js:778:11)
    at Object.jspb.asserts.assert (https://cdn.skypack.dev/-/google-protobuf@v3.21.2-YDUqZL2TTSsy2lGtfuND/dist=es2019,mode=imports/optimized/google-protobuf.js:783:23)
    at jspb.BinaryWriter.writeSfixed64 (https://cdn.skypack.dev/-/google-protobuf@v3.21.2-YDUqZL2TTSsy2lGtfuND/dist=es2019,mode=imports/optimized/google-protobuf.js:5270:32)
    at protobuf_test_messages_proto3_TestAllTypesProto3.serialize (file:///Users/thesayyn/Documents/thesayyn/protoc-gen-ts/target/debug/build/protoc_gen_ts-8cec2bec66276c47/out/test_conformance/test_messages_proto3.ts:993:16)
    at file:///Users/thesayyn/Documents/thesayyn/protoc-gen-ts/tests/conformance/bin/main.ts:24:44

  protobuf_test_messages.proto3.TestAllTypesProto3 1
  Error: Assertion failed
    at Object.jspb.asserts.doAssertFailure (https://cdn.skypack.dev/-/google-protobuf@v3.21.2-YDUqZL2TTSsy2lGtfuND/dist=es2019,mode=imports/optimized/google-protobuf.js:778:11)
    at Object.jspb.asserts.assert (https://cdn.skypack.dev/-/google-protobuf@v3.21.2-YDUqZL2TTSsy2lGtfuND/dist=es2019,mode=imports/optimized/google-protobuf.js:783:23)
    at jspb.BinaryWriter.writeSfixed64 (https://cdn.skypack.dev/-/google-protobuf@v3.21.2-YDUqZL2TTSsy2lGtfuND/dist=es2019,mode=imports/optimized/google-protobuf.js:5270:32)
    at protobuf_test_messages_proto3_TestAllTypesProto3.serialize (file:///Users/thesayyn/Documents/thesayyn/protoc-gen-ts/target/debug/build/protoc_gen_ts-8cec2bec66276c47/out/test_conformance/test_messages_proto3.ts:993:16)
    at file:///Users/thesayyn/Documents/thesayyn/protoc-gen-ts/tests/conformance/bin/main.ts:24:44

  protobuf_test_messages.proto3.TestAllTypesProto3 1
  Error: Assertion failed
    at Object.jspb.asserts.doAssertFailure (https://cdn.skypack.dev/-/google-protobuf@v3.21.2-YDUqZL2TTSsy2lGtfuND/dist=es2019,mode=imports/optimized/google-protobuf.js:778:11)
    at Object.jspb.asserts.assert (https://cdn.skypack.dev/-/google-protobuf@v3.21.2-YDUqZL2TTSsy2lGtfuND/dist=es2019,mode=imports/optimized/google-protobuf.js:783:23)
    at jspb.BinaryEncoder.writeInt64 (https://cdn.skypack.dev/-/google-protobuf@v3.21.2-YDUqZL2TTSsy2lGtfuND/dist=es2019,mode=imports/optimized/google-protobuf.js:4886:18)
    at jspb.BinaryWriter.writePackedSfixed64 (https://cdn.skypack.dev/-/google-protobuf@v3.21.2-YDUqZL2TTSsy2lGtfuND/dist=es2019,mode=imports/optimized/google-protobuf.js:5669:23)
    at protobuf_test_messages_proto3_TestAllTypesProto3.serialize (file:///Users/thesayyn/Documents/thesayyn/protoc-gen-ts/target/debug/build/protoc_gen_ts-8cec2bec66276c47/out/test_conformance/test_messages_proto3.ts:1071:16)
    at file:///Users/thesayyn/Documents/thesayyn/protoc-gen-ts/tests/conformance/bin/main.ts:24:44

  protobuf_test_messages.proto3.TestAllTypesProto3 1
  Error: Assertion failed
    at Object.jspb.asserts.doAssertFailure (https://cdn.skypack.dev/-/google-protobuf@v3.21.2-YDUqZL2TTSsy2lGtfuND/dist=es2019,mode=imports/optimized/google-protobuf.js:778:11)
    at Object.jspb.asserts.assert (https://cdn.skypack.dev/-/google-protobuf@v3.21.2-YDUqZL2TTSsy2lGtfuND/dist=es2019,mode=imports/optimized/google-protobuf.js:783:23)
    at jspb.BinaryEncoder.writeInt64 (https://cdn.skypack.dev/-/google-protobuf@v3.21.2-YDUqZL2TTSsy2lGtfuND/dist=es2019,mode=imports/optimized/google-protobuf.js:4886:18)
    at jspb.BinaryWriter.writePackedSfixed64 (https://cdn.skypack.dev/-/google-protobuf@v3.21.2-YDUqZL2TTSsy2lGtfuND/dist=es2019,mode=imports/optimized/google-protobuf.js:5669:23)
    at protobuf_test_messages_proto3_TestAllTypesProto3.serialize (file:///Users/thesayyn/Documents/thesayyn/protoc-gen-ts/target/debug/build/protoc_gen_ts-8cec2bec66276c47/out/test_conformance/test_messages_proto3.ts:1071:16)
    at file:///Users/thesayyn/Documents/thesayyn/protoc-gen-ts/tests/conformance/bin/main.ts:24:44

  protobuf_test_messages.proto3.TestAllTypesProto3 1
  Error: Assertion failed
    at Object.jspb.asserts.doAssertFailure (https://cdn.skypack.dev/-/google-protobuf@v3.21.2-YDUqZL2TTSsy2lGtfuND/dist=es2019,mode=imports/optimized/google-protobuf.js:778:11)
    at Object.jspb.asserts.assert (https://cdn.skypack.dev/-/google-protobuf@v3.21.2-YDUqZL2TTSsy2lGtfuND/dist=es2019,mode=imports/optimized/google-protobuf.js:783:23)
    at jspb.BinaryEncoder.writeInt64 (https://cdn.skypack.dev/-/google-protobuf@v3.21.2-YDUqZL2TTSsy2lGtfuND/dist=es2019,mode=imports/optimized/google-protobuf.js:4886:18)
    at jspb.BinaryWriter.writePackedSfixed64 (https://cdn.skypack.dev/-/google-protobuf@v3.21.2-YDUqZL2TTSsy2lGtfuND/dist=es2019,mode=imports/optimized/google-protobuf.js:5669:23)
    at protobuf_test_messages_proto3_TestAllTypesProto3.serialize (file:///Users/thesayyn/Documents/thesayyn/protoc-gen-ts/target/debug/build/protoc_gen_ts-8cec2bec66276c47/out/test_conformance/test_messages_proto3.ts:1071:16)
    at file:///Users/thesayyn/Documents/thesayyn/protoc-gen-ts/tests/conformance/bin/main.ts:24:44

  protobuf_test_messages.proto3.TestAllTypesProto3 1
  Error: Assertion failed
    at Object.jspb.asserts.doAssertFailure (https://cdn.skypack.dev/-/google-protobuf@v3.21.2-YDUqZL2TTSsy2lGtfuND/dist=es2019,mode=imports/optimized/google-protobuf.js:778:11)
    at Object.jspb.asserts.assert (https://cdn.skypack.dev/-/google-protobuf@v3.21.2-YDUqZL2TTSsy2lGtfuND/dist=es2019,mode=imports/optimized/google-protobuf.js:783:23)
    at jspb.BinaryEncoder.writeInt64 (https://cdn.skypack.dev/-/google-protobuf@v3.21.2-YDUqZL2TTSsy2lGtfuND/dist=es2019,mode=imports/optimized/google-protobuf.js:4886:18)
    at jspb.BinaryWriter.writePackedSfixed64 (https://cdn.skypack.dev/-/google-protobuf@v3.21.2-YDUqZL2TTSsy2lGtfuND/dist=es2019,mode=imports/optimized/google-protobuf.js:5669:23)
    at protobuf_test_messages_proto3_TestAllTypesProto3.serialize (file:///Users/thesayyn/Documents/thesayyn/protoc-gen-ts/target/debug/build/protoc_gen_ts-8cec2bec66276c47/out/test_conformance/test_messages_proto3.ts:1071:16)
    at file:///Users/thesayyn/Documents/thesayyn/protoc-gen-ts/tests/conformance/bin/main.ts:24:44

  protobuf_test_messages.proto3.TestAllTypesProto3 1
  Error: Assertion failed
    at Object.jspb.asserts.doAssertFailure (https://cdn.skypack.dev/-/google-protobuf@v3.21.2-YDUqZL2TTSsy2lGtfuND/dist=es2019,mode=imports/optimized/google-protobuf.js:778:11)
    at Object.jspb.asserts.assert (https://cdn.skypack.dev/-/google-protobuf@v3.21.2-YDUqZL2TTSsy2lGtfuND/dist=es2019,mode=imports/optimized/google-protobuf.js:783:23)
    at jspb.BinaryEncoder.writeInt64 (https://cdn.skypack.dev/-/google-protobuf@v3.21.2-YDUqZL2TTSsy2lGtfuND/dist=es2019,mode=imports/optimized/google-protobuf.js:4886:18)
    at jspb.BinaryWriter.writePackedSfixed64 (https://cdn.skypack.dev/-/google-protobuf@v3.21.2-YDUqZL2TTSsy2lGtfuND/dist=es2019,mode=imports/optimized/google-protobuf.js:5669:23)
    at protobuf_test_messages_proto3_TestAllTypesProto3.serialize (file:///Users/thesayyn/Documents/thesayyn/protoc-gen-ts/target/debug/build/protoc_gen_ts-8cec2bec66276c47/out/test_conformance/test_messages_proto3.ts:1071:16)
    at file:///Users/thesayyn/Documents/thesayyn/protoc-gen-ts/tests/conformance/bin/main.ts:24:44

  protobuf_test_messages.proto3.TestAllTypesProto3 1
  Error: Assertion failed
    at Object.jspb.asserts.doAssertFailure (https://cdn.skypack.dev/-/google-protobuf@v3.21.2-YDUqZL2TTSsy2lGtfuND/dist=es2019,mode=imports/optimized/google-protobuf.js:778:11)
    at Object.jspb.asserts.assert (https://cdn.skypack.dev/-/google-protobuf@v3.21.2-YDUqZL2TTSsy2lGtfuND/dist=es2019,mode=imports/optimized/google-protobuf.js:783:23)
    at jspb.BinaryEncoder.writeInt64 (https://cdn.skypack.dev/-/google-protobuf@v3.21.2-YDUqZL2TTSsy2lGtfuND/dist=es2019,mode=imports/optimized/google-protobuf.js:4886:18)
    at jspb.BinaryWriter.writePackedSfixed64 (https://cdn.skypack.dev/-/google-protobuf@v3.21.2-YDUqZL2TTSsy2lGtfuND/dist=es2019,mode=imports/optimized/google-protobuf.js:5669:23)
    at protobuf_test_messages_proto3_TestAllTypesProto3.serialize (file:///Users/thesayyn/Documents/thesayyn/protoc-gen-ts/target/debug/build/protoc_gen_ts-8cec2bec66276c47/out/test_conformance/test_messages_proto3.ts:1071:16)
    at file:///Users/thesayyn/Documents/thesayyn/protoc-gen-ts/tests/conformance/bin/main.ts:24:44

  protobuf_test_messages.proto3.TestAllTypesProto3 1
  Error: Assertion failed
    at Object.jspb.asserts.doAssertFailure (https://cdn.skypack.dev/-/google-protobuf@v3.21.2-YDUqZL2TTSsy2lGtfuND/dist=es2019,mode=imports/optimized/google-protobuf.js:778:11)
    at Object.jspb.asserts.assert (https://cdn.skypack.dev/-/google-protobuf@v3.21.2-YDUqZL2TTSsy2lGtfuND/dist=es2019,mode=imports/optimized/google-protobuf.js:783:23)
    at jspb.BinaryWriter.writeSfixed64 (https://cdn.skypack.dev/-/google-protobuf@v3.21.2-YDUqZL2TTSsy2lGtfuND/dist=es2019,mode=imports/optimized/google-protobuf.js:5270:32)
    at protobuf_test_messages_proto3_TestAllTypesProto3.serialize (file:///Users/thesayyn/Documents/thesayyn/protoc-gen-ts/target/debug/build/protoc_gen_ts-8cec2bec66276c47/out/test_conformance/test_messages_proto3.ts:1182:71)
    at file:///Users/thesayyn/Documents/thesayyn/protoc-gen-ts/tests/conformance/bin/main.ts:24:44

  protobuf_test_messages.proto3.TestAllTypesProto3 1
  Error: Assertion failed
    at Object.jspb.asserts.doAssertFailure (https://cdn.skypack.dev/-/google-protobuf@v3.21.2-YDUqZL2TTSsy2lGtfuND/dist=es2019,mode=imports/optimized/google-protobuf.js:778:11)
    at Object.jspb.asserts.assert (https://cdn.skypack.dev/-/google-protobuf@v3.21.2-YDUqZL2TTSsy2lGtfuND/dist=es2019,mode=imports/optimized/google-protobuf.js:783:23)
    at jspb.BinaryReader.readSfixed64 (https://cdn.skypack.dev/-/google-protobuf@v3.21.2-YDUqZL2TTSsy2lGtfuND/dist=es2019,mode=imports/optimized/google-protobuf.js:4605:18)
    at Function.deserialize (file:///Users/thesayyn/Documents/thesayyn/protoc-gen-ts/target/debug/build/protoc_gen_ts-8cec2bec66276c47/out/test_conformance/test_messages_proto3.ts:402:55)
    at file:///Users/thesayyn/Documents/thesayyn/protoc-gen-ts/tests/conformance/bin/main.ts:23:78

  protobuf_test_messages.proto2.TestAllTypesProto2 1
  Error: Assertion failed
    at Object.jspb.asserts.doAssertFailure (https://cdn.skypack.dev/-/google-protobuf@v3.21.2-YDUqZL2TTSsy2lGtfuND/dist=es2019,mode=imports/optimized/google-protobuf.js:778:11)
    at Object.jspb.asserts.assert (https://cdn.skypack.dev/-/google-protobuf@v3.21.2-YDUqZL2TTSsy2lGtfuND/dist=es2019,mode=imports/optimized/google-protobuf.js:783:23)
    at jspb.BinaryReader.readSfixed32 (https://cdn.skypack.dev/-/google-protobuf@v3.21.2-YDUqZL2TTSsy2lGtfuND/dist=es2019,mode=imports/optimized/google-protobuf.js:4596:18)
    at Function.deserialize (file:///Users/thesayyn/Documents/thesayyn/protoc-gen-ts/target/debug/build/protoc_gen_ts-8cec2bec66276c47/out/test_conformance/test_messages_proto2.ts:238:55)
    at file:///Users/thesayyn/Documents/thesayyn/protoc-gen-ts/tests/conformance/bin/main.ts:30:78

  protobuf_test_messages.proto2.TestAllTypesProto2 1
  Error: Assertion failed
    at Object.jspb.asserts.doAssertFailure (https://cdn.skypack.dev/-/google-protobuf@v3.21.2-YDUqZL2TTSsy2lGtfuND/dist=es2019,mode=imports/optimized/google-protobuf.js:778:11)
    at Object.jspb.asserts.assert (https://cdn.skypack.dev/-/google-protobuf@v3.21.2-YDUqZL2TTSsy2lGtfuND/dist=es2019,mode=imports/optimized/google-protobuf.js:783:23)
    at jspb.BinaryReader.readSfixed32 (https://cdn.skypack.dev/-/google-protobuf@v3.21.2-YDUqZL2TTSsy2lGtfuND/dist=es2019,mode=imports/optimized/google-protobuf.js:4596:18)
    at Function.deserialize (file:///Users/thesayyn/Documents/thesayyn/protoc-gen-ts/target/debug/build/protoc_gen_ts-8cec2bec66276c47/out/test_conformance/test_messages_proto2.ts:238:55)
    at file:///Users/thesayyn/Documents/thesayyn/protoc-gen-ts/tests/conformance/bin/main.ts:30:78

  protobuf_test_messages.proto2.TestAllTypesProto2 1
  Error: Assertion failed
    at Object.jspb.asserts.doAssertFailure (https://cdn.skypack.dev/-/google-protobuf@v3.21.2-YDUqZL2TTSsy2lGtfuND/dist=es2019,mode=imports/optimized/google-protobuf.js:778:11)
    at Object.jspb.asserts.assert (https://cdn.skypack.dev/-/google-protobuf@v3.21.2-YDUqZL2TTSsy2lGtfuND/dist=es2019,mode=imports/optimized/google-protobuf.js:783:23)
    at jspb.BinaryReader.readSfixed32 (https://cdn.skypack.dev/-/google-protobuf@v3.21.2-YDUqZL2TTSsy2lGtfuND/dist=es2019,mode=imports/optimized/google-protobuf.js:4596:18)
    at Function.deserialize (file:///Users/thesayyn/Documents/thesayyn/protoc-gen-ts/target/debug/build/protoc_gen_ts-8cec2bec66276c47/out/test_conformance/test_messages_proto2.ts:238:55)
    at file:///Users/thesayyn/Documents/thesayyn/protoc-gen-ts/tests/conformance/bin/main.ts:30:78

  protobuf_test_messages.proto3.TestAllTypesProto3 1
  Error: Assertion failed
    at Object.jspb.asserts.doAssertFailure (https://cdn.skypack.dev/-/google-protobuf@v3.21.2-YDUqZL2TTSsy2lGtfuND/dist=es2019,mode=imports/optimized/google-protobuf.js:778:11)
    at Object.jspb.asserts.assert (https://cdn.skypack.dev/-/google-protobuf@v3.21.2-YDUqZL2TTSsy2lGtfuND/dist=es2019,mode=imports/optimized/google-protobuf.js:783:23)
    at jspb.BinaryReader.readSfixed32 (https://cdn.skypack.dev/-/google-protobuf@v3.21.2-YDUqZL2TTSsy2lGtfuND/dist=es2019,mode=imports/optimized/google-protobuf.js:4596:18)
    at Function.deserialize (file:///Users/thesayyn/Documents/thesayyn/protoc-gen-ts/target/debug/build/protoc_gen_ts-8cec2bec66276c47/out/test_conformance/test_messages_proto3.ts:399:55)
    at file:///Users/thesayyn/Documents/thesayyn/protoc-gen-ts/tests/conformance/bin/main.ts:23:78

  protobuf_test_messages.proto2.TestAllTypesProto2 1
  Error: Assertion failed
    at Object.jspb.asserts.doAssertFailure (https://cdn.skypack.dev/-/google-protobuf@v3.21.2-YDUqZL2TTSsy2lGtfuND/dist=es2019,mode=imports/optimized/google-protobuf.js:778:11)
    at Object.jspb.asserts.assert (https://cdn.skypack.dev/-/google-protobuf@v3.21.2-YDUqZL2TTSsy2lGtfuND/dist=es2019,mode=imports/optimized/google-protobuf.js:783:23)
    at jspb.BinaryReader.readBool (https://cdn.skypack.dev/-/google-protobuf@v3.21.2-YDUqZL2TTSsy2lGtfuND/dist=es2019,mode=imports/optimized/google-protobuf.js:4624:18)
    at Function.deserialize (file:///Users/thesayyn/Documents/thesayyn/protoc-gen-ts/target/debug/build/protoc_gen_ts-8cec2bec66276c47/out/test_conformance/test_messages_proto2.ts:250:51)
    at file:///Users/thesayyn/Documents/thesayyn/protoc-gen-ts/tests/conformance/bin/main.ts:30:78

  protobuf_test_messages.proto2.TestAllTypesProto2 1
  Error: Assertion failed
    at Object.jspb.asserts.doAssertFailure (https://cdn.skypack.dev/-/google-protobuf@v3.21.2-YDUqZL2TTSsy2lGtfuND/dist=es2019,mode=imports/optimized/google-protobuf.js:778:11)
    at Object.jspb.asserts.assert (https://cdn.skypack.dev/-/google-protobuf@v3.21.2-YDUqZL2TTSsy2lGtfuND/dist=es2019,mode=imports/optimized/google-protobuf.js:783:23)
    at jspb.BinaryReader.readBool (https://cdn.skypack.dev/-/google-protobuf@v3.21.2-YDUqZL2TTSsy2lGtfuND/dist=es2019,mode=imports/optimized/google-protobuf.js:4624:18)
    at Function.deserialize (file:///Users/thesayyn/Documents/thesayyn/protoc-gen-ts/target/debug/build/protoc_gen_ts-8cec2bec66276c47/out/test_conformance/test_messages_proto2.ts:250:51)
    at file:///Users/thesayyn/Documents/thesayyn/protoc-gen-ts/tests/conformance/bin/main.ts:30:78

  protobuf_test_messages.proto2.TestAllTypesProto2 1
  Error: Assertion failed
    at Object.jspb.asserts.doAssertFailure (https://cdn.skypack.dev/-/google-protobuf@v3.21.2-YDUqZL2TTSsy2lGtfuND/dist=es2019,mode=imports/optimized/google-protobuf.js:778:11)
    at Object.jspb.asserts.assert (https://cdn.skypack.dev/-/google-protobuf@v3.21.2-YDUqZL2TTSsy2lGtfuND/dist=es2019,mode=imports/optimized/google-protobuf.js:783:23)
    at jspb.BinaryReader.readBool (https://cdn.skypack.dev/-/google-protobuf@v3.21.2-YDUqZL2TTSsy2lGtfuND/dist=es2019,mode=imports/optimized/google-protobuf.js:4624:18)
    at Function.deserialize (file:///Users/thesayyn/Documents/thesayyn/protoc-gen-ts/target/debug/build/protoc_gen_ts-8cec2bec66276c47/out/test_conformance/test_messages_proto2.ts:250:51)
    at file:///Users/thesayyn/Documents/thesayyn/protoc-gen-ts/tests/conformance/bin/main.ts:30:78

  protobuf_test_messages.proto3.TestAllTypesProto3 1
  Error: Assertion failed
    at Object.jspb.asserts.doAssertFailure (https://cdn.skypack.dev/-/google-protobuf@v3.21.2-YDUqZL2TTSsy2lGtfuND/dist=es2019,mode=imports/optimized/google-protobuf.js:778:11)
    at Object.jspb.asserts.assert (https://cdn.skypack.dev/-/google-protobuf@v3.21.2-YDUqZL2TTSsy2lGtfuND/dist=es2019,mode=imports/optimized/google-protobuf.js:783:23)
    at jspb.BinaryReader.readBool (https://cdn.skypack.dev/-/google-protobuf@v3.21.2-YDUqZL2TTSsy2lGtfuND/dist=es2019,mode=imports/optimized/google-protobuf.js:4624:18)
    at Function.deserialize (file:///Users/thesayyn/Documents/thesayyn/protoc-gen-ts/target/debug/build/protoc_gen_ts-8cec2bec66276c47/out/test_conformance/test_messages_proto3.ts:411:51)
    at file:///Users/thesayyn/Documents/thesayyn/protoc-gen-ts/tests/conformance/bin/main.ts:23:78

  protobuf_test_messages.proto2.TestAllTypesProto2 1
  Error: Assertion failed
    at Object.jspb.asserts.doAssertFailure (https://cdn.skypack.dev/-/google-protobuf@v3.21.2-YDUqZL2TTSsy2lGtfuND/dist=es2019,mode=imports/optimized/google-protobuf.js:778:11)
    at Object.jspb.asserts.assert (https://cdn.skypack.dev/-/google-protobuf@v3.21.2-YDUqZL2TTSsy2lGtfuND/dist=es2019,mode=imports/optimized/google-protobuf.js:783:23)
    at jspb.BinaryReader.readSint32 (https://cdn.skypack.dev/-/google-protobuf@v3.21.2-YDUqZL2TTSsy2lGtfuND/dist=es2019,mode=imports/optimized/google-protobuf.js:4568:18)
    at Function.deserialize (file:///Users/thesayyn/Documents/thesayyn/protoc-gen-ts/target/debug/build/protoc_gen_ts-8cec2bec66276c47/out/test_conformance/test_messages_proto2.ts:226:53)
    at file:///Users/thesayyn/Documents/thesayyn/protoc-gen-ts/tests/conformance/bin/main.ts:30:78

  protobuf_test_messages.proto2.TestAllTypesProto2 1
  Error: Assertion failed
    at Object.jspb.asserts.doAssertFailure (https://cdn.skypack.dev/-/google-protobuf@v3.21.2-YDUqZL2TTSsy2lGtfuND/dist=es2019,mode=imports/optimized/google-protobuf.js:778:11)
    at Object.jspb.asserts.assert (https://cdn.skypack.dev/-/google-protobuf@v3.21.2-YDUqZL2TTSsy2lGtfuND/dist=es2019,mode=imports/optimized/google-protobuf.js:783:23)
    at jspb.BinaryReader.readSint32 (https://cdn.skypack.dev/-/google-protobuf@v3.21.2-YDUqZL2TTSsy2lGtfuND/dist=es2019,mode=imports/optimized/google-protobuf.js:4568:18)
    at Function.deserialize (file:///Users/thesayyn/Documents/thesayyn/protoc-gen-ts/target/debug/build/protoc_gen_ts-8cec2bec66276c47/out/test_conformance/test_messages_proto2.ts:226:53)
    at file:///Users/thesayyn/Documents/thesayyn/protoc-gen-ts/tests/conformance/bin/main.ts:30:78

  protobuf_test_messages.proto2.TestAllTypesProto2 1
  Error: Assertion failed
    at Object.jspb.asserts.doAssertFailure (https://cdn.skypack.dev/-/google-protobuf@v3.21.2-YDUqZL2TTSsy2lGtfuND/dist=es2019,mode=imports/optimized/google-protobuf.js:778:11)
    at Object.jspb.asserts.assert (https://cdn.skypack.dev/-/google-protobuf@v3.21.2-YDUqZL2TTSsy2lGtfuND/dist=es2019,mode=imports/optimized/google-protobuf.js:783:23)
    at jspb.BinaryReader.readSint32 (https://cdn.skypack.dev/-/google-protobuf@v3.21.2-YDUqZL2TTSsy2lGtfuND/dist=es2019,mode=imports/optimized/google-protobuf.js:4568:18)
    at Function.deserialize (file:///Users/thesayyn/Documents/thesayyn/protoc-gen-ts/target/debug/build/protoc_gen_ts-8cec2bec66276c47/out/test_conformance/test_messages_proto2.ts:226:53)
    at file:///Users/thesayyn/Documents/thesayyn/protoc-gen-ts/tests/conformance/bin/main.ts:30:78

  protobuf_test_messages.proto3.TestAllTypesProto3 1
  Error: Assertion failed
    at Object.jspb.asserts.doAssertFailure (https://cdn.skypack.dev/-/google-protobuf@v3.21.2-YDUqZL2TTSsy2lGtfuND/dist=es2019,mode=imports/optimized/google-protobuf.js:778:11)
    at Object.jspb.asserts.assert (https://cdn.skypack.dev/-/google-protobuf@v3.21.2-YDUqZL2TTSsy2lGtfuND/dist=es2019,mode=imports/optimized/google-protobuf.js:783:23)
    at jspb.BinaryReader.readSint32 (https://cdn.skypack.dev/-/google-protobuf@v3.21.2-YDUqZL2TTSsy2lGtfuND/dist=es2019,mode=imports/optimized/google-protobuf.js:4568:18)
    at Function.deserialize (file:///Users/thesayyn/Documents/thesayyn/protoc-gen-ts/target/debug/build/protoc_gen_ts-8cec2bec66276c47/out/test_conformance/test_messages_proto3.ts:387:53)
    at file:///Users/thesayyn/Documents/thesayyn/protoc-gen-ts/tests/conformance/bin/main.ts:23:78

  protobuf_test_messages.proto2.TestAllTypesProto2 1
  Error: Assertion failed
    at Object.jspb.asserts.doAssertFailure (https://cdn.skypack.dev/-/google-protobuf@v3.21.2-YDUqZL2TTSsy2lGtfuND/dist=es2019,mode=imports/optimized/google-protobuf.js:778:11)
    at Object.jspb.asserts.assert (https://cdn.skypack.dev/-/google-protobuf@v3.21.2-YDUqZL2TTSsy2lGtfuND/dist=es2019,mode=imports/optimized/google-protobuf.js:783:23)
    at jspb.BinaryWriter.writeSint64 (https://cdn.skypack.dev/-/google-protobuf@v3.21.2-YDUqZL2TTSsy2lGtfuND/dist=es2019,mode=imports/optimized/google-protobuf.js:5245:32)
    at protobuf_test_messages_proto2_TestAllTypesProto2.serialize (file:///Users/thesayyn/Documents/thesayyn/protoc-gen-ts/target/debug/build/protoc_gen_ts-8cec2bec66276c47/out/test_conformance/test_messages_proto2.ts:888:16)
    at file:///Users/thesayyn/Documents/thesayyn/protoc-gen-ts/tests/conformance/bin/main.ts:31:44

  protobuf_test_messages.proto2.TestAllTypesProto2 1
  Error: Assertion failed
    at Object.jspb.asserts.doAssertFailure (https://cdn.skypack.dev/-/google-protobuf@v3.21.2-YDUqZL2TTSsy2lGtfuND/dist=es2019,mode=imports/optimized/google-protobuf.js:778:11)
    at Object.jspb.asserts.assert (https://cdn.skypack.dev/-/google-protobuf@v3.21.2-YDUqZL2TTSsy2lGtfuND/dist=es2019,mode=imports/optimized/google-protobuf.js:783:23)
    at jspb.BinaryWriter.writeSint64 (https://cdn.skypack.dev/-/google-protobuf@v3.21.2-YDUqZL2TTSsy2lGtfuND/dist=es2019,mode=imports/optimized/google-protobuf.js:5245:32)
    at protobuf_test_messages_proto2_TestAllTypesProto2.serialize (file:///Users/thesayyn/Documents/thesayyn/protoc-gen-ts/target/debug/build/protoc_gen_ts-8cec2bec66276c47/out/test_conformance/test_messages_proto2.ts:888:16)
    at file:///Users/thesayyn/Documents/thesayyn/protoc-gen-ts/tests/conformance/bin/main.ts:31:44

  protobuf_test_messages.proto2.TestAllTypesProto2 1
  Error: Assertion failed
    at Object.jspb.asserts.doAssertFailure (https://cdn.skypack.dev/-/google-protobuf@v3.21.2-YDUqZL2TTSsy2lGtfuND/dist=es2019,mode=imports/optimized/google-protobuf.js:778:11)
    at Object.jspb.asserts.assert (https://cdn.skypack.dev/-/google-protobuf@v3.21.2-YDUqZL2TTSsy2lGtfuND/dist=es2019,mode=imports/optimized/google-protobuf.js:783:23)
    at jspb.BinaryWriter.writeSint64 (https://cdn.skypack.dev/-/google-protobuf@v3.21.2-YDUqZL2TTSsy2lGtfuND/dist=es2019,mode=imports/optimized/google-protobuf.js:5245:32)
    at protobuf_test_messages_proto2_TestAllTypesProto2.serialize (file:///Users/thesayyn/Documents/thesayyn/protoc-gen-ts/target/debug/build/protoc_gen_ts-8cec2bec66276c47/out/test_conformance/test_messages_proto2.ts:963:67)
    at file:///Users/thesayyn/Documents/thesayyn/protoc-gen-ts/tests/conformance/bin/main.ts:31:44

  protobuf_test_messages.proto2.TestAllTypesProto2 1
  Error: Assertion failed
    at Object.jspb.asserts.doAssertFailure (https://cdn.skypack.dev/-/google-protobuf@v3.21.2-YDUqZL2TTSsy2lGtfuND/dist=es2019,mode=imports/optimized/google-protobuf.js:778:11)
    at Object.jspb.asserts.assert (https://cdn.skypack.dev/-/google-protobuf@v3.21.2-YDUqZL2TTSsy2lGtfuND/dist=es2019,mode=imports/optimized/google-protobuf.js:783:23)
    at jspb.BinaryReader.readSint64 (https://cdn.skypack.dev/-/google-protobuf@v3.21.2-YDUqZL2TTSsy2lGtfuND/dist=es2019,mode=imports/optimized/google-protobuf.js:4573:18)
    at Function.deserialize (file:///Users/thesayyn/Documents/thesayyn/protoc-gen-ts/target/debug/build/protoc_gen_ts-8cec2bec66276c47/out/test_conformance/test_messages_proto2.ts:229:53)
    at file:///Users/thesayyn/Documents/thesayyn/protoc-gen-ts/tests/conformance/bin/main.ts:30:78

  protobuf_test_messages.proto2.TestAllTypesProto2 1
  Error: Assertion failed
    at Object.jspb.asserts.doAssertFailure (https://cdn.skypack.dev/-/google-protobuf@v3.21.2-YDUqZL2TTSsy2lGtfuND/dist=es2019,mode=imports/optimized/google-protobuf.js:778:11)
    at Object.jspb.asserts.assert (https://cdn.skypack.dev/-/google-protobuf@v3.21.2-YDUqZL2TTSsy2lGtfuND/dist=es2019,mode=imports/optimized/google-protobuf.js:783:23)
    at jspb.BinaryWriter.writeSint64 (https://cdn.skypack.dev/-/google-protobuf@v3.21.2-YDUqZL2TTSsy2lGtfuND/dist=es2019,mode=imports/optimized/google-protobuf.js:5245:32)
    at protobuf_test_messages_proto2_TestAllTypesProto2.serialize (file:///Users/thesayyn/Documents/thesayyn/protoc-gen-ts/target/debug/build/protoc_gen_ts-8cec2bec66276c47/out/test_conformance/test_messages_proto2.ts:963:67)
    at file:///Users/thesayyn/Documents/thesayyn/protoc-gen-ts/tests/conformance/bin/main.ts:31:44

  protobuf_test_messages.proto2.TestAllTypesProto2 1
  Error: Assertion failed
    at Object.jspb.asserts.doAssertFailure (https://cdn.skypack.dev/-/google-protobuf@v3.21.2-YDUqZL2TTSsy2lGtfuND/dist=es2019,mode=imports/optimized/google-protobuf.js:778:11)
    at Object.jspb.asserts.assert (https://cdn.skypack.dev/-/google-protobuf@v3.21.2-YDUqZL2TTSsy2lGtfuND/dist=es2019,mode=imports/optimized/google-protobuf.js:783:23)
    at jspb.BinaryReader.readSint64 (https://cdn.skypack.dev/-/google-protobuf@v3.21.2-YDUqZL2TTSsy2lGtfuND/dist=es2019,mode=imports/optimized/google-protobuf.js:4573:18)
    at Function.deserialize (file:///Users/thesayyn/Documents/thesayyn/protoc-gen-ts/target/debug/build/protoc_gen_ts-8cec2bec66276c47/out/test_conformance/test_messages_proto2.ts:229:53)
    at file:///Users/thesayyn/Documents/thesayyn/protoc-gen-ts/tests/conformance/bin/main.ts:30:78

  protobuf_test_messages.proto2.TestAllTypesProto2 1
  Error: Assertion failed
    at Object.jspb.asserts.doAssertFailure (https://cdn.skypack.dev/-/google-protobuf@v3.21.2-YDUqZL2TTSsy2lGtfuND/dist=es2019,mode=imports/optimized/google-protobuf.js:778:11)
    at Object.jspb.asserts.assert (https://cdn.skypack.dev/-/google-protobuf@v3.21.2-YDUqZL2TTSsy2lGtfuND/dist=es2019,mode=imports/optimized/google-protobuf.js:783:23)
    at jspb.BinaryEncoder.writeZigzagVarint64 (https://cdn.skypack.dev/-/google-protobuf@v3.21.2-YDUqZL2TTSsy2lGtfuND/dist=es2019,mode=imports/optimized/google-protobuf.js:4825:18)
    at jspb.BinaryWriter.writePackedSint64 (https://cdn.skypack.dev/-/google-protobuf@v3.21.2-YDUqZL2TTSsy2lGtfuND/dist=es2019,mode=imports/optimized/google-protobuf.js:5620:23)
    at protobuf_test_messages_proto2_TestAllTypesProto2.serialize (file:///Users/thesayyn/Documents/thesayyn/protoc-gen-ts/target/debug/build/protoc_gen_ts-8cec2bec66276c47/out/test_conformance/test_messages_proto2.ts:1032:16)
    at file:///Users/thesayyn/Documents/thesayyn/protoc-gen-ts/tests/conformance/bin/main.ts:31:44

  protobuf_test_messages.proto2.TestAllTypesProto2 1
  Error: Assertion failed
    at Object.jspb.asserts.doAssertFailure (https://cdn.skypack.dev/-/google-protobuf@v3.21.2-YDUqZL2TTSsy2lGtfuND/dist=es2019,mode=imports/optimized/google-protobuf.js:778:11)
    at Object.jspb.asserts.assert (https://cdn.skypack.dev/-/google-protobuf@v3.21.2-YDUqZL2TTSsy2lGtfuND/dist=es2019,mode=imports/optimized/google-protobuf.js:783:23)
    at jspb.BinaryEncoder.writeZigzagVarint64 (https://cdn.skypack.dev/-/google-protobuf@v3.21.2-YDUqZL2TTSsy2lGtfuND/dist=es2019,mode=imports/optimized/google-protobuf.js:4825:18)
    at jspb.BinaryWriter.writePackedSint64 (https://cdn.skypack.dev/-/google-protobuf@v3.21.2-YDUqZL2TTSsy2lGtfuND/dist=es2019,mode=imports/optimized/google-protobuf.js:5620:23)
    at protobuf_test_messages_proto2_TestAllTypesProto2.serialize (file:///Users/thesayyn/Documents/thesayyn/protoc-gen-ts/target/debug/build/protoc_gen_ts-8cec2bec66276c47/out/test_conformance/test_messages_proto2.ts:1032:16)
    at file:///Users/thesayyn/Documents/thesayyn/protoc-gen-ts/tests/conformance/bin/main.ts:31:44

  protobuf_test_messages.proto2.TestAllTypesProto2 1
  Error: Assertion failed
    at Object.jspb.asserts.doAssertFailure (https://cdn.skypack.dev/-/google-protobuf@v3.21.2-YDUqZL2TTSsy2lGtfuND/dist=es2019,mode=imports/optimized/google-protobuf.js:778:11)
    at Object.jspb.asserts.assert (https://cdn.skypack.dev/-/google-protobuf@v3.21.2-YDUqZL2TTSsy2lGtfuND/dist=es2019,mode=imports/optimized/google-protobuf.js:783:23)
    at jspb.BinaryWriter.writeSint64 (https://cdn.skypack.dev/-/google-protobuf@v3.21.2-YDUqZL2TTSsy2lGtfuND/dist=es2019,mode=imports/optimized/google-protobuf.js:5245:32)
    at protobuf_test_messages_proto2_TestAllTypesProto2.serialize (file:///Users/thesayyn/Documents/thesayyn/protoc-gen-ts/target/debug/build/protoc_gen_ts-8cec2bec66276c47/out/test_conformance/test_messages_proto2.ts:963:67)
    at file:///Users/thesayyn/Documents/thesayyn/protoc-gen-ts/tests/conformance/bin/main.ts:31:44

  protobuf_test_messages.proto2.TestAllTypesProto2 1
  Error: Assertion failed
    at Object.jspb.asserts.doAssertFailure (https://cdn.skypack.dev/-/google-protobuf@v3.21.2-YDUqZL2TTSsy2lGtfuND/dist=es2019,mode=imports/optimized/google-protobuf.js:778:11)
    at Object.jspb.asserts.assert (https://cdn.skypack.dev/-/google-protobuf@v3.21.2-YDUqZL2TTSsy2lGtfuND/dist=es2019,mode=imports/optimized/google-protobuf.js:783:23)
    at jspb.BinaryReader.readSint64 (https://cdn.skypack.dev/-/google-protobuf@v3.21.2-YDUqZL2TTSsy2lGtfuND/dist=es2019,mode=imports/optimized/google-protobuf.js:4573:18)
    at Function.deserialize (file:///Users/thesayyn/Documents/thesayyn/protoc-gen-ts/target/debug/build/protoc_gen_ts-8cec2bec66276c47/out/test_conformance/test_messages_proto2.ts:229:53)
    at file:///Users/thesayyn/Documents/thesayyn/protoc-gen-ts/tests/conformance/bin/main.ts:30:78

  protobuf_test_messages.proto3.TestAllTypesProto3 1
  Error: Assertion failed
    at Object.jspb.asserts.doAssertFailure (https://cdn.skypack.dev/-/google-protobuf@v3.21.2-YDUqZL2TTSsy2lGtfuND/dist=es2019,mode=imports/optimized/google-protobuf.js:778:11)
    at Object.jspb.asserts.assert (https://cdn.skypack.dev/-/google-protobuf@v3.21.2-YDUqZL2TTSsy2lGtfuND/dist=es2019,mode=imports/optimized/google-protobuf.js:783:23)
    at jspb.BinaryWriter.writeSint64 (https://cdn.skypack.dev/-/google-protobuf@v3.21.2-YDUqZL2TTSsy2lGtfuND/dist=es2019,mode=imports/optimized/google-protobuf.js:5245:32)
    at protobuf_test_messages_proto3_TestAllTypesProto3.serialize (file:///Users/thesayyn/Documents/thesayyn/protoc-gen-ts/target/debug/build/protoc_gen_ts-8cec2bec66276c47/out/test_conformance/test_messages_proto3.ts:981:16)
    at file:///Users/thesayyn/Documents/thesayyn/protoc-gen-ts/tests/conformance/bin/main.ts:24:44

  protobuf_test_messages.proto3.TestAllTypesProto3 1
  Error: Assertion failed
    at Object.jspb.asserts.doAssertFailure (https://cdn.skypack.dev/-/google-protobuf@v3.21.2-YDUqZL2TTSsy2lGtfuND/dist=es2019,mode=imports/optimized/google-protobuf.js:778:11)
    at Object.jspb.asserts.assert (https://cdn.skypack.dev/-/google-protobuf@v3.21.2-YDUqZL2TTSsy2lGtfuND/dist=es2019,mode=imports/optimized/google-protobuf.js:783:23)
    at jspb.BinaryWriter.writeSint64 (https://cdn.skypack.dev/-/google-protobuf@v3.21.2-YDUqZL2TTSsy2lGtfuND/dist=es2019,mode=imports/optimized/google-protobuf.js:5245:32)
    at protobuf_test_messages_proto3_TestAllTypesProto3.serialize (file:///Users/thesayyn/Documents/thesayyn/protoc-gen-ts/target/debug/build/protoc_gen_ts-8cec2bec66276c47/out/test_conformance/test_messages_proto3.ts:981:16)
    at file:///Users/thesayyn/Documents/thesayyn/protoc-gen-ts/tests/conformance/bin/main.ts:24:44

  protobuf_test_messages.proto3.TestAllTypesProto3 1
  Error: Assertion failed
    at Object.jspb.asserts.doAssertFailure (https://cdn.skypack.dev/-/google-protobuf@v3.21.2-YDUqZL2TTSsy2lGtfuND/dist=es2019,mode=imports/optimized/google-protobuf.js:778:11)
    at Object.jspb.asserts.assert (https://cdn.skypack.dev/-/google-protobuf@v3.21.2-YDUqZL2TTSsy2lGtfuND/dist=es2019,mode=imports/optimized/google-protobuf.js:783:23)
    at jspb.BinaryEncoder.writeZigzagVarint64 (https://cdn.skypack.dev/-/google-protobuf@v3.21.2-YDUqZL2TTSsy2lGtfuND/dist=es2019,mode=imports/optimized/google-protobuf.js:4825:18)
    at jspb.BinaryWriter.writePackedSint64 (https://cdn.skypack.dev/-/google-protobuf@v3.21.2-YDUqZL2TTSsy2lGtfuND/dist=es2019,mode=imports/optimized/google-protobuf.js:5620:23)
    at protobuf_test_messages_proto3_TestAllTypesProto3.serialize (file:///Users/thesayyn/Documents/thesayyn/protoc-gen-ts/target/debug/build/protoc_gen_ts-8cec2bec66276c47/out/test_conformance/test_messages_proto3.ts:1059:16)
    at file:///Users/thesayyn/Documents/thesayyn/protoc-gen-ts/tests/conformance/bin/main.ts:24:44

  protobuf_test_messages.proto3.TestAllTypesProto3 1
  Error: Assertion failed
    at Object.jspb.asserts.doAssertFailure (https://cdn.skypack.dev/-/google-protobuf@v3.21.2-YDUqZL2TTSsy2lGtfuND/dist=es2019,mode=imports/optimized/google-protobuf.js:778:11)
    at Object.jspb.asserts.assert (https://cdn.skypack.dev/-/google-protobuf@v3.21.2-YDUqZL2TTSsy2lGtfuND/dist=es2019,mode=imports/optimized/google-protobuf.js:783:23)
    at jspb.BinaryEncoder.writeZigzagVarint64 (https://cdn.skypack.dev/-/google-protobuf@v3.21.2-YDUqZL2TTSsy2lGtfuND/dist=es2019,mode=imports/optimized/google-protobuf.js:4825:18)
    at jspb.BinaryWriter.writePackedSint64 (https://cdn.skypack.dev/-/google-protobuf@v3.21.2-YDUqZL2TTSsy2lGtfuND/dist=es2019,mode=imports/optimized/google-protobuf.js:5620:23)
    at protobuf_test_messages_proto3_TestAllTypesProto3.serialize (file:///Users/thesayyn/Documents/thesayyn/protoc-gen-ts/target/debug/build/protoc_gen_ts-8cec2bec66276c47/out/test_conformance/test_messages_proto3.ts:1059:16)
    at file:///Users/thesayyn/Documents/thesayyn/protoc-gen-ts/tests/conformance/bin/main.ts:24:44

  protobuf_test_messages.proto3.TestAllTypesProto3 1
  Error: Assertion failed
    at Object.jspb.asserts.doAssertFailure (https://cdn.skypack.dev/-/google-protobuf@v3.21.2-YDUqZL2TTSsy2lGtfuND/dist=es2019,mode=imports/optimized/google-protobuf.js:778:11)
    at Object.jspb.asserts.assert (https://cdn.skypack.dev/-/google-protobuf@v3.21.2-YDUqZL2TTSsy2lGtfuND/dist=es2019,mode=imports/optimized/google-protobuf.js:783:23)
    at jspb.BinaryEncoder.writeZigzagVarint64 (https://cdn.skypack.dev/-/google-protobuf@v3.21.2-YDUqZL2TTSsy2lGtfuND/dist=es2019,mode=imports/optimized/google-protobuf.js:4825:18)
    at jspb.BinaryWriter.writePackedSint64 (https://cdn.skypack.dev/-/google-protobuf@v3.21.2-YDUqZL2TTSsy2lGtfuND/dist=es2019,mode=imports/optimized/google-protobuf.js:5620:23)
    at protobuf_test_messages_proto3_TestAllTypesProto3.serialize (file:///Users/thesayyn/Documents/thesayyn/protoc-gen-ts/target/debug/build/protoc_gen_ts-8cec2bec66276c47/out/test_conformance/test_messages_proto3.ts:1059:16)
    at file:///Users/thesayyn/Documents/thesayyn/protoc-gen-ts/tests/conformance/bin/main.ts:24:44

  protobuf_test_messages.proto3.TestAllTypesProto3 1
  Error: Assertion failed
    at Object.jspb.asserts.doAssertFailure (https://cdn.skypack.dev/-/google-protobuf@v3.21.2-YDUqZL2TTSsy2lGtfuND/dist=es2019,mode=imports/optimized/google-protobuf.js:778:11)
    at Object.jspb.asserts.assert (https://cdn.skypack.dev/-/google-protobuf@v3.21.2-YDUqZL2TTSsy2lGtfuND/dist=es2019,mode=imports/optimized/google-protobuf.js:783:23)
    at jspb.BinaryEncoder.writeZigzagVarint64 (https://cdn.skypack.dev/-/google-protobuf@v3.21.2-YDUqZL2TTSsy2lGtfuND/dist=es2019,mode=imports/optimized/google-protobuf.js:4825:18)
    at jspb.BinaryWriter.writePackedSint64 (https://cdn.skypack.dev/-/google-protobuf@v3.21.2-YDUqZL2TTSsy2lGtfuND/dist=es2019,mode=imports/optimized/google-protobuf.js:5620:23)
    at protobuf_test_messages_proto3_TestAllTypesProto3.serialize (file:///Users/thesayyn/Documents/thesayyn/protoc-gen-ts/target/debug/build/protoc_gen_ts-8cec2bec66276c47/out/test_conformance/test_messages_proto3.ts:1059:16)
    at file:///Users/thesayyn/Documents/thesayyn/protoc-gen-ts/tests/conformance/bin/main.ts:24:44

  protobuf_test_messages.proto3.TestAllTypesProto3 1
  Error: Assertion failed
    at Object.jspb.asserts.doAssertFailure (https://cdn.skypack.dev/-/google-protobuf@v3.21.2-YDUqZL2TTSsy2lGtfuND/dist=es2019,mode=imports/optimized/google-protobuf.js:778:11)
    at Object.jspb.asserts.assert (https://cdn.skypack.dev/-/google-protobuf@v3.21.2-YDUqZL2TTSsy2lGtfuND/dist=es2019,mode=imports/optimized/google-protobuf.js:783:23)
    at jspb.BinaryEncoder.writeZigzagVarint64 (https://cdn.skypack.dev/-/google-protobuf@v3.21.2-YDUqZL2TTSsy2lGtfuND/dist=es2019,mode=imports/optimized/google-protobuf.js:4825:18)
    at jspb.BinaryWriter.writePackedSint64 (https://cdn.skypack.dev/-/google-protobuf@v3.21.2-YDUqZL2TTSsy2lGtfuND/dist=es2019,mode=imports/optimized/google-protobuf.js:5620:23)
    at protobuf_test_messages_proto3_TestAllTypesProto3.serialize (file:///Users/thesayyn/Documents/thesayyn/protoc-gen-ts/target/debug/build/protoc_gen_ts-8cec2bec66276c47/out/test_conformance/test_messages_proto3.ts:1059:16)
    at file:///Users/thesayyn/Documents/thesayyn/protoc-gen-ts/tests/conformance/bin/main.ts:24:44

  protobuf_test_messages.proto3.TestAllTypesProto3 1
  Error: Assertion failed
    at Object.jspb.asserts.doAssertFailure (https://cdn.skypack.dev/-/google-protobuf@v3.21.2-YDUqZL2TTSsy2lGtfuND/dist=es2019,mode=imports/optimized/google-protobuf.js:778:11)
    at Object.jspb.asserts.assert (https://cdn.skypack.dev/-/google-protobuf@v3.21.2-YDUqZL2TTSsy2lGtfuND/dist=es2019,mode=imports/optimized/google-protobuf.js:783:23)
    at jspb.BinaryEncoder.writeZigzagVarint64 (https://cdn.skypack.dev/-/google-protobuf@v3.21.2-YDUqZL2TTSsy2lGtfuND/dist=es2019,mode=imports/optimized/google-protobuf.js:4825:18)
    at jspb.BinaryWriter.writePackedSint64 (https://cdn.skypack.dev/-/google-protobuf@v3.21.2-YDUqZL2TTSsy2lGtfuND/dist=es2019,mode=imports/optimized/google-protobuf.js:5620:23)
    at protobuf_test_messages_proto3_TestAllTypesProto3.serialize (file:///Users/thesayyn/Documents/thesayyn/protoc-gen-ts/target/debug/build/protoc_gen_ts-8cec2bec66276c47/out/test_conformance/test_messages_proto3.ts:1059:16)
    at file:///Users/thesayyn/Documents/thesayyn/protoc-gen-ts/tests/conformance/bin/main.ts:24:44

  protobuf_test_messages.proto3.TestAllTypesProto3 1
  Error: Assertion failed
    at Object.jspb.asserts.doAssertFailure (https://cdn.skypack.dev/-/google-protobuf@v3.21.2-YDUqZL2TTSsy2lGtfuND/dist=es2019,mode=imports/optimized/google-protobuf.js:778:11)
    at Object.jspb.asserts.assert (https://cdn.skypack.dev/-/google-protobuf@v3.21.2-YDUqZL2TTSsy2lGtfuND/dist=es2019,mode=imports/optimized/google-protobuf.js:783:23)
    at jspb.BinaryWriter.writeSint64 (https://cdn.skypack.dev/-/google-protobuf@v3.21.2-YDUqZL2TTSsy2lGtfuND/dist=es2019,mode=imports/optimized/google-protobuf.js:5245:32)
    at protobuf_test_messages_proto3_TestAllTypesProto3.serialize (file:///Users/thesayyn/Documents/thesayyn/protoc-gen-ts/target/debug/build/protoc_gen_ts-8cec2bec66276c47/out/test_conformance/test_messages_proto3.ts:1170:67)
    at file:///Users/thesayyn/Documents/thesayyn/protoc-gen-ts/tests/conformance/bin/main.ts:24:44

  protobuf_test_messages.proto3.TestAllTypesProto3 1
  Error: Assertion failed
    at Object.jspb.asserts.doAssertFailure (https://cdn.skypack.dev/-/google-protobuf@v3.21.2-YDUqZL2TTSsy2lGtfuND/dist=es2019,mode=imports/optimized/google-protobuf.js:778:11)
    at Object.jspb.asserts.assert (https://cdn.skypack.dev/-/google-protobuf@v3.21.2-YDUqZL2TTSsy2lGtfuND/dist=es2019,mode=imports/optimized/google-protobuf.js:783:23)
    at jspb.BinaryReader.readSint64 (https://cdn.skypack.dev/-/google-protobuf@v3.21.2-YDUqZL2TTSsy2lGtfuND/dist=es2019,mode=imports/optimized/google-protobuf.js:4573:18)
    at Function.deserialize (file:///Users/thesayyn/Documents/thesayyn/protoc-gen-ts/target/debug/build/protoc_gen_ts-8cec2bec66276c47/out/test_conformance/test_messages_proto3.ts:390:53)
    at file:///Users/thesayyn/Documents/thesayyn/protoc-gen-ts/tests/conformance/bin/main.ts:23:78

  protobuf_test_messages.proto2.TestAllTypesProto2 1
  Error: Assertion failed
    at Object.jspb.asserts.doAssertFailure (https://cdn.skypack.dev/-/google-protobuf@v3.21.2-YDUqZL2TTSsy2lGtfuND/dist=es2019,mode=imports/optimized/google-protobuf.js:778:11)
    at Object.jspb.asserts.assert (https://cdn.skypack.dev/-/google-protobuf@v3.21.2-YDUqZL2TTSsy2lGtfuND/dist=es2019,mode=imports/optimized/google-protobuf.js:783:23)
    at jspb.BinaryWriter.writeEnum (https://cdn.skypack.dev/-/google-protobuf@v3.21.2-YDUqZL2TTSsy2lGtfuND/dist=es2019,mode=imports/optimized/google-protobuf.js:5289:32)
    at protobuf_test_messages_proto2_TestAllTypesProto2.serialize (file:///Users/thesayyn/Documents/thesayyn/protoc-gen-ts/target/debug/build/protoc_gen_ts-8cec2bec66276c47/out/test_conformance/test_messages_proto2.ts:930:16)
    at file:///Users/thesayyn/Documents/thesayyn/protoc-gen-ts/tests/conformance/bin/main.ts:31:44

  protobuf_test_messages.proto2.TestAllTypesProto2 1
  Error: Assertion failed
    at Object.jspb.asserts.doAssertFailure (https://cdn.skypack.dev/-/google-protobuf@v3.21.2-YDUqZL2TTSsy2lGtfuND/dist=es2019,mode=imports/optimized/google-protobuf.js:778:11)
    at Object.jspb.asserts.assert (https://cdn.skypack.dev/-/google-protobuf@v3.21.2-YDUqZL2TTSsy2lGtfuND/dist=es2019,mode=imports/optimized/google-protobuf.js:783:23)
    at jspb.BinaryWriter.writeEnum (https://cdn.skypack.dev/-/google-protobuf@v3.21.2-YDUqZL2TTSsy2lGtfuND/dist=es2019,mode=imports/optimized/google-protobuf.js:5289:32)
    at protobuf_test_messages_proto2_TestAllTypesProto2.serialize (file:///Users/thesayyn/Documents/thesayyn/protoc-gen-ts/target/debug/build/protoc_gen_ts-8cec2bec66276c47/out/test_conformance/test_messages_proto2.ts:930:16)
    at file:///Users/thesayyn/Documents/thesayyn/protoc-gen-ts/tests/conformance/bin/main.ts:31:44

  protobuf_test_messages.proto2.TestAllTypesProto2 1
  Error: Assertion failed
    at Object.jspb.asserts.doAssertFailure (https://cdn.skypack.dev/-/google-protobuf@v3.21.2-YDUqZL2TTSsy2lGtfuND/dist=es2019,mode=imports/optimized/google-protobuf.js:778:11)
    at Object.jspb.asserts.assert (https://cdn.skypack.dev/-/google-protobuf@v3.21.2-YDUqZL2TTSsy2lGtfuND/dist=es2019,mode=imports/optimized/google-protobuf.js:783:23)
    at jspb.BinaryWriter.writeEnum (https://cdn.skypack.dev/-/google-protobuf@v3.21.2-YDUqZL2TTSsy2lGtfuND/dist=es2019,mode=imports/optimized/google-protobuf.js:5289:32)
    at protobuf_test_messages_proto2_TestAllTypesProto2.serialize (file:///Users/thesayyn/Documents/thesayyn/protoc-gen-ts/target/debug/build/protoc_gen_ts-8cec2bec66276c47/out/test_conformance/test_messages_proto2.ts:930:16)
    at file:///Users/thesayyn/Documents/thesayyn/protoc-gen-ts/tests/conformance/bin/main.ts:31:44

  protobuf_test_messages.proto2.TestAllTypesProto2 1
  Error: Assertion failed
    at Object.jspb.asserts.doAssertFailure (https://cdn.skypack.dev/-/google-protobuf@v3.21.2-YDUqZL2TTSsy2lGtfuND/dist=es2019,mode=imports/optimized/google-protobuf.js:778:11)
    at Object.jspb.asserts.assert (https://cdn.skypack.dev/-/google-protobuf@v3.21.2-YDUqZL2TTSsy2lGtfuND/dist=es2019,mode=imports/optimized/google-protobuf.js:783:23)
    at jspb.BinaryWriter.writeEnum (https://cdn.skypack.dev/-/google-protobuf@v3.21.2-YDUqZL2TTSsy2lGtfuND/dist=es2019,mode=imports/optimized/google-protobuf.js:5289:32)
    at protobuf_test_messages_proto2_TestAllTypesProto2.serialize (file:///Users/thesayyn/Documents/thesayyn/protoc-gen-ts/target/debug/build/protoc_gen_ts-8cec2bec66276c47/out/test_conformance/test_messages_proto2.ts:930:16)
    at file:///Users/thesayyn/Documents/thesayyn/protoc-gen-ts/tests/conformance/bin/main.ts:31:44

  protobuf_test_messages.proto2.TestAllTypesProto2 1
  Error: Assertion failed
    at Object.jspb.asserts.doAssertFailure (https://cdn.skypack.dev/-/google-protobuf@v3.21.2-YDUqZL2TTSsy2lGtfuND/dist=es2019,mode=imports/optimized/google-protobuf.js:778:11)
    at Object.jspb.asserts.assert (https://cdn.skypack.dev/-/google-protobuf@v3.21.2-YDUqZL2TTSsy2lGtfuND/dist=es2019,mode=imports/optimized/google-protobuf.js:783:23)
    at jspb.BinaryWriter.writeEnum (https://cdn.skypack.dev/-/google-protobuf@v3.21.2-YDUqZL2TTSsy2lGtfuND/dist=es2019,mode=imports/optimized/google-protobuf.js:5289:32)
    at protobuf_test_messages_proto2_TestAllTypesProto2.serialize (file:///Users/thesayyn/Documents/thesayyn/protoc-gen-ts/target/debug/build/protoc_gen_ts-8cec2bec66276c47/out/test_conformance/test_messages_proto2.ts:930:16)
    at file:///Users/thesayyn/Documents/thesayyn/protoc-gen-ts/tests/conformance/bin/main.ts:31:44

  protobuf_test_messages.proto2.TestAllTypesProto2 1
  Error: Assertion failed
    at Object.jspb.asserts.doAssertFailure (https://cdn.skypack.dev/-/google-protobuf@v3.21.2-YDUqZL2TTSsy2lGtfuND/dist=es2019,mode=imports/optimized/google-protobuf.js:778:11)
    at Object.jspb.asserts.assert (https://cdn.skypack.dev/-/google-protobuf@v3.21.2-YDUqZL2TTSsy2lGtfuND/dist=es2019,mode=imports/optimized/google-protobuf.js:783:23)
    at jspb.BinaryWriter.writeEnum (https://cdn.skypack.dev/-/google-protobuf@v3.21.2-YDUqZL2TTSsy2lGtfuND/dist=es2019,mode=imports/optimized/google-protobuf.js:5289:32)
    at protobuf_test_messages_proto2_TestAllTypesProto2.serialize (file:///Users/thesayyn/Documents/thesayyn/protoc-gen-ts/target/debug/build/protoc_gen_ts-8cec2bec66276c47/out/test_conformance/test_messages_proto2.ts:1005:77)
    at file:///Users/thesayyn/Documents/thesayyn/protoc-gen-ts/tests/conformance/bin/main.ts:31:44

  protobuf_test_messages.proto2.TestAllTypesProto2 1
  Error: Assertion failed
    at Object.jspb.asserts.doAssertFailure (https://cdn.skypack.dev/-/google-protobuf@v3.21.2-YDUqZL2TTSsy2lGtfuND/dist=es2019,mode=imports/optimized/google-protobuf.js:778:11)
    at Object.jspb.asserts.assert (https://cdn.skypack.dev/-/google-protobuf@v3.21.2-YDUqZL2TTSsy2lGtfuND/dist=es2019,mode=imports/optimized/google-protobuf.js:783:23)
    at jspb.BinaryReader.readEnum (https://cdn.skypack.dev/-/google-protobuf@v3.21.2-YDUqZL2TTSsy2lGtfuND/dist=es2019,mode=imports/optimized/google-protobuf.js:4629:18)
    at Function.deserialize (file:///Users/thesayyn/Documents/thesayyn/protoc-gen-ts/target/debug/build/protoc_gen_ts-8cec2bec66276c47/out/test_conformance/test_messages_proto2.ts:265:58)
    at file:///Users/thesayyn/Documents/thesayyn/protoc-gen-ts/tests/conformance/bin/main.ts:30:78

  protobuf_test_messages.proto2.TestAllTypesProto2 1
  Error: Assertion failed
    at Object.jspb.asserts.doAssertFailure (https://cdn.skypack.dev/-/google-protobuf@v3.21.2-YDUqZL2TTSsy2lGtfuND/dist=es2019,mode=imports/optimized/google-protobuf.js:778:11)
    at Object.jspb.asserts.assert (https://cdn.skypack.dev/-/google-protobuf@v3.21.2-YDUqZL2TTSsy2lGtfuND/dist=es2019,mode=imports/optimized/google-protobuf.js:783:23)
    at jspb.BinaryWriter.writeEnum (https://cdn.skypack.dev/-/google-protobuf@v3.21.2-YDUqZL2TTSsy2lGtfuND/dist=es2019,mode=imports/optimized/google-protobuf.js:5289:32)
    at protobuf_test_messages_proto2_TestAllTypesProto2.serialize (file:///Users/thesayyn/Documents/thesayyn/protoc-gen-ts/target/debug/build/protoc_gen_ts-8cec2bec66276c47/out/test_conformance/test_messages_proto2.ts:1005:77)
    at file:///Users/thesayyn/Documents/thesayyn/protoc-gen-ts/tests/conformance/bin/main.ts:31:44

  protobuf_test_messages.proto2.TestAllTypesProto2 1
  Error: Assertion failed
    at Object.jspb.asserts.doAssertFailure (https://cdn.skypack.dev/-/google-protobuf@v3.21.2-YDUqZL2TTSsy2lGtfuND/dist=es2019,mode=imports/optimized/google-protobuf.js:778:11)
    at Object.jspb.asserts.assert (https://cdn.skypack.dev/-/google-protobuf@v3.21.2-YDUqZL2TTSsy2lGtfuND/dist=es2019,mode=imports/optimized/google-protobuf.js:783:23)
    at jspb.BinaryReader.readEnum (https://cdn.skypack.dev/-/google-protobuf@v3.21.2-YDUqZL2TTSsy2lGtfuND/dist=es2019,mode=imports/optimized/google-protobuf.js:4629:18)
    at Function.deserialize (file:///Users/thesayyn/Documents/thesayyn/protoc-gen-ts/target/debug/build/protoc_gen_ts-8cec2bec66276c47/out/test_conformance/test_messages_proto2.ts:265:58)
    at file:///Users/thesayyn/Documents/thesayyn/protoc-gen-ts/tests/conformance/bin/main.ts:30:78

  protobuf_test_messages.proto2.TestAllTypesProto2 1
  Error: Assertion failed
    at Object.jspb.asserts.doAssertFailure (https://cdn.skypack.dev/-/google-protobuf@v3.21.2-YDUqZL2TTSsy2lGtfuND/dist=es2019,mode=imports/optimized/google-protobuf.js:778:11)
    at Object.jspb.asserts.assert (https://cdn.skypack.dev/-/google-protobuf@v3.21.2-YDUqZL2TTSsy2lGtfuND/dist=es2019,mode=imports/optimized/google-protobuf.js:783:23)
    at jspb.BinaryEncoder.writeEnum (https://cdn.skypack.dev/-/google-protobuf@v3.21.2-YDUqZL2TTSsy2lGtfuND/dist=es2019,mode=imports/optimized/google-protobuf.js:4913:18)
    at jspb.BinaryWriter.writePackedEnum (https://cdn.skypack.dev/-/google-protobuf@v3.21.2-YDUqZL2TTSsy2lGtfuND/dist=es2019,mode=imports/optimized/google-protobuf.js:5699:23)
    at protobuf_test_messages_proto2_TestAllTypesProto2.serialize (file:///Users/thesayyn/Documents/thesayyn/protoc-gen-ts/target/debug/build/protoc_gen_ts-8cec2bec66276c47/out/test_conformance/test_messages_proto2.ts:1056:16)
    at file:///Users/thesayyn/Documents/thesayyn/protoc-gen-ts/tests/conformance/bin/main.ts:31:44

  protobuf_test_messages.proto2.TestAllTypesProto2 1
  Error: Assertion failed
    at Object.jspb.asserts.doAssertFailure (https://cdn.skypack.dev/-/google-protobuf@v3.21.2-YDUqZL2TTSsy2lGtfuND/dist=es2019,mode=imports/optimized/google-protobuf.js:778:11)
    at Object.jspb.asserts.assert (https://cdn.skypack.dev/-/google-protobuf@v3.21.2-YDUqZL2TTSsy2lGtfuND/dist=es2019,mode=imports/optimized/google-protobuf.js:783:23)
    at jspb.BinaryWriter.writeEnum (https://cdn.skypack.dev/-/google-protobuf@v3.21.2-YDUqZL2TTSsy2lGtfuND/dist=es2019,mode=imports/optimized/google-protobuf.js:5289:32)
    at protobuf_test_messages_proto2_TestAllTypesProto2.serialize (file:///Users/thesayyn/Documents/thesayyn/protoc-gen-ts/target/debug/build/protoc_gen_ts-8cec2bec66276c47/out/test_conformance/test_messages_proto2.ts:1005:77)
    at file:///Users/thesayyn/Documents/thesayyn/protoc-gen-ts/tests/conformance/bin/main.ts:31:44

  protobuf_test_messages.proto2.TestAllTypesProto2 1
  Error: Assertion failed
    at Object.jspb.asserts.doAssertFailure (https://cdn.skypack.dev/-/google-protobuf@v3.21.2-YDUqZL2TTSsy2lGtfuND/dist=es2019,mode=imports/optimized/google-protobuf.js:778:11)
    at Object.jspb.asserts.assert (https://cdn.skypack.dev/-/google-protobuf@v3.21.2-YDUqZL2TTSsy2lGtfuND/dist=es2019,mode=imports/optimized/google-protobuf.js:783:23)
    at jspb.BinaryReader.readEnum (https://cdn.skypack.dev/-/google-protobuf@v3.21.2-YDUqZL2TTSsy2lGtfuND/dist=es2019,mode=imports/optimized/google-protobuf.js:4629:18)
    at Function.deserialize (file:///Users/thesayyn/Documents/thesayyn/protoc-gen-ts/target/debug/build/protoc_gen_ts-8cec2bec66276c47/out/test_conformance/test_messages_proto2.ts:265:58)
    at file:///Users/thesayyn/Documents/thesayyn/protoc-gen-ts/tests/conformance/bin/main.ts:30:78

  protobuf_test_messages.proto3.TestAllTypesProto3 1
  Error: Assertion failed
    at Object.jspb.asserts.doAssertFailure (https://cdn.skypack.dev/-/google-protobuf@v3.21.2-YDUqZL2TTSsy2lGtfuND/dist=es2019,mode=imports/optimized/google-protobuf.js:778:11)
    at Object.jspb.asserts.assert (https://cdn.skypack.dev/-/google-protobuf@v3.21.2-YDUqZL2TTSsy2lGtfuND/dist=es2019,mode=imports/optimized/google-protobuf.js:783:23)
    at jspb.BinaryWriter.writeEnum (https://cdn.skypack.dev/-/google-protobuf@v3.21.2-YDUqZL2TTSsy2lGtfuND/dist=es2019,mode=imports/optimized/google-protobuf.js:5289:32)
    at protobuf_test_messages_proto3_TestAllTypesProto3.serialize (file:///Users/thesayyn/Documents/thesayyn/protoc-gen-ts/target/debug/build/protoc_gen_ts-8cec2bec66276c47/out/test_conformance/test_messages_proto3.ts:1023:16)
    at file:///Users/thesayyn/Documents/thesayyn/protoc-gen-ts/tests/conformance/bin/main.ts:24:44

  protobuf_test_messages.proto3.TestAllTypesProto3 1
  Error: Assertion failed
    at Object.jspb.asserts.doAssertFailure (https://cdn.skypack.dev/-/google-protobuf@v3.21.2-YDUqZL2TTSsy2lGtfuND/dist=es2019,mode=imports/optimized/google-protobuf.js:778:11)
    at Object.jspb.asserts.assert (https://cdn.skypack.dev/-/google-protobuf@v3.21.2-YDUqZL2TTSsy2lGtfuND/dist=es2019,mode=imports/optimized/google-protobuf.js:783:23)
    at jspb.BinaryWriter.writeEnum (https://cdn.skypack.dev/-/google-protobuf@v3.21.2-YDUqZL2TTSsy2lGtfuND/dist=es2019,mode=imports/optimized/google-protobuf.js:5289:32)
    at protobuf_test_messages_proto3_TestAllTypesProto3.serialize (file:///Users/thesayyn/Documents/thesayyn/protoc-gen-ts/target/debug/build/protoc_gen_ts-8cec2bec66276c47/out/test_conformance/test_messages_proto3.ts:1023:16)
    at file:///Users/thesayyn/Documents/thesayyn/protoc-gen-ts/tests/conformance/bin/main.ts:24:44

  protobuf_test_messages.proto3.TestAllTypesProto3 1
  Error: Assertion failed
    at Object.jspb.asserts.doAssertFailure (https://cdn.skypack.dev/-/google-protobuf@v3.21.2-YDUqZL2TTSsy2lGtfuND/dist=es2019,mode=imports/optimized/google-protobuf.js:778:11)
    at Object.jspb.asserts.assert (https://cdn.skypack.dev/-/google-protobuf@v3.21.2-YDUqZL2TTSsy2lGtfuND/dist=es2019,mode=imports/optimized/google-protobuf.js:783:23)
    at jspb.BinaryWriter.writeEnum (https://cdn.skypack.dev/-/google-protobuf@v3.21.2-YDUqZL2TTSsy2lGtfuND/dist=es2019,mode=imports/optimized/google-protobuf.js:5289:32)
    at protobuf_test_messages_proto3_TestAllTypesProto3.serialize (file:///Users/thesayyn/Documents/thesayyn/protoc-gen-ts/target/debug/build/protoc_gen_ts-8cec2bec66276c47/out/test_conformance/test_messages_proto3.ts:1023:16)
    at file:///Users/thesayyn/Documents/thesayyn/protoc-gen-ts/tests/conformance/bin/main.ts:24:44

  protobuf_test_messages.proto3.TestAllTypesProto3 1
  Error: Assertion failed
    at Object.jspb.asserts.doAssertFailure (https://cdn.skypack.dev/-/google-protobuf@v3.21.2-YDUqZL2TTSsy2lGtfuND/dist=es2019,mode=imports/optimized/google-protobuf.js:778:11)
    at Object.jspb.asserts.assert (https://cdn.skypack.dev/-/google-protobuf@v3.21.2-YDUqZL2TTSsy2lGtfuND/dist=es2019,mode=imports/optimized/google-protobuf.js:783:23)
    at jspb.BinaryWriter.writeEnum (https://cdn.skypack.dev/-/google-protobuf@v3.21.2-YDUqZL2TTSsy2lGtfuND/dist=es2019,mode=imports/optimized/google-protobuf.js:5289:32)
    at protobuf_test_messages_proto3_TestAllTypesProto3.serialize (file:///Users/thesayyn/Documents/thesayyn/protoc-gen-ts/target/debug/build/protoc_gen_ts-8cec2bec66276c47/out/test_conformance/test_messages_proto3.ts:1023:16)
    at file:///Users/thesayyn/Documents/thesayyn/protoc-gen-ts/tests/conformance/bin/main.ts:24:44

  protobuf_test_messages.proto3.TestAllTypesProto3 1
  Error: Assertion failed
    at Object.jspb.asserts.doAssertFailure (https://cdn.skypack.dev/-/google-protobuf@v3.21.2-YDUqZL2TTSsy2lGtfuND/dist=es2019,mode=imports/optimized/google-protobuf.js:778:11)
    at Object.jspb.asserts.assert (https://cdn.skypack.dev/-/google-protobuf@v3.21.2-YDUqZL2TTSsy2lGtfuND/dist=es2019,mode=imports/optimized/google-protobuf.js:783:23)
    at jspb.BinaryWriter.writeEnum (https://cdn.skypack.dev/-/google-protobuf@v3.21.2-YDUqZL2TTSsy2lGtfuND/dist=es2019,mode=imports/optimized/google-protobuf.js:5289:32)
    at protobuf_test_messages_proto3_TestAllTypesProto3.serialize (file:///Users/thesayyn/Documents/thesayyn/protoc-gen-ts/target/debug/build/protoc_gen_ts-8cec2bec66276c47/out/test_conformance/test_messages_proto3.ts:1023:16)
    at file:///Users/thesayyn/Documents/thesayyn/protoc-gen-ts/tests/conformance/bin/main.ts:24:44

  protobuf_test_messages.proto3.TestAllTypesProto3 1
  Error: Assertion failed
    at Object.jspb.asserts.doAssertFailure (https://cdn.skypack.dev/-/google-protobuf@v3.21.2-YDUqZL2TTSsy2lGtfuND/dist=es2019,mode=imports/optimized/google-protobuf.js:778:11)
    at Object.jspb.asserts.assert (https://cdn.skypack.dev/-/google-protobuf@v3.21.2-YDUqZL2TTSsy2lGtfuND/dist=es2019,mode=imports/optimized/google-protobuf.js:783:23)
    at jspb.BinaryEncoder.writeEnum (https://cdn.skypack.dev/-/google-protobuf@v3.21.2-YDUqZL2TTSsy2lGtfuND/dist=es2019,mode=imports/optimized/google-protobuf.js:4913:18)
    at jspb.BinaryWriter.writePackedEnum (https://cdn.skypack.dev/-/google-protobuf@v3.21.2-YDUqZL2TTSsy2lGtfuND/dist=es2019,mode=imports/optimized/google-protobuf.js:5699:23)
    at protobuf_test_messages_proto3_TestAllTypesProto3.serialize (file:///Users/thesayyn/Documents/thesayyn/protoc-gen-ts/target/debug/build/protoc_gen_ts-8cec2bec66276c47/out/test_conformance/test_messages_proto3.ts:1101:16)
    at file:///Users/thesayyn/Documents/thesayyn/protoc-gen-ts/tests/conformance/bin/main.ts:24:44

  protobuf_test_messages.proto3.TestAllTypesProto3 1
  Error: Assertion failed
    at Object.jspb.asserts.doAssertFailure (https://cdn.skypack.dev/-/google-protobuf@v3.21.2-YDUqZL2TTSsy2lGtfuND/dist=es2019,mode=imports/optimized/google-protobuf.js:778:11)
    at Object.jspb.asserts.assert (https://cdn.skypack.dev/-/google-protobuf@v3.21.2-YDUqZL2TTSsy2lGtfuND/dist=es2019,mode=imports/optimized/google-protobuf.js:783:23)
    at jspb.BinaryEncoder.writeEnum (https://cdn.skypack.dev/-/google-protobuf@v3.21.2-YDUqZL2TTSsy2lGtfuND/dist=es2019,mode=imports/optimized/google-protobuf.js:4913:18)
    at jspb.BinaryWriter.writePackedEnum (https://cdn.skypack.dev/-/google-protobuf@v3.21.2-YDUqZL2TTSsy2lGtfuND/dist=es2019,mode=imports/optimized/google-protobuf.js:5699:23)
    at protobuf_test_messages_proto3_TestAllTypesProto3.serialize (file:///Users/thesayyn/Documents/thesayyn/protoc-gen-ts/target/debug/build/protoc_gen_ts-8cec2bec66276c47/out/test_conformance/test_messages_proto3.ts:1101:16)
    at file:///Users/thesayyn/Documents/thesayyn/protoc-gen-ts/tests/conformance/bin/main.ts:24:44

  protobuf_test_messages.proto3.TestAllTypesProto3 1
  Error: Assertion failed
    at Object.jspb.asserts.doAssertFailure (https://cdn.skypack.dev/-/google-protobuf@v3.21.2-YDUqZL2TTSsy2lGtfuND/dist=es2019,mode=imports/optimized/google-protobuf.js:778:11)
    at Object.jspb.asserts.assert (https://cdn.skypack.dev/-/google-protobuf@v3.21.2-YDUqZL2TTSsy2lGtfuND/dist=es2019,mode=imports/optimized/google-protobuf.js:783:23)
    at jspb.BinaryEncoder.writeEnum (https://cdn.skypack.dev/-/google-protobuf@v3.21.2-YDUqZL2TTSsy2lGtfuND/dist=es2019,mode=imports/optimized/google-protobuf.js:4913:18)
    at jspb.BinaryWriter.writePackedEnum (https://cdn.skypack.dev/-/google-protobuf@v3.21.2-YDUqZL2TTSsy2lGtfuND/dist=es2019,mode=imports/optimized/google-protobuf.js:5699:23)
    at protobuf_test_messages_proto3_TestAllTypesProto3.serialize (file:///Users/thesayyn/Documents/thesayyn/protoc-gen-ts/target/debug/build/protoc_gen_ts-8cec2bec66276c47/out/test_conformance/test_messages_proto3.ts:1101:16)
    at file:///Users/thesayyn/Documents/thesayyn/protoc-gen-ts/tests/conformance/bin/main.ts:24:44

  protobuf_test_messages.proto3.TestAllTypesProto3 1
  Error: Assertion failed
    at Object.jspb.asserts.doAssertFailure (https://cdn.skypack.dev/-/google-protobuf@v3.21.2-YDUqZL2TTSsy2lGtfuND/dist=es2019,mode=imports/optimized/google-protobuf.js:778:11)
    at Object.jspb.asserts.assert (https://cdn.skypack.dev/-/google-protobuf@v3.21.2-YDUqZL2TTSsy2lGtfuND/dist=es2019,mode=imports/optimized/google-protobuf.js:783:23)
    at jspb.BinaryWriter.writeEnum (https://cdn.skypack.dev/-/google-protobuf@v3.21.2-YDUqZL2TTSsy2lGtfuND/dist=es2019,mode=imports/optimized/google-protobuf.js:5289:32)
    at protobuf_test_messages_proto3_TestAllTypesProto3.serialize (file:///Users/thesayyn/Documents/thesayyn/protoc-gen-ts/target/debug/build/protoc_gen_ts-8cec2bec66276c47/out/test_conformance/test_messages_proto3.ts:1194:77)
    at file:///Users/thesayyn/Documents/thesayyn/protoc-gen-ts/tests/conformance/bin/main.ts:24:44

  protobuf_test_messages.proto3.TestAllTypesProto3 1
  Error: Assertion failed
    at Object.jspb.asserts.doAssertFailure (https://cdn.skypack.dev/-/google-protobuf@v3.21.2-YDUqZL2TTSsy2lGtfuND/dist=es2019,mode=imports/optimized/google-protobuf.js:778:11)
    at Object.jspb.asserts.assert (https://cdn.skypack.dev/-/google-protobuf@v3.21.2-YDUqZL2TTSsy2lGtfuND/dist=es2019,mode=imports/optimized/google-protobuf.js:783:23)
    at jspb.BinaryReader.readEnum (https://cdn.skypack.dev/-/google-protobuf@v3.21.2-YDUqZL2TTSsy2lGtfuND/dist=es2019,mode=imports/optimized/google-protobuf.js:4629:18)
    at Function.deserialize (file:///Users/thesayyn/Documents/thesayyn/protoc-gen-ts/target/debug/build/protoc_gen_ts-8cec2bec66276c47/out/test_conformance/test_messages_proto3.ts:414:58)
    at file:///Users/thesayyn/Documents/thesayyn/protoc-gen-ts/tests/conformance/bin/main.ts:23:78

  protobuf_test_messages.proto3.TestAllTypesProto3 1
  Error: Assertion failed
    at Object.jspb.asserts.doAssertFailure (https://cdn.skypack.dev/-/google-protobuf@v3.21.2-YDUqZL2TTSsy2lGtfuND/dist=es2019,mode=imports/optimized/google-protobuf.js:778:11)
    at Object.jspb.asserts.assert (https://cdn.skypack.dev/-/google-protobuf@v3.21.2-YDUqZL2TTSsy2lGtfuND/dist=es2019,mode=imports/optimized/google-protobuf.js:783:23)
    at jspb.BinaryDecoder.readUint32 (https://cdn.skypack.dev/-/google-protobuf@v3.21.2-YDUqZL2TTSsy2lGtfuND/dist=es2019,mode=imports/optimized/google-protobuf.js:4202:18)
    at jspb.BinaryDecoder.readDouble (https://cdn.skypack.dev/-/google-protobuf@v3.21.2-YDUqZL2TTSsy2lGtfuND/dist=es2019,mode=imports/optimized/google-protobuf.js:4244:18)
    at jspb.BinaryReader.readDouble (https://cdn.skypack.dev/-/google-protobuf@v3.21.2-YDUqZL2TTSsy2lGtfuND/dist=es2019,mode=imports/optimized/google-protobuf.js:4620:26)
    at Function.deserialize (file:///Users/thesayyn/Documents/thesayyn/protoc-gen-ts/target/debug/build/protoc_gen_ts-8cec2bec66276c47/out/test_conformance/test_messages_proto3.ts:205:50)
    at file:///Users/thesayyn/Documents/thesayyn/protoc-gen-ts/tests/conformance/bin/main.ts:23:78

  protobuf_test_messages.proto2.TestAllTypesProto2 1
  Error: Assertion failed
    at Object.jspb.asserts.doAssertFailure (https://cdn.skypack.dev/-/google-protobuf@v3.21.2-YDUqZL2TTSsy2lGtfuND/dist=es2019,mode=imports/optimized/google-protobuf.js:778:11)
    at Object.jspb.asserts.assert (https://cdn.skypack.dev/-/google-protobuf@v3.21.2-YDUqZL2TTSsy2lGtfuND/dist=es2019,mode=imports/optimized/google-protobuf.js:783:23)
    at jspb.BinaryDecoder.readUint32 (https://cdn.skypack.dev/-/google-protobuf@v3.21.2-YDUqZL2TTSsy2lGtfuND/dist=es2019,mode=imports/optimized/google-protobuf.js:4202:18)
    at jspb.BinaryDecoder.readDouble (https://cdn.skypack.dev/-/google-protobuf@v3.21.2-YDUqZL2TTSsy2lGtfuND/dist=es2019,mode=imports/optimized/google-protobuf.js:4244:18)
    at jspb.BinaryReader.readDouble (https://cdn.skypack.dev/-/google-protobuf@v3.21.2-YDUqZL2TTSsy2lGtfuND/dist=es2019,mode=imports/optimized/google-protobuf.js:4620:26)
    at Function.deserialize (file:///Users/thesayyn/Documents/thesayyn/protoc-gen-ts/target/debug/build/protoc_gen_ts-8cec2bec66276c47/out/test_conformance/test_messages_proto2.ts:181:50)
    at file:///Users/thesayyn/Documents/thesayyn/protoc-gen-ts/tests/conformance/bin/main.ts:30:78

  protobuf_test_messages.proto3.TestAllTypesProto3 1
  Error: Assertion failed
    at Object.jspb.asserts.doAssertFailure (https://cdn.skypack.dev/-/google-protobuf@v3.21.2-YDUqZL2TTSsy2lGtfuND/dist=es2019,mode=imports/optimized/google-protobuf.js:778:11)
    at Object.jspb.asserts.assert (https://cdn.skypack.dev/-/google-protobuf@v3.21.2-YDUqZL2TTSsy2lGtfuND/dist=es2019,mode=imports/optimized/google-protobuf.js:783:23)
    at jspb.BinaryDecoder.readUint32 (https://cdn.skypack.dev/-/google-protobuf@v3.21.2-YDUqZL2TTSsy2lGtfuND/dist=es2019,mode=imports/optimized/google-protobuf.js:4202:18)
    at jspb.BinaryDecoder.readDouble (https://cdn.skypack.dev/-/google-protobuf@v3.21.2-YDUqZL2TTSsy2lGtfuND/dist=es2019,mode=imports/optimized/google-protobuf.js:4244:18)
    at jspb.BinaryReader.readDouble (https://cdn.skypack.dev/-/google-protobuf@v3.21.2-YDUqZL2TTSsy2lGtfuND/dist=es2019,mode=imports/optimized/google-protobuf.js:4620:26)
    at Function.deserialize (file:///Users/thesayyn/Documents/thesayyn/protoc-gen-ts/target/debug/build/protoc_gen_ts-8cec2bec66276c47/out/test_conformance/test_messages_proto3.ts:286:58)
    at file:///Users/thesayyn/Documents/thesayyn/protoc-gen-ts/tests/conformance/bin/main.ts:23:78

  protobuf_test_messages.proto2.TestAllTypesProto2 1
  Error: Assertion failed
    at Object.jspb.asserts.doAssertFailure (https://cdn.skypack.dev/-/google-protobuf@v3.21.2-YDUqZL2TTSsy2lGtfuND/dist=es2019,mode=imports/optimized/google-protobuf.js:778:11)
    at Object.jspb.asserts.assert (https://cdn.skypack.dev/-/google-protobuf@v3.21.2-YDUqZL2TTSsy2lGtfuND/dist=es2019,mode=imports/optimized/google-protobuf.js:783:23)
    at jspb.BinaryDecoder.readUint32 (https://cdn.skypack.dev/-/google-protobuf@v3.21.2-YDUqZL2TTSsy2lGtfuND/dist=es2019,mode=imports/optimized/google-protobuf.js:4202:18)
    at jspb.BinaryDecoder.readDouble (https://cdn.skypack.dev/-/google-protobuf@v3.21.2-YDUqZL2TTSsy2lGtfuND/dist=es2019,mode=imports/optimized/google-protobuf.js:4244:18)
    at jspb.BinaryReader.readDouble (https://cdn.skypack.dev/-/google-protobuf@v3.21.2-YDUqZL2TTSsy2lGtfuND/dist=es2019,mode=imports/optimized/google-protobuf.js:4620:26)
    at Function.deserialize (file:///Users/thesayyn/Documents/thesayyn/protoc-gen-ts/target/debug/build/protoc_gen_ts-8cec2bec66276c47/out/test_conformance/test_messages_proto2.ts:247:53)
    at file:///Users/thesayyn/Documents/thesayyn/protoc-gen-ts/tests/conformance/bin/main.ts:30:78

  protobuf_test_messages.proto3.TestAllTypesProto3 1
  Error: Assertion failed
    at Object.jspb.asserts.doAssertFailure (https://cdn.skypack.dev/-/google-protobuf@v3.21.2-YDUqZL2TTSsy2lGtfuND/dist=es2019,mode=imports/optimized/google-protobuf.js:778:11)
    at Object.jspb.asserts.assert (https://cdn.skypack.dev/-/google-protobuf@v3.21.2-YDUqZL2TTSsy2lGtfuND/dist=es2019,mode=imports/optimized/google-protobuf.js:783:23)
    at jspb.BinaryDecoder.advance (https://cdn.skypack.dev/-/google-protobuf@v3.21.2-YDUqZL2TTSsy2lGtfuND/dist=es2019,mode=imports/optimized/google-protobuf.js:4081:18)
    at jspb.BinaryReader.skipFixed64Field (https://cdn.skypack.dev/-/google-protobuf@v3.21.2-YDUqZL2TTSsy2lGtfuND/dist=es2019,mode=imports/optimized/google-protobuf.js:4409:163)
    at jspb.BinaryReader.skipField (https://cdn.skypack.dev/-/google-protobuf@v3.21.2-YDUqZL2TTSsy2lGtfuND/dist=es2019,mode=imports/optimized/google-protobuf.js:4432:14)
    at Function.deserialize (file:///Users/thesayyn/Documents/thesayyn/protoc-gen-ts/target/debug/build/protoc_gen_ts-8cec2bec66276c47/out/test_conformance/test_messages_proto3.ts:958:24)
    at file:///Users/thesayyn/Documents/thesayyn/protoc-gen-ts/tests/conformance/bin/main.ts:23:78

  protobuf_test_messages.proto2.TestAllTypesProto2 1
  Error: Assertion failed
    at Object.jspb.asserts.doAssertFailure (https://cdn.skypack.dev/-/google-protobuf@v3.21.2-YDUqZL2TTSsy2lGtfuND/dist=es2019,mode=imports/optimized/google-protobuf.js:778:11)
    at Object.jspb.asserts.assert (https://cdn.skypack.dev/-/google-protobuf@v3.21.2-YDUqZL2TTSsy2lGtfuND/dist=es2019,mode=imports/optimized/google-protobuf.js:783:23)
    at jspb.BinaryDecoder.advance (https://cdn.skypack.dev/-/google-protobuf@v3.21.2-YDUqZL2TTSsy2lGtfuND/dist=es2019,mode=imports/optimized/google-protobuf.js:4081:18)
    at jspb.BinaryReader.skipFixed64Field (https://cdn.skypack.dev/-/google-protobuf@v3.21.2-YDUqZL2TTSsy2lGtfuND/dist=es2019,mode=imports/optimized/google-protobuf.js:4409:163)
    at jspb.BinaryReader.skipField (https://cdn.skypack.dev/-/google-protobuf@v3.21.2-YDUqZL2TTSsy2lGtfuND/dist=es2019,mode=imports/optimized/google-protobuf.js:4432:14)
    at Function.deserialize (file:///Users/thesayyn/Documents/thesayyn/protoc-gen-ts/target/debug/build/protoc_gen_ts-8cec2bec66276c47/out/test_conformance/test_messages_proto2.ts:865:24)
    at file:///Users/thesayyn/Documents/thesayyn/protoc-gen-ts/tests/conformance/bin/main.ts:30:78

  protobuf_test_messages.proto3.TestAllTypesProto3 1
  Error: Assertion failed
    at Object.jspb.asserts.doAssertFailure (https://cdn.skypack.dev/-/google-protobuf@v3.21.2-YDUqZL2TTSsy2lGtfuND/dist=es2019,mode=imports/optimized/google-protobuf.js:778:11)
    at Object.jspb.asserts.assert (https://cdn.skypack.dev/-/google-protobuf@v3.21.2-YDUqZL2TTSsy2lGtfuND/dist=es2019,mode=imports/optimized/google-protobuf.js:783:23)
    at jspb.BinaryDecoder.readUint32 (https://cdn.skypack.dev/-/google-protobuf@v3.21.2-YDUqZL2TTSsy2lGtfuND/dist=es2019,mode=imports/optimized/google-protobuf.js:4202:18)
    at jspb.BinaryDecoder.readDouble (https://cdn.skypack.dev/-/google-protobuf@v3.21.2-YDUqZL2TTSsy2lGtfuND/dist=es2019,mode=imports/optimized/google-protobuf.js:4244:41)
    at jspb.BinaryReader.readDouble (https://cdn.skypack.dev/-/google-protobuf@v3.21.2-YDUqZL2TTSsy2lGtfuND/dist=es2019,mode=imports/optimized/google-protobuf.js:4620:26)
    at Function.deserialize (file:///Users/thesayyn/Documents/thesayyn/protoc-gen-ts/target/debug/build/protoc_gen_ts-8cec2bec66276c47/out/test_conformance/test_messages_proto3.ts:205:50)
    at file:///Users/thesayyn/Documents/thesayyn/protoc-gen-ts/tests/conformance/bin/main.ts:23:78

  protobuf_test_messages.proto2.TestAllTypesProto2 1
  Error: Assertion failed
    at Object.jspb.asserts.doAssertFailure (https://cdn.skypack.dev/-/google-protobuf@v3.21.2-YDUqZL2TTSsy2lGtfuND/dist=es2019,mode=imports/optimized/google-protobuf.js:778:11)
    at Object.jspb.asserts.assert (https://cdn.skypack.dev/-/google-protobuf@v3.21.2-YDUqZL2TTSsy2lGtfuND/dist=es2019,mode=imports/optimized/google-protobuf.js:783:23)
    at jspb.BinaryDecoder.readUint32 (https://cdn.skypack.dev/-/google-protobuf@v3.21.2-YDUqZL2TTSsy2lGtfuND/dist=es2019,mode=imports/optimized/google-protobuf.js:4202:18)
    at jspb.BinaryDecoder.readDouble (https://cdn.skypack.dev/-/google-protobuf@v3.21.2-YDUqZL2TTSsy2lGtfuND/dist=es2019,mode=imports/optimized/google-protobuf.js:4244:41)
    at jspb.BinaryReader.readDouble (https://cdn.skypack.dev/-/google-protobuf@v3.21.2-YDUqZL2TTSsy2lGtfuND/dist=es2019,mode=imports/optimized/google-protobuf.js:4620:26)
    at Function.deserialize (file:///Users/thesayyn/Documents/thesayyn/protoc-gen-ts/target/debug/build/protoc_gen_ts-8cec2bec66276c47/out/test_conformance/test_messages_proto2.ts:181:50)
    at file:///Users/thesayyn/Documents/thesayyn/protoc-gen-ts/tests/conformance/bin/main.ts:30:78

  protobuf_test_messages.proto3.TestAllTypesProto3 1
  Error: Assertion failed
    at Object.jspb.asserts.doAssertFailure (https://cdn.skypack.dev/-/google-protobuf@v3.21.2-YDUqZL2TTSsy2lGtfuND/dist=es2019,mode=imports/optimized/google-protobuf.js:778:11)
    at Object.jspb.asserts.assert (https://cdn.skypack.dev/-/google-protobuf@v3.21.2-YDUqZL2TTSsy2lGtfuND/dist=es2019,mode=imports/optimized/google-protobuf.js:783:23)
    at jspb.BinaryDecoder.readUint32 (https://cdn.skypack.dev/-/google-protobuf@v3.21.2-YDUqZL2TTSsy2lGtfuND/dist=es2019,mode=imports/optimized/google-protobuf.js:4202:18)
    at jspb.BinaryDecoder.readDouble (https://cdn.skypack.dev/-/google-protobuf@v3.21.2-YDUqZL2TTSsy2lGtfuND/dist=es2019,mode=imports/optimized/google-protobuf.js:4244:41)
    at jspb.BinaryReader.readDouble (https://cdn.skypack.dev/-/google-protobuf@v3.21.2-YDUqZL2TTSsy2lGtfuND/dist=es2019,mode=imports/optimized/google-protobuf.js:4620:26)
    at Function.deserialize (file:///Users/thesayyn/Documents/thesayyn/protoc-gen-ts/target/debug/build/protoc_gen_ts-8cec2bec66276c47/out/test_conformance/test_messages_proto3.ts:286:58)
    at file:///Users/thesayyn/Documents/thesayyn/protoc-gen-ts/tests/conformance/bin/main.ts:23:78

  protobuf_test_messages.proto2.TestAllTypesProto2 1
  Error: Assertion failed
    at Object.jspb.asserts.doAssertFailure (https://cdn.skypack.dev/-/google-protobuf@v3.21.2-YDUqZL2TTSsy2lGtfuND/dist=es2019,mode=imports/optimized/google-protobuf.js:778:11)
    at Object.jspb.asserts.assert (https://cdn.skypack.dev/-/google-protobuf@v3.21.2-YDUqZL2TTSsy2lGtfuND/dist=es2019,mode=imports/optimized/google-protobuf.js:783:23)
    at jspb.BinaryDecoder.readUint32 (https://cdn.skypack.dev/-/google-protobuf@v3.21.2-YDUqZL2TTSsy2lGtfuND/dist=es2019,mode=imports/optimized/google-protobuf.js:4202:18)
    at jspb.BinaryDecoder.readDouble (https://cdn.skypack.dev/-/google-protobuf@v3.21.2-YDUqZL2TTSsy2lGtfuND/dist=es2019,mode=imports/optimized/google-protobuf.js:4244:41)
    at jspb.BinaryReader.readDouble (https://cdn.skypack.dev/-/google-protobuf@v3.21.2-YDUqZL2TTSsy2lGtfuND/dist=es2019,mode=imports/optimized/google-protobuf.js:4620:26)
    at Function.deserialize (file:///Users/thesayyn/Documents/thesayyn/protoc-gen-ts/target/debug/build/protoc_gen_ts-8cec2bec66276c47/out/test_conformance/test_messages_proto2.ts:247:53)
    at file:///Users/thesayyn/Documents/thesayyn/protoc-gen-ts/tests/conformance/bin/main.ts:30:78

  protobuf_test_messages.proto3.TestAllTypesProto3 1
  Error: Assertion failed
    at Object.jspb.asserts.doAssertFailure (https://cdn.skypack.dev/-/google-protobuf@v3.21.2-YDUqZL2TTSsy2lGtfuND/dist=es2019,mode=imports/optimized/google-protobuf.js:778:11)
    at Object.jspb.asserts.assert (https://cdn.skypack.dev/-/google-protobuf@v3.21.2-YDUqZL2TTSsy2lGtfuND/dist=es2019,mode=imports/optimized/google-protobuf.js:783:23)
    at jspb.BinaryDecoder.advance (https://cdn.skypack.dev/-/google-protobuf@v3.21.2-YDUqZL2TTSsy2lGtfuND/dist=es2019,mode=imports/optimized/google-protobuf.js:4081:18)
    at jspb.BinaryReader.skipFixed64Field (https://cdn.skypack.dev/-/google-protobuf@v3.21.2-YDUqZL2TTSsy2lGtfuND/dist=es2019,mode=imports/optimized/google-protobuf.js:4409:163)
    at jspb.BinaryReader.skipField (https://cdn.skypack.dev/-/google-protobuf@v3.21.2-YDUqZL2TTSsy2lGtfuND/dist=es2019,mode=imports/optimized/google-protobuf.js:4432:14)
    at Function.deserialize (file:///Users/thesayyn/Documents/thesayyn/protoc-gen-ts/target/debug/build/protoc_gen_ts-8cec2bec66276c47/out/test_conformance/test_messages_proto3.ts:958:24)
    at file:///Users/thesayyn/Documents/thesayyn/protoc-gen-ts/tests/conformance/bin/main.ts:23:78

  protobuf_test_messages.proto2.TestAllTypesProto2 1
  Error: Assertion failed
    at Object.jspb.asserts.doAssertFailure (https://cdn.skypack.dev/-/google-protobuf@v3.21.2-YDUqZL2TTSsy2lGtfuND/dist=es2019,mode=imports/optimized/google-protobuf.js:778:11)
    at Object.jspb.asserts.assert (https://cdn.skypack.dev/-/google-protobuf@v3.21.2-YDUqZL2TTSsy2lGtfuND/dist=es2019,mode=imports/optimized/google-protobuf.js:783:23)
    at jspb.BinaryDecoder.advance (https://cdn.skypack.dev/-/google-protobuf@v3.21.2-YDUqZL2TTSsy2lGtfuND/dist=es2019,mode=imports/optimized/google-protobuf.js:4081:18)
    at jspb.BinaryReader.skipFixed64Field (https://cdn.skypack.dev/-/google-protobuf@v3.21.2-YDUqZL2TTSsy2lGtfuND/dist=es2019,mode=imports/optimized/google-protobuf.js:4409:163)
    at jspb.BinaryReader.skipField (https://cdn.skypack.dev/-/google-protobuf@v3.21.2-YDUqZL2TTSsy2lGtfuND/dist=es2019,mode=imports/optimized/google-protobuf.js:4432:14)
    at Function.deserialize (file:///Users/thesayyn/Documents/thesayyn/protoc-gen-ts/target/debug/build/protoc_gen_ts-8cec2bec66276c47/out/test_conformance/test_messages_proto2.ts:865:24)
    at file:///Users/thesayyn/Documents/thesayyn/protoc-gen-ts/tests/conformance/bin/main.ts:30:78

  protobuf_test_messages.proto3.TestAllTypesProto3 1
  Error: Assertion failed
    at Object.jspb.asserts.doAssertFailure (https://cdn.skypack.dev/-/google-protobuf@v3.21.2-YDUqZL2TTSsy2lGtfuND/dist=es2019,mode=imports/optimized/google-protobuf.js:778:11)
    at Object.jspb.asserts.assert (https://cdn.skypack.dev/-/google-protobuf@v3.21.2-YDUqZL2TTSsy2lGtfuND/dist=es2019,mode=imports/optimized/google-protobuf.js:783:23)
    at jspb.BinaryDecoder.readUint32 (https://cdn.skypack.dev/-/google-protobuf@v3.21.2-YDUqZL2TTSsy2lGtfuND/dist=es2019,mode=imports/optimized/google-protobuf.js:4202:18)
    at jspb.BinaryDecoder.readDouble (https://cdn.skypack.dev/-/google-protobuf@v3.21.2-YDUqZL2TTSsy2lGtfuND/dist=es2019,mode=imports/optimized/google-protobuf.js:4244:41)
    at jspb.BinaryReader.readPackedField_ (https://cdn.skypack.dev/-/google-protobuf@v3.21.2-YDUqZL2TTSsy2lGtfuND/dist=es2019,mode=imports/optimized/google-protobuf.js:4676:16)
    at jspb.BinaryReader.readPackedDouble (https://cdn.skypack.dev/-/google-protobuf@v3.21.2-YDUqZL2TTSsy2lGtfuND/dist=es2019,mode=imports/optimized/google-protobuf.js:4745:17)
    at Function.deserialize (file:///Users/thesayyn/Documents/thesayyn/protoc-gen-ts/target/debug/build/protoc_gen_ts-8cec2bec66276c47/out/test_conformance/test_messages_proto3.ts:285:78)
    at file:///Users/thesayyn/Documents/thesayyn/protoc-gen-ts/tests/conformance/bin/main.ts:23:78

  protobuf_test_messages.proto2.TestAllTypesProto2 1
  Error: Assertion failed
    at Object.jspb.asserts.doAssertFailure (https://cdn.skypack.dev/-/google-protobuf@v3.21.2-YDUqZL2TTSsy2lGtfuND/dist=es2019,mode=imports/optimized/google-protobuf.js:778:11)
    at Object.jspb.asserts.assert (https://cdn.skypack.dev/-/google-protobuf@v3.21.2-YDUqZL2TTSsy2lGtfuND/dist=es2019,mode=imports/optimized/google-protobuf.js:783:23)
    at jspb.BinaryReader.readDouble (https://cdn.skypack.dev/-/google-protobuf@v3.21.2-YDUqZL2TTSsy2lGtfuND/dist=es2019,mode=imports/optimized/google-protobuf.js:4619:18)
    at Function.deserialize (file:///Users/thesayyn/Documents/thesayyn/protoc-gen-ts/target/debug/build/protoc_gen_ts-8cec2bec66276c47/out/test_conformance/test_messages_proto2.ts:247:53)
    at file:///Users/thesayyn/Documents/thesayyn/protoc-gen-ts/tests/conformance/bin/main.ts:30:78

  protobuf_test_messages.proto3.TestAllTypesProto3 1
  Error: Assertion failed
    at Object.jspb.asserts.doAssertFailure (https://cdn.skypack.dev/-/google-protobuf@v3.21.2-YDUqZL2TTSsy2lGtfuND/dist=es2019,mode=imports/optimized/google-protobuf.js:778:11)
    at Object.jspb.asserts.assert (https://cdn.skypack.dev/-/google-protobuf@v3.21.2-YDUqZL2TTSsy2lGtfuND/dist=es2019,mode=imports/optimized/google-protobuf.js:783:23)
    at jspb.BinaryDecoder.readUint32 (https://cdn.skypack.dev/-/google-protobuf@v3.21.2-YDUqZL2TTSsy2lGtfuND/dist=es2019,mode=imports/optimized/google-protobuf.js:4202:18)
    at jspb.BinaryDecoder.readDouble (https://cdn.skypack.dev/-/google-protobuf@v3.21.2-YDUqZL2TTSsy2lGtfuND/dist=es2019,mode=imports/optimized/google-protobuf.js:4244:18)
    at jspb.BinaryReader.readPackedField_ (https://cdn.skypack.dev/-/google-protobuf@v3.21.2-YDUqZL2TTSsy2lGtfuND/dist=es2019,mode=imports/optimized/google-protobuf.js:4676:16)
    at jspb.BinaryReader.readPackedDouble (https://cdn.skypack.dev/-/google-protobuf@v3.21.2-YDUqZL2TTSsy2lGtfuND/dist=es2019,mode=imports/optimized/google-protobuf.js:4745:17)
    at Function.deserialize (file:///Users/thesayyn/Documents/thesayyn/protoc-gen-ts/target/debug/build/protoc_gen_ts-8cec2bec66276c47/out/test_conformance/test_messages_proto3.ts:285:78)
    at file:///Users/thesayyn/Documents/thesayyn/protoc-gen-ts/tests/conformance/bin/main.ts:23:78

  protobuf_test_messages.proto2.TestAllTypesProto2 1
  Error: Assertion failed
    at Object.jspb.asserts.doAssertFailure (https://cdn.skypack.dev/-/google-protobuf@v3.21.2-YDUqZL2TTSsy2lGtfuND/dist=es2019,mode=imports/optimized/google-protobuf.js:778:11)
    at Object.jspb.asserts.assert (https://cdn.skypack.dev/-/google-protobuf@v3.21.2-YDUqZL2TTSsy2lGtfuND/dist=es2019,mode=imports/optimized/google-protobuf.js:783:23)
    at jspb.BinaryReader.readDouble (https://cdn.skypack.dev/-/google-protobuf@v3.21.2-YDUqZL2TTSsy2lGtfuND/dist=es2019,mode=imports/optimized/google-protobuf.js:4619:18)
    at Function.deserialize (file:///Users/thesayyn/Documents/thesayyn/protoc-gen-ts/target/debug/build/protoc_gen_ts-8cec2bec66276c47/out/test_conformance/test_messages_proto2.ts:247:53)
    at file:///Users/thesayyn/Documents/thesayyn/protoc-gen-ts/tests/conformance/bin/main.ts:30:78

  protobuf_test_messages.proto3.TestAllTypesProto3 1
  Error: Assertion failed
    at Object.jspb.asserts.doAssertFailure (https://cdn.skypack.dev/-/google-protobuf@v3.21.2-YDUqZL2TTSsy2lGtfuND/dist=es2019,mode=imports/optimized/google-protobuf.js:778:11)
    at Object.jspb.asserts.assert (https://cdn.skypack.dev/-/google-protobuf@v3.21.2-YDUqZL2TTSsy2lGtfuND/dist=es2019,mode=imports/optimized/google-protobuf.js:783:23)
    at jspb.BinaryDecoder.readUint32 (https://cdn.skypack.dev/-/google-protobuf@v3.21.2-YDUqZL2TTSsy2lGtfuND/dist=es2019,mode=imports/optimized/google-protobuf.js:4202:18)
    at jspb.BinaryDecoder.readFloat (https://cdn.skypack.dev/-/google-protobuf@v3.21.2-YDUqZL2TTSsy2lGtfuND/dist=es2019,mode=imports/optimized/google-protobuf.js:4240:18)
    at jspb.BinaryReader.readFloat (https://cdn.skypack.dev/-/google-protobuf@v3.21.2-YDUqZL2TTSsy2lGtfuND/dist=es2019,mode=imports/optimized/google-protobuf.js:4615:26)
    at Function.deserialize (file:///Users/thesayyn/Documents/thesayyn/protoc-gen-ts/target/debug/build/protoc_gen_ts-8cec2bec66276c47/out/test_conformance/test_messages_proto3.ts:202:49)
    at file:///Users/thesayyn/Documents/thesayyn/protoc-gen-ts/tests/conformance/bin/main.ts:23:78

  protobuf_test_messages.proto2.TestAllTypesProto2 1
  Error: Assertion failed
    at Object.jspb.asserts.doAssertFailure (https://cdn.skypack.dev/-/google-protobuf@v3.21.2-YDUqZL2TTSsy2lGtfuND/dist=es2019,mode=imports/optimized/google-protobuf.js:778:11)
    at Object.jspb.asserts.assert (https://cdn.skypack.dev/-/google-protobuf@v3.21.2-YDUqZL2TTSsy2lGtfuND/dist=es2019,mode=imports/optimized/google-protobuf.js:783:23)
    at jspb.BinaryDecoder.readUint32 (https://cdn.skypack.dev/-/google-protobuf@v3.21.2-YDUqZL2TTSsy2lGtfuND/dist=es2019,mode=imports/optimized/google-protobuf.js:4202:18)
    at jspb.BinaryDecoder.readFloat (https://cdn.skypack.dev/-/google-protobuf@v3.21.2-YDUqZL2TTSsy2lGtfuND/dist=es2019,mode=imports/optimized/google-protobuf.js:4240:18)
    at jspb.BinaryReader.readFloat (https://cdn.skypack.dev/-/google-protobuf@v3.21.2-YDUqZL2TTSsy2lGtfuND/dist=es2019,mode=imports/optimized/google-protobuf.js:4615:26)
    at Function.deserialize (file:///Users/thesayyn/Documents/thesayyn/protoc-gen-ts/target/debug/build/protoc_gen_ts-8cec2bec66276c47/out/test_conformance/test_messages_proto2.ts:178:49)
    at file:///Users/thesayyn/Documents/thesayyn/protoc-gen-ts/tests/conformance/bin/main.ts:30:78

  protobuf_test_messages.proto3.TestAllTypesProto3 1
  Error: Assertion failed
    at Object.jspb.asserts.doAssertFailure (https://cdn.skypack.dev/-/google-protobuf@v3.21.2-YDUqZL2TTSsy2lGtfuND/dist=es2019,mode=imports/optimized/google-protobuf.js:778:11)
    at Object.jspb.asserts.assert (https://cdn.skypack.dev/-/google-protobuf@v3.21.2-YDUqZL2TTSsy2lGtfuND/dist=es2019,mode=imports/optimized/google-protobuf.js:783:23)
    at jspb.BinaryDecoder.readUint32 (https://cdn.skypack.dev/-/google-protobuf@v3.21.2-YDUqZL2TTSsy2lGtfuND/dist=es2019,mode=imports/optimized/google-protobuf.js:4202:18)
    at jspb.BinaryDecoder.readFloat (https://cdn.skypack.dev/-/google-protobuf@v3.21.2-YDUqZL2TTSsy2lGtfuND/dist=es2019,mode=imports/optimized/google-protobuf.js:4240:18)
    at jspb.BinaryReader.readFloat (https://cdn.skypack.dev/-/google-protobuf@v3.21.2-YDUqZL2TTSsy2lGtfuND/dist=es2019,mode=imports/optimized/google-protobuf.js:4615:26)
    at Function.deserialize (file:///Users/thesayyn/Documents/thesayyn/protoc-gen-ts/target/debug/build/protoc_gen_ts-8cec2bec66276c47/out/test_conformance/test_messages_proto3.ts:282:57)
    at file:///Users/thesayyn/Documents/thesayyn/protoc-gen-ts/tests/conformance/bin/main.ts:23:78

  protobuf_test_messages.proto2.TestAllTypesProto2 1
  Error: Assertion failed
    at Object.jspb.asserts.doAssertFailure (https://cdn.skypack.dev/-/google-protobuf@v3.21.2-YDUqZL2TTSsy2lGtfuND/dist=es2019,mode=imports/optimized/google-protobuf.js:778:11)
    at Object.jspb.asserts.assert (https://cdn.skypack.dev/-/google-protobuf@v3.21.2-YDUqZL2TTSsy2lGtfuND/dist=es2019,mode=imports/optimized/google-protobuf.js:783:23)
    at jspb.BinaryDecoder.readUint32 (https://cdn.skypack.dev/-/google-protobuf@v3.21.2-YDUqZL2TTSsy2lGtfuND/dist=es2019,mode=imports/optimized/google-protobuf.js:4202:18)
    at jspb.BinaryDecoder.readFloat (https://cdn.skypack.dev/-/google-protobuf@v3.21.2-YDUqZL2TTSsy2lGtfuND/dist=es2019,mode=imports/optimized/google-protobuf.js:4240:18)
    at jspb.BinaryReader.readFloat (https://cdn.skypack.dev/-/google-protobuf@v3.21.2-YDUqZL2TTSsy2lGtfuND/dist=es2019,mode=imports/optimized/google-protobuf.js:4615:26)
    at Function.deserialize (file:///Users/thesayyn/Documents/thesayyn/protoc-gen-ts/target/debug/build/protoc_gen_ts-8cec2bec66276c47/out/test_conformance/test_messages_proto2.ts:244:52)
    at file:///Users/thesayyn/Documents/thesayyn/protoc-gen-ts/tests/conformance/bin/main.ts:30:78

  protobuf_test_messages.proto3.TestAllTypesProto3 1
  Error: Assertion failed
    at Object.jspb.asserts.doAssertFailure (https://cdn.skypack.dev/-/google-protobuf@v3.21.2-YDUqZL2TTSsy2lGtfuND/dist=es2019,mode=imports/optimized/google-protobuf.js:778:11)
    at Object.jspb.asserts.assert (https://cdn.skypack.dev/-/google-protobuf@v3.21.2-YDUqZL2TTSsy2lGtfuND/dist=es2019,mode=imports/optimized/google-protobuf.js:783:23)
    at jspb.BinaryDecoder.advance (https://cdn.skypack.dev/-/google-protobuf@v3.21.2-YDUqZL2TTSsy2lGtfuND/dist=es2019,mode=imports/optimized/google-protobuf.js:4081:18)
    at jspb.BinaryReader.skipFixed32Field (https://cdn.skypack.dev/-/google-protobuf@v3.21.2-YDUqZL2TTSsy2lGtfuND/dist=es2019,mode=imports/optimized/google-protobuf.js:4406:163)
    at jspb.BinaryReader.skipField (https://cdn.skypack.dev/-/google-protobuf@v3.21.2-YDUqZL2TTSsy2lGtfuND/dist=es2019,mode=imports/optimized/google-protobuf.js:4438:14)
    at Function.deserialize (file:///Users/thesayyn/Documents/thesayyn/protoc-gen-ts/target/debug/build/protoc_gen_ts-8cec2bec66276c47/out/test_conformance/test_messages_proto3.ts:958:24)
    at file:///Users/thesayyn/Documents/thesayyn/protoc-gen-ts/tests/conformance/bin/main.ts:23:78

  protobuf_test_messages.proto2.TestAllTypesProto2 1
  Error: Assertion failed
    at Object.jspb.asserts.doAssertFailure (https://cdn.skypack.dev/-/google-protobuf@v3.21.2-YDUqZL2TTSsy2lGtfuND/dist=es2019,mode=imports/optimized/google-protobuf.js:778:11)
    at Object.jspb.asserts.assert (https://cdn.skypack.dev/-/google-protobuf@v3.21.2-YDUqZL2TTSsy2lGtfuND/dist=es2019,mode=imports/optimized/google-protobuf.js:783:23)
    at jspb.BinaryDecoder.advance (https://cdn.skypack.dev/-/google-protobuf@v3.21.2-YDUqZL2TTSsy2lGtfuND/dist=es2019,mode=imports/optimized/google-protobuf.js:4081:18)
    at jspb.BinaryReader.skipFixed32Field (https://cdn.skypack.dev/-/google-protobuf@v3.21.2-YDUqZL2TTSsy2lGtfuND/dist=es2019,mode=imports/optimized/google-protobuf.js:4406:163)
    at jspb.BinaryReader.skipField (https://cdn.skypack.dev/-/google-protobuf@v3.21.2-YDUqZL2TTSsy2lGtfuND/dist=es2019,mode=imports/optimized/google-protobuf.js:4438:14)
    at Function.deserialize (file:///Users/thesayyn/Documents/thesayyn/protoc-gen-ts/target/debug/build/protoc_gen_ts-8cec2bec66276c47/out/test_conformance/test_messages_proto2.ts:865:24)
    at file:///Users/thesayyn/Documents/thesayyn/protoc-gen-ts/tests/conformance/bin/main.ts:30:78

  protobuf_test_messages.proto3.TestAllTypesProto3 1
  Error: Assertion failed
    at Object.jspb.asserts.doAssertFailure (https://cdn.skypack.dev/-/google-protobuf@v3.21.2-YDUqZL2TTSsy2lGtfuND/dist=es2019,mode=imports/optimized/google-protobuf.js:778:11)
    at Object.jspb.asserts.assert (https://cdn.skypack.dev/-/google-protobuf@v3.21.2-YDUqZL2TTSsy2lGtfuND/dist=es2019,mode=imports/optimized/google-protobuf.js:783:23)
    at jspb.BinaryDecoder.readUint32 (https://cdn.skypack.dev/-/google-protobuf@v3.21.2-YDUqZL2TTSsy2lGtfuND/dist=es2019,mode=imports/optimized/google-protobuf.js:4202:18)
    at jspb.BinaryDecoder.readFloat (https://cdn.skypack.dev/-/google-protobuf@v3.21.2-YDUqZL2TTSsy2lGtfuND/dist=es2019,mode=imports/optimized/google-protobuf.js:4240:18)
    at jspb.BinaryReader.readFloat (https://cdn.skypack.dev/-/google-protobuf@v3.21.2-YDUqZL2TTSsy2lGtfuND/dist=es2019,mode=imports/optimized/google-protobuf.js:4615:26)
    at Function.deserialize (file:///Users/thesayyn/Documents/thesayyn/protoc-gen-ts/target/debug/build/protoc_gen_ts-8cec2bec66276c47/out/test_conformance/test_messages_proto3.ts:202:49)
    at file:///Users/thesayyn/Documents/thesayyn/protoc-gen-ts/tests/conformance/bin/main.ts:23:78

  protobuf_test_messages.proto2.TestAllTypesProto2 1
  Error: Assertion failed
    at Object.jspb.asserts.doAssertFailure (https://cdn.skypack.dev/-/google-protobuf@v3.21.2-YDUqZL2TTSsy2lGtfuND/dist=es2019,mode=imports/optimized/google-protobuf.js:778:11)
    at Object.jspb.asserts.assert (https://cdn.skypack.dev/-/google-protobuf@v3.21.2-YDUqZL2TTSsy2lGtfuND/dist=es2019,mode=imports/optimized/google-protobuf.js:783:23)
    at jspb.BinaryDecoder.readUint32 (https://cdn.skypack.dev/-/google-protobuf@v3.21.2-YDUqZL2TTSsy2lGtfuND/dist=es2019,mode=imports/optimized/google-protobuf.js:4202:18)
    at jspb.BinaryDecoder.readFloat (https://cdn.skypack.dev/-/google-protobuf@v3.21.2-YDUqZL2TTSsy2lGtfuND/dist=es2019,mode=imports/optimized/google-protobuf.js:4240:18)
    at jspb.BinaryReader.readFloat (https://cdn.skypack.dev/-/google-protobuf@v3.21.2-YDUqZL2TTSsy2lGtfuND/dist=es2019,mode=imports/optimized/google-protobuf.js:4615:26)
    at Function.deserialize (file:///Users/thesayyn/Documents/thesayyn/protoc-gen-ts/target/debug/build/protoc_gen_ts-8cec2bec66276c47/out/test_conformance/test_messages_proto2.ts:178:49)
    at file:///Users/thesayyn/Documents/thesayyn/protoc-gen-ts/tests/conformance/bin/main.ts:30:78

  protobuf_test_messages.proto3.TestAllTypesProto3 1
  Error: Assertion failed
    at Object.jspb.asserts.doAssertFailure (https://cdn.skypack.dev/-/google-protobuf@v3.21.2-YDUqZL2TTSsy2lGtfuND/dist=es2019,mode=imports/optimized/google-protobuf.js:778:11)
    at Object.jspb.asserts.assert (https://cdn.skypack.dev/-/google-protobuf@v3.21.2-YDUqZL2TTSsy2lGtfuND/dist=es2019,mode=imports/optimized/google-protobuf.js:783:23)
    at jspb.BinaryDecoder.readUint32 (https://cdn.skypack.dev/-/google-protobuf@v3.21.2-YDUqZL2TTSsy2lGtfuND/dist=es2019,mode=imports/optimized/google-protobuf.js:4202:18)
    at jspb.BinaryDecoder.readFloat (https://cdn.skypack.dev/-/google-protobuf@v3.21.2-YDUqZL2TTSsy2lGtfuND/dist=es2019,mode=imports/optimized/google-protobuf.js:4240:18)
    at jspb.BinaryReader.readFloat (https://cdn.skypack.dev/-/google-protobuf@v3.21.2-YDUqZL2TTSsy2lGtfuND/dist=es2019,mode=imports/optimized/google-protobuf.js:4615:26)
    at Function.deserialize (file:///Users/thesayyn/Documents/thesayyn/protoc-gen-ts/target/debug/build/protoc_gen_ts-8cec2bec66276c47/out/test_conformance/test_messages_proto3.ts:282:57)
    at file:///Users/thesayyn/Documents/thesayyn/protoc-gen-ts/tests/conformance/bin/main.ts:23:78

  protobuf_test_messages.proto2.TestAllTypesProto2 1
  Error: Assertion failed
    at Object.jspb.asserts.doAssertFailure (https://cdn.skypack.dev/-/google-protobuf@v3.21.2-YDUqZL2TTSsy2lGtfuND/dist=es2019,mode=imports/optimized/google-protobuf.js:778:11)
    at Object.jspb.asserts.assert (https://cdn.skypack.dev/-/google-protobuf@v3.21.2-YDUqZL2TTSsy2lGtfuND/dist=es2019,mode=imports/optimized/google-protobuf.js:783:23)
    at jspb.BinaryDecoder.readUint32 (https://cdn.skypack.dev/-/google-protobuf@v3.21.2-YDUqZL2TTSsy2lGtfuND/dist=es2019,mode=imports/optimized/google-protobuf.js:4202:18)
    at jspb.BinaryDecoder.readFloat (https://cdn.skypack.dev/-/google-protobuf@v3.21.2-YDUqZL2TTSsy2lGtfuND/dist=es2019,mode=imports/optimized/google-protobuf.js:4240:18)
    at jspb.BinaryReader.readFloat (https://cdn.skypack.dev/-/google-protobuf@v3.21.2-YDUqZL2TTSsy2lGtfuND/dist=es2019,mode=imports/optimized/google-protobuf.js:4615:26)
    at Function.deserialize (file:///Users/thesayyn/Documents/thesayyn/protoc-gen-ts/target/debug/build/protoc_gen_ts-8cec2bec66276c47/out/test_conformance/test_messages_proto2.ts:244:52)
    at file:///Users/thesayyn/Documents/thesayyn/protoc-gen-ts/tests/conformance/bin/main.ts:30:78

  protobuf_test_messages.proto3.TestAllTypesProto3 1
  Error: Assertion failed
    at Object.jspb.asserts.doAssertFailure (https://cdn.skypack.dev/-/google-protobuf@v3.21.2-YDUqZL2TTSsy2lGtfuND/dist=es2019,mode=imports/optimized/google-protobuf.js:778:11)
    at Object.jspb.asserts.assert (https://cdn.skypack.dev/-/google-protobuf@v3.21.2-YDUqZL2TTSsy2lGtfuND/dist=es2019,mode=imports/optimized/google-protobuf.js:783:23)
    at jspb.BinaryDecoder.advance (https://cdn.skypack.dev/-/google-protobuf@v3.21.2-YDUqZL2TTSsy2lGtfuND/dist=es2019,mode=imports/optimized/google-protobuf.js:4081:18)
    at jspb.BinaryReader.skipFixed32Field (https://cdn.skypack.dev/-/google-protobuf@v3.21.2-YDUqZL2TTSsy2lGtfuND/dist=es2019,mode=imports/optimized/google-protobuf.js:4406:163)
    at jspb.BinaryReader.skipField (https://cdn.skypack.dev/-/google-protobuf@v3.21.2-YDUqZL2TTSsy2lGtfuND/dist=es2019,mode=imports/optimized/google-protobuf.js:4438:14)
    at Function.deserialize (file:///Users/thesayyn/Documents/thesayyn/protoc-gen-ts/target/debug/build/protoc_gen_ts-8cec2bec66276c47/out/test_conformance/test_messages_proto3.ts:958:24)
    at file:///Users/thesayyn/Documents/thesayyn/protoc-gen-ts/tests/conformance/bin/main.ts:23:78

  protobuf_test_messages.proto2.TestAllTypesProto2 1
  Error: Assertion failed
    at Object.jspb.asserts.doAssertFailure (https://cdn.skypack.dev/-/google-protobuf@v3.21.2-YDUqZL2TTSsy2lGtfuND/dist=es2019,mode=imports/optimized/google-protobuf.js:778:11)
    at Object.jspb.asserts.assert (https://cdn.skypack.dev/-/google-protobuf@v3.21.2-YDUqZL2TTSsy2lGtfuND/dist=es2019,mode=imports/optimized/google-protobuf.js:783:23)
    at jspb.BinaryDecoder.advance (https://cdn.skypack.dev/-/google-protobuf@v3.21.2-YDUqZL2TTSsy2lGtfuND/dist=es2019,mode=imports/optimized/google-protobuf.js:4081:18)
    at jspb.BinaryReader.skipFixed32Field (https://cdn.skypack.dev/-/google-protobuf@v3.21.2-YDUqZL2TTSsy2lGtfuND/dist=es2019,mode=imports/optimized/google-protobuf.js:4406:163)
    at jspb.BinaryReader.skipField (https://cdn.skypack.dev/-/google-protobuf@v3.21.2-YDUqZL2TTSsy2lGtfuND/dist=es2019,mode=imports/optimized/google-protobuf.js:4438:14)
    at Function.deserialize (file:///Users/thesayyn/Documents/thesayyn/protoc-gen-ts/target/debug/build/protoc_gen_ts-8cec2bec66276c47/out/test_conformance/test_messages_proto2.ts:865:24)
    at file:///Users/thesayyn/Documents/thesayyn/protoc-gen-ts/tests/conformance/bin/main.ts:30:78

  protobuf_test_messages.proto3.TestAllTypesProto3 1
  Error: Assertion failed
    at Object.jspb.asserts.doAssertFailure (https://cdn.skypack.dev/-/google-protobuf@v3.21.2-YDUqZL2TTSsy2lGtfuND/dist=es2019,mode=imports/optimized/google-protobuf.js:778:11)
    at Object.jspb.asserts.assert (https://cdn.skypack.dev/-/google-protobuf@v3.21.2-YDUqZL2TTSsy2lGtfuND/dist=es2019,mode=imports/optimized/google-protobuf.js:783:23)
    at jspb.BinaryDecoder.readUint32 (https://cdn.skypack.dev/-/google-protobuf@v3.21.2-YDUqZL2TTSsy2lGtfuND/dist=es2019,mode=imports/optimized/google-protobuf.js:4202:18)
    at jspb.BinaryDecoder.readFloat (https://cdn.skypack.dev/-/google-protobuf@v3.21.2-YDUqZL2TTSsy2lGtfuND/dist=es2019,mode=imports/optimized/google-protobuf.js:4240:18)
    at jspb.BinaryReader.readPackedField_ (https://cdn.skypack.dev/-/google-protobuf@v3.21.2-YDUqZL2TTSsy2lGtfuND/dist=es2019,mode=imports/optimized/google-protobuf.js:4676:16)
    at jspb.BinaryReader.readPackedFloat (https://cdn.skypack.dev/-/google-protobuf@v3.21.2-YDUqZL2TTSsy2lGtfuND/dist=es2019,mode=imports/optimized/google-protobuf.js:4741:17)
    at Function.deserialize (file:///Users/thesayyn/Documents/thesayyn/protoc-gen-ts/target/debug/build/protoc_gen_ts-8cec2bec66276c47/out/test_conformance/test_messages_proto3.ts:281:77)
    at file:///Users/thesayyn/Documents/thesayyn/protoc-gen-ts/tests/conformance/bin/main.ts:23:78

  protobuf_test_messages.proto2.TestAllTypesProto2 1
  Error: Assertion failed
    at Object.jspb.asserts.doAssertFailure (https://cdn.skypack.dev/-/google-protobuf@v3.21.2-YDUqZL2TTSsy2lGtfuND/dist=es2019,mode=imports/optimized/google-protobuf.js:778:11)
    at Object.jspb.asserts.assert (https://cdn.skypack.dev/-/google-protobuf@v3.21.2-YDUqZL2TTSsy2lGtfuND/dist=es2019,mode=imports/optimized/google-protobuf.js:783:23)
    at jspb.BinaryReader.readFloat (https://cdn.skypack.dev/-/google-protobuf@v3.21.2-YDUqZL2TTSsy2lGtfuND/dist=es2019,mode=imports/optimized/google-protobuf.js:4614:18)
    at Function.deserialize (file:///Users/thesayyn/Documents/thesayyn/protoc-gen-ts/target/debug/build/protoc_gen_ts-8cec2bec66276c47/out/test_conformance/test_messages_proto2.ts:244:52)
    at file:///Users/thesayyn/Documents/thesayyn/protoc-gen-ts/tests/conformance/bin/main.ts:30:78

  protobuf_test_messages.proto3.TestAllTypesProto3 1
  Error: Assertion failed
    at Object.jspb.asserts.doAssertFailure (https://cdn.skypack.dev/-/google-protobuf@v3.21.2-YDUqZL2TTSsy2lGtfuND/dist=es2019,mode=imports/optimized/google-protobuf.js:778:11)
    at Object.jspb.asserts.assert (https://cdn.skypack.dev/-/google-protobuf@v3.21.2-YDUqZL2TTSsy2lGtfuND/dist=es2019,mode=imports/optimized/google-protobuf.js:783:23)
    at jspb.BinaryDecoder.readUint32 (https://cdn.skypack.dev/-/google-protobuf@v3.21.2-YDUqZL2TTSsy2lGtfuND/dist=es2019,mode=imports/optimized/google-protobuf.js:4202:18)
    at jspb.BinaryDecoder.readFloat (https://cdn.skypack.dev/-/google-protobuf@v3.21.2-YDUqZL2TTSsy2lGtfuND/dist=es2019,mode=imports/optimized/google-protobuf.js:4240:18)
    at jspb.BinaryReader.readPackedField_ (https://cdn.skypack.dev/-/google-protobuf@v3.21.2-YDUqZL2TTSsy2lGtfuND/dist=es2019,mode=imports/optimized/google-protobuf.js:4676:16)
    at jspb.BinaryReader.readPackedFloat (https://cdn.skypack.dev/-/google-protobuf@v3.21.2-YDUqZL2TTSsy2lGtfuND/dist=es2019,mode=imports/optimized/google-protobuf.js:4741:17)
    at Function.deserialize (file:///Users/thesayyn/Documents/thesayyn/protoc-gen-ts/target/debug/build/protoc_gen_ts-8cec2bec66276c47/out/test_conformance/test_messages_proto3.ts:281:77)
    at file:///Users/thesayyn/Documents/thesayyn/protoc-gen-ts/tests/conformance/bin/main.ts:23:78

  protobuf_test_messages.proto2.TestAllTypesProto2 1
  Error: Assertion failed
    at Object.jspb.asserts.doAssertFailure (https://cdn.skypack.dev/-/google-protobuf@v3.21.2-YDUqZL2TTSsy2lGtfuND/dist=es2019,mode=imports/optimized/google-protobuf.js:778:11)
    at Object.jspb.asserts.assert (https://cdn.skypack.dev/-/google-protobuf@v3.21.2-YDUqZL2TTSsy2lGtfuND/dist=es2019,mode=imports/optimized/google-protobuf.js:783:23)
    at jspb.BinaryReader.readFloat (https://cdn.skypack.dev/-/google-protobuf@v3.21.2-YDUqZL2TTSsy2lGtfuND/dist=es2019,mode=imports/optimized/google-protobuf.js:4614:18)
    at Function.deserialize (file:///Users/thesayyn/Documents/thesayyn/protoc-gen-ts/target/debug/build/protoc_gen_ts-8cec2bec66276c47/out/test_conformance/test_messages_proto2.ts:244:52)
    at file:///Users/thesayyn/Documents/thesayyn/protoc-gen-ts/tests/conformance/bin/main.ts:30:78

  protobuf_test_messages.proto3.TestAllTypesProto3 1
  Error: Failure: Failed to read varint, encoding is invalid.
    at Object.jspb.asserts.fail (https://cdn.skypack.dev/-/google-protobuf@v3.21.2-YDUqZL2TTSsy2lGtfuND/dist=es2019,mode=imports/optimized/google-protobuf.js:801:11)
    at jspb.BinaryDecoder.readSplitVarint64 (https://cdn.skypack.dev/-/google-protobuf@v3.21.2-YDUqZL2TTSsy2lGtfuND/dist=es2019,mode=imports/optimized/google-protobuf.js:4101:18)
    at jspb.BinaryDecoder.readSignedVarint64 (https://cdn.skypack.dev/-/google-protobuf@v3.21.2-YDUqZL2TTSsy2lGtfuND/dist=es2019,mode=imports/optimized/google-protobuf.js:4173:17)
    at jspb.BinaryReader.readInt64 (https://cdn.skypack.dev/-/google-protobuf@v3.21.2-YDUqZL2TTSsy2lGtfuND/dist=es2019,mode=imports/optimized/google-protobuf.js:4542:26)
    at Function.deserialize (file:///Users/thesayyn/Documents/thesayyn/protoc-gen-ts/target/debug/build/protoc_gen_ts-8cec2bec66276c47/out/test_conformance/test_messages_proto3.ts:175:49)
    at file:///Users/thesayyn/Documents/thesayyn/protoc-gen-ts/tests/conformance/bin/main.ts:23:78

  protobuf_test_messages.proto2.TestAllTypesProto2 1
  Error: Failure: Failed to read varint, encoding is invalid.
    at Object.jspb.asserts.fail (https://cdn.skypack.dev/-/google-protobuf@v3.21.2-YDUqZL2TTSsy2lGtfuND/dist=es2019,mode=imports/optimized/google-protobuf.js:801:11)
    at jspb.BinaryDecoder.readSplitVarint64 (https://cdn.skypack.dev/-/google-protobuf@v3.21.2-YDUqZL2TTSsy2lGtfuND/dist=es2019,mode=imports/optimized/google-protobuf.js:4101:18)
    at jspb.BinaryDecoder.readSignedVarint64 (https://cdn.skypack.dev/-/google-protobuf@v3.21.2-YDUqZL2TTSsy2lGtfuND/dist=es2019,mode=imports/optimized/google-protobuf.js:4173:17)
    at jspb.BinaryReader.readInt64 (https://cdn.skypack.dev/-/google-protobuf@v3.21.2-YDUqZL2TTSsy2lGtfuND/dist=es2019,mode=imports/optimized/google-protobuf.js:4542:26)
    at Function.deserialize (file:///Users/thesayyn/Documents/thesayyn/protoc-gen-ts/target/debug/build/protoc_gen_ts-8cec2bec66276c47/out/test_conformance/test_messages_proto2.ts:151:49)
    at file:///Users/thesayyn/Documents/thesayyn/protoc-gen-ts/tests/conformance/bin/main.ts:30:78

  protobuf_test_messages.proto3.TestAllTypesProto3 1
  Error: Failure: Failed to read varint, encoding is invalid.
    at Object.jspb.asserts.fail (https://cdn.skypack.dev/-/google-protobuf@v3.21.2-YDUqZL2TTSsy2lGtfuND/dist=es2019,mode=imports/optimized/google-protobuf.js:801:11)
    at jspb.BinaryDecoder.readSplitVarint64 (https://cdn.skypack.dev/-/google-protobuf@v3.21.2-YDUqZL2TTSsy2lGtfuND/dist=es2019,mode=imports/optimized/google-protobuf.js:4101:18)
    at jspb.BinaryDecoder.readSignedVarint64 (https://cdn.skypack.dev/-/google-protobuf@v3.21.2-YDUqZL2TTSsy2lGtfuND/dist=es2019,mode=imports/optimized/google-protobuf.js:4173:17)
    at jspb.BinaryReader.readInt64 (https://cdn.skypack.dev/-/google-protobuf@v3.21.2-YDUqZL2TTSsy2lGtfuND/dist=es2019,mode=imports/optimized/google-protobuf.js:4542:26)
    at Function.deserialize (file:///Users/thesayyn/Documents/thesayyn/protoc-gen-ts/target/debug/build/protoc_gen_ts-8cec2bec66276c47/out/test_conformance/test_messages_proto3.ts:246:57)
    at file:///Users/thesayyn/Documents/thesayyn/protoc-gen-ts/tests/conformance/bin/main.ts:23:78

  protobuf_test_messages.proto2.TestAllTypesProto2 1
  Error: Failure: Failed to read varint, encoding is invalid.
    at Object.jspb.asserts.fail (https://cdn.skypack.dev/-/google-protobuf@v3.21.2-YDUqZL2TTSsy2lGtfuND/dist=es2019,mode=imports/optimized/google-protobuf.js:801:11)
    at jspb.BinaryDecoder.readSplitVarint64 (https://cdn.skypack.dev/-/google-protobuf@v3.21.2-YDUqZL2TTSsy2lGtfuND/dist=es2019,mode=imports/optimized/google-protobuf.js:4101:18)
    at jspb.BinaryDecoder.readSignedVarint64 (https://cdn.skypack.dev/-/google-protobuf@v3.21.2-YDUqZL2TTSsy2lGtfuND/dist=es2019,mode=imports/optimized/google-protobuf.js:4173:17)
    at jspb.BinaryReader.readInt64 (https://cdn.skypack.dev/-/google-protobuf@v3.21.2-YDUqZL2TTSsy2lGtfuND/dist=es2019,mode=imports/optimized/google-protobuf.js:4542:26)
    at Function.deserialize (file:///Users/thesayyn/Documents/thesayyn/protoc-gen-ts/target/debug/build/protoc_gen_ts-8cec2bec66276c47/out/test_conformance/test_messages_proto2.ts:217:52)
    at file:///Users/thesayyn/Documents/thesayyn/protoc-gen-ts/tests/conformance/bin/main.ts:30:78

  protobuf_test_messages.proto3.TestAllTypesProto3 1
  Error: Failure: Decoder hit an error
    at Object.jspb.asserts.fail (https://cdn.skypack.dev/-/google-protobuf@v3.21.2-YDUqZL2TTSsy2lGtfuND/dist=es2019,mode=imports/optimized/google-protobuf.js:801:11)
    at jspb.BinaryReader.nextField (https://cdn.skypack.dev/-/google-protobuf@v3.21.2-YDUqZL2TTSsy2lGtfuND/dist=es2019,mode=imports/optimized/google-protobuf.js:4374:27)
    at Function.deserialize (file:///Users/thesayyn/Documents/thesayyn/protoc-gen-ts/target/debug/build/protoc_gen_ts-8cec2bec66276c47/out/test_conformance/test_messages_proto3.ts:169:18)
    at file:///Users/thesayyn/Documents/thesayyn/protoc-gen-ts/tests/conformance/bin/main.ts:23:78

  protobuf_test_messages.proto2.TestAllTypesProto2 1
  Error: Failure: Decoder hit an error
    at Object.jspb.asserts.fail (https://cdn.skypack.dev/-/google-protobuf@v3.21.2-YDUqZL2TTSsy2lGtfuND/dist=es2019,mode=imports/optimized/google-protobuf.js:801:11)
    at jspb.BinaryReader.nextField (https://cdn.skypack.dev/-/google-protobuf@v3.21.2-YDUqZL2TTSsy2lGtfuND/dist=es2019,mode=imports/optimized/google-protobuf.js:4374:27)
    at Function.deserialize (file:///Users/thesayyn/Documents/thesayyn/protoc-gen-ts/target/debug/build/protoc_gen_ts-8cec2bec66276c47/out/test_conformance/test_messages_proto2.ts:145:18)
    at file:///Users/thesayyn/Documents/thesayyn/protoc-gen-ts/tests/conformance/bin/main.ts:30:78

  protobuf_test_messages.proto3.TestAllTypesProto3 1
  Error: Failure: Failed to read varint, encoding is invalid.
    at Object.jspb.asserts.fail (https://cdn.skypack.dev/-/google-protobuf@v3.21.2-YDUqZL2TTSsy2lGtfuND/dist=es2019,mode=imports/optimized/google-protobuf.js:801:11)
    at jspb.BinaryDecoder.readSplitVarint64 (https://cdn.skypack.dev/-/google-protobuf@v3.21.2-YDUqZL2TTSsy2lGtfuND/dist=es2019,mode=imports/optimized/google-protobuf.js:4101:18)
    at jspb.BinaryDecoder.readSignedVarint64 (https://cdn.skypack.dev/-/google-protobuf@v3.21.2-YDUqZL2TTSsy2lGtfuND/dist=es2019,mode=imports/optimized/google-protobuf.js:4173:17)
    at jspb.BinaryReader.readInt64 (https://cdn.skypack.dev/-/google-protobuf@v3.21.2-YDUqZL2TTSsy2lGtfuND/dist=es2019,mode=imports/optimized/google-protobuf.js:4542:26)
    at Function.deserialize (file:///Users/thesayyn/Documents/thesayyn/protoc-gen-ts/target/debug/build/protoc_gen_ts-8cec2bec66276c47/out/test_conformance/test_messages_proto3.ts:175:49)
    at file:///Users/thesayyn/Documents/thesayyn/protoc-gen-ts/tests/conformance/bin/main.ts:23:78

  protobuf_test_messages.proto2.TestAllTypesProto2 1
  Error: Failure: Failed to read varint, encoding is invalid.
    at Object.jspb.asserts.fail (https://cdn.skypack.dev/-/google-protobuf@v3.21.2-YDUqZL2TTSsy2lGtfuND/dist=es2019,mode=imports/optimized/google-protobuf.js:801:11)
    at jspb.BinaryDecoder.readSplitVarint64 (https://cdn.skypack.dev/-/google-protobuf@v3.21.2-YDUqZL2TTSsy2lGtfuND/dist=es2019,mode=imports/optimized/google-protobuf.js:4101:18)
    at jspb.BinaryDecoder.readSignedVarint64 (https://cdn.skypack.dev/-/google-protobuf@v3.21.2-YDUqZL2TTSsy2lGtfuND/dist=es2019,mode=imports/optimized/google-protobuf.js:4173:17)
    at jspb.BinaryReader.readInt64 (https://cdn.skypack.dev/-/google-protobuf@v3.21.2-YDUqZL2TTSsy2lGtfuND/dist=es2019,mode=imports/optimized/google-protobuf.js:4542:26)
    at Function.deserialize (file:///Users/thesayyn/Documents/thesayyn/protoc-gen-ts/target/debug/build/protoc_gen_ts-8cec2bec66276c47/out/test_conformance/test_messages_proto2.ts:151:49)
    at file:///Users/thesayyn/Documents/thesayyn/protoc-gen-ts/tests/conformance/bin/main.ts:30:78

  protobuf_test_messages.proto3.TestAllTypesProto3 1
  Error: Failure: Failed to read varint, encoding is invalid.
    at Object.jspb.asserts.fail (https://cdn.skypack.dev/-/google-protobuf@v3.21.2-YDUqZL2TTSsy2lGtfuND/dist=es2019,mode=imports/optimized/google-protobuf.js:801:11)
    at jspb.BinaryDecoder.readSplitVarint64 (https://cdn.skypack.dev/-/google-protobuf@v3.21.2-YDUqZL2TTSsy2lGtfuND/dist=es2019,mode=imports/optimized/google-protobuf.js:4101:18)
    at jspb.BinaryDecoder.readSignedVarint64 (https://cdn.skypack.dev/-/google-protobuf@v3.21.2-YDUqZL2TTSsy2lGtfuND/dist=es2019,mode=imports/optimized/google-protobuf.js:4173:17)
    at jspb.BinaryReader.readInt64 (https://cdn.skypack.dev/-/google-protobuf@v3.21.2-YDUqZL2TTSsy2lGtfuND/dist=es2019,mode=imports/optimized/google-protobuf.js:4542:26)
    at Function.deserialize (file:///Users/thesayyn/Documents/thesayyn/protoc-gen-ts/target/debug/build/protoc_gen_ts-8cec2bec66276c47/out/test_conformance/test_messages_proto3.ts:246:57)
    at file:///Users/thesayyn/Documents/thesayyn/protoc-gen-ts/tests/conformance/bin/main.ts:23:78

  protobuf_test_messages.proto2.TestAllTypesProto2 1
  Error: Failure: Failed to read varint, encoding is invalid.
    at Object.jspb.asserts.fail (https://cdn.skypack.dev/-/google-protobuf@v3.21.2-YDUqZL2TTSsy2lGtfuND/dist=es2019,mode=imports/optimized/google-protobuf.js:801:11)
    at jspb.BinaryDecoder.readSplitVarint64 (https://cdn.skypack.dev/-/google-protobuf@v3.21.2-YDUqZL2TTSsy2lGtfuND/dist=es2019,mode=imports/optimized/google-protobuf.js:4101:18)
    at jspb.BinaryDecoder.readSignedVarint64 (https://cdn.skypack.dev/-/google-protobuf@v3.21.2-YDUqZL2TTSsy2lGtfuND/dist=es2019,mode=imports/optimized/google-protobuf.js:4173:17)
    at jspb.BinaryReader.readInt64 (https://cdn.skypack.dev/-/google-protobuf@v3.21.2-YDUqZL2TTSsy2lGtfuND/dist=es2019,mode=imports/optimized/google-protobuf.js:4542:26)
    at Function.deserialize (file:///Users/thesayyn/Documents/thesayyn/protoc-gen-ts/target/debug/build/protoc_gen_ts-8cec2bec66276c47/out/test_conformance/test_messages_proto2.ts:217:52)
    at file:///Users/thesayyn/Documents/thesayyn/protoc-gen-ts/tests/conformance/bin/main.ts:30:78

  protobuf_test_messages.proto3.TestAllTypesProto3 1
  Error: Failure: Decoder hit an error
    at Object.jspb.asserts.fail (https://cdn.skypack.dev/-/google-protobuf@v3.21.2-YDUqZL2TTSsy2lGtfuND/dist=es2019,mode=imports/optimized/google-protobuf.js:801:11)
    at jspb.BinaryReader.nextField (https://cdn.skypack.dev/-/google-protobuf@v3.21.2-YDUqZL2TTSsy2lGtfuND/dist=es2019,mode=imports/optimized/google-protobuf.js:4374:27)
    at Function.deserialize (file:///Users/thesayyn/Documents/thesayyn/protoc-gen-ts/target/debug/build/protoc_gen_ts-8cec2bec66276c47/out/test_conformance/test_messages_proto3.ts:169:18)
    at file:///Users/thesayyn/Documents/thesayyn/protoc-gen-ts/tests/conformance/bin/main.ts:23:78

  protobuf_test_messages.proto2.TestAllTypesProto2 1
  Error: Failure: Decoder hit an error
    at Object.jspb.asserts.fail (https://cdn.skypack.dev/-/google-protobuf@v3.21.2-YDUqZL2TTSsy2lGtfuND/dist=es2019,mode=imports/optimized/google-protobuf.js:801:11)
    at jspb.BinaryReader.nextField (https://cdn.skypack.dev/-/google-protobuf@v3.21.2-YDUqZL2TTSsy2lGtfuND/dist=es2019,mode=imports/optimized/google-protobuf.js:4374:27)
    at Function.deserialize (file:///Users/thesayyn/Documents/thesayyn/protoc-gen-ts/target/debug/build/protoc_gen_ts-8cec2bec66276c47/out/test_conformance/test_messages_proto2.ts:145:18)
    at file:///Users/thesayyn/Documents/thesayyn/protoc-gen-ts/tests/conformance/bin/main.ts:30:78

  protobuf_test_messages.proto3.TestAllTypesProto3 1
  Error: Failure: Failed to read varint, encoding is invalid.
    at Object.jspb.asserts.fail (https://cdn.skypack.dev/-/google-protobuf@v3.21.2-YDUqZL2TTSsy2lGtfuND/dist=es2019,mode=imports/optimized/google-protobuf.js:801:11)
    at jspb.BinaryDecoder.readSplitVarint64 (https://cdn.skypack.dev/-/google-protobuf@v3.21.2-YDUqZL2TTSsy2lGtfuND/dist=es2019,mode=imports/optimized/google-protobuf.js:4101:18)
    at jspb.BinaryDecoder.readSignedVarint64 (https://cdn.skypack.dev/-/google-protobuf@v3.21.2-YDUqZL2TTSsy2lGtfuND/dist=es2019,mode=imports/optimized/google-protobuf.js:4173:17)
    at jspb.BinaryReader.readPackedField_ (https://cdn.skypack.dev/-/google-protobuf@v3.21.2-YDUqZL2TTSsy2lGtfuND/dist=es2019,mode=imports/optimized/google-protobuf.js:4676:16)
    at jspb.BinaryReader.readPackedInt64 (https://cdn.skypack.dev/-/google-protobuf@v3.21.2-YDUqZL2TTSsy2lGtfuND/dist=es2019,mode=imports/optimized/google-protobuf.js:4687:17)
    at Function.deserialize (file:///Users/thesayyn/Documents/thesayyn/protoc-gen-ts/target/debug/build/protoc_gen_ts-8cec2bec66276c47/out/test_conformance/test_messages_proto3.ts:245:77)
    at file:///Users/thesayyn/Documents/thesayyn/protoc-gen-ts/tests/conformance/bin/main.ts:23:78

  protobuf_test_messages.proto2.TestAllTypesProto2 1
  Error: Assertion failed
    at Object.jspb.asserts.doAssertFailure (https://cdn.skypack.dev/-/google-protobuf@v3.21.2-YDUqZL2TTSsy2lGtfuND/dist=es2019,mode=imports/optimized/google-protobuf.js:778:11)
    at Object.jspb.asserts.assert (https://cdn.skypack.dev/-/google-protobuf@v3.21.2-YDUqZL2TTSsy2lGtfuND/dist=es2019,mode=imports/optimized/google-protobuf.js:783:23)
    at jspb.BinaryReader.readInt64 (https://cdn.skypack.dev/-/google-protobuf@v3.21.2-YDUqZL2TTSsy2lGtfuND/dist=es2019,mode=imports/optimized/google-protobuf.js:4541:18)
    at Function.deserialize (file:///Users/thesayyn/Documents/thesayyn/protoc-gen-ts/target/debug/build/protoc_gen_ts-8cec2bec66276c47/out/test_conformance/test_messages_proto2.ts:217:52)
    at file:///Users/thesayyn/Documents/thesayyn/protoc-gen-ts/tests/conformance/bin/main.ts:30:78

  protobuf_test_messages.proto3.TestAllTypesProto3 1
  Error: Failure: Failed to read varint, encoding is invalid.
    at Object.jspb.asserts.fail (https://cdn.skypack.dev/-/google-protobuf@v3.21.2-YDUqZL2TTSsy2lGtfuND/dist=es2019,mode=imports/optimized/google-protobuf.js:801:11)
    at jspb.BinaryDecoder.readSplitVarint64 (https://cdn.skypack.dev/-/google-protobuf@v3.21.2-YDUqZL2TTSsy2lGtfuND/dist=es2019,mode=imports/optimized/google-protobuf.js:4101:18)
    at jspb.BinaryDecoder.readSignedVarint64 (https://cdn.skypack.dev/-/google-protobuf@v3.21.2-YDUqZL2TTSsy2lGtfuND/dist=es2019,mode=imports/optimized/google-protobuf.js:4173:17)
    at jspb.BinaryReader.readPackedField_ (https://cdn.skypack.dev/-/google-protobuf@v3.21.2-YDUqZL2TTSsy2lGtfuND/dist=es2019,mode=imports/optimized/google-protobuf.js:4676:16)
    at jspb.BinaryReader.readPackedInt64 (https://cdn.skypack.dev/-/google-protobuf@v3.21.2-YDUqZL2TTSsy2lGtfuND/dist=es2019,mode=imports/optimized/google-protobuf.js:4687:17)
    at Function.deserialize (file:///Users/thesayyn/Documents/thesayyn/protoc-gen-ts/target/debug/build/protoc_gen_ts-8cec2bec66276c47/out/test_conformance/test_messages_proto3.ts:245:77)
    at file:///Users/thesayyn/Documents/thesayyn/protoc-gen-ts/tests/conformance/bin/main.ts:23:78

  protobuf_test_messages.proto2.TestAllTypesProto2 1
  Error: Assertion failed
    at Object.jspb.asserts.doAssertFailure (https://cdn.skypack.dev/-/google-protobuf@v3.21.2-YDUqZL2TTSsy2lGtfuND/dist=es2019,mode=imports/optimized/google-protobuf.js:778:11)
    at Object.jspb.asserts.assert (https://cdn.skypack.dev/-/google-protobuf@v3.21.2-YDUqZL2TTSsy2lGtfuND/dist=es2019,mode=imports/optimized/google-protobuf.js:783:23)
    at jspb.BinaryReader.readInt64 (https://cdn.skypack.dev/-/google-protobuf@v3.21.2-YDUqZL2TTSsy2lGtfuND/dist=es2019,mode=imports/optimized/google-protobuf.js:4541:18)
    at Function.deserialize (file:///Users/thesayyn/Documents/thesayyn/protoc-gen-ts/target/debug/build/protoc_gen_ts-8cec2bec66276c47/out/test_conformance/test_messages_proto2.ts:217:52)
    at file:///Users/thesayyn/Documents/thesayyn/protoc-gen-ts/tests/conformance/bin/main.ts:30:78

  protobuf_test_messages.proto3.TestAllTypesProto3 1
  Error: Failure: Failed to read varint, encoding is invalid.
    at Object.jspb.asserts.fail (https://cdn.skypack.dev/-/google-protobuf@v3.21.2-YDUqZL2TTSsy2lGtfuND/dist=es2019,mode=imports/optimized/google-protobuf.js:801:11)
    at jspb.BinaryDecoder.readSplitVarint64 (https://cdn.skypack.dev/-/google-protobuf@v3.21.2-YDUqZL2TTSsy2lGtfuND/dist=es2019,mode=imports/optimized/google-protobuf.js:4101:18)
    at jspb.BinaryDecoder.readUnsignedVarint64 (https://cdn.skypack.dev/-/google-protobuf@v3.21.2-YDUqZL2TTSsy2lGtfuND/dist=es2019,mode=imports/optimized/google-protobuf.js:4167:17)
    at jspb.BinaryReader.readUint64 (https://cdn.skypack.dev/-/google-protobuf@v3.21.2-YDUqZL2TTSsy2lGtfuND/dist=es2019,mode=imports/optimized/google-protobuf.js:4560:26)
    at Function.deserialize (file:///Users/thesayyn/Documents/thesayyn/protoc-gen-ts/target/debug/build/protoc_gen_ts-8cec2bec66276c47/out/test_conformance/test_messages_proto3.ts:181:50)
    at file:///Users/thesayyn/Documents/thesayyn/protoc-gen-ts/tests/conformance/bin/main.ts:23:78

  protobuf_test_messages.proto2.TestAllTypesProto2 1
  Error: Failure: Failed to read varint, encoding is invalid.
    at Object.jspb.asserts.fail (https://cdn.skypack.dev/-/google-protobuf@v3.21.2-YDUqZL2TTSsy2lGtfuND/dist=es2019,mode=imports/optimized/google-protobuf.js:801:11)
    at jspb.BinaryDecoder.readSplitVarint64 (https://cdn.skypack.dev/-/google-protobuf@v3.21.2-YDUqZL2TTSsy2lGtfuND/dist=es2019,mode=imports/optimized/google-protobuf.js:4101:18)
    at jspb.BinaryDecoder.readUnsignedVarint64 (https://cdn.skypack.dev/-/google-protobuf@v3.21.2-YDUqZL2TTSsy2lGtfuND/dist=es2019,mode=imports/optimized/google-protobuf.js:4167:17)
    at jspb.BinaryReader.readUint64 (https://cdn.skypack.dev/-/google-protobuf@v3.21.2-YDUqZL2TTSsy2lGtfuND/dist=es2019,mode=imports/optimized/google-protobuf.js:4560:26)
    at Function.deserialize (file:///Users/thesayyn/Documents/thesayyn/protoc-gen-ts/target/debug/build/protoc_gen_ts-8cec2bec66276c47/out/test_conformance/test_messages_proto2.ts:157:50)
    at file:///Users/thesayyn/Documents/thesayyn/protoc-gen-ts/tests/conformance/bin/main.ts:30:78

  protobuf_test_messages.proto3.TestAllTypesProto3 1
  Error: Failure: Failed to read varint, encoding is invalid.
    at Object.jspb.asserts.fail (https://cdn.skypack.dev/-/google-protobuf@v3.21.2-YDUqZL2TTSsy2lGtfuND/dist=es2019,mode=imports/optimized/google-protobuf.js:801:11)
    at jspb.BinaryDecoder.readSplitVarint64 (https://cdn.skypack.dev/-/google-protobuf@v3.21.2-YDUqZL2TTSsy2lGtfuND/dist=es2019,mode=imports/optimized/google-protobuf.js:4101:18)
    at jspb.BinaryDecoder.readUnsignedVarint64 (https://cdn.skypack.dev/-/google-protobuf@v3.21.2-YDUqZL2TTSsy2lGtfuND/dist=es2019,mode=imports/optimized/google-protobuf.js:4167:17)
    at jspb.BinaryReader.readUint64 (https://cdn.skypack.dev/-/google-protobuf@v3.21.2-YDUqZL2TTSsy2lGtfuND/dist=es2019,mode=imports/optimized/google-protobuf.js:4560:26)
    at Function.deserialize (file:///Users/thesayyn/Documents/thesayyn/protoc-gen-ts/target/debug/build/protoc_gen_ts-8cec2bec66276c47/out/test_conformance/test_messages_proto3.ts:254:58)
    at file:///Users/thesayyn/Documents/thesayyn/protoc-gen-ts/tests/conformance/bin/main.ts:23:78

  protobuf_test_messages.proto2.TestAllTypesProto2 1
  Error: Failure: Failed to read varint, encoding is invalid.
    at Object.jspb.asserts.fail (https://cdn.skypack.dev/-/google-protobuf@v3.21.2-YDUqZL2TTSsy2lGtfuND/dist=es2019,mode=imports/optimized/google-protobuf.js:801:11)
    at jspb.BinaryDecoder.readSplitVarint64 (https://cdn.skypack.dev/-/google-protobuf@v3.21.2-YDUqZL2TTSsy2lGtfuND/dist=es2019,mode=imports/optimized/google-protobuf.js:4101:18)
    at jspb.BinaryDecoder.readUnsignedVarint64 (https://cdn.skypack.dev/-/google-protobuf@v3.21.2-YDUqZL2TTSsy2lGtfuND/dist=es2019,mode=imports/optimized/google-protobuf.js:4167:17)
    at jspb.BinaryReader.readUint64 (https://cdn.skypack.dev/-/google-protobuf@v3.21.2-YDUqZL2TTSsy2lGtfuND/dist=es2019,mode=imports/optimized/google-protobuf.js:4560:26)
    at Function.deserialize (file:///Users/thesayyn/Documents/thesayyn/protoc-gen-ts/target/debug/build/protoc_gen_ts-8cec2bec66276c47/out/test_conformance/test_messages_proto2.ts:223:53)
    at file:///Users/thesayyn/Documents/thesayyn/protoc-gen-ts/tests/conformance/bin/main.ts:30:78

  protobuf_test_messages.proto3.TestAllTypesProto3 1
  Error: Failure: Decoder hit an error
    at Object.jspb.asserts.fail (https://cdn.skypack.dev/-/google-protobuf@v3.21.2-YDUqZL2TTSsy2lGtfuND/dist=es2019,mode=imports/optimized/google-protobuf.js:801:11)
    at jspb.BinaryReader.nextField (https://cdn.skypack.dev/-/google-protobuf@v3.21.2-YDUqZL2TTSsy2lGtfuND/dist=es2019,mode=imports/optimized/google-protobuf.js:4374:27)
    at Function.deserialize (file:///Users/thesayyn/Documents/thesayyn/protoc-gen-ts/target/debug/build/protoc_gen_ts-8cec2bec66276c47/out/test_conformance/test_messages_proto3.ts:169:18)
    at file:///Users/thesayyn/Documents/thesayyn/protoc-gen-ts/tests/conformance/bin/main.ts:23:78

  protobuf_test_messages.proto2.TestAllTypesProto2 1
  Error: Failure: Decoder hit an error
    at Object.jspb.asserts.fail (https://cdn.skypack.dev/-/google-protobuf@v3.21.2-YDUqZL2TTSsy2lGtfuND/dist=es2019,mode=imports/optimized/google-protobuf.js:801:11)
    at jspb.BinaryReader.nextField (https://cdn.skypack.dev/-/google-protobuf@v3.21.2-YDUqZL2TTSsy2lGtfuND/dist=es2019,mode=imports/optimized/google-protobuf.js:4374:27)
    at Function.deserialize (file:///Users/thesayyn/Documents/thesayyn/protoc-gen-ts/target/debug/build/protoc_gen_ts-8cec2bec66276c47/out/test_conformance/test_messages_proto2.ts:145:18)
    at file:///Users/thesayyn/Documents/thesayyn/protoc-gen-ts/tests/conformance/bin/main.ts:30:78

  protobuf_test_messages.proto3.TestAllTypesProto3 1
  Error: Failure: Failed to read varint, encoding is invalid.
    at Object.jspb.asserts.fail (https://cdn.skypack.dev/-/google-protobuf@v3.21.2-YDUqZL2TTSsy2lGtfuND/dist=es2019,mode=imports/optimized/google-protobuf.js:801:11)
    at jspb.BinaryDecoder.readSplitVarint64 (https://cdn.skypack.dev/-/google-protobuf@v3.21.2-YDUqZL2TTSsy2lGtfuND/dist=es2019,mode=imports/optimized/google-protobuf.js:4101:18)
    at jspb.BinaryDecoder.readUnsignedVarint64 (https://cdn.skypack.dev/-/google-protobuf@v3.21.2-YDUqZL2TTSsy2lGtfuND/dist=es2019,mode=imports/optimized/google-protobuf.js:4167:17)
    at jspb.BinaryReader.readUint64 (https://cdn.skypack.dev/-/google-protobuf@v3.21.2-YDUqZL2TTSsy2lGtfuND/dist=es2019,mode=imports/optimized/google-protobuf.js:4560:26)
    at Function.deserialize (file:///Users/thesayyn/Documents/thesayyn/protoc-gen-ts/target/debug/build/protoc_gen_ts-8cec2bec66276c47/out/test_conformance/test_messages_proto3.ts:181:50)
    at file:///Users/thesayyn/Documents/thesayyn/protoc-gen-ts/tests/conformance/bin/main.ts:23:78

  protobuf_test_messages.proto2.TestAllTypesProto2 1
  Error: Failure: Failed to read varint, encoding is invalid.
    at Object.jspb.asserts.fail (https://cdn.skypack.dev/-/google-protobuf@v3.21.2-YDUqZL2TTSsy2lGtfuND/dist=es2019,mode=imports/optimized/google-protobuf.js:801:11)
    at jspb.BinaryDecoder.readSplitVarint64 (https://cdn.skypack.dev/-/google-protobuf@v3.21.2-YDUqZL2TTSsy2lGtfuND/dist=es2019,mode=imports/optimized/google-protobuf.js:4101:18)
    at jspb.BinaryDecoder.readUnsignedVarint64 (https://cdn.skypack.dev/-/google-protobuf@v3.21.2-YDUqZL2TTSsy2lGtfuND/dist=es2019,mode=imports/optimized/google-protobuf.js:4167:17)
    at jspb.BinaryReader.readUint64 (https://cdn.skypack.dev/-/google-protobuf@v3.21.2-YDUqZL2TTSsy2lGtfuND/dist=es2019,mode=imports/optimized/google-protobuf.js:4560:26)
    at Function.deserialize (file:///Users/thesayyn/Documents/thesayyn/protoc-gen-ts/target/debug/build/protoc_gen_ts-8cec2bec66276c47/out/test_conformance/test_messages_proto2.ts:157:50)
    at file:///Users/thesayyn/Documents/thesayyn/protoc-gen-ts/tests/conformance/bin/main.ts:30:78

  protobuf_test_messages.proto3.TestAllTypesProto3 1
  Error: Failure: Failed to read varint, encoding is invalid.
    at Object.jspb.asserts.fail (https://cdn.skypack.dev/-/google-protobuf@v3.21.2-YDUqZL2TTSsy2lGtfuND/dist=es2019,mode=imports/optimized/google-protobuf.js:801:11)
    at jspb.BinaryDecoder.readSplitVarint64 (https://cdn.skypack.dev/-/google-protobuf@v3.21.2-YDUqZL2TTSsy2lGtfuND/dist=es2019,mode=imports/optimized/google-protobuf.js:4101:18)
    at jspb.BinaryDecoder.readUnsignedVarint64 (https://cdn.skypack.dev/-/google-protobuf@v3.21.2-YDUqZL2TTSsy2lGtfuND/dist=es2019,mode=imports/optimized/google-protobuf.js:4167:17)
    at jspb.BinaryReader.readUint64 (https://cdn.skypack.dev/-/google-protobuf@v3.21.2-YDUqZL2TTSsy2lGtfuND/dist=es2019,mode=imports/optimized/google-protobuf.js:4560:26)
    at Function.deserialize (file:///Users/thesayyn/Documents/thesayyn/protoc-gen-ts/target/debug/build/protoc_gen_ts-8cec2bec66276c47/out/test_conformance/test_messages_proto3.ts:254:58)
    at file:///Users/thesayyn/Documents/thesayyn/protoc-gen-ts/tests/conformance/bin/main.ts:23:78

  protobuf_test_messages.proto2.TestAllTypesProto2 1
  Error: Failure: Failed to read varint, encoding is invalid.
    at Object.jspb.asserts.fail (https://cdn.skypack.dev/-/google-protobuf@v3.21.2-YDUqZL2TTSsy2lGtfuND/dist=es2019,mode=imports/optimized/google-protobuf.js:801:11)
    at jspb.BinaryDecoder.readSplitVarint64 (https://cdn.skypack.dev/-/google-protobuf@v3.21.2-YDUqZL2TTSsy2lGtfuND/dist=es2019,mode=imports/optimized/google-protobuf.js:4101:18)
    at jspb.BinaryDecoder.readUnsignedVarint64 (https://cdn.skypack.dev/-/google-protobuf@v3.21.2-YDUqZL2TTSsy2lGtfuND/dist=es2019,mode=imports/optimized/google-protobuf.js:4167:17)
    at jspb.BinaryReader.readUint64 (https://cdn.skypack.dev/-/google-protobuf@v3.21.2-YDUqZL2TTSsy2lGtfuND/dist=es2019,mode=imports/optimized/google-protobuf.js:4560:26)
    at Function.deserialize (file:///Users/thesayyn/Documents/thesayyn/protoc-gen-ts/target/debug/build/protoc_gen_ts-8cec2bec66276c47/out/test_conformance/test_messages_proto2.ts:223:53)
    at file:///Users/thesayyn/Documents/thesayyn/protoc-gen-ts/tests/conformance/bin/main.ts:30:78

  protobuf_test_messages.proto3.TestAllTypesProto3 1
  Error: Failure: Decoder hit an error
    at Object.jspb.asserts.fail (https://cdn.skypack.dev/-/google-protobuf@v3.21.2-YDUqZL2TTSsy2lGtfuND/dist=es2019,mode=imports/optimized/google-protobuf.js:801:11)
    at jspb.BinaryReader.nextField (https://cdn.skypack.dev/-/google-protobuf@v3.21.2-YDUqZL2TTSsy2lGtfuND/dist=es2019,mode=imports/optimized/google-protobuf.js:4374:27)
    at Function.deserialize (file:///Users/thesayyn/Documents/thesayyn/protoc-gen-ts/target/debug/build/protoc_gen_ts-8cec2bec66276c47/out/test_conformance/test_messages_proto3.ts:169:18)
    at file:///Users/thesayyn/Documents/thesayyn/protoc-gen-ts/tests/conformance/bin/main.ts:23:78

  protobuf_test_messages.proto2.TestAllTypesProto2 1
  Error: Failure: Decoder hit an error
    at Object.jspb.asserts.fail (https://cdn.skypack.dev/-/google-protobuf@v3.21.2-YDUqZL2TTSsy2lGtfuND/dist=es2019,mode=imports/optimized/google-protobuf.js:801:11)
    at jspb.BinaryReader.nextField (https://cdn.skypack.dev/-/google-protobuf@v3.21.2-YDUqZL2TTSsy2lGtfuND/dist=es2019,mode=imports/optimized/google-protobuf.js:4374:27)
    at Function.deserialize (file:///Users/thesayyn/Documents/thesayyn/protoc-gen-ts/target/debug/build/protoc_gen_ts-8cec2bec66276c47/out/test_conformance/test_messages_proto2.ts:145:18)
    at file:///Users/thesayyn/Documents/thesayyn/protoc-gen-ts/tests/conformance/bin/main.ts:30:78

  protobuf_test_messages.proto3.TestAllTypesProto3 1
  Error: Failure: Failed to read varint, encoding is invalid.
    at Object.jspb.asserts.fail (https://cdn.skypack.dev/-/google-protobuf@v3.21.2-YDUqZL2TTSsy2lGtfuND/dist=es2019,mode=imports/optimized/google-protobuf.js:801:11)
    at jspb.BinaryDecoder.readSplitVarint64 (https://cdn.skypack.dev/-/google-protobuf@v3.21.2-YDUqZL2TTSsy2lGtfuND/dist=es2019,mode=imports/optimized/google-protobuf.js:4101:18)
    at jspb.BinaryDecoder.readUnsignedVarint64 (https://cdn.skypack.dev/-/google-protobuf@v3.21.2-YDUqZL2TTSsy2lGtfuND/dist=es2019,mode=imports/optimized/google-protobuf.js:4167:17)
    at jspb.BinaryReader.readPackedField_ (https://cdn.skypack.dev/-/google-protobuf@v3.21.2-YDUqZL2TTSsy2lGtfuND/dist=es2019,mode=imports/optimized/google-protobuf.js:4676:16)
    at jspb.BinaryReader.readPackedUint64 (https://cdn.skypack.dev/-/google-protobuf@v3.21.2-YDUqZL2TTSsy2lGtfuND/dist=es2019,mode=imports/optimized/google-protobuf.js:4701:17)
    at Function.deserialize (file:///Users/thesayyn/Documents/thesayyn/protoc-gen-ts/target/debug/build/protoc_gen_ts-8cec2bec66276c47/out/test_conformance/test_messages_proto3.ts:253:78)
    at file:///Users/thesayyn/Documents/thesayyn/protoc-gen-ts/tests/conformance/bin/main.ts:23:78

  protobuf_test_messages.proto2.TestAllTypesProto2 1
  Error: Assertion failed
    at Object.jspb.asserts.doAssertFailure (https://cdn.skypack.dev/-/google-protobuf@v3.21.2-YDUqZL2TTSsy2lGtfuND/dist=es2019,mode=imports/optimized/google-protobuf.js:778:11)
    at Object.jspb.asserts.assert (https://cdn.skypack.dev/-/google-protobuf@v3.21.2-YDUqZL2TTSsy2lGtfuND/dist=es2019,mode=imports/optimized/google-protobuf.js:783:23)
    at jspb.BinaryReader.readUint64 (https://cdn.skypack.dev/-/google-protobuf@v3.21.2-YDUqZL2TTSsy2lGtfuND/dist=es2019,mode=imports/optimized/google-protobuf.js:4559:18)
    at Function.deserialize (file:///Users/thesayyn/Documents/thesayyn/protoc-gen-ts/target/debug/build/protoc_gen_ts-8cec2bec66276c47/out/test_conformance/test_messages_proto2.ts:223:53)
    at file:///Users/thesayyn/Documents/thesayyn/protoc-gen-ts/tests/conformance/bin/main.ts:30:78

  protobuf_test_messages.proto3.TestAllTypesProto3 1
  Error: Failure: Failed to read varint, encoding is invalid.
    at Object.jspb.asserts.fail (https://cdn.skypack.dev/-/google-protobuf@v3.21.2-YDUqZL2TTSsy2lGtfuND/dist=es2019,mode=imports/optimized/google-protobuf.js:801:11)
    at jspb.BinaryDecoder.readSplitVarint64 (https://cdn.skypack.dev/-/google-protobuf@v3.21.2-YDUqZL2TTSsy2lGtfuND/dist=es2019,mode=imports/optimized/google-protobuf.js:4101:18)
    at jspb.BinaryDecoder.readUnsignedVarint64 (https://cdn.skypack.dev/-/google-protobuf@v3.21.2-YDUqZL2TTSsy2lGtfuND/dist=es2019,mode=imports/optimized/google-protobuf.js:4167:17)
    at jspb.BinaryReader.readPackedField_ (https://cdn.skypack.dev/-/google-protobuf@v3.21.2-YDUqZL2TTSsy2lGtfuND/dist=es2019,mode=imports/optimized/google-protobuf.js:4676:16)
    at jspb.BinaryReader.readPackedUint64 (https://cdn.skypack.dev/-/google-protobuf@v3.21.2-YDUqZL2TTSsy2lGtfuND/dist=es2019,mode=imports/optimized/google-protobuf.js:4701:17)
    at Function.deserialize (file:///Users/thesayyn/Documents/thesayyn/protoc-gen-ts/target/debug/build/protoc_gen_ts-8cec2bec66276c47/out/test_conformance/test_messages_proto3.ts:253:78)
    at file:///Users/thesayyn/Documents/thesayyn/protoc-gen-ts/tests/conformance/bin/main.ts:23:78

  protobuf_test_messages.proto2.TestAllTypesProto2 1
  Error: Assertion failed
    at Object.jspb.asserts.doAssertFailure (https://cdn.skypack.dev/-/google-protobuf@v3.21.2-YDUqZL2TTSsy2lGtfuND/dist=es2019,mode=imports/optimized/google-protobuf.js:778:11)
    at Object.jspb.asserts.assert (https://cdn.skypack.dev/-/google-protobuf@v3.21.2-YDUqZL2TTSsy2lGtfuND/dist=es2019,mode=imports/optimized/google-protobuf.js:783:23)
    at jspb.BinaryReader.readUint64 (https://cdn.skypack.dev/-/google-protobuf@v3.21.2-YDUqZL2TTSsy2lGtfuND/dist=es2019,mode=imports/optimized/google-protobuf.js:4559:18)
    at Function.deserialize (file:///Users/thesayyn/Documents/thesayyn/protoc-gen-ts/target/debug/build/protoc_gen_ts-8cec2bec66276c47/out/test_conformance/test_messages_proto2.ts:223:53)
    at file:///Users/thesayyn/Documents/thesayyn/protoc-gen-ts/tests/conformance/bin/main.ts:30:78

  protobuf_test_messages.proto3.TestAllTypesProto3 1
  Error: Assertion failed
    at Object.jspb.asserts.doAssertFailure (https://cdn.skypack.dev/-/google-protobuf@v3.21.2-YDUqZL2TTSsy2lGtfuND/dist=es2019,mode=imports/optimized/google-protobuf.js:778:11)
    at Object.jspb.asserts.assert (https://cdn.skypack.dev/-/google-protobuf@v3.21.2-YDUqZL2TTSsy2lGtfuND/dist=es2019,mode=imports/optimized/google-protobuf.js:783:23)
    at jspb.BinaryDecoder.readUnsignedVarint32 (https://cdn.skypack.dev/-/google-protobuf@v3.21.2-YDUqZL2TTSsy2lGtfuND/dist=es2019,mode=imports/optimized/google-protobuf.js:4150:18)
    at jspb.BinaryDecoder.readSignedVarint32 (https://cdn.skypack.dev/-/google-protobuf@v3.21.2-YDUqZL2TTSsy2lGtfuND/dist=es2019,mode=imports/optimized/google-protobuf.js:4154:19)
    at jspb.BinaryReader.readInt32 (https://cdn.skypack.dev/-/google-protobuf@v3.21.2-YDUqZL2TTSsy2lGtfuND/dist=es2019,mode=imports/optimized/google-protobuf.js:4533:26)
    at Function.deserialize (file:///Users/thesayyn/Documents/thesayyn/protoc-gen-ts/target/debug/build/protoc_gen_ts-8cec2bec66276c47/out/test_conformance/test_messages_proto3.ts:172:49)
    at file:///Users/thesayyn/Documents/thesayyn/protoc-gen-ts/tests/conformance/bin/main.ts:23:78

  protobuf_test_messages.proto2.TestAllTypesProto2 1
  Error: Assertion failed
    at Object.jspb.asserts.doAssertFailure (https://cdn.skypack.dev/-/google-protobuf@v3.21.2-YDUqZL2TTSsy2lGtfuND/dist=es2019,mode=imports/optimized/google-protobuf.js:778:11)
    at Object.jspb.asserts.assert (https://cdn.skypack.dev/-/google-protobuf@v3.21.2-YDUqZL2TTSsy2lGtfuND/dist=es2019,mode=imports/optimized/google-protobuf.js:783:23)
    at jspb.BinaryDecoder.readUnsignedVarint32 (https://cdn.skypack.dev/-/google-protobuf@v3.21.2-YDUqZL2TTSsy2lGtfuND/dist=es2019,mode=imports/optimized/google-protobuf.js:4150:18)
    at jspb.BinaryDecoder.readSignedVarint32 (https://cdn.skypack.dev/-/google-protobuf@v3.21.2-YDUqZL2TTSsy2lGtfuND/dist=es2019,mode=imports/optimized/google-protobuf.js:4154:19)
    at jspb.BinaryReader.readInt32 (https://cdn.skypack.dev/-/google-protobuf@v3.21.2-YDUqZL2TTSsy2lGtfuND/dist=es2019,mode=imports/optimized/google-protobuf.js:4533:26)
    at Function.deserialize (file:///Users/thesayyn/Documents/thesayyn/protoc-gen-ts/target/debug/build/protoc_gen_ts-8cec2bec66276c47/out/test_conformance/test_messages_proto2.ts:148:49)
    at file:///Users/thesayyn/Documents/thesayyn/protoc-gen-ts/tests/conformance/bin/main.ts:30:78

  protobuf_test_messages.proto3.TestAllTypesProto3 1
  Error: Assertion failed
    at Object.jspb.asserts.doAssertFailure (https://cdn.skypack.dev/-/google-protobuf@v3.21.2-YDUqZL2TTSsy2lGtfuND/dist=es2019,mode=imports/optimized/google-protobuf.js:778:11)
    at Object.jspb.asserts.assert (https://cdn.skypack.dev/-/google-protobuf@v3.21.2-YDUqZL2TTSsy2lGtfuND/dist=es2019,mode=imports/optimized/google-protobuf.js:783:23)
    at jspb.BinaryDecoder.readUnsignedVarint32 (https://cdn.skypack.dev/-/google-protobuf@v3.21.2-YDUqZL2TTSsy2lGtfuND/dist=es2019,mode=imports/optimized/google-protobuf.js:4150:18)
    at jspb.BinaryDecoder.readSignedVarint32 (https://cdn.skypack.dev/-/google-protobuf@v3.21.2-YDUqZL2TTSsy2lGtfuND/dist=es2019,mode=imports/optimized/google-protobuf.js:4154:19)
    at jspb.BinaryReader.readInt32 (https://cdn.skypack.dev/-/google-protobuf@v3.21.2-YDUqZL2TTSsy2lGtfuND/dist=es2019,mode=imports/optimized/google-protobuf.js:4533:26)
    at Function.deserialize (file:///Users/thesayyn/Documents/thesayyn/protoc-gen-ts/target/debug/build/protoc_gen_ts-8cec2bec66276c47/out/test_conformance/test_messages_proto3.ts:242:57)
    at file:///Users/thesayyn/Documents/thesayyn/protoc-gen-ts/tests/conformance/bin/main.ts:23:78

  protobuf_test_messages.proto2.TestAllTypesProto2 1
  Error: Assertion failed
    at Object.jspb.asserts.doAssertFailure (https://cdn.skypack.dev/-/google-protobuf@v3.21.2-YDUqZL2TTSsy2lGtfuND/dist=es2019,mode=imports/optimized/google-protobuf.js:778:11)
    at Object.jspb.asserts.assert (https://cdn.skypack.dev/-/google-protobuf@v3.21.2-YDUqZL2TTSsy2lGtfuND/dist=es2019,mode=imports/optimized/google-protobuf.js:783:23)
    at jspb.BinaryDecoder.readUnsignedVarint32 (https://cdn.skypack.dev/-/google-protobuf@v3.21.2-YDUqZL2TTSsy2lGtfuND/dist=es2019,mode=imports/optimized/google-protobuf.js:4150:18)
    at jspb.BinaryDecoder.readSignedVarint32 (https://cdn.skypack.dev/-/google-protobuf@v3.21.2-YDUqZL2TTSsy2lGtfuND/dist=es2019,mode=imports/optimized/google-protobuf.js:4154:19)
    at jspb.BinaryReader.readInt32 (https://cdn.skypack.dev/-/google-protobuf@v3.21.2-YDUqZL2TTSsy2lGtfuND/dist=es2019,mode=imports/optimized/google-protobuf.js:4533:26)
    at Function.deserialize (file:///Users/thesayyn/Documents/thesayyn/protoc-gen-ts/target/debug/build/protoc_gen_ts-8cec2bec66276c47/out/test_conformance/test_messages_proto2.ts:214:52)
    at file:///Users/thesayyn/Documents/thesayyn/protoc-gen-ts/tests/conformance/bin/main.ts:30:78

  protobuf_test_messages.proto3.TestAllTypesProto3 1
  Error: Failure: Decoder hit an error
    at Object.jspb.asserts.fail (https://cdn.skypack.dev/-/google-protobuf@v3.21.2-YDUqZL2TTSsy2lGtfuND/dist=es2019,mode=imports/optimized/google-protobuf.js:801:11)
    at jspb.BinaryReader.nextField (https://cdn.skypack.dev/-/google-protobuf@v3.21.2-YDUqZL2TTSsy2lGtfuND/dist=es2019,mode=imports/optimized/google-protobuf.js:4374:27)
    at Function.deserialize (file:///Users/thesayyn/Documents/thesayyn/protoc-gen-ts/target/debug/build/protoc_gen_ts-8cec2bec66276c47/out/test_conformance/test_messages_proto3.ts:169:18)
    at file:///Users/thesayyn/Documents/thesayyn/protoc-gen-ts/tests/conformance/bin/main.ts:23:78

  protobuf_test_messages.proto2.TestAllTypesProto2 1
  Error: Failure: Decoder hit an error
    at Object.jspb.asserts.fail (https://cdn.skypack.dev/-/google-protobuf@v3.21.2-YDUqZL2TTSsy2lGtfuND/dist=es2019,mode=imports/optimized/google-protobuf.js:801:11)
    at jspb.BinaryReader.nextField (https://cdn.skypack.dev/-/google-protobuf@v3.21.2-YDUqZL2TTSsy2lGtfuND/dist=es2019,mode=imports/optimized/google-protobuf.js:4374:27)
    at Function.deserialize (file:///Users/thesayyn/Documents/thesayyn/protoc-gen-ts/target/debug/build/protoc_gen_ts-8cec2bec66276c47/out/test_conformance/test_messages_proto2.ts:145:18)
    at file:///Users/thesayyn/Documents/thesayyn/protoc-gen-ts/tests/conformance/bin/main.ts:30:78

  protobuf_test_messages.proto3.TestAllTypesProto3 1
  Error: Assertion failed
    at Object.jspb.asserts.doAssertFailure (https://cdn.skypack.dev/-/google-protobuf@v3.21.2-YDUqZL2TTSsy2lGtfuND/dist=es2019,mode=imports/optimized/google-protobuf.js:778:11)
    at Object.jspb.asserts.assert (https://cdn.skypack.dev/-/google-protobuf@v3.21.2-YDUqZL2TTSsy2lGtfuND/dist=es2019,mode=imports/optimized/google-protobuf.js:783:23)
    at jspb.BinaryDecoder.readUnsignedVarint32 (https://cdn.skypack.dev/-/google-protobuf@v3.21.2-YDUqZL2TTSsy2lGtfuND/dist=es2019,mode=imports/optimized/google-protobuf.js:4150:18)
    at jspb.BinaryDecoder.readSignedVarint32 (https://cdn.skypack.dev/-/google-protobuf@v3.21.2-YDUqZL2TTSsy2lGtfuND/dist=es2019,mode=imports/optimized/google-protobuf.js:4154:19)
    at jspb.BinaryReader.readInt32 (https://cdn.skypack.dev/-/google-protobuf@v3.21.2-YDUqZL2TTSsy2lGtfuND/dist=es2019,mode=imports/optimized/google-protobuf.js:4533:26)
    at Function.deserialize (file:///Users/thesayyn/Documents/thesayyn/protoc-gen-ts/target/debug/build/protoc_gen_ts-8cec2bec66276c47/out/test_conformance/test_messages_proto3.ts:172:49)
    at file:///Users/thesayyn/Documents/thesayyn/protoc-gen-ts/tests/conformance/bin/main.ts:23:78

  protobuf_test_messages.proto2.TestAllTypesProto2 1
  Error: Assertion failed
    at Object.jspb.asserts.doAssertFailure (https://cdn.skypack.dev/-/google-protobuf@v3.21.2-YDUqZL2TTSsy2lGtfuND/dist=es2019,mode=imports/optimized/google-protobuf.js:778:11)
    at Object.jspb.asserts.assert (https://cdn.skypack.dev/-/google-protobuf@v3.21.2-YDUqZL2TTSsy2lGtfuND/dist=es2019,mode=imports/optimized/google-protobuf.js:783:23)
    at jspb.BinaryDecoder.readUnsignedVarint32 (https://cdn.skypack.dev/-/google-protobuf@v3.21.2-YDUqZL2TTSsy2lGtfuND/dist=es2019,mode=imports/optimized/google-protobuf.js:4150:18)
    at jspb.BinaryDecoder.readSignedVarint32 (https://cdn.skypack.dev/-/google-protobuf@v3.21.2-YDUqZL2TTSsy2lGtfuND/dist=es2019,mode=imports/optimized/google-protobuf.js:4154:19)
    at jspb.BinaryReader.readInt32 (https://cdn.skypack.dev/-/google-protobuf@v3.21.2-YDUqZL2TTSsy2lGtfuND/dist=es2019,mode=imports/optimized/google-protobuf.js:4533:26)
    at Function.deserialize (file:///Users/thesayyn/Documents/thesayyn/protoc-gen-ts/target/debug/build/protoc_gen_ts-8cec2bec66276c47/out/test_conformance/test_messages_proto2.ts:148:49)
    at file:///Users/thesayyn/Documents/thesayyn/protoc-gen-ts/tests/conformance/bin/main.ts:30:78

  protobuf_test_messages.proto3.TestAllTypesProto3 1
  Error: Assertion failed
    at Object.jspb.asserts.doAssertFailure (https://cdn.skypack.dev/-/google-protobuf@v3.21.2-YDUqZL2TTSsy2lGtfuND/dist=es2019,mode=imports/optimized/google-protobuf.js:778:11)
    at Object.jspb.asserts.assert (https://cdn.skypack.dev/-/google-protobuf@v3.21.2-YDUqZL2TTSsy2lGtfuND/dist=es2019,mode=imports/optimized/google-protobuf.js:783:23)
    at jspb.BinaryDecoder.readUnsignedVarint32 (https://cdn.skypack.dev/-/google-protobuf@v3.21.2-YDUqZL2TTSsy2lGtfuND/dist=es2019,mode=imports/optimized/google-protobuf.js:4150:18)
    at jspb.BinaryDecoder.readSignedVarint32 (https://cdn.skypack.dev/-/google-protobuf@v3.21.2-YDUqZL2TTSsy2lGtfuND/dist=es2019,mode=imports/optimized/google-protobuf.js:4154:19)
    at jspb.BinaryReader.readInt32 (https://cdn.skypack.dev/-/google-protobuf@v3.21.2-YDUqZL2TTSsy2lGtfuND/dist=es2019,mode=imports/optimized/google-protobuf.js:4533:26)
    at Function.deserialize (file:///Users/thesayyn/Documents/thesayyn/protoc-gen-ts/target/debug/build/protoc_gen_ts-8cec2bec66276c47/out/test_conformance/test_messages_proto3.ts:242:57)
    at file:///Users/thesayyn/Documents/thesayyn/protoc-gen-ts/tests/conformance/bin/main.ts:23:78

  protobuf_test_messages.proto2.TestAllTypesProto2 1
  Error: Assertion failed
    at Object.jspb.asserts.doAssertFailure (https://cdn.skypack.dev/-/google-protobuf@v3.21.2-YDUqZL2TTSsy2lGtfuND/dist=es2019,mode=imports/optimized/google-protobuf.js:778:11)
    at Object.jspb.asserts.assert (https://cdn.skypack.dev/-/google-protobuf@v3.21.2-YDUqZL2TTSsy2lGtfuND/dist=es2019,mode=imports/optimized/google-protobuf.js:783:23)
    at jspb.BinaryDecoder.readUnsignedVarint32 (https://cdn.skypack.dev/-/google-protobuf@v3.21.2-YDUqZL2TTSsy2lGtfuND/dist=es2019,mode=imports/optimized/google-protobuf.js:4150:18)
    at jspb.BinaryDecoder.readSignedVarint32 (https://cdn.skypack.dev/-/google-protobuf@v3.21.2-YDUqZL2TTSsy2lGtfuND/dist=es2019,mode=imports/optimized/google-protobuf.js:4154:19)
    at jspb.BinaryReader.readInt32 (https://cdn.skypack.dev/-/google-protobuf@v3.21.2-YDUqZL2TTSsy2lGtfuND/dist=es2019,mode=imports/optimized/google-protobuf.js:4533:26)
    at Function.deserialize (file:///Users/thesayyn/Documents/thesayyn/protoc-gen-ts/target/debug/build/protoc_gen_ts-8cec2bec66276c47/out/test_conformance/test_messages_proto2.ts:214:52)
    at file:///Users/thesayyn/Documents/thesayyn/protoc-gen-ts/tests/conformance/bin/main.ts:30:78

  protobuf_test_messages.proto3.TestAllTypesProto3 1
  Error: Failure: Decoder hit an error
    at Object.jspb.asserts.fail (https://cdn.skypack.dev/-/google-protobuf@v3.21.2-YDUqZL2TTSsy2lGtfuND/dist=es2019,mode=imports/optimized/google-protobuf.js:801:11)
    at jspb.BinaryReader.nextField (https://cdn.skypack.dev/-/google-protobuf@v3.21.2-YDUqZL2TTSsy2lGtfuND/dist=es2019,mode=imports/optimized/google-protobuf.js:4374:27)
    at Function.deserialize (file:///Users/thesayyn/Documents/thesayyn/protoc-gen-ts/target/debug/build/protoc_gen_ts-8cec2bec66276c47/out/test_conformance/test_messages_proto3.ts:169:18)
    at file:///Users/thesayyn/Documents/thesayyn/protoc-gen-ts/tests/conformance/bin/main.ts:23:78

  protobuf_test_messages.proto2.TestAllTypesProto2 1
  Error: Failure: Decoder hit an error
    at Object.jspb.asserts.fail (https://cdn.skypack.dev/-/google-protobuf@v3.21.2-YDUqZL2TTSsy2lGtfuND/dist=es2019,mode=imports/optimized/google-protobuf.js:801:11)
    at jspb.BinaryReader.nextField (https://cdn.skypack.dev/-/google-protobuf@v3.21.2-YDUqZL2TTSsy2lGtfuND/dist=es2019,mode=imports/optimized/google-protobuf.js:4374:27)
    at Function.deserialize (file:///Users/thesayyn/Documents/thesayyn/protoc-gen-ts/target/debug/build/protoc_gen_ts-8cec2bec66276c47/out/test_conformance/test_messages_proto2.ts:145:18)
    at file:///Users/thesayyn/Documents/thesayyn/protoc-gen-ts/tests/conformance/bin/main.ts:30:78

  protobuf_test_messages.proto3.TestAllTypesProto3 1
  Error: Assertion failed
    at Object.jspb.asserts.doAssertFailure (https://cdn.skypack.dev/-/google-protobuf@v3.21.2-YDUqZL2TTSsy2lGtfuND/dist=es2019,mode=imports/optimized/google-protobuf.js:778:11)
    at Object.jspb.asserts.assert (https://cdn.skypack.dev/-/google-protobuf@v3.21.2-YDUqZL2TTSsy2lGtfuND/dist=es2019,mode=imports/optimized/google-protobuf.js:783:23)
    at jspb.BinaryDecoder.readUnsignedVarint32 (https://cdn.skypack.dev/-/google-protobuf@v3.21.2-YDUqZL2TTSsy2lGtfuND/dist=es2019,mode=imports/optimized/google-protobuf.js:4150:18)
    at jspb.BinaryDecoder.readSignedVarint32 (https://cdn.skypack.dev/-/google-protobuf@v3.21.2-YDUqZL2TTSsy2lGtfuND/dist=es2019,mode=imports/optimized/google-protobuf.js:4154:19)
    at jspb.BinaryReader.readPackedField_ (https://cdn.skypack.dev/-/google-protobuf@v3.21.2-YDUqZL2TTSsy2lGtfuND/dist=es2019,mode=imports/optimized/google-protobuf.js:4676:16)
    at jspb.BinaryReader.readPackedInt32 (https://cdn.skypack.dev/-/google-protobuf@v3.21.2-YDUqZL2TTSsy2lGtfuND/dist=es2019,mode=imports/optimized/google-protobuf.js:4680:17)
    at Function.deserialize (file:///Users/thesayyn/Documents/thesayyn/protoc-gen-ts/target/debug/build/protoc_gen_ts-8cec2bec66276c47/out/test_conformance/test_messages_proto3.ts:241:77)
    at file:///Users/thesayyn/Documents/thesayyn/protoc-gen-ts/tests/conformance/bin/main.ts:23:78

  protobuf_test_messages.proto2.TestAllTypesProto2 1
  Error: Assertion failed
    at Object.jspb.asserts.doAssertFailure (https://cdn.skypack.dev/-/google-protobuf@v3.21.2-YDUqZL2TTSsy2lGtfuND/dist=es2019,mode=imports/optimized/google-protobuf.js:778:11)
    at Object.jspb.asserts.assert (https://cdn.skypack.dev/-/google-protobuf@v3.21.2-YDUqZL2TTSsy2lGtfuND/dist=es2019,mode=imports/optimized/google-protobuf.js:783:23)
    at jspb.BinaryReader.readInt32 (https://cdn.skypack.dev/-/google-protobuf@v3.21.2-YDUqZL2TTSsy2lGtfuND/dist=es2019,mode=imports/optimized/google-protobuf.js:4532:18)
    at Function.deserialize (file:///Users/thesayyn/Documents/thesayyn/protoc-gen-ts/target/debug/build/protoc_gen_ts-8cec2bec66276c47/out/test_conformance/test_messages_proto2.ts:214:52)
    at file:///Users/thesayyn/Documents/thesayyn/protoc-gen-ts/tests/conformance/bin/main.ts:30:78

  protobuf_test_messages.proto3.TestAllTypesProto3 1
  Error: Assertion failed
    at Object.jspb.asserts.doAssertFailure (https://cdn.skypack.dev/-/google-protobuf@v3.21.2-YDUqZL2TTSsy2lGtfuND/dist=es2019,mode=imports/optimized/google-protobuf.js:778:11)
    at Object.jspb.asserts.assert (https://cdn.skypack.dev/-/google-protobuf@v3.21.2-YDUqZL2TTSsy2lGtfuND/dist=es2019,mode=imports/optimized/google-protobuf.js:783:23)
    at jspb.BinaryDecoder.readUnsignedVarint32 (https://cdn.skypack.dev/-/google-protobuf@v3.21.2-YDUqZL2TTSsy2lGtfuND/dist=es2019,mode=imports/optimized/google-protobuf.js:4150:18)
    at jspb.BinaryDecoder.readSignedVarint32 (https://cdn.skypack.dev/-/google-protobuf@v3.21.2-YDUqZL2TTSsy2lGtfuND/dist=es2019,mode=imports/optimized/google-protobuf.js:4154:19)
    at jspb.BinaryReader.readPackedField_ (https://cdn.skypack.dev/-/google-protobuf@v3.21.2-YDUqZL2TTSsy2lGtfuND/dist=es2019,mode=imports/optimized/google-protobuf.js:4676:16)
    at jspb.BinaryReader.readPackedInt32 (https://cdn.skypack.dev/-/google-protobuf@v3.21.2-YDUqZL2TTSsy2lGtfuND/dist=es2019,mode=imports/optimized/google-protobuf.js:4680:17)
    at Function.deserialize (file:///Users/thesayyn/Documents/thesayyn/protoc-gen-ts/target/debug/build/protoc_gen_ts-8cec2bec66276c47/out/test_conformance/test_messages_proto3.ts:241:77)
    at file:///Users/thesayyn/Documents/thesayyn/protoc-gen-ts/tests/conformance/bin/main.ts:23:78

  protobuf_test_messages.proto2.TestAllTypesProto2 1
  Error: Assertion failed
    at Object.jspb.asserts.doAssertFailure (https://cdn.skypack.dev/-/google-protobuf@v3.21.2-YDUqZL2TTSsy2lGtfuND/dist=es2019,mode=imports/optimized/google-protobuf.js:778:11)
    at Object.jspb.asserts.assert (https://cdn.skypack.dev/-/google-protobuf@v3.21.2-YDUqZL2TTSsy2lGtfuND/dist=es2019,mode=imports/optimized/google-protobuf.js:783:23)
    at jspb.BinaryReader.readInt32 (https://cdn.skypack.dev/-/google-protobuf@v3.21.2-YDUqZL2TTSsy2lGtfuND/dist=es2019,mode=imports/optimized/google-protobuf.js:4532:18)
    at Function.deserialize (file:///Users/thesayyn/Documents/thesayyn/protoc-gen-ts/target/debug/build/protoc_gen_ts-8cec2bec66276c47/out/test_conformance/test_messages_proto2.ts:214:52)
    at file:///Users/thesayyn/Documents/thesayyn/protoc-gen-ts/tests/conformance/bin/main.ts:30:78

  protobuf_test_messages.proto3.TestAllTypesProto3 1
  Error: Assertion failed
    at Object.jspb.asserts.doAssertFailure (https://cdn.skypack.dev/-/google-protobuf@v3.21.2-YDUqZL2TTSsy2lGtfuND/dist=es2019,mode=imports/optimized/google-protobuf.js:778:11)
    at Object.jspb.asserts.assert (https://cdn.skypack.dev/-/google-protobuf@v3.21.2-YDUqZL2TTSsy2lGtfuND/dist=es2019,mode=imports/optimized/google-protobuf.js:783:23)
    at jspb.BinaryDecoder.readUint32 (https://cdn.skypack.dev/-/google-protobuf@v3.21.2-YDUqZL2TTSsy2lGtfuND/dist=es2019,mode=imports/optimized/google-protobuf.js:4202:18)
    at jspb.BinaryDecoder.readUint64 (https://cdn.skypack.dev/-/google-protobuf@v3.21.2-YDUqZL2TTSsy2lGtfuND/dist=es2019,mode=imports/optimized/google-protobuf.js:4206:18)
    at jspb.BinaryReader.readFixed64 (https://cdn.skypack.dev/-/google-protobuf@v3.21.2-YDUqZL2TTSsy2lGtfuND/dist=es2019,mode=imports/optimized/google-protobuf.js:4588:26)
    at Function.deserialize (file:///Users/thesayyn/Documents/thesayyn/protoc-gen-ts/target/debug/build/protoc_gen_ts-8cec2bec66276c47/out/test_conformance/test_messages_proto3.ts:193:51)
    at file:///Users/thesayyn/Documents/thesayyn/protoc-gen-ts/tests/conformance/bin/main.ts:23:78

  protobuf_test_messages.proto2.TestAllTypesProto2 1
  Error: Assertion failed
    at Object.jspb.asserts.doAssertFailure (https://cdn.skypack.dev/-/google-protobuf@v3.21.2-YDUqZL2TTSsy2lGtfuND/dist=es2019,mode=imports/optimized/google-protobuf.js:778:11)
    at Object.jspb.asserts.assert (https://cdn.skypack.dev/-/google-protobuf@v3.21.2-YDUqZL2TTSsy2lGtfuND/dist=es2019,mode=imports/optimized/google-protobuf.js:783:23)
    at jspb.BinaryDecoder.readUint32 (https://cdn.skypack.dev/-/google-protobuf@v3.21.2-YDUqZL2TTSsy2lGtfuND/dist=es2019,mode=imports/optimized/google-protobuf.js:4202:18)
    at jspb.BinaryDecoder.readUint64 (https://cdn.skypack.dev/-/google-protobuf@v3.21.2-YDUqZL2TTSsy2lGtfuND/dist=es2019,mode=imports/optimized/google-protobuf.js:4206:18)
    at jspb.BinaryReader.readFixed64 (https://cdn.skypack.dev/-/google-protobuf@v3.21.2-YDUqZL2TTSsy2lGtfuND/dist=es2019,mode=imports/optimized/google-protobuf.js:4588:26)
    at Function.deserialize (file:///Users/thesayyn/Documents/thesayyn/protoc-gen-ts/target/debug/build/protoc_gen_ts-8cec2bec66276c47/out/test_conformance/test_messages_proto2.ts:169:51)
    at file:///Users/thesayyn/Documents/thesayyn/protoc-gen-ts/tests/conformance/bin/main.ts:30:78

  protobuf_test_messages.proto3.TestAllTypesProto3 1
  Error: Assertion failed
    at Object.jspb.asserts.doAssertFailure (https://cdn.skypack.dev/-/google-protobuf@v3.21.2-YDUqZL2TTSsy2lGtfuND/dist=es2019,mode=imports/optimized/google-protobuf.js:778:11)
    at Object.jspb.asserts.assert (https://cdn.skypack.dev/-/google-protobuf@v3.21.2-YDUqZL2TTSsy2lGtfuND/dist=es2019,mode=imports/optimized/google-protobuf.js:783:23)
    at jspb.BinaryDecoder.readUint32 (https://cdn.skypack.dev/-/google-protobuf@v3.21.2-YDUqZL2TTSsy2lGtfuND/dist=es2019,mode=imports/optimized/google-protobuf.js:4202:18)
    at jspb.BinaryDecoder.readUint64 (https://cdn.skypack.dev/-/google-protobuf@v3.21.2-YDUqZL2TTSsy2lGtfuND/dist=es2019,mode=imports/optimized/google-protobuf.js:4206:18)
    at jspb.BinaryReader.readFixed64 (https://cdn.skypack.dev/-/google-protobuf@v3.21.2-YDUqZL2TTSsy2lGtfuND/dist=es2019,mode=imports/optimized/google-protobuf.js:4588:26)
    at Function.deserialize (file:///Users/thesayyn/Documents/thesayyn/protoc-gen-ts/target/debug/build/protoc_gen_ts-8cec2bec66276c47/out/test_conformance/test_messages_proto3.ts:270:59)
    at file:///Users/thesayyn/Documents/thesayyn/protoc-gen-ts/tests/conformance/bin/main.ts:23:78

  protobuf_test_messages.proto2.TestAllTypesProto2 1
  Error: Assertion failed
    at Object.jspb.asserts.doAssertFailure (https://cdn.skypack.dev/-/google-protobuf@v3.21.2-YDUqZL2TTSsy2lGtfuND/dist=es2019,mode=imports/optimized/google-protobuf.js:778:11)
    at Object.jspb.asserts.assert (https://cdn.skypack.dev/-/google-protobuf@v3.21.2-YDUqZL2TTSsy2lGtfuND/dist=es2019,mode=imports/optimized/google-protobuf.js:783:23)
    at jspb.BinaryDecoder.readUint32 (https://cdn.skypack.dev/-/google-protobuf@v3.21.2-YDUqZL2TTSsy2lGtfuND/dist=es2019,mode=imports/optimized/google-protobuf.js:4202:18)
    at jspb.BinaryDecoder.readUint64 (https://cdn.skypack.dev/-/google-protobuf@v3.21.2-YDUqZL2TTSsy2lGtfuND/dist=es2019,mode=imports/optimized/google-protobuf.js:4206:18)
    at jspb.BinaryReader.readFixed64 (https://cdn.skypack.dev/-/google-protobuf@v3.21.2-YDUqZL2TTSsy2lGtfuND/dist=es2019,mode=imports/optimized/google-protobuf.js:4588:26)
    at Function.deserialize (file:///Users/thesayyn/Documents/thesayyn/protoc-gen-ts/target/debug/build/protoc_gen_ts-8cec2bec66276c47/out/test_conformance/test_messages_proto2.ts:235:54)
    at file:///Users/thesayyn/Documents/thesayyn/protoc-gen-ts/tests/conformance/bin/main.ts:30:78

  protobuf_test_messages.proto3.TestAllTypesProto3 1
  Error: Assertion failed
    at Object.jspb.asserts.doAssertFailure (https://cdn.skypack.dev/-/google-protobuf@v3.21.2-YDUqZL2TTSsy2lGtfuND/dist=es2019,mode=imports/optimized/google-protobuf.js:778:11)
    at Object.jspb.asserts.assert (https://cdn.skypack.dev/-/google-protobuf@v3.21.2-YDUqZL2TTSsy2lGtfuND/dist=es2019,mode=imports/optimized/google-protobuf.js:783:23)
    at jspb.BinaryDecoder.advance (https://cdn.skypack.dev/-/google-protobuf@v3.21.2-YDUqZL2TTSsy2lGtfuND/dist=es2019,mode=imports/optimized/google-protobuf.js:4081:18)
    at jspb.BinaryReader.skipFixed64Field (https://cdn.skypack.dev/-/google-protobuf@v3.21.2-YDUqZL2TTSsy2lGtfuND/dist=es2019,mode=imports/optimized/google-protobuf.js:4409:163)
    at jspb.BinaryReader.skipField (https://cdn.skypack.dev/-/google-protobuf@v3.21.2-YDUqZL2TTSsy2lGtfuND/dist=es2019,mode=imports/optimized/google-protobuf.js:4432:14)
    at Function.deserialize (file:///Users/thesayyn/Documents/thesayyn/protoc-gen-ts/target/debug/build/protoc_gen_ts-8cec2bec66276c47/out/test_conformance/test_messages_proto3.ts:958:24)
    at file:///Users/thesayyn/Documents/thesayyn/protoc-gen-ts/tests/conformance/bin/main.ts:23:78

  protobuf_test_messages.proto2.TestAllTypesProto2 1
  Error: Assertion failed
    at Object.jspb.asserts.doAssertFailure (https://cdn.skypack.dev/-/google-protobuf@v3.21.2-YDUqZL2TTSsy2lGtfuND/dist=es2019,mode=imports/optimized/google-protobuf.js:778:11)
    at Object.jspb.asserts.assert (https://cdn.skypack.dev/-/google-protobuf@v3.21.2-YDUqZL2TTSsy2lGtfuND/dist=es2019,mode=imports/optimized/google-protobuf.js:783:23)
    at jspb.BinaryDecoder.advance (https://cdn.skypack.dev/-/google-protobuf@v3.21.2-YDUqZL2TTSsy2lGtfuND/dist=es2019,mode=imports/optimized/google-protobuf.js:4081:18)
    at jspb.BinaryReader.skipFixed64Field (https://cdn.skypack.dev/-/google-protobuf@v3.21.2-YDUqZL2TTSsy2lGtfuND/dist=es2019,mode=imports/optimized/google-protobuf.js:4409:163)
    at jspb.BinaryReader.skipField (https://cdn.skypack.dev/-/google-protobuf@v3.21.2-YDUqZL2TTSsy2lGtfuND/dist=es2019,mode=imports/optimized/google-protobuf.js:4432:14)
    at Function.deserialize (file:///Users/thesayyn/Documents/thesayyn/protoc-gen-ts/target/debug/build/protoc_gen_ts-8cec2bec66276c47/out/test_conformance/test_messages_proto2.ts:865:24)
    at file:///Users/thesayyn/Documents/thesayyn/protoc-gen-ts/tests/conformance/bin/main.ts:30:78

  protobuf_test_messages.proto3.TestAllTypesProto3 1
  Error: Assertion failed
    at Object.jspb.asserts.doAssertFailure (https://cdn.skypack.dev/-/google-protobuf@v3.21.2-YDUqZL2TTSsy2lGtfuND/dist=es2019,mode=imports/optimized/google-protobuf.js:778:11)
    at Object.jspb.asserts.assert (https://cdn.skypack.dev/-/google-protobuf@v3.21.2-YDUqZL2TTSsy2lGtfuND/dist=es2019,mode=imports/optimized/google-protobuf.js:783:23)
    at jspb.BinaryDecoder.readUint32 (https://cdn.skypack.dev/-/google-protobuf@v3.21.2-YDUqZL2TTSsy2lGtfuND/dist=es2019,mode=imports/optimized/google-protobuf.js:4202:18)
    at jspb.BinaryDecoder.readUint64 (https://cdn.skypack.dev/-/google-protobuf@v3.21.2-YDUqZL2TTSsy2lGtfuND/dist=es2019,mode=imports/optimized/google-protobuf.js:4206:41)
    at jspb.BinaryReader.readFixed64 (https://cdn.skypack.dev/-/google-protobuf@v3.21.2-YDUqZL2TTSsy2lGtfuND/dist=es2019,mode=imports/optimized/google-protobuf.js:4588:26)
    at Function.deserialize (file:///Users/thesayyn/Documents/thesayyn/protoc-gen-ts/target/debug/build/protoc_gen_ts-8cec2bec66276c47/out/test_conformance/test_messages_proto3.ts:193:51)
    at file:///Users/thesayyn/Documents/thesayyn/protoc-gen-ts/tests/conformance/bin/main.ts:23:78

  protobuf_test_messages.proto2.TestAllTypesProto2 1
  Error: Assertion failed
    at Object.jspb.asserts.doAssertFailure (https://cdn.skypack.dev/-/google-protobuf@v3.21.2-YDUqZL2TTSsy2lGtfuND/dist=es2019,mode=imports/optimized/google-protobuf.js:778:11)
    at Object.jspb.asserts.assert (https://cdn.skypack.dev/-/google-protobuf@v3.21.2-YDUqZL2TTSsy2lGtfuND/dist=es2019,mode=imports/optimized/google-protobuf.js:783:23)
    at jspb.BinaryDecoder.readUint32 (https://cdn.skypack.dev/-/google-protobuf@v3.21.2-YDUqZL2TTSsy2lGtfuND/dist=es2019,mode=imports/optimized/google-protobuf.js:4202:18)
    at jspb.BinaryDecoder.readUint64 (https://cdn.skypack.dev/-/google-protobuf@v3.21.2-YDUqZL2TTSsy2lGtfuND/dist=es2019,mode=imports/optimized/google-protobuf.js:4206:41)
    at jspb.BinaryReader.readFixed64 (https://cdn.skypack.dev/-/google-protobuf@v3.21.2-YDUqZL2TTSsy2lGtfuND/dist=es2019,mode=imports/optimized/google-protobuf.js:4588:26)
    at Function.deserialize (file:///Users/thesayyn/Documents/thesayyn/protoc-gen-ts/target/debug/build/protoc_gen_ts-8cec2bec66276c47/out/test_conformance/test_messages_proto2.ts:169:51)
    at file:///Users/thesayyn/Documents/thesayyn/protoc-gen-ts/tests/conformance/bin/main.ts:30:78

  protobuf_test_messages.proto3.TestAllTypesProto3 1
  Error: Assertion failed
    at Object.jspb.asserts.doAssertFailure (https://cdn.skypack.dev/-/google-protobuf@v3.21.2-YDUqZL2TTSsy2lGtfuND/dist=es2019,mode=imports/optimized/google-protobuf.js:778:11)
    at Object.jspb.asserts.assert (https://cdn.skypack.dev/-/google-protobuf@v3.21.2-YDUqZL2TTSsy2lGtfuND/dist=es2019,mode=imports/optimized/google-protobuf.js:783:23)
    at jspb.BinaryDecoder.readUint32 (https://cdn.skypack.dev/-/google-protobuf@v3.21.2-YDUqZL2TTSsy2lGtfuND/dist=es2019,mode=imports/optimized/google-protobuf.js:4202:18)
    at jspb.BinaryDecoder.readUint64 (https://cdn.skypack.dev/-/google-protobuf@v3.21.2-YDUqZL2TTSsy2lGtfuND/dist=es2019,mode=imports/optimized/google-protobuf.js:4206:41)
    at jspb.BinaryReader.readFixed64 (https://cdn.skypack.dev/-/google-protobuf@v3.21.2-YDUqZL2TTSsy2lGtfuND/dist=es2019,mode=imports/optimized/google-protobuf.js:4588:26)
    at Function.deserialize (file:///Users/thesayyn/Documents/thesayyn/protoc-gen-ts/target/debug/build/protoc_gen_ts-8cec2bec66276c47/out/test_conformance/test_messages_proto3.ts:270:59)
    at file:///Users/thesayyn/Documents/thesayyn/protoc-gen-ts/tests/conformance/bin/main.ts:23:78

  protobuf_test_messages.proto2.TestAllTypesProto2 1
  Error: Assertion failed
    at Object.jspb.asserts.doAssertFailure (https://cdn.skypack.dev/-/google-protobuf@v3.21.2-YDUqZL2TTSsy2lGtfuND/dist=es2019,mode=imports/optimized/google-protobuf.js:778:11)
    at Object.jspb.asserts.assert (https://cdn.skypack.dev/-/google-protobuf@v3.21.2-YDUqZL2TTSsy2lGtfuND/dist=es2019,mode=imports/optimized/google-protobuf.js:783:23)
    at jspb.BinaryDecoder.readUint32 (https://cdn.skypack.dev/-/google-protobuf@v3.21.2-YDUqZL2TTSsy2lGtfuND/dist=es2019,mode=imports/optimized/google-protobuf.js:4202:18)
    at jspb.BinaryDecoder.readUint64 (https://cdn.skypack.dev/-/google-protobuf@v3.21.2-YDUqZL2TTSsy2lGtfuND/dist=es2019,mode=imports/optimized/google-protobuf.js:4206:41)
    at jspb.BinaryReader.readFixed64 (https://cdn.skypack.dev/-/google-protobuf@v3.21.2-YDUqZL2TTSsy2lGtfuND/dist=es2019,mode=imports/optimized/google-protobuf.js:4588:26)
    at Function.deserialize (file:///Users/thesayyn/Documents/thesayyn/protoc-gen-ts/target/debug/build/protoc_gen_ts-8cec2bec66276c47/out/test_conformance/test_messages_proto2.ts:235:54)
    at file:///Users/thesayyn/Documents/thesayyn/protoc-gen-ts/tests/conformance/bin/main.ts:30:78

  protobuf_test_messages.proto3.TestAllTypesProto3 1
  Error: Assertion failed
    at Object.jspb.asserts.doAssertFailure (https://cdn.skypack.dev/-/google-protobuf@v3.21.2-YDUqZL2TTSsy2lGtfuND/dist=es2019,mode=imports/optimized/google-protobuf.js:778:11)
    at Object.jspb.asserts.assert (https://cdn.skypack.dev/-/google-protobuf@v3.21.2-YDUqZL2TTSsy2lGtfuND/dist=es2019,mode=imports/optimized/google-protobuf.js:783:23)
    at jspb.BinaryDecoder.advance (https://cdn.skypack.dev/-/google-protobuf@v3.21.2-YDUqZL2TTSsy2lGtfuND/dist=es2019,mode=imports/optimized/google-protobuf.js:4081:18)
    at jspb.BinaryReader.skipFixed64Field (https://cdn.skypack.dev/-/google-protobuf@v3.21.2-YDUqZL2TTSsy2lGtfuND/dist=es2019,mode=imports/optimized/google-protobuf.js:4409:163)
    at jspb.BinaryReader.skipField (https://cdn.skypack.dev/-/google-protobuf@v3.21.2-YDUqZL2TTSsy2lGtfuND/dist=es2019,mode=imports/optimized/google-protobuf.js:4432:14)
    at Function.deserialize (file:///Users/thesayyn/Documents/thesayyn/protoc-gen-ts/target/debug/build/protoc_gen_ts-8cec2bec66276c47/out/test_conformance/test_messages_proto3.ts:958:24)
    at file:///Users/thesayyn/Documents/thesayyn/protoc-gen-ts/tests/conformance/bin/main.ts:23:78

  protobuf_test_messages.proto2.TestAllTypesProto2 1
  Error: Assertion failed
    at Object.jspb.asserts.doAssertFailure (https://cdn.skypack.dev/-/google-protobuf@v3.21.2-YDUqZL2TTSsy2lGtfuND/dist=es2019,mode=imports/optimized/google-protobuf.js:778:11)
    at Object.jspb.asserts.assert (https://cdn.skypack.dev/-/google-protobuf@v3.21.2-YDUqZL2TTSsy2lGtfuND/dist=es2019,mode=imports/optimized/google-protobuf.js:783:23)
    at jspb.BinaryDecoder.advance (https://cdn.skypack.dev/-/google-protobuf@v3.21.2-YDUqZL2TTSsy2lGtfuND/dist=es2019,mode=imports/optimized/google-protobuf.js:4081:18)
    at jspb.BinaryReader.skipFixed64Field (https://cdn.skypack.dev/-/google-protobuf@v3.21.2-YDUqZL2TTSsy2lGtfuND/dist=es2019,mode=imports/optimized/google-protobuf.js:4409:163)
    at jspb.BinaryReader.skipField (https://cdn.skypack.dev/-/google-protobuf@v3.21.2-YDUqZL2TTSsy2lGtfuND/dist=es2019,mode=imports/optimized/google-protobuf.js:4432:14)
    at Function.deserialize (file:///Users/thesayyn/Documents/thesayyn/protoc-gen-ts/target/debug/build/protoc_gen_ts-8cec2bec66276c47/out/test_conformance/test_messages_proto2.ts:865:24)
    at file:///Users/thesayyn/Documents/thesayyn/protoc-gen-ts/tests/conformance/bin/main.ts:30:78

  protobuf_test_messages.proto3.TestAllTypesProto3 1
  Error: Assertion failed
    at Object.jspb.asserts.doAssertFailure (https://cdn.skypack.dev/-/google-protobuf@v3.21.2-YDUqZL2TTSsy2lGtfuND/dist=es2019,mode=imports/optimized/google-protobuf.js:778:11)
    at Object.jspb.asserts.assert (https://cdn.skypack.dev/-/google-protobuf@v3.21.2-YDUqZL2TTSsy2lGtfuND/dist=es2019,mode=imports/optimized/google-protobuf.js:783:23)
    at jspb.BinaryDecoder.readUint32 (https://cdn.skypack.dev/-/google-protobuf@v3.21.2-YDUqZL2TTSsy2lGtfuND/dist=es2019,mode=imports/optimized/google-protobuf.js:4202:18)
    at jspb.BinaryDecoder.readUint64 (https://cdn.skypack.dev/-/google-protobuf@v3.21.2-YDUqZL2TTSsy2lGtfuND/dist=es2019,mode=imports/optimized/google-protobuf.js:4206:41)
    at jspb.BinaryReader.readPackedField_ (https://cdn.skypack.dev/-/google-protobuf@v3.21.2-YDUqZL2TTSsy2lGtfuND/dist=es2019,mode=imports/optimized/google-protobuf.js:4676:16)
    at jspb.BinaryReader.readPackedFixed64 (https://cdn.skypack.dev/-/google-protobuf@v3.21.2-YDUqZL2TTSsy2lGtfuND/dist=es2019,mode=imports/optimized/google-protobuf.js:4723:17)
    at Function.deserialize (file:///Users/thesayyn/Documents/thesayyn/protoc-gen-ts/target/debug/build/protoc_gen_ts-8cec2bec66276c47/out/test_conformance/test_messages_proto3.ts:269:79)
    at file:///Users/thesayyn/Documents/thesayyn/protoc-gen-ts/tests/conformance/bin/main.ts:23:78

  protobuf_test_messages.proto2.TestAllTypesProto2 1
  Error: Assertion failed
    at Object.jspb.asserts.doAssertFailure (https://cdn.skypack.dev/-/google-protobuf@v3.21.2-YDUqZL2TTSsy2lGtfuND/dist=es2019,mode=imports/optimized/google-protobuf.js:778:11)
    at Object.jspb.asserts.assert (https://cdn.skypack.dev/-/google-protobuf@v3.21.2-YDUqZL2TTSsy2lGtfuND/dist=es2019,mode=imports/optimized/google-protobuf.js:783:23)
    at jspb.BinaryReader.readFixed64 (https://cdn.skypack.dev/-/google-protobuf@v3.21.2-YDUqZL2TTSsy2lGtfuND/dist=es2019,mode=imports/optimized/google-protobuf.js:4587:18)
    at Function.deserialize (file:///Users/thesayyn/Documents/thesayyn/protoc-gen-ts/target/debug/build/protoc_gen_ts-8cec2bec66276c47/out/test_conformance/test_messages_proto2.ts:235:54)
    at file:///Users/thesayyn/Documents/thesayyn/protoc-gen-ts/tests/conformance/bin/main.ts:30:78

  protobuf_test_messages.proto3.TestAllTypesProto3 1
  Error: Assertion failed
    at Object.jspb.asserts.doAssertFailure (https://cdn.skypack.dev/-/google-protobuf@v3.21.2-YDUqZL2TTSsy2lGtfuND/dist=es2019,mode=imports/optimized/google-protobuf.js:778:11)
    at Object.jspb.asserts.assert (https://cdn.skypack.dev/-/google-protobuf@v3.21.2-YDUqZL2TTSsy2lGtfuND/dist=es2019,mode=imports/optimized/google-protobuf.js:783:23)
    at jspb.BinaryDecoder.readUint32 (https://cdn.skypack.dev/-/google-protobuf@v3.21.2-YDUqZL2TTSsy2lGtfuND/dist=es2019,mode=imports/optimized/google-protobuf.js:4202:18)
    at jspb.BinaryDecoder.readUint64 (https://cdn.skypack.dev/-/google-protobuf@v3.21.2-YDUqZL2TTSsy2lGtfuND/dist=es2019,mode=imports/optimized/google-protobuf.js:4206:18)
    at jspb.BinaryReader.readPackedField_ (https://cdn.skypack.dev/-/google-protobuf@v3.21.2-YDUqZL2TTSsy2lGtfuND/dist=es2019,mode=imports/optimized/google-protobuf.js:4676:16)
    at jspb.BinaryReader.readPackedFixed64 (https://cdn.skypack.dev/-/google-protobuf@v3.21.2-YDUqZL2TTSsy2lGtfuND/dist=es2019,mode=imports/optimized/google-protobuf.js:4723:17)
    at Function.deserialize (file:///Users/thesayyn/Documents/thesayyn/protoc-gen-ts/target/debug/build/protoc_gen_ts-8cec2bec66276c47/out/test_conformance/test_messages_proto3.ts:269:79)
    at file:///Users/thesayyn/Documents/thesayyn/protoc-gen-ts/tests/conformance/bin/main.ts:23:78

  protobuf_test_messages.proto2.TestAllTypesProto2 1
  Error: Assertion failed
    at Object.jspb.asserts.doAssertFailure (https://cdn.skypack.dev/-/google-protobuf@v3.21.2-YDUqZL2TTSsy2lGtfuND/dist=es2019,mode=imports/optimized/google-protobuf.js:778:11)
    at Object.jspb.asserts.assert (https://cdn.skypack.dev/-/google-protobuf@v3.21.2-YDUqZL2TTSsy2lGtfuND/dist=es2019,mode=imports/optimized/google-protobuf.js:783:23)
    at jspb.BinaryReader.readFixed64 (https://cdn.skypack.dev/-/google-protobuf@v3.21.2-YDUqZL2TTSsy2lGtfuND/dist=es2019,mode=imports/optimized/google-protobuf.js:4587:18)
    at Function.deserialize (file:///Users/thesayyn/Documents/thesayyn/protoc-gen-ts/target/debug/build/protoc_gen_ts-8cec2bec66276c47/out/test_conformance/test_messages_proto2.ts:235:54)
    at file:///Users/thesayyn/Documents/thesayyn/protoc-gen-ts/tests/conformance/bin/main.ts:30:78

  protobuf_test_messages.proto3.TestAllTypesProto3 1
  Error: Assertion failed
    at Object.jspb.asserts.doAssertFailure (https://cdn.skypack.dev/-/google-protobuf@v3.21.2-YDUqZL2TTSsy2lGtfuND/dist=es2019,mode=imports/optimized/google-protobuf.js:778:11)
    at Object.jspb.asserts.assert (https://cdn.skypack.dev/-/google-protobuf@v3.21.2-YDUqZL2TTSsy2lGtfuND/dist=es2019,mode=imports/optimized/google-protobuf.js:783:23)
    at jspb.BinaryDecoder.readUint32 (https://cdn.skypack.dev/-/google-protobuf@v3.21.2-YDUqZL2TTSsy2lGtfuND/dist=es2019,mode=imports/optimized/google-protobuf.js:4202:18)
    at jspb.BinaryReader.readFixed32 (https://cdn.skypack.dev/-/google-protobuf@v3.21.2-YDUqZL2TTSsy2lGtfuND/dist=es2019,mode=imports/optimized/google-protobuf.js:4583:26)
    at Function.deserialize (file:///Users/thesayyn/Documents/thesayyn/protoc-gen-ts/target/debug/build/protoc_gen_ts-8cec2bec66276c47/out/test_conformance/test_messages_proto3.ts:190:51)
    at file:///Users/thesayyn/Documents/thesayyn/protoc-gen-ts/tests/conformance/bin/main.ts:23:78

  protobuf_test_messages.proto2.TestAllTypesProto2 1
  Error: Assertion failed
    at Object.jspb.asserts.doAssertFailure (https://cdn.skypack.dev/-/google-protobuf@v3.21.2-YDUqZL2TTSsy2lGtfuND/dist=es2019,mode=imports/optimized/google-protobuf.js:778:11)
    at Object.jspb.asserts.assert (https://cdn.skypack.dev/-/google-protobuf@v3.21.2-YDUqZL2TTSsy2lGtfuND/dist=es2019,mode=imports/optimized/google-protobuf.js:783:23)
    at jspb.BinaryDecoder.readUint32 (https://cdn.skypack.dev/-/google-protobuf@v3.21.2-YDUqZL2TTSsy2lGtfuND/dist=es2019,mode=imports/optimized/google-protobuf.js:4202:18)
    at jspb.BinaryReader.readFixed32 (https://cdn.skypack.dev/-/google-protobuf@v3.21.2-YDUqZL2TTSsy2lGtfuND/dist=es2019,mode=imports/optimized/google-protobuf.js:4583:26)
    at Function.deserialize (file:///Users/thesayyn/Documents/thesayyn/protoc-gen-ts/target/debug/build/protoc_gen_ts-8cec2bec66276c47/out/test_conformance/test_messages_proto2.ts:166:51)
    at file:///Users/thesayyn/Documents/thesayyn/protoc-gen-ts/tests/conformance/bin/main.ts:30:78

  protobuf_test_messages.proto3.TestAllTypesProto3 1
  Error: Assertion failed
    at Object.jspb.asserts.doAssertFailure (https://cdn.skypack.dev/-/google-protobuf@v3.21.2-YDUqZL2TTSsy2lGtfuND/dist=es2019,mode=imports/optimized/google-protobuf.js:778:11)
    at Object.jspb.asserts.assert (https://cdn.skypack.dev/-/google-protobuf@v3.21.2-YDUqZL2TTSsy2lGtfuND/dist=es2019,mode=imports/optimized/google-protobuf.js:783:23)
    at jspb.BinaryDecoder.readUint32 (https://cdn.skypack.dev/-/google-protobuf@v3.21.2-YDUqZL2TTSsy2lGtfuND/dist=es2019,mode=imports/optimized/google-protobuf.js:4202:18)
    at jspb.BinaryReader.readFixed32 (https://cdn.skypack.dev/-/google-protobuf@v3.21.2-YDUqZL2TTSsy2lGtfuND/dist=es2019,mode=imports/optimized/google-protobuf.js:4583:26)
    at Function.deserialize (file:///Users/thesayyn/Documents/thesayyn/protoc-gen-ts/target/debug/build/protoc_gen_ts-8cec2bec66276c47/out/test_conformance/test_messages_proto3.ts:266:59)
    at file:///Users/thesayyn/Documents/thesayyn/protoc-gen-ts/tests/conformance/bin/main.ts:23:78

  protobuf_test_messages.proto2.TestAllTypesProto2 1
  Error: Assertion failed
    at Object.jspb.asserts.doAssertFailure (https://cdn.skypack.dev/-/google-protobuf@v3.21.2-YDUqZL2TTSsy2lGtfuND/dist=es2019,mode=imports/optimized/google-protobuf.js:778:11)
    at Object.jspb.asserts.assert (https://cdn.skypack.dev/-/google-protobuf@v3.21.2-YDUqZL2TTSsy2lGtfuND/dist=es2019,mode=imports/optimized/google-protobuf.js:783:23)
    at jspb.BinaryDecoder.readUint32 (https://cdn.skypack.dev/-/google-protobuf@v3.21.2-YDUqZL2TTSsy2lGtfuND/dist=es2019,mode=imports/optimized/google-protobuf.js:4202:18)
    at jspb.BinaryReader.readFixed32 (https://cdn.skypack.dev/-/google-protobuf@v3.21.2-YDUqZL2TTSsy2lGtfuND/dist=es2019,mode=imports/optimized/google-protobuf.js:4583:26)
    at Function.deserialize (file:///Users/thesayyn/Documents/thesayyn/protoc-gen-ts/target/debug/build/protoc_gen_ts-8cec2bec66276c47/out/test_conformance/test_messages_proto2.ts:232:54)
    at file:///Users/thesayyn/Documents/thesayyn/protoc-gen-ts/tests/conformance/bin/main.ts:30:78

  protobuf_test_messages.proto3.TestAllTypesProto3 1
  Error: Assertion failed
    at Object.jspb.asserts.doAssertFailure (https://cdn.skypack.dev/-/google-protobuf@v3.21.2-YDUqZL2TTSsy2lGtfuND/dist=es2019,mode=imports/optimized/google-protobuf.js:778:11)
    at Object.jspb.asserts.assert (https://cdn.skypack.dev/-/google-protobuf@v3.21.2-YDUqZL2TTSsy2lGtfuND/dist=es2019,mode=imports/optimized/google-protobuf.js:783:23)
    at jspb.BinaryDecoder.advance (https://cdn.skypack.dev/-/google-protobuf@v3.21.2-YDUqZL2TTSsy2lGtfuND/dist=es2019,mode=imports/optimized/google-protobuf.js:4081:18)
    at jspb.BinaryReader.skipFixed32Field (https://cdn.skypack.dev/-/google-protobuf@v3.21.2-YDUqZL2TTSsy2lGtfuND/dist=es2019,mode=imports/optimized/google-protobuf.js:4406:163)
    at jspb.BinaryReader.skipField (https://cdn.skypack.dev/-/google-protobuf@v3.21.2-YDUqZL2TTSsy2lGtfuND/dist=es2019,mode=imports/optimized/google-protobuf.js:4438:14)
    at Function.deserialize (file:///Users/thesayyn/Documents/thesayyn/protoc-gen-ts/target/debug/build/protoc_gen_ts-8cec2bec66276c47/out/test_conformance/test_messages_proto3.ts:958:24)
    at file:///Users/thesayyn/Documents/thesayyn/protoc-gen-ts/tests/conformance/bin/main.ts:23:78

  protobuf_test_messages.proto2.TestAllTypesProto2 1
  Error: Assertion failed
    at Object.jspb.asserts.doAssertFailure (https://cdn.skypack.dev/-/google-protobuf@v3.21.2-YDUqZL2TTSsy2lGtfuND/dist=es2019,mode=imports/optimized/google-protobuf.js:778:11)
    at Object.jspb.asserts.assert (https://cdn.skypack.dev/-/google-protobuf@v3.21.2-YDUqZL2TTSsy2lGtfuND/dist=es2019,mode=imports/optimized/google-protobuf.js:783:23)
    at jspb.BinaryDecoder.advance (https://cdn.skypack.dev/-/google-protobuf@v3.21.2-YDUqZL2TTSsy2lGtfuND/dist=es2019,mode=imports/optimized/google-protobuf.js:4081:18)
    at jspb.BinaryReader.skipFixed32Field (https://cdn.skypack.dev/-/google-protobuf@v3.21.2-YDUqZL2TTSsy2lGtfuND/dist=es2019,mode=imports/optimized/google-protobuf.js:4406:163)
    at jspb.BinaryReader.skipField (https://cdn.skypack.dev/-/google-protobuf@v3.21.2-YDUqZL2TTSsy2lGtfuND/dist=es2019,mode=imports/optimized/google-protobuf.js:4438:14)
    at Function.deserialize (file:///Users/thesayyn/Documents/thesayyn/protoc-gen-ts/target/debug/build/protoc_gen_ts-8cec2bec66276c47/out/test_conformance/test_messages_proto2.ts:865:24)
    at file:///Users/thesayyn/Documents/thesayyn/protoc-gen-ts/tests/conformance/bin/main.ts:30:78

  protobuf_test_messages.proto3.TestAllTypesProto3 1
  Error: Assertion failed
    at Object.jspb.asserts.doAssertFailure (https://cdn.skypack.dev/-/google-protobuf@v3.21.2-YDUqZL2TTSsy2lGtfuND/dist=es2019,mode=imports/optimized/google-protobuf.js:778:11)
    at Object.jspb.asserts.assert (https://cdn.skypack.dev/-/google-protobuf@v3.21.2-YDUqZL2TTSsy2lGtfuND/dist=es2019,mode=imports/optimized/google-protobuf.js:783:23)
    at jspb.BinaryDecoder.readUint32 (https://cdn.skypack.dev/-/google-protobuf@v3.21.2-YDUqZL2TTSsy2lGtfuND/dist=es2019,mode=imports/optimized/google-protobuf.js:4202:18)
    at jspb.BinaryReader.readFixed32 (https://cdn.skypack.dev/-/google-protobuf@v3.21.2-YDUqZL2TTSsy2lGtfuND/dist=es2019,mode=imports/optimized/google-protobuf.js:4583:26)
    at Function.deserialize (file:///Users/thesayyn/Documents/thesayyn/protoc-gen-ts/target/debug/build/protoc_gen_ts-8cec2bec66276c47/out/test_conformance/test_messages_proto3.ts:190:51)
    at file:///Users/thesayyn/Documents/thesayyn/protoc-gen-ts/tests/conformance/bin/main.ts:23:78

  protobuf_test_messages.proto2.TestAllTypesProto2 1
  Error: Assertion failed
    at Object.jspb.asserts.doAssertFailure (https://cdn.skypack.dev/-/google-protobuf@v3.21.2-YDUqZL2TTSsy2lGtfuND/dist=es2019,mode=imports/optimized/google-protobuf.js:778:11)
    at Object.jspb.asserts.assert (https://cdn.skypack.dev/-/google-protobuf@v3.21.2-YDUqZL2TTSsy2lGtfuND/dist=es2019,mode=imports/optimized/google-protobuf.js:783:23)
    at jspb.BinaryDecoder.readUint32 (https://cdn.skypack.dev/-/google-protobuf@v3.21.2-YDUqZL2TTSsy2lGtfuND/dist=es2019,mode=imports/optimized/google-protobuf.js:4202:18)
    at jspb.BinaryReader.readFixed32 (https://cdn.skypack.dev/-/google-protobuf@v3.21.2-YDUqZL2TTSsy2lGtfuND/dist=es2019,mode=imports/optimized/google-protobuf.js:4583:26)
    at Function.deserialize (file:///Users/thesayyn/Documents/thesayyn/protoc-gen-ts/target/debug/build/protoc_gen_ts-8cec2bec66276c47/out/test_conformance/test_messages_proto2.ts:166:51)
    at file:///Users/thesayyn/Documents/thesayyn/protoc-gen-ts/tests/conformance/bin/main.ts:30:78

  protobuf_test_messages.proto3.TestAllTypesProto3 1
  Error: Assertion failed
    at Object.jspb.asserts.doAssertFailure (https://cdn.skypack.dev/-/google-protobuf@v3.21.2-YDUqZL2TTSsy2lGtfuND/dist=es2019,mode=imports/optimized/google-protobuf.js:778:11)
    at Object.jspb.asserts.assert (https://cdn.skypack.dev/-/google-protobuf@v3.21.2-YDUqZL2TTSsy2lGtfuND/dist=es2019,mode=imports/optimized/google-protobuf.js:783:23)
    at jspb.BinaryDecoder.readUint32 (https://cdn.skypack.dev/-/google-protobuf@v3.21.2-YDUqZL2TTSsy2lGtfuND/dist=es2019,mode=imports/optimized/google-protobuf.js:4202:18)
    at jspb.BinaryReader.readFixed32 (https://cdn.skypack.dev/-/google-protobuf@v3.21.2-YDUqZL2TTSsy2lGtfuND/dist=es2019,mode=imports/optimized/google-protobuf.js:4583:26)
    at Function.deserialize (file:///Users/thesayyn/Documents/thesayyn/protoc-gen-ts/target/debug/build/protoc_gen_ts-8cec2bec66276c47/out/test_conformance/test_messages_proto3.ts:266:59)
    at file:///Users/thesayyn/Documents/thesayyn/protoc-gen-ts/tests/conformance/bin/main.ts:23:78

  protobuf_test_messages.proto2.TestAllTypesProto2 1
  Error: Assertion failed
    at Object.jspb.asserts.doAssertFailure (https://cdn.skypack.dev/-/google-protobuf@v3.21.2-YDUqZL2TTSsy2lGtfuND/dist=es2019,mode=imports/optimized/google-protobuf.js:778:11)
    at Object.jspb.asserts.assert (https://cdn.skypack.dev/-/google-protobuf@v3.21.2-YDUqZL2TTSsy2lGtfuND/dist=es2019,mode=imports/optimized/google-protobuf.js:783:23)
    at jspb.BinaryDecoder.readUint32 (https://cdn.skypack.dev/-/google-protobuf@v3.21.2-YDUqZL2TTSsy2lGtfuND/dist=es2019,mode=imports/optimized/google-protobuf.js:4202:18)
    at jspb.BinaryReader.readFixed32 (https://cdn.skypack.dev/-/google-protobuf@v3.21.2-YDUqZL2TTSsy2lGtfuND/dist=es2019,mode=imports/optimized/google-protobuf.js:4583:26)
    at Function.deserialize (file:///Users/thesayyn/Documents/thesayyn/protoc-gen-ts/target/debug/build/protoc_gen_ts-8cec2bec66276c47/out/test_conformance/test_messages_proto2.ts:232:54)
    at file:///Users/thesayyn/Documents/thesayyn/protoc-gen-ts/tests/conformance/bin/main.ts:30:78

  protobuf_test_messages.proto3.TestAllTypesProto3 1
  Error: Assertion failed
    at Object.jspb.asserts.doAssertFailure (https://cdn.skypack.dev/-/google-protobuf@v3.21.2-YDUqZL2TTSsy2lGtfuND/dist=es2019,mode=imports/optimized/google-protobuf.js:778:11)
    at Object.jspb.asserts.assert (https://cdn.skypack.dev/-/google-protobuf@v3.21.2-YDUqZL2TTSsy2lGtfuND/dist=es2019,mode=imports/optimized/google-protobuf.js:783:23)
    at jspb.BinaryDecoder.advance (https://cdn.skypack.dev/-/google-protobuf@v3.21.2-YDUqZL2TTSsy2lGtfuND/dist=es2019,mode=imports/optimized/google-protobuf.js:4081:18)
    at jspb.BinaryReader.skipFixed32Field (https://cdn.skypack.dev/-/google-protobuf@v3.21.2-YDUqZL2TTSsy2lGtfuND/dist=es2019,mode=imports/optimized/google-protobuf.js:4406:163)
    at jspb.BinaryReader.skipField (https://cdn.skypack.dev/-/google-protobuf@v3.21.2-YDUqZL2TTSsy2lGtfuND/dist=es2019,mode=imports/optimized/google-protobuf.js:4438:14)
    at Function.deserialize (file:///Users/thesayyn/Documents/thesayyn/protoc-gen-ts/target/debug/build/protoc_gen_ts-8cec2bec66276c47/out/test_conformance/test_messages_proto3.ts:958:24)
    at file:///Users/thesayyn/Documents/thesayyn/protoc-gen-ts/tests/conformance/bin/main.ts:23:78

  protobuf_test_messages.proto2.TestAllTypesProto2 1
  Error: Assertion failed
    at Object.jspb.asserts.doAssertFailure (https://cdn.skypack.dev/-/google-protobuf@v3.21.2-YDUqZL2TTSsy2lGtfuND/dist=es2019,mode=imports/optimized/google-protobuf.js:778:11)
    at Object.jspb.asserts.assert (https://cdn.skypack.dev/-/google-protobuf@v3.21.2-YDUqZL2TTSsy2lGtfuND/dist=es2019,mode=imports/optimized/google-protobuf.js:783:23)
    at jspb.BinaryDecoder.advance (https://cdn.skypack.dev/-/google-protobuf@v3.21.2-YDUqZL2TTSsy2lGtfuND/dist=es2019,mode=imports/optimized/google-protobuf.js:4081:18)
    at jspb.BinaryReader.skipFixed32Field (https://cdn.skypack.dev/-/google-protobuf@v3.21.2-YDUqZL2TTSsy2lGtfuND/dist=es2019,mode=imports/optimized/google-protobuf.js:4406:163)
    at jspb.BinaryReader.skipField (https://cdn.skypack.dev/-/google-protobuf@v3.21.2-YDUqZL2TTSsy2lGtfuND/dist=es2019,mode=imports/optimized/google-protobuf.js:4438:14)
    at Function.deserialize (file:///Users/thesayyn/Documents/thesayyn/protoc-gen-ts/target/debug/build/protoc_gen_ts-8cec2bec66276c47/out/test_conformance/test_messages_proto2.ts:865:24)
    at file:///Users/thesayyn/Documents/thesayyn/protoc-gen-ts/tests/conformance/bin/main.ts:30:78

  protobuf_test_messages.proto3.TestAllTypesProto3 1
  Error: Assertion failed
    at Object.jspb.asserts.doAssertFailure (https://cdn.skypack.dev/-/google-protobuf@v3.21.2-YDUqZL2TTSsy2lGtfuND/dist=es2019,mode=imports/optimized/google-protobuf.js:778:11)
    at Object.jspb.asserts.assert (https://cdn.skypack.dev/-/google-protobuf@v3.21.2-YDUqZL2TTSsy2lGtfuND/dist=es2019,mode=imports/optimized/google-protobuf.js:783:23)
    at jspb.BinaryDecoder.readUint32 (https://cdn.skypack.dev/-/google-protobuf@v3.21.2-YDUqZL2TTSsy2lGtfuND/dist=es2019,mode=imports/optimized/google-protobuf.js:4202:18)
    at jspb.BinaryReader.readPackedField_ (https://cdn.skypack.dev/-/google-protobuf@v3.21.2-YDUqZL2TTSsy2lGtfuND/dist=es2019,mode=imports/optimized/google-protobuf.js:4676:16)
    at jspb.BinaryReader.readPackedFixed32 (https://cdn.skypack.dev/-/google-protobuf@v3.21.2-YDUqZL2TTSsy2lGtfuND/dist=es2019,mode=imports/optimized/google-protobuf.js:4719:17)
    at Function.deserialize (file:///Users/thesayyn/Documents/thesayyn/protoc-gen-ts/target/debug/build/protoc_gen_ts-8cec2bec66276c47/out/test_conformance/test_messages_proto3.ts:265:79)
    at file:///Users/thesayyn/Documents/thesayyn/protoc-gen-ts/tests/conformance/bin/main.ts:23:78

  protobuf_test_messages.proto2.TestAllTypesProto2 1
  Error: Assertion failed
    at Object.jspb.asserts.doAssertFailure (https://cdn.skypack.dev/-/google-protobuf@v3.21.2-YDUqZL2TTSsy2lGtfuND/dist=es2019,mode=imports/optimized/google-protobuf.js:778:11)
    at Object.jspb.asserts.assert (https://cdn.skypack.dev/-/google-protobuf@v3.21.2-YDUqZL2TTSsy2lGtfuND/dist=es2019,mode=imports/optimized/google-protobuf.js:783:23)
    at jspb.BinaryReader.readFixed32 (https://cdn.skypack.dev/-/google-protobuf@v3.21.2-YDUqZL2TTSsy2lGtfuND/dist=es2019,mode=imports/optimized/google-protobuf.js:4582:18)
    at Function.deserialize (file:///Users/thesayyn/Documents/thesayyn/protoc-gen-ts/target/debug/build/protoc_gen_ts-8cec2bec66276c47/out/test_conformance/test_messages_proto2.ts:232:54)
    at file:///Users/thesayyn/Documents/thesayyn/protoc-gen-ts/tests/conformance/bin/main.ts:30:78

  protobuf_test_messages.proto3.TestAllTypesProto3 1
  Error: Assertion failed
    at Object.jspb.asserts.doAssertFailure (https://cdn.skypack.dev/-/google-protobuf@v3.21.2-YDUqZL2TTSsy2lGtfuND/dist=es2019,mode=imports/optimized/google-protobuf.js:778:11)
    at Object.jspb.asserts.assert (https://cdn.skypack.dev/-/google-protobuf@v3.21.2-YDUqZL2TTSsy2lGtfuND/dist=es2019,mode=imports/optimized/google-protobuf.js:783:23)
    at jspb.BinaryDecoder.readUint32 (https://cdn.skypack.dev/-/google-protobuf@v3.21.2-YDUqZL2TTSsy2lGtfuND/dist=es2019,mode=imports/optimized/google-protobuf.js:4202:18)
    at jspb.BinaryReader.readPackedField_ (https://cdn.skypack.dev/-/google-protobuf@v3.21.2-YDUqZL2TTSsy2lGtfuND/dist=es2019,mode=imports/optimized/google-protobuf.js:4676:16)
    at jspb.BinaryReader.readPackedFixed32 (https://cdn.skypack.dev/-/google-protobuf@v3.21.2-YDUqZL2TTSsy2lGtfuND/dist=es2019,mode=imports/optimized/google-protobuf.js:4719:17)
    at Function.deserialize (file:///Users/thesayyn/Documents/thesayyn/protoc-gen-ts/target/debug/build/protoc_gen_ts-8cec2bec66276c47/out/test_conformance/test_messages_proto3.ts:265:79)
    at file:///Users/thesayyn/Documents/thesayyn/protoc-gen-ts/tests/conformance/bin/main.ts:23:78

  protobuf_test_messages.proto2.TestAllTypesProto2 1
  Error: Assertion failed
    at Object.jspb.asserts.doAssertFailure (https://cdn.skypack.dev/-/google-protobuf@v3.21.2-YDUqZL2TTSsy2lGtfuND/dist=es2019,mode=imports/optimized/google-protobuf.js:778:11)
    at Object.jspb.asserts.assert (https://cdn.skypack.dev/-/google-protobuf@v3.21.2-YDUqZL2TTSsy2lGtfuND/dist=es2019,mode=imports/optimized/google-protobuf.js:783:23)
    at jspb.BinaryReader.readFixed32 (https://cdn.skypack.dev/-/google-protobuf@v3.21.2-YDUqZL2TTSsy2lGtfuND/dist=es2019,mode=imports/optimized/google-protobuf.js:4582:18)
    at Function.deserialize (file:///Users/thesayyn/Documents/thesayyn/protoc-gen-ts/target/debug/build/protoc_gen_ts-8cec2bec66276c47/out/test_conformance/test_messages_proto2.ts:232:54)
    at file:///Users/thesayyn/Documents/thesayyn/protoc-gen-ts/tests/conformance/bin/main.ts:30:78

  protobuf_test_messages.proto3.TestAllTypesProto3 1
  Error: Assertion failed
    at Object.jspb.asserts.doAssertFailure (https://cdn.skypack.dev/-/google-protobuf@v3.21.2-YDUqZL2TTSsy2lGtfuND/dist=es2019,mode=imports/optimized/google-protobuf.js:778:11)
    at Object.jspb.asserts.assert (https://cdn.skypack.dev/-/google-protobuf@v3.21.2-YDUqZL2TTSsy2lGtfuND/dist=es2019,mode=imports/optimized/google-protobuf.js:783:23)
    at jspb.BinaryDecoder.readUnsignedVarint32 (https://cdn.skypack.dev/-/google-protobuf@v3.21.2-YDUqZL2TTSsy2lGtfuND/dist=es2019,mode=imports/optimized/google-protobuf.js:4150:18)
    at jspb.BinaryReader.readBool (https://cdn.skypack.dev/-/google-protobuf@v3.21.2-YDUqZL2TTSsy2lGtfuND/dist=es2019,mode=imports/optimized/google-protobuf.js:4625:28)
    at Function.deserialize (file:///Users/thesayyn/Documents/thesayyn/protoc-gen-ts/target/debug/build/protoc_gen_ts-8cec2bec66276c47/out/test_conformance/test_messages_proto3.ts:208:48)
    at file:///Users/thesayyn/Documents/thesayyn/protoc-gen-ts/tests/conformance/bin/main.ts:23:78

  protobuf_test_messages.proto2.TestAllTypesProto2 1
  Error: Assertion failed
    at Object.jspb.asserts.doAssertFailure (https://cdn.skypack.dev/-/google-protobuf@v3.21.2-YDUqZL2TTSsy2lGtfuND/dist=es2019,mode=imports/optimized/google-protobuf.js:778:11)
    at Object.jspb.asserts.assert (https://cdn.skypack.dev/-/google-protobuf@v3.21.2-YDUqZL2TTSsy2lGtfuND/dist=es2019,mode=imports/optimized/google-protobuf.js:783:23)
    at jspb.BinaryDecoder.readUnsignedVarint32 (https://cdn.skypack.dev/-/google-protobuf@v3.21.2-YDUqZL2TTSsy2lGtfuND/dist=es2019,mode=imports/optimized/google-protobuf.js:4150:18)
    at jspb.BinaryReader.readBool (https://cdn.skypack.dev/-/google-protobuf@v3.21.2-YDUqZL2TTSsy2lGtfuND/dist=es2019,mode=imports/optimized/google-protobuf.js:4625:28)
    at Function.deserialize (file:///Users/thesayyn/Documents/thesayyn/protoc-gen-ts/target/debug/build/protoc_gen_ts-8cec2bec66276c47/out/test_conformance/test_messages_proto2.ts:184:48)
    at file:///Users/thesayyn/Documents/thesayyn/protoc-gen-ts/tests/conformance/bin/main.ts:30:78

  protobuf_test_messages.proto3.TestAllTypesProto3 1
  Error: Assertion failed
    at Object.jspb.asserts.doAssertFailure (https://cdn.skypack.dev/-/google-protobuf@v3.21.2-YDUqZL2TTSsy2lGtfuND/dist=es2019,mode=imports/optimized/google-protobuf.js:778:11)
    at Object.jspb.asserts.assert (https://cdn.skypack.dev/-/google-protobuf@v3.21.2-YDUqZL2TTSsy2lGtfuND/dist=es2019,mode=imports/optimized/google-protobuf.js:783:23)
    at jspb.BinaryDecoder.readUnsignedVarint32 (https://cdn.skypack.dev/-/google-protobuf@v3.21.2-YDUqZL2TTSsy2lGtfuND/dist=es2019,mode=imports/optimized/google-protobuf.js:4150:18)
    at jspb.BinaryReader.readBool (https://cdn.skypack.dev/-/google-protobuf@v3.21.2-YDUqZL2TTSsy2lGtfuND/dist=es2019,mode=imports/optimized/google-protobuf.js:4625:28)
    at Function.deserialize (file:///Users/thesayyn/Documents/thesayyn/protoc-gen-ts/target/debug/build/protoc_gen_ts-8cec2bec66276c47/out/test_conformance/test_messages_proto3.ts:290:56)
    at file:///Users/thesayyn/Documents/thesayyn/protoc-gen-ts/tests/conformance/bin/main.ts:23:78

  protobuf_test_messages.proto2.TestAllTypesProto2 1
  Error: Assertion failed
    at Object.jspb.asserts.doAssertFailure (https://cdn.skypack.dev/-/google-protobuf@v3.21.2-YDUqZL2TTSsy2lGtfuND/dist=es2019,mode=imports/optimized/google-protobuf.js:778:11)
    at Object.jspb.asserts.assert (https://cdn.skypack.dev/-/google-protobuf@v3.21.2-YDUqZL2TTSsy2lGtfuND/dist=es2019,mode=imports/optimized/google-protobuf.js:783:23)
    at jspb.BinaryDecoder.readUnsignedVarint32 (https://cdn.skypack.dev/-/google-protobuf@v3.21.2-YDUqZL2TTSsy2lGtfuND/dist=es2019,mode=imports/optimized/google-protobuf.js:4150:18)
    at jspb.BinaryReader.readBool (https://cdn.skypack.dev/-/google-protobuf@v3.21.2-YDUqZL2TTSsy2lGtfuND/dist=es2019,mode=imports/optimized/google-protobuf.js:4625:28)
    at Function.deserialize (file:///Users/thesayyn/Documents/thesayyn/protoc-gen-ts/target/debug/build/protoc_gen_ts-8cec2bec66276c47/out/test_conformance/test_messages_proto2.ts:250:51)
    at file:///Users/thesayyn/Documents/thesayyn/protoc-gen-ts/tests/conformance/bin/main.ts:30:78

  protobuf_test_messages.proto3.TestAllTypesProto3 1
  Error: Failure: Decoder hit an error
    at Object.jspb.asserts.fail (https://cdn.skypack.dev/-/google-protobuf@v3.21.2-YDUqZL2TTSsy2lGtfuND/dist=es2019,mode=imports/optimized/google-protobuf.js:801:11)
    at jspb.BinaryReader.nextField (https://cdn.skypack.dev/-/google-protobuf@v3.21.2-YDUqZL2TTSsy2lGtfuND/dist=es2019,mode=imports/optimized/google-protobuf.js:4374:27)
    at Function.deserialize (file:///Users/thesayyn/Documents/thesayyn/protoc-gen-ts/target/debug/build/protoc_gen_ts-8cec2bec66276c47/out/test_conformance/test_messages_proto3.ts:169:18)
    at file:///Users/thesayyn/Documents/thesayyn/protoc-gen-ts/tests/conformance/bin/main.ts:23:78

  protobuf_test_messages.proto2.TestAllTypesProto2 1
  Error: Failure: Decoder hit an error
    at Object.jspb.asserts.fail (https://cdn.skypack.dev/-/google-protobuf@v3.21.2-YDUqZL2TTSsy2lGtfuND/dist=es2019,mode=imports/optimized/google-protobuf.js:801:11)
    at jspb.BinaryReader.nextField (https://cdn.skypack.dev/-/google-protobuf@v3.21.2-YDUqZL2TTSsy2lGtfuND/dist=es2019,mode=imports/optimized/google-protobuf.js:4374:27)
    at Function.deserialize (file:///Users/thesayyn/Documents/thesayyn/protoc-gen-ts/target/debug/build/protoc_gen_ts-8cec2bec66276c47/out/test_conformance/test_messages_proto2.ts:145:18)
    at file:///Users/thesayyn/Documents/thesayyn/protoc-gen-ts/tests/conformance/bin/main.ts:30:78

  protobuf_test_messages.proto3.TestAllTypesProto3 1
  Error: Assertion failed
    at Object.jspb.asserts.doAssertFailure (https://cdn.skypack.dev/-/google-protobuf@v3.21.2-YDUqZL2TTSsy2lGtfuND/dist=es2019,mode=imports/optimized/google-protobuf.js:778:11)
    at Object.jspb.asserts.assert (https://cdn.skypack.dev/-/google-protobuf@v3.21.2-YDUqZL2TTSsy2lGtfuND/dist=es2019,mode=imports/optimized/google-protobuf.js:783:23)
    at jspb.BinaryDecoder.readUnsignedVarint32 (https://cdn.skypack.dev/-/google-protobuf@v3.21.2-YDUqZL2TTSsy2lGtfuND/dist=es2019,mode=imports/optimized/google-protobuf.js:4150:18)
    at jspb.BinaryReader.readBool (https://cdn.skypack.dev/-/google-protobuf@v3.21.2-YDUqZL2TTSsy2lGtfuND/dist=es2019,mode=imports/optimized/google-protobuf.js:4625:28)
    at Function.deserialize (file:///Users/thesayyn/Documents/thesayyn/protoc-gen-ts/target/debug/build/protoc_gen_ts-8cec2bec66276c47/out/test_conformance/test_messages_proto3.ts:208:48)
    at file:///Users/thesayyn/Documents/thesayyn/protoc-gen-ts/tests/conformance/bin/main.ts:23:78

  protobuf_test_messages.proto2.TestAllTypesProto2 1
  Error: Assertion failed
    at Object.jspb.asserts.doAssertFailure (https://cdn.skypack.dev/-/google-protobuf@v3.21.2-YDUqZL2TTSsy2lGtfuND/dist=es2019,mode=imports/optimized/google-protobuf.js:778:11)
    at Object.jspb.asserts.assert (https://cdn.skypack.dev/-/google-protobuf@v3.21.2-YDUqZL2TTSsy2lGtfuND/dist=es2019,mode=imports/optimized/google-protobuf.js:783:23)
    at jspb.BinaryDecoder.readUnsignedVarint32 (https://cdn.skypack.dev/-/google-protobuf@v3.21.2-YDUqZL2TTSsy2lGtfuND/dist=es2019,mode=imports/optimized/google-protobuf.js:4150:18)
    at jspb.BinaryReader.readBool (https://cdn.skypack.dev/-/google-protobuf@v3.21.2-YDUqZL2TTSsy2lGtfuND/dist=es2019,mode=imports/optimized/google-protobuf.js:4625:28)
    at Function.deserialize (file:///Users/thesayyn/Documents/thesayyn/protoc-gen-ts/target/debug/build/protoc_gen_ts-8cec2bec66276c47/out/test_conformance/test_messages_proto2.ts:184:48)
    at file:///Users/thesayyn/Documents/thesayyn/protoc-gen-ts/tests/conformance/bin/main.ts:30:78

  protobuf_test_messages.proto3.TestAllTypesProto3 1
  Error: Assertion failed
    at Object.jspb.asserts.doAssertFailure (https://cdn.skypack.dev/-/google-protobuf@v3.21.2-YDUqZL2TTSsy2lGtfuND/dist=es2019,mode=imports/optimized/google-protobuf.js:778:11)
    at Object.jspb.asserts.assert (https://cdn.skypack.dev/-/google-protobuf@v3.21.2-YDUqZL2TTSsy2lGtfuND/dist=es2019,mode=imports/optimized/google-protobuf.js:783:23)
    at jspb.BinaryDecoder.readUnsignedVarint32 (https://cdn.skypack.dev/-/google-protobuf@v3.21.2-YDUqZL2TTSsy2lGtfuND/dist=es2019,mode=imports/optimized/google-protobuf.js:4150:18)
    at jspb.BinaryReader.readBool (https://cdn.skypack.dev/-/google-protobuf@v3.21.2-YDUqZL2TTSsy2lGtfuND/dist=es2019,mode=imports/optimized/google-protobuf.js:4625:28)
    at Function.deserialize (file:///Users/thesayyn/Documents/thesayyn/protoc-gen-ts/target/debug/build/protoc_gen_ts-8cec2bec66276c47/out/test_conformance/test_messages_proto3.ts:290:56)
    at file:///Users/thesayyn/Documents/thesayyn/protoc-gen-ts/tests/conformance/bin/main.ts:23:78

  protobuf_test_messages.proto2.TestAllTypesProto2 1
  Error: Assertion failed
    at Object.jspb.asserts.doAssertFailure (https://cdn.skypack.dev/-/google-protobuf@v3.21.2-YDUqZL2TTSsy2lGtfuND/dist=es2019,mode=imports/optimized/google-protobuf.js:778:11)
    at Object.jspb.asserts.assert (https://cdn.skypack.dev/-/google-protobuf@v3.21.2-YDUqZL2TTSsy2lGtfuND/dist=es2019,mode=imports/optimized/google-protobuf.js:783:23)
    at jspb.BinaryDecoder.readUnsignedVarint32 (https://cdn.skypack.dev/-/google-protobuf@v3.21.2-YDUqZL2TTSsy2lGtfuND/dist=es2019,mode=imports/optimized/google-protobuf.js:4150:18)
    at jspb.BinaryReader.readBool (https://cdn.skypack.dev/-/google-protobuf@v3.21.2-YDUqZL2TTSsy2lGtfuND/dist=es2019,mode=imports/optimized/google-protobuf.js:4625:28)
    at Function.deserialize (file:///Users/thesayyn/Documents/thesayyn/protoc-gen-ts/target/debug/build/protoc_gen_ts-8cec2bec66276c47/out/test_conformance/test_messages_proto2.ts:250:51)
    at file:///Users/thesayyn/Documents/thesayyn/protoc-gen-ts/tests/conformance/bin/main.ts:30:78

  protobuf_test_messages.proto3.TestAllTypesProto3 1
  Error: Failure: Decoder hit an error
    at Object.jspb.asserts.fail (https://cdn.skypack.dev/-/google-protobuf@v3.21.2-YDUqZL2TTSsy2lGtfuND/dist=es2019,mode=imports/optimized/google-protobuf.js:801:11)
    at jspb.BinaryReader.nextField (https://cdn.skypack.dev/-/google-protobuf@v3.21.2-YDUqZL2TTSsy2lGtfuND/dist=es2019,mode=imports/optimized/google-protobuf.js:4374:27)
    at Function.deserialize (file:///Users/thesayyn/Documents/thesayyn/protoc-gen-ts/target/debug/build/protoc_gen_ts-8cec2bec66276c47/out/test_conformance/test_messages_proto3.ts:169:18)
    at file:///Users/thesayyn/Documents/thesayyn/protoc-gen-ts/tests/conformance/bin/main.ts:23:78

  protobuf_test_messages.proto2.TestAllTypesProto2 1
  Error: Failure: Decoder hit an error
    at Object.jspb.asserts.fail (https://cdn.skypack.dev/-/google-protobuf@v3.21.2-YDUqZL2TTSsy2lGtfuND/dist=es2019,mode=imports/optimized/google-protobuf.js:801:11)
    at jspb.BinaryReader.nextField (https://cdn.skypack.dev/-/google-protobuf@v3.21.2-YDUqZL2TTSsy2lGtfuND/dist=es2019,mode=imports/optimized/google-protobuf.js:4374:27)
    at Function.deserialize (file:///Users/thesayyn/Documents/thesayyn/protoc-gen-ts/target/debug/build/protoc_gen_ts-8cec2bec66276c47/out/test_conformance/test_messages_proto2.ts:145:18)
    at file:///Users/thesayyn/Documents/thesayyn/protoc-gen-ts/tests/conformance/bin/main.ts:30:78

  protobuf_test_messages.proto2.TestAllTypesProto2 1
  Error: Assertion failed
    at Object.jspb.asserts.doAssertFailure (https://cdn.skypack.dev/-/google-protobuf@v3.21.2-YDUqZL2TTSsy2lGtfuND/dist=es2019,mode=imports/optimized/google-protobuf.js:778:11)
    at Object.jspb.asserts.assert (https://cdn.skypack.dev/-/google-protobuf@v3.21.2-YDUqZL2TTSsy2lGtfuND/dist=es2019,mode=imports/optimized/google-protobuf.js:783:23)
    at jspb.BinaryReader.readBool (https://cdn.skypack.dev/-/google-protobuf@v3.21.2-YDUqZL2TTSsy2lGtfuND/dist=es2019,mode=imports/optimized/google-protobuf.js:4624:18)
    at Function.deserialize (file:///Users/thesayyn/Documents/thesayyn/protoc-gen-ts/target/debug/build/protoc_gen_ts-8cec2bec66276c47/out/test_conformance/test_messages_proto2.ts:250:51)
    at file:///Users/thesayyn/Documents/thesayyn/protoc-gen-ts/tests/conformance/bin/main.ts:30:78

  protobuf_test_messages.proto3.TestAllTypesProto3 1
  Error: Failure: Decoder hit an error
    at Object.jspb.asserts.fail (https://cdn.skypack.dev/-/google-protobuf@v3.21.2-YDUqZL2TTSsy2lGtfuND/dist=es2019,mode=imports/optimized/google-protobuf.js:801:11)
    at jspb.BinaryReader.nextField (https://cdn.skypack.dev/-/google-protobuf@v3.21.2-YDUqZL2TTSsy2lGtfuND/dist=es2019,mode=imports/optimized/google-protobuf.js:4374:27)
    at Function.deserialize (file:///Users/thesayyn/Documents/thesayyn/protoc-gen-ts/target/debug/build/protoc_gen_ts-8cec2bec66276c47/out/test_conformance/test_messages_proto3.ts:169:18)
    at file:///Users/thesayyn/Documents/thesayyn/protoc-gen-ts/tests/conformance/bin/main.ts:23:78

  protobuf_test_messages.proto2.TestAllTypesProto2 1
  Error: Assertion failed
    at Object.jspb.asserts.doAssertFailure (https://cdn.skypack.dev/-/google-protobuf@v3.21.2-YDUqZL2TTSsy2lGtfuND/dist=es2019,mode=imports/optimized/google-protobuf.js:778:11)
    at Object.jspb.asserts.assert (https://cdn.skypack.dev/-/google-protobuf@v3.21.2-YDUqZL2TTSsy2lGtfuND/dist=es2019,mode=imports/optimized/google-protobuf.js:783:23)
    at jspb.BinaryReader.readBool (https://cdn.skypack.dev/-/google-protobuf@v3.21.2-YDUqZL2TTSsy2lGtfuND/dist=es2019,mode=imports/optimized/google-protobuf.js:4624:18)
    at Function.deserialize (file:///Users/thesayyn/Documents/thesayyn/protoc-gen-ts/target/debug/build/protoc_gen_ts-8cec2bec66276c47/out/test_conformance/test_messages_proto2.ts:250:51)
    at file:///Users/thesayyn/Documents/thesayyn/protoc-gen-ts/tests/conformance/bin/main.ts:30:78

  protobuf_test_messages.proto3.TestAllTypesProto3 1
  Error: Assertion failed
    at Object.jspb.asserts.doAssertFailure (https://cdn.skypack.dev/-/google-protobuf@v3.21.2-YDUqZL2TTSsy2lGtfuND/dist=es2019,mode=imports/optimized/google-protobuf.js:778:11)
    at Object.jspb.asserts.assert (https://cdn.skypack.dev/-/google-protobuf@v3.21.2-YDUqZL2TTSsy2lGtfuND/dist=es2019,mode=imports/optimized/google-protobuf.js:783:23)
    at jspb.BinaryDecoder.readUnsignedVarint32 (https://cdn.skypack.dev/-/google-protobuf@v3.21.2-YDUqZL2TTSsy2lGtfuND/dist=es2019,mode=imports/optimized/google-protobuf.js:4150:18)
    at jspb.BinaryReader.readString (https://cdn.skypack.dev/-/google-protobuf@v3.21.2-YDUqZL2TTSsy2lGtfuND/dist=es2019,mode=imports/optimized/google-protobuf.js:4635:27)
    at Function.deserialize (file:///Users/thesayyn/Documents/thesayyn/protoc-gen-ts/target/debug/build/protoc_gen_ts-8cec2bec66276c47/out/test_conformance/test_messages_proto3.ts:211:50)
    at file:///Users/thesayyn/Documents/thesayyn/protoc-gen-ts/tests/conformance/bin/main.ts:23:78

  protobuf_test_messages.proto2.TestAllTypesProto2 1
  Error: Assertion failed
    at Object.jspb.asserts.doAssertFailure (https://cdn.skypack.dev/-/google-protobuf@v3.21.2-YDUqZL2TTSsy2lGtfuND/dist=es2019,mode=imports/optimized/google-protobuf.js:778:11)
    at Object.jspb.asserts.assert (https://cdn.skypack.dev/-/google-protobuf@v3.21.2-YDUqZL2TTSsy2lGtfuND/dist=es2019,mode=imports/optimized/google-protobuf.js:783:23)
    at jspb.BinaryDecoder.readUnsignedVarint32 (https://cdn.skypack.dev/-/google-protobuf@v3.21.2-YDUqZL2TTSsy2lGtfuND/dist=es2019,mode=imports/optimized/google-protobuf.js:4150:18)
    at jspb.BinaryReader.readString (https://cdn.skypack.dev/-/google-protobuf@v3.21.2-YDUqZL2TTSsy2lGtfuND/dist=es2019,mode=imports/optimized/google-protobuf.js:4635:27)
    at Function.deserialize (file:///Users/thesayyn/Documents/thesayyn/protoc-gen-ts/target/debug/build/protoc_gen_ts-8cec2bec66276c47/out/test_conformance/test_messages_proto2.ts:187:50)
    at file:///Users/thesayyn/Documents/thesayyn/protoc-gen-ts/tests/conformance/bin/main.ts:30:78

  protobuf_test_messages.proto3.TestAllTypesProto3 1
  Error: Assertion failed
    at Object.jspb.asserts.doAssertFailure (https://cdn.skypack.dev/-/google-protobuf@v3.21.2-YDUqZL2TTSsy2lGtfuND/dist=es2019,mode=imports/optimized/google-protobuf.js:778:11)
    at Object.jspb.asserts.assert (https://cdn.skypack.dev/-/google-protobuf@v3.21.2-YDUqZL2TTSsy2lGtfuND/dist=es2019,mode=imports/optimized/google-protobuf.js:783:23)
    at jspb.BinaryDecoder.readUnsignedVarint32 (https://cdn.skypack.dev/-/google-protobuf@v3.21.2-YDUqZL2TTSsy2lGtfuND/dist=es2019,mode=imports/optimized/google-protobuf.js:4150:18)
    at jspb.BinaryReader.readString (https://cdn.skypack.dev/-/google-protobuf@v3.21.2-YDUqZL2TTSsy2lGtfuND/dist=es2019,mode=imports/optimized/google-protobuf.js:4635:27)
    at Function.deserialize (file:///Users/thesayyn/Documents/thesayyn/protoc-gen-ts/target/debug/build/protoc_gen_ts-8cec2bec66276c47/out/test_conformance/test_messages_proto3.ts:293:53)
    at file:///Users/thesayyn/Documents/thesayyn/protoc-gen-ts/tests/conformance/bin/main.ts:23:78

  protobuf_test_messages.proto2.TestAllTypesProto2 1
  Error: Assertion failed
    at Object.jspb.asserts.doAssertFailure (https://cdn.skypack.dev/-/google-protobuf@v3.21.2-YDUqZL2TTSsy2lGtfuND/dist=es2019,mode=imports/optimized/google-protobuf.js:778:11)
    at Object.jspb.asserts.assert (https://cdn.skypack.dev/-/google-protobuf@v3.21.2-YDUqZL2TTSsy2lGtfuND/dist=es2019,mode=imports/optimized/google-protobuf.js:783:23)
    at jspb.BinaryDecoder.readUnsignedVarint32 (https://cdn.skypack.dev/-/google-protobuf@v3.21.2-YDUqZL2TTSsy2lGtfuND/dist=es2019,mode=imports/optimized/google-protobuf.js:4150:18)
    at jspb.BinaryReader.readString (https://cdn.skypack.dev/-/google-protobuf@v3.21.2-YDUqZL2TTSsy2lGtfuND/dist=es2019,mode=imports/optimized/google-protobuf.js:4635:27)
    at Function.deserialize (file:///Users/thesayyn/Documents/thesayyn/protoc-gen-ts/target/debug/build/protoc_gen_ts-8cec2bec66276c47/out/test_conformance/test_messages_proto2.ts:253:53)
    at file:///Users/thesayyn/Documents/thesayyn/protoc-gen-ts/tests/conformance/bin/main.ts:30:78

  protobuf_test_messages.proto3.TestAllTypesProto3 1
  Error: Assertion failed
    at Object.jspb.asserts.doAssertFailure (https://cdn.skypack.dev/-/google-protobuf@v3.21.2-YDUqZL2TTSsy2lGtfuND/dist=es2019,mode=imports/optimized/google-protobuf.js:778:11)
    at Object.jspb.asserts.assert (https://cdn.skypack.dev/-/google-protobuf@v3.21.2-YDUqZL2TTSsy2lGtfuND/dist=es2019,mode=imports/optimized/google-protobuf.js:783:23)
    at jspb.BinaryDecoder.readUnsignedVarint32 (https://cdn.skypack.dev/-/google-protobuf@v3.21.2-YDUqZL2TTSsy2lGtfuND/dist=es2019,mode=imports/optimized/google-protobuf.js:4150:18)
    at jspb.BinaryReader.skipDelimitedField (https://cdn.skypack.dev/-/google-protobuf@v3.21.2-YDUqZL2TTSsy2lGtfuND/dist=es2019,mode=imports/optimized/google-protobuf.js:4401:29)
    at jspb.BinaryReader.skipField (https://cdn.skypack.dev/-/google-protobuf@v3.21.2-YDUqZL2TTSsy2lGtfuND/dist=es2019,mode=imports/optimized/google-protobuf.js:4435:14)
    at Function.deserialize (file:///Users/thesayyn/Documents/thesayyn/protoc-gen-ts/target/debug/build/protoc_gen_ts-8cec2bec66276c47/out/test_conformance/test_messages_proto3.ts:958:24)
    at file:///Users/thesayyn/Documents/thesayyn/protoc-gen-ts/tests/conformance/bin/main.ts:23:78

  protobuf_test_messages.proto2.TestAllTypesProto2 1
  Error: Assertion failed
    at Object.jspb.asserts.doAssertFailure (https://cdn.skypack.dev/-/google-protobuf@v3.21.2-YDUqZL2TTSsy2lGtfuND/dist=es2019,mode=imports/optimized/google-protobuf.js:778:11)
    at Object.jspb.asserts.assert (https://cdn.skypack.dev/-/google-protobuf@v3.21.2-YDUqZL2TTSsy2lGtfuND/dist=es2019,mode=imports/optimized/google-protobuf.js:783:23)
    at jspb.BinaryDecoder.readUnsignedVarint32 (https://cdn.skypack.dev/-/google-protobuf@v3.21.2-YDUqZL2TTSsy2lGtfuND/dist=es2019,mode=imports/optimized/google-protobuf.js:4150:18)
    at jspb.BinaryReader.skipDelimitedField (https://cdn.skypack.dev/-/google-protobuf@v3.21.2-YDUqZL2TTSsy2lGtfuND/dist=es2019,mode=imports/optimized/google-protobuf.js:4401:29)
    at jspb.BinaryReader.skipField (https://cdn.skypack.dev/-/google-protobuf@v3.21.2-YDUqZL2TTSsy2lGtfuND/dist=es2019,mode=imports/optimized/google-protobuf.js:4435:14)
    at Function.deserialize (file:///Users/thesayyn/Documents/thesayyn/protoc-gen-ts/target/debug/build/protoc_gen_ts-8cec2bec66276c47/out/test_conformance/test_messages_proto2.ts:865:24)
    at file:///Users/thesayyn/Documents/thesayyn/protoc-gen-ts/tests/conformance/bin/main.ts:30:78

  protobuf_test_messages.proto3.TestAllTypesProto3 1
  Error: Assertion failed
    at Object.jspb.asserts.doAssertFailure (https://cdn.skypack.dev/-/google-protobuf@v3.21.2-YDUqZL2TTSsy2lGtfuND/dist=es2019,mode=imports/optimized/google-protobuf.js:778:11)
    at Object.jspb.asserts.assert (https://cdn.skypack.dev/-/google-protobuf@v3.21.2-YDUqZL2TTSsy2lGtfuND/dist=es2019,mode=imports/optimized/google-protobuf.js:783:23)
    at jspb.BinaryDecoder.readUnsignedVarint32 (https://cdn.skypack.dev/-/google-protobuf@v3.21.2-YDUqZL2TTSsy2lGtfuND/dist=es2019,mode=imports/optimized/google-protobuf.js:4150:18)
    at jspb.BinaryReader.readString (https://cdn.skypack.dev/-/google-protobuf@v3.21.2-YDUqZL2TTSsy2lGtfuND/dist=es2019,mode=imports/optimized/google-protobuf.js:4635:27)
    at Function.deserialize (file:///Users/thesayyn/Documents/thesayyn/protoc-gen-ts/target/debug/build/protoc_gen_ts-8cec2bec66276c47/out/test_conformance/test_messages_proto3.ts:211:50)
    at file:///Users/thesayyn/Documents/thesayyn/protoc-gen-ts/tests/conformance/bin/main.ts:23:78

  protobuf_test_messages.proto2.TestAllTypesProto2 1
  Error: Assertion failed
    at Object.jspb.asserts.doAssertFailure (https://cdn.skypack.dev/-/google-protobuf@v3.21.2-YDUqZL2TTSsy2lGtfuND/dist=es2019,mode=imports/optimized/google-protobuf.js:778:11)
    at Object.jspb.asserts.assert (https://cdn.skypack.dev/-/google-protobuf@v3.21.2-YDUqZL2TTSsy2lGtfuND/dist=es2019,mode=imports/optimized/google-protobuf.js:783:23)
    at jspb.BinaryDecoder.readUnsignedVarint32 (https://cdn.skypack.dev/-/google-protobuf@v3.21.2-YDUqZL2TTSsy2lGtfuND/dist=es2019,mode=imports/optimized/google-protobuf.js:4150:18)
    at jspb.BinaryReader.readString (https://cdn.skypack.dev/-/google-protobuf@v3.21.2-YDUqZL2TTSsy2lGtfuND/dist=es2019,mode=imports/optimized/google-protobuf.js:4635:27)
    at Function.deserialize (file:///Users/thesayyn/Documents/thesayyn/protoc-gen-ts/target/debug/build/protoc_gen_ts-8cec2bec66276c47/out/test_conformance/test_messages_proto2.ts:187:50)
    at file:///Users/thesayyn/Documents/thesayyn/protoc-gen-ts/tests/conformance/bin/main.ts:30:78

  protobuf_test_messages.proto3.TestAllTypesProto3 1
  Error: Assertion failed
    at Object.jspb.asserts.doAssertFailure (https://cdn.skypack.dev/-/google-protobuf@v3.21.2-YDUqZL2TTSsy2lGtfuND/dist=es2019,mode=imports/optimized/google-protobuf.js:778:11)
    at Object.jspb.asserts.assert (https://cdn.skypack.dev/-/google-protobuf@v3.21.2-YDUqZL2TTSsy2lGtfuND/dist=es2019,mode=imports/optimized/google-protobuf.js:783:23)
    at jspb.BinaryDecoder.readUnsignedVarint32 (https://cdn.skypack.dev/-/google-protobuf@v3.21.2-YDUqZL2TTSsy2lGtfuND/dist=es2019,mode=imports/optimized/google-protobuf.js:4150:18)
    at jspb.BinaryReader.readString (https://cdn.skypack.dev/-/google-protobuf@v3.21.2-YDUqZL2TTSsy2lGtfuND/dist=es2019,mode=imports/optimized/google-protobuf.js:4635:27)
    at Function.deserialize (file:///Users/thesayyn/Documents/thesayyn/protoc-gen-ts/target/debug/build/protoc_gen_ts-8cec2bec66276c47/out/test_conformance/test_messages_proto3.ts:293:53)
    at file:///Users/thesayyn/Documents/thesayyn/protoc-gen-ts/tests/conformance/bin/main.ts:23:78

  protobuf_test_messages.proto2.TestAllTypesProto2 1
  Error: Assertion failed
    at Object.jspb.asserts.doAssertFailure (https://cdn.skypack.dev/-/google-protobuf@v3.21.2-YDUqZL2TTSsy2lGtfuND/dist=es2019,mode=imports/optimized/google-protobuf.js:778:11)
    at Object.jspb.asserts.assert (https://cdn.skypack.dev/-/google-protobuf@v3.21.2-YDUqZL2TTSsy2lGtfuND/dist=es2019,mode=imports/optimized/google-protobuf.js:783:23)
    at jspb.BinaryDecoder.readUnsignedVarint32 (https://cdn.skypack.dev/-/google-protobuf@v3.21.2-YDUqZL2TTSsy2lGtfuND/dist=es2019,mode=imports/optimized/google-protobuf.js:4150:18)
    at jspb.BinaryReader.readString (https://cdn.skypack.dev/-/google-protobuf@v3.21.2-YDUqZL2TTSsy2lGtfuND/dist=es2019,mode=imports/optimized/google-protobuf.js:4635:27)
    at Function.deserialize (file:///Users/thesayyn/Documents/thesayyn/protoc-gen-ts/target/debug/build/protoc_gen_ts-8cec2bec66276c47/out/test_conformance/test_messages_proto2.ts:253:53)
    at file:///Users/thesayyn/Documents/thesayyn/protoc-gen-ts/tests/conformance/bin/main.ts:30:78

  protobuf_test_messages.proto3.TestAllTypesProto3 1
  Error: Assertion failed
    at Object.jspb.asserts.doAssertFailure (https://cdn.skypack.dev/-/google-protobuf@v3.21.2-YDUqZL2TTSsy2lGtfuND/dist=es2019,mode=imports/optimized/google-protobuf.js:778:11)
    at Object.jspb.asserts.assert (https://cdn.skypack.dev/-/google-protobuf@v3.21.2-YDUqZL2TTSsy2lGtfuND/dist=es2019,mode=imports/optimized/google-protobuf.js:783:23)
    at jspb.BinaryDecoder.readUnsignedVarint32 (https://cdn.skypack.dev/-/google-protobuf@v3.21.2-YDUqZL2TTSsy2lGtfuND/dist=es2019,mode=imports/optimized/google-protobuf.js:4150:18)
    at jspb.BinaryReader.skipDelimitedField (https://cdn.skypack.dev/-/google-protobuf@v3.21.2-YDUqZL2TTSsy2lGtfuND/dist=es2019,mode=imports/optimized/google-protobuf.js:4401:29)
    at jspb.BinaryReader.skipField (https://cdn.skypack.dev/-/google-protobuf@v3.21.2-YDUqZL2TTSsy2lGtfuND/dist=es2019,mode=imports/optimized/google-protobuf.js:4435:14)
    at Function.deserialize (file:///Users/thesayyn/Documents/thesayyn/protoc-gen-ts/target/debug/build/protoc_gen_ts-8cec2bec66276c47/out/test_conformance/test_messages_proto3.ts:958:24)
    at file:///Users/thesayyn/Documents/thesayyn/protoc-gen-ts/tests/conformance/bin/main.ts:23:78

  protobuf_test_messages.proto2.TestAllTypesProto2 1
  Error: Assertion failed
    at Object.jspb.asserts.doAssertFailure (https://cdn.skypack.dev/-/google-protobuf@v3.21.2-YDUqZL2TTSsy2lGtfuND/dist=es2019,mode=imports/optimized/google-protobuf.js:778:11)
    at Object.jspb.asserts.assert (https://cdn.skypack.dev/-/google-protobuf@v3.21.2-YDUqZL2TTSsy2lGtfuND/dist=es2019,mode=imports/optimized/google-protobuf.js:783:23)
    at jspb.BinaryDecoder.readUnsignedVarint32 (https://cdn.skypack.dev/-/google-protobuf@v3.21.2-YDUqZL2TTSsy2lGtfuND/dist=es2019,mode=imports/optimized/google-protobuf.js:4150:18)
    at jspb.BinaryReader.skipDelimitedField (https://cdn.skypack.dev/-/google-protobuf@v3.21.2-YDUqZL2TTSsy2lGtfuND/dist=es2019,mode=imports/optimized/google-protobuf.js:4401:29)
    at jspb.BinaryReader.skipField (https://cdn.skypack.dev/-/google-protobuf@v3.21.2-YDUqZL2TTSsy2lGtfuND/dist=es2019,mode=imports/optimized/google-protobuf.js:4435:14)
    at Function.deserialize (file:///Users/thesayyn/Documents/thesayyn/protoc-gen-ts/target/debug/build/protoc_gen_ts-8cec2bec66276c47/out/test_conformance/test_messages_proto2.ts:865:24)
    at file:///Users/thesayyn/Documents/thesayyn/protoc-gen-ts/tests/conformance/bin/main.ts:30:78

  protobuf_test_messages.proto3.TestAllTypesProto3 1
  Error: Failure: Decoder hit an error
    at Object.jspb.asserts.fail (https://cdn.skypack.dev/-/google-protobuf@v3.21.2-YDUqZL2TTSsy2lGtfuND/dist=es2019,mode=imports/optimized/google-protobuf.js:801:11)
    at jspb.BinaryReader.nextField (https://cdn.skypack.dev/-/google-protobuf@v3.21.2-YDUqZL2TTSsy2lGtfuND/dist=es2019,mode=imports/optimized/google-protobuf.js:4374:27)
    at Function.deserialize (file:///Users/thesayyn/Documents/thesayyn/protoc-gen-ts/target/debug/build/protoc_gen_ts-8cec2bec66276c47/out/test_conformance/test_messages_proto3.ts:169:18)
    at file:///Users/thesayyn/Documents/thesayyn/protoc-gen-ts/tests/conformance/bin/main.ts:23:78

  protobuf_test_messages.proto2.TestAllTypesProto2 1
  Error: Failure: Decoder hit an error
    at Object.jspb.asserts.fail (https://cdn.skypack.dev/-/google-protobuf@v3.21.2-YDUqZL2TTSsy2lGtfuND/dist=es2019,mode=imports/optimized/google-protobuf.js:801:11)
    at jspb.BinaryReader.nextField (https://cdn.skypack.dev/-/google-protobuf@v3.21.2-YDUqZL2TTSsy2lGtfuND/dist=es2019,mode=imports/optimized/google-protobuf.js:4374:27)
    at Function.deserialize (file:///Users/thesayyn/Documents/thesayyn/protoc-gen-ts/target/debug/build/protoc_gen_ts-8cec2bec66276c47/out/test_conformance/test_messages_proto2.ts:145:18)
    at file:///Users/thesayyn/Documents/thesayyn/protoc-gen-ts/tests/conformance/bin/main.ts:30:78

  protobuf_test_messages.proto3.TestAllTypesProto3 1
  Error: Failure: Decoder hit an error
    at Object.jspb.asserts.fail (https://cdn.skypack.dev/-/google-protobuf@v3.21.2-YDUqZL2TTSsy2lGtfuND/dist=es2019,mode=imports/optimized/google-protobuf.js:801:11)
    at jspb.BinaryReader.nextField (https://cdn.skypack.dev/-/google-protobuf@v3.21.2-YDUqZL2TTSsy2lGtfuND/dist=es2019,mode=imports/optimized/google-protobuf.js:4374:27)
    at Function.deserialize (file:///Users/thesayyn/Documents/thesayyn/protoc-gen-ts/target/debug/build/protoc_gen_ts-8cec2bec66276c47/out/test_conformance/test_messages_proto3.ts:169:18)
    at file:///Users/thesayyn/Documents/thesayyn/protoc-gen-ts/tests/conformance/bin/main.ts:23:78

  protobuf_test_messages.proto2.TestAllTypesProto2 1
  Error: Failure: Decoder hit an error
    at Object.jspb.asserts.fail (https://cdn.skypack.dev/-/google-protobuf@v3.21.2-YDUqZL2TTSsy2lGtfuND/dist=es2019,mode=imports/optimized/google-protobuf.js:801:11)
    at jspb.BinaryReader.nextField (https://cdn.skypack.dev/-/google-protobuf@v3.21.2-YDUqZL2TTSsy2lGtfuND/dist=es2019,mode=imports/optimized/google-protobuf.js:4374:27)
    at Function.deserialize (file:///Users/thesayyn/Documents/thesayyn/protoc-gen-ts/target/debug/build/protoc_gen_ts-8cec2bec66276c47/out/test_conformance/test_messages_proto2.ts:145:18)
    at file:///Users/thesayyn/Documents/thesayyn/protoc-gen-ts/tests/conformance/bin/main.ts:30:78

  protobuf_test_messages.proto3.TestAllTypesProto3 1
  Error: Assertion failed
    at Object.jspb.asserts.doAssertFailure (https://cdn.skypack.dev/-/google-protobuf@v3.21.2-YDUqZL2TTSsy2lGtfuND/dist=es2019,mode=imports/optimized/google-protobuf.js:778:11)
    at Object.jspb.asserts.assert (https://cdn.skypack.dev/-/google-protobuf@v3.21.2-YDUqZL2TTSsy2lGtfuND/dist=es2019,mode=imports/optimized/google-protobuf.js:783:23)
    at jspb.BinaryDecoder.advance (https://cdn.skypack.dev/-/google-protobuf@v3.21.2-YDUqZL2TTSsy2lGtfuND/dist=es2019,mode=imports/optimized/google-protobuf.js:4081:18)
    at jspb.BinaryReader.skipDelimitedField (https://cdn.skypack.dev/-/google-protobuf@v3.21.2-YDUqZL2TTSsy2lGtfuND/dist=es2019,mode=imports/optimized/google-protobuf.js:4402:21)
    at jspb.BinaryReader.skipField (https://cdn.skypack.dev/-/google-protobuf@v3.21.2-YDUqZL2TTSsy2lGtfuND/dist=es2019,mode=imports/optimized/google-protobuf.js:4435:14)
    at Function.deserialize (file:///Users/thesayyn/Documents/thesayyn/protoc-gen-ts/target/debug/build/protoc_gen_ts-8cec2bec66276c47/out/test_conformance/test_messages_proto3.ts:958:24)
    at file:///Users/thesayyn/Documents/thesayyn/protoc-gen-ts/tests/conformance/bin/main.ts:23:78

  protobuf_test_messages.proto2.TestAllTypesProto2 1
  Error: Assertion failed
    at Object.jspb.asserts.doAssertFailure (https://cdn.skypack.dev/-/google-protobuf@v3.21.2-YDUqZL2TTSsy2lGtfuND/dist=es2019,mode=imports/optimized/google-protobuf.js:778:11)
    at Object.jspb.asserts.assert (https://cdn.skypack.dev/-/google-protobuf@v3.21.2-YDUqZL2TTSsy2lGtfuND/dist=es2019,mode=imports/optimized/google-protobuf.js:783:23)
    at jspb.BinaryDecoder.advance (https://cdn.skypack.dev/-/google-protobuf@v3.21.2-YDUqZL2TTSsy2lGtfuND/dist=es2019,mode=imports/optimized/google-protobuf.js:4081:18)
    at jspb.BinaryReader.skipDelimitedField (https://cdn.skypack.dev/-/google-protobuf@v3.21.2-YDUqZL2TTSsy2lGtfuND/dist=es2019,mode=imports/optimized/google-protobuf.js:4402:21)
    at jspb.BinaryReader.skipField (https://cdn.skypack.dev/-/google-protobuf@v3.21.2-YDUqZL2TTSsy2lGtfuND/dist=es2019,mode=imports/optimized/google-protobuf.js:4435:14)
    at Function.deserialize (file:///Users/thesayyn/Documents/thesayyn/protoc-gen-ts/target/debug/build/protoc_gen_ts-8cec2bec66276c47/out/test_conformance/test_messages_proto2.ts:865:24)
    at file:///Users/thesayyn/Documents/thesayyn/protoc-gen-ts/tests/conformance/bin/main.ts:30:78

  protobuf_test_messages.proto3.TestAllTypesProto3 1
  Error: Assertion failed
    at Object.jspb.asserts.doAssertFailure (https://cdn.skypack.dev/-/google-protobuf@v3.21.2-YDUqZL2TTSsy2lGtfuND/dist=es2019,mode=imports/optimized/google-protobuf.js:778:11)
    at Object.jspb.asserts.assert (https://cdn.skypack.dev/-/google-protobuf@v3.21.2-YDUqZL2TTSsy2lGtfuND/dist=es2019,mode=imports/optimized/google-protobuf.js:783:23)
    at jspb.BinaryDecoder.readUnsignedVarint32 (https://cdn.skypack.dev/-/google-protobuf@v3.21.2-YDUqZL2TTSsy2lGtfuND/dist=es2019,mode=imports/optimized/google-protobuf.js:4150:18)
    at jspb.BinaryReader.getFieldDecoder (https://cdn.skypack.dev/-/google-protobuf@v3.21.2-YDUqZL2TTSsy2lGtfuND/dist=es2019,mode=imports/optimized/google-protobuf.js:4526:27)
    at Function.deserialize (file:///Users/thesayyn/Documents/thesayyn/protoc-gen-ts/target/debug/build/protoc_gen_ts-8cec2bec66276c47/out/test_conformance/test_messages_proto3.ts:217:133)
    at file:///Users/thesayyn/Documents/thesayyn/protoc-gen-ts/tests/conformance/bin/main.ts:23:78

  protobuf_test_messages.proto2.TestAllTypesProto2 1
  Error: Assertion failed
    at Object.jspb.asserts.doAssertFailure (https://cdn.skypack.dev/-/google-protobuf@v3.21.2-YDUqZL2TTSsy2lGtfuND/dist=es2019,mode=imports/optimized/google-protobuf.js:778:11)
    at Object.jspb.asserts.assert (https://cdn.skypack.dev/-/google-protobuf@v3.21.2-YDUqZL2TTSsy2lGtfuND/dist=es2019,mode=imports/optimized/google-protobuf.js:783:23)
    at jspb.BinaryDecoder.readUnsignedVarint32 (https://cdn.skypack.dev/-/google-protobuf@v3.21.2-YDUqZL2TTSsy2lGtfuND/dist=es2019,mode=imports/optimized/google-protobuf.js:4150:18)
    at jspb.BinaryReader.getFieldDecoder (https://cdn.skypack.dev/-/google-protobuf@v3.21.2-YDUqZL2TTSsy2lGtfuND/dist=es2019,mode=imports/optimized/google-protobuf.js:4526:27)
    at Function.deserialize (file:///Users/thesayyn/Documents/thesayyn/protoc-gen-ts/target/debug/build/protoc_gen_ts-8cec2bec66276c47/out/test_conformance/test_messages_proto2.ts:193:133)
    at file:///Users/thesayyn/Documents/thesayyn/protoc-gen-ts/tests/conformance/bin/main.ts:30:78

  protobuf_test_messages.proto3.TestAllTypesProto3 1
  Error: Assertion failed
    at Object.jspb.asserts.doAssertFailure (https://cdn.skypack.dev/-/google-protobuf@v3.21.2-YDUqZL2TTSsy2lGtfuND/dist=es2019,mode=imports/optimized/google-protobuf.js:778:11)
    at Object.jspb.asserts.assert (https://cdn.skypack.dev/-/google-protobuf@v3.21.2-YDUqZL2TTSsy2lGtfuND/dist=es2019,mode=imports/optimized/google-protobuf.js:783:23)
    at jspb.BinaryDecoder.readUnsignedVarint32 (https://cdn.skypack.dev/-/google-protobuf@v3.21.2-YDUqZL2TTSsy2lGtfuND/dist=es2019,mode=imports/optimized/google-protobuf.js:4150:18)
    at jspb.BinaryReader.getFieldDecoder (https://cdn.skypack.dev/-/google-protobuf@v3.21.2-YDUqZL2TTSsy2lGtfuND/dist=es2019,mode=imports/optimized/google-protobuf.js:4526:27)
    at Function.deserialize (file:///Users/thesayyn/Documents/thesayyn/protoc-gen-ts/target/debug/build/protoc_gen_ts-8cec2bec66276c47/out/test_conformance/test_messages_proto3.ts:299:136)
    at file:///Users/thesayyn/Documents/thesayyn/protoc-gen-ts/tests/conformance/bin/main.ts:23:78

  protobuf_test_messages.proto2.TestAllTypesProto2 1
  Error: Assertion failed
    at Object.jspb.asserts.doAssertFailure (https://cdn.skypack.dev/-/google-protobuf@v3.21.2-YDUqZL2TTSsy2lGtfuND/dist=es2019,mode=imports/optimized/google-protobuf.js:778:11)
    at Object.jspb.asserts.assert (https://cdn.skypack.dev/-/google-protobuf@v3.21.2-YDUqZL2TTSsy2lGtfuND/dist=es2019,mode=imports/optimized/google-protobuf.js:783:23)
    at jspb.BinaryDecoder.readUnsignedVarint32 (https://cdn.skypack.dev/-/google-protobuf@v3.21.2-YDUqZL2TTSsy2lGtfuND/dist=es2019,mode=imports/optimized/google-protobuf.js:4150:18)
    at jspb.BinaryReader.getFieldDecoder (https://cdn.skypack.dev/-/google-protobuf@v3.21.2-YDUqZL2TTSsy2lGtfuND/dist=es2019,mode=imports/optimized/google-protobuf.js:4526:27)
    at Function.deserialize (file:///Users/thesayyn/Documents/thesayyn/protoc-gen-ts/target/debug/build/protoc_gen_ts-8cec2bec66276c47/out/test_conformance/test_messages_proto2.ts:259:136)
    at file:///Users/thesayyn/Documents/thesayyn/protoc-gen-ts/tests/conformance/bin/main.ts:30:78

  protobuf_test_messages.proto3.TestAllTypesProto3 1
  Error: Assertion failed
    at Object.jspb.asserts.doAssertFailure (https://cdn.skypack.dev/-/google-protobuf@v3.21.2-YDUqZL2TTSsy2lGtfuND/dist=es2019,mode=imports/optimized/google-protobuf.js:778:11)
    at Object.jspb.asserts.assert (https://cdn.skypack.dev/-/google-protobuf@v3.21.2-YDUqZL2TTSsy2lGtfuND/dist=es2019,mode=imports/optimized/google-protobuf.js:783:23)
    at jspb.BinaryDecoder.readUnsignedVarint32 (https://cdn.skypack.dev/-/google-protobuf@v3.21.2-YDUqZL2TTSsy2lGtfuND/dist=es2019,mode=imports/optimized/google-protobuf.js:4150:18)
    at jspb.BinaryReader.skipDelimitedField (https://cdn.skypack.dev/-/google-protobuf@v3.21.2-YDUqZL2TTSsy2lGtfuND/dist=es2019,mode=imports/optimized/google-protobuf.js:4401:29)
    at jspb.BinaryReader.skipField (https://cdn.skypack.dev/-/google-protobuf@v3.21.2-YDUqZL2TTSsy2lGtfuND/dist=es2019,mode=imports/optimized/google-protobuf.js:4435:14)
    at Function.deserialize (file:///Users/thesayyn/Documents/thesayyn/protoc-gen-ts/target/debug/build/protoc_gen_ts-8cec2bec66276c47/out/test_conformance/test_messages_proto3.ts:958:24)
    at file:///Users/thesayyn/Documents/thesayyn/protoc-gen-ts/tests/conformance/bin/main.ts:23:78

  protobuf_test_messages.proto2.TestAllTypesProto2 1
  Error: Assertion failed
    at Object.jspb.asserts.doAssertFailure (https://cdn.skypack.dev/-/google-protobuf@v3.21.2-YDUqZL2TTSsy2lGtfuND/dist=es2019,mode=imports/optimized/google-protobuf.js:778:11)
    at Object.jspb.asserts.assert (https://cdn.skypack.dev/-/google-protobuf@v3.21.2-YDUqZL2TTSsy2lGtfuND/dist=es2019,mode=imports/optimized/google-protobuf.js:783:23)
    at jspb.BinaryDecoder.readUnsignedVarint32 (https://cdn.skypack.dev/-/google-protobuf@v3.21.2-YDUqZL2TTSsy2lGtfuND/dist=es2019,mode=imports/optimized/google-protobuf.js:4150:18)
    at jspb.BinaryReader.skipDelimitedField (https://cdn.skypack.dev/-/google-protobuf@v3.21.2-YDUqZL2TTSsy2lGtfuND/dist=es2019,mode=imports/optimized/google-protobuf.js:4401:29)
    at jspb.BinaryReader.skipField (https://cdn.skypack.dev/-/google-protobuf@v3.21.2-YDUqZL2TTSsy2lGtfuND/dist=es2019,mode=imports/optimized/google-protobuf.js:4435:14)
    at Function.deserialize (file:///Users/thesayyn/Documents/thesayyn/protoc-gen-ts/target/debug/build/protoc_gen_ts-8cec2bec66276c47/out/test_conformance/test_messages_proto2.ts:865:24)
    at file:///Users/thesayyn/Documents/thesayyn/protoc-gen-ts/tests/conformance/bin/main.ts:30:78

  protobuf_test_messages.proto3.TestAllTypesProto3 1
  Error: Assertion failed
    at Object.jspb.asserts.doAssertFailure (https://cdn.skypack.dev/-/google-protobuf@v3.21.2-YDUqZL2TTSsy2lGtfuND/dist=es2019,mode=imports/optimized/google-protobuf.js:778:11)
    at Object.jspb.asserts.assert (https://cdn.skypack.dev/-/google-protobuf@v3.21.2-YDUqZL2TTSsy2lGtfuND/dist=es2019,mode=imports/optimized/google-protobuf.js:783:23)
    at jspb.BinaryDecoder.readUnsignedVarint32 (https://cdn.skypack.dev/-/google-protobuf@v3.21.2-YDUqZL2TTSsy2lGtfuND/dist=es2019,mode=imports/optimized/google-protobuf.js:4150:18)
    at jspb.BinaryReader.getFieldDecoder (https://cdn.skypack.dev/-/google-protobuf@v3.21.2-YDUqZL2TTSsy2lGtfuND/dist=es2019,mode=imports/optimized/google-protobuf.js:4526:27)
    at Function.deserialize (file:///Users/thesayyn/Documents/thesayyn/protoc-gen-ts/target/debug/build/protoc_gen_ts-8cec2bec66276c47/out/test_conformance/test_messages_proto3.ts:217:133)
    at file:///Users/thesayyn/Documents/thesayyn/protoc-gen-ts/tests/conformance/bin/main.ts:23:78

  protobuf_test_messages.proto2.TestAllTypesProto2 1
  Error: Assertion failed
    at Object.jspb.asserts.doAssertFailure (https://cdn.skypack.dev/-/google-protobuf@v3.21.2-YDUqZL2TTSsy2lGtfuND/dist=es2019,mode=imports/optimized/google-protobuf.js:778:11)
    at Object.jspb.asserts.assert (https://cdn.skypack.dev/-/google-protobuf@v3.21.2-YDUqZL2TTSsy2lGtfuND/dist=es2019,mode=imports/optimized/google-protobuf.js:783:23)
    at jspb.BinaryDecoder.readUnsignedVarint32 (https://cdn.skypack.dev/-/google-protobuf@v3.21.2-YDUqZL2TTSsy2lGtfuND/dist=es2019,mode=imports/optimized/google-protobuf.js:4150:18)
    at jspb.BinaryReader.getFieldDecoder (https://cdn.skypack.dev/-/google-protobuf@v3.21.2-YDUqZL2TTSsy2lGtfuND/dist=es2019,mode=imports/optimized/google-protobuf.js:4526:27)
    at Function.deserialize (file:///Users/thesayyn/Documents/thesayyn/protoc-gen-ts/target/debug/build/protoc_gen_ts-8cec2bec66276c47/out/test_conformance/test_messages_proto2.ts:193:133)
    at file:///Users/thesayyn/Documents/thesayyn/protoc-gen-ts/tests/conformance/bin/main.ts:30:78

  protobuf_test_messages.proto3.TestAllTypesProto3 1
  Error: Assertion failed
    at Object.jspb.asserts.doAssertFailure (https://cdn.skypack.dev/-/google-protobuf@v3.21.2-YDUqZL2TTSsy2lGtfuND/dist=es2019,mode=imports/optimized/google-protobuf.js:778:11)
    at Object.jspb.asserts.assert (https://cdn.skypack.dev/-/google-protobuf@v3.21.2-YDUqZL2TTSsy2lGtfuND/dist=es2019,mode=imports/optimized/google-protobuf.js:783:23)
    at jspb.BinaryDecoder.readUnsignedVarint32 (https://cdn.skypack.dev/-/google-protobuf@v3.21.2-YDUqZL2TTSsy2lGtfuND/dist=es2019,mode=imports/optimized/google-protobuf.js:4150:18)
    at jspb.BinaryReader.getFieldDecoder (https://cdn.skypack.dev/-/google-protobuf@v3.21.2-YDUqZL2TTSsy2lGtfuND/dist=es2019,mode=imports/optimized/google-protobuf.js:4526:27)
    at Function.deserialize (file:///Users/thesayyn/Documents/thesayyn/protoc-gen-ts/target/debug/build/protoc_gen_ts-8cec2bec66276c47/out/test_conformance/test_messages_proto3.ts:299:136)
    at file:///Users/thesayyn/Documents/thesayyn/protoc-gen-ts/tests/conformance/bin/main.ts:23:78

  protobuf_test_messages.proto2.TestAllTypesProto2 1
  Error: Assertion failed
    at Object.jspb.asserts.doAssertFailure (https://cdn.skypack.dev/-/google-protobuf@v3.21.2-YDUqZL2TTSsy2lGtfuND/dist=es2019,mode=imports/optimized/google-protobuf.js:778:11)
    at Object.jspb.asserts.assert (https://cdn.skypack.dev/-/google-protobuf@v3.21.2-YDUqZL2TTSsy2lGtfuND/dist=es2019,mode=imports/optimized/google-protobuf.js:783:23)
    at jspb.BinaryDecoder.readUnsignedVarint32 (https://cdn.skypack.dev/-/google-protobuf@v3.21.2-YDUqZL2TTSsy2lGtfuND/dist=es2019,mode=imports/optimized/google-protobuf.js:4150:18)
    at jspb.BinaryReader.getFieldDecoder (https://cdn.skypack.dev/-/google-protobuf@v3.21.2-YDUqZL2TTSsy2lGtfuND/dist=es2019,mode=imports/optimized/google-protobuf.js:4526:27)
    at Function.deserialize (file:///Users/thesayyn/Documents/thesayyn/protoc-gen-ts/target/debug/build/protoc_gen_ts-8cec2bec66276c47/out/test_conformance/test_messages_proto2.ts:259:136)
    at file:///Users/thesayyn/Documents/thesayyn/protoc-gen-ts/tests/conformance/bin/main.ts:30:78

  protobuf_test_messages.proto3.TestAllTypesProto3 1
  Error: Assertion failed
    at Object.jspb.asserts.doAssertFailure (https://cdn.skypack.dev/-/google-protobuf@v3.21.2-YDUqZL2TTSsy2lGtfuND/dist=es2019,mode=imports/optimized/google-protobuf.js:778:11)
    at Object.jspb.asserts.assert (https://cdn.skypack.dev/-/google-protobuf@v3.21.2-YDUqZL2TTSsy2lGtfuND/dist=es2019,mode=imports/optimized/google-protobuf.js:783:23)
    at jspb.BinaryDecoder.readUnsignedVarint32 (https://cdn.skypack.dev/-/google-protobuf@v3.21.2-YDUqZL2TTSsy2lGtfuND/dist=es2019,mode=imports/optimized/google-protobuf.js:4150:18)
    at jspb.BinaryReader.skipDelimitedField (https://cdn.skypack.dev/-/google-protobuf@v3.21.2-YDUqZL2TTSsy2lGtfuND/dist=es2019,mode=imports/optimized/google-protobuf.js:4401:29)
    at jspb.BinaryReader.skipField (https://cdn.skypack.dev/-/google-protobuf@v3.21.2-YDUqZL2TTSsy2lGtfuND/dist=es2019,mode=imports/optimized/google-protobuf.js:4435:14)
    at Function.deserialize (file:///Users/thesayyn/Documents/thesayyn/protoc-gen-ts/target/debug/build/protoc_gen_ts-8cec2bec66276c47/out/test_conformance/test_messages_proto3.ts:958:24)
    at file:///Users/thesayyn/Documents/thesayyn/protoc-gen-ts/tests/conformance/bin/main.ts:23:78

  protobuf_test_messages.proto2.TestAllTypesProto2 1
  Error: Assertion failed
    at Object.jspb.asserts.doAssertFailure (https://cdn.skypack.dev/-/google-protobuf@v3.21.2-YDUqZL2TTSsy2lGtfuND/dist=es2019,mode=imports/optimized/google-protobuf.js:778:11)
    at Object.jspb.asserts.assert (https://cdn.skypack.dev/-/google-protobuf@v3.21.2-YDUqZL2TTSsy2lGtfuND/dist=es2019,mode=imports/optimized/google-protobuf.js:783:23)
    at jspb.BinaryDecoder.readUnsignedVarint32 (https://cdn.skypack.dev/-/google-protobuf@v3.21.2-YDUqZL2TTSsy2lGtfuND/dist=es2019,mode=imports/optimized/google-protobuf.js:4150:18)
    at jspb.BinaryReader.skipDelimitedField (https://cdn.skypack.dev/-/google-protobuf@v3.21.2-YDUqZL2TTSsy2lGtfuND/dist=es2019,mode=imports/optimized/google-protobuf.js:4401:29)
    at jspb.BinaryReader.skipField (https://cdn.skypack.dev/-/google-protobuf@v3.21.2-YDUqZL2TTSsy2lGtfuND/dist=es2019,mode=imports/optimized/google-protobuf.js:4435:14)
    at Function.deserialize (file:///Users/thesayyn/Documents/thesayyn/protoc-gen-ts/target/debug/build/protoc_gen_ts-8cec2bec66276c47/out/test_conformance/test_messages_proto2.ts:865:24)
    at file:///Users/thesayyn/Documents/thesayyn/protoc-gen-ts/tests/conformance/bin/main.ts:30:78

  protobuf_test_messages.proto3.TestAllTypesProto3 1
  Error: Assertion failed
    at Object.jspb.asserts.doAssertFailure (https://cdn.skypack.dev/-/google-protobuf@v3.21.2-YDUqZL2TTSsy2lGtfuND/dist=es2019,mode=imports/optimized/google-protobuf.js:778:11)
    at Object.jspb.asserts.assert (https://cdn.skypack.dev/-/google-protobuf@v3.21.2-YDUqZL2TTSsy2lGtfuND/dist=es2019,mode=imports/optimized/google-protobuf.js:783:23)
    at jspb.BinaryDecoder.advance (https://cdn.skypack.dev/-/google-protobuf@v3.21.2-YDUqZL2TTSsy2lGtfuND/dist=es2019,mode=imports/optimized/google-protobuf.js:4081:18)
    at jspb.BinaryReader.skipDelimitedField (https://cdn.skypack.dev/-/google-protobuf@v3.21.2-YDUqZL2TTSsy2lGtfuND/dist=es2019,mode=imports/optimized/google-protobuf.js:4402:21)
    at jspb.BinaryReader.skipField (https://cdn.skypack.dev/-/google-protobuf@v3.21.2-YDUqZL2TTSsy2lGtfuND/dist=es2019,mode=imports/optimized/google-protobuf.js:4435:14)
    at Function.deserialize (file:///Users/thesayyn/Documents/thesayyn/protoc-gen-ts/target/debug/build/protoc_gen_ts-8cec2bec66276c47/out/test_conformance/test_messages_proto3.ts:1986:24)
    at Function.deserialize (file:///Users/thesayyn/Documents/thesayyn/protoc-gen-ts/target/debug/build/protoc_gen_ts-8cec2bec66276c47/out/test_conformance/test_messages_proto3.ts:217:118)
    at file:///Users/thesayyn/Documents/thesayyn/protoc-gen-ts/tests/conformance/bin/main.ts:23:78

  protobuf_test_messages.proto2.TestAllTypesProto2 1
  Error: Assertion failed
    at Object.jspb.asserts.doAssertFailure (https://cdn.skypack.dev/-/google-protobuf@v3.21.2-YDUqZL2TTSsy2lGtfuND/dist=es2019,mode=imports/optimized/google-protobuf.js:778:11)
    at Object.jspb.asserts.assert (https://cdn.skypack.dev/-/google-protobuf@v3.21.2-YDUqZL2TTSsy2lGtfuND/dist=es2019,mode=imports/optimized/google-protobuf.js:783:23)
    at jspb.BinaryDecoder.advance (https://cdn.skypack.dev/-/google-protobuf@v3.21.2-YDUqZL2TTSsy2lGtfuND/dist=es2019,mode=imports/optimized/google-protobuf.js:4081:18)
    at jspb.BinaryReader.skipDelimitedField (https://cdn.skypack.dev/-/google-protobuf@v3.21.2-YDUqZL2TTSsy2lGtfuND/dist=es2019,mode=imports/optimized/google-protobuf.js:4402:21)
    at jspb.BinaryReader.skipField (https://cdn.skypack.dev/-/google-protobuf@v3.21.2-YDUqZL2TTSsy2lGtfuND/dist=es2019,mode=imports/optimized/google-protobuf.js:4435:14)
    at Function.deserialize (file:///Users/thesayyn/Documents/thesayyn/protoc-gen-ts/target/debug/build/protoc_gen_ts-8cec2bec66276c47/out/test_conformance/test_messages_proto2.ts:1772:24)
    at Function.deserialize (file:///Users/thesayyn/Documents/thesayyn/protoc-gen-ts/target/debug/build/protoc_gen_ts-8cec2bec66276c47/out/test_conformance/test_messages_proto2.ts:193:118)
    at file:///Users/thesayyn/Documents/thesayyn/protoc-gen-ts/tests/conformance/bin/main.ts:30:78

  protobuf_test_messages.proto3.TestAllTypesProto3 1
  Error: Assertion failed
    at Object.jspb.asserts.doAssertFailure (https://cdn.skypack.dev/-/google-protobuf@v3.21.2-YDUqZL2TTSsy2lGtfuND/dist=es2019,mode=imports/optimized/google-protobuf.js:778:11)
    at Object.jspb.asserts.assert (https://cdn.skypack.dev/-/google-protobuf@v3.21.2-YDUqZL2TTSsy2lGtfuND/dist=es2019,mode=imports/optimized/google-protobuf.js:783:23)
    at jspb.BinaryDecoder.advance (https://cdn.skypack.dev/-/google-protobuf@v3.21.2-YDUqZL2TTSsy2lGtfuND/dist=es2019,mode=imports/optimized/google-protobuf.js:4081:18)
    at jspb.BinaryReader.skipDelimitedField (https://cdn.skypack.dev/-/google-protobuf@v3.21.2-YDUqZL2TTSsy2lGtfuND/dist=es2019,mode=imports/optimized/google-protobuf.js:4402:21)
    at jspb.BinaryReader.skipField (https://cdn.skypack.dev/-/google-protobuf@v3.21.2-YDUqZL2TTSsy2lGtfuND/dist=es2019,mode=imports/optimized/google-protobuf.js:4435:14)
    at Function.deserialize (file:///Users/thesayyn/Documents/thesayyn/protoc-gen-ts/target/debug/build/protoc_gen_ts-8cec2bec66276c47/out/test_conformance/test_messages_proto3.ts:1986:24)
    at Function.deserialize (file:///Users/thesayyn/Documents/thesayyn/protoc-gen-ts/target/debug/build/protoc_gen_ts-8cec2bec66276c47/out/test_conformance/test_messages_proto3.ts:299:121)
    at file:///Users/thesayyn/Documents/thesayyn/protoc-gen-ts/tests/conformance/bin/main.ts:23:78

  protobuf_test_messages.proto2.TestAllTypesProto2 1
  Error: Assertion failed
    at Object.jspb.asserts.doAssertFailure (https://cdn.skypack.dev/-/google-protobuf@v3.21.2-YDUqZL2TTSsy2lGtfuND/dist=es2019,mode=imports/optimized/google-protobuf.js:778:11)
    at Object.jspb.asserts.assert (https://cdn.skypack.dev/-/google-protobuf@v3.21.2-YDUqZL2TTSsy2lGtfuND/dist=es2019,mode=imports/optimized/google-protobuf.js:783:23)
    at jspb.BinaryDecoder.advance (https://cdn.skypack.dev/-/google-protobuf@v3.21.2-YDUqZL2TTSsy2lGtfuND/dist=es2019,mode=imports/optimized/google-protobuf.js:4081:18)
    at jspb.BinaryReader.skipDelimitedField (https://cdn.skypack.dev/-/google-protobuf@v3.21.2-YDUqZL2TTSsy2lGtfuND/dist=es2019,mode=imports/optimized/google-protobuf.js:4402:21)
    at jspb.BinaryReader.skipField (https://cdn.skypack.dev/-/google-protobuf@v3.21.2-YDUqZL2TTSsy2lGtfuND/dist=es2019,mode=imports/optimized/google-protobuf.js:4435:14)
    at Function.deserialize (file:///Users/thesayyn/Documents/thesayyn/protoc-gen-ts/target/debug/build/protoc_gen_ts-8cec2bec66276c47/out/test_conformance/test_messages_proto2.ts:1772:24)
    at Function.deserialize (file:///Users/thesayyn/Documents/thesayyn/protoc-gen-ts/target/debug/build/protoc_gen_ts-8cec2bec66276c47/out/test_conformance/test_messages_proto2.ts:259:121)
    at file:///Users/thesayyn/Documents/thesayyn/protoc-gen-ts/tests/conformance/bin/main.ts:30:78

  protobuf_test_messages.proto3.TestAllTypesProto3 1
  Error: Assertion failed
    at Object.jspb.asserts.doAssertFailure (https://cdn.skypack.dev/-/google-protobuf@v3.21.2-YDUqZL2TTSsy2lGtfuND/dist=es2019,mode=imports/optimized/google-protobuf.js:778:11)
    at Object.jspb.asserts.assert (https://cdn.skypack.dev/-/google-protobuf@v3.21.2-YDUqZL2TTSsy2lGtfuND/dist=es2019,mode=imports/optimized/google-protobuf.js:783:23)
    at jspb.BinaryDecoder.advance (https://cdn.skypack.dev/-/google-protobuf@v3.21.2-YDUqZL2TTSsy2lGtfuND/dist=es2019,mode=imports/optimized/google-protobuf.js:4081:18)
    at jspb.BinaryReader.skipDelimitedField (https://cdn.skypack.dev/-/google-protobuf@v3.21.2-YDUqZL2TTSsy2lGtfuND/dist=es2019,mode=imports/optimized/google-protobuf.js:4402:21)
    at jspb.BinaryReader.skipField (https://cdn.skypack.dev/-/google-protobuf@v3.21.2-YDUqZL2TTSsy2lGtfuND/dist=es2019,mode=imports/optimized/google-protobuf.js:4435:14)
    at Function.deserialize (file:///Users/thesayyn/Documents/thesayyn/protoc-gen-ts/target/debug/build/protoc_gen_ts-8cec2bec66276c47/out/test_conformance/test_messages_proto3.ts:958:24)
    at file:///Users/thesayyn/Documents/thesayyn/protoc-gen-ts/tests/conformance/bin/main.ts:23:78

  protobuf_test_messages.proto2.TestAllTypesProto2 1
  Error: Assertion failed
    at Object.jspb.asserts.doAssertFailure (https://cdn.skypack.dev/-/google-protobuf@v3.21.2-YDUqZL2TTSsy2lGtfuND/dist=es2019,mode=imports/optimized/google-protobuf.js:778:11)
    at Object.jspb.asserts.assert (https://cdn.skypack.dev/-/google-protobuf@v3.21.2-YDUqZL2TTSsy2lGtfuND/dist=es2019,mode=imports/optimized/google-protobuf.js:783:23)
    at jspb.BinaryDecoder.advance (https://cdn.skypack.dev/-/google-protobuf@v3.21.2-YDUqZL2TTSsy2lGtfuND/dist=es2019,mode=imports/optimized/google-protobuf.js:4081:18)
    at jspb.BinaryReader.skipDelimitedField (https://cdn.skypack.dev/-/google-protobuf@v3.21.2-YDUqZL2TTSsy2lGtfuND/dist=es2019,mode=imports/optimized/google-protobuf.js:4402:21)
    at jspb.BinaryReader.skipField (https://cdn.skypack.dev/-/google-protobuf@v3.21.2-YDUqZL2TTSsy2lGtfuND/dist=es2019,mode=imports/optimized/google-protobuf.js:4435:14)
    at Function.deserialize (file:///Users/thesayyn/Documents/thesayyn/protoc-gen-ts/target/debug/build/protoc_gen_ts-8cec2bec66276c47/out/test_conformance/test_messages_proto2.ts:865:24)
    at file:///Users/thesayyn/Documents/thesayyn/protoc-gen-ts/tests/conformance/bin/main.ts:30:78

  protobuf_test_messages.proto3.TestAllTypesProto3 1
  Error: Assertion failed
    at Object.jspb.asserts.doAssertFailure (https://cdn.skypack.dev/-/google-protobuf@v3.21.2-YDUqZL2TTSsy2lGtfuND/dist=es2019,mode=imports/optimized/google-protobuf.js:778:11)
    at Object.jspb.asserts.assert (https://cdn.skypack.dev/-/google-protobuf@v3.21.2-YDUqZL2TTSsy2lGtfuND/dist=es2019,mode=imports/optimized/google-protobuf.js:783:23)
    at jspb.BinaryDecoder.readUnsignedVarint32 (https://cdn.skypack.dev/-/google-protobuf@v3.21.2-YDUqZL2TTSsy2lGtfuND/dist=es2019,mode=imports/optimized/google-protobuf.js:4150:18)
    at jspb.BinaryReader.readBytes (https://cdn.skypack.dev/-/google-protobuf@v3.21.2-YDUqZL2TTSsy2lGtfuND/dist=es2019,mode=imports/optimized/google-protobuf.js:4641:27)
    at Function.deserialize (file:///Users/thesayyn/Documents/thesayyn/protoc-gen-ts/target/debug/build/protoc_gen_ts-8cec2bec66276c47/out/test_conformance/test_messages_proto3.ts:214:49)
    at file:///Users/thesayyn/Documents/thesayyn/protoc-gen-ts/tests/conformance/bin/main.ts:23:78

  protobuf_test_messages.proto2.TestAllTypesProto2 1
  Error: Assertion failed
    at Object.jspb.asserts.doAssertFailure (https://cdn.skypack.dev/-/google-protobuf@v3.21.2-YDUqZL2TTSsy2lGtfuND/dist=es2019,mode=imports/optimized/google-protobuf.js:778:11)
    at Object.jspb.asserts.assert (https://cdn.skypack.dev/-/google-protobuf@v3.21.2-YDUqZL2TTSsy2lGtfuND/dist=es2019,mode=imports/optimized/google-protobuf.js:783:23)
    at jspb.BinaryDecoder.readUnsignedVarint32 (https://cdn.skypack.dev/-/google-protobuf@v3.21.2-YDUqZL2TTSsy2lGtfuND/dist=es2019,mode=imports/optimized/google-protobuf.js:4150:18)
    at jspb.BinaryReader.readBytes (https://cdn.skypack.dev/-/google-protobuf@v3.21.2-YDUqZL2TTSsy2lGtfuND/dist=es2019,mode=imports/optimized/google-protobuf.js:4641:27)
    at Function.deserialize (file:///Users/thesayyn/Documents/thesayyn/protoc-gen-ts/target/debug/build/protoc_gen_ts-8cec2bec66276c47/out/test_conformance/test_messages_proto2.ts:190:49)
    at file:///Users/thesayyn/Documents/thesayyn/protoc-gen-ts/tests/conformance/bin/main.ts:30:78

  protobuf_test_messages.proto3.TestAllTypesProto3 1
  Error: Assertion failed
    at Object.jspb.asserts.doAssertFailure (https://cdn.skypack.dev/-/google-protobuf@v3.21.2-YDUqZL2TTSsy2lGtfuND/dist=es2019,mode=imports/optimized/google-protobuf.js:778:11)
    at Object.jspb.asserts.assert (https://cdn.skypack.dev/-/google-protobuf@v3.21.2-YDUqZL2TTSsy2lGtfuND/dist=es2019,mode=imports/optimized/google-protobuf.js:783:23)
    at jspb.BinaryDecoder.readUnsignedVarint32 (https://cdn.skypack.dev/-/google-protobuf@v3.21.2-YDUqZL2TTSsy2lGtfuND/dist=es2019,mode=imports/optimized/google-protobuf.js:4150:18)
    at jspb.BinaryReader.readBytes (https://cdn.skypack.dev/-/google-protobuf@v3.21.2-YDUqZL2TTSsy2lGtfuND/dist=es2019,mode=imports/optimized/google-protobuf.js:4641:27)
    at Function.deserialize (file:///Users/thesayyn/Documents/thesayyn/protoc-gen-ts/target/debug/build/protoc_gen_ts-8cec2bec66276c47/out/test_conformance/test_messages_proto3.ts:296:52)
    at file:///Users/thesayyn/Documents/thesayyn/protoc-gen-ts/tests/conformance/bin/main.ts:23:78

  protobuf_test_messages.proto2.TestAllTypesProto2 1
  Error: Assertion failed
    at Object.jspb.asserts.doAssertFailure (https://cdn.skypack.dev/-/google-protobuf@v3.21.2-YDUqZL2TTSsy2lGtfuND/dist=es2019,mode=imports/optimized/google-protobuf.js:778:11)
    at Object.jspb.asserts.assert (https://cdn.skypack.dev/-/google-protobuf@v3.21.2-YDUqZL2TTSsy2lGtfuND/dist=es2019,mode=imports/optimized/google-protobuf.js:783:23)
    at jspb.BinaryDecoder.readUnsignedVarint32 (https://cdn.skypack.dev/-/google-protobuf@v3.21.2-YDUqZL2TTSsy2lGtfuND/dist=es2019,mode=imports/optimized/google-protobuf.js:4150:18)
    at jspb.BinaryReader.readBytes (https://cdn.skypack.dev/-/google-protobuf@v3.21.2-YDUqZL2TTSsy2lGtfuND/dist=es2019,mode=imports/optimized/google-protobuf.js:4641:27)
    at Function.deserialize (file:///Users/thesayyn/Documents/thesayyn/protoc-gen-ts/target/debug/build/protoc_gen_ts-8cec2bec66276c47/out/test_conformance/test_messages_proto2.ts:256:52)
    at file:///Users/thesayyn/Documents/thesayyn/protoc-gen-ts/tests/conformance/bin/main.ts:30:78

  protobuf_test_messages.proto3.TestAllTypesProto3 1
  Error: Assertion failed
    at Object.jspb.asserts.doAssertFailure (https://cdn.skypack.dev/-/google-protobuf@v3.21.2-YDUqZL2TTSsy2lGtfuND/dist=es2019,mode=imports/optimized/google-protobuf.js:778:11)
    at Object.jspb.asserts.assert (https://cdn.skypack.dev/-/google-protobuf@v3.21.2-YDUqZL2TTSsy2lGtfuND/dist=es2019,mode=imports/optimized/google-protobuf.js:783:23)
    at jspb.BinaryDecoder.readUnsignedVarint32 (https://cdn.skypack.dev/-/google-protobuf@v3.21.2-YDUqZL2TTSsy2lGtfuND/dist=es2019,mode=imports/optimized/google-protobuf.js:4150:18)
    at jspb.BinaryReader.skipDelimitedField (https://cdn.skypack.dev/-/google-protobuf@v3.21.2-YDUqZL2TTSsy2lGtfuND/dist=es2019,mode=imports/optimized/google-protobuf.js:4401:29)
    at jspb.BinaryReader.skipField (https://cdn.skypack.dev/-/google-protobuf@v3.21.2-YDUqZL2TTSsy2lGtfuND/dist=es2019,mode=imports/optimized/google-protobuf.js:4435:14)
    at Function.deserialize (file:///Users/thesayyn/Documents/thesayyn/protoc-gen-ts/target/debug/build/protoc_gen_ts-8cec2bec66276c47/out/test_conformance/test_messages_proto3.ts:958:24)
    at file:///Users/thesayyn/Documents/thesayyn/protoc-gen-ts/tests/conformance/bin/main.ts:23:78

  protobuf_test_messages.proto2.TestAllTypesProto2 1
  Error: Assertion failed
    at Object.jspb.asserts.doAssertFailure (https://cdn.skypack.dev/-/google-protobuf@v3.21.2-YDUqZL2TTSsy2lGtfuND/dist=es2019,mode=imports/optimized/google-protobuf.js:778:11)
    at Object.jspb.asserts.assert (https://cdn.skypack.dev/-/google-protobuf@v3.21.2-YDUqZL2TTSsy2lGtfuND/dist=es2019,mode=imports/optimized/google-protobuf.js:783:23)
    at jspb.BinaryDecoder.readUnsignedVarint32 (https://cdn.skypack.dev/-/google-protobuf@v3.21.2-YDUqZL2TTSsy2lGtfuND/dist=es2019,mode=imports/optimized/google-protobuf.js:4150:18)
    at jspb.BinaryReader.skipDelimitedField (https://cdn.skypack.dev/-/google-protobuf@v3.21.2-YDUqZL2TTSsy2lGtfuND/dist=es2019,mode=imports/optimized/google-protobuf.js:4401:29)
    at jspb.BinaryReader.skipField (https://cdn.skypack.dev/-/google-protobuf@v3.21.2-YDUqZL2TTSsy2lGtfuND/dist=es2019,mode=imports/optimized/google-protobuf.js:4435:14)
    at Function.deserialize (file:///Users/thesayyn/Documents/thesayyn/protoc-gen-ts/target/debug/build/protoc_gen_ts-8cec2bec66276c47/out/test_conformance/test_messages_proto2.ts:865:24)
    at file:///Users/thesayyn/Documents/thesayyn/protoc-gen-ts/tests/conformance/bin/main.ts:30:78

  protobuf_test_messages.proto3.TestAllTypesProto3 1
  Error: Assertion failed
    at Object.jspb.asserts.doAssertFailure (https://cdn.skypack.dev/-/google-protobuf@v3.21.2-YDUqZL2TTSsy2lGtfuND/dist=es2019,mode=imports/optimized/google-protobuf.js:778:11)
    at Object.jspb.asserts.assert (https://cdn.skypack.dev/-/google-protobuf@v3.21.2-YDUqZL2TTSsy2lGtfuND/dist=es2019,mode=imports/optimized/google-protobuf.js:783:23)
    at jspb.BinaryDecoder.readUnsignedVarint32 (https://cdn.skypack.dev/-/google-protobuf@v3.21.2-YDUqZL2TTSsy2lGtfuND/dist=es2019,mode=imports/optimized/google-protobuf.js:4150:18)
    at jspb.BinaryReader.readBytes (https://cdn.skypack.dev/-/google-protobuf@v3.21.2-YDUqZL2TTSsy2lGtfuND/dist=es2019,mode=imports/optimized/google-protobuf.js:4641:27)
    at Function.deserialize (file:///Users/thesayyn/Documents/thesayyn/protoc-gen-ts/target/debug/build/protoc_gen_ts-8cec2bec66276c47/out/test_conformance/test_messages_proto3.ts:214:49)
    at file:///Users/thesayyn/Documents/thesayyn/protoc-gen-ts/tests/conformance/bin/main.ts:23:78

  protobuf_test_messages.proto2.TestAllTypesProto2 1
  Error: Assertion failed
    at Object.jspb.asserts.doAssertFailure (https://cdn.skypack.dev/-/google-protobuf@v3.21.2-YDUqZL2TTSsy2lGtfuND/dist=es2019,mode=imports/optimized/google-protobuf.js:778:11)
    at Object.jspb.asserts.assert (https://cdn.skypack.dev/-/google-protobuf@v3.21.2-YDUqZL2TTSsy2lGtfuND/dist=es2019,mode=imports/optimized/google-protobuf.js:783:23)
    at jspb.BinaryDecoder.readUnsignedVarint32 (https://cdn.skypack.dev/-/google-protobuf@v3.21.2-YDUqZL2TTSsy2lGtfuND/dist=es2019,mode=imports/optimized/google-protobuf.js:4150:18)
    at jspb.BinaryReader.readBytes (https://cdn.skypack.dev/-/google-protobuf@v3.21.2-YDUqZL2TTSsy2lGtfuND/dist=es2019,mode=imports/optimized/google-protobuf.js:4641:27)
    at Function.deserialize (file:///Users/thesayyn/Documents/thesayyn/protoc-gen-ts/target/debug/build/protoc_gen_ts-8cec2bec66276c47/out/test_conformance/test_messages_proto2.ts:190:49)
    at file:///Users/thesayyn/Documents/thesayyn/protoc-gen-ts/tests/conformance/bin/main.ts:30:78

  protobuf_test_messages.proto3.TestAllTypesProto3 1
  Error: Assertion failed
    at Object.jspb.asserts.doAssertFailure (https://cdn.skypack.dev/-/google-protobuf@v3.21.2-YDUqZL2TTSsy2lGtfuND/dist=es2019,mode=imports/optimized/google-protobuf.js:778:11)
    at Object.jspb.asserts.assert (https://cdn.skypack.dev/-/google-protobuf@v3.21.2-YDUqZL2TTSsy2lGtfuND/dist=es2019,mode=imports/optimized/google-protobuf.js:783:23)
    at jspb.BinaryDecoder.readUnsignedVarint32 (https://cdn.skypack.dev/-/google-protobuf@v3.21.2-YDUqZL2TTSsy2lGtfuND/dist=es2019,mode=imports/optimized/google-protobuf.js:4150:18)
    at jspb.BinaryReader.readBytes (https://cdn.skypack.dev/-/google-protobuf@v3.21.2-YDUqZL2TTSsy2lGtfuND/dist=es2019,mode=imports/optimized/google-protobuf.js:4641:27)
    at Function.deserialize (file:///Users/thesayyn/Documents/thesayyn/protoc-gen-ts/target/debug/build/protoc_gen_ts-8cec2bec66276c47/out/test_conformance/test_messages_proto3.ts:296:52)
    at file:///Users/thesayyn/Documents/thesayyn/protoc-gen-ts/tests/conformance/bin/main.ts:23:78

  protobuf_test_messages.proto2.TestAllTypesProto2 1
  Error: Assertion failed
    at Object.jspb.asserts.doAssertFailure (https://cdn.skypack.dev/-/google-protobuf@v3.21.2-YDUqZL2TTSsy2lGtfuND/dist=es2019,mode=imports/optimized/google-protobuf.js:778:11)
    at Object.jspb.asserts.assert (https://cdn.skypack.dev/-/google-protobuf@v3.21.2-YDUqZL2TTSsy2lGtfuND/dist=es2019,mode=imports/optimized/google-protobuf.js:783:23)
    at jspb.BinaryDecoder.readUnsignedVarint32 (https://cdn.skypack.dev/-/google-protobuf@v3.21.2-YDUqZL2TTSsy2lGtfuND/dist=es2019,mode=imports/optimized/google-protobuf.js:4150:18)
    at jspb.BinaryReader.readBytes (https://cdn.skypack.dev/-/google-protobuf@v3.21.2-YDUqZL2TTSsy2lGtfuND/dist=es2019,mode=imports/optimized/google-protobuf.js:4641:27)
    at Function.deserialize (file:///Users/thesayyn/Documents/thesayyn/protoc-gen-ts/target/debug/build/protoc_gen_ts-8cec2bec66276c47/out/test_conformance/test_messages_proto2.ts:256:52)
    at file:///Users/thesayyn/Documents/thesayyn/protoc-gen-ts/tests/conformance/bin/main.ts:30:78

  protobuf_test_messages.proto3.TestAllTypesProto3 1
  Error: Assertion failed
    at Object.jspb.asserts.doAssertFailure (https://cdn.skypack.dev/-/google-protobuf@v3.21.2-YDUqZL2TTSsy2lGtfuND/dist=es2019,mode=imports/optimized/google-protobuf.js:778:11)
    at Object.jspb.asserts.assert (https://cdn.skypack.dev/-/google-protobuf@v3.21.2-YDUqZL2TTSsy2lGtfuND/dist=es2019,mode=imports/optimized/google-protobuf.js:783:23)
    at jspb.BinaryDecoder.readUnsignedVarint32 (https://cdn.skypack.dev/-/google-protobuf@v3.21.2-YDUqZL2TTSsy2lGtfuND/dist=es2019,mode=imports/optimized/google-protobuf.js:4150:18)
    at jspb.BinaryReader.skipDelimitedField (https://cdn.skypack.dev/-/google-protobuf@v3.21.2-YDUqZL2TTSsy2lGtfuND/dist=es2019,mode=imports/optimized/google-protobuf.js:4401:29)
    at jspb.BinaryReader.skipField (https://cdn.skypack.dev/-/google-protobuf@v3.21.2-YDUqZL2TTSsy2lGtfuND/dist=es2019,mode=imports/optimized/google-protobuf.js:4435:14)
    at Function.deserialize (file:///Users/thesayyn/Documents/thesayyn/protoc-gen-ts/target/debug/build/protoc_gen_ts-8cec2bec66276c47/out/test_conformance/test_messages_proto3.ts:958:24)
    at file:///Users/thesayyn/Documents/thesayyn/protoc-gen-ts/tests/conformance/bin/main.ts:23:78

  protobuf_test_messages.proto2.TestAllTypesProto2 1
  Error: Assertion failed
    at Object.jspb.asserts.doAssertFailure (https://cdn.skypack.dev/-/google-protobuf@v3.21.2-YDUqZL2TTSsy2lGtfuND/dist=es2019,mode=imports/optimized/google-protobuf.js:778:11)
    at Object.jspb.asserts.assert (https://cdn.skypack.dev/-/google-protobuf@v3.21.2-YDUqZL2TTSsy2lGtfuND/dist=es2019,mode=imports/optimized/google-protobuf.js:783:23)
    at jspb.BinaryDecoder.readUnsignedVarint32 (https://cdn.skypack.dev/-/google-protobuf@v3.21.2-YDUqZL2TTSsy2lGtfuND/dist=es2019,mode=imports/optimized/google-protobuf.js:4150:18)
    at jspb.BinaryReader.skipDelimitedField (https://cdn.skypack.dev/-/google-protobuf@v3.21.2-YDUqZL2TTSsy2lGtfuND/dist=es2019,mode=imports/optimized/google-protobuf.js:4401:29)
    at jspb.BinaryReader.skipField (https://cdn.skypack.dev/-/google-protobuf@v3.21.2-YDUqZL2TTSsy2lGtfuND/dist=es2019,mode=imports/optimized/google-protobuf.js:4435:14)
    at Function.deserialize (file:///Users/thesayyn/Documents/thesayyn/protoc-gen-ts/target/debug/build/protoc_gen_ts-8cec2bec66276c47/out/test_conformance/test_messages_proto2.ts:865:24)
    at file:///Users/thesayyn/Documents/thesayyn/protoc-gen-ts/tests/conformance/bin/main.ts:30:78

  protobuf_test_messages.proto3.TestAllTypesProto3 1
  Error: Failure: Invalid byte length!
    at Object.jspb.asserts.fail (https://cdn.skypack.dev/-/google-protobuf@v3.21.2-YDUqZL2TTSsy2lGtfuND/dist=es2019,mode=imports/optimized/google-protobuf.js:801:11)
    at jspb.BinaryDecoder.readBytes (https://cdn.skypack.dev/-/google-protobuf@v3.21.2-YDUqZL2TTSsy2lGtfuND/dist=es2019,mode=imports/optimized/google-protobuf.js:4289:47)
    at jspb.BinaryReader.readBytes (https://cdn.skypack.dev/-/google-protobuf@v3.21.2-YDUqZL2TTSsy2lGtfuND/dist=es2019,mode=imports/optimized/google-protobuf.js:4642:26)
    at Function.deserialize (file:///Users/thesayyn/Documents/thesayyn/protoc-gen-ts/target/debug/build/protoc_gen_ts-8cec2bec66276c47/out/test_conformance/test_messages_proto3.ts:214:49)
    at file:///Users/thesayyn/Documents/thesayyn/protoc-gen-ts/tests/conformance/bin/main.ts:23:78

  protobuf_test_messages.proto2.TestAllTypesProto2 1
  Error: Failure: Invalid byte length!
    at Object.jspb.asserts.fail (https://cdn.skypack.dev/-/google-protobuf@v3.21.2-YDUqZL2TTSsy2lGtfuND/dist=es2019,mode=imports/optimized/google-protobuf.js:801:11)
    at jspb.BinaryDecoder.readBytes (https://cdn.skypack.dev/-/google-protobuf@v3.21.2-YDUqZL2TTSsy2lGtfuND/dist=es2019,mode=imports/optimized/google-protobuf.js:4289:47)
    at jspb.BinaryReader.readBytes (https://cdn.skypack.dev/-/google-protobuf@v3.21.2-YDUqZL2TTSsy2lGtfuND/dist=es2019,mode=imports/optimized/google-protobuf.js:4642:26)
    at Function.deserialize (file:///Users/thesayyn/Documents/thesayyn/protoc-gen-ts/target/debug/build/protoc_gen_ts-8cec2bec66276c47/out/test_conformance/test_messages_proto2.ts:190:49)
    at file:///Users/thesayyn/Documents/thesayyn/protoc-gen-ts/tests/conformance/bin/main.ts:30:78

  protobuf_test_messages.proto3.TestAllTypesProto3 1
  Error: Failure: Invalid byte length!
    at Object.jspb.asserts.fail (https://cdn.skypack.dev/-/google-protobuf@v3.21.2-YDUqZL2TTSsy2lGtfuND/dist=es2019,mode=imports/optimized/google-protobuf.js:801:11)
    at jspb.BinaryDecoder.readBytes (https://cdn.skypack.dev/-/google-protobuf@v3.21.2-YDUqZL2TTSsy2lGtfuND/dist=es2019,mode=imports/optimized/google-protobuf.js:4289:47)
    at jspb.BinaryReader.readBytes (https://cdn.skypack.dev/-/google-protobuf@v3.21.2-YDUqZL2TTSsy2lGtfuND/dist=es2019,mode=imports/optimized/google-protobuf.js:4642:26)
    at Function.deserialize (file:///Users/thesayyn/Documents/thesayyn/protoc-gen-ts/target/debug/build/protoc_gen_ts-8cec2bec66276c47/out/test_conformance/test_messages_proto3.ts:296:52)
    at file:///Users/thesayyn/Documents/thesayyn/protoc-gen-ts/tests/conformance/bin/main.ts:23:78

  protobuf_test_messages.proto2.TestAllTypesProto2 1
  Error: Failure: Invalid byte length!
    at Object.jspb.asserts.fail (https://cdn.skypack.dev/-/google-protobuf@v3.21.2-YDUqZL2TTSsy2lGtfuND/dist=es2019,mode=imports/optimized/google-protobuf.js:801:11)
    at jspb.BinaryDecoder.readBytes (https://cdn.skypack.dev/-/google-protobuf@v3.21.2-YDUqZL2TTSsy2lGtfuND/dist=es2019,mode=imports/optimized/google-protobuf.js:4289:47)
    at jspb.BinaryReader.readBytes (https://cdn.skypack.dev/-/google-protobuf@v3.21.2-YDUqZL2TTSsy2lGtfuND/dist=es2019,mode=imports/optimized/google-protobuf.js:4642:26)
    at Function.deserialize (file:///Users/thesayyn/Documents/thesayyn/protoc-gen-ts/target/debug/build/protoc_gen_ts-8cec2bec66276c47/out/test_conformance/test_messages_proto2.ts:256:52)
    at file:///Users/thesayyn/Documents/thesayyn/protoc-gen-ts/tests/conformance/bin/main.ts:30:78

  protobuf_test_messages.proto3.TestAllTypesProto3 1
  Error: Assertion failed
    at Object.jspb.asserts.doAssertFailure (https://cdn.skypack.dev/-/google-protobuf@v3.21.2-YDUqZL2TTSsy2lGtfuND/dist=es2019,mode=imports/optimized/google-protobuf.js:778:11)
    at Object.jspb.asserts.assert (https://cdn.skypack.dev/-/google-protobuf@v3.21.2-YDUqZL2TTSsy2lGtfuND/dist=es2019,mode=imports/optimized/google-protobuf.js:783:23)
    at jspb.BinaryDecoder.advance (https://cdn.skypack.dev/-/google-protobuf@v3.21.2-YDUqZL2TTSsy2lGtfuND/dist=es2019,mode=imports/optimized/google-protobuf.js:4081:18)
    at jspb.BinaryReader.skipDelimitedField (https://cdn.skypack.dev/-/google-protobuf@v3.21.2-YDUqZL2TTSsy2lGtfuND/dist=es2019,mode=imports/optimized/google-protobuf.js:4402:21)
    at jspb.BinaryReader.skipField (https://cdn.skypack.dev/-/google-protobuf@v3.21.2-YDUqZL2TTSsy2lGtfuND/dist=es2019,mode=imports/optimized/google-protobuf.js:4435:14)
    at Function.deserialize (file:///Users/thesayyn/Documents/thesayyn/protoc-gen-ts/target/debug/build/protoc_gen_ts-8cec2bec66276c47/out/test_conformance/test_messages_proto3.ts:958:24)
    at file:///Users/thesayyn/Documents/thesayyn/protoc-gen-ts/tests/conformance/bin/main.ts:23:78

  protobuf_test_messages.proto2.TestAllTypesProto2 1
  Error: Assertion failed
    at Object.jspb.asserts.doAssertFailure (https://cdn.skypack.dev/-/google-protobuf@v3.21.2-YDUqZL2TTSsy2lGtfuND/dist=es2019,mode=imports/optimized/google-protobuf.js:778:11)
    at Object.jspb.asserts.assert (https://cdn.skypack.dev/-/google-protobuf@v3.21.2-YDUqZL2TTSsy2lGtfuND/dist=es2019,mode=imports/optimized/google-protobuf.js:783:23)
    at jspb.BinaryDecoder.advance (https://cdn.skypack.dev/-/google-protobuf@v3.21.2-YDUqZL2TTSsy2lGtfuND/dist=es2019,mode=imports/optimized/google-protobuf.js:4081:18)
    at jspb.BinaryReader.skipDelimitedField (https://cdn.skypack.dev/-/google-protobuf@v3.21.2-YDUqZL2TTSsy2lGtfuND/dist=es2019,mode=imports/optimized/google-protobuf.js:4402:21)
    at jspb.BinaryReader.skipField (https://cdn.skypack.dev/-/google-protobuf@v3.21.2-YDUqZL2TTSsy2lGtfuND/dist=es2019,mode=imports/optimized/google-protobuf.js:4435:14)
    at Function.deserialize (file:///Users/thesayyn/Documents/thesayyn/protoc-gen-ts/target/debug/build/protoc_gen_ts-8cec2bec66276c47/out/test_conformance/test_messages_proto2.ts:865:24)
    at file:///Users/thesayyn/Documents/thesayyn/protoc-gen-ts/tests/conformance/bin/main.ts:30:78

  protobuf_test_messages.proto3.TestAllTypesProto3 1
  Error: Assertion failed
    at Object.jspb.asserts.doAssertFailure (https://cdn.skypack.dev/-/google-protobuf@v3.21.2-YDUqZL2TTSsy2lGtfuND/dist=es2019,mode=imports/optimized/google-protobuf.js:778:11)
    at Object.jspb.asserts.assert (https://cdn.skypack.dev/-/google-protobuf@v3.21.2-YDUqZL2TTSsy2lGtfuND/dist=es2019,mode=imports/optimized/google-protobuf.js:783:23)
    at jspb.BinaryDecoder.readUnsignedVarint32 (https://cdn.skypack.dev/-/google-protobuf@v3.21.2-YDUqZL2TTSsy2lGtfuND/dist=es2019,mode=imports/optimized/google-protobuf.js:4150:18)
    at jspb.BinaryReader.readUint32 (https://cdn.skypack.dev/-/google-protobuf@v3.21.2-YDUqZL2TTSsy2lGtfuND/dist=es2019,mode=imports/optimized/google-protobuf.js:4551:26)
    at Function.deserialize (file:///Users/thesayyn/Documents/thesayyn/protoc-gen-ts/target/debug/build/protoc_gen_ts-8cec2bec66276c47/out/test_conformance/test_messages_proto3.ts:178:50)
    at file:///Users/thesayyn/Documents/thesayyn/protoc-gen-ts/tests/conformance/bin/main.ts:23:78

  protobuf_test_messages.proto2.TestAllTypesProto2 1
  Error: Assertion failed
    at Object.jspb.asserts.doAssertFailure (https://cdn.skypack.dev/-/google-protobuf@v3.21.2-YDUqZL2TTSsy2lGtfuND/dist=es2019,mode=imports/optimized/google-protobuf.js:778:11)
    at Object.jspb.asserts.assert (https://cdn.skypack.dev/-/google-protobuf@v3.21.2-YDUqZL2TTSsy2lGtfuND/dist=es2019,mode=imports/optimized/google-protobuf.js:783:23)
    at jspb.BinaryDecoder.readUnsignedVarint32 (https://cdn.skypack.dev/-/google-protobuf@v3.21.2-YDUqZL2TTSsy2lGtfuND/dist=es2019,mode=imports/optimized/google-protobuf.js:4150:18)
    at jspb.BinaryReader.readUint32 (https://cdn.skypack.dev/-/google-protobuf@v3.21.2-YDUqZL2TTSsy2lGtfuND/dist=es2019,mode=imports/optimized/google-protobuf.js:4551:26)
    at Function.deserialize (file:///Users/thesayyn/Documents/thesayyn/protoc-gen-ts/target/debug/build/protoc_gen_ts-8cec2bec66276c47/out/test_conformance/test_messages_proto2.ts:154:50)
    at file:///Users/thesayyn/Documents/thesayyn/protoc-gen-ts/tests/conformance/bin/main.ts:30:78

  protobuf_test_messages.proto3.TestAllTypesProto3 1
  Error: Assertion failed
    at Object.jspb.asserts.doAssertFailure (https://cdn.skypack.dev/-/google-protobuf@v3.21.2-YDUqZL2TTSsy2lGtfuND/dist=es2019,mode=imports/optimized/google-protobuf.js:778:11)
    at Object.jspb.asserts.assert (https://cdn.skypack.dev/-/google-protobuf@v3.21.2-YDUqZL2TTSsy2lGtfuND/dist=es2019,mode=imports/optimized/google-protobuf.js:783:23)
    at jspb.BinaryDecoder.readUnsignedVarint32 (https://cdn.skypack.dev/-/google-protobuf@v3.21.2-YDUqZL2TTSsy2lGtfuND/dist=es2019,mode=imports/optimized/google-protobuf.js:4150:18)
    at jspb.BinaryReader.readUint32 (https://cdn.skypack.dev/-/google-protobuf@v3.21.2-YDUqZL2TTSsy2lGtfuND/dist=es2019,mode=imports/optimized/google-protobuf.js:4551:26)
    at Function.deserialize (file:///Users/thesayyn/Documents/thesayyn/protoc-gen-ts/target/debug/build/protoc_gen_ts-8cec2bec66276c47/out/test_conformance/test_messages_proto3.ts:250:58)
    at file:///Users/thesayyn/Documents/thesayyn/protoc-gen-ts/tests/conformance/bin/main.ts:23:78

  protobuf_test_messages.proto2.TestAllTypesProto2 1
  Error: Assertion failed
    at Object.jspb.asserts.doAssertFailure (https://cdn.skypack.dev/-/google-protobuf@v3.21.2-YDUqZL2TTSsy2lGtfuND/dist=es2019,mode=imports/optimized/google-protobuf.js:778:11)
    at Object.jspb.asserts.assert (https://cdn.skypack.dev/-/google-protobuf@v3.21.2-YDUqZL2TTSsy2lGtfuND/dist=es2019,mode=imports/optimized/google-protobuf.js:783:23)
    at jspb.BinaryDecoder.readUnsignedVarint32 (https://cdn.skypack.dev/-/google-protobuf@v3.21.2-YDUqZL2TTSsy2lGtfuND/dist=es2019,mode=imports/optimized/google-protobuf.js:4150:18)
    at jspb.BinaryReader.readUint32 (https://cdn.skypack.dev/-/google-protobuf@v3.21.2-YDUqZL2TTSsy2lGtfuND/dist=es2019,mode=imports/optimized/google-protobuf.js:4551:26)
    at Function.deserialize (file:///Users/thesayyn/Documents/thesayyn/protoc-gen-ts/target/debug/build/protoc_gen_ts-8cec2bec66276c47/out/test_conformance/test_messages_proto2.ts:220:53)
    at file:///Users/thesayyn/Documents/thesayyn/protoc-gen-ts/tests/conformance/bin/main.ts:30:78

  protobuf_test_messages.proto3.TestAllTypesProto3 1
  Error: Failure: Decoder hit an error
    at Object.jspb.asserts.fail (https://cdn.skypack.dev/-/google-protobuf@v3.21.2-YDUqZL2TTSsy2lGtfuND/dist=es2019,mode=imports/optimized/google-protobuf.js:801:11)
    at jspb.BinaryReader.nextField (https://cdn.skypack.dev/-/google-protobuf@v3.21.2-YDUqZL2TTSsy2lGtfuND/dist=es2019,mode=imports/optimized/google-protobuf.js:4374:27)
    at Function.deserialize (file:///Users/thesayyn/Documents/thesayyn/protoc-gen-ts/target/debug/build/protoc_gen_ts-8cec2bec66276c47/out/test_conformance/test_messages_proto3.ts:169:18)
    at file:///Users/thesayyn/Documents/thesayyn/protoc-gen-ts/tests/conformance/bin/main.ts:23:78

  protobuf_test_messages.proto2.TestAllTypesProto2 1
  Error: Failure: Decoder hit an error
    at Object.jspb.asserts.fail (https://cdn.skypack.dev/-/google-protobuf@v3.21.2-YDUqZL2TTSsy2lGtfuND/dist=es2019,mode=imports/optimized/google-protobuf.js:801:11)
    at jspb.BinaryReader.nextField (https://cdn.skypack.dev/-/google-protobuf@v3.21.2-YDUqZL2TTSsy2lGtfuND/dist=es2019,mode=imports/optimized/google-protobuf.js:4374:27)
    at Function.deserialize (file:///Users/thesayyn/Documents/thesayyn/protoc-gen-ts/target/debug/build/protoc_gen_ts-8cec2bec66276c47/out/test_conformance/test_messages_proto2.ts:145:18)
    at file:///Users/thesayyn/Documents/thesayyn/protoc-gen-ts/tests/conformance/bin/main.ts:30:78

  protobuf_test_messages.proto3.TestAllTypesProto3 1
  Error: Assertion failed
    at Object.jspb.asserts.doAssertFailure (https://cdn.skypack.dev/-/google-protobuf@v3.21.2-YDUqZL2TTSsy2lGtfuND/dist=es2019,mode=imports/optimized/google-protobuf.js:778:11)
    at Object.jspb.asserts.assert (https://cdn.skypack.dev/-/google-protobuf@v3.21.2-YDUqZL2TTSsy2lGtfuND/dist=es2019,mode=imports/optimized/google-protobuf.js:783:23)
    at jspb.BinaryDecoder.readUnsignedVarint32 (https://cdn.skypack.dev/-/google-protobuf@v3.21.2-YDUqZL2TTSsy2lGtfuND/dist=es2019,mode=imports/optimized/google-protobuf.js:4150:18)
    at jspb.BinaryReader.readUint32 (https://cdn.skypack.dev/-/google-protobuf@v3.21.2-YDUqZL2TTSsy2lGtfuND/dist=es2019,mode=imports/optimized/google-protobuf.js:4551:26)
    at Function.deserialize (file:///Users/thesayyn/Documents/thesayyn/protoc-gen-ts/target/debug/build/protoc_gen_ts-8cec2bec66276c47/out/test_conformance/test_messages_proto3.ts:178:50)
    at file:///Users/thesayyn/Documents/thesayyn/protoc-gen-ts/tests/conformance/bin/main.ts:23:78

  protobuf_test_messages.proto2.TestAllTypesProto2 1
  Error: Assertion failed
    at Object.jspb.asserts.doAssertFailure (https://cdn.skypack.dev/-/google-protobuf@v3.21.2-YDUqZL2TTSsy2lGtfuND/dist=es2019,mode=imports/optimized/google-protobuf.js:778:11)
    at Object.jspb.asserts.assert (https://cdn.skypack.dev/-/google-protobuf@v3.21.2-YDUqZL2TTSsy2lGtfuND/dist=es2019,mode=imports/optimized/google-protobuf.js:783:23)
    at jspb.BinaryDecoder.readUnsignedVarint32 (https://cdn.skypack.dev/-/google-protobuf@v3.21.2-YDUqZL2TTSsy2lGtfuND/dist=es2019,mode=imports/optimized/google-protobuf.js:4150:18)
    at jspb.BinaryReader.readUint32 (https://cdn.skypack.dev/-/google-protobuf@v3.21.2-YDUqZL2TTSsy2lGtfuND/dist=es2019,mode=imports/optimized/google-protobuf.js:4551:26)
    at Function.deserialize (file:///Users/thesayyn/Documents/thesayyn/protoc-gen-ts/target/debug/build/protoc_gen_ts-8cec2bec66276c47/out/test_conformance/test_messages_proto2.ts:154:50)
    at file:///Users/thesayyn/Documents/thesayyn/protoc-gen-ts/tests/conformance/bin/main.ts:30:78

  protobuf_test_messages.proto3.TestAllTypesProto3 1
  Error: Assertion failed
    at Object.jspb.asserts.doAssertFailure (https://cdn.skypack.dev/-/google-protobuf@v3.21.2-YDUqZL2TTSsy2lGtfuND/dist=es2019,mode=imports/optimized/google-protobuf.js:778:11)
    at Object.jspb.asserts.assert (https://cdn.skypack.dev/-/google-protobuf@v3.21.2-YDUqZL2TTSsy2lGtfuND/dist=es2019,mode=imports/optimized/google-protobuf.js:783:23)
    at jspb.BinaryDecoder.readUnsignedVarint32 (https://cdn.skypack.dev/-/google-protobuf@v3.21.2-YDUqZL2TTSsy2lGtfuND/dist=es2019,mode=imports/optimized/google-protobuf.js:4150:18)
    at jspb.BinaryReader.readUint32 (https://cdn.skypack.dev/-/google-protobuf@v3.21.2-YDUqZL2TTSsy2lGtfuND/dist=es2019,mode=imports/optimized/google-protobuf.js:4551:26)
    at Function.deserialize (file:///Users/thesayyn/Documents/thesayyn/protoc-gen-ts/target/debug/build/protoc_gen_ts-8cec2bec66276c47/out/test_conformance/test_messages_proto3.ts:250:58)
    at file:///Users/thesayyn/Documents/thesayyn/protoc-gen-ts/tests/conformance/bin/main.ts:23:78

  protobuf_test_messages.proto2.TestAllTypesProto2 1
  Error: Assertion failed
    at Object.jspb.asserts.doAssertFailure (https://cdn.skypack.dev/-/google-protobuf@v3.21.2-YDUqZL2TTSsy2lGtfuND/dist=es2019,mode=imports/optimized/google-protobuf.js:778:11)
    at Object.jspb.asserts.assert (https://cdn.skypack.dev/-/google-protobuf@v3.21.2-YDUqZL2TTSsy2lGtfuND/dist=es2019,mode=imports/optimized/google-protobuf.js:783:23)
    at jspb.BinaryDecoder.readUnsignedVarint32 (https://cdn.skypack.dev/-/google-protobuf@v3.21.2-YDUqZL2TTSsy2lGtfuND/dist=es2019,mode=imports/optimized/google-protobuf.js:4150:18)
    at jspb.BinaryReader.readUint32 (https://cdn.skypack.dev/-/google-protobuf@v3.21.2-YDUqZL2TTSsy2lGtfuND/dist=es2019,mode=imports/optimized/google-protobuf.js:4551:26)
    at Function.deserialize (file:///Users/thesayyn/Documents/thesayyn/protoc-gen-ts/target/debug/build/protoc_gen_ts-8cec2bec66276c47/out/test_conformance/test_messages_proto2.ts:220:53)
    at file:///Users/thesayyn/Documents/thesayyn/protoc-gen-ts/tests/conformance/bin/main.ts:30:78

  protobuf_test_messages.proto3.TestAllTypesProto3 1
  Error: Failure: Decoder hit an error
    at Object.jspb.asserts.fail (https://cdn.skypack.dev/-/google-protobuf@v3.21.2-YDUqZL2TTSsy2lGtfuND/dist=es2019,mode=imports/optimized/google-protobuf.js:801:11)
    at jspb.BinaryReader.nextField (https://cdn.skypack.dev/-/google-protobuf@v3.21.2-YDUqZL2TTSsy2lGtfuND/dist=es2019,mode=imports/optimized/google-protobuf.js:4374:27)
    at Function.deserialize (file:///Users/thesayyn/Documents/thesayyn/protoc-gen-ts/target/debug/build/protoc_gen_ts-8cec2bec66276c47/out/test_conformance/test_messages_proto3.ts:169:18)
    at file:///Users/thesayyn/Documents/thesayyn/protoc-gen-ts/tests/conformance/bin/main.ts:23:78

  protobuf_test_messages.proto2.TestAllTypesProto2 1
  Error: Failure: Decoder hit an error
    at Object.jspb.asserts.fail (https://cdn.skypack.dev/-/google-protobuf@v3.21.2-YDUqZL2TTSsy2lGtfuND/dist=es2019,mode=imports/optimized/google-protobuf.js:801:11)
    at jspb.BinaryReader.nextField (https://cdn.skypack.dev/-/google-protobuf@v3.21.2-YDUqZL2TTSsy2lGtfuND/dist=es2019,mode=imports/optimized/google-protobuf.js:4374:27)
    at Function.deserialize (file:///Users/thesayyn/Documents/thesayyn/protoc-gen-ts/target/debug/build/protoc_gen_ts-8cec2bec66276c47/out/test_conformance/test_messages_proto2.ts:145:18)
    at file:///Users/thesayyn/Documents/thesayyn/protoc-gen-ts/tests/conformance/bin/main.ts:30:78

  protobuf_test_messages.proto3.TestAllTypesProto3 1
  Error: Assertion failed
    at Object.jspb.asserts.doAssertFailure (https://cdn.skypack.dev/-/google-protobuf@v3.21.2-YDUqZL2TTSsy2lGtfuND/dist=es2019,mode=imports/optimized/google-protobuf.js:778:11)
    at Object.jspb.asserts.assert (https://cdn.skypack.dev/-/google-protobuf@v3.21.2-YDUqZL2TTSsy2lGtfuND/dist=es2019,mode=imports/optimized/google-protobuf.js:783:23)
    at jspb.BinaryDecoder.readUnsignedVarint32 (https://cdn.skypack.dev/-/google-protobuf@v3.21.2-YDUqZL2TTSsy2lGtfuND/dist=es2019,mode=imports/optimized/google-protobuf.js:4150:18)
    at jspb.BinaryReader.readPackedField_ (https://cdn.skypack.dev/-/google-protobuf@v3.21.2-YDUqZL2TTSsy2lGtfuND/dist=es2019,mode=imports/optimized/google-protobuf.js:4676:16)
    at jspb.BinaryReader.readPackedUint32 (https://cdn.skypack.dev/-/google-protobuf@v3.21.2-YDUqZL2TTSsy2lGtfuND/dist=es2019,mode=imports/optimized/google-protobuf.js:4694:17)
    at Function.deserialize (file:///Users/thesayyn/Documents/thesayyn/protoc-gen-ts/target/debug/build/protoc_gen_ts-8cec2bec66276c47/out/test_conformance/test_messages_proto3.ts:249:78)
    at file:///Users/thesayyn/Documents/thesayyn/protoc-gen-ts/tests/conformance/bin/main.ts:23:78

  protobuf_test_messages.proto2.TestAllTypesProto2 1
  Error: Assertion failed
    at Object.jspb.asserts.doAssertFailure (https://cdn.skypack.dev/-/google-protobuf@v3.21.2-YDUqZL2TTSsy2lGtfuND/dist=es2019,mode=imports/optimized/google-protobuf.js:778:11)
    at Object.jspb.asserts.assert (https://cdn.skypack.dev/-/google-protobuf@v3.21.2-YDUqZL2TTSsy2lGtfuND/dist=es2019,mode=imports/optimized/google-protobuf.js:783:23)
    at jspb.BinaryReader.readUint32 (https://cdn.skypack.dev/-/google-protobuf@v3.21.2-YDUqZL2TTSsy2lGtfuND/dist=es2019,mode=imports/optimized/google-protobuf.js:4550:18)
    at Function.deserialize (file:///Users/thesayyn/Documents/thesayyn/protoc-gen-ts/target/debug/build/protoc_gen_ts-8cec2bec66276c47/out/test_conformance/test_messages_proto2.ts:220:53)
    at file:///Users/thesayyn/Documents/thesayyn/protoc-gen-ts/tests/conformance/bin/main.ts:30:78

  protobuf_test_messages.proto3.TestAllTypesProto3 1
  Error: Assertion failed
    at Object.jspb.asserts.doAssertFailure (https://cdn.skypack.dev/-/google-protobuf@v3.21.2-YDUqZL2TTSsy2lGtfuND/dist=es2019,mode=imports/optimized/google-protobuf.js:778:11)
    at Object.jspb.asserts.assert (https://cdn.skypack.dev/-/google-protobuf@v3.21.2-YDUqZL2TTSsy2lGtfuND/dist=es2019,mode=imports/optimized/google-protobuf.js:783:23)
    at jspb.BinaryDecoder.readUnsignedVarint32 (https://cdn.skypack.dev/-/google-protobuf@v3.21.2-YDUqZL2TTSsy2lGtfuND/dist=es2019,mode=imports/optimized/google-protobuf.js:4150:18)
    at jspb.BinaryReader.readPackedField_ (https://cdn.skypack.dev/-/google-protobuf@v3.21.2-YDUqZL2TTSsy2lGtfuND/dist=es2019,mode=imports/optimized/google-protobuf.js:4676:16)
    at jspb.BinaryReader.readPackedUint32 (https://cdn.skypack.dev/-/google-protobuf@v3.21.2-YDUqZL2TTSsy2lGtfuND/dist=es2019,mode=imports/optimized/google-protobuf.js:4694:17)
    at Function.deserialize (file:///Users/thesayyn/Documents/thesayyn/protoc-gen-ts/target/debug/build/protoc_gen_ts-8cec2bec66276c47/out/test_conformance/test_messages_proto3.ts:249:78)
    at file:///Users/thesayyn/Documents/thesayyn/protoc-gen-ts/tests/conformance/bin/main.ts:23:78

  protobuf_test_messages.proto2.TestAllTypesProto2 1
  Error: Assertion failed
    at Object.jspb.asserts.doAssertFailure (https://cdn.skypack.dev/-/google-protobuf@v3.21.2-YDUqZL2TTSsy2lGtfuND/dist=es2019,mode=imports/optimized/google-protobuf.js:778:11)
    at Object.jspb.asserts.assert (https://cdn.skypack.dev/-/google-protobuf@v3.21.2-YDUqZL2TTSsy2lGtfuND/dist=es2019,mode=imports/optimized/google-protobuf.js:783:23)
    at jspb.BinaryReader.readUint32 (https://cdn.skypack.dev/-/google-protobuf@v3.21.2-YDUqZL2TTSsy2lGtfuND/dist=es2019,mode=imports/optimized/google-protobuf.js:4550:18)
    at Function.deserialize (file:///Users/thesayyn/Documents/thesayyn/protoc-gen-ts/target/debug/build/protoc_gen_ts-8cec2bec66276c47/out/test_conformance/test_messages_proto2.ts:220:53)
    at file:///Users/thesayyn/Documents/thesayyn/protoc-gen-ts/tests/conformance/bin/main.ts:30:78

  protobuf_test_messages.proto3.TestAllTypesProto3 1
  Error: Failure: Failed to read varint, encoding is invalid.
    at Object.jspb.asserts.fail (https://cdn.skypack.dev/-/google-protobuf@v3.21.2-YDUqZL2TTSsy2lGtfuND/dist=es2019,mode=imports/optimized/google-protobuf.js:801:11)
    at jspb.BinaryDecoder.readSplitVarint64 (https://cdn.skypack.dev/-/google-protobuf@v3.21.2-YDUqZL2TTSsy2lGtfuND/dist=es2019,mode=imports/optimized/google-protobuf.js:4101:18)
    at jspb.BinaryDecoder.readSignedVarint64 (https://cdn.skypack.dev/-/google-protobuf@v3.21.2-YDUqZL2TTSsy2lGtfuND/dist=es2019,mode=imports/optimized/google-protobuf.js:4173:17)
    at jspb.BinaryReader.readEnum (https://cdn.skypack.dev/-/google-protobuf@v3.21.2-YDUqZL2TTSsy2lGtfuND/dist=es2019,mode=imports/optimized/google-protobuf.js:4630:26)
    at Function.deserialize (file:///Users/thesayyn/Documents/thesayyn/protoc-gen-ts/target/debug/build/protoc_gen_ts-8cec2bec66276c47/out/test_conformance/test_messages_proto3.ts:223:55)
    at file:///Users/thesayyn/Documents/thesayyn/protoc-gen-ts/tests/conformance/bin/main.ts:23:78

  protobuf_test_messages.proto2.TestAllTypesProto2 1
  Error: Failure: Failed to read varint, encoding is invalid.
    at Object.jspb.asserts.fail (https://cdn.skypack.dev/-/google-protobuf@v3.21.2-YDUqZL2TTSsy2lGtfuND/dist=es2019,mode=imports/optimized/google-protobuf.js:801:11)
    at jspb.BinaryDecoder.readSplitVarint64 (https://cdn.skypack.dev/-/google-protobuf@v3.21.2-YDUqZL2TTSsy2lGtfuND/dist=es2019,mode=imports/optimized/google-protobuf.js:4101:18)
    at jspb.BinaryDecoder.readSignedVarint64 (https://cdn.skypack.dev/-/google-protobuf@v3.21.2-YDUqZL2TTSsy2lGtfuND/dist=es2019,mode=imports/optimized/google-protobuf.js:4173:17)
    at jspb.BinaryReader.readEnum (https://cdn.skypack.dev/-/google-protobuf@v3.21.2-YDUqZL2TTSsy2lGtfuND/dist=es2019,mode=imports/optimized/google-protobuf.js:4630:26)
    at Function.deserialize (file:///Users/thesayyn/Documents/thesayyn/protoc-gen-ts/target/debug/build/protoc_gen_ts-8cec2bec66276c47/out/test_conformance/test_messages_proto2.ts:199:55)
    at file:///Users/thesayyn/Documents/thesayyn/protoc-gen-ts/tests/conformance/bin/main.ts:30:78

  protobuf_test_messages.proto3.TestAllTypesProto3 1
  Error: Failure: Failed to read varint, encoding is invalid.
    at Object.jspb.asserts.fail (https://cdn.skypack.dev/-/google-protobuf@v3.21.2-YDUqZL2TTSsy2lGtfuND/dist=es2019,mode=imports/optimized/google-protobuf.js:801:11)
    at jspb.BinaryDecoder.readSplitVarint64 (https://cdn.skypack.dev/-/google-protobuf@v3.21.2-YDUqZL2TTSsy2lGtfuND/dist=es2019,mode=imports/optimized/google-protobuf.js:4101:18)
    at jspb.BinaryDecoder.readSignedVarint64 (https://cdn.skypack.dev/-/google-protobuf@v3.21.2-YDUqZL2TTSsy2lGtfuND/dist=es2019,mode=imports/optimized/google-protobuf.js:4173:17)
    at jspb.BinaryReader.readEnum (https://cdn.skypack.dev/-/google-protobuf@v3.21.2-YDUqZL2TTSsy2lGtfuND/dist=es2019,mode=imports/optimized/google-protobuf.js:4630:26)
    at Function.deserialize (file:///Users/thesayyn/Documents/thesayyn/protoc-gen-ts/target/debug/build/protoc_gen_ts-8cec2bec66276c47/out/test_conformance/test_messages_proto3.ts:306:63)
    at file:///Users/thesayyn/Documents/thesayyn/protoc-gen-ts/tests/conformance/bin/main.ts:23:78

  protobuf_test_messages.proto2.TestAllTypesProto2 1
  Error: Failure: Failed to read varint, encoding is invalid.
    at Object.jspb.asserts.fail (https://cdn.skypack.dev/-/google-protobuf@v3.21.2-YDUqZL2TTSsy2lGtfuND/dist=es2019,mode=imports/optimized/google-protobuf.js:801:11)
    at jspb.BinaryDecoder.readSplitVarint64 (https://cdn.skypack.dev/-/google-protobuf@v3.21.2-YDUqZL2TTSsy2lGtfuND/dist=es2019,mode=imports/optimized/google-protobuf.js:4101:18)
    at jspb.BinaryDecoder.readSignedVarint64 (https://cdn.skypack.dev/-/google-protobuf@v3.21.2-YDUqZL2TTSsy2lGtfuND/dist=es2019,mode=imports/optimized/google-protobuf.js:4173:17)
    at jspb.BinaryReader.readEnum (https://cdn.skypack.dev/-/google-protobuf@v3.21.2-YDUqZL2TTSsy2lGtfuND/dist=es2019,mode=imports/optimized/google-protobuf.js:4630:26)
    at Function.deserialize (file:///Users/thesayyn/Documents/thesayyn/protoc-gen-ts/target/debug/build/protoc_gen_ts-8cec2bec66276c47/out/test_conformance/test_messages_proto2.ts:265:58)
    at file:///Users/thesayyn/Documents/thesayyn/protoc-gen-ts/tests/conformance/bin/main.ts:30:78

  protobuf_test_messages.proto3.TestAllTypesProto3 1
  Error: Failure: Decoder hit an error
    at Object.jspb.asserts.fail (https://cdn.skypack.dev/-/google-protobuf@v3.21.2-YDUqZL2TTSsy2lGtfuND/dist=es2019,mode=imports/optimized/google-protobuf.js:801:11)
    at jspb.BinaryReader.nextField (https://cdn.skypack.dev/-/google-protobuf@v3.21.2-YDUqZL2TTSsy2lGtfuND/dist=es2019,mode=imports/optimized/google-protobuf.js:4374:27)
    at Function.deserialize (file:///Users/thesayyn/Documents/thesayyn/protoc-gen-ts/target/debug/build/protoc_gen_ts-8cec2bec66276c47/out/test_conformance/test_messages_proto3.ts:169:18)
    at file:///Users/thesayyn/Documents/thesayyn/protoc-gen-ts/tests/conformance/bin/main.ts:23:78

  protobuf_test_messages.proto2.TestAllTypesProto2 1
  Error: Failure: Decoder hit an error
    at Object.jspb.asserts.fail (https://cdn.skypack.dev/-/google-protobuf@v3.21.2-YDUqZL2TTSsy2lGtfuND/dist=es2019,mode=imports/optimized/google-protobuf.js:801:11)
    at jspb.BinaryReader.nextField (https://cdn.skypack.dev/-/google-protobuf@v3.21.2-YDUqZL2TTSsy2lGtfuND/dist=es2019,mode=imports/optimized/google-protobuf.js:4374:27)
    at Function.deserialize (file:///Users/thesayyn/Documents/thesayyn/protoc-gen-ts/target/debug/build/protoc_gen_ts-8cec2bec66276c47/out/test_conformance/test_messages_proto2.ts:145:18)
    at file:///Users/thesayyn/Documents/thesayyn/protoc-gen-ts/tests/conformance/bin/main.ts:30:78

  protobuf_test_messages.proto3.TestAllTypesProto3 1
  Error: Failure: Failed to read varint, encoding is invalid.
    at Object.jspb.asserts.fail (https://cdn.skypack.dev/-/google-protobuf@v3.21.2-YDUqZL2TTSsy2lGtfuND/dist=es2019,mode=imports/optimized/google-protobuf.js:801:11)
    at jspb.BinaryDecoder.readSplitVarint64 (https://cdn.skypack.dev/-/google-protobuf@v3.21.2-YDUqZL2TTSsy2lGtfuND/dist=es2019,mode=imports/optimized/google-protobuf.js:4101:18)
    at jspb.BinaryDecoder.readSignedVarint64 (https://cdn.skypack.dev/-/google-protobuf@v3.21.2-YDUqZL2TTSsy2lGtfuND/dist=es2019,mode=imports/optimized/google-protobuf.js:4173:17)
    at jspb.BinaryReader.readEnum (https://cdn.skypack.dev/-/google-protobuf@v3.21.2-YDUqZL2TTSsy2lGtfuND/dist=es2019,mode=imports/optimized/google-protobuf.js:4630:26)
    at Function.deserialize (file:///Users/thesayyn/Documents/thesayyn/protoc-gen-ts/target/debug/build/protoc_gen_ts-8cec2bec66276c47/out/test_conformance/test_messages_proto3.ts:223:55)
    at file:///Users/thesayyn/Documents/thesayyn/protoc-gen-ts/tests/conformance/bin/main.ts:23:78

  protobuf_test_messages.proto2.TestAllTypesProto2 1
  Error: Failure: Failed to read varint, encoding is invalid.
    at Object.jspb.asserts.fail (https://cdn.skypack.dev/-/google-protobuf@v3.21.2-YDUqZL2TTSsy2lGtfuND/dist=es2019,mode=imports/optimized/google-protobuf.js:801:11)
    at jspb.BinaryDecoder.readSplitVarint64 (https://cdn.skypack.dev/-/google-protobuf@v3.21.2-YDUqZL2TTSsy2lGtfuND/dist=es2019,mode=imports/optimized/google-protobuf.js:4101:18)
    at jspb.BinaryDecoder.readSignedVarint64 (https://cdn.skypack.dev/-/google-protobuf@v3.21.2-YDUqZL2TTSsy2lGtfuND/dist=es2019,mode=imports/optimized/google-protobuf.js:4173:17)
    at jspb.BinaryReader.readEnum (https://cdn.skypack.dev/-/google-protobuf@v3.21.2-YDUqZL2TTSsy2lGtfuND/dist=es2019,mode=imports/optimized/google-protobuf.js:4630:26)
    at Function.deserialize (file:///Users/thesayyn/Documents/thesayyn/protoc-gen-ts/target/debug/build/protoc_gen_ts-8cec2bec66276c47/out/test_conformance/test_messages_proto2.ts:199:55)
    at file:///Users/thesayyn/Documents/thesayyn/protoc-gen-ts/tests/conformance/bin/main.ts:30:78

  protobuf_test_messages.proto3.TestAllTypesProto3 1
  Error: Failure: Failed to read varint, encoding is invalid.
    at Object.jspb.asserts.fail (https://cdn.skypack.dev/-/google-protobuf@v3.21.2-YDUqZL2TTSsy2lGtfuND/dist=es2019,mode=imports/optimized/google-protobuf.js:801:11)
    at jspb.BinaryDecoder.readSplitVarint64 (https://cdn.skypack.dev/-/google-protobuf@v3.21.2-YDUqZL2TTSsy2lGtfuND/dist=es2019,mode=imports/optimized/google-protobuf.js:4101:18)
    at jspb.BinaryDecoder.readSignedVarint64 (https://cdn.skypack.dev/-/google-protobuf@v3.21.2-YDUqZL2TTSsy2lGtfuND/dist=es2019,mode=imports/optimized/google-protobuf.js:4173:17)
    at jspb.BinaryReader.readEnum (https://cdn.skypack.dev/-/google-protobuf@v3.21.2-YDUqZL2TTSsy2lGtfuND/dist=es2019,mode=imports/optimized/google-protobuf.js:4630:26)
    at Function.deserialize (file:///Users/thesayyn/Documents/thesayyn/protoc-gen-ts/target/debug/build/protoc_gen_ts-8cec2bec66276c47/out/test_conformance/test_messages_proto3.ts:306:63)
    at file:///Users/thesayyn/Documents/thesayyn/protoc-gen-ts/tests/conformance/bin/main.ts:23:78

  protobuf_test_messages.proto2.TestAllTypesProto2 1
  Error: Failure: Failed to read varint, encoding is invalid.
    at Object.jspb.asserts.fail (https://cdn.skypack.dev/-/google-protobuf@v3.21.2-YDUqZL2TTSsy2lGtfuND/dist=es2019,mode=imports/optimized/google-protobuf.js:801:11)
    at jspb.BinaryDecoder.readSplitVarint64 (https://cdn.skypack.dev/-/google-protobuf@v3.21.2-YDUqZL2TTSsy2lGtfuND/dist=es2019,mode=imports/optimized/google-protobuf.js:4101:18)
    at jspb.BinaryDecoder.readSignedVarint64 (https://cdn.skypack.dev/-/google-protobuf@v3.21.2-YDUqZL2TTSsy2lGtfuND/dist=es2019,mode=imports/optimized/google-protobuf.js:4173:17)
    at jspb.BinaryReader.readEnum (https://cdn.skypack.dev/-/google-protobuf@v3.21.2-YDUqZL2TTSsy2lGtfuND/dist=es2019,mode=imports/optimized/google-protobuf.js:4630:26)
    at Function.deserialize (file:///Users/thesayyn/Documents/thesayyn/protoc-gen-ts/target/debug/build/protoc_gen_ts-8cec2bec66276c47/out/test_conformance/test_messages_proto2.ts:265:58)
    at file:///Users/thesayyn/Documents/thesayyn/protoc-gen-ts/tests/conformance/bin/main.ts:30:78

  protobuf_test_messages.proto3.TestAllTypesProto3 1
  Error: Failure: Decoder hit an error
    at Object.jspb.asserts.fail (https://cdn.skypack.dev/-/google-protobuf@v3.21.2-YDUqZL2TTSsy2lGtfuND/dist=es2019,mode=imports/optimized/google-protobuf.js:801:11)
    at jspb.BinaryReader.nextField (https://cdn.skypack.dev/-/google-protobuf@v3.21.2-YDUqZL2TTSsy2lGtfuND/dist=es2019,mode=imports/optimized/google-protobuf.js:4374:27)
    at Function.deserialize (file:///Users/thesayyn/Documents/thesayyn/protoc-gen-ts/target/debug/build/protoc_gen_ts-8cec2bec66276c47/out/test_conformance/test_messages_proto3.ts:169:18)
    at file:///Users/thesayyn/Documents/thesayyn/protoc-gen-ts/tests/conformance/bin/main.ts:23:78

  protobuf_test_messages.proto2.TestAllTypesProto2 1
  Error: Failure: Decoder hit an error
    at Object.jspb.asserts.fail (https://cdn.skypack.dev/-/google-protobuf@v3.21.2-YDUqZL2TTSsy2lGtfuND/dist=es2019,mode=imports/optimized/google-protobuf.js:801:11)
    at jspb.BinaryReader.nextField (https://cdn.skypack.dev/-/google-protobuf@v3.21.2-YDUqZL2TTSsy2lGtfuND/dist=es2019,mode=imports/optimized/google-protobuf.js:4374:27)
    at Function.deserialize (file:///Users/thesayyn/Documents/thesayyn/protoc-gen-ts/target/debug/build/protoc_gen_ts-8cec2bec66276c47/out/test_conformance/test_messages_proto2.ts:145:18)
    at file:///Users/thesayyn/Documents/thesayyn/protoc-gen-ts/tests/conformance/bin/main.ts:30:78

  protobuf_test_messages.proto3.TestAllTypesProto3 1
  Error: Assertion failed
    at Object.jspb.asserts.doAssertFailure (https://cdn.skypack.dev/-/google-protobuf@v3.21.2-YDUqZL2TTSsy2lGtfuND/dist=es2019,mode=imports/optimized/google-protobuf.js:778:11)
    at Object.jspb.asserts.assert (https://cdn.skypack.dev/-/google-protobuf@v3.21.2-YDUqZL2TTSsy2lGtfuND/dist=es2019,mode=imports/optimized/google-protobuf.js:783:23)
    at jspb.BinaryDecoder.readUnsignedVarint32 (https://cdn.skypack.dev/-/google-protobuf@v3.21.2-YDUqZL2TTSsy2lGtfuND/dist=es2019,mode=imports/optimized/google-protobuf.js:4150:18)
    at jspb.BinaryDecoder.readSignedVarint32 (https://cdn.skypack.dev/-/google-protobuf@v3.21.2-YDUqZL2TTSsy2lGtfuND/dist=es2019,mode=imports/optimized/google-protobuf.js:4154:19)
    at jspb.BinaryDecoder.readEnum (https://cdn.skypack.dev/-/google-protobuf@v3.21.2-YDUqZL2TTSsy2lGtfuND/dist=es2019,mode=imports/optimized/google-protobuf.js:4251:17)
    at jspb.BinaryReader.readPackedField_ (https://cdn.skypack.dev/-/google-protobuf@v3.21.2-YDUqZL2TTSsy2lGtfuND/dist=es2019,mode=imports/optimized/google-protobuf.js:4676:16)
    at jspb.BinaryReader.readPackedEnum (https://cdn.skypack.dev/-/google-protobuf@v3.21.2-YDUqZL2TTSsy2lGtfuND/dist=es2019,mode=imports/optimized/google-protobuf.js:4753:17)
    at Function.deserialize (file:///Users/thesayyn/Documents/thesayyn/protoc-gen-ts/target/debug/build/protoc_gen_ts-8cec2bec66276c47/out/test_conformance/test_messages_proto3.ts:305:83)
    at file:///Users/thesayyn/Documents/thesayyn/protoc-gen-ts/tests/conformance/bin/main.ts:23:78

  protobuf_test_messages.proto2.TestAllTypesProto2 1
  Error: Assertion failed
    at Object.jspb.asserts.doAssertFailure (https://cdn.skypack.dev/-/google-protobuf@v3.21.2-YDUqZL2TTSsy2lGtfuND/dist=es2019,mode=imports/optimized/google-protobuf.js:778:11)
    at Object.jspb.asserts.assert (https://cdn.skypack.dev/-/google-protobuf@v3.21.2-YDUqZL2TTSsy2lGtfuND/dist=es2019,mode=imports/optimized/google-protobuf.js:783:23)
    at jspb.BinaryReader.readEnum (https://cdn.skypack.dev/-/google-protobuf@v3.21.2-YDUqZL2TTSsy2lGtfuND/dist=es2019,mode=imports/optimized/google-protobuf.js:4629:18)
    at Function.deserialize (file:///Users/thesayyn/Documents/thesayyn/protoc-gen-ts/target/debug/build/protoc_gen_ts-8cec2bec66276c47/out/test_conformance/test_messages_proto2.ts:265:58)
    at file:///Users/thesayyn/Documents/thesayyn/protoc-gen-ts/tests/conformance/bin/main.ts:30:78

  protobuf_test_messages.proto3.TestAllTypesProto3 1
  Error: Assertion failed
    at Object.jspb.asserts.doAssertFailure (https://cdn.skypack.dev/-/google-protobuf@v3.21.2-YDUqZL2TTSsy2lGtfuND/dist=es2019,mode=imports/optimized/google-protobuf.js:778:11)
    at Object.jspb.asserts.assert (https://cdn.skypack.dev/-/google-protobuf@v3.21.2-YDUqZL2TTSsy2lGtfuND/dist=es2019,mode=imports/optimized/google-protobuf.js:783:23)
    at jspb.BinaryDecoder.readUnsignedVarint32 (https://cdn.skypack.dev/-/google-protobuf@v3.21.2-YDUqZL2TTSsy2lGtfuND/dist=es2019,mode=imports/optimized/google-protobuf.js:4150:18)
    at jspb.BinaryDecoder.readSignedVarint32 (https://cdn.skypack.dev/-/google-protobuf@v3.21.2-YDUqZL2TTSsy2lGtfuND/dist=es2019,mode=imports/optimized/google-protobuf.js:4154:19)
    at jspb.BinaryDecoder.readEnum (https://cdn.skypack.dev/-/google-protobuf@v3.21.2-YDUqZL2TTSsy2lGtfuND/dist=es2019,mode=imports/optimized/google-protobuf.js:4251:17)
    at jspb.BinaryReader.readPackedField_ (https://cdn.skypack.dev/-/google-protobuf@v3.21.2-YDUqZL2TTSsy2lGtfuND/dist=es2019,mode=imports/optimized/google-protobuf.js:4676:16)
    at jspb.BinaryReader.readPackedEnum (https://cdn.skypack.dev/-/google-protobuf@v3.21.2-YDUqZL2TTSsy2lGtfuND/dist=es2019,mode=imports/optimized/google-protobuf.js:4753:17)
    at Function.deserialize (file:///Users/thesayyn/Documents/thesayyn/protoc-gen-ts/target/debug/build/protoc_gen_ts-8cec2bec66276c47/out/test_conformance/test_messages_proto3.ts:305:83)
    at file:///Users/thesayyn/Documents/thesayyn/protoc-gen-ts/tests/conformance/bin/main.ts:23:78

  protobuf_test_messages.proto2.TestAllTypesProto2 1
  Error: Assertion failed
    at Object.jspb.asserts.doAssertFailure (https://cdn.skypack.dev/-/google-protobuf@v3.21.2-YDUqZL2TTSsy2lGtfuND/dist=es2019,mode=imports/optimized/google-protobuf.js:778:11)
    at Object.jspb.asserts.assert (https://cdn.skypack.dev/-/google-protobuf@v3.21.2-YDUqZL2TTSsy2lGtfuND/dist=es2019,mode=imports/optimized/google-protobuf.js:783:23)
    at jspb.BinaryReader.readEnum (https://cdn.skypack.dev/-/google-protobuf@v3.21.2-YDUqZL2TTSsy2lGtfuND/dist=es2019,mode=imports/optimized/google-protobuf.js:4629:18)
    at Function.deserialize (file:///Users/thesayyn/Documents/thesayyn/protoc-gen-ts/target/debug/build/protoc_gen_ts-8cec2bec66276c47/out/test_conformance/test_messages_proto2.ts:265:58)
    at file:///Users/thesayyn/Documents/thesayyn/protoc-gen-ts/tests/conformance/bin/main.ts:30:78

  protobuf_test_messages.proto3.TestAllTypesProto3 1
  Error: Assertion failed
    at Object.jspb.asserts.doAssertFailure (https://cdn.skypack.dev/-/google-protobuf@v3.21.2-YDUqZL2TTSsy2lGtfuND/dist=es2019,mode=imports/optimized/google-protobuf.js:778:11)
    at Object.jspb.asserts.assert (https://cdn.skypack.dev/-/google-protobuf@v3.21.2-YDUqZL2TTSsy2lGtfuND/dist=es2019,mode=imports/optimized/google-protobuf.js:783:23)
    at jspb.BinaryDecoder.readInt32 (https://cdn.skypack.dev/-/google-protobuf@v3.21.2-YDUqZL2TTSsy2lGtfuND/dist=es2019,mode=imports/optimized/google-protobuf.js:4228:18)
    at jspb.BinaryReader.readSfixed32 (https://cdn.skypack.dev/-/google-protobuf@v3.21.2-YDUqZL2TTSsy2lGtfuND/dist=es2019,mode=imports/optimized/google-protobuf.js:4597:26)
    at Function.deserialize (file:///Users/thesayyn/Documents/thesayyn/protoc-gen-ts/target/debug/build/protoc_gen_ts-8cec2bec66276c47/out/test_conformance/test_messages_proto3.ts:196:52)
    at file:///Users/thesayyn/Documents/thesayyn/protoc-gen-ts/tests/conformance/bin/main.ts:23:78

  protobuf_test_messages.proto2.TestAllTypesProto2 1
  Error: Assertion failed
    at Object.jspb.asserts.doAssertFailure (https://cdn.skypack.dev/-/google-protobuf@v3.21.2-YDUqZL2TTSsy2lGtfuND/dist=es2019,mode=imports/optimized/google-protobuf.js:778:11)
    at Object.jspb.asserts.assert (https://cdn.skypack.dev/-/google-protobuf@v3.21.2-YDUqZL2TTSsy2lGtfuND/dist=es2019,mode=imports/optimized/google-protobuf.js:783:23)
    at jspb.BinaryDecoder.readInt32 (https://cdn.skypack.dev/-/google-protobuf@v3.21.2-YDUqZL2TTSsy2lGtfuND/dist=es2019,mode=imports/optimized/google-protobuf.js:4228:18)
    at jspb.BinaryReader.readSfixed32 (https://cdn.skypack.dev/-/google-protobuf@v3.21.2-YDUqZL2TTSsy2lGtfuND/dist=es2019,mode=imports/optimized/google-protobuf.js:4597:26)
    at Function.deserialize (file:///Users/thesayyn/Documents/thesayyn/protoc-gen-ts/target/debug/build/protoc_gen_ts-8cec2bec66276c47/out/test_conformance/test_messages_proto2.ts:172:52)
    at file:///Users/thesayyn/Documents/thesayyn/protoc-gen-ts/tests/conformance/bin/main.ts:30:78

  protobuf_test_messages.proto3.TestAllTypesProto3 1
  Error: Assertion failed
    at Object.jspb.asserts.doAssertFailure (https://cdn.skypack.dev/-/google-protobuf@v3.21.2-YDUqZL2TTSsy2lGtfuND/dist=es2019,mode=imports/optimized/google-protobuf.js:778:11)
    at Object.jspb.asserts.assert (https://cdn.skypack.dev/-/google-protobuf@v3.21.2-YDUqZL2TTSsy2lGtfuND/dist=es2019,mode=imports/optimized/google-protobuf.js:783:23)
    at jspb.BinaryDecoder.readInt32 (https://cdn.skypack.dev/-/google-protobuf@v3.21.2-YDUqZL2TTSsy2lGtfuND/dist=es2019,mode=imports/optimized/google-protobuf.js:4228:18)
    at jspb.BinaryReader.readSfixed32 (https://cdn.skypack.dev/-/google-protobuf@v3.21.2-YDUqZL2TTSsy2lGtfuND/dist=es2019,mode=imports/optimized/google-protobuf.js:4597:26)
    at Function.deserialize (file:///Users/thesayyn/Documents/thesayyn/protoc-gen-ts/target/debug/build/protoc_gen_ts-8cec2bec66276c47/out/test_conformance/test_messages_proto3.ts:274:60)
    at file:///Users/thesayyn/Documents/thesayyn/protoc-gen-ts/tests/conformance/bin/main.ts:23:78

  protobuf_test_messages.proto2.TestAllTypesProto2 1
  Error: Assertion failed
    at Object.jspb.asserts.doAssertFailure (https://cdn.skypack.dev/-/google-protobuf@v3.21.2-YDUqZL2TTSsy2lGtfuND/dist=es2019,mode=imports/optimized/google-protobuf.js:778:11)
    at Object.jspb.asserts.assert (https://cdn.skypack.dev/-/google-protobuf@v3.21.2-YDUqZL2TTSsy2lGtfuND/dist=es2019,mode=imports/optimized/google-protobuf.js:783:23)
    at jspb.BinaryDecoder.readInt32 (https://cdn.skypack.dev/-/google-protobuf@v3.21.2-YDUqZL2TTSsy2lGtfuND/dist=es2019,mode=imports/optimized/google-protobuf.js:4228:18)
    at jspb.BinaryReader.readSfixed32 (https://cdn.skypack.dev/-/google-protobuf@v3.21.2-YDUqZL2TTSsy2lGtfuND/dist=es2019,mode=imports/optimized/google-protobuf.js:4597:26)
    at Function.deserialize (file:///Users/thesayyn/Documents/thesayyn/protoc-gen-ts/target/debug/build/protoc_gen_ts-8cec2bec66276c47/out/test_conformance/test_messages_proto2.ts:238:55)
    at file:///Users/thesayyn/Documents/thesayyn/protoc-gen-ts/tests/conformance/bin/main.ts:30:78

  protobuf_test_messages.proto3.TestAllTypesProto3 1
  Error: Assertion failed
    at Object.jspb.asserts.doAssertFailure (https://cdn.skypack.dev/-/google-protobuf@v3.21.2-YDUqZL2TTSsy2lGtfuND/dist=es2019,mode=imports/optimized/google-protobuf.js:778:11)
    at Object.jspb.asserts.assert (https://cdn.skypack.dev/-/google-protobuf@v3.21.2-YDUqZL2TTSsy2lGtfuND/dist=es2019,mode=imports/optimized/google-protobuf.js:783:23)
    at jspb.BinaryDecoder.advance (https://cdn.skypack.dev/-/google-protobuf@v3.21.2-YDUqZL2TTSsy2lGtfuND/dist=es2019,mode=imports/optimized/google-protobuf.js:4081:18)
    at jspb.BinaryReader.skipFixed32Field (https://cdn.skypack.dev/-/google-protobuf@v3.21.2-YDUqZL2TTSsy2lGtfuND/dist=es2019,mode=imports/optimized/google-protobuf.js:4406:163)
    at jspb.BinaryReader.skipField (https://cdn.skypack.dev/-/google-protobuf@v3.21.2-YDUqZL2TTSsy2lGtfuND/dist=es2019,mode=imports/optimized/google-protobuf.js:4438:14)
    at Function.deserialize (file:///Users/thesayyn/Documents/thesayyn/protoc-gen-ts/target/debug/build/protoc_gen_ts-8cec2bec66276c47/out/test_conformance/test_messages_proto3.ts:958:24)
    at file:///Users/thesayyn/Documents/thesayyn/protoc-gen-ts/tests/conformance/bin/main.ts:23:78

  protobuf_test_messages.proto2.TestAllTypesProto2 1
  Error: Assertion failed
    at Object.jspb.asserts.doAssertFailure (https://cdn.skypack.dev/-/google-protobuf@v3.21.2-YDUqZL2TTSsy2lGtfuND/dist=es2019,mode=imports/optimized/google-protobuf.js:778:11)
    at Object.jspb.asserts.assert (https://cdn.skypack.dev/-/google-protobuf@v3.21.2-YDUqZL2TTSsy2lGtfuND/dist=es2019,mode=imports/optimized/google-protobuf.js:783:23)
    at jspb.BinaryDecoder.advance (https://cdn.skypack.dev/-/google-protobuf@v3.21.2-YDUqZL2TTSsy2lGtfuND/dist=es2019,mode=imports/optimized/google-protobuf.js:4081:18)
    at jspb.BinaryReader.skipFixed32Field (https://cdn.skypack.dev/-/google-protobuf@v3.21.2-YDUqZL2TTSsy2lGtfuND/dist=es2019,mode=imports/optimized/google-protobuf.js:4406:163)
    at jspb.BinaryReader.skipField (https://cdn.skypack.dev/-/google-protobuf@v3.21.2-YDUqZL2TTSsy2lGtfuND/dist=es2019,mode=imports/optimized/google-protobuf.js:4438:14)
    at Function.deserialize (file:///Users/thesayyn/Documents/thesayyn/protoc-gen-ts/target/debug/build/protoc_gen_ts-8cec2bec66276c47/out/test_conformance/test_messages_proto2.ts:865:24)
    at file:///Users/thesayyn/Documents/thesayyn/protoc-gen-ts/tests/conformance/bin/main.ts:30:78

  protobuf_test_messages.proto3.TestAllTypesProto3 1
  Error: Assertion failed
    at Object.jspb.asserts.doAssertFailure (https://cdn.skypack.dev/-/google-protobuf@v3.21.2-YDUqZL2TTSsy2lGtfuND/dist=es2019,mode=imports/optimized/google-protobuf.js:778:11)
    at Object.jspb.asserts.assert (https://cdn.skypack.dev/-/google-protobuf@v3.21.2-YDUqZL2TTSsy2lGtfuND/dist=es2019,mode=imports/optimized/google-protobuf.js:783:23)
    at jspb.BinaryDecoder.readInt32 (https://cdn.skypack.dev/-/google-protobuf@v3.21.2-YDUqZL2TTSsy2lGtfuND/dist=es2019,mode=imports/optimized/google-protobuf.js:4228:18)
    at jspb.BinaryReader.readSfixed32 (https://cdn.skypack.dev/-/google-protobuf@v3.21.2-YDUqZL2TTSsy2lGtfuND/dist=es2019,mode=imports/optimized/google-protobuf.js:4597:26)
    at Function.deserialize (file:///Users/thesayyn/Documents/thesayyn/protoc-gen-ts/target/debug/build/protoc_gen_ts-8cec2bec66276c47/out/test_conformance/test_messages_proto3.ts:196:52)
    at file:///Users/thesayyn/Documents/thesayyn/protoc-gen-ts/tests/conformance/bin/main.ts:23:78

  protobuf_test_messages.proto2.TestAllTypesProto2 1
  Error: Assertion failed
    at Object.jspb.asserts.doAssertFailure (https://cdn.skypack.dev/-/google-protobuf@v3.21.2-YDUqZL2TTSsy2lGtfuND/dist=es2019,mode=imports/optimized/google-protobuf.js:778:11)
    at Object.jspb.asserts.assert (https://cdn.skypack.dev/-/google-protobuf@v3.21.2-YDUqZL2TTSsy2lGtfuND/dist=es2019,mode=imports/optimized/google-protobuf.js:783:23)
    at jspb.BinaryDecoder.readInt32 (https://cdn.skypack.dev/-/google-protobuf@v3.21.2-YDUqZL2TTSsy2lGtfuND/dist=es2019,mode=imports/optimized/google-protobuf.js:4228:18)
    at jspb.BinaryReader.readSfixed32 (https://cdn.skypack.dev/-/google-protobuf@v3.21.2-YDUqZL2TTSsy2lGtfuND/dist=es2019,mode=imports/optimized/google-protobuf.js:4597:26)
    at Function.deserialize (file:///Users/thesayyn/Documents/thesayyn/protoc-gen-ts/target/debug/build/protoc_gen_ts-8cec2bec66276c47/out/test_conformance/test_messages_proto2.ts:172:52)
    at file:///Users/thesayyn/Documents/thesayyn/protoc-gen-ts/tests/conformance/bin/main.ts:30:78

  protobuf_test_messages.proto3.TestAllTypesProto3 1
  Error: Assertion failed
    at Object.jspb.asserts.doAssertFailure (https://cdn.skypack.dev/-/google-protobuf@v3.21.2-YDUqZL2TTSsy2lGtfuND/dist=es2019,mode=imports/optimized/google-protobuf.js:778:11)
    at Object.jspb.asserts.assert (https://cdn.skypack.dev/-/google-protobuf@v3.21.2-YDUqZL2TTSsy2lGtfuND/dist=es2019,mode=imports/optimized/google-protobuf.js:783:23)
    at jspb.BinaryDecoder.readInt32 (https://cdn.skypack.dev/-/google-protobuf@v3.21.2-YDUqZL2TTSsy2lGtfuND/dist=es2019,mode=imports/optimized/google-protobuf.js:4228:18)
    at jspb.BinaryReader.readSfixed32 (https://cdn.skypack.dev/-/google-protobuf@v3.21.2-YDUqZL2TTSsy2lGtfuND/dist=es2019,mode=imports/optimized/google-protobuf.js:4597:26)
    at Function.deserialize (file:///Users/thesayyn/Documents/thesayyn/protoc-gen-ts/target/debug/build/protoc_gen_ts-8cec2bec66276c47/out/test_conformance/test_messages_proto3.ts:274:60)
    at file:///Users/thesayyn/Documents/thesayyn/protoc-gen-ts/tests/conformance/bin/main.ts:23:78

  protobuf_test_messages.proto2.TestAllTypesProto2 1
  Error: Assertion failed
    at Object.jspb.asserts.doAssertFailure (https://cdn.skypack.dev/-/google-protobuf@v3.21.2-YDUqZL2TTSsy2lGtfuND/dist=es2019,mode=imports/optimized/google-protobuf.js:778:11)
    at Object.jspb.asserts.assert (https://cdn.skypack.dev/-/google-protobuf@v3.21.2-YDUqZL2TTSsy2lGtfuND/dist=es2019,mode=imports/optimized/google-protobuf.js:783:23)
    at jspb.BinaryDecoder.readInt32 (https://cdn.skypack.dev/-/google-protobuf@v3.21.2-YDUqZL2TTSsy2lGtfuND/dist=es2019,mode=imports/optimized/google-protobuf.js:4228:18)
    at jspb.BinaryReader.readSfixed32 (https://cdn.skypack.dev/-/google-protobuf@v3.21.2-YDUqZL2TTSsy2lGtfuND/dist=es2019,mode=imports/optimized/google-protobuf.js:4597:26)
    at Function.deserialize (file:///Users/thesayyn/Documents/thesayyn/protoc-gen-ts/target/debug/build/protoc_gen_ts-8cec2bec66276c47/out/test_conformance/test_messages_proto2.ts:238:55)
    at file:///Users/thesayyn/Documents/thesayyn/protoc-gen-ts/tests/conformance/bin/main.ts:30:78

  protobuf_test_messages.proto3.TestAllTypesProto3 1
  Error: Assertion failed
    at Object.jspb.asserts.doAssertFailure (https://cdn.skypack.dev/-/google-protobuf@v3.21.2-YDUqZL2TTSsy2lGtfuND/dist=es2019,mode=imports/optimized/google-protobuf.js:778:11)
    at Object.jspb.asserts.assert (https://cdn.skypack.dev/-/google-protobuf@v3.21.2-YDUqZL2TTSsy2lGtfuND/dist=es2019,mode=imports/optimized/google-protobuf.js:783:23)
    at jspb.BinaryDecoder.advance (https://cdn.skypack.dev/-/google-protobuf@v3.21.2-YDUqZL2TTSsy2lGtfuND/dist=es2019,mode=imports/optimized/google-protobuf.js:4081:18)
    at jspb.BinaryReader.skipFixed32Field (https://cdn.skypack.dev/-/google-protobuf@v3.21.2-YDUqZL2TTSsy2lGtfuND/dist=es2019,mode=imports/optimized/google-protobuf.js:4406:163)
    at jspb.BinaryReader.skipField (https://cdn.skypack.dev/-/google-protobuf@v3.21.2-YDUqZL2TTSsy2lGtfuND/dist=es2019,mode=imports/optimized/google-protobuf.js:4438:14)
    at Function.deserialize (file:///Users/thesayyn/Documents/thesayyn/protoc-gen-ts/target/debug/build/protoc_gen_ts-8cec2bec66276c47/out/test_conformance/test_messages_proto3.ts:958:24)
    at file:///Users/thesayyn/Documents/thesayyn/protoc-gen-ts/tests/conformance/bin/main.ts:23:78

  protobuf_test_messages.proto2.TestAllTypesProto2 1
  Error: Assertion failed
    at Object.jspb.asserts.doAssertFailure (https://cdn.skypack.dev/-/google-protobuf@v3.21.2-YDUqZL2TTSsy2lGtfuND/dist=es2019,mode=imports/optimized/google-protobuf.js:778:11)
    at Object.jspb.asserts.assert (https://cdn.skypack.dev/-/google-protobuf@v3.21.2-YDUqZL2TTSsy2lGtfuND/dist=es2019,mode=imports/optimized/google-protobuf.js:783:23)
    at jspb.BinaryDecoder.advance (https://cdn.skypack.dev/-/google-protobuf@v3.21.2-YDUqZL2TTSsy2lGtfuND/dist=es2019,mode=imports/optimized/google-protobuf.js:4081:18)
    at jspb.BinaryReader.skipFixed32Field (https://cdn.skypack.dev/-/google-protobuf@v3.21.2-YDUqZL2TTSsy2lGtfuND/dist=es2019,mode=imports/optimized/google-protobuf.js:4406:163)
    at jspb.BinaryReader.skipField (https://cdn.skypack.dev/-/google-protobuf@v3.21.2-YDUqZL2TTSsy2lGtfuND/dist=es2019,mode=imports/optimized/google-protobuf.js:4438:14)
    at Function.deserialize (file:///Users/thesayyn/Documents/thesayyn/protoc-gen-ts/target/debug/build/protoc_gen_ts-8cec2bec66276c47/out/test_conformance/test_messages_proto2.ts:865:24)
    at file:///Users/thesayyn/Documents/thesayyn/protoc-gen-ts/tests/conformance/bin/main.ts:30:78

  protobuf_test_messages.proto3.TestAllTypesProto3 1
  Error: Assertion failed
    at Object.jspb.asserts.doAssertFailure (https://cdn.skypack.dev/-/google-protobuf@v3.21.2-YDUqZL2TTSsy2lGtfuND/dist=es2019,mode=imports/optimized/google-protobuf.js:778:11)
    at Object.jspb.asserts.assert (https://cdn.skypack.dev/-/google-protobuf@v3.21.2-YDUqZL2TTSsy2lGtfuND/dist=es2019,mode=imports/optimized/google-protobuf.js:783:23)
    at jspb.BinaryDecoder.readInt32 (https://cdn.skypack.dev/-/google-protobuf@v3.21.2-YDUqZL2TTSsy2lGtfuND/dist=es2019,mode=imports/optimized/google-protobuf.js:4228:18)
    at jspb.BinaryReader.readPackedField_ (https://cdn.skypack.dev/-/google-protobuf@v3.21.2-YDUqZL2TTSsy2lGtfuND/dist=es2019,mode=imports/optimized/google-protobuf.js:4676:16)
    at jspb.BinaryReader.readPackedSfixed32 (https://cdn.skypack.dev/-/google-protobuf@v3.21.2-YDUqZL2TTSsy2lGtfuND/dist=es2019,mode=imports/optimized/google-protobuf.js:4730:17)
    at Function.deserialize (file:///Users/thesayyn/Documents/thesayyn/protoc-gen-ts/target/debug/build/protoc_gen_ts-8cec2bec66276c47/out/test_conformance/test_messages_proto3.ts:273:80)
    at file:///Users/thesayyn/Documents/thesayyn/protoc-gen-ts/tests/conformance/bin/main.ts:23:78

  protobuf_test_messages.proto2.TestAllTypesProto2 1
  Error: Assertion failed
    at Object.jspb.asserts.doAssertFailure (https://cdn.skypack.dev/-/google-protobuf@v3.21.2-YDUqZL2TTSsy2lGtfuND/dist=es2019,mode=imports/optimized/google-protobuf.js:778:11)
    at Object.jspb.asserts.assert (https://cdn.skypack.dev/-/google-protobuf@v3.21.2-YDUqZL2TTSsy2lGtfuND/dist=es2019,mode=imports/optimized/google-protobuf.js:783:23)
    at jspb.BinaryReader.readSfixed32 (https://cdn.skypack.dev/-/google-protobuf@v3.21.2-YDUqZL2TTSsy2lGtfuND/dist=es2019,mode=imports/optimized/google-protobuf.js:4596:18)
    at Function.deserialize (file:///Users/thesayyn/Documents/thesayyn/protoc-gen-ts/target/debug/build/protoc_gen_ts-8cec2bec66276c47/out/test_conformance/test_messages_proto2.ts:238:55)
    at file:///Users/thesayyn/Documents/thesayyn/protoc-gen-ts/tests/conformance/bin/main.ts:30:78

  protobuf_test_messages.proto3.TestAllTypesProto3 1
  Error: Assertion failed
    at Object.jspb.asserts.doAssertFailure (https://cdn.skypack.dev/-/google-protobuf@v3.21.2-YDUqZL2TTSsy2lGtfuND/dist=es2019,mode=imports/optimized/google-protobuf.js:778:11)
    at Object.jspb.asserts.assert (https://cdn.skypack.dev/-/google-protobuf@v3.21.2-YDUqZL2TTSsy2lGtfuND/dist=es2019,mode=imports/optimized/google-protobuf.js:783:23)
    at jspb.BinaryDecoder.readInt32 (https://cdn.skypack.dev/-/google-protobuf@v3.21.2-YDUqZL2TTSsy2lGtfuND/dist=es2019,mode=imports/optimized/google-protobuf.js:4228:18)
    at jspb.BinaryReader.readPackedField_ (https://cdn.skypack.dev/-/google-protobuf@v3.21.2-YDUqZL2TTSsy2lGtfuND/dist=es2019,mode=imports/optimized/google-protobuf.js:4676:16)
    at jspb.BinaryReader.readPackedSfixed32 (https://cdn.skypack.dev/-/google-protobuf@v3.21.2-YDUqZL2TTSsy2lGtfuND/dist=es2019,mode=imports/optimized/google-protobuf.js:4730:17)
    at Function.deserialize (file:///Users/thesayyn/Documents/thesayyn/protoc-gen-ts/target/debug/build/protoc_gen_ts-8cec2bec66276c47/out/test_conformance/test_messages_proto3.ts:273:80)
    at file:///Users/thesayyn/Documents/thesayyn/protoc-gen-ts/tests/conformance/bin/main.ts:23:78

  protobuf_test_messages.proto2.TestAllTypesProto2 1
  Error: Assertion failed
    at Object.jspb.asserts.doAssertFailure (https://cdn.skypack.dev/-/google-protobuf@v3.21.2-YDUqZL2TTSsy2lGtfuND/dist=es2019,mode=imports/optimized/google-protobuf.js:778:11)
    at Object.jspb.asserts.assert (https://cdn.skypack.dev/-/google-protobuf@v3.21.2-YDUqZL2TTSsy2lGtfuND/dist=es2019,mode=imports/optimized/google-protobuf.js:783:23)
    at jspb.BinaryReader.readSfixed32 (https://cdn.skypack.dev/-/google-protobuf@v3.21.2-YDUqZL2TTSsy2lGtfuND/dist=es2019,mode=imports/optimized/google-protobuf.js:4596:18)
    at Function.deserialize (file:///Users/thesayyn/Documents/thesayyn/protoc-gen-ts/target/debug/build/protoc_gen_ts-8cec2bec66276c47/out/test_conformance/test_messages_proto2.ts:238:55)
    at file:///Users/thesayyn/Documents/thesayyn/protoc-gen-ts/tests/conformance/bin/main.ts:30:78

  protobuf_test_messages.proto3.TestAllTypesProto3 1
  Error: Assertion failed
    at Object.jspb.asserts.doAssertFailure (https://cdn.skypack.dev/-/google-protobuf@v3.21.2-YDUqZL2TTSsy2lGtfuND/dist=es2019,mode=imports/optimized/google-protobuf.js:778:11)
    at Object.jspb.asserts.assert (https://cdn.skypack.dev/-/google-protobuf@v3.21.2-YDUqZL2TTSsy2lGtfuND/dist=es2019,mode=imports/optimized/google-protobuf.js:783:23)
    at jspb.BinaryDecoder.readUint32 (https://cdn.skypack.dev/-/google-protobuf@v3.21.2-YDUqZL2TTSsy2lGtfuND/dist=es2019,mode=imports/optimized/google-protobuf.js:4202:18)
    at jspb.BinaryDecoder.readInt64 (https://cdn.skypack.dev/-/google-protobuf@v3.21.2-YDUqZL2TTSsy2lGtfuND/dist=es2019,mode=imports/optimized/google-protobuf.js:4232:18)
    at jspb.BinaryReader.readSfixed64 (https://cdn.skypack.dev/-/google-protobuf@v3.21.2-YDUqZL2TTSsy2lGtfuND/dist=es2019,mode=imports/optimized/google-protobuf.js:4606:26)
    at Function.deserialize (file:///Users/thesayyn/Documents/thesayyn/protoc-gen-ts/target/debug/build/protoc_gen_ts-8cec2bec66276c47/out/test_conformance/test_messages_proto3.ts:199:52)
    at file:///Users/thesayyn/Documents/thesayyn/protoc-gen-ts/tests/conformance/bin/main.ts:23:78

  protobuf_test_messages.proto2.TestAllTypesProto2 1
  Error: Assertion failed
    at Object.jspb.asserts.doAssertFailure (https://cdn.skypack.dev/-/google-protobuf@v3.21.2-YDUqZL2TTSsy2lGtfuND/dist=es2019,mode=imports/optimized/google-protobuf.js:778:11)
    at Object.jspb.asserts.assert (https://cdn.skypack.dev/-/google-protobuf@v3.21.2-YDUqZL2TTSsy2lGtfuND/dist=es2019,mode=imports/optimized/google-protobuf.js:783:23)
    at jspb.BinaryDecoder.readUint32 (https://cdn.skypack.dev/-/google-protobuf@v3.21.2-YDUqZL2TTSsy2lGtfuND/dist=es2019,mode=imports/optimized/google-protobuf.js:4202:18)
    at jspb.BinaryDecoder.readInt64 (https://cdn.skypack.dev/-/google-protobuf@v3.21.2-YDUqZL2TTSsy2lGtfuND/dist=es2019,mode=imports/optimized/google-protobuf.js:4232:18)
    at jspb.BinaryReader.readSfixed64 (https://cdn.skypack.dev/-/google-protobuf@v3.21.2-YDUqZL2TTSsy2lGtfuND/dist=es2019,mode=imports/optimized/google-protobuf.js:4606:26)
    at Function.deserialize (file:///Users/thesayyn/Documents/thesayyn/protoc-gen-ts/target/debug/build/protoc_gen_ts-8cec2bec66276c47/out/test_conformance/test_messages_proto2.ts:175:52)
    at file:///Users/thesayyn/Documents/thesayyn/protoc-gen-ts/tests/conformance/bin/main.ts:30:78

  protobuf_test_messages.proto3.TestAllTypesProto3 1
  Error: Assertion failed
    at Object.jspb.asserts.doAssertFailure (https://cdn.skypack.dev/-/google-protobuf@v3.21.2-YDUqZL2TTSsy2lGtfuND/dist=es2019,mode=imports/optimized/google-protobuf.js:778:11)
    at Object.jspb.asserts.assert (https://cdn.skypack.dev/-/google-protobuf@v3.21.2-YDUqZL2TTSsy2lGtfuND/dist=es2019,mode=imports/optimized/google-protobuf.js:783:23)
    at jspb.BinaryDecoder.readUint32 (https://cdn.skypack.dev/-/google-protobuf@v3.21.2-YDUqZL2TTSsy2lGtfuND/dist=es2019,mode=imports/optimized/google-protobuf.js:4202:18)
    at jspb.BinaryDecoder.readInt64 (https://cdn.skypack.dev/-/google-protobuf@v3.21.2-YDUqZL2TTSsy2lGtfuND/dist=es2019,mode=imports/optimized/google-protobuf.js:4232:18)
    at jspb.BinaryReader.readSfixed64 (https://cdn.skypack.dev/-/google-protobuf@v3.21.2-YDUqZL2TTSsy2lGtfuND/dist=es2019,mode=imports/optimized/google-protobuf.js:4606:26)
    at Function.deserialize (file:///Users/thesayyn/Documents/thesayyn/protoc-gen-ts/target/debug/build/protoc_gen_ts-8cec2bec66276c47/out/test_conformance/test_messages_proto3.ts:278:60)
    at file:///Users/thesayyn/Documents/thesayyn/protoc-gen-ts/tests/conformance/bin/main.ts:23:78

  protobuf_test_messages.proto2.TestAllTypesProto2 1
  Error: Assertion failed
    at Object.jspb.asserts.doAssertFailure (https://cdn.skypack.dev/-/google-protobuf@v3.21.2-YDUqZL2TTSsy2lGtfuND/dist=es2019,mode=imports/optimized/google-protobuf.js:778:11)
    at Object.jspb.asserts.assert (https://cdn.skypack.dev/-/google-protobuf@v3.21.2-YDUqZL2TTSsy2lGtfuND/dist=es2019,mode=imports/optimized/google-protobuf.js:783:23)
    at jspb.BinaryDecoder.readUint32 (https://cdn.skypack.dev/-/google-protobuf@v3.21.2-YDUqZL2TTSsy2lGtfuND/dist=es2019,mode=imports/optimized/google-protobuf.js:4202:18)
    at jspb.BinaryDecoder.readInt64 (https://cdn.skypack.dev/-/google-protobuf@v3.21.2-YDUqZL2TTSsy2lGtfuND/dist=es2019,mode=imports/optimized/google-protobuf.js:4232:18)
    at jspb.BinaryReader.readSfixed64 (https://cdn.skypack.dev/-/google-protobuf@v3.21.2-YDUqZL2TTSsy2lGtfuND/dist=es2019,mode=imports/optimized/google-protobuf.js:4606:26)
    at Function.deserialize (file:///Users/thesayyn/Documents/thesayyn/protoc-gen-ts/target/debug/build/protoc_gen_ts-8cec2bec66276c47/out/test_conformance/test_messages_proto2.ts:241:55)
    at file:///Users/thesayyn/Documents/thesayyn/protoc-gen-ts/tests/conformance/bin/main.ts:30:78

  protobuf_test_messages.proto3.TestAllTypesProto3 1
  Error: Assertion failed
    at Object.jspb.asserts.doAssertFailure (https://cdn.skypack.dev/-/google-protobuf@v3.21.2-YDUqZL2TTSsy2lGtfuND/dist=es2019,mode=imports/optimized/google-protobuf.js:778:11)
    at Object.jspb.asserts.assert (https://cdn.skypack.dev/-/google-protobuf@v3.21.2-YDUqZL2TTSsy2lGtfuND/dist=es2019,mode=imports/optimized/google-protobuf.js:783:23)
    at jspb.BinaryDecoder.advance (https://cdn.skypack.dev/-/google-protobuf@v3.21.2-YDUqZL2TTSsy2lGtfuND/dist=es2019,mode=imports/optimized/google-protobuf.js:4081:18)
    at jspb.BinaryReader.skipFixed64Field (https://cdn.skypack.dev/-/google-protobuf@v3.21.2-YDUqZL2TTSsy2lGtfuND/dist=es2019,mode=imports/optimized/google-protobuf.js:4409:163)
    at jspb.BinaryReader.skipField (https://cdn.skypack.dev/-/google-protobuf@v3.21.2-YDUqZL2TTSsy2lGtfuND/dist=es2019,mode=imports/optimized/google-protobuf.js:4432:14)
    at Function.deserialize (file:///Users/thesayyn/Documents/thesayyn/protoc-gen-ts/target/debug/build/protoc_gen_ts-8cec2bec66276c47/out/test_conformance/test_messages_proto3.ts:958:24)
    at file:///Users/thesayyn/Documents/thesayyn/protoc-gen-ts/tests/conformance/bin/main.ts:23:78

  protobuf_test_messages.proto2.TestAllTypesProto2 1
  Error: Assertion failed
    at Object.jspb.asserts.doAssertFailure (https://cdn.skypack.dev/-/google-protobuf@v3.21.2-YDUqZL2TTSsy2lGtfuND/dist=es2019,mode=imports/optimized/google-protobuf.js:778:11)
    at Object.jspb.asserts.assert (https://cdn.skypack.dev/-/google-protobuf@v3.21.2-YDUqZL2TTSsy2lGtfuND/dist=es2019,mode=imports/optimized/google-protobuf.js:783:23)
    at jspb.BinaryDecoder.advance (https://cdn.skypack.dev/-/google-protobuf@v3.21.2-YDUqZL2TTSsy2lGtfuND/dist=es2019,mode=imports/optimized/google-protobuf.js:4081:18)
    at jspb.BinaryReader.skipFixed64Field (https://cdn.skypack.dev/-/google-protobuf@v3.21.2-YDUqZL2TTSsy2lGtfuND/dist=es2019,mode=imports/optimized/google-protobuf.js:4409:163)
    at jspb.BinaryReader.skipField (https://cdn.skypack.dev/-/google-protobuf@v3.21.2-YDUqZL2TTSsy2lGtfuND/dist=es2019,mode=imports/optimized/google-protobuf.js:4432:14)
    at Function.deserialize (file:///Users/thesayyn/Documents/thesayyn/protoc-gen-ts/target/debug/build/protoc_gen_ts-8cec2bec66276c47/out/test_conformance/test_messages_proto2.ts:865:24)
    at file:///Users/thesayyn/Documents/thesayyn/protoc-gen-ts/tests/conformance/bin/main.ts:30:78

  protobuf_test_messages.proto3.TestAllTypesProto3 1
  Error: Assertion failed
    at Object.jspb.asserts.doAssertFailure (https://cdn.skypack.dev/-/google-protobuf@v3.21.2-YDUqZL2TTSsy2lGtfuND/dist=es2019,mode=imports/optimized/google-protobuf.js:778:11)
    at Object.jspb.asserts.assert (https://cdn.skypack.dev/-/google-protobuf@v3.21.2-YDUqZL2TTSsy2lGtfuND/dist=es2019,mode=imports/optimized/google-protobuf.js:783:23)
    at jspb.BinaryDecoder.readUint32 (https://cdn.skypack.dev/-/google-protobuf@v3.21.2-YDUqZL2TTSsy2lGtfuND/dist=es2019,mode=imports/optimized/google-protobuf.js:4202:18)
    at jspb.BinaryDecoder.readInt64 (https://cdn.skypack.dev/-/google-protobuf@v3.21.2-YDUqZL2TTSsy2lGtfuND/dist=es2019,mode=imports/optimized/google-protobuf.js:4232:41)
    at jspb.BinaryReader.readSfixed64 (https://cdn.skypack.dev/-/google-protobuf@v3.21.2-YDUqZL2TTSsy2lGtfuND/dist=es2019,mode=imports/optimized/google-protobuf.js:4606:26)
    at Function.deserialize (file:///Users/thesayyn/Documents/thesayyn/protoc-gen-ts/target/debug/build/protoc_gen_ts-8cec2bec66276c47/out/test_conformance/test_messages_proto3.ts:199:52)
    at file:///Users/thesayyn/Documents/thesayyn/protoc-gen-ts/tests/conformance/bin/main.ts:23:78

  protobuf_test_messages.proto2.TestAllTypesProto2 1
  Error: Assertion failed
    at Object.jspb.asserts.doAssertFailure (https://cdn.skypack.dev/-/google-protobuf@v3.21.2-YDUqZL2TTSsy2lGtfuND/dist=es2019,mode=imports/optimized/google-protobuf.js:778:11)
    at Object.jspb.asserts.assert (https://cdn.skypack.dev/-/google-protobuf@v3.21.2-YDUqZL2TTSsy2lGtfuND/dist=es2019,mode=imports/optimized/google-protobuf.js:783:23)
    at jspb.BinaryDecoder.readUint32 (https://cdn.skypack.dev/-/google-protobuf@v3.21.2-YDUqZL2TTSsy2lGtfuND/dist=es2019,mode=imports/optimized/google-protobuf.js:4202:18)
    at jspb.BinaryDecoder.readInt64 (https://cdn.skypack.dev/-/google-protobuf@v3.21.2-YDUqZL2TTSsy2lGtfuND/dist=es2019,mode=imports/optimized/google-protobuf.js:4232:41)
    at jspb.BinaryReader.readSfixed64 (https://cdn.skypack.dev/-/google-protobuf@v3.21.2-YDUqZL2TTSsy2lGtfuND/dist=es2019,mode=imports/optimized/google-protobuf.js:4606:26)
    at Function.deserialize (file:///Users/thesayyn/Documents/thesayyn/protoc-gen-ts/target/debug/build/protoc_gen_ts-8cec2bec66276c47/out/test_conformance/test_messages_proto2.ts:175:52)
    at file:///Users/thesayyn/Documents/thesayyn/protoc-gen-ts/tests/conformance/bin/main.ts:30:78

  protobuf_test_messages.proto3.TestAllTypesProto3 1
  Error: Assertion failed
    at Object.jspb.asserts.doAssertFailure (https://cdn.skypack.dev/-/google-protobuf@v3.21.2-YDUqZL2TTSsy2lGtfuND/dist=es2019,mode=imports/optimized/google-protobuf.js:778:11)
    at Object.jspb.asserts.assert (https://cdn.skypack.dev/-/google-protobuf@v3.21.2-YDUqZL2TTSsy2lGtfuND/dist=es2019,mode=imports/optimized/google-protobuf.js:783:23)
    at jspb.BinaryDecoder.readUint32 (https://cdn.skypack.dev/-/google-protobuf@v3.21.2-YDUqZL2TTSsy2lGtfuND/dist=es2019,mode=imports/optimized/google-protobuf.js:4202:18)
    at jspb.BinaryDecoder.readInt64 (https://cdn.skypack.dev/-/google-protobuf@v3.21.2-YDUqZL2TTSsy2lGtfuND/dist=es2019,mode=imports/optimized/google-protobuf.js:4232:41)
    at jspb.BinaryReader.readSfixed64 (https://cdn.skypack.dev/-/google-protobuf@v3.21.2-YDUqZL2TTSsy2lGtfuND/dist=es2019,mode=imports/optimized/google-protobuf.js:4606:26)
    at Function.deserialize (file:///Users/thesayyn/Documents/thesayyn/protoc-gen-ts/target/debug/build/protoc_gen_ts-8cec2bec66276c47/out/test_conformance/test_messages_proto3.ts:278:60)
    at file:///Users/thesayyn/Documents/thesayyn/protoc-gen-ts/tests/conformance/bin/main.ts:23:78

  protobuf_test_messages.proto2.TestAllTypesProto2 1
  Error: Assertion failed
    at Object.jspb.asserts.doAssertFailure (https://cdn.skypack.dev/-/google-protobuf@v3.21.2-YDUqZL2TTSsy2lGtfuND/dist=es2019,mode=imports/optimized/google-protobuf.js:778:11)
    at Object.jspb.asserts.assert (https://cdn.skypack.dev/-/google-protobuf@v3.21.2-YDUqZL2TTSsy2lGtfuND/dist=es2019,mode=imports/optimized/google-protobuf.js:783:23)
    at jspb.BinaryDecoder.readUint32 (https://cdn.skypack.dev/-/google-protobuf@v3.21.2-YDUqZL2TTSsy2lGtfuND/dist=es2019,mode=imports/optimized/google-protobuf.js:4202:18)
    at jspb.BinaryDecoder.readInt64 (https://cdn.skypack.dev/-/google-protobuf@v3.21.2-YDUqZL2TTSsy2lGtfuND/dist=es2019,mode=imports/optimized/google-protobuf.js:4232:41)
    at jspb.BinaryReader.readSfixed64 (https://cdn.skypack.dev/-/google-protobuf@v3.21.2-YDUqZL2TTSsy2lGtfuND/dist=es2019,mode=imports/optimized/google-protobuf.js:4606:26)
    at Function.deserialize (file:///Users/thesayyn/Documents/thesayyn/protoc-gen-ts/target/debug/build/protoc_gen_ts-8cec2bec66276c47/out/test_conformance/test_messages_proto2.ts:241:55)
    at file:///Users/thesayyn/Documents/thesayyn/protoc-gen-ts/tests/conformance/bin/main.ts:30:78

  protobuf_test_messages.proto3.TestAllTypesProto3 1
  Error: Assertion failed
    at Object.jspb.asserts.doAssertFailure (https://cdn.skypack.dev/-/google-protobuf@v3.21.2-YDUqZL2TTSsy2lGtfuND/dist=es2019,mode=imports/optimized/google-protobuf.js:778:11)
    at Object.jspb.asserts.assert (https://cdn.skypack.dev/-/google-protobuf@v3.21.2-YDUqZL2TTSsy2lGtfuND/dist=es2019,mode=imports/optimized/google-protobuf.js:783:23)
    at jspb.BinaryDecoder.advance (https://cdn.skypack.dev/-/google-protobuf@v3.21.2-YDUqZL2TTSsy2lGtfuND/dist=es2019,mode=imports/optimized/google-protobuf.js:4081:18)
    at jspb.BinaryReader.skipFixed64Field (https://cdn.skypack.dev/-/google-protobuf@v3.21.2-YDUqZL2TTSsy2lGtfuND/dist=es2019,mode=imports/optimized/google-protobuf.js:4409:163)
    at jspb.BinaryReader.skipField (https://cdn.skypack.dev/-/google-protobuf@v3.21.2-YDUqZL2TTSsy2lGtfuND/dist=es2019,mode=imports/optimized/google-protobuf.js:4432:14)
    at Function.deserialize (file:///Users/thesayyn/Documents/thesayyn/protoc-gen-ts/target/debug/build/protoc_gen_ts-8cec2bec66276c47/out/test_conformance/test_messages_proto3.ts:958:24)
    at file:///Users/thesayyn/Documents/thesayyn/protoc-gen-ts/tests/conformance/bin/main.ts:23:78

  protobuf_test_messages.proto2.TestAllTypesProto2 1
  Error: Assertion failed
    at Object.jspb.asserts.doAssertFailure (https://cdn.skypack.dev/-/google-protobuf@v3.21.2-YDUqZL2TTSsy2lGtfuND/dist=es2019,mode=imports/optimized/google-protobuf.js:778:11)
    at Object.jspb.asserts.assert (https://cdn.skypack.dev/-/google-protobuf@v3.21.2-YDUqZL2TTSsy2lGtfuND/dist=es2019,mode=imports/optimized/google-protobuf.js:783:23)
    at jspb.BinaryDecoder.advance (https://cdn.skypack.dev/-/google-protobuf@v3.21.2-YDUqZL2TTSsy2lGtfuND/dist=es2019,mode=imports/optimized/google-protobuf.js:4081:18)
    at jspb.BinaryReader.skipFixed64Field (https://cdn.skypack.dev/-/google-protobuf@v3.21.2-YDUqZL2TTSsy2lGtfuND/dist=es2019,mode=imports/optimized/google-protobuf.js:4409:163)
    at jspb.BinaryReader.skipField (https://cdn.skypack.dev/-/google-protobuf@v3.21.2-YDUqZL2TTSsy2lGtfuND/dist=es2019,mode=imports/optimized/google-protobuf.js:4432:14)
    at Function.deserialize (file:///Users/thesayyn/Documents/thesayyn/protoc-gen-ts/target/debug/build/protoc_gen_ts-8cec2bec66276c47/out/test_conformance/test_messages_proto2.ts:865:24)
    at file:///Users/thesayyn/Documents/thesayyn/protoc-gen-ts/tests/conformance/bin/main.ts:30:78

  protobuf_test_messages.proto3.TestAllTypesProto3 1
  Error: Assertion failed
    at Object.jspb.asserts.doAssertFailure (https://cdn.skypack.dev/-/google-protobuf@v3.21.2-YDUqZL2TTSsy2lGtfuND/dist=es2019,mode=imports/optimized/google-protobuf.js:778:11)
    at Object.jspb.asserts.assert (https://cdn.skypack.dev/-/google-protobuf@v3.21.2-YDUqZL2TTSsy2lGtfuND/dist=es2019,mode=imports/optimized/google-protobuf.js:783:23)
    at jspb.BinaryDecoder.readUint32 (https://cdn.skypack.dev/-/google-protobuf@v3.21.2-YDUqZL2TTSsy2lGtfuND/dist=es2019,mode=imports/optimized/google-protobuf.js:4202:18)
    at jspb.BinaryDecoder.readInt64 (https://cdn.skypack.dev/-/google-protobuf@v3.21.2-YDUqZL2TTSsy2lGtfuND/dist=es2019,mode=imports/optimized/google-protobuf.js:4232:41)
    at jspb.BinaryReader.readPackedField_ (https://cdn.skypack.dev/-/google-protobuf@v3.21.2-YDUqZL2TTSsy2lGtfuND/dist=es2019,mode=imports/optimized/google-protobuf.js:4676:16)
    at jspb.BinaryReader.readPackedSfixed64 (https://cdn.skypack.dev/-/google-protobuf@v3.21.2-YDUqZL2TTSsy2lGtfuND/dist=es2019,mode=imports/optimized/google-protobuf.js:4734:17)
    at Function.deserialize (file:///Users/thesayyn/Documents/thesayyn/protoc-gen-ts/target/debug/build/protoc_gen_ts-8cec2bec66276c47/out/test_conformance/test_messages_proto3.ts:277:80)
    at file:///Users/thesayyn/Documents/thesayyn/protoc-gen-ts/tests/conformance/bin/main.ts:23:78

  protobuf_test_messages.proto2.TestAllTypesProto2 1
  Error: Assertion failed
    at Object.jspb.asserts.doAssertFailure (https://cdn.skypack.dev/-/google-protobuf@v3.21.2-YDUqZL2TTSsy2lGtfuND/dist=es2019,mode=imports/optimized/google-protobuf.js:778:11)
    at Object.jspb.asserts.assert (https://cdn.skypack.dev/-/google-protobuf@v3.21.2-YDUqZL2TTSsy2lGtfuND/dist=es2019,mode=imports/optimized/google-protobuf.js:783:23)
    at jspb.BinaryReader.readSfixed64 (https://cdn.skypack.dev/-/google-protobuf@v3.21.2-YDUqZL2TTSsy2lGtfuND/dist=es2019,mode=imports/optimized/google-protobuf.js:4605:18)
    at Function.deserialize (file:///Users/thesayyn/Documents/thesayyn/protoc-gen-ts/target/debug/build/protoc_gen_ts-8cec2bec66276c47/out/test_conformance/test_messages_proto2.ts:241:55)
    at file:///Users/thesayyn/Documents/thesayyn/protoc-gen-ts/tests/conformance/bin/main.ts:30:78

  protobuf_test_messages.proto3.TestAllTypesProto3 1
  Error: Assertion failed
    at Object.jspb.asserts.doAssertFailure (https://cdn.skypack.dev/-/google-protobuf@v3.21.2-YDUqZL2TTSsy2lGtfuND/dist=es2019,mode=imports/optimized/google-protobuf.js:778:11)
    at Object.jspb.asserts.assert (https://cdn.skypack.dev/-/google-protobuf@v3.21.2-YDUqZL2TTSsy2lGtfuND/dist=es2019,mode=imports/optimized/google-protobuf.js:783:23)
    at jspb.BinaryDecoder.readUint32 (https://cdn.skypack.dev/-/google-protobuf@v3.21.2-YDUqZL2TTSsy2lGtfuND/dist=es2019,mode=imports/optimized/google-protobuf.js:4202:18)
    at jspb.BinaryDecoder.readInt64 (https://cdn.skypack.dev/-/google-protobuf@v3.21.2-YDUqZL2TTSsy2lGtfuND/dist=es2019,mode=imports/optimized/google-protobuf.js:4232:18)
    at jspb.BinaryReader.readPackedField_ (https://cdn.skypack.dev/-/google-protobuf@v3.21.2-YDUqZL2TTSsy2lGtfuND/dist=es2019,mode=imports/optimized/google-protobuf.js:4676:16)
    at jspb.BinaryReader.readPackedSfixed64 (https://cdn.skypack.dev/-/google-protobuf@v3.21.2-YDUqZL2TTSsy2lGtfuND/dist=es2019,mode=imports/optimized/google-protobuf.js:4734:17)
    at Function.deserialize (file:///Users/thesayyn/Documents/thesayyn/protoc-gen-ts/target/debug/build/protoc_gen_ts-8cec2bec66276c47/out/test_conformance/test_messages_proto3.ts:277:80)
    at file:///Users/thesayyn/Documents/thesayyn/protoc-gen-ts/tests/conformance/bin/main.ts:23:78

  protobuf_test_messages.proto2.TestAllTypesProto2 1
  Error: Assertion failed
    at Object.jspb.asserts.doAssertFailure (https://cdn.skypack.dev/-/google-protobuf@v3.21.2-YDUqZL2TTSsy2lGtfuND/dist=es2019,mode=imports/optimized/google-protobuf.js:778:11)
    at Object.jspb.asserts.assert (https://cdn.skypack.dev/-/google-protobuf@v3.21.2-YDUqZL2TTSsy2lGtfuND/dist=es2019,mode=imports/optimized/google-protobuf.js:783:23)
    at jspb.BinaryReader.readSfixed64 (https://cdn.skypack.dev/-/google-protobuf@v3.21.2-YDUqZL2TTSsy2lGtfuND/dist=es2019,mode=imports/optimized/google-protobuf.js:4605:18)
    at Function.deserialize (file:///Users/thesayyn/Documents/thesayyn/protoc-gen-ts/target/debug/build/protoc_gen_ts-8cec2bec66276c47/out/test_conformance/test_messages_proto2.ts:241:55)
    at file:///Users/thesayyn/Documents/thesayyn/protoc-gen-ts/tests/conformance/bin/main.ts:30:78

  protobuf_test_messages.proto3.TestAllTypesProto3 1
  Error: Assertion failed
    at Object.jspb.asserts.doAssertFailure (https://cdn.skypack.dev/-/google-protobuf@v3.21.2-YDUqZL2TTSsy2lGtfuND/dist=es2019,mode=imports/optimized/google-protobuf.js:778:11)
    at Object.jspb.asserts.assert (https://cdn.skypack.dev/-/google-protobuf@v3.21.2-YDUqZL2TTSsy2lGtfuND/dist=es2019,mode=imports/optimized/google-protobuf.js:783:23)
    at jspb.BinaryDecoder.readUnsignedVarint32 (https://cdn.skypack.dev/-/google-protobuf@v3.21.2-YDUqZL2TTSsy2lGtfuND/dist=es2019,mode=imports/optimized/google-protobuf.js:4150:18)
    at jspb.BinaryDecoder.readZigzagVarint32 (https://cdn.skypack.dev/-/google-protobuf@v3.21.2-YDUqZL2TTSsy2lGtfuND/dist=es2019,mode=imports/optimized/google-protobuf.js:4163:18)
    at jspb.BinaryReader.readSint32 (https://cdn.skypack.dev/-/google-protobuf@v3.21.2-YDUqZL2TTSsy2lGtfuND/dist=es2019,mode=imports/optimized/google-protobuf.js:4569:26)
    at Function.deserialize (file:///Users/thesayyn/Documents/thesayyn/protoc-gen-ts/target/debug/build/protoc_gen_ts-8cec2bec66276c47/out/test_conformance/test_messages_proto3.ts:184:50)
    at file:///Users/thesayyn/Documents/thesayyn/protoc-gen-ts/tests/conformance/bin/main.ts:23:78

  protobuf_test_messages.proto2.TestAllTypesProto2 1
  Error: Assertion failed
    at Object.jspb.asserts.doAssertFailure (https://cdn.skypack.dev/-/google-protobuf@v3.21.2-YDUqZL2TTSsy2lGtfuND/dist=es2019,mode=imports/optimized/google-protobuf.js:778:11)
    at Object.jspb.asserts.assert (https://cdn.skypack.dev/-/google-protobuf@v3.21.2-YDUqZL2TTSsy2lGtfuND/dist=es2019,mode=imports/optimized/google-protobuf.js:783:23)
    at jspb.BinaryDecoder.readUnsignedVarint32 (https://cdn.skypack.dev/-/google-protobuf@v3.21.2-YDUqZL2TTSsy2lGtfuND/dist=es2019,mode=imports/optimized/google-protobuf.js:4150:18)
    at jspb.BinaryDecoder.readZigzagVarint32 (https://cdn.skypack.dev/-/google-protobuf@v3.21.2-YDUqZL2TTSsy2lGtfuND/dist=es2019,mode=imports/optimized/google-protobuf.js:4163:18)
    at jspb.BinaryReader.readSint32 (https://cdn.skypack.dev/-/google-protobuf@v3.21.2-YDUqZL2TTSsy2lGtfuND/dist=es2019,mode=imports/optimized/google-protobuf.js:4569:26)
    at Function.deserialize (file:///Users/thesayyn/Documents/thesayyn/protoc-gen-ts/target/debug/build/protoc_gen_ts-8cec2bec66276c47/out/test_conformance/test_messages_proto2.ts:160:50)
    at file:///Users/thesayyn/Documents/thesayyn/protoc-gen-ts/tests/conformance/bin/main.ts:30:78

  protobuf_test_messages.proto3.TestAllTypesProto3 1
  Error: Assertion failed
    at Object.jspb.asserts.doAssertFailure (https://cdn.skypack.dev/-/google-protobuf@v3.21.2-YDUqZL2TTSsy2lGtfuND/dist=es2019,mode=imports/optimized/google-protobuf.js:778:11)
    at Object.jspb.asserts.assert (https://cdn.skypack.dev/-/google-protobuf@v3.21.2-YDUqZL2TTSsy2lGtfuND/dist=es2019,mode=imports/optimized/google-protobuf.js:783:23)
    at jspb.BinaryDecoder.readUnsignedVarint32 (https://cdn.skypack.dev/-/google-protobuf@v3.21.2-YDUqZL2TTSsy2lGtfuND/dist=es2019,mode=imports/optimized/google-protobuf.js:4150:18)
    at jspb.BinaryDecoder.readZigzagVarint32 (https://cdn.skypack.dev/-/google-protobuf@v3.21.2-YDUqZL2TTSsy2lGtfuND/dist=es2019,mode=imports/optimized/google-protobuf.js:4163:18)
    at jspb.BinaryReader.readSint32 (https://cdn.skypack.dev/-/google-protobuf@v3.21.2-YDUqZL2TTSsy2lGtfuND/dist=es2019,mode=imports/optimized/google-protobuf.js:4569:26)
    at Function.deserialize (file:///Users/thesayyn/Documents/thesayyn/protoc-gen-ts/target/debug/build/protoc_gen_ts-8cec2bec66276c47/out/test_conformance/test_messages_proto3.ts:258:58)
    at file:///Users/thesayyn/Documents/thesayyn/protoc-gen-ts/tests/conformance/bin/main.ts:23:78

  protobuf_test_messages.proto2.TestAllTypesProto2 1
  Error: Assertion failed
    at Object.jspb.asserts.doAssertFailure (https://cdn.skypack.dev/-/google-protobuf@v3.21.2-YDUqZL2TTSsy2lGtfuND/dist=es2019,mode=imports/optimized/google-protobuf.js:778:11)
    at Object.jspb.asserts.assert (https://cdn.skypack.dev/-/google-protobuf@v3.21.2-YDUqZL2TTSsy2lGtfuND/dist=es2019,mode=imports/optimized/google-protobuf.js:783:23)
    at jspb.BinaryDecoder.readUnsignedVarint32 (https://cdn.skypack.dev/-/google-protobuf@v3.21.2-YDUqZL2TTSsy2lGtfuND/dist=es2019,mode=imports/optimized/google-protobuf.js:4150:18)
    at jspb.BinaryDecoder.readZigzagVarint32 (https://cdn.skypack.dev/-/google-protobuf@v3.21.2-YDUqZL2TTSsy2lGtfuND/dist=es2019,mode=imports/optimized/google-protobuf.js:4163:18)
    at jspb.BinaryReader.readSint32 (https://cdn.skypack.dev/-/google-protobuf@v3.21.2-YDUqZL2TTSsy2lGtfuND/dist=es2019,mode=imports/optimized/google-protobuf.js:4569:26)
    at Function.deserialize (file:///Users/thesayyn/Documents/thesayyn/protoc-gen-ts/target/debug/build/protoc_gen_ts-8cec2bec66276c47/out/test_conformance/test_messages_proto2.ts:226:53)
    at file:///Users/thesayyn/Documents/thesayyn/protoc-gen-ts/tests/conformance/bin/main.ts:30:78

  protobuf_test_messages.proto3.TestAllTypesProto3 1
  Error: Failure: Decoder hit an error
    at Object.jspb.asserts.fail (https://cdn.skypack.dev/-/google-protobuf@v3.21.2-YDUqZL2TTSsy2lGtfuND/dist=es2019,mode=imports/optimized/google-protobuf.js:801:11)
    at jspb.BinaryReader.nextField (https://cdn.skypack.dev/-/google-protobuf@v3.21.2-YDUqZL2TTSsy2lGtfuND/dist=es2019,mode=imports/optimized/google-protobuf.js:4374:27)
    at Function.deserialize (file:///Users/thesayyn/Documents/thesayyn/protoc-gen-ts/target/debug/build/protoc_gen_ts-8cec2bec66276c47/out/test_conformance/test_messages_proto3.ts:169:18)
    at file:///Users/thesayyn/Documents/thesayyn/protoc-gen-ts/tests/conformance/bin/main.ts:23:78

  protobuf_test_messages.proto2.TestAllTypesProto2 1
  Error: Failure: Decoder hit an error
    at Object.jspb.asserts.fail (https://cdn.skypack.dev/-/google-protobuf@v3.21.2-YDUqZL2TTSsy2lGtfuND/dist=es2019,mode=imports/optimized/google-protobuf.js:801:11)
    at jspb.BinaryReader.nextField (https://cdn.skypack.dev/-/google-protobuf@v3.21.2-YDUqZL2TTSsy2lGtfuND/dist=es2019,mode=imports/optimized/google-protobuf.js:4374:27)
    at Function.deserialize (file:///Users/thesayyn/Documents/thesayyn/protoc-gen-ts/target/debug/build/protoc_gen_ts-8cec2bec66276c47/out/test_conformance/test_messages_proto2.ts:145:18)
    at file:///Users/thesayyn/Documents/thesayyn/protoc-gen-ts/tests/conformance/bin/main.ts:30:78

  protobuf_test_messages.proto3.TestAllTypesProto3 1
  Error: Assertion failed
    at Object.jspb.asserts.doAssertFailure (https://cdn.skypack.dev/-/google-protobuf@v3.21.2-YDUqZL2TTSsy2lGtfuND/dist=es2019,mode=imports/optimized/google-protobuf.js:778:11)
    at Object.jspb.asserts.assert (https://cdn.skypack.dev/-/google-protobuf@v3.21.2-YDUqZL2TTSsy2lGtfuND/dist=es2019,mode=imports/optimized/google-protobuf.js:783:23)
    at jspb.BinaryDecoder.readUnsignedVarint32 (https://cdn.skypack.dev/-/google-protobuf@v3.21.2-YDUqZL2TTSsy2lGtfuND/dist=es2019,mode=imports/optimized/google-protobuf.js:4150:18)
    at jspb.BinaryDecoder.readZigzagVarint32 (https://cdn.skypack.dev/-/google-protobuf@v3.21.2-YDUqZL2TTSsy2lGtfuND/dist=es2019,mode=imports/optimized/google-protobuf.js:4163:18)
    at jspb.BinaryReader.readSint32 (https://cdn.skypack.dev/-/google-protobuf@v3.21.2-YDUqZL2TTSsy2lGtfuND/dist=es2019,mode=imports/optimized/google-protobuf.js:4569:26)
    at Function.deserialize (file:///Users/thesayyn/Documents/thesayyn/protoc-gen-ts/target/debug/build/protoc_gen_ts-8cec2bec66276c47/out/test_conformance/test_messages_proto3.ts:184:50)
    at file:///Users/thesayyn/Documents/thesayyn/protoc-gen-ts/tests/conformance/bin/main.ts:23:78

  protobuf_test_messages.proto2.TestAllTypesProto2 1
  Error: Assertion failed
    at Object.jspb.asserts.doAssertFailure (https://cdn.skypack.dev/-/google-protobuf@v3.21.2-YDUqZL2TTSsy2lGtfuND/dist=es2019,mode=imports/optimized/google-protobuf.js:778:11)
    at Object.jspb.asserts.assert (https://cdn.skypack.dev/-/google-protobuf@v3.21.2-YDUqZL2TTSsy2lGtfuND/dist=es2019,mode=imports/optimized/google-protobuf.js:783:23)
    at jspb.BinaryDecoder.readUnsignedVarint32 (https://cdn.skypack.dev/-/google-protobuf@v3.21.2-YDUqZL2TTSsy2lGtfuND/dist=es2019,mode=imports/optimized/google-protobuf.js:4150:18)
    at jspb.BinaryDecoder.readZigzagVarint32 (https://cdn.skypack.dev/-/google-protobuf@v3.21.2-YDUqZL2TTSsy2lGtfuND/dist=es2019,mode=imports/optimized/google-protobuf.js:4163:18)
    at jspb.BinaryReader.readSint32 (https://cdn.skypack.dev/-/google-protobuf@v3.21.2-YDUqZL2TTSsy2lGtfuND/dist=es2019,mode=imports/optimized/google-protobuf.js:4569:26)
    at Function.deserialize (file:///Users/thesayyn/Documents/thesayyn/protoc-gen-ts/target/debug/build/protoc_gen_ts-8cec2bec66276c47/out/test_conformance/test_messages_proto2.ts:160:50)
    at file:///Users/thesayyn/Documents/thesayyn/protoc-gen-ts/tests/conformance/bin/main.ts:30:78

  protobuf_test_messages.proto3.TestAllTypesProto3 1
  Error: Assertion failed
    at Object.jspb.asserts.doAssertFailure (https://cdn.skypack.dev/-/google-protobuf@v3.21.2-YDUqZL2TTSsy2lGtfuND/dist=es2019,mode=imports/optimized/google-protobuf.js:778:11)
    at Object.jspb.asserts.assert (https://cdn.skypack.dev/-/google-protobuf@v3.21.2-YDUqZL2TTSsy2lGtfuND/dist=es2019,mode=imports/optimized/google-protobuf.js:783:23)
    at jspb.BinaryDecoder.readUnsignedVarint32 (https://cdn.skypack.dev/-/google-protobuf@v3.21.2-YDUqZL2TTSsy2lGtfuND/dist=es2019,mode=imports/optimized/google-protobuf.js:4150:18)
    at jspb.BinaryDecoder.readZigzagVarint32 (https://cdn.skypack.dev/-/google-protobuf@v3.21.2-YDUqZL2TTSsy2lGtfuND/dist=es2019,mode=imports/optimized/google-protobuf.js:4163:18)
    at jspb.BinaryReader.readSint32 (https://cdn.skypack.dev/-/google-protobuf@v3.21.2-YDUqZL2TTSsy2lGtfuND/dist=es2019,mode=imports/optimized/google-protobuf.js:4569:26)
    at Function.deserialize (file:///Users/thesayyn/Documents/thesayyn/protoc-gen-ts/target/debug/build/protoc_gen_ts-8cec2bec66276c47/out/test_conformance/test_messages_proto3.ts:258:58)
    at file:///Users/thesayyn/Documents/thesayyn/protoc-gen-ts/tests/conformance/bin/main.ts:23:78

  protobuf_test_messages.proto2.TestAllTypesProto2 1
  Error: Assertion failed
    at Object.jspb.asserts.doAssertFailure (https://cdn.skypack.dev/-/google-protobuf@v3.21.2-YDUqZL2TTSsy2lGtfuND/dist=es2019,mode=imports/optimized/google-protobuf.js:778:11)
    at Object.jspb.asserts.assert (https://cdn.skypack.dev/-/google-protobuf@v3.21.2-YDUqZL2TTSsy2lGtfuND/dist=es2019,mode=imports/optimized/google-protobuf.js:783:23)
    at jspb.BinaryDecoder.readUnsignedVarint32 (https://cdn.skypack.dev/-/google-protobuf@v3.21.2-YDUqZL2TTSsy2lGtfuND/dist=es2019,mode=imports/optimized/google-protobuf.js:4150:18)
    at jspb.BinaryDecoder.readZigzagVarint32 (https://cdn.skypack.dev/-/google-protobuf@v3.21.2-YDUqZL2TTSsy2lGtfuND/dist=es2019,mode=imports/optimized/google-protobuf.js:4163:18)
    at jspb.BinaryReader.readSint32 (https://cdn.skypack.dev/-/google-protobuf@v3.21.2-YDUqZL2TTSsy2lGtfuND/dist=es2019,mode=imports/optimized/google-protobuf.js:4569:26)
    at Function.deserialize (file:///Users/thesayyn/Documents/thesayyn/protoc-gen-ts/target/debug/build/protoc_gen_ts-8cec2bec66276c47/out/test_conformance/test_messages_proto2.ts:226:53)
    at file:///Users/thesayyn/Documents/thesayyn/protoc-gen-ts/tests/conformance/bin/main.ts:30:78

  protobuf_test_messages.proto3.TestAllTypesProto3 1
  Error: Failure: Decoder hit an error
    at Object.jspb.asserts.fail (https://cdn.skypack.dev/-/google-protobuf@v3.21.2-YDUqZL2TTSsy2lGtfuND/dist=es2019,mode=imports/optimized/google-protobuf.js:801:11)
    at jspb.BinaryReader.nextField (https://cdn.skypack.dev/-/google-protobuf@v3.21.2-YDUqZL2TTSsy2lGtfuND/dist=es2019,mode=imports/optimized/google-protobuf.js:4374:27)
    at Function.deserialize (file:///Users/thesayyn/Documents/thesayyn/protoc-gen-ts/target/debug/build/protoc_gen_ts-8cec2bec66276c47/out/test_conformance/test_messages_proto3.ts:169:18)
    at file:///Users/thesayyn/Documents/thesayyn/protoc-gen-ts/tests/conformance/bin/main.ts:23:78

  protobuf_test_messages.proto2.TestAllTypesProto2 1
  Error: Failure: Decoder hit an error
    at Object.jspb.asserts.fail (https://cdn.skypack.dev/-/google-protobuf@v3.21.2-YDUqZL2TTSsy2lGtfuND/dist=es2019,mode=imports/optimized/google-protobuf.js:801:11)
    at jspb.BinaryReader.nextField (https://cdn.skypack.dev/-/google-protobuf@v3.21.2-YDUqZL2TTSsy2lGtfuND/dist=es2019,mode=imports/optimized/google-protobuf.js:4374:27)
    at Function.deserialize (file:///Users/thesayyn/Documents/thesayyn/protoc-gen-ts/target/debug/build/protoc_gen_ts-8cec2bec66276c47/out/test_conformance/test_messages_proto2.ts:145:18)
    at file:///Users/thesayyn/Documents/thesayyn/protoc-gen-ts/tests/conformance/bin/main.ts:30:78

  protobuf_test_messages.proto3.TestAllTypesProto3 1
  Error: Assertion failed
    at Object.jspb.asserts.doAssertFailure (https://cdn.skypack.dev/-/google-protobuf@v3.21.2-YDUqZL2TTSsy2lGtfuND/dist=es2019,mode=imports/optimized/google-protobuf.js:778:11)
    at Object.jspb.asserts.assert (https://cdn.skypack.dev/-/google-protobuf@v3.21.2-YDUqZL2TTSsy2lGtfuND/dist=es2019,mode=imports/optimized/google-protobuf.js:783:23)
    at jspb.BinaryDecoder.readUnsignedVarint32 (https://cdn.skypack.dev/-/google-protobuf@v3.21.2-YDUqZL2TTSsy2lGtfuND/dist=es2019,mode=imports/optimized/google-protobuf.js:4150:18)
    at jspb.BinaryDecoder.readZigzagVarint32 (https://cdn.skypack.dev/-/google-protobuf@v3.21.2-YDUqZL2TTSsy2lGtfuND/dist=es2019,mode=imports/optimized/google-protobuf.js:4163:18)
    at jspb.BinaryReader.readPackedField_ (https://cdn.skypack.dev/-/google-protobuf@v3.21.2-YDUqZL2TTSsy2lGtfuND/dist=es2019,mode=imports/optimized/google-protobuf.js:4676:16)
    at jspb.BinaryReader.readPackedSint32 (https://cdn.skypack.dev/-/google-protobuf@v3.21.2-YDUqZL2TTSsy2lGtfuND/dist=es2019,mode=imports/optimized/google-protobuf.js:4708:17)
    at Function.deserialize (file:///Users/thesayyn/Documents/thesayyn/protoc-gen-ts/target/debug/build/protoc_gen_ts-8cec2bec66276c47/out/test_conformance/test_messages_proto3.ts:257:78)
    at file:///Users/thesayyn/Documents/thesayyn/protoc-gen-ts/tests/conformance/bin/main.ts:23:78

  protobuf_test_messages.proto2.TestAllTypesProto2 1
  Error: Assertion failed
    at Object.jspb.asserts.doAssertFailure (https://cdn.skypack.dev/-/google-protobuf@v3.21.2-YDUqZL2TTSsy2lGtfuND/dist=es2019,mode=imports/optimized/google-protobuf.js:778:11)
    at Object.jspb.asserts.assert (https://cdn.skypack.dev/-/google-protobuf@v3.21.2-YDUqZL2TTSsy2lGtfuND/dist=es2019,mode=imports/optimized/google-protobuf.js:783:23)
    at jspb.BinaryReader.readSint32 (https://cdn.skypack.dev/-/google-protobuf@v3.21.2-YDUqZL2TTSsy2lGtfuND/dist=es2019,mode=imports/optimized/google-protobuf.js:4568:18)
    at Function.deserialize (file:///Users/thesayyn/Documents/thesayyn/protoc-gen-ts/target/debug/build/protoc_gen_ts-8cec2bec66276c47/out/test_conformance/test_messages_proto2.ts:226:53)
    at file:///Users/thesayyn/Documents/thesayyn/protoc-gen-ts/tests/conformance/bin/main.ts:30:78

  protobuf_test_messages.proto3.TestAllTypesProto3 1
  Error: Assertion failed
    at Object.jspb.asserts.doAssertFailure (https://cdn.skypack.dev/-/google-protobuf@v3.21.2-YDUqZL2TTSsy2lGtfuND/dist=es2019,mode=imports/optimized/google-protobuf.js:778:11)
    at Object.jspb.asserts.assert (https://cdn.skypack.dev/-/google-protobuf@v3.21.2-YDUqZL2TTSsy2lGtfuND/dist=es2019,mode=imports/optimized/google-protobuf.js:783:23)
    at jspb.BinaryDecoder.readUnsignedVarint32 (https://cdn.skypack.dev/-/google-protobuf@v3.21.2-YDUqZL2TTSsy2lGtfuND/dist=es2019,mode=imports/optimized/google-protobuf.js:4150:18)
    at jspb.BinaryDecoder.readZigzagVarint32 (https://cdn.skypack.dev/-/google-protobuf@v3.21.2-YDUqZL2TTSsy2lGtfuND/dist=es2019,mode=imports/optimized/google-protobuf.js:4163:18)
    at jspb.BinaryReader.readPackedField_ (https://cdn.skypack.dev/-/google-protobuf@v3.21.2-YDUqZL2TTSsy2lGtfuND/dist=es2019,mode=imports/optimized/google-protobuf.js:4676:16)
    at jspb.BinaryReader.readPackedSint32 (https://cdn.skypack.dev/-/google-protobuf@v3.21.2-YDUqZL2TTSsy2lGtfuND/dist=es2019,mode=imports/optimized/google-protobuf.js:4708:17)
    at Function.deserialize (file:///Users/thesayyn/Documents/thesayyn/protoc-gen-ts/target/debug/build/protoc_gen_ts-8cec2bec66276c47/out/test_conformance/test_messages_proto3.ts:257:78)
    at file:///Users/thesayyn/Documents/thesayyn/protoc-gen-ts/tests/conformance/bin/main.ts:23:78

  protobuf_test_messages.proto2.TestAllTypesProto2 1
  Error: Assertion failed
    at Object.jspb.asserts.doAssertFailure (https://cdn.skypack.dev/-/google-protobuf@v3.21.2-YDUqZL2TTSsy2lGtfuND/dist=es2019,mode=imports/optimized/google-protobuf.js:778:11)
    at Object.jspb.asserts.assert (https://cdn.skypack.dev/-/google-protobuf@v3.21.2-YDUqZL2TTSsy2lGtfuND/dist=es2019,mode=imports/optimized/google-protobuf.js:783:23)
    at jspb.BinaryReader.readSint32 (https://cdn.skypack.dev/-/google-protobuf@v3.21.2-YDUqZL2TTSsy2lGtfuND/dist=es2019,mode=imports/optimized/google-protobuf.js:4568:18)
    at Function.deserialize (file:///Users/thesayyn/Documents/thesayyn/protoc-gen-ts/target/debug/build/protoc_gen_ts-8cec2bec66276c47/out/test_conformance/test_messages_proto2.ts:226:53)
    at file:///Users/thesayyn/Documents/thesayyn/protoc-gen-ts/tests/conformance/bin/main.ts:30:78

  protobuf_test_messages.proto3.TestAllTypesProto3 1
  Error: Failure: Failed to read varint, encoding is invalid.
    at Object.jspb.asserts.fail (https://cdn.skypack.dev/-/google-protobuf@v3.21.2-YDUqZL2TTSsy2lGtfuND/dist=es2019,mode=imports/optimized/google-protobuf.js:801:11)
    at jspb.BinaryDecoder.readSplitVarint64 (https://cdn.skypack.dev/-/google-protobuf@v3.21.2-YDUqZL2TTSsy2lGtfuND/dist=es2019,mode=imports/optimized/google-protobuf.js:4101:18)
    at jspb.BinaryDecoder.readZigzagVarint64 (https://cdn.skypack.dev/-/google-protobuf@v3.21.2-YDUqZL2TTSsy2lGtfuND/dist=es2019,mode=imports/optimized/google-protobuf.js:4179:17)
    at jspb.BinaryReader.readSint64 (https://cdn.skypack.dev/-/google-protobuf@v3.21.2-YDUqZL2TTSsy2lGtfuND/dist=es2019,mode=imports/optimized/google-protobuf.js:4574:26)
    at Function.deserialize (file:///Users/thesayyn/Documents/thesayyn/protoc-gen-ts/target/debug/build/protoc_gen_ts-8cec2bec66276c47/out/test_conformance/test_messages_proto3.ts:187:50)
    at file:///Users/thesayyn/Documents/thesayyn/protoc-gen-ts/tests/conformance/bin/main.ts:23:78

  protobuf_test_messages.proto2.TestAllTypesProto2 1
  Error: Failure: Failed to read varint, encoding is invalid.
    at Object.jspb.asserts.fail (https://cdn.skypack.dev/-/google-protobuf@v3.21.2-YDUqZL2TTSsy2lGtfuND/dist=es2019,mode=imports/optimized/google-protobuf.js:801:11)
    at jspb.BinaryDecoder.readSplitVarint64 (https://cdn.skypack.dev/-/google-protobuf@v3.21.2-YDUqZL2TTSsy2lGtfuND/dist=es2019,mode=imports/optimized/google-protobuf.js:4101:18)
    at jspb.BinaryDecoder.readZigzagVarint64 (https://cdn.skypack.dev/-/google-protobuf@v3.21.2-YDUqZL2TTSsy2lGtfuND/dist=es2019,mode=imports/optimized/google-protobuf.js:4179:17)
    at jspb.BinaryReader.readSint64 (https://cdn.skypack.dev/-/google-protobuf@v3.21.2-YDUqZL2TTSsy2lGtfuND/dist=es2019,mode=imports/optimized/google-protobuf.js:4574:26)
    at Function.deserialize (file:///Users/thesayyn/Documents/thesayyn/protoc-gen-ts/target/debug/build/protoc_gen_ts-8cec2bec66276c47/out/test_conformance/test_messages_proto2.ts:163:50)
    at file:///Users/thesayyn/Documents/thesayyn/protoc-gen-ts/tests/conformance/bin/main.ts:30:78

  protobuf_test_messages.proto3.TestAllTypesProto3 1
  Error: Failure: Failed to read varint, encoding is invalid.
    at Object.jspb.asserts.fail (https://cdn.skypack.dev/-/google-protobuf@v3.21.2-YDUqZL2TTSsy2lGtfuND/dist=es2019,mode=imports/optimized/google-protobuf.js:801:11)
    at jspb.BinaryDecoder.readSplitVarint64 (https://cdn.skypack.dev/-/google-protobuf@v3.21.2-YDUqZL2TTSsy2lGtfuND/dist=es2019,mode=imports/optimized/google-protobuf.js:4101:18)
    at jspb.BinaryDecoder.readZigzagVarint64 (https://cdn.skypack.dev/-/google-protobuf@v3.21.2-YDUqZL2TTSsy2lGtfuND/dist=es2019,mode=imports/optimized/google-protobuf.js:4179:17)
    at jspb.BinaryReader.readSint64 (https://cdn.skypack.dev/-/google-protobuf@v3.21.2-YDUqZL2TTSsy2lGtfuND/dist=es2019,mode=imports/optimized/google-protobuf.js:4574:26)
    at Function.deserialize (file:///Users/thesayyn/Documents/thesayyn/protoc-gen-ts/target/debug/build/protoc_gen_ts-8cec2bec66276c47/out/test_conformance/test_messages_proto3.ts:262:58)
    at file:///Users/thesayyn/Documents/thesayyn/protoc-gen-ts/tests/conformance/bin/main.ts:23:78

  protobuf_test_messages.proto2.TestAllTypesProto2 1
  Error: Failure: Failed to read varint, encoding is invalid.
    at Object.jspb.asserts.fail (https://cdn.skypack.dev/-/google-protobuf@v3.21.2-YDUqZL2TTSsy2lGtfuND/dist=es2019,mode=imports/optimized/google-protobuf.js:801:11)
    at jspb.BinaryDecoder.readSplitVarint64 (https://cdn.skypack.dev/-/google-protobuf@v3.21.2-YDUqZL2TTSsy2lGtfuND/dist=es2019,mode=imports/optimized/google-protobuf.js:4101:18)
    at jspb.BinaryDecoder.readZigzagVarint64 (https://cdn.skypack.dev/-/google-protobuf@v3.21.2-YDUqZL2TTSsy2lGtfuND/dist=es2019,mode=imports/optimized/google-protobuf.js:4179:17)
    at jspb.BinaryReader.readSint64 (https://cdn.skypack.dev/-/google-protobuf@v3.21.2-YDUqZL2TTSsy2lGtfuND/dist=es2019,mode=imports/optimized/google-protobuf.js:4574:26)
    at Function.deserialize (file:///Users/thesayyn/Documents/thesayyn/protoc-gen-ts/target/debug/build/protoc_gen_ts-8cec2bec66276c47/out/test_conformance/test_messages_proto2.ts:229:53)
    at file:///Users/thesayyn/Documents/thesayyn/protoc-gen-ts/tests/conformance/bin/main.ts:30:78

  protobuf_test_messages.proto3.TestAllTypesProto3 1
  Error: Failure: Decoder hit an error
    at Object.jspb.asserts.fail (https://cdn.skypack.dev/-/google-protobuf@v3.21.2-YDUqZL2TTSsy2lGtfuND/dist=es2019,mode=imports/optimized/google-protobuf.js:801:11)
    at jspb.BinaryReader.nextField (https://cdn.skypack.dev/-/google-protobuf@v3.21.2-YDUqZL2TTSsy2lGtfuND/dist=es2019,mode=imports/optimized/google-protobuf.js:4374:27)
    at Function.deserialize (file:///Users/thesayyn/Documents/thesayyn/protoc-gen-ts/target/debug/build/protoc_gen_ts-8cec2bec66276c47/out/test_conformance/test_messages_proto3.ts:169:18)
    at file:///Users/thesayyn/Documents/thesayyn/protoc-gen-ts/tests/conformance/bin/main.ts:23:78

  protobuf_test_messages.proto2.TestAllTypesProto2 1
  Error: Failure: Decoder hit an error
    at Object.jspb.asserts.fail (https://cdn.skypack.dev/-/google-protobuf@v3.21.2-YDUqZL2TTSsy2lGtfuND/dist=es2019,mode=imports/optimized/google-protobuf.js:801:11)
    at jspb.BinaryReader.nextField (https://cdn.skypack.dev/-/google-protobuf@v3.21.2-YDUqZL2TTSsy2lGtfuND/dist=es2019,mode=imports/optimized/google-protobuf.js:4374:27)
    at Function.deserialize (file:///Users/thesayyn/Documents/thesayyn/protoc-gen-ts/target/debug/build/protoc_gen_ts-8cec2bec66276c47/out/test_conformance/test_messages_proto2.ts:145:18)
    at file:///Users/thesayyn/Documents/thesayyn/protoc-gen-ts/tests/conformance/bin/main.ts:30:78

  protobuf_test_messages.proto3.TestAllTypesProto3 1
  Error: Failure: Failed to read varint, encoding is invalid.
    at Object.jspb.asserts.fail (https://cdn.skypack.dev/-/google-protobuf@v3.21.2-YDUqZL2TTSsy2lGtfuND/dist=es2019,mode=imports/optimized/google-protobuf.js:801:11)
    at jspb.BinaryDecoder.readSplitVarint64 (https://cdn.skypack.dev/-/google-protobuf@v3.21.2-YDUqZL2TTSsy2lGtfuND/dist=es2019,mode=imports/optimized/google-protobuf.js:4101:18)
    at jspb.BinaryDecoder.readZigzagVarint64 (https://cdn.skypack.dev/-/google-protobuf@v3.21.2-YDUqZL2TTSsy2lGtfuND/dist=es2019,mode=imports/optimized/google-protobuf.js:4179:17)
    at jspb.BinaryReader.readSint64 (https://cdn.skypack.dev/-/google-protobuf@v3.21.2-YDUqZL2TTSsy2lGtfuND/dist=es2019,mode=imports/optimized/google-protobuf.js:4574:26)
    at Function.deserialize (file:///Users/thesayyn/Documents/thesayyn/protoc-gen-ts/target/debug/build/protoc_gen_ts-8cec2bec66276c47/out/test_conformance/test_messages_proto3.ts:187:50)
    at file:///Users/thesayyn/Documents/thesayyn/protoc-gen-ts/tests/conformance/bin/main.ts:23:78

  protobuf_test_messages.proto2.TestAllTypesProto2 1
  Error: Failure: Failed to read varint, encoding is invalid.
    at Object.jspb.asserts.fail (https://cdn.skypack.dev/-/google-protobuf@v3.21.2-YDUqZL2TTSsy2lGtfuND/dist=es2019,mode=imports/optimized/google-protobuf.js:801:11)
    at jspb.BinaryDecoder.readSplitVarint64 (https://cdn.skypack.dev/-/google-protobuf@v3.21.2-YDUqZL2TTSsy2lGtfuND/dist=es2019,mode=imports/optimized/google-protobuf.js:4101:18)
    at jspb.BinaryDecoder.readZigzagVarint64 (https://cdn.skypack.dev/-/google-protobuf@v3.21.2-YDUqZL2TTSsy2lGtfuND/dist=es2019,mode=imports/optimized/google-protobuf.js:4179:17)
    at jspb.BinaryReader.readSint64 (https://cdn.skypack.dev/-/google-protobuf@v3.21.2-YDUqZL2TTSsy2lGtfuND/dist=es2019,mode=imports/optimized/google-protobuf.js:4574:26)
    at Function.deserialize (file:///Users/thesayyn/Documents/thesayyn/protoc-gen-ts/target/debug/build/protoc_gen_ts-8cec2bec66276c47/out/test_conformance/test_messages_proto2.ts:163:50)
    at file:///Users/thesayyn/Documents/thesayyn/protoc-gen-ts/tests/conformance/bin/main.ts:30:78

  protobuf_test_messages.proto3.TestAllTypesProto3 1
  Error: Failure: Failed to read varint, encoding is invalid.
    at Object.jspb.asserts.fail (https://cdn.skypack.dev/-/google-protobuf@v3.21.2-YDUqZL2TTSsy2lGtfuND/dist=es2019,mode=imports/optimized/google-protobuf.js:801:11)
    at jspb.BinaryDecoder.readSplitVarint64 (https://cdn.skypack.dev/-/google-protobuf@v3.21.2-YDUqZL2TTSsy2lGtfuND/dist=es2019,mode=imports/optimized/google-protobuf.js:4101:18)
    at jspb.BinaryDecoder.readZigzagVarint64 (https://cdn.skypack.dev/-/google-protobuf@v3.21.2-YDUqZL2TTSsy2lGtfuND/dist=es2019,mode=imports/optimized/google-protobuf.js:4179:17)
    at jspb.BinaryReader.readSint64 (https://cdn.skypack.dev/-/google-protobuf@v3.21.2-YDUqZL2TTSsy2lGtfuND/dist=es2019,mode=imports/optimized/google-protobuf.js:4574:26)
    at Function.deserialize (file:///Users/thesayyn/Documents/thesayyn/protoc-gen-ts/target/debug/build/protoc_gen_ts-8cec2bec66276c47/out/test_conformance/test_messages_proto3.ts:262:58)
    at file:///Users/thesayyn/Documents/thesayyn/protoc-gen-ts/tests/conformance/bin/main.ts:23:78

  protobuf_test_messages.proto2.TestAllTypesProto2 1
  Error: Failure: Failed to read varint, encoding is invalid.
    at Object.jspb.asserts.fail (https://cdn.skypack.dev/-/google-protobuf@v3.21.2-YDUqZL2TTSsy2lGtfuND/dist=es2019,mode=imports/optimized/google-protobuf.js:801:11)
    at jspb.BinaryDecoder.readSplitVarint64 (https://cdn.skypack.dev/-/google-protobuf@v3.21.2-YDUqZL2TTSsy2lGtfuND/dist=es2019,mode=imports/optimized/google-protobuf.js:4101:18)
    at jspb.BinaryDecoder.readZigzagVarint64 (https://cdn.skypack.dev/-/google-protobuf@v3.21.2-YDUqZL2TTSsy2lGtfuND/dist=es2019,mode=imports/optimized/google-protobuf.js:4179:17)
    at jspb.BinaryReader.readSint64 (https://cdn.skypack.dev/-/google-protobuf@v3.21.2-YDUqZL2TTSsy2lGtfuND/dist=es2019,mode=imports/optimized/google-protobuf.js:4574:26)
    at Function.deserialize (file:///Users/thesayyn/Documents/thesayyn/protoc-gen-ts/target/debug/build/protoc_gen_ts-8cec2bec66276c47/out/test_conformance/test_messages_proto2.ts:229:53)
    at file:///Users/thesayyn/Documents/thesayyn/protoc-gen-ts/tests/conformance/bin/main.ts:30:78

  protobuf_test_messages.proto3.TestAllTypesProto3 1
  Error: Failure: Decoder hit an error
    at Object.jspb.asserts.fail (https://cdn.skypack.dev/-/google-protobuf@v3.21.2-YDUqZL2TTSsy2lGtfuND/dist=es2019,mode=imports/optimized/google-protobuf.js:801:11)
    at jspb.BinaryReader.nextField (https://cdn.skypack.dev/-/google-protobuf@v3.21.2-YDUqZL2TTSsy2lGtfuND/dist=es2019,mode=imports/optimized/google-protobuf.js:4374:27)
    at Function.deserialize (file:///Users/thesayyn/Documents/thesayyn/protoc-gen-ts/target/debug/build/protoc_gen_ts-8cec2bec66276c47/out/test_conformance/test_messages_proto3.ts:169:18)
    at file:///Users/thesayyn/Documents/thesayyn/protoc-gen-ts/tests/conformance/bin/main.ts:23:78

  protobuf_test_messages.proto2.TestAllTypesProto2 1
  Error: Failure: Decoder hit an error
    at Object.jspb.asserts.fail (https://cdn.skypack.dev/-/google-protobuf@v3.21.2-YDUqZL2TTSsy2lGtfuND/dist=es2019,mode=imports/optimized/google-protobuf.js:801:11)
    at jspb.BinaryReader.nextField (https://cdn.skypack.dev/-/google-protobuf@v3.21.2-YDUqZL2TTSsy2lGtfuND/dist=es2019,mode=imports/optimized/google-protobuf.js:4374:27)
    at Function.deserialize (file:///Users/thesayyn/Documents/thesayyn/protoc-gen-ts/target/debug/build/protoc_gen_ts-8cec2bec66276c47/out/test_conformance/test_messages_proto2.ts:145:18)
    at file:///Users/thesayyn/Documents/thesayyn/protoc-gen-ts/tests/conformance/bin/main.ts:30:78

  protobuf_test_messages.proto3.TestAllTypesProto3 1
  Error: Failure: Failed to read varint, encoding is invalid.
    at Object.jspb.asserts.fail (https://cdn.skypack.dev/-/google-protobuf@v3.21.2-YDUqZL2TTSsy2lGtfuND/dist=es2019,mode=imports/optimized/google-protobuf.js:801:11)
    at jspb.BinaryDecoder.readSplitVarint64 (https://cdn.skypack.dev/-/google-protobuf@v3.21.2-YDUqZL2TTSsy2lGtfuND/dist=es2019,mode=imports/optimized/google-protobuf.js:4101:18)
    at jspb.BinaryDecoder.readZigzagVarint64 (https://cdn.skypack.dev/-/google-protobuf@v3.21.2-YDUqZL2TTSsy2lGtfuND/dist=es2019,mode=imports/optimized/google-protobuf.js:4179:17)
    at jspb.BinaryReader.readPackedField_ (https://cdn.skypack.dev/-/google-protobuf@v3.21.2-YDUqZL2TTSsy2lGtfuND/dist=es2019,mode=imports/optimized/google-protobuf.js:4676:16)
    at jspb.BinaryReader.readPackedSint64 (https://cdn.skypack.dev/-/google-protobuf@v3.21.2-YDUqZL2TTSsy2lGtfuND/dist=es2019,mode=imports/optimized/google-protobuf.js:4712:17)
    at Function.deserialize (file:///Users/thesayyn/Documents/thesayyn/protoc-gen-ts/target/debug/build/protoc_gen_ts-8cec2bec66276c47/out/test_conformance/test_messages_proto3.ts:261:78)
    at file:///Users/thesayyn/Documents/thesayyn/protoc-gen-ts/tests/conformance/bin/main.ts:23:78

  protobuf_test_messages.proto2.TestAllTypesProto2 1
  Error: Assertion failed
    at Object.jspb.asserts.doAssertFailure (https://cdn.skypack.dev/-/google-protobuf@v3.21.2-YDUqZL2TTSsy2lGtfuND/dist=es2019,mode=imports/optimized/google-protobuf.js:778:11)
    at Object.jspb.asserts.assert (https://cdn.skypack.dev/-/google-protobuf@v3.21.2-YDUqZL2TTSsy2lGtfuND/dist=es2019,mode=imports/optimized/google-protobuf.js:783:23)
    at jspb.BinaryReader.readSint64 (https://cdn.skypack.dev/-/google-protobuf@v3.21.2-YDUqZL2TTSsy2lGtfuND/dist=es2019,mode=imports/optimized/google-protobuf.js:4573:18)
    at Function.deserialize (file:///Users/thesayyn/Documents/thesayyn/protoc-gen-ts/target/debug/build/protoc_gen_ts-8cec2bec66276c47/out/test_conformance/test_messages_proto2.ts:229:53)
    at file:///Users/thesayyn/Documents/thesayyn/protoc-gen-ts/tests/conformance/bin/main.ts:30:78

  protobuf_test_messages.proto3.TestAllTypesProto3 1
  Error: Failure: Failed to read varint, encoding is invalid.
    at Object.jspb.asserts.fail (https://cdn.skypack.dev/-/google-protobuf@v3.21.2-YDUqZL2TTSsy2lGtfuND/dist=es2019,mode=imports/optimized/google-protobuf.js:801:11)
    at jspb.BinaryDecoder.readSplitVarint64 (https://cdn.skypack.dev/-/google-protobuf@v3.21.2-YDUqZL2TTSsy2lGtfuND/dist=es2019,mode=imports/optimized/google-protobuf.js:4101:18)
    at jspb.BinaryDecoder.readZigzagVarint64 (https://cdn.skypack.dev/-/google-protobuf@v3.21.2-YDUqZL2TTSsy2lGtfuND/dist=es2019,mode=imports/optimized/google-protobuf.js:4179:17)
    at jspb.BinaryReader.readPackedField_ (https://cdn.skypack.dev/-/google-protobuf@v3.21.2-YDUqZL2TTSsy2lGtfuND/dist=es2019,mode=imports/optimized/google-protobuf.js:4676:16)
    at jspb.BinaryReader.readPackedSint64 (https://cdn.skypack.dev/-/google-protobuf@v3.21.2-YDUqZL2TTSsy2lGtfuND/dist=es2019,mode=imports/optimized/google-protobuf.js:4712:17)
    at Function.deserialize (file:///Users/thesayyn/Documents/thesayyn/protoc-gen-ts/target/debug/build/protoc_gen_ts-8cec2bec66276c47/out/test_conformance/test_messages_proto3.ts:261:78)
    at file:///Users/thesayyn/Documents/thesayyn/protoc-gen-ts/tests/conformance/bin/main.ts:23:78

  protobuf_test_messages.proto2.TestAllTypesProto2 1
  Error: Assertion failed
    at Object.jspb.asserts.doAssertFailure (https://cdn.skypack.dev/-/google-protobuf@v3.21.2-YDUqZL2TTSsy2lGtfuND/dist=es2019,mode=imports/optimized/google-protobuf.js:778:11)
    at Object.jspb.asserts.assert (https://cdn.skypack.dev/-/google-protobuf@v3.21.2-YDUqZL2TTSsy2lGtfuND/dist=es2019,mode=imports/optimized/google-protobuf.js:783:23)
    at jspb.BinaryReader.readSint64 (https://cdn.skypack.dev/-/google-protobuf@v3.21.2-YDUqZL2TTSsy2lGtfuND/dist=es2019,mode=imports/optimized/google-protobuf.js:4573:18)
    at Function.deserialize (file:///Users/thesayyn/Documents/thesayyn/protoc-gen-ts/target/debug/build/protoc_gen_ts-8cec2bec66276c47/out/test_conformance/test_messages_proto2.ts:229:53)
    at file:///Users/thesayyn/Documents/thesayyn/protoc-gen-ts/tests/conformance/bin/main.ts:30:78

  protobuf_test_messages.proto2.TestAllTypesProto2 1
  Error: Assertion failed
    at Object.jspb.asserts.doAssertFailure (https://cdn.skypack.dev/-/google-protobuf@v3.21.2-YDUqZL2TTSsy2lGtfuND/dist=es2019,mode=imports/optimized/google-protobuf.js:778:11)
    at Object.jspb.asserts.assert (https://cdn.skypack.dev/-/google-protobuf@v3.21.2-YDUqZL2TTSsy2lGtfuND/dist=es2019,mode=imports/optimized/google-protobuf.js:783:23)
    at jspb.BinaryReader.readDouble (https://cdn.skypack.dev/-/google-protobuf@v3.21.2-YDUqZL2TTSsy2lGtfuND/dist=es2019,mode=imports/optimized/google-protobuf.js:4619:18)
    at Function.deserialize (file:///Users/thesayyn/Documents/thesayyn/protoc-gen-ts/target/debug/build/protoc_gen_ts-8cec2bec66276c47/out/test_conformance/test_messages_proto2.ts:247:53)
    at file:///Users/thesayyn/Documents/thesayyn/protoc-gen-ts/tests/conformance/bin/main.ts:30:78

  protobuf_test_messages.proto2.TestAllTypesProto2 1
  Error: Assertion failed
    at Object.jspb.asserts.doAssertFailure (https://cdn.skypack.dev/-/google-protobuf@v3.21.2-YDUqZL2TTSsy2lGtfuND/dist=es2019,mode=imports/optimized/google-protobuf.js:778:11)
    at Object.jspb.asserts.assert (https://cdn.skypack.dev/-/google-protobuf@v3.21.2-YDUqZL2TTSsy2lGtfuND/dist=es2019,mode=imports/optimized/google-protobuf.js:783:23)
    at jspb.BinaryReader.readDouble (https://cdn.skypack.dev/-/google-protobuf@v3.21.2-YDUqZL2TTSsy2lGtfuND/dist=es2019,mode=imports/optimized/google-protobuf.js:4619:18)
    at Function.deserialize (file:///Users/thesayyn/Documents/thesayyn/protoc-gen-ts/target/debug/build/protoc_gen_ts-8cec2bec66276c47/out/test_conformance/test_messages_proto2.ts:247:53)
    at file:///Users/thesayyn/Documents/thesayyn/protoc-gen-ts/tests/conformance/bin/main.ts:30:78

  protobuf_test_messages.proto2.TestAllTypesProto2 1
  Error: Assertion failed
    at Object.jspb.asserts.doAssertFailure (https://cdn.skypack.dev/-/google-protobuf@v3.21.2-YDUqZL2TTSsy2lGtfuND/dist=es2019,mode=imports/optimized/google-protobuf.js:778:11)
    at Object.jspb.asserts.assert (https://cdn.skypack.dev/-/google-protobuf@v3.21.2-YDUqZL2TTSsy2lGtfuND/dist=es2019,mode=imports/optimized/google-protobuf.js:783:23)
    at jspb.BinaryReader.readDouble (https://cdn.skypack.dev/-/google-protobuf@v3.21.2-YDUqZL2TTSsy2lGtfuND/dist=es2019,mode=imports/optimized/google-protobuf.js:4619:18)
    at Function.deserialize (file:///Users/thesayyn/Documents/thesayyn/protoc-gen-ts/target/debug/build/protoc_gen_ts-8cec2bec66276c47/out/test_conformance/test_messages_proto2.ts:247:53)
    at file:///Users/thesayyn/Documents/thesayyn/protoc-gen-ts/tests/conformance/bin/main.ts:30:78

  protobuf_test_messages.proto3.TestAllTypesProto3 1
  Error: Assertion failed
    at Object.jspb.asserts.doAssertFailure (https://cdn.skypack.dev/-/google-protobuf@v3.21.2-YDUqZL2TTSsy2lGtfuND/dist=es2019,mode=imports/optimized/google-protobuf.js:778:11)
    at Object.jspb.asserts.assert (https://cdn.skypack.dev/-/google-protobuf@v3.21.2-YDUqZL2TTSsy2lGtfuND/dist=es2019,mode=imports/optimized/google-protobuf.js:783:23)
    at jspb.BinaryReader.readDouble (https://cdn.skypack.dev/-/google-protobuf@v3.21.2-YDUqZL2TTSsy2lGtfuND/dist=es2019,mode=imports/optimized/google-protobuf.js:4619:18)
    at Function.deserialize (file:///Users/thesayyn/Documents/thesayyn/protoc-gen-ts/target/debug/build/protoc_gen_ts-8cec2bec66276c47/out/test_conformance/test_messages_proto3.ts:408:53)
    at file:///Users/thesayyn/Documents/thesayyn/protoc-gen-ts/tests/conformance/bin/main.ts:23:78

  protobuf_test_messages.proto2.TestAllTypesProto2 1
  Error: Assertion failed
    at Object.jspb.asserts.doAssertFailure (https://cdn.skypack.dev/-/google-protobuf@v3.21.2-YDUqZL2TTSsy2lGtfuND/dist=es2019,mode=imports/optimized/google-protobuf.js:778:11)
    at Object.jspb.asserts.assert (https://cdn.skypack.dev/-/google-protobuf@v3.21.2-YDUqZL2TTSsy2lGtfuND/dist=es2019,mode=imports/optimized/google-protobuf.js:783:23)
    at jspb.BinaryReader.readFloat (https://cdn.skypack.dev/-/google-protobuf@v3.21.2-YDUqZL2TTSsy2lGtfuND/dist=es2019,mode=imports/optimized/google-protobuf.js:4614:18)
    at Function.deserialize (file:///Users/thesayyn/Documents/thesayyn/protoc-gen-ts/target/debug/build/protoc_gen_ts-8cec2bec66276c47/out/test_conformance/test_messages_proto2.ts:244:52)
    at file:///Users/thesayyn/Documents/thesayyn/protoc-gen-ts/tests/conformance/bin/main.ts:30:78

  protobuf_test_messages.proto2.TestAllTypesProto2 1
  Error: Assertion failed
    at Object.jspb.asserts.doAssertFailure (https://cdn.skypack.dev/-/google-protobuf@v3.21.2-YDUqZL2TTSsy2lGtfuND/dist=es2019,mode=imports/optimized/google-protobuf.js:778:11)
    at Object.jspb.asserts.assert (https://cdn.skypack.dev/-/google-protobuf@v3.21.2-YDUqZL2TTSsy2lGtfuND/dist=es2019,mode=imports/optimized/google-protobuf.js:783:23)
    at jspb.BinaryReader.readFloat (https://cdn.skypack.dev/-/google-protobuf@v3.21.2-YDUqZL2TTSsy2lGtfuND/dist=es2019,mode=imports/optimized/google-protobuf.js:4614:18)
    at Function.deserialize (file:///Users/thesayyn/Documents/thesayyn/protoc-gen-ts/target/debug/build/protoc_gen_ts-8cec2bec66276c47/out/test_conformance/test_messages_proto2.ts:244:52)
    at file:///Users/thesayyn/Documents/thesayyn/protoc-gen-ts/tests/conformance/bin/main.ts:30:78

  protobuf_test_messages.proto2.TestAllTypesProto2 1
  Error: Assertion failed
    at Object.jspb.asserts.doAssertFailure (https://cdn.skypack.dev/-/google-protobuf@v3.21.2-YDUqZL2TTSsy2lGtfuND/dist=es2019,mode=imports/optimized/google-protobuf.js:778:11)
    at Object.jspb.asserts.assert (https://cdn.skypack.dev/-/google-protobuf@v3.21.2-YDUqZL2TTSsy2lGtfuND/dist=es2019,mode=imports/optimized/google-protobuf.js:783:23)
    at jspb.BinaryReader.readFloat (https://cdn.skypack.dev/-/google-protobuf@v3.21.2-YDUqZL2TTSsy2lGtfuND/dist=es2019,mode=imports/optimized/google-protobuf.js:4614:18)
    at Function.deserialize (file:///Users/thesayyn/Documents/thesayyn/protoc-gen-ts/target/debug/build/protoc_gen_ts-8cec2bec66276c47/out/test_conformance/test_messages_proto2.ts:244:52)
    at file:///Users/thesayyn/Documents/thesayyn/protoc-gen-ts/tests/conformance/bin/main.ts:30:78

  protobuf_test_messages.proto3.TestAllTypesProto3 1
  Error: Assertion failed
    at Object.jspb.asserts.doAssertFailure (https://cdn.skypack.dev/-/google-protobuf@v3.21.2-YDUqZL2TTSsy2lGtfuND/dist=es2019,mode=imports/optimized/google-protobuf.js:778:11)
    at Object.jspb.asserts.assert (https://cdn.skypack.dev/-/google-protobuf@v3.21.2-YDUqZL2TTSsy2lGtfuND/dist=es2019,mode=imports/optimized/google-protobuf.js:783:23)
    at jspb.BinaryReader.readFloat (https://cdn.skypack.dev/-/google-protobuf@v3.21.2-YDUqZL2TTSsy2lGtfuND/dist=es2019,mode=imports/optimized/google-protobuf.js:4614:18)
    at Function.deserialize (file:///Users/thesayyn/Documents/thesayyn/protoc-gen-ts/target/debug/build/protoc_gen_ts-8cec2bec66276c47/out/test_conformance/test_messages_proto3.ts:405:52)
    at file:///Users/thesayyn/Documents/thesayyn/protoc-gen-ts/tests/conformance/bin/main.ts:23:78

  protobuf_test_messages.proto2.TestAllTypesProto2 1
  Error: Assertion failed
    at Object.jspb.asserts.doAssertFailure (https://cdn.skypack.dev/-/google-protobuf@v3.21.2-YDUqZL2TTSsy2lGtfuND/dist=es2019,mode=imports/optimized/google-protobuf.js:778:11)
    at Object.jspb.asserts.assert (https://cdn.skypack.dev/-/google-protobuf@v3.21.2-YDUqZL2TTSsy2lGtfuND/dist=es2019,mode=imports/optimized/google-protobuf.js:783:23)
    at jspb.BinaryWriter.writeInt64 (https://cdn.skypack.dev/-/google-protobuf@v3.21.2-YDUqZL2TTSsy2lGtfuND/dist=es2019,mode=imports/optimized/google-protobuf.js:5220:32)
    at protobuf_test_messages_proto2_TestAllTypesProto2.serialize (file:///Users/thesayyn/Documents/thesayyn/protoc-gen-ts/target/debug/build/protoc_gen_ts-8cec2bec66276c47/out/test_conformance/test_messages_proto2.ts:879:20)
    at file:///Users/thesayyn/Documents/thesayyn/protoc-gen-ts/tests/conformance/bin/main.ts:31:44

  protobuf_test_messages.proto2.TestAllTypesProto2 1
  Error: Assertion failed
    at Object.jspb.asserts.doAssertFailure (https://cdn.skypack.dev/-/google-protobuf@v3.21.2-YDUqZL2TTSsy2lGtfuND/dist=es2019,mode=imports/optimized/google-protobuf.js:778:11)
    at Object.jspb.asserts.assert (https://cdn.skypack.dev/-/google-protobuf@v3.21.2-YDUqZL2TTSsy2lGtfuND/dist=es2019,mode=imports/optimized/google-protobuf.js:783:23)
    at jspb.BinaryWriter.writeInt64 (https://cdn.skypack.dev/-/google-protobuf@v3.21.2-YDUqZL2TTSsy2lGtfuND/dist=es2019,mode=imports/optimized/google-protobuf.js:5220:32)
    at protobuf_test_messages_proto2_TestAllTypesProto2.serialize (file:///Users/thesayyn/Documents/thesayyn/protoc-gen-ts/target/debug/build/protoc_gen_ts-8cec2bec66276c47/out/test_conformance/test_messages_proto2.ts:879:20)
    at file:///Users/thesayyn/Documents/thesayyn/protoc-gen-ts/tests/conformance/bin/main.ts:31:44

  protobuf_test_messages.proto2.TestAllTypesProto2 1
  Error: Assertion failed
    at Object.jspb.asserts.doAssertFailure (https://cdn.skypack.dev/-/google-protobuf@v3.21.2-YDUqZL2TTSsy2lGtfuND/dist=es2019,mode=imports/optimized/google-protobuf.js:778:11)
    at Object.jspb.asserts.assert (https://cdn.skypack.dev/-/google-protobuf@v3.21.2-YDUqZL2TTSsy2lGtfuND/dist=es2019,mode=imports/optimized/google-protobuf.js:783:23)
    at jspb.BinaryWriter.writeInt64 (https://cdn.skypack.dev/-/google-protobuf@v3.21.2-YDUqZL2TTSsy2lGtfuND/dist=es2019,mode=imports/optimized/google-protobuf.js:5220:32)
    at protobuf_test_messages_proto2_TestAllTypesProto2.serialize (file:///Users/thesayyn/Documents/thesayyn/protoc-gen-ts/target/debug/build/protoc_gen_ts-8cec2bec66276c47/out/test_conformance/test_messages_proto2.ts:992:20)
    at file:///Users/thesayyn/Documents/thesayyn/protoc-gen-ts/tests/conformance/bin/main.ts:31:44

  protobuf_test_messages.proto2.TestAllTypesProto2 1
  Error: Assertion failed
    at Object.jspb.asserts.doAssertFailure (https://cdn.skypack.dev/-/google-protobuf@v3.21.2-YDUqZL2TTSsy2lGtfuND/dist=es2019,mode=imports/optimized/google-protobuf.js:778:11)
    at Object.jspb.asserts.assert (https://cdn.skypack.dev/-/google-protobuf@v3.21.2-YDUqZL2TTSsy2lGtfuND/dist=es2019,mode=imports/optimized/google-protobuf.js:783:23)
    at jspb.BinaryReader.readInt64 (https://cdn.skypack.dev/-/google-protobuf@v3.21.2-YDUqZL2TTSsy2lGtfuND/dist=es2019,mode=imports/optimized/google-protobuf.js:4541:18)
    at Function.deserialize (file:///Users/thesayyn/Documents/thesayyn/protoc-gen-ts/target/debug/build/protoc_gen_ts-8cec2bec66276c47/out/test_conformance/test_messages_proto2.ts:217:52)
    at file:///Users/thesayyn/Documents/thesayyn/protoc-gen-ts/tests/conformance/bin/main.ts:30:78

  protobuf_test_messages.proto2.TestAllTypesProto2 1
  Error: Assertion failed
    at Object.jspb.asserts.doAssertFailure (https://cdn.skypack.dev/-/google-protobuf@v3.21.2-YDUqZL2TTSsy2lGtfuND/dist=es2019,mode=imports/optimized/google-protobuf.js:778:11)
    at Object.jspb.asserts.assert (https://cdn.skypack.dev/-/google-protobuf@v3.21.2-YDUqZL2TTSsy2lGtfuND/dist=es2019,mode=imports/optimized/google-protobuf.js:783:23)
    at jspb.BinaryWriter.writeInt64 (https://cdn.skypack.dev/-/google-protobuf@v3.21.2-YDUqZL2TTSsy2lGtfuND/dist=es2019,mode=imports/optimized/google-protobuf.js:5220:32)
    at protobuf_test_messages_proto2_TestAllTypesProto2.serialize (file:///Users/thesayyn/Documents/thesayyn/protoc-gen-ts/target/debug/build/protoc_gen_ts-8cec2bec66276c47/out/test_conformance/test_messages_proto2.ts:992:20)
    at file:///Users/thesayyn/Documents/thesayyn/protoc-gen-ts/tests/conformance/bin/main.ts:31:44

  protobuf_test_messages.proto2.TestAllTypesProto2 1
  Error: Assertion failed
    at Object.jspb.asserts.doAssertFailure (https://cdn.skypack.dev/-/google-protobuf@v3.21.2-YDUqZL2TTSsy2lGtfuND/dist=es2019,mode=imports/optimized/google-protobuf.js:778:11)
    at Object.jspb.asserts.assert (https://cdn.skypack.dev/-/google-protobuf@v3.21.2-YDUqZL2TTSsy2lGtfuND/dist=es2019,mode=imports/optimized/google-protobuf.js:783:23)
    at jspb.BinaryReader.readInt64 (https://cdn.skypack.dev/-/google-protobuf@v3.21.2-YDUqZL2TTSsy2lGtfuND/dist=es2019,mode=imports/optimized/google-protobuf.js:4541:18)
    at Function.deserialize (file:///Users/thesayyn/Documents/thesayyn/protoc-gen-ts/target/debug/build/protoc_gen_ts-8cec2bec66276c47/out/test_conformance/test_messages_proto2.ts:217:52)
    at file:///Users/thesayyn/Documents/thesayyn/protoc-gen-ts/tests/conformance/bin/main.ts:30:78

  protobuf_test_messages.proto2.TestAllTypesProto2 1
  Error: Assertion failed
    at Object.jspb.asserts.doAssertFailure (https://cdn.skypack.dev/-/google-protobuf@v3.21.2-YDUqZL2TTSsy2lGtfuND/dist=es2019,mode=imports/optimized/google-protobuf.js:778:11)
    at Object.jspb.asserts.assert (https://cdn.skypack.dev/-/google-protobuf@v3.21.2-YDUqZL2TTSsy2lGtfuND/dist=es2019,mode=imports/optimized/google-protobuf.js:783:23)
    at jspb.BinaryEncoder.writeSignedVarint64 (https://cdn.skypack.dev/-/google-protobuf@v3.21.2-YDUqZL2TTSsy2lGtfuND/dist=es2019,mode=imports/optimized/google-protobuf.js:4814:18)
    at jspb.BinaryWriter.writePackedInt64 (https://cdn.skypack.dev/-/google-protobuf@v3.21.2-YDUqZL2TTSsy2lGtfuND/dist=es2019,mode=imports/optimized/google-protobuf.js:5530:23)
    at protobuf_test_messages_proto2_TestAllTypesProto2.serialize (file:///Users/thesayyn/Documents/thesayyn/protoc-gen-ts/target/debug/build/protoc_gen_ts-8cec2bec66276c47/out/test_conformance/test_messages_proto2.ts:1099:20)
    at file:///Users/thesayyn/Documents/thesayyn/protoc-gen-ts/tests/conformance/bin/main.ts:31:44

  protobuf_test_messages.proto2.TestAllTypesProto2 1
  Error: Assertion failed
    at Object.jspb.asserts.doAssertFailure (https://cdn.skypack.dev/-/google-protobuf@v3.21.2-YDUqZL2TTSsy2lGtfuND/dist=es2019,mode=imports/optimized/google-protobuf.js:778:11)
    at Object.jspb.asserts.assert (https://cdn.skypack.dev/-/google-protobuf@v3.21.2-YDUqZL2TTSsy2lGtfuND/dist=es2019,mode=imports/optimized/google-protobuf.js:783:23)
    at jspb.BinaryEncoder.writeSignedVarint64 (https://cdn.skypack.dev/-/google-protobuf@v3.21.2-YDUqZL2TTSsy2lGtfuND/dist=es2019,mode=imports/optimized/google-protobuf.js:4814:18)
    at jspb.BinaryWriter.writePackedInt64 (https://cdn.skypack.dev/-/google-protobuf@v3.21.2-YDUqZL2TTSsy2lGtfuND/dist=es2019,mode=imports/optimized/google-protobuf.js:5530:23)
    at protobuf_test_messages_proto2_TestAllTypesProto2.serialize (file:///Users/thesayyn/Documents/thesayyn/protoc-gen-ts/target/debug/build/protoc_gen_ts-8cec2bec66276c47/out/test_conformance/test_messages_proto2.ts:1099:20)
    at file:///Users/thesayyn/Documents/thesayyn/protoc-gen-ts/tests/conformance/bin/main.ts:31:44

  protobuf_test_messages.proto2.TestAllTypesProto2 1
  Error: Assertion failed
    at Object.jspb.asserts.doAssertFailure (https://cdn.skypack.dev/-/google-protobuf@v3.21.2-YDUqZL2TTSsy2lGtfuND/dist=es2019,mode=imports/optimized/google-protobuf.js:778:11)
    at Object.jspb.asserts.assert (https://cdn.skypack.dev/-/google-protobuf@v3.21.2-YDUqZL2TTSsy2lGtfuND/dist=es2019,mode=imports/optimized/google-protobuf.js:783:23)
    at jspb.BinaryWriter.writeInt64 (https://cdn.skypack.dev/-/google-protobuf@v3.21.2-YDUqZL2TTSsy2lGtfuND/dist=es2019,mode=imports/optimized/google-protobuf.js:5220:32)
    at protobuf_test_messages_proto2_TestAllTypesProto2.serialize (file:///Users/thesayyn/Documents/thesayyn/protoc-gen-ts/target/debug/build/protoc_gen_ts-8cec2bec66276c47/out/test_conformance/test_messages_proto2.ts:992:20)
    at file:///Users/thesayyn/Documents/thesayyn/protoc-gen-ts/tests/conformance/bin/main.ts:31:44

  protobuf_test_messages.proto2.TestAllTypesProto2 1
  Error: Assertion failed
    at Object.jspb.asserts.doAssertFailure (https://cdn.skypack.dev/-/google-protobuf@v3.21.2-YDUqZL2TTSsy2lGtfuND/dist=es2019,mode=imports/optimized/google-protobuf.js:778:11)
    at Object.jspb.asserts.assert (https://cdn.skypack.dev/-/google-protobuf@v3.21.2-YDUqZL2TTSsy2lGtfuND/dist=es2019,mode=imports/optimized/google-protobuf.js:783:23)
    at jspb.BinaryReader.readInt64 (https://cdn.skypack.dev/-/google-protobuf@v3.21.2-YDUqZL2TTSsy2lGtfuND/dist=es2019,mode=imports/optimized/google-protobuf.js:4541:18)
    at Function.deserialize (file:///Users/thesayyn/Documents/thesayyn/protoc-gen-ts/target/debug/build/protoc_gen_ts-8cec2bec66276c47/out/test_conformance/test_messages_proto2.ts:217:52)
    at file:///Users/thesayyn/Documents/thesayyn/protoc-gen-ts/tests/conformance/bin/main.ts:30:78

  protobuf_test_messages.proto3.TestAllTypesProto3 1
  Error: Assertion failed
    at Object.jspb.asserts.doAssertFailure (https://cdn.skypack.dev/-/google-protobuf@v3.21.2-YDUqZL2TTSsy2lGtfuND/dist=es2019,mode=imports/optimized/google-protobuf.js:778:11)
    at Object.jspb.asserts.assert (https://cdn.skypack.dev/-/google-protobuf@v3.21.2-YDUqZL2TTSsy2lGtfuND/dist=es2019,mode=imports/optimized/google-protobuf.js:783:23)
    at jspb.BinaryWriter.writeInt64 (https://cdn.skypack.dev/-/google-protobuf@v3.21.2-YDUqZL2TTSsy2lGtfuND/dist=es2019,mode=imports/optimized/google-protobuf.js:5220:32)
    at protobuf_test_messages_proto3_TestAllTypesProto3.serialize (file:///Users/thesayyn/Documents/thesayyn/protoc-gen-ts/target/debug/build/protoc_gen_ts-8cec2bec66276c47/out/test_conformance/test_messages_proto3.ts:972:20)
    at file:///Users/thesayyn/Documents/thesayyn/protoc-gen-ts/tests/conformance/bin/main.ts:24:44

  protobuf_test_messages.proto3.TestAllTypesProto3 1
  Error: Assertion failed
    at Object.jspb.asserts.doAssertFailure (https://cdn.skypack.dev/-/google-protobuf@v3.21.2-YDUqZL2TTSsy2lGtfuND/dist=es2019,mode=imports/optimized/google-protobuf.js:778:11)
    at Object.jspb.asserts.assert (https://cdn.skypack.dev/-/google-protobuf@v3.21.2-YDUqZL2TTSsy2lGtfuND/dist=es2019,mode=imports/optimized/google-protobuf.js:783:23)
    at jspb.BinaryWriter.writeInt64 (https://cdn.skypack.dev/-/google-protobuf@v3.21.2-YDUqZL2TTSsy2lGtfuND/dist=es2019,mode=imports/optimized/google-protobuf.js:5220:32)
    at protobuf_test_messages_proto3_TestAllTypesProto3.serialize (file:///Users/thesayyn/Documents/thesayyn/protoc-gen-ts/target/debug/build/protoc_gen_ts-8cec2bec66276c47/out/test_conformance/test_messages_proto3.ts:972:20)
    at file:///Users/thesayyn/Documents/thesayyn/protoc-gen-ts/tests/conformance/bin/main.ts:24:44

  protobuf_test_messages.proto3.TestAllTypesProto3 1
  Error: Assertion failed
    at Object.jspb.asserts.doAssertFailure (https://cdn.skypack.dev/-/google-protobuf@v3.21.2-YDUqZL2TTSsy2lGtfuND/dist=es2019,mode=imports/optimized/google-protobuf.js:778:11)
    at Object.jspb.asserts.assert (https://cdn.skypack.dev/-/google-protobuf@v3.21.2-YDUqZL2TTSsy2lGtfuND/dist=es2019,mode=imports/optimized/google-protobuf.js:783:23)
    at jspb.BinaryEncoder.writeSignedVarint64 (https://cdn.skypack.dev/-/google-protobuf@v3.21.2-YDUqZL2TTSsy2lGtfuND/dist=es2019,mode=imports/optimized/google-protobuf.js:4814:18)
    at jspb.BinaryWriter.writePackedInt64 (https://cdn.skypack.dev/-/google-protobuf@v3.21.2-YDUqZL2TTSsy2lGtfuND/dist=es2019,mode=imports/optimized/google-protobuf.js:5530:23)
    at protobuf_test_messages_proto3_TestAllTypesProto3.serialize (file:///Users/thesayyn/Documents/thesayyn/protoc-gen-ts/target/debug/build/protoc_gen_ts-8cec2bec66276c47/out/test_conformance/test_messages_proto3.ts:1090:20)
    at file:///Users/thesayyn/Documents/thesayyn/protoc-gen-ts/tests/conformance/bin/main.ts:24:44

  protobuf_test_messages.proto3.TestAllTypesProto3 1
  Error: Assertion failed
    at Object.jspb.asserts.doAssertFailure (https://cdn.skypack.dev/-/google-protobuf@v3.21.2-YDUqZL2TTSsy2lGtfuND/dist=es2019,mode=imports/optimized/google-protobuf.js:778:11)
    at Object.jspb.asserts.assert (https://cdn.skypack.dev/-/google-protobuf@v3.21.2-YDUqZL2TTSsy2lGtfuND/dist=es2019,mode=imports/optimized/google-protobuf.js:783:23)
    at jspb.BinaryEncoder.writeSignedVarint64 (https://cdn.skypack.dev/-/google-protobuf@v3.21.2-YDUqZL2TTSsy2lGtfuND/dist=es2019,mode=imports/optimized/google-protobuf.js:4814:18)
    at jspb.BinaryWriter.writePackedInt64 (https://cdn.skypack.dev/-/google-protobuf@v3.21.2-YDUqZL2TTSsy2lGtfuND/dist=es2019,mode=imports/optimized/google-protobuf.js:5530:23)
    at protobuf_test_messages_proto3_TestAllTypesProto3.serialize (file:///Users/thesayyn/Documents/thesayyn/protoc-gen-ts/target/debug/build/protoc_gen_ts-8cec2bec66276c47/out/test_conformance/test_messages_proto3.ts:1090:20)
    at file:///Users/thesayyn/Documents/thesayyn/protoc-gen-ts/tests/conformance/bin/main.ts:24:44

  protobuf_test_messages.proto3.TestAllTypesProto3 1
  Error: Assertion failed
    at Object.jspb.asserts.doAssertFailure (https://cdn.skypack.dev/-/google-protobuf@v3.21.2-YDUqZL2TTSsy2lGtfuND/dist=es2019,mode=imports/optimized/google-protobuf.js:778:11)
    at Object.jspb.asserts.assert (https://cdn.skypack.dev/-/google-protobuf@v3.21.2-YDUqZL2TTSsy2lGtfuND/dist=es2019,mode=imports/optimized/google-protobuf.js:783:23)
    at jspb.BinaryEncoder.writeSignedVarint64 (https://cdn.skypack.dev/-/google-protobuf@v3.21.2-YDUqZL2TTSsy2lGtfuND/dist=es2019,mode=imports/optimized/google-protobuf.js:4814:18)
    at jspb.BinaryWriter.writePackedInt64 (https://cdn.skypack.dev/-/google-protobuf@v3.21.2-YDUqZL2TTSsy2lGtfuND/dist=es2019,mode=imports/optimized/google-protobuf.js:5530:23)
    at protobuf_test_messages_proto3_TestAllTypesProto3.serialize (file:///Users/thesayyn/Documents/thesayyn/protoc-gen-ts/target/debug/build/protoc_gen_ts-8cec2bec66276c47/out/test_conformance/test_messages_proto3.ts:1090:20)
    at file:///Users/thesayyn/Documents/thesayyn/protoc-gen-ts/tests/conformance/bin/main.ts:24:44

  protobuf_test_messages.proto3.TestAllTypesProto3 1
  Error: Assertion failed
    at Object.jspb.asserts.doAssertFailure (https://cdn.skypack.dev/-/google-protobuf@v3.21.2-YDUqZL2TTSsy2lGtfuND/dist=es2019,mode=imports/optimized/google-protobuf.js:778:11)
    at Object.jspb.asserts.assert (https://cdn.skypack.dev/-/google-protobuf@v3.21.2-YDUqZL2TTSsy2lGtfuND/dist=es2019,mode=imports/optimized/google-protobuf.js:783:23)
    at jspb.BinaryEncoder.writeSignedVarint64 (https://cdn.skypack.dev/-/google-protobuf@v3.21.2-YDUqZL2TTSsy2lGtfuND/dist=es2019,mode=imports/optimized/google-protobuf.js:4814:18)
    at jspb.BinaryWriter.writePackedInt64 (https://cdn.skypack.dev/-/google-protobuf@v3.21.2-YDUqZL2TTSsy2lGtfuND/dist=es2019,mode=imports/optimized/google-protobuf.js:5530:23)
    at protobuf_test_messages_proto3_TestAllTypesProto3.serialize (file:///Users/thesayyn/Documents/thesayyn/protoc-gen-ts/target/debug/build/protoc_gen_ts-8cec2bec66276c47/out/test_conformance/test_messages_proto3.ts:1090:20)
    at file:///Users/thesayyn/Documents/thesayyn/protoc-gen-ts/tests/conformance/bin/main.ts:24:44

  protobuf_test_messages.proto3.TestAllTypesProto3 1
  Error: Assertion failed
    at Object.jspb.asserts.doAssertFailure (https://cdn.skypack.dev/-/google-protobuf@v3.21.2-YDUqZL2TTSsy2lGtfuND/dist=es2019,mode=imports/optimized/google-protobuf.js:778:11)
    at Object.jspb.asserts.assert (https://cdn.skypack.dev/-/google-protobuf@v3.21.2-YDUqZL2TTSsy2lGtfuND/dist=es2019,mode=imports/optimized/google-protobuf.js:783:23)
    at jspb.BinaryEncoder.writeSignedVarint64 (https://cdn.skypack.dev/-/google-protobuf@v3.21.2-YDUqZL2TTSsy2lGtfuND/dist=es2019,mode=imports/optimized/google-protobuf.js:4814:18)
    at jspb.BinaryWriter.writePackedInt64 (https://cdn.skypack.dev/-/google-protobuf@v3.21.2-YDUqZL2TTSsy2lGtfuND/dist=es2019,mode=imports/optimized/google-protobuf.js:5530:23)
    at protobuf_test_messages_proto3_TestAllTypesProto3.serialize (file:///Users/thesayyn/Documents/thesayyn/protoc-gen-ts/target/debug/build/protoc_gen_ts-8cec2bec66276c47/out/test_conformance/test_messages_proto3.ts:1090:20)
    at file:///Users/thesayyn/Documents/thesayyn/protoc-gen-ts/tests/conformance/bin/main.ts:24:44

  protobuf_test_messages.proto3.TestAllTypesProto3 1
  Error: Assertion failed
    at Object.jspb.asserts.doAssertFailure (https://cdn.skypack.dev/-/google-protobuf@v3.21.2-YDUqZL2TTSsy2lGtfuND/dist=es2019,mode=imports/optimized/google-protobuf.js:778:11)
    at Object.jspb.asserts.assert (https://cdn.skypack.dev/-/google-protobuf@v3.21.2-YDUqZL2TTSsy2lGtfuND/dist=es2019,mode=imports/optimized/google-protobuf.js:783:23)
    at jspb.BinaryEncoder.writeSignedVarint64 (https://cdn.skypack.dev/-/google-protobuf@v3.21.2-YDUqZL2TTSsy2lGtfuND/dist=es2019,mode=imports/optimized/google-protobuf.js:4814:18)
    at jspb.BinaryWriter.writePackedInt64 (https://cdn.skypack.dev/-/google-protobuf@v3.21.2-YDUqZL2TTSsy2lGtfuND/dist=es2019,mode=imports/optimized/google-protobuf.js:5530:23)
    at protobuf_test_messages_proto3_TestAllTypesProto3.serialize (file:///Users/thesayyn/Documents/thesayyn/protoc-gen-ts/target/debug/build/protoc_gen_ts-8cec2bec66276c47/out/test_conformance/test_messages_proto3.ts:1090:20)
    at file:///Users/thesayyn/Documents/thesayyn/protoc-gen-ts/tests/conformance/bin/main.ts:24:44

  protobuf_test_messages.proto3.TestAllTypesProto3 1
  Error: Assertion failed
    at Object.jspb.asserts.doAssertFailure (https://cdn.skypack.dev/-/google-protobuf@v3.21.2-YDUqZL2TTSsy2lGtfuND/dist=es2019,mode=imports/optimized/google-protobuf.js:778:11)
    at Object.jspb.asserts.assert (https://cdn.skypack.dev/-/google-protobuf@v3.21.2-YDUqZL2TTSsy2lGtfuND/dist=es2019,mode=imports/optimized/google-protobuf.js:783:23)
    at jspb.BinaryWriter.writeInt64 (https://cdn.skypack.dev/-/google-protobuf@v3.21.2-YDUqZL2TTSsy2lGtfuND/dist=es2019,mode=imports/optimized/google-protobuf.js:5220:32)
    at protobuf_test_messages_proto3_TestAllTypesProto3.serialize (file:///Users/thesayyn/Documents/thesayyn/protoc-gen-ts/target/debug/build/protoc_gen_ts-8cec2bec66276c47/out/test_conformance/test_messages_proto3.ts:1267:20)
    at file:///Users/thesayyn/Documents/thesayyn/protoc-gen-ts/tests/conformance/bin/main.ts:24:44

  protobuf_test_messages.proto3.TestAllTypesProto3 1
  Error: Assertion failed
    at Object.jspb.asserts.doAssertFailure (https://cdn.skypack.dev/-/google-protobuf@v3.21.2-YDUqZL2TTSsy2lGtfuND/dist=es2019,mode=imports/optimized/google-protobuf.js:778:11)
    at Object.jspb.asserts.assert (https://cdn.skypack.dev/-/google-protobuf@v3.21.2-YDUqZL2TTSsy2lGtfuND/dist=es2019,mode=imports/optimized/google-protobuf.js:783:23)
    at jspb.BinaryReader.readInt64 (https://cdn.skypack.dev/-/google-protobuf@v3.21.2-YDUqZL2TTSsy2lGtfuND/dist=es2019,mode=imports/optimized/google-protobuf.js:4541:18)
    at Function.deserialize (file:///Users/thesayyn/Documents/thesayyn/protoc-gen-ts/target/debug/build/protoc_gen_ts-8cec2bec66276c47/out/test_conformance/test_messages_proto3.ts:378:52)
    at file:///Users/thesayyn/Documents/thesayyn/protoc-gen-ts/tests/conformance/bin/main.ts:23:78

  protobuf_test_messages.proto2.TestAllTypesProto2 1
  Error: Assertion failed
    at Object.jspb.asserts.doAssertFailure (https://cdn.skypack.dev/-/google-protobuf@v3.21.2-YDUqZL2TTSsy2lGtfuND/dist=es2019,mode=imports/optimized/google-protobuf.js:778:11)
    at Object.jspb.asserts.assert (https://cdn.skypack.dev/-/google-protobuf@v3.21.2-YDUqZL2TTSsy2lGtfuND/dist=es2019,mode=imports/optimized/google-protobuf.js:783:23)
    at jspb.BinaryWriter.writeUint64 (https://cdn.skypack.dev/-/google-protobuf@v3.21.2-YDUqZL2TTSsy2lGtfuND/dist=es2019,mode=imports/optimized/google-protobuf.js:5234:32)
    at protobuf_test_messages_proto2_TestAllTypesProto2.serialize (file:///Users/thesayyn/Documents/thesayyn/protoc-gen-ts/target/debug/build/protoc_gen_ts-8cec2bec66276c47/out/test_conformance/test_messages_proto2.ts:889:20)
    at file:///Users/thesayyn/Documents/thesayyn/protoc-gen-ts/tests/conformance/bin/main.ts:31:44

  protobuf_test_messages.proto2.TestAllTypesProto2 1
  Error: Assertion failed
    at Object.jspb.asserts.doAssertFailure (https://cdn.skypack.dev/-/google-protobuf@v3.21.2-YDUqZL2TTSsy2lGtfuND/dist=es2019,mode=imports/optimized/google-protobuf.js:778:11)
    at Object.jspb.asserts.assert (https://cdn.skypack.dev/-/google-protobuf@v3.21.2-YDUqZL2TTSsy2lGtfuND/dist=es2019,mode=imports/optimized/google-protobuf.js:783:23)
    at jspb.BinaryWriter.writeUint64 (https://cdn.skypack.dev/-/google-protobuf@v3.21.2-YDUqZL2TTSsy2lGtfuND/dist=es2019,mode=imports/optimized/google-protobuf.js:5234:32)
    at protobuf_test_messages_proto2_TestAllTypesProto2.serialize (file:///Users/thesayyn/Documents/thesayyn/protoc-gen-ts/target/debug/build/protoc_gen_ts-8cec2bec66276c47/out/test_conformance/test_messages_proto2.ts:889:20)
    at file:///Users/thesayyn/Documents/thesayyn/protoc-gen-ts/tests/conformance/bin/main.ts:31:44

  protobuf_test_messages.proto2.TestAllTypesProto2 1
  Error: Assertion failed
    at Object.jspb.asserts.doAssertFailure (https://cdn.skypack.dev/-/google-protobuf@v3.21.2-YDUqZL2TTSsy2lGtfuND/dist=es2019,mode=imports/optimized/google-protobuf.js:778:11)
    at Object.jspb.asserts.assert (https://cdn.skypack.dev/-/google-protobuf@v3.21.2-YDUqZL2TTSsy2lGtfuND/dist=es2019,mode=imports/optimized/google-protobuf.js:783:23)
    at jspb.BinaryWriter.writeUint64 (https://cdn.skypack.dev/-/google-protobuf@v3.21.2-YDUqZL2TTSsy2lGtfuND/dist=es2019,mode=imports/optimized/google-protobuf.js:5234:32)
    at protobuf_test_messages_proto2_TestAllTypesProto2.serialize (file:///Users/thesayyn/Documents/thesayyn/protoc-gen-ts/target/debug/build/protoc_gen_ts-8cec2bec66276c47/out/test_conformance/test_messages_proto2.ts:889:20)
    at file:///Users/thesayyn/Documents/thesayyn/protoc-gen-ts/tests/conformance/bin/main.ts:31:44

  protobuf_test_messages.proto2.TestAllTypesProto2 1
  Error: Assertion failed
    at Object.jspb.asserts.doAssertFailure (https://cdn.skypack.dev/-/google-protobuf@v3.21.2-YDUqZL2TTSsy2lGtfuND/dist=es2019,mode=imports/optimized/google-protobuf.js:778:11)
    at Object.jspb.asserts.assert (https://cdn.skypack.dev/-/google-protobuf@v3.21.2-YDUqZL2TTSsy2lGtfuND/dist=es2019,mode=imports/optimized/google-protobuf.js:783:23)
    at jspb.BinaryWriter.writeUint64 (https://cdn.skypack.dev/-/google-protobuf@v3.21.2-YDUqZL2TTSsy2lGtfuND/dist=es2019,mode=imports/optimized/google-protobuf.js:5234:32)
    at protobuf_test_messages_proto2_TestAllTypesProto2.serialize (file:///Users/thesayyn/Documents/thesayyn/protoc-gen-ts/target/debug/build/protoc_gen_ts-8cec2bec66276c47/out/test_conformance/test_messages_proto2.ts:1002:20)
    at file:///Users/thesayyn/Documents/thesayyn/protoc-gen-ts/tests/conformance/bin/main.ts:31:44

  protobuf_test_messages.proto2.TestAllTypesProto2 1
  Error: Assertion failed
    at Object.jspb.asserts.doAssertFailure (https://cdn.skypack.dev/-/google-protobuf@v3.21.2-YDUqZL2TTSsy2lGtfuND/dist=es2019,mode=imports/optimized/google-protobuf.js:778:11)
    at Object.jspb.asserts.assert (https://cdn.skypack.dev/-/google-protobuf@v3.21.2-YDUqZL2TTSsy2lGtfuND/dist=es2019,mode=imports/optimized/google-protobuf.js:783:23)
    at jspb.BinaryReader.readUint64 (https://cdn.skypack.dev/-/google-protobuf@v3.21.2-YDUqZL2TTSsy2lGtfuND/dist=es2019,mode=imports/optimized/google-protobuf.js:4559:18)
    at Function.deserialize (file:///Users/thesayyn/Documents/thesayyn/protoc-gen-ts/target/debug/build/protoc_gen_ts-8cec2bec66276c47/out/test_conformance/test_messages_proto2.ts:223:53)
    at file:///Users/thesayyn/Documents/thesayyn/protoc-gen-ts/tests/conformance/bin/main.ts:30:78

  protobuf_test_messages.proto2.TestAllTypesProto2 1
  Error: Assertion failed
    at Object.jspb.asserts.doAssertFailure (https://cdn.skypack.dev/-/google-protobuf@v3.21.2-YDUqZL2TTSsy2lGtfuND/dist=es2019,mode=imports/optimized/google-protobuf.js:778:11)
    at Object.jspb.asserts.assert (https://cdn.skypack.dev/-/google-protobuf@v3.21.2-YDUqZL2TTSsy2lGtfuND/dist=es2019,mode=imports/optimized/google-protobuf.js:783:23)
    at jspb.BinaryWriter.writeUint64 (https://cdn.skypack.dev/-/google-protobuf@v3.21.2-YDUqZL2TTSsy2lGtfuND/dist=es2019,mode=imports/optimized/google-protobuf.js:5234:32)
    at protobuf_test_messages_proto2_TestAllTypesProto2.serialize (file:///Users/thesayyn/Documents/thesayyn/protoc-gen-ts/target/debug/build/protoc_gen_ts-8cec2bec66276c47/out/test_conformance/test_messages_proto2.ts:1002:20)
    at file:///Users/thesayyn/Documents/thesayyn/protoc-gen-ts/tests/conformance/bin/main.ts:31:44

  protobuf_test_messages.proto2.TestAllTypesProto2 1
  Error: Assertion failed
    at Object.jspb.asserts.doAssertFailure (https://cdn.skypack.dev/-/google-protobuf@v3.21.2-YDUqZL2TTSsy2lGtfuND/dist=es2019,mode=imports/optimized/google-protobuf.js:778:11)
    at Object.jspb.asserts.assert (https://cdn.skypack.dev/-/google-protobuf@v3.21.2-YDUqZL2TTSsy2lGtfuND/dist=es2019,mode=imports/optimized/google-protobuf.js:783:23)
    at jspb.BinaryReader.readUint64 (https://cdn.skypack.dev/-/google-protobuf@v3.21.2-YDUqZL2TTSsy2lGtfuND/dist=es2019,mode=imports/optimized/google-protobuf.js:4559:18)
    at Function.deserialize (file:///Users/thesayyn/Documents/thesayyn/protoc-gen-ts/target/debug/build/protoc_gen_ts-8cec2bec66276c47/out/test_conformance/test_messages_proto2.ts:223:53)
    at file:///Users/thesayyn/Documents/thesayyn/protoc-gen-ts/tests/conformance/bin/main.ts:30:78

  protobuf_test_messages.proto2.TestAllTypesProto2 1
  Error: Assertion failed
    at Object.jspb.asserts.doAssertFailure (https://cdn.skypack.dev/-/google-protobuf@v3.21.2-YDUqZL2TTSsy2lGtfuND/dist=es2019,mode=imports/optimized/google-protobuf.js:778:11)
    at Object.jspb.asserts.assert (https://cdn.skypack.dev/-/google-protobuf@v3.21.2-YDUqZL2TTSsy2lGtfuND/dist=es2019,mode=imports/optimized/google-protobuf.js:783:23)
    at jspb.BinaryEncoder.writeUnsignedVarint64 (https://cdn.skypack.dev/-/google-protobuf@v3.21.2-YDUqZL2TTSsy2lGtfuND/dist=es2019,mode=imports/optimized/google-protobuf.js:4808:18)
    at jspb.BinaryWriter.writePackedUint64 (https://cdn.skypack.dev/-/google-protobuf@v3.21.2-YDUqZL2TTSsy2lGtfuND/dist=es2019,mode=imports/optimized/google-protobuf.js:5592:23)
    at protobuf_test_messages_proto2_TestAllTypesProto2.serialize (file:///Users/thesayyn/Documents/thesayyn/protoc-gen-ts/target/debug/build/protoc_gen_ts-8cec2bec66276c47/out/test_conformance/test_messages_proto2.ts:1109:20)
    at file:///Users/thesayyn/Documents/thesayyn/protoc-gen-ts/tests/conformance/bin/main.ts:31:44

  protobuf_test_messages.proto2.TestAllTypesProto2 1
  Error: Assertion failed
    at Object.jspb.asserts.doAssertFailure (https://cdn.skypack.dev/-/google-protobuf@v3.21.2-YDUqZL2TTSsy2lGtfuND/dist=es2019,mode=imports/optimized/google-protobuf.js:778:11)
    at Object.jspb.asserts.assert (https://cdn.skypack.dev/-/google-protobuf@v3.21.2-YDUqZL2TTSsy2lGtfuND/dist=es2019,mode=imports/optimized/google-protobuf.js:783:23)
    at jspb.BinaryEncoder.writeUnsignedVarint64 (https://cdn.skypack.dev/-/google-protobuf@v3.21.2-YDUqZL2TTSsy2lGtfuND/dist=es2019,mode=imports/optimized/google-protobuf.js:4808:18)
    at jspb.BinaryWriter.writePackedUint64 (https://cdn.skypack.dev/-/google-protobuf@v3.21.2-YDUqZL2TTSsy2lGtfuND/dist=es2019,mode=imports/optimized/google-protobuf.js:5592:23)
    at protobuf_test_messages_proto2_TestAllTypesProto2.serialize (file:///Users/thesayyn/Documents/thesayyn/protoc-gen-ts/target/debug/build/protoc_gen_ts-8cec2bec66276c47/out/test_conformance/test_messages_proto2.ts:1109:20)
    at file:///Users/thesayyn/Documents/thesayyn/protoc-gen-ts/tests/conformance/bin/main.ts:31:44

  protobuf_test_messages.proto2.TestAllTypesProto2 1
  Error: Assertion failed
    at Object.jspb.asserts.doAssertFailure (https://cdn.skypack.dev/-/google-protobuf@v3.21.2-YDUqZL2TTSsy2lGtfuND/dist=es2019,mode=imports/optimized/google-protobuf.js:778:11)
    at Object.jspb.asserts.assert (https://cdn.skypack.dev/-/google-protobuf@v3.21.2-YDUqZL2TTSsy2lGtfuND/dist=es2019,mode=imports/optimized/google-protobuf.js:783:23)
    at jspb.BinaryWriter.writeUint64 (https://cdn.skypack.dev/-/google-protobuf@v3.21.2-YDUqZL2TTSsy2lGtfuND/dist=es2019,mode=imports/optimized/google-protobuf.js:5234:32)
    at protobuf_test_messages_proto2_TestAllTypesProto2.serialize (file:///Users/thesayyn/Documents/thesayyn/protoc-gen-ts/target/debug/build/protoc_gen_ts-8cec2bec66276c47/out/test_conformance/test_messages_proto2.ts:1002:20)
    at file:///Users/thesayyn/Documents/thesayyn/protoc-gen-ts/tests/conformance/bin/main.ts:31:44

  protobuf_test_messages.proto2.TestAllTypesProto2 1
  Error: Assertion failed
    at Object.jspb.asserts.doAssertFailure (https://cdn.skypack.dev/-/google-protobuf@v3.21.2-YDUqZL2TTSsy2lGtfuND/dist=es2019,mode=imports/optimized/google-protobuf.js:778:11)
    at Object.jspb.asserts.assert (https://cdn.skypack.dev/-/google-protobuf@v3.21.2-YDUqZL2TTSsy2lGtfuND/dist=es2019,mode=imports/optimized/google-protobuf.js:783:23)
    at jspb.BinaryReader.readUint64 (https://cdn.skypack.dev/-/google-protobuf@v3.21.2-YDUqZL2TTSsy2lGtfuND/dist=es2019,mode=imports/optimized/google-protobuf.js:4559:18)
    at Function.deserialize (file:///Users/thesayyn/Documents/thesayyn/protoc-gen-ts/target/debug/build/protoc_gen_ts-8cec2bec66276c47/out/test_conformance/test_messages_proto2.ts:223:53)
    at file:///Users/thesayyn/Documents/thesayyn/protoc-gen-ts/tests/conformance/bin/main.ts:30:78

  protobuf_test_messages.proto3.TestAllTypesProto3 1
  Error: Assertion failed
    at Object.jspb.asserts.doAssertFailure (https://cdn.skypack.dev/-/google-protobuf@v3.21.2-YDUqZL2TTSsy2lGtfuND/dist=es2019,mode=imports/optimized/google-protobuf.js:778:11)
    at Object.jspb.asserts.assert (https://cdn.skypack.dev/-/google-protobuf@v3.21.2-YDUqZL2TTSsy2lGtfuND/dist=es2019,mode=imports/optimized/google-protobuf.js:783:23)
    at jspb.BinaryWriter.writeUint64 (https://cdn.skypack.dev/-/google-protobuf@v3.21.2-YDUqZL2TTSsy2lGtfuND/dist=es2019,mode=imports/optimized/google-protobuf.js:5234:32)
    at protobuf_test_messages_proto3_TestAllTypesProto3.serialize (file:///Users/thesayyn/Documents/thesayyn/protoc-gen-ts/target/debug/build/protoc_gen_ts-8cec2bec66276c47/out/test_conformance/test_messages_proto3.ts:982:20)
    at file:///Users/thesayyn/Documents/thesayyn/protoc-gen-ts/tests/conformance/bin/main.ts:24:44

  protobuf_test_messages.proto3.TestAllTypesProto3 1
  Error: Assertion failed
    at Object.jspb.asserts.doAssertFailure (https://cdn.skypack.dev/-/google-protobuf@v3.21.2-YDUqZL2TTSsy2lGtfuND/dist=es2019,mode=imports/optimized/google-protobuf.js:778:11)
    at Object.jspb.asserts.assert (https://cdn.skypack.dev/-/google-protobuf@v3.21.2-YDUqZL2TTSsy2lGtfuND/dist=es2019,mode=imports/optimized/google-protobuf.js:783:23)
    at jspb.BinaryWriter.writeUint64 (https://cdn.skypack.dev/-/google-protobuf@v3.21.2-YDUqZL2TTSsy2lGtfuND/dist=es2019,mode=imports/optimized/google-protobuf.js:5234:32)
    at protobuf_test_messages_proto3_TestAllTypesProto3.serialize (file:///Users/thesayyn/Documents/thesayyn/protoc-gen-ts/target/debug/build/protoc_gen_ts-8cec2bec66276c47/out/test_conformance/test_messages_proto3.ts:982:20)
    at file:///Users/thesayyn/Documents/thesayyn/protoc-gen-ts/tests/conformance/bin/main.ts:24:44

  protobuf_test_messages.proto3.TestAllTypesProto3 1
  Error: Assertion failed
    at Object.jspb.asserts.doAssertFailure (https://cdn.skypack.dev/-/google-protobuf@v3.21.2-YDUqZL2TTSsy2lGtfuND/dist=es2019,mode=imports/optimized/google-protobuf.js:778:11)
    at Object.jspb.asserts.assert (https://cdn.skypack.dev/-/google-protobuf@v3.21.2-YDUqZL2TTSsy2lGtfuND/dist=es2019,mode=imports/optimized/google-protobuf.js:783:23)
    at jspb.BinaryWriter.writeUint64 (https://cdn.skypack.dev/-/google-protobuf@v3.21.2-YDUqZL2TTSsy2lGtfuND/dist=es2019,mode=imports/optimized/google-protobuf.js:5234:32)
    at protobuf_test_messages_proto3_TestAllTypesProto3.serialize (file:///Users/thesayyn/Documents/thesayyn/protoc-gen-ts/target/debug/build/protoc_gen_ts-8cec2bec66276c47/out/test_conformance/test_messages_proto3.ts:982:20)
    at file:///Users/thesayyn/Documents/thesayyn/protoc-gen-ts/tests/conformance/bin/main.ts:24:44

  protobuf_test_messages.proto3.TestAllTypesProto3 1
  Error: Assertion failed
    at Object.jspb.asserts.doAssertFailure (https://cdn.skypack.dev/-/google-protobuf@v3.21.2-YDUqZL2TTSsy2lGtfuND/dist=es2019,mode=imports/optimized/google-protobuf.js:778:11)
    at Object.jspb.asserts.assert (https://cdn.skypack.dev/-/google-protobuf@v3.21.2-YDUqZL2TTSsy2lGtfuND/dist=es2019,mode=imports/optimized/google-protobuf.js:783:23)
    at jspb.BinaryEncoder.writeUnsignedVarint64 (https://cdn.skypack.dev/-/google-protobuf@v3.21.2-YDUqZL2TTSsy2lGtfuND/dist=es2019,mode=imports/optimized/google-protobuf.js:4808:18)
    at jspb.BinaryWriter.writePackedUint64 (https://cdn.skypack.dev/-/google-protobuf@v3.21.2-YDUqZL2TTSsy2lGtfuND/dist=es2019,mode=imports/optimized/google-protobuf.js:5592:23)
    at protobuf_test_messages_proto3_TestAllTypesProto3.serialize (file:///Users/thesayyn/Documents/thesayyn/protoc-gen-ts/target/debug/build/protoc_gen_ts-8cec2bec66276c47/out/test_conformance/test_messages_proto3.ts:1100:20)
    at file:///Users/thesayyn/Documents/thesayyn/protoc-gen-ts/tests/conformance/bin/main.ts:24:44

  protobuf_test_messages.proto3.TestAllTypesProto3 1
  Error: Assertion failed
    at Object.jspb.asserts.doAssertFailure (https://cdn.skypack.dev/-/google-protobuf@v3.21.2-YDUqZL2TTSsy2lGtfuND/dist=es2019,mode=imports/optimized/google-protobuf.js:778:11)
    at Object.jspb.asserts.assert (https://cdn.skypack.dev/-/google-protobuf@v3.21.2-YDUqZL2TTSsy2lGtfuND/dist=es2019,mode=imports/optimized/google-protobuf.js:783:23)
    at jspb.BinaryEncoder.writeUnsignedVarint64 (https://cdn.skypack.dev/-/google-protobuf@v3.21.2-YDUqZL2TTSsy2lGtfuND/dist=es2019,mode=imports/optimized/google-protobuf.js:4808:18)
    at jspb.BinaryWriter.writePackedUint64 (https://cdn.skypack.dev/-/google-protobuf@v3.21.2-YDUqZL2TTSsy2lGtfuND/dist=es2019,mode=imports/optimized/google-protobuf.js:5592:23)
    at protobuf_test_messages_proto3_TestAllTypesProto3.serialize (file:///Users/thesayyn/Documents/thesayyn/protoc-gen-ts/target/debug/build/protoc_gen_ts-8cec2bec66276c47/out/test_conformance/test_messages_proto3.ts:1100:20)
    at file:///Users/thesayyn/Documents/thesayyn/protoc-gen-ts/tests/conformance/bin/main.ts:24:44

  protobuf_test_messages.proto3.TestAllTypesProto3 1
  Error: Assertion failed
    at Object.jspb.asserts.doAssertFailure (https://cdn.skypack.dev/-/google-protobuf@v3.21.2-YDUqZL2TTSsy2lGtfuND/dist=es2019,mode=imports/optimized/google-protobuf.js:778:11)
    at Object.jspb.asserts.assert (https://cdn.skypack.dev/-/google-protobuf@v3.21.2-YDUqZL2TTSsy2lGtfuND/dist=es2019,mode=imports/optimized/google-protobuf.js:783:23)
    at jspb.BinaryEncoder.writeUnsignedVarint64 (https://cdn.skypack.dev/-/google-protobuf@v3.21.2-YDUqZL2TTSsy2lGtfuND/dist=es2019,mode=imports/optimized/google-protobuf.js:4808:18)
    at jspb.BinaryWriter.writePackedUint64 (https://cdn.skypack.dev/-/google-protobuf@v3.21.2-YDUqZL2TTSsy2lGtfuND/dist=es2019,mode=imports/optimized/google-protobuf.js:5592:23)
    at protobuf_test_messages_proto3_TestAllTypesProto3.serialize (file:///Users/thesayyn/Documents/thesayyn/protoc-gen-ts/target/debug/build/protoc_gen_ts-8cec2bec66276c47/out/test_conformance/test_messages_proto3.ts:1100:20)
    at file:///Users/thesayyn/Documents/thesayyn/protoc-gen-ts/tests/conformance/bin/main.ts:24:44

  protobuf_test_messages.proto3.TestAllTypesProto3 1
  Error: Assertion failed
    at Object.jspb.asserts.doAssertFailure (https://cdn.skypack.dev/-/google-protobuf@v3.21.2-YDUqZL2TTSsy2lGtfuND/dist=es2019,mode=imports/optimized/google-protobuf.js:778:11)
    at Object.jspb.asserts.assert (https://cdn.skypack.dev/-/google-protobuf@v3.21.2-YDUqZL2TTSsy2lGtfuND/dist=es2019,mode=imports/optimized/google-protobuf.js:783:23)
    at jspb.BinaryEncoder.writeUnsignedVarint64 (https://cdn.skypack.dev/-/google-protobuf@v3.21.2-YDUqZL2TTSsy2lGtfuND/dist=es2019,mode=imports/optimized/google-protobuf.js:4808:18)
    at jspb.BinaryWriter.writePackedUint64 (https://cdn.skypack.dev/-/google-protobuf@v3.21.2-YDUqZL2TTSsy2lGtfuND/dist=es2019,mode=imports/optimized/google-protobuf.js:5592:23)
    at protobuf_test_messages_proto3_TestAllTypesProto3.serialize (file:///Users/thesayyn/Documents/thesayyn/protoc-gen-ts/target/debug/build/protoc_gen_ts-8cec2bec66276c47/out/test_conformance/test_messages_proto3.ts:1100:20)
    at file:///Users/thesayyn/Documents/thesayyn/protoc-gen-ts/tests/conformance/bin/main.ts:24:44

  protobuf_test_messages.proto3.TestAllTypesProto3 1
  Error: Assertion failed
    at Object.jspb.asserts.doAssertFailure (https://cdn.skypack.dev/-/google-protobuf@v3.21.2-YDUqZL2TTSsy2lGtfuND/dist=es2019,mode=imports/optimized/google-protobuf.js:778:11)
    at Object.jspb.asserts.assert (https://cdn.skypack.dev/-/google-protobuf@v3.21.2-YDUqZL2TTSsy2lGtfuND/dist=es2019,mode=imports/optimized/google-protobuf.js:783:23)
    at jspb.BinaryEncoder.writeUnsignedVarint64 (https://cdn.skypack.dev/-/google-protobuf@v3.21.2-YDUqZL2TTSsy2lGtfuND/dist=es2019,mode=imports/optimized/google-protobuf.js:4808:18)
    at jspb.BinaryWriter.writePackedUint64 (https://cdn.skypack.dev/-/google-protobuf@v3.21.2-YDUqZL2TTSsy2lGtfuND/dist=es2019,mode=imports/optimized/google-protobuf.js:5592:23)
    at protobuf_test_messages_proto3_TestAllTypesProto3.serialize (file:///Users/thesayyn/Documents/thesayyn/protoc-gen-ts/target/debug/build/protoc_gen_ts-8cec2bec66276c47/out/test_conformance/test_messages_proto3.ts:1100:20)
    at file:///Users/thesayyn/Documents/thesayyn/protoc-gen-ts/tests/conformance/bin/main.ts:24:44

  protobuf_test_messages.proto3.TestAllTypesProto3 1
  Error: Assertion failed
    at Object.jspb.asserts.doAssertFailure (https://cdn.skypack.dev/-/google-protobuf@v3.21.2-YDUqZL2TTSsy2lGtfuND/dist=es2019,mode=imports/optimized/google-protobuf.js:778:11)
    at Object.jspb.asserts.assert (https://cdn.skypack.dev/-/google-protobuf@v3.21.2-YDUqZL2TTSsy2lGtfuND/dist=es2019,mode=imports/optimized/google-protobuf.js:783:23)
    at jspb.BinaryEncoder.writeUnsignedVarint64 (https://cdn.skypack.dev/-/google-protobuf@v3.21.2-YDUqZL2TTSsy2lGtfuND/dist=es2019,mode=imports/optimized/google-protobuf.js:4808:18)
    at jspb.BinaryWriter.writePackedUint64 (https://cdn.skypack.dev/-/google-protobuf@v3.21.2-YDUqZL2TTSsy2lGtfuND/dist=es2019,mode=imports/optimized/google-protobuf.js:5592:23)
    at protobuf_test_messages_proto3_TestAllTypesProto3.serialize (file:///Users/thesayyn/Documents/thesayyn/protoc-gen-ts/target/debug/build/protoc_gen_ts-8cec2bec66276c47/out/test_conformance/test_messages_proto3.ts:1100:20)
    at file:///Users/thesayyn/Documents/thesayyn/protoc-gen-ts/tests/conformance/bin/main.ts:24:44

  protobuf_test_messages.proto3.TestAllTypesProto3 1
  Error: Assertion failed
    at Object.jspb.asserts.doAssertFailure (https://cdn.skypack.dev/-/google-protobuf@v3.21.2-YDUqZL2TTSsy2lGtfuND/dist=es2019,mode=imports/optimized/google-protobuf.js:778:11)
    at Object.jspb.asserts.assert (https://cdn.skypack.dev/-/google-protobuf@v3.21.2-YDUqZL2TTSsy2lGtfuND/dist=es2019,mode=imports/optimized/google-protobuf.js:783:23)
    at jspb.BinaryWriter.writeUint64 (https://cdn.skypack.dev/-/google-protobuf@v3.21.2-YDUqZL2TTSsy2lGtfuND/dist=es2019,mode=imports/optimized/google-protobuf.js:5234:32)
    at protobuf_test_messages_proto3_TestAllTypesProto3.serialize (file:///Users/thesayyn/Documents/thesayyn/protoc-gen-ts/target/debug/build/protoc_gen_ts-8cec2bec66276c47/out/test_conformance/test_messages_proto3.ts:1277:20)
    at file:///Users/thesayyn/Documents/thesayyn/protoc-gen-ts/tests/conformance/bin/main.ts:24:44

  protobuf_test_messages.proto3.TestAllTypesProto3 1
  Error: Assertion failed
    at Object.jspb.asserts.doAssertFailure (https://cdn.skypack.dev/-/google-protobuf@v3.21.2-YDUqZL2TTSsy2lGtfuND/dist=es2019,mode=imports/optimized/google-protobuf.js:778:11)
    at Object.jspb.asserts.assert (https://cdn.skypack.dev/-/google-protobuf@v3.21.2-YDUqZL2TTSsy2lGtfuND/dist=es2019,mode=imports/optimized/google-protobuf.js:783:23)
    at jspb.BinaryReader.readUint64 (https://cdn.skypack.dev/-/google-protobuf@v3.21.2-YDUqZL2TTSsy2lGtfuND/dist=es2019,mode=imports/optimized/google-protobuf.js:4559:18)
    at Function.deserialize (file:///Users/thesayyn/Documents/thesayyn/protoc-gen-ts/target/debug/build/protoc_gen_ts-8cec2bec66276c47/out/test_conformance/test_messages_proto3.ts:384:53)
    at file:///Users/thesayyn/Documents/thesayyn/protoc-gen-ts/tests/conformance/bin/main.ts:23:78

  protobuf_test_messages.proto2.TestAllTypesProto2 1
  Error: Assertion failed
    at Object.jspb.asserts.doAssertFailure (https://cdn.skypack.dev/-/google-protobuf@v3.21.2-YDUqZL2TTSsy2lGtfuND/dist=es2019,mode=imports/optimized/google-protobuf.js:778:11)
    at Object.jspb.asserts.assert (https://cdn.skypack.dev/-/google-protobuf@v3.21.2-YDUqZL2TTSsy2lGtfuND/dist=es2019,mode=imports/optimized/google-protobuf.js:783:23)
    at jspb.BinaryReader.readInt32 (https://cdn.skypack.dev/-/google-protobuf@v3.21.2-YDUqZL2TTSsy2lGtfuND/dist=es2019,mode=imports/optimized/google-protobuf.js:4532:18)
    at Function.deserialize (file:///Users/thesayyn/Documents/thesayyn/protoc-gen-ts/target/debug/build/protoc_gen_ts-8cec2bec66276c47/out/test_conformance/test_messages_proto2.ts:214:52)
    at file:///Users/thesayyn/Documents/thesayyn/protoc-gen-ts/tests/conformance/bin/main.ts:30:78

  protobuf_test_messages.proto2.TestAllTypesProto2 1
  Error: Assertion failed
    at Object.jspb.asserts.doAssertFailure (https://cdn.skypack.dev/-/google-protobuf@v3.21.2-YDUqZL2TTSsy2lGtfuND/dist=es2019,mode=imports/optimized/google-protobuf.js:778:11)
    at Object.jspb.asserts.assert (https://cdn.skypack.dev/-/google-protobuf@v3.21.2-YDUqZL2TTSsy2lGtfuND/dist=es2019,mode=imports/optimized/google-protobuf.js:783:23)
    at jspb.BinaryReader.readInt32 (https://cdn.skypack.dev/-/google-protobuf@v3.21.2-YDUqZL2TTSsy2lGtfuND/dist=es2019,mode=imports/optimized/google-protobuf.js:4532:18)
    at Function.deserialize (file:///Users/thesayyn/Documents/thesayyn/protoc-gen-ts/target/debug/build/protoc_gen_ts-8cec2bec66276c47/out/test_conformance/test_messages_proto2.ts:214:52)
    at file:///Users/thesayyn/Documents/thesayyn/protoc-gen-ts/tests/conformance/bin/main.ts:30:78

  protobuf_test_messages.proto2.TestAllTypesProto2 1
  Error: Assertion failed
    at Object.jspb.asserts.doAssertFailure (https://cdn.skypack.dev/-/google-protobuf@v3.21.2-YDUqZL2TTSsy2lGtfuND/dist=es2019,mode=imports/optimized/google-protobuf.js:778:11)
    at Object.jspb.asserts.assert (https://cdn.skypack.dev/-/google-protobuf@v3.21.2-YDUqZL2TTSsy2lGtfuND/dist=es2019,mode=imports/optimized/google-protobuf.js:783:23)
    at jspb.BinaryReader.readInt32 (https://cdn.skypack.dev/-/google-protobuf@v3.21.2-YDUqZL2TTSsy2lGtfuND/dist=es2019,mode=imports/optimized/google-protobuf.js:4532:18)
    at Function.deserialize (file:///Users/thesayyn/Documents/thesayyn/protoc-gen-ts/target/debug/build/protoc_gen_ts-8cec2bec66276c47/out/test_conformance/test_messages_proto2.ts:214:52)
    at file:///Users/thesayyn/Documents/thesayyn/protoc-gen-ts/tests/conformance/bin/main.ts:30:78

  protobuf_test_messages.proto3.TestAllTypesProto3 1
  Error: Assertion failed
    at Object.jspb.asserts.doAssertFailure (https://cdn.skypack.dev/-/google-protobuf@v3.21.2-YDUqZL2TTSsy2lGtfuND/dist=es2019,mode=imports/optimized/google-protobuf.js:778:11)
    at Object.jspb.asserts.assert (https://cdn.skypack.dev/-/google-protobuf@v3.21.2-YDUqZL2TTSsy2lGtfuND/dist=es2019,mode=imports/optimized/google-protobuf.js:783:23)
    at jspb.BinaryReader.readInt32 (https://cdn.skypack.dev/-/google-protobuf@v3.21.2-YDUqZL2TTSsy2lGtfuND/dist=es2019,mode=imports/optimized/google-protobuf.js:4532:18)
    at Function.deserialize (file:///Users/thesayyn/Documents/thesayyn/protoc-gen-ts/target/debug/build/protoc_gen_ts-8cec2bec66276c47/out/test_conformance/test_messages_proto3.ts:375:52)
    at file:///Users/thesayyn/Documents/thesayyn/protoc-gen-ts/tests/conformance/bin/main.ts:23:78

  protobuf_test_messages.proto2.TestAllTypesProto2 1
  Error: Assertion failed
    at Object.jspb.asserts.doAssertFailure (https://cdn.skypack.dev/-/google-protobuf@v3.21.2-YDUqZL2TTSsy2lGtfuND/dist=es2019,mode=imports/optimized/google-protobuf.js:778:11)
    at Object.jspb.asserts.assert (https://cdn.skypack.dev/-/google-protobuf@v3.21.2-YDUqZL2TTSsy2lGtfuND/dist=es2019,mode=imports/optimized/google-protobuf.js:783:23)
    at jspb.BinaryWriter.writeUint32 (https://cdn.skypack.dev/-/google-protobuf@v3.21.2-YDUqZL2TTSsy2lGtfuND/dist=es2019,mode=imports/optimized/google-protobuf.js:5227:32)
    at protobuf_test_messages_proto2_TestAllTypesProto2.serialize (file:///Users/thesayyn/Documents/thesayyn/protoc-gen-ts/target/debug/build/protoc_gen_ts-8cec2bec66276c47/out/test_conformance/test_messages_proto2.ts:884:20)
    at file:///Users/thesayyn/Documents/thesayyn/protoc-gen-ts/tests/conformance/bin/main.ts:31:44

  protobuf_test_messages.proto2.TestAllTypesProto2 1
  Error: Assertion failed
    at Object.jspb.asserts.doAssertFailure (https://cdn.skypack.dev/-/google-protobuf@v3.21.2-YDUqZL2TTSsy2lGtfuND/dist=es2019,mode=imports/optimized/google-protobuf.js:778:11)
    at Object.jspb.asserts.assert (https://cdn.skypack.dev/-/google-protobuf@v3.21.2-YDUqZL2TTSsy2lGtfuND/dist=es2019,mode=imports/optimized/google-protobuf.js:783:23)
    at jspb.BinaryWriter.writeUint32 (https://cdn.skypack.dev/-/google-protobuf@v3.21.2-YDUqZL2TTSsy2lGtfuND/dist=es2019,mode=imports/optimized/google-protobuf.js:5227:32)
    at protobuf_test_messages_proto2_TestAllTypesProto2.serialize (file:///Users/thesayyn/Documents/thesayyn/protoc-gen-ts/target/debug/build/protoc_gen_ts-8cec2bec66276c47/out/test_conformance/test_messages_proto2.ts:884:20)
    at file:///Users/thesayyn/Documents/thesayyn/protoc-gen-ts/tests/conformance/bin/main.ts:31:44

  protobuf_test_messages.proto2.TestAllTypesProto2 1
  Error: Assertion failed
    at Object.jspb.asserts.doAssertFailure (https://cdn.skypack.dev/-/google-protobuf@v3.21.2-YDUqZL2TTSsy2lGtfuND/dist=es2019,mode=imports/optimized/google-protobuf.js:778:11)
    at Object.jspb.asserts.assert (https://cdn.skypack.dev/-/google-protobuf@v3.21.2-YDUqZL2TTSsy2lGtfuND/dist=es2019,mode=imports/optimized/google-protobuf.js:783:23)
    at jspb.BinaryWriter.writeUint32 (https://cdn.skypack.dev/-/google-protobuf@v3.21.2-YDUqZL2TTSsy2lGtfuND/dist=es2019,mode=imports/optimized/google-protobuf.js:5227:32)
    at protobuf_test_messages_proto2_TestAllTypesProto2.serialize (file:///Users/thesayyn/Documents/thesayyn/protoc-gen-ts/target/debug/build/protoc_gen_ts-8cec2bec66276c47/out/test_conformance/test_messages_proto2.ts:997:20)
    at file:///Users/thesayyn/Documents/thesayyn/protoc-gen-ts/tests/conformance/bin/main.ts:31:44

  protobuf_test_messages.proto2.TestAllTypesProto2 1
  Error: Assertion failed
    at Object.jspb.asserts.doAssertFailure (https://cdn.skypack.dev/-/google-protobuf@v3.21.2-YDUqZL2TTSsy2lGtfuND/dist=es2019,mode=imports/optimized/google-protobuf.js:778:11)
    at Object.jspb.asserts.assert (https://cdn.skypack.dev/-/google-protobuf@v3.21.2-YDUqZL2TTSsy2lGtfuND/dist=es2019,mode=imports/optimized/google-protobuf.js:783:23)
    at jspb.BinaryReader.readUint32 (https://cdn.skypack.dev/-/google-protobuf@v3.21.2-YDUqZL2TTSsy2lGtfuND/dist=es2019,mode=imports/optimized/google-protobuf.js:4550:18)
    at Function.deserialize (file:///Users/thesayyn/Documents/thesayyn/protoc-gen-ts/target/debug/build/protoc_gen_ts-8cec2bec66276c47/out/test_conformance/test_messages_proto2.ts:220:53)
    at file:///Users/thesayyn/Documents/thesayyn/protoc-gen-ts/tests/conformance/bin/main.ts:30:78

  protobuf_test_messages.proto2.TestAllTypesProto2 1
  Error: Assertion failed
    at Object.jspb.asserts.doAssertFailure (https://cdn.skypack.dev/-/google-protobuf@v3.21.2-YDUqZL2TTSsy2lGtfuND/dist=es2019,mode=imports/optimized/google-protobuf.js:778:11)
    at Object.jspb.asserts.assert (https://cdn.skypack.dev/-/google-protobuf@v3.21.2-YDUqZL2TTSsy2lGtfuND/dist=es2019,mode=imports/optimized/google-protobuf.js:783:23)
    at jspb.BinaryWriter.writeUint32 (https://cdn.skypack.dev/-/google-protobuf@v3.21.2-YDUqZL2TTSsy2lGtfuND/dist=es2019,mode=imports/optimized/google-protobuf.js:5227:32)
    at protobuf_test_messages_proto2_TestAllTypesProto2.serialize (file:///Users/thesayyn/Documents/thesayyn/protoc-gen-ts/target/debug/build/protoc_gen_ts-8cec2bec66276c47/out/test_conformance/test_messages_proto2.ts:997:20)
    at file:///Users/thesayyn/Documents/thesayyn/protoc-gen-ts/tests/conformance/bin/main.ts:31:44

  protobuf_test_messages.proto2.TestAllTypesProto2 1
  Error: Assertion failed
    at Object.jspb.asserts.doAssertFailure (https://cdn.skypack.dev/-/google-protobuf@v3.21.2-YDUqZL2TTSsy2lGtfuND/dist=es2019,mode=imports/optimized/google-protobuf.js:778:11)
    at Object.jspb.asserts.assert (https://cdn.skypack.dev/-/google-protobuf@v3.21.2-YDUqZL2TTSsy2lGtfuND/dist=es2019,mode=imports/optimized/google-protobuf.js:783:23)
    at jspb.BinaryReader.readUint32 (https://cdn.skypack.dev/-/google-protobuf@v3.21.2-YDUqZL2TTSsy2lGtfuND/dist=es2019,mode=imports/optimized/google-protobuf.js:4550:18)
    at Function.deserialize (file:///Users/thesayyn/Documents/thesayyn/protoc-gen-ts/target/debug/build/protoc_gen_ts-8cec2bec66276c47/out/test_conformance/test_messages_proto2.ts:220:53)
    at file:///Users/thesayyn/Documents/thesayyn/protoc-gen-ts/tests/conformance/bin/main.ts:30:78

  protobuf_test_messages.proto2.TestAllTypesProto2 1
  Error: Assertion failed
    at Object.jspb.asserts.doAssertFailure (https://cdn.skypack.dev/-/google-protobuf@v3.21.2-YDUqZL2TTSsy2lGtfuND/dist=es2019,mode=imports/optimized/google-protobuf.js:778:11)
    at Object.jspb.asserts.assert (https://cdn.skypack.dev/-/google-protobuf@v3.21.2-YDUqZL2TTSsy2lGtfuND/dist=es2019,mode=imports/optimized/google-protobuf.js:783:23)
    at jspb.BinaryEncoder.writeUnsignedVarint32 (https://cdn.skypack.dev/-/google-protobuf@v3.21.2-YDUqZL2TTSsy2lGtfuND/dist=es2019,mode=imports/optimized/google-protobuf.js:4791:23)
    at jspb.BinaryWriter.writePackedUint32 (https://cdn.skypack.dev/-/google-protobuf@v3.21.2-YDUqZL2TTSsy2lGtfuND/dist=es2019,mode=imports/optimized/google-protobuf.js:5575:23)
    at protobuf_test_messages_proto2_TestAllTypesProto2.serialize (file:///Users/thesayyn/Documents/thesayyn/protoc-gen-ts/target/debug/build/protoc_gen_ts-8cec2bec66276c47/out/test_conformance/test_messages_proto2.ts:1104:20)
    at file:///Users/thesayyn/Documents/thesayyn/protoc-gen-ts/tests/conformance/bin/main.ts:31:44

  protobuf_test_messages.proto2.TestAllTypesProto2 1
  Error: Assertion failed
    at Object.jspb.asserts.doAssertFailure (https://cdn.skypack.dev/-/google-protobuf@v3.21.2-YDUqZL2TTSsy2lGtfuND/dist=es2019,mode=imports/optimized/google-protobuf.js:778:11)
    at Object.jspb.asserts.assert (https://cdn.skypack.dev/-/google-protobuf@v3.21.2-YDUqZL2TTSsy2lGtfuND/dist=es2019,mode=imports/optimized/google-protobuf.js:783:23)
    at jspb.BinaryEncoder.writeUnsignedVarint32 (https://cdn.skypack.dev/-/google-protobuf@v3.21.2-YDUqZL2TTSsy2lGtfuND/dist=es2019,mode=imports/optimized/google-protobuf.js:4791:23)
    at jspb.BinaryWriter.writePackedUint32 (https://cdn.skypack.dev/-/google-protobuf@v3.21.2-YDUqZL2TTSsy2lGtfuND/dist=es2019,mode=imports/optimized/google-protobuf.js:5575:23)
    at protobuf_test_messages_proto2_TestAllTypesProto2.serialize (file:///Users/thesayyn/Documents/thesayyn/protoc-gen-ts/target/debug/build/protoc_gen_ts-8cec2bec66276c47/out/test_conformance/test_messages_proto2.ts:1104:20)
    at file:///Users/thesayyn/Documents/thesayyn/protoc-gen-ts/tests/conformance/bin/main.ts:31:44

  protobuf_test_messages.proto2.TestAllTypesProto2 1
  Error: Assertion failed
    at Object.jspb.asserts.doAssertFailure (https://cdn.skypack.dev/-/google-protobuf@v3.21.2-YDUqZL2TTSsy2lGtfuND/dist=es2019,mode=imports/optimized/google-protobuf.js:778:11)
    at Object.jspb.asserts.assert (https://cdn.skypack.dev/-/google-protobuf@v3.21.2-YDUqZL2TTSsy2lGtfuND/dist=es2019,mode=imports/optimized/google-protobuf.js:783:23)
    at jspb.BinaryWriter.writeUint32 (https://cdn.skypack.dev/-/google-protobuf@v3.21.2-YDUqZL2TTSsy2lGtfuND/dist=es2019,mode=imports/optimized/google-protobuf.js:5227:32)
    at protobuf_test_messages_proto2_TestAllTypesProto2.serialize (file:///Users/thesayyn/Documents/thesayyn/protoc-gen-ts/target/debug/build/protoc_gen_ts-8cec2bec66276c47/out/test_conformance/test_messages_proto2.ts:997:20)
    at file:///Users/thesayyn/Documents/thesayyn/protoc-gen-ts/tests/conformance/bin/main.ts:31:44

  protobuf_test_messages.proto2.TestAllTypesProto2 1
  Error: Assertion failed
    at Object.jspb.asserts.doAssertFailure (https://cdn.skypack.dev/-/google-protobuf@v3.21.2-YDUqZL2TTSsy2lGtfuND/dist=es2019,mode=imports/optimized/google-protobuf.js:778:11)
    at Object.jspb.asserts.assert (https://cdn.skypack.dev/-/google-protobuf@v3.21.2-YDUqZL2TTSsy2lGtfuND/dist=es2019,mode=imports/optimized/google-protobuf.js:783:23)
    at jspb.BinaryReader.readUint32 (https://cdn.skypack.dev/-/google-protobuf@v3.21.2-YDUqZL2TTSsy2lGtfuND/dist=es2019,mode=imports/optimized/google-protobuf.js:4550:18)
    at Function.deserialize (file:///Users/thesayyn/Documents/thesayyn/protoc-gen-ts/target/debug/build/protoc_gen_ts-8cec2bec66276c47/out/test_conformance/test_messages_proto2.ts:220:53)
    at file:///Users/thesayyn/Documents/thesayyn/protoc-gen-ts/tests/conformance/bin/main.ts:30:78

  protobuf_test_messages.proto3.TestAllTypesProto3 1
  Error: Assertion failed
    at Object.jspb.asserts.doAssertFailure (https://cdn.skypack.dev/-/google-protobuf@v3.21.2-YDUqZL2TTSsy2lGtfuND/dist=es2019,mode=imports/optimized/google-protobuf.js:778:11)
    at Object.jspb.asserts.assert (https://cdn.skypack.dev/-/google-protobuf@v3.21.2-YDUqZL2TTSsy2lGtfuND/dist=es2019,mode=imports/optimized/google-protobuf.js:783:23)
    at jspb.BinaryWriter.writeUint32 (https://cdn.skypack.dev/-/google-protobuf@v3.21.2-YDUqZL2TTSsy2lGtfuND/dist=es2019,mode=imports/optimized/google-protobuf.js:5227:32)
    at protobuf_test_messages_proto3_TestAllTypesProto3.serialize (file:///Users/thesayyn/Documents/thesayyn/protoc-gen-ts/target/debug/build/protoc_gen_ts-8cec2bec66276c47/out/test_conformance/test_messages_proto3.ts:977:20)
    at file:///Users/thesayyn/Documents/thesayyn/protoc-gen-ts/tests/conformance/bin/main.ts:24:44

  protobuf_test_messages.proto3.TestAllTypesProto3 1
  Error: Assertion failed
    at Object.jspb.asserts.doAssertFailure (https://cdn.skypack.dev/-/google-protobuf@v3.21.2-YDUqZL2TTSsy2lGtfuND/dist=es2019,mode=imports/optimized/google-protobuf.js:778:11)
    at Object.jspb.asserts.assert (https://cdn.skypack.dev/-/google-protobuf@v3.21.2-YDUqZL2TTSsy2lGtfuND/dist=es2019,mode=imports/optimized/google-protobuf.js:783:23)
    at jspb.BinaryWriter.writeUint32 (https://cdn.skypack.dev/-/google-protobuf@v3.21.2-YDUqZL2TTSsy2lGtfuND/dist=es2019,mode=imports/optimized/google-protobuf.js:5227:32)
    at protobuf_test_messages_proto3_TestAllTypesProto3.serialize (file:///Users/thesayyn/Documents/thesayyn/protoc-gen-ts/target/debug/build/protoc_gen_ts-8cec2bec66276c47/out/test_conformance/test_messages_proto3.ts:977:20)
    at file:///Users/thesayyn/Documents/thesayyn/protoc-gen-ts/tests/conformance/bin/main.ts:24:44

  protobuf_test_messages.proto3.TestAllTypesProto3 1
  Error: Assertion failed
    at Object.jspb.asserts.doAssertFailure (https://cdn.skypack.dev/-/google-protobuf@v3.21.2-YDUqZL2TTSsy2lGtfuND/dist=es2019,mode=imports/optimized/google-protobuf.js:778:11)
    at Object.jspb.asserts.assert (https://cdn.skypack.dev/-/google-protobuf@v3.21.2-YDUqZL2TTSsy2lGtfuND/dist=es2019,mode=imports/optimized/google-protobuf.js:783:23)
    at jspb.BinaryEncoder.writeUnsignedVarint32 (https://cdn.skypack.dev/-/google-protobuf@v3.21.2-YDUqZL2TTSsy2lGtfuND/dist=es2019,mode=imports/optimized/google-protobuf.js:4791:23)
    at jspb.BinaryWriter.writePackedUint32 (https://cdn.skypack.dev/-/google-protobuf@v3.21.2-YDUqZL2TTSsy2lGtfuND/dist=es2019,mode=imports/optimized/google-protobuf.js:5575:23)
    at protobuf_test_messages_proto3_TestAllTypesProto3.serialize (file:///Users/thesayyn/Documents/thesayyn/protoc-gen-ts/target/debug/build/protoc_gen_ts-8cec2bec66276c47/out/test_conformance/test_messages_proto3.ts:1095:20)
    at file:///Users/thesayyn/Documents/thesayyn/protoc-gen-ts/tests/conformance/bin/main.ts:24:44

  protobuf_test_messages.proto3.TestAllTypesProto3 1
  Error: Assertion failed
    at Object.jspb.asserts.doAssertFailure (https://cdn.skypack.dev/-/google-protobuf@v3.21.2-YDUqZL2TTSsy2lGtfuND/dist=es2019,mode=imports/optimized/google-protobuf.js:778:11)
    at Object.jspb.asserts.assert (https://cdn.skypack.dev/-/google-protobuf@v3.21.2-YDUqZL2TTSsy2lGtfuND/dist=es2019,mode=imports/optimized/google-protobuf.js:783:23)
    at jspb.BinaryEncoder.writeUnsignedVarint32 (https://cdn.skypack.dev/-/google-protobuf@v3.21.2-YDUqZL2TTSsy2lGtfuND/dist=es2019,mode=imports/optimized/google-protobuf.js:4791:23)
    at jspb.BinaryWriter.writePackedUint32 (https://cdn.skypack.dev/-/google-protobuf@v3.21.2-YDUqZL2TTSsy2lGtfuND/dist=es2019,mode=imports/optimized/google-protobuf.js:5575:23)
    at protobuf_test_messages_proto3_TestAllTypesProto3.serialize (file:///Users/thesayyn/Documents/thesayyn/protoc-gen-ts/target/debug/build/protoc_gen_ts-8cec2bec66276c47/out/test_conformance/test_messages_proto3.ts:1095:20)
    at file:///Users/thesayyn/Documents/thesayyn/protoc-gen-ts/tests/conformance/bin/main.ts:24:44

  protobuf_test_messages.proto3.TestAllTypesProto3 1
  Error: Assertion failed
    at Object.jspb.asserts.doAssertFailure (https://cdn.skypack.dev/-/google-protobuf@v3.21.2-YDUqZL2TTSsy2lGtfuND/dist=es2019,mode=imports/optimized/google-protobuf.js:778:11)
    at Object.jspb.asserts.assert (https://cdn.skypack.dev/-/google-protobuf@v3.21.2-YDUqZL2TTSsy2lGtfuND/dist=es2019,mode=imports/optimized/google-protobuf.js:783:23)
    at jspb.BinaryEncoder.writeUnsignedVarint32 (https://cdn.skypack.dev/-/google-protobuf@v3.21.2-YDUqZL2TTSsy2lGtfuND/dist=es2019,mode=imports/optimized/google-protobuf.js:4791:23)
    at jspb.BinaryWriter.writePackedUint32 (https://cdn.skypack.dev/-/google-protobuf@v3.21.2-YDUqZL2TTSsy2lGtfuND/dist=es2019,mode=imports/optimized/google-protobuf.js:5575:23)
    at protobuf_test_messages_proto3_TestAllTypesProto3.serialize (file:///Users/thesayyn/Documents/thesayyn/protoc-gen-ts/target/debug/build/protoc_gen_ts-8cec2bec66276c47/out/test_conformance/test_messages_proto3.ts:1095:20)
    at file:///Users/thesayyn/Documents/thesayyn/protoc-gen-ts/tests/conformance/bin/main.ts:24:44

  protobuf_test_messages.proto3.TestAllTypesProto3 1
  Error: Assertion failed
    at Object.jspb.asserts.doAssertFailure (https://cdn.skypack.dev/-/google-protobuf@v3.21.2-YDUqZL2TTSsy2lGtfuND/dist=es2019,mode=imports/optimized/google-protobuf.js:778:11)
    at Object.jspb.asserts.assert (https://cdn.skypack.dev/-/google-protobuf@v3.21.2-YDUqZL2TTSsy2lGtfuND/dist=es2019,mode=imports/optimized/google-protobuf.js:783:23)
    at jspb.BinaryEncoder.writeUnsignedVarint32 (https://cdn.skypack.dev/-/google-protobuf@v3.21.2-YDUqZL2TTSsy2lGtfuND/dist=es2019,mode=imports/optimized/google-protobuf.js:4791:23)
    at jspb.BinaryWriter.writePackedUint32 (https://cdn.skypack.dev/-/google-protobuf@v3.21.2-YDUqZL2TTSsy2lGtfuND/dist=es2019,mode=imports/optimized/google-protobuf.js:5575:23)
    at protobuf_test_messages_proto3_TestAllTypesProto3.serialize (file:///Users/thesayyn/Documents/thesayyn/protoc-gen-ts/target/debug/build/protoc_gen_ts-8cec2bec66276c47/out/test_conformance/test_messages_proto3.ts:1095:20)
    at file:///Users/thesayyn/Documents/thesayyn/protoc-gen-ts/tests/conformance/bin/main.ts:24:44

  protobuf_test_messages.proto3.TestAllTypesProto3 1
  Error: Assertion failed
    at Object.jspb.asserts.doAssertFailure (https://cdn.skypack.dev/-/google-protobuf@v3.21.2-YDUqZL2TTSsy2lGtfuND/dist=es2019,mode=imports/optimized/google-protobuf.js:778:11)
    at Object.jspb.asserts.assert (https://cdn.skypack.dev/-/google-protobuf@v3.21.2-YDUqZL2TTSsy2lGtfuND/dist=es2019,mode=imports/optimized/google-protobuf.js:783:23)
    at jspb.BinaryEncoder.writeUnsignedVarint32 (https://cdn.skypack.dev/-/google-protobuf@v3.21.2-YDUqZL2TTSsy2lGtfuND/dist=es2019,mode=imports/optimized/google-protobuf.js:4791:23)
    at jspb.BinaryWriter.writePackedUint32 (https://cdn.skypack.dev/-/google-protobuf@v3.21.2-YDUqZL2TTSsy2lGtfuND/dist=es2019,mode=imports/optimized/google-protobuf.js:5575:23)
    at protobuf_test_messages_proto3_TestAllTypesProto3.serialize (file:///Users/thesayyn/Documents/thesayyn/protoc-gen-ts/target/debug/build/protoc_gen_ts-8cec2bec66276c47/out/test_conformance/test_messages_proto3.ts:1095:20)
    at file:///Users/thesayyn/Documents/thesayyn/protoc-gen-ts/tests/conformance/bin/main.ts:24:44

  protobuf_test_messages.proto3.TestAllTypesProto3 1
  Error: Assertion failed
    at Object.jspb.asserts.doAssertFailure (https://cdn.skypack.dev/-/google-protobuf@v3.21.2-YDUqZL2TTSsy2lGtfuND/dist=es2019,mode=imports/optimized/google-protobuf.js:778:11)
    at Object.jspb.asserts.assert (https://cdn.skypack.dev/-/google-protobuf@v3.21.2-YDUqZL2TTSsy2lGtfuND/dist=es2019,mode=imports/optimized/google-protobuf.js:783:23)
    at jspb.BinaryEncoder.writeUnsignedVarint32 (https://cdn.skypack.dev/-/google-protobuf@v3.21.2-YDUqZL2TTSsy2lGtfuND/dist=es2019,mode=imports/optimized/google-protobuf.js:4791:23)
    at jspb.BinaryWriter.writePackedUint32 (https://cdn.skypack.dev/-/google-protobuf@v3.21.2-YDUqZL2TTSsy2lGtfuND/dist=es2019,mode=imports/optimized/google-protobuf.js:5575:23)
    at protobuf_test_messages_proto3_TestAllTypesProto3.serialize (file:///Users/thesayyn/Documents/thesayyn/protoc-gen-ts/target/debug/build/protoc_gen_ts-8cec2bec66276c47/out/test_conformance/test_messages_proto3.ts:1095:20)
    at file:///Users/thesayyn/Documents/thesayyn/protoc-gen-ts/tests/conformance/bin/main.ts:24:44

  protobuf_test_messages.proto3.TestAllTypesProto3 1
  Error: Assertion failed
    at Object.jspb.asserts.doAssertFailure (https://cdn.skypack.dev/-/google-protobuf@v3.21.2-YDUqZL2TTSsy2lGtfuND/dist=es2019,mode=imports/optimized/google-protobuf.js:778:11)
    at Object.jspb.asserts.assert (https://cdn.skypack.dev/-/google-protobuf@v3.21.2-YDUqZL2TTSsy2lGtfuND/dist=es2019,mode=imports/optimized/google-protobuf.js:783:23)
    at jspb.BinaryWriter.writeUint32 (https://cdn.skypack.dev/-/google-protobuf@v3.21.2-YDUqZL2TTSsy2lGtfuND/dist=es2019,mode=imports/optimized/google-protobuf.js:5227:32)
    at protobuf_test_messages_proto3_TestAllTypesProto3.serialize (file:///Users/thesayyn/Documents/thesayyn/protoc-gen-ts/target/debug/build/protoc_gen_ts-8cec2bec66276c47/out/test_conformance/test_messages_proto3.ts:1272:20)
    at file:///Users/thesayyn/Documents/thesayyn/protoc-gen-ts/tests/conformance/bin/main.ts:24:44

  protobuf_test_messages.proto3.TestAllTypesProto3 1
  Error: Assertion failed
    at Object.jspb.asserts.doAssertFailure (https://cdn.skypack.dev/-/google-protobuf@v3.21.2-YDUqZL2TTSsy2lGtfuND/dist=es2019,mode=imports/optimized/google-protobuf.js:778:11)
    at Object.jspb.asserts.assert (https://cdn.skypack.dev/-/google-protobuf@v3.21.2-YDUqZL2TTSsy2lGtfuND/dist=es2019,mode=imports/optimized/google-protobuf.js:783:23)
    at jspb.BinaryReader.readUint32 (https://cdn.skypack.dev/-/google-protobuf@v3.21.2-YDUqZL2TTSsy2lGtfuND/dist=es2019,mode=imports/optimized/google-protobuf.js:4550:18)
    at Function.deserialize (file:///Users/thesayyn/Documents/thesayyn/protoc-gen-ts/target/debug/build/protoc_gen_ts-8cec2bec66276c47/out/test_conformance/test_messages_proto3.ts:381:53)
    at file:///Users/thesayyn/Documents/thesayyn/protoc-gen-ts/tests/conformance/bin/main.ts:23:78

  protobuf_test_messages.proto2.TestAllTypesProto2 1
  Error: Assertion failed
    at Object.jspb.asserts.doAssertFailure (https://cdn.skypack.dev/-/google-protobuf@v3.21.2-YDUqZL2TTSsy2lGtfuND/dist=es2019,mode=imports/optimized/google-protobuf.js:778:11)
    at Object.jspb.asserts.assert (https://cdn.skypack.dev/-/google-protobuf@v3.21.2-YDUqZL2TTSsy2lGtfuND/dist=es2019,mode=imports/optimized/google-protobuf.js:783:23)
    at jspb.BinaryWriter.writeFixed64 (https://cdn.skypack.dev/-/google-protobuf@v3.21.2-YDUqZL2TTSsy2lGtfuND/dist=es2019,mode=imports/optimized/google-protobuf.js:5259:32)
    at protobuf_test_messages_proto2_TestAllTypesProto2.serialize (file:///Users/thesayyn/Documents/thesayyn/protoc-gen-ts/target/debug/build/protoc_gen_ts-8cec2bec66276c47/out/test_conformance/test_messages_proto2.ts:909:20)
    at file:///Users/thesayyn/Documents/thesayyn/protoc-gen-ts/tests/conformance/bin/main.ts:31:44

  protobuf_test_messages.proto2.TestAllTypesProto2 1
  Error: Assertion failed
    at Object.jspb.asserts.doAssertFailure (https://cdn.skypack.dev/-/google-protobuf@v3.21.2-YDUqZL2TTSsy2lGtfuND/dist=es2019,mode=imports/optimized/google-protobuf.js:778:11)
    at Object.jspb.asserts.assert (https://cdn.skypack.dev/-/google-protobuf@v3.21.2-YDUqZL2TTSsy2lGtfuND/dist=es2019,mode=imports/optimized/google-protobuf.js:783:23)
    at jspb.BinaryWriter.writeFixed64 (https://cdn.skypack.dev/-/google-protobuf@v3.21.2-YDUqZL2TTSsy2lGtfuND/dist=es2019,mode=imports/optimized/google-protobuf.js:5259:32)
    at protobuf_test_messages_proto2_TestAllTypesProto2.serialize (file:///Users/thesayyn/Documents/thesayyn/protoc-gen-ts/target/debug/build/protoc_gen_ts-8cec2bec66276c47/out/test_conformance/test_messages_proto2.ts:909:20)
    at file:///Users/thesayyn/Documents/thesayyn/protoc-gen-ts/tests/conformance/bin/main.ts:31:44

  protobuf_test_messages.proto2.TestAllTypesProto2 1
  Error: Assertion failed
    at Object.jspb.asserts.doAssertFailure (https://cdn.skypack.dev/-/google-protobuf@v3.21.2-YDUqZL2TTSsy2lGtfuND/dist=es2019,mode=imports/optimized/google-protobuf.js:778:11)
    at Object.jspb.asserts.assert (https://cdn.skypack.dev/-/google-protobuf@v3.21.2-YDUqZL2TTSsy2lGtfuND/dist=es2019,mode=imports/optimized/google-protobuf.js:783:23)
    at jspb.BinaryWriter.writeFixed64 (https://cdn.skypack.dev/-/google-protobuf@v3.21.2-YDUqZL2TTSsy2lGtfuND/dist=es2019,mode=imports/optimized/google-protobuf.js:5259:32)
    at protobuf_test_messages_proto2_TestAllTypesProto2.serialize (file:///Users/thesayyn/Documents/thesayyn/protoc-gen-ts/target/debug/build/protoc_gen_ts-8cec2bec66276c47/out/test_conformance/test_messages_proto2.ts:909:20)
    at file:///Users/thesayyn/Documents/thesayyn/protoc-gen-ts/tests/conformance/bin/main.ts:31:44

  protobuf_test_messages.proto2.TestAllTypesProto2 1
  Error: Assertion failed
    at Object.jspb.asserts.doAssertFailure (https://cdn.skypack.dev/-/google-protobuf@v3.21.2-YDUqZL2TTSsy2lGtfuND/dist=es2019,mode=imports/optimized/google-protobuf.js:778:11)
    at Object.jspb.asserts.assert (https://cdn.skypack.dev/-/google-protobuf@v3.21.2-YDUqZL2TTSsy2lGtfuND/dist=es2019,mode=imports/optimized/google-protobuf.js:783:23)
    at jspb.BinaryWriter.writeFixed64 (https://cdn.skypack.dev/-/google-protobuf@v3.21.2-YDUqZL2TTSsy2lGtfuND/dist=es2019,mode=imports/optimized/google-protobuf.js:5259:32)
    at protobuf_test_messages_proto2_TestAllTypesProto2.serialize (file:///Users/thesayyn/Documents/thesayyn/protoc-gen-ts/target/debug/build/protoc_gen_ts-8cec2bec66276c47/out/test_conformance/test_messages_proto2.ts:1022:20)
    at file:///Users/thesayyn/Documents/thesayyn/protoc-gen-ts/tests/conformance/bin/main.ts:31:44

  protobuf_test_messages.proto2.TestAllTypesProto2 1
  Error: Assertion failed
    at Object.jspb.asserts.doAssertFailure (https://cdn.skypack.dev/-/google-protobuf@v3.21.2-YDUqZL2TTSsy2lGtfuND/dist=es2019,mode=imports/optimized/google-protobuf.js:778:11)
    at Object.jspb.asserts.assert (https://cdn.skypack.dev/-/google-protobuf@v3.21.2-YDUqZL2TTSsy2lGtfuND/dist=es2019,mode=imports/optimized/google-protobuf.js:783:23)
    at jspb.BinaryReader.readFixed64 (https://cdn.skypack.dev/-/google-protobuf@v3.21.2-YDUqZL2TTSsy2lGtfuND/dist=es2019,mode=imports/optimized/google-protobuf.js:4587:18)
    at Function.deserialize (file:///Users/thesayyn/Documents/thesayyn/protoc-gen-ts/target/debug/build/protoc_gen_ts-8cec2bec66276c47/out/test_conformance/test_messages_proto2.ts:235:54)
    at file:///Users/thesayyn/Documents/thesayyn/protoc-gen-ts/tests/conformance/bin/main.ts:30:78

  protobuf_test_messages.proto2.TestAllTypesProto2 1
  Error: Assertion failed
    at Object.jspb.asserts.doAssertFailure (https://cdn.skypack.dev/-/google-protobuf@v3.21.2-YDUqZL2TTSsy2lGtfuND/dist=es2019,mode=imports/optimized/google-protobuf.js:778:11)
    at Object.jspb.asserts.assert (https://cdn.skypack.dev/-/google-protobuf@v3.21.2-YDUqZL2TTSsy2lGtfuND/dist=es2019,mode=imports/optimized/google-protobuf.js:783:23)
    at jspb.BinaryWriter.writeFixed64 (https://cdn.skypack.dev/-/google-protobuf@v3.21.2-YDUqZL2TTSsy2lGtfuND/dist=es2019,mode=imports/optimized/google-protobuf.js:5259:32)
    at protobuf_test_messages_proto2_TestAllTypesProto2.serialize (file:///Users/thesayyn/Documents/thesayyn/protoc-gen-ts/target/debug/build/protoc_gen_ts-8cec2bec66276c47/out/test_conformance/test_messages_proto2.ts:1022:20)
    at file:///Users/thesayyn/Documents/thesayyn/protoc-gen-ts/tests/conformance/bin/main.ts:31:44

  protobuf_test_messages.proto2.TestAllTypesProto2 1
  Error: Assertion failed
    at Object.jspb.asserts.doAssertFailure (https://cdn.skypack.dev/-/google-protobuf@v3.21.2-YDUqZL2TTSsy2lGtfuND/dist=es2019,mode=imports/optimized/google-protobuf.js:778:11)
    at Object.jspb.asserts.assert (https://cdn.skypack.dev/-/google-protobuf@v3.21.2-YDUqZL2TTSsy2lGtfuND/dist=es2019,mode=imports/optimized/google-protobuf.js:783:23)
    at jspb.BinaryReader.readFixed64 (https://cdn.skypack.dev/-/google-protobuf@v3.21.2-YDUqZL2TTSsy2lGtfuND/dist=es2019,mode=imports/optimized/google-protobuf.js:4587:18)
    at Function.deserialize (file:///Users/thesayyn/Documents/thesayyn/protoc-gen-ts/target/debug/build/protoc_gen_ts-8cec2bec66276c47/out/test_conformance/test_messages_proto2.ts:235:54)
    at file:///Users/thesayyn/Documents/thesayyn/protoc-gen-ts/tests/conformance/bin/main.ts:30:78

  protobuf_test_messages.proto2.TestAllTypesProto2 1
  Error: Assertion failed
    at Object.jspb.asserts.doAssertFailure (https://cdn.skypack.dev/-/google-protobuf@v3.21.2-YDUqZL2TTSsy2lGtfuND/dist=es2019,mode=imports/optimized/google-protobuf.js:778:11)
    at Object.jspb.asserts.assert (https://cdn.skypack.dev/-/google-protobuf@v3.21.2-YDUqZL2TTSsy2lGtfuND/dist=es2019,mode=imports/optimized/google-protobuf.js:783:23)
    at jspb.BinaryEncoder.writeUint64 (https://cdn.skypack.dev/-/google-protobuf@v3.21.2-YDUqZL2TTSsy2lGtfuND/dist=es2019,mode=imports/optimized/google-protobuf.js:4860:18)
    at jspb.BinaryWriter.writePackedFixed64 (https://cdn.skypack.dev/-/google-protobuf@v3.21.2-YDUqZL2TTSsy2lGtfuND/dist=es2019,mode=imports/optimized/google-protobuf.js:5650:23)
    at protobuf_test_messages_proto2_TestAllTypesProto2.serialize (file:///Users/thesayyn/Documents/thesayyn/protoc-gen-ts/target/debug/build/protoc_gen_ts-8cec2bec66276c47/out/test_conformance/test_messages_proto2.ts:1129:20)
    at file:///Users/thesayyn/Documents/thesayyn/protoc-gen-ts/tests/conformance/bin/main.ts:31:44

  protobuf_test_messages.proto2.TestAllTypesProto2 1
  Error: Assertion failed
    at Object.jspb.asserts.doAssertFailure (https://cdn.skypack.dev/-/google-protobuf@v3.21.2-YDUqZL2TTSsy2lGtfuND/dist=es2019,mode=imports/optimized/google-protobuf.js:778:11)
    at Object.jspb.asserts.assert (https://cdn.skypack.dev/-/google-protobuf@v3.21.2-YDUqZL2TTSsy2lGtfuND/dist=es2019,mode=imports/optimized/google-protobuf.js:783:23)
    at jspb.BinaryEncoder.writeUint64 (https://cdn.skypack.dev/-/google-protobuf@v3.21.2-YDUqZL2TTSsy2lGtfuND/dist=es2019,mode=imports/optimized/google-protobuf.js:4860:18)
    at jspb.BinaryWriter.writePackedFixed64 (https://cdn.skypack.dev/-/google-protobuf@v3.21.2-YDUqZL2TTSsy2lGtfuND/dist=es2019,mode=imports/optimized/google-protobuf.js:5650:23)
    at protobuf_test_messages_proto2_TestAllTypesProto2.serialize (file:///Users/thesayyn/Documents/thesayyn/protoc-gen-ts/target/debug/build/protoc_gen_ts-8cec2bec66276c47/out/test_conformance/test_messages_proto2.ts:1129:20)
    at file:///Users/thesayyn/Documents/thesayyn/protoc-gen-ts/tests/conformance/bin/main.ts:31:44

  protobuf_test_messages.proto2.TestAllTypesProto2 1
  Error: Assertion failed
    at Object.jspb.asserts.doAssertFailure (https://cdn.skypack.dev/-/google-protobuf@v3.21.2-YDUqZL2TTSsy2lGtfuND/dist=es2019,mode=imports/optimized/google-protobuf.js:778:11)
    at Object.jspb.asserts.assert (https://cdn.skypack.dev/-/google-protobuf@v3.21.2-YDUqZL2TTSsy2lGtfuND/dist=es2019,mode=imports/optimized/google-protobuf.js:783:23)
    at jspb.BinaryWriter.writeFixed64 (https://cdn.skypack.dev/-/google-protobuf@v3.21.2-YDUqZL2TTSsy2lGtfuND/dist=es2019,mode=imports/optimized/google-protobuf.js:5259:32)
    at protobuf_test_messages_proto2_TestAllTypesProto2.serialize (file:///Users/thesayyn/Documents/thesayyn/protoc-gen-ts/target/debug/build/protoc_gen_ts-8cec2bec66276c47/out/test_conformance/test_messages_proto2.ts:1022:20)
    at file:///Users/thesayyn/Documents/thesayyn/protoc-gen-ts/tests/conformance/bin/main.ts:31:44

  protobuf_test_messages.proto2.TestAllTypesProto2 1
  Error: Assertion failed
    at Object.jspb.asserts.doAssertFailure (https://cdn.skypack.dev/-/google-protobuf@v3.21.2-YDUqZL2TTSsy2lGtfuND/dist=es2019,mode=imports/optimized/google-protobuf.js:778:11)
    at Object.jspb.asserts.assert (https://cdn.skypack.dev/-/google-protobuf@v3.21.2-YDUqZL2TTSsy2lGtfuND/dist=es2019,mode=imports/optimized/google-protobuf.js:783:23)
    at jspb.BinaryReader.readFixed64 (https://cdn.skypack.dev/-/google-protobuf@v3.21.2-YDUqZL2TTSsy2lGtfuND/dist=es2019,mode=imports/optimized/google-protobuf.js:4587:18)
    at Function.deserialize (file:///Users/thesayyn/Documents/thesayyn/protoc-gen-ts/target/debug/build/protoc_gen_ts-8cec2bec66276c47/out/test_conformance/test_messages_proto2.ts:235:54)
    at file:///Users/thesayyn/Documents/thesayyn/protoc-gen-ts/tests/conformance/bin/main.ts:30:78

  protobuf_test_messages.proto3.TestAllTypesProto3 1
  Error: Assertion failed
    at Object.jspb.asserts.doAssertFailure (https://cdn.skypack.dev/-/google-protobuf@v3.21.2-YDUqZL2TTSsy2lGtfuND/dist=es2019,mode=imports/optimized/google-protobuf.js:778:11)
    at Object.jspb.asserts.assert (https://cdn.skypack.dev/-/google-protobuf@v3.21.2-YDUqZL2TTSsy2lGtfuND/dist=es2019,mode=imports/optimized/google-protobuf.js:783:23)
    at jspb.BinaryWriter.writeFixed64 (https://cdn.skypack.dev/-/google-protobuf@v3.21.2-YDUqZL2TTSsy2lGtfuND/dist=es2019,mode=imports/optimized/google-protobuf.js:5259:32)
    at protobuf_test_messages_proto3_TestAllTypesProto3.serialize (file:///Users/thesayyn/Documents/thesayyn/protoc-gen-ts/target/debug/build/protoc_gen_ts-8cec2bec66276c47/out/test_conformance/test_messages_proto3.ts:1002:20)
    at file:///Users/thesayyn/Documents/thesayyn/protoc-gen-ts/tests/conformance/bin/main.ts:24:44

  protobuf_test_messages.proto3.TestAllTypesProto3 1
  Error: Assertion failed
    at Object.jspb.asserts.doAssertFailure (https://cdn.skypack.dev/-/google-protobuf@v3.21.2-YDUqZL2TTSsy2lGtfuND/dist=es2019,mode=imports/optimized/google-protobuf.js:778:11)
    at Object.jspb.asserts.assert (https://cdn.skypack.dev/-/google-protobuf@v3.21.2-YDUqZL2TTSsy2lGtfuND/dist=es2019,mode=imports/optimized/google-protobuf.js:783:23)
    at jspb.BinaryWriter.writeFixed64 (https://cdn.skypack.dev/-/google-protobuf@v3.21.2-YDUqZL2TTSsy2lGtfuND/dist=es2019,mode=imports/optimized/google-protobuf.js:5259:32)
    at protobuf_test_messages_proto3_TestAllTypesProto3.serialize (file:///Users/thesayyn/Documents/thesayyn/protoc-gen-ts/target/debug/build/protoc_gen_ts-8cec2bec66276c47/out/test_conformance/test_messages_proto3.ts:1002:20)
    at file:///Users/thesayyn/Documents/thesayyn/protoc-gen-ts/tests/conformance/bin/main.ts:24:44

  protobuf_test_messages.proto3.TestAllTypesProto3 1
  Error: Assertion failed
    at Object.jspb.asserts.doAssertFailure (https://cdn.skypack.dev/-/google-protobuf@v3.21.2-YDUqZL2TTSsy2lGtfuND/dist=es2019,mode=imports/optimized/google-protobuf.js:778:11)
    at Object.jspb.asserts.assert (https://cdn.skypack.dev/-/google-protobuf@v3.21.2-YDUqZL2TTSsy2lGtfuND/dist=es2019,mode=imports/optimized/google-protobuf.js:783:23)
    at jspb.BinaryWriter.writeFixed64 (https://cdn.skypack.dev/-/google-protobuf@v3.21.2-YDUqZL2TTSsy2lGtfuND/dist=es2019,mode=imports/optimized/google-protobuf.js:5259:32)
    at protobuf_test_messages_proto3_TestAllTypesProto3.serialize (file:///Users/thesayyn/Documents/thesayyn/protoc-gen-ts/target/debug/build/protoc_gen_ts-8cec2bec66276c47/out/test_conformance/test_messages_proto3.ts:1002:20)
    at file:///Users/thesayyn/Documents/thesayyn/protoc-gen-ts/tests/conformance/bin/main.ts:24:44

  protobuf_test_messages.proto3.TestAllTypesProto3 1
  Error: Assertion failed
    at Object.jspb.asserts.doAssertFailure (https://cdn.skypack.dev/-/google-protobuf@v3.21.2-YDUqZL2TTSsy2lGtfuND/dist=es2019,mode=imports/optimized/google-protobuf.js:778:11)
    at Object.jspb.asserts.assert (https://cdn.skypack.dev/-/google-protobuf@v3.21.2-YDUqZL2TTSsy2lGtfuND/dist=es2019,mode=imports/optimized/google-protobuf.js:783:23)
    at jspb.BinaryEncoder.writeUint64 (https://cdn.skypack.dev/-/google-protobuf@v3.21.2-YDUqZL2TTSsy2lGtfuND/dist=es2019,mode=imports/optimized/google-protobuf.js:4860:18)
    at jspb.BinaryWriter.writePackedFixed64 (https://cdn.skypack.dev/-/google-protobuf@v3.21.2-YDUqZL2TTSsy2lGtfuND/dist=es2019,mode=imports/optimized/google-protobuf.js:5650:23)
    at protobuf_test_messages_proto3_TestAllTypesProto3.serialize (file:///Users/thesayyn/Documents/thesayyn/protoc-gen-ts/target/debug/build/protoc_gen_ts-8cec2bec66276c47/out/test_conformance/test_messages_proto3.ts:1120:20)
    at file:///Users/thesayyn/Documents/thesayyn/protoc-gen-ts/tests/conformance/bin/main.ts:24:44

  protobuf_test_messages.proto3.TestAllTypesProto3 1
  Error: Assertion failed
    at Object.jspb.asserts.doAssertFailure (https://cdn.skypack.dev/-/google-protobuf@v3.21.2-YDUqZL2TTSsy2lGtfuND/dist=es2019,mode=imports/optimized/google-protobuf.js:778:11)
    at Object.jspb.asserts.assert (https://cdn.skypack.dev/-/google-protobuf@v3.21.2-YDUqZL2TTSsy2lGtfuND/dist=es2019,mode=imports/optimized/google-protobuf.js:783:23)
    at jspb.BinaryEncoder.writeUint64 (https://cdn.skypack.dev/-/google-protobuf@v3.21.2-YDUqZL2TTSsy2lGtfuND/dist=es2019,mode=imports/optimized/google-protobuf.js:4860:18)
    at jspb.BinaryWriter.writePackedFixed64 (https://cdn.skypack.dev/-/google-protobuf@v3.21.2-YDUqZL2TTSsy2lGtfuND/dist=es2019,mode=imports/optimized/google-protobuf.js:5650:23)
    at protobuf_test_messages_proto3_TestAllTypesProto3.serialize (file:///Users/thesayyn/Documents/thesayyn/protoc-gen-ts/target/debug/build/protoc_gen_ts-8cec2bec66276c47/out/test_conformance/test_messages_proto3.ts:1120:20)
    at file:///Users/thesayyn/Documents/thesayyn/protoc-gen-ts/tests/conformance/bin/main.ts:24:44

  protobuf_test_messages.proto3.TestAllTypesProto3 1
  Error: Assertion failed
    at Object.jspb.asserts.doAssertFailure (https://cdn.skypack.dev/-/google-protobuf@v3.21.2-YDUqZL2TTSsy2lGtfuND/dist=es2019,mode=imports/optimized/google-protobuf.js:778:11)
    at Object.jspb.asserts.assert (https://cdn.skypack.dev/-/google-protobuf@v3.21.2-YDUqZL2TTSsy2lGtfuND/dist=es2019,mode=imports/optimized/google-protobuf.js:783:23)
    at jspb.BinaryEncoder.writeUint64 (https://cdn.skypack.dev/-/google-protobuf@v3.21.2-YDUqZL2TTSsy2lGtfuND/dist=es2019,mode=imports/optimized/google-protobuf.js:4860:18)
    at jspb.BinaryWriter.writePackedFixed64 (https://cdn.skypack.dev/-/google-protobuf@v3.21.2-YDUqZL2TTSsy2lGtfuND/dist=es2019,mode=imports/optimized/google-protobuf.js:5650:23)
    at protobuf_test_messages_proto3_TestAllTypesProto3.serialize (file:///Users/thesayyn/Documents/thesayyn/protoc-gen-ts/target/debug/build/protoc_gen_ts-8cec2bec66276c47/out/test_conformance/test_messages_proto3.ts:1120:20)
    at file:///Users/thesayyn/Documents/thesayyn/protoc-gen-ts/tests/conformance/bin/main.ts:24:44

  protobuf_test_messages.proto3.TestAllTypesProto3 1
  Error: Assertion failed
    at Object.jspb.asserts.doAssertFailure (https://cdn.skypack.dev/-/google-protobuf@v3.21.2-YDUqZL2TTSsy2lGtfuND/dist=es2019,mode=imports/optimized/google-protobuf.js:778:11)
    at Object.jspb.asserts.assert (https://cdn.skypack.dev/-/google-protobuf@v3.21.2-YDUqZL2TTSsy2lGtfuND/dist=es2019,mode=imports/optimized/google-protobuf.js:783:23)
    at jspb.BinaryEncoder.writeUint64 (https://cdn.skypack.dev/-/google-protobuf@v3.21.2-YDUqZL2TTSsy2lGtfuND/dist=es2019,mode=imports/optimized/google-protobuf.js:4860:18)
    at jspb.BinaryWriter.writePackedFixed64 (https://cdn.skypack.dev/-/google-protobuf@v3.21.2-YDUqZL2TTSsy2lGtfuND/dist=es2019,mode=imports/optimized/google-protobuf.js:5650:23)
    at protobuf_test_messages_proto3_TestAllTypesProto3.serialize (file:///Users/thesayyn/Documents/thesayyn/protoc-gen-ts/target/debug/build/protoc_gen_ts-8cec2bec66276c47/out/test_conformance/test_messages_proto3.ts:1120:20)
    at file:///Users/thesayyn/Documents/thesayyn/protoc-gen-ts/tests/conformance/bin/main.ts:24:44

  protobuf_test_messages.proto3.TestAllTypesProto3 1
  Error: Assertion failed
    at Object.jspb.asserts.doAssertFailure (https://cdn.skypack.dev/-/google-protobuf@v3.21.2-YDUqZL2TTSsy2lGtfuND/dist=es2019,mode=imports/optimized/google-protobuf.js:778:11)
    at Object.jspb.asserts.assert (https://cdn.skypack.dev/-/google-protobuf@v3.21.2-YDUqZL2TTSsy2lGtfuND/dist=es2019,mode=imports/optimized/google-protobuf.js:783:23)
    at jspb.BinaryEncoder.writeUint64 (https://cdn.skypack.dev/-/google-protobuf@v3.21.2-YDUqZL2TTSsy2lGtfuND/dist=es2019,mode=imports/optimized/google-protobuf.js:4860:18)
    at jspb.BinaryWriter.writePackedFixed64 (https://cdn.skypack.dev/-/google-protobuf@v3.21.2-YDUqZL2TTSsy2lGtfuND/dist=es2019,mode=imports/optimized/google-protobuf.js:5650:23)
    at protobuf_test_messages_proto3_TestAllTypesProto3.serialize (file:///Users/thesayyn/Documents/thesayyn/protoc-gen-ts/target/debug/build/protoc_gen_ts-8cec2bec66276c47/out/test_conformance/test_messages_proto3.ts:1120:20)
    at file:///Users/thesayyn/Documents/thesayyn/protoc-gen-ts/tests/conformance/bin/main.ts:24:44

  protobuf_test_messages.proto3.TestAllTypesProto3 1
  Error: Assertion failed
    at Object.jspb.asserts.doAssertFailure (https://cdn.skypack.dev/-/google-protobuf@v3.21.2-YDUqZL2TTSsy2lGtfuND/dist=es2019,mode=imports/optimized/google-protobuf.js:778:11)
    at Object.jspb.asserts.assert (https://cdn.skypack.dev/-/google-protobuf@v3.21.2-YDUqZL2TTSsy2lGtfuND/dist=es2019,mode=imports/optimized/google-protobuf.js:783:23)
    at jspb.BinaryEncoder.writeUint64 (https://cdn.skypack.dev/-/google-protobuf@v3.21.2-YDUqZL2TTSsy2lGtfuND/dist=es2019,mode=imports/optimized/google-protobuf.js:4860:18)
    at jspb.BinaryWriter.writePackedFixed64 (https://cdn.skypack.dev/-/google-protobuf@v3.21.2-YDUqZL2TTSsy2lGtfuND/dist=es2019,mode=imports/optimized/google-protobuf.js:5650:23)
    at protobuf_test_messages_proto3_TestAllTypesProto3.serialize (file:///Users/thesayyn/Documents/thesayyn/protoc-gen-ts/target/debug/build/protoc_gen_ts-8cec2bec66276c47/out/test_conformance/test_messages_proto3.ts:1120:20)
    at file:///Users/thesayyn/Documents/thesayyn/protoc-gen-ts/tests/conformance/bin/main.ts:24:44

  protobuf_test_messages.proto3.TestAllTypesProto3 1
  Error: Assertion failed
    at Object.jspb.asserts.doAssertFailure (https://cdn.skypack.dev/-/google-protobuf@v3.21.2-YDUqZL2TTSsy2lGtfuND/dist=es2019,mode=imports/optimized/google-protobuf.js:778:11)
    at Object.jspb.asserts.assert (https://cdn.skypack.dev/-/google-protobuf@v3.21.2-YDUqZL2TTSsy2lGtfuND/dist=es2019,mode=imports/optimized/google-protobuf.js:783:23)
    at jspb.BinaryWriter.writeFixed64 (https://cdn.skypack.dev/-/google-protobuf@v3.21.2-YDUqZL2TTSsy2lGtfuND/dist=es2019,mode=imports/optimized/google-protobuf.js:5259:32)
    at protobuf_test_messages_proto3_TestAllTypesProto3.serialize (file:///Users/thesayyn/Documents/thesayyn/protoc-gen-ts/target/debug/build/protoc_gen_ts-8cec2bec66276c47/out/test_conformance/test_messages_proto3.ts:1297:20)
    at file:///Users/thesayyn/Documents/thesayyn/protoc-gen-ts/tests/conformance/bin/main.ts:24:44

  protobuf_test_messages.proto3.TestAllTypesProto3 1
  Error: Assertion failed
    at Object.jspb.asserts.doAssertFailure (https://cdn.skypack.dev/-/google-protobuf@v3.21.2-YDUqZL2TTSsy2lGtfuND/dist=es2019,mode=imports/optimized/google-protobuf.js:778:11)
    at Object.jspb.asserts.assert (https://cdn.skypack.dev/-/google-protobuf@v3.21.2-YDUqZL2TTSsy2lGtfuND/dist=es2019,mode=imports/optimized/google-protobuf.js:783:23)
    at jspb.BinaryReader.readFixed64 (https://cdn.skypack.dev/-/google-protobuf@v3.21.2-YDUqZL2TTSsy2lGtfuND/dist=es2019,mode=imports/optimized/google-protobuf.js:4587:18)
    at Function.deserialize (file:///Users/thesayyn/Documents/thesayyn/protoc-gen-ts/target/debug/build/protoc_gen_ts-8cec2bec66276c47/out/test_conformance/test_messages_proto3.ts:396:54)
    at file:///Users/thesayyn/Documents/thesayyn/protoc-gen-ts/tests/conformance/bin/main.ts:23:78

  protobuf_test_messages.proto2.TestAllTypesProto2 1
  Error: Assertion failed
    at Object.jspb.asserts.doAssertFailure (https://cdn.skypack.dev/-/google-protobuf@v3.21.2-YDUqZL2TTSsy2lGtfuND/dist=es2019,mode=imports/optimized/google-protobuf.js:778:11)
    at Object.jspb.asserts.assert (https://cdn.skypack.dev/-/google-protobuf@v3.21.2-YDUqZL2TTSsy2lGtfuND/dist=es2019,mode=imports/optimized/google-protobuf.js:783:23)
    at jspb.BinaryReader.readFixed32 (https://cdn.skypack.dev/-/google-protobuf@v3.21.2-YDUqZL2TTSsy2lGtfuND/dist=es2019,mode=imports/optimized/google-protobuf.js:4582:18)
    at Function.deserialize (file:///Users/thesayyn/Documents/thesayyn/protoc-gen-ts/target/debug/build/protoc_gen_ts-8cec2bec66276c47/out/test_conformance/test_messages_proto2.ts:232:54)
    at file:///Users/thesayyn/Documents/thesayyn/protoc-gen-ts/tests/conformance/bin/main.ts:30:78

  protobuf_test_messages.proto2.TestAllTypesProto2 1
  Error: Assertion failed
    at Object.jspb.asserts.doAssertFailure (https://cdn.skypack.dev/-/google-protobuf@v3.21.2-YDUqZL2TTSsy2lGtfuND/dist=es2019,mode=imports/optimized/google-protobuf.js:778:11)
    at Object.jspb.asserts.assert (https://cdn.skypack.dev/-/google-protobuf@v3.21.2-YDUqZL2TTSsy2lGtfuND/dist=es2019,mode=imports/optimized/google-protobuf.js:783:23)
    at jspb.BinaryReader.readFixed32 (https://cdn.skypack.dev/-/google-protobuf@v3.21.2-YDUqZL2TTSsy2lGtfuND/dist=es2019,mode=imports/optimized/google-protobuf.js:4582:18)
    at Function.deserialize (file:///Users/thesayyn/Documents/thesayyn/protoc-gen-ts/target/debug/build/protoc_gen_ts-8cec2bec66276c47/out/test_conformance/test_messages_proto2.ts:232:54)
    at file:///Users/thesayyn/Documents/thesayyn/protoc-gen-ts/tests/conformance/bin/main.ts:30:78

  protobuf_test_messages.proto2.TestAllTypesProto2 1
  Error: Assertion failed
    at Object.jspb.asserts.doAssertFailure (https://cdn.skypack.dev/-/google-protobuf@v3.21.2-YDUqZL2TTSsy2lGtfuND/dist=es2019,mode=imports/optimized/google-protobuf.js:778:11)
    at Object.jspb.asserts.assert (https://cdn.skypack.dev/-/google-protobuf@v3.21.2-YDUqZL2TTSsy2lGtfuND/dist=es2019,mode=imports/optimized/google-protobuf.js:783:23)
    at jspb.BinaryReader.readFixed32 (https://cdn.skypack.dev/-/google-protobuf@v3.21.2-YDUqZL2TTSsy2lGtfuND/dist=es2019,mode=imports/optimized/google-protobuf.js:4582:18)
    at Function.deserialize (file:///Users/thesayyn/Documents/thesayyn/protoc-gen-ts/target/debug/build/protoc_gen_ts-8cec2bec66276c47/out/test_conformance/test_messages_proto2.ts:232:54)
    at file:///Users/thesayyn/Documents/thesayyn/protoc-gen-ts/tests/conformance/bin/main.ts:30:78

  protobuf_test_messages.proto3.TestAllTypesProto3 1
  Error: Assertion failed
    at Object.jspb.asserts.doAssertFailure (https://cdn.skypack.dev/-/google-protobuf@v3.21.2-YDUqZL2TTSsy2lGtfuND/dist=es2019,mode=imports/optimized/google-protobuf.js:778:11)
    at Object.jspb.asserts.assert (https://cdn.skypack.dev/-/google-protobuf@v3.21.2-YDUqZL2TTSsy2lGtfuND/dist=es2019,mode=imports/optimized/google-protobuf.js:783:23)
    at jspb.BinaryReader.readFixed32 (https://cdn.skypack.dev/-/google-protobuf@v3.21.2-YDUqZL2TTSsy2lGtfuND/dist=es2019,mode=imports/optimized/google-protobuf.js:4582:18)
    at Function.deserialize (file:///Users/thesayyn/Documents/thesayyn/protoc-gen-ts/target/debug/build/protoc_gen_ts-8cec2bec66276c47/out/test_conformance/test_messages_proto3.ts:393:54)
    at file:///Users/thesayyn/Documents/thesayyn/protoc-gen-ts/tests/conformance/bin/main.ts:23:78

  protobuf_test_messages.proto2.TestAllTypesProto2 1
  Error: Assertion failed
    at Object.jspb.asserts.doAssertFailure (https://cdn.skypack.dev/-/google-protobuf@v3.21.2-YDUqZL2TTSsy2lGtfuND/dist=es2019,mode=imports/optimized/google-protobuf.js:778:11)
    at Object.jspb.asserts.assert (https://cdn.skypack.dev/-/google-protobuf@v3.21.2-YDUqZL2TTSsy2lGtfuND/dist=es2019,mode=imports/optimized/google-protobuf.js:783:23)
    at jspb.BinaryWriter.writeSfixed64 (https://cdn.skypack.dev/-/google-protobuf@v3.21.2-YDUqZL2TTSsy2lGtfuND/dist=es2019,mode=imports/optimized/google-protobuf.js:5270:32)
    at protobuf_test_messages_proto2_TestAllTypesProto2.serialize (file:///Users/thesayyn/Documents/thesayyn/protoc-gen-ts/target/debug/build/protoc_gen_ts-8cec2bec66276c47/out/test_conformance/test_messages_proto2.ts:919:20)
    at file:///Users/thesayyn/Documents/thesayyn/protoc-gen-ts/tests/conformance/bin/main.ts:31:44

  protobuf_test_messages.proto2.TestAllTypesProto2 1
  Error: Assertion failed
    at Object.jspb.asserts.doAssertFailure (https://cdn.skypack.dev/-/google-protobuf@v3.21.2-YDUqZL2TTSsy2lGtfuND/dist=es2019,mode=imports/optimized/google-protobuf.js:778:11)
    at Object.jspb.asserts.assert (https://cdn.skypack.dev/-/google-protobuf@v3.21.2-YDUqZL2TTSsy2lGtfuND/dist=es2019,mode=imports/optimized/google-protobuf.js:783:23)
    at jspb.BinaryWriter.writeSfixed64 (https://cdn.skypack.dev/-/google-protobuf@v3.21.2-YDUqZL2TTSsy2lGtfuND/dist=es2019,mode=imports/optimized/google-protobuf.js:5270:32)
    at protobuf_test_messages_proto2_TestAllTypesProto2.serialize (file:///Users/thesayyn/Documents/thesayyn/protoc-gen-ts/target/debug/build/protoc_gen_ts-8cec2bec66276c47/out/test_conformance/test_messages_proto2.ts:919:20)
    at file:///Users/thesayyn/Documents/thesayyn/protoc-gen-ts/tests/conformance/bin/main.ts:31:44

  protobuf_test_messages.proto2.TestAllTypesProto2 1
  Error: Assertion failed
    at Object.jspb.asserts.doAssertFailure (https://cdn.skypack.dev/-/google-protobuf@v3.21.2-YDUqZL2TTSsy2lGtfuND/dist=es2019,mode=imports/optimized/google-protobuf.js:778:11)
    at Object.jspb.asserts.assert (https://cdn.skypack.dev/-/google-protobuf@v3.21.2-YDUqZL2TTSsy2lGtfuND/dist=es2019,mode=imports/optimized/google-protobuf.js:783:23)
    at jspb.BinaryWriter.writeSfixed64 (https://cdn.skypack.dev/-/google-protobuf@v3.21.2-YDUqZL2TTSsy2lGtfuND/dist=es2019,mode=imports/optimized/google-protobuf.js:5270:32)
    at protobuf_test_messages_proto2_TestAllTypesProto2.serialize (file:///Users/thesayyn/Documents/thesayyn/protoc-gen-ts/target/debug/build/protoc_gen_ts-8cec2bec66276c47/out/test_conformance/test_messages_proto2.ts:1032:20)
    at file:///Users/thesayyn/Documents/thesayyn/protoc-gen-ts/tests/conformance/bin/main.ts:31:44

  protobuf_test_messages.proto2.TestAllTypesProto2 1
  Error: Assertion failed
    at Object.jspb.asserts.doAssertFailure (https://cdn.skypack.dev/-/google-protobuf@v3.21.2-YDUqZL2TTSsy2lGtfuND/dist=es2019,mode=imports/optimized/google-protobuf.js:778:11)
    at Object.jspb.asserts.assert (https://cdn.skypack.dev/-/google-protobuf@v3.21.2-YDUqZL2TTSsy2lGtfuND/dist=es2019,mode=imports/optimized/google-protobuf.js:783:23)
    at jspb.BinaryReader.readSfixed64 (https://cdn.skypack.dev/-/google-protobuf@v3.21.2-YDUqZL2TTSsy2lGtfuND/dist=es2019,mode=imports/optimized/google-protobuf.js:4605:18)
    at Function.deserialize (file:///Users/thesayyn/Documents/thesayyn/protoc-gen-ts/target/debug/build/protoc_gen_ts-8cec2bec66276c47/out/test_conformance/test_messages_proto2.ts:241:55)
    at file:///Users/thesayyn/Documents/thesayyn/protoc-gen-ts/tests/conformance/bin/main.ts:30:78

  protobuf_test_messages.proto2.TestAllTypesProto2 1
  Error: Assertion failed
    at Object.jspb.asserts.doAssertFailure (https://cdn.skypack.dev/-/google-protobuf@v3.21.2-YDUqZL2TTSsy2lGtfuND/dist=es2019,mode=imports/optimized/google-protobuf.js:778:11)
    at Object.jspb.asserts.assert (https://cdn.skypack.dev/-/google-protobuf@v3.21.2-YDUqZL2TTSsy2lGtfuND/dist=es2019,mode=imports/optimized/google-protobuf.js:783:23)
    at jspb.BinaryWriter.writeSfixed64 (https://cdn.skypack.dev/-/google-protobuf@v3.21.2-YDUqZL2TTSsy2lGtfuND/dist=es2019,mode=imports/optimized/google-protobuf.js:5270:32)
    at protobuf_test_messages_proto2_TestAllTypesProto2.serialize (file:///Users/thesayyn/Documents/thesayyn/protoc-gen-ts/target/debug/build/protoc_gen_ts-8cec2bec66276c47/out/test_conformance/test_messages_proto2.ts:1032:20)
    at file:///Users/thesayyn/Documents/thesayyn/protoc-gen-ts/tests/conformance/bin/main.ts:31:44

  protobuf_test_messages.proto2.TestAllTypesProto2 1
  Error: Assertion failed
    at Object.jspb.asserts.doAssertFailure (https://cdn.skypack.dev/-/google-protobuf@v3.21.2-YDUqZL2TTSsy2lGtfuND/dist=es2019,mode=imports/optimized/google-protobuf.js:778:11)
    at Object.jspb.asserts.assert (https://cdn.skypack.dev/-/google-protobuf@v3.21.2-YDUqZL2TTSsy2lGtfuND/dist=es2019,mode=imports/optimized/google-protobuf.js:783:23)
    at jspb.BinaryReader.readSfixed64 (https://cdn.skypack.dev/-/google-protobuf@v3.21.2-YDUqZL2TTSsy2lGtfuND/dist=es2019,mode=imports/optimized/google-protobuf.js:4605:18)
    at Function.deserialize (file:///Users/thesayyn/Documents/thesayyn/protoc-gen-ts/target/debug/build/protoc_gen_ts-8cec2bec66276c47/out/test_conformance/test_messages_proto2.ts:241:55)
    at file:///Users/thesayyn/Documents/thesayyn/protoc-gen-ts/tests/conformance/bin/main.ts:30:78

  protobuf_test_messages.proto2.TestAllTypesProto2 1
  Error: Assertion failed
    at Object.jspb.asserts.doAssertFailure (https://cdn.skypack.dev/-/google-protobuf@v3.21.2-YDUqZL2TTSsy2lGtfuND/dist=es2019,mode=imports/optimized/google-protobuf.js:778:11)
    at Object.jspb.asserts.assert (https://cdn.skypack.dev/-/google-protobuf@v3.21.2-YDUqZL2TTSsy2lGtfuND/dist=es2019,mode=imports/optimized/google-protobuf.js:783:23)
    at jspb.BinaryEncoder.writeInt64 (https://cdn.skypack.dev/-/google-protobuf@v3.21.2-YDUqZL2TTSsy2lGtfuND/dist=es2019,mode=imports/optimized/google-protobuf.js:4886:18)
    at jspb.BinaryWriter.writePackedSfixed64 (https://cdn.skypack.dev/-/google-protobuf@v3.21.2-YDUqZL2TTSsy2lGtfuND/dist=es2019,mode=imports/optimized/google-protobuf.js:5669:23)
    at protobuf_test_messages_proto2_TestAllTypesProto2.serialize (file:///Users/thesayyn/Documents/thesayyn/protoc-gen-ts/target/debug/build/protoc_gen_ts-8cec2bec66276c47/out/test_conformance/test_messages_proto2.ts:1139:20)
    at file:///Users/thesayyn/Documents/thesayyn/protoc-gen-ts/tests/conformance/bin/main.ts:31:44

  protobuf_test_messages.proto2.TestAllTypesProto2 1
  Error: Assertion failed
    at Object.jspb.asserts.doAssertFailure (https://cdn.skypack.dev/-/google-protobuf@v3.21.2-YDUqZL2TTSsy2lGtfuND/dist=es2019,mode=imports/optimized/google-protobuf.js:778:11)
    at Object.jspb.asserts.assert (https://cdn.skypack.dev/-/google-protobuf@v3.21.2-YDUqZL2TTSsy2lGtfuND/dist=es2019,mode=imports/optimized/google-protobuf.js:783:23)
    at jspb.BinaryEncoder.writeInt64 (https://cdn.skypack.dev/-/google-protobuf@v3.21.2-YDUqZL2TTSsy2lGtfuND/dist=es2019,mode=imports/optimized/google-protobuf.js:4886:18)
    at jspb.BinaryWriter.writePackedSfixed64 (https://cdn.skypack.dev/-/google-protobuf@v3.21.2-YDUqZL2TTSsy2lGtfuND/dist=es2019,mode=imports/optimized/google-protobuf.js:5669:23)
    at protobuf_test_messages_proto2_TestAllTypesProto2.serialize (file:///Users/thesayyn/Documents/thesayyn/protoc-gen-ts/target/debug/build/protoc_gen_ts-8cec2bec66276c47/out/test_conformance/test_messages_proto2.ts:1139:20)
    at file:///Users/thesayyn/Documents/thesayyn/protoc-gen-ts/tests/conformance/bin/main.ts:31:44

  protobuf_test_messages.proto2.TestAllTypesProto2 1
  Error: Assertion failed
    at Object.jspb.asserts.doAssertFailure (https://cdn.skypack.dev/-/google-protobuf@v3.21.2-YDUqZL2TTSsy2lGtfuND/dist=es2019,mode=imports/optimized/google-protobuf.js:778:11)
    at Object.jspb.asserts.assert (https://cdn.skypack.dev/-/google-protobuf@v3.21.2-YDUqZL2TTSsy2lGtfuND/dist=es2019,mode=imports/optimized/google-protobuf.js:783:23)
    at jspb.BinaryWriter.writeSfixed64 (https://cdn.skypack.dev/-/google-protobuf@v3.21.2-YDUqZL2TTSsy2lGtfuND/dist=es2019,mode=imports/optimized/google-protobuf.js:5270:32)
    at protobuf_test_messages_proto2_TestAllTypesProto2.serialize (file:///Users/thesayyn/Documents/thesayyn/protoc-gen-ts/target/debug/build/protoc_gen_ts-8cec2bec66276c47/out/test_conformance/test_messages_proto2.ts:1032:20)
    at file:///Users/thesayyn/Documents/thesayyn/protoc-gen-ts/tests/conformance/bin/main.ts:31:44

  protobuf_test_messages.proto2.TestAllTypesProto2 1
  Error: Assertion failed
    at Object.jspb.asserts.doAssertFailure (https://cdn.skypack.dev/-/google-protobuf@v3.21.2-YDUqZL2TTSsy2lGtfuND/dist=es2019,mode=imports/optimized/google-protobuf.js:778:11)
    at Object.jspb.asserts.assert (https://cdn.skypack.dev/-/google-protobuf@v3.21.2-YDUqZL2TTSsy2lGtfuND/dist=es2019,mode=imports/optimized/google-protobuf.js:783:23)
    at jspb.BinaryReader.readSfixed64 (https://cdn.skypack.dev/-/google-protobuf@v3.21.2-YDUqZL2TTSsy2lGtfuND/dist=es2019,mode=imports/optimized/google-protobuf.js:4605:18)
    at Function.deserialize (file:///Users/thesayyn/Documents/thesayyn/protoc-gen-ts/target/debug/build/protoc_gen_ts-8cec2bec66276c47/out/test_conformance/test_messages_proto2.ts:241:55)
    at file:///Users/thesayyn/Documents/thesayyn/protoc-gen-ts/tests/conformance/bin/main.ts:30:78

  protobuf_test_messages.proto3.TestAllTypesProto3 1
  Error: Assertion failed
    at Object.jspb.asserts.doAssertFailure (https://cdn.skypack.dev/-/google-protobuf@v3.21.2-YDUqZL2TTSsy2lGtfuND/dist=es2019,mode=imports/optimized/google-protobuf.js:778:11)
    at Object.jspb.asserts.assert (https://cdn.skypack.dev/-/google-protobuf@v3.21.2-YDUqZL2TTSsy2lGtfuND/dist=es2019,mode=imports/optimized/google-protobuf.js:783:23)
    at jspb.BinaryWriter.writeSfixed64 (https://cdn.skypack.dev/-/google-protobuf@v3.21.2-YDUqZL2TTSsy2lGtfuND/dist=es2019,mode=imports/optimized/google-protobuf.js:5270:32)
    at protobuf_test_messages_proto3_TestAllTypesProto3.serialize (file:///Users/thesayyn/Documents/thesayyn/protoc-gen-ts/target/debug/build/protoc_gen_ts-8cec2bec66276c47/out/test_conformance/test_messages_proto3.ts:1012:20)
    at file:///Users/thesayyn/Documents/thesayyn/protoc-gen-ts/tests/conformance/bin/main.ts:24:44

  protobuf_test_messages.proto3.TestAllTypesProto3 1
  Error: Assertion failed
    at Object.jspb.asserts.doAssertFailure (https://cdn.skypack.dev/-/google-protobuf@v3.21.2-YDUqZL2TTSsy2lGtfuND/dist=es2019,mode=imports/optimized/google-protobuf.js:778:11)
    at Object.jspb.asserts.assert (https://cdn.skypack.dev/-/google-protobuf@v3.21.2-YDUqZL2TTSsy2lGtfuND/dist=es2019,mode=imports/optimized/google-protobuf.js:783:23)
    at jspb.BinaryWriter.writeSfixed64 (https://cdn.skypack.dev/-/google-protobuf@v3.21.2-YDUqZL2TTSsy2lGtfuND/dist=es2019,mode=imports/optimized/google-protobuf.js:5270:32)
    at protobuf_test_messages_proto3_TestAllTypesProto3.serialize (file:///Users/thesayyn/Documents/thesayyn/protoc-gen-ts/target/debug/build/protoc_gen_ts-8cec2bec66276c47/out/test_conformance/test_messages_proto3.ts:1012:20)
    at file:///Users/thesayyn/Documents/thesayyn/protoc-gen-ts/tests/conformance/bin/main.ts:24:44

  protobuf_test_messages.proto3.TestAllTypesProto3 1
  Error: Assertion failed
    at Object.jspb.asserts.doAssertFailure (https://cdn.skypack.dev/-/google-protobuf@v3.21.2-YDUqZL2TTSsy2lGtfuND/dist=es2019,mode=imports/optimized/google-protobuf.js:778:11)
    at Object.jspb.asserts.assert (https://cdn.skypack.dev/-/google-protobuf@v3.21.2-YDUqZL2TTSsy2lGtfuND/dist=es2019,mode=imports/optimized/google-protobuf.js:783:23)
    at jspb.BinaryEncoder.writeInt64 (https://cdn.skypack.dev/-/google-protobuf@v3.21.2-YDUqZL2TTSsy2lGtfuND/dist=es2019,mode=imports/optimized/google-protobuf.js:4886:18)
    at jspb.BinaryWriter.writePackedSfixed64 (https://cdn.skypack.dev/-/google-protobuf@v3.21.2-YDUqZL2TTSsy2lGtfuND/dist=es2019,mode=imports/optimized/google-protobuf.js:5669:23)
    at protobuf_test_messages_proto3_TestAllTypesProto3.serialize (file:///Users/thesayyn/Documents/thesayyn/protoc-gen-ts/target/debug/build/protoc_gen_ts-8cec2bec66276c47/out/test_conformance/test_messages_proto3.ts:1130:20)
    at file:///Users/thesayyn/Documents/thesayyn/protoc-gen-ts/tests/conformance/bin/main.ts:24:44

  protobuf_test_messages.proto3.TestAllTypesProto3 1
  Error: Assertion failed
    at Object.jspb.asserts.doAssertFailure (https://cdn.skypack.dev/-/google-protobuf@v3.21.2-YDUqZL2TTSsy2lGtfuND/dist=es2019,mode=imports/optimized/google-protobuf.js:778:11)
    at Object.jspb.asserts.assert (https://cdn.skypack.dev/-/google-protobuf@v3.21.2-YDUqZL2TTSsy2lGtfuND/dist=es2019,mode=imports/optimized/google-protobuf.js:783:23)
    at jspb.BinaryEncoder.writeInt64 (https://cdn.skypack.dev/-/google-protobuf@v3.21.2-YDUqZL2TTSsy2lGtfuND/dist=es2019,mode=imports/optimized/google-protobuf.js:4886:18)
    at jspb.BinaryWriter.writePackedSfixed64 (https://cdn.skypack.dev/-/google-protobuf@v3.21.2-YDUqZL2TTSsy2lGtfuND/dist=es2019,mode=imports/optimized/google-protobuf.js:5669:23)
    at protobuf_test_messages_proto3_TestAllTypesProto3.serialize (file:///Users/thesayyn/Documents/thesayyn/protoc-gen-ts/target/debug/build/protoc_gen_ts-8cec2bec66276c47/out/test_conformance/test_messages_proto3.ts:1130:20)
    at file:///Users/thesayyn/Documents/thesayyn/protoc-gen-ts/tests/conformance/bin/main.ts:24:44

  protobuf_test_messages.proto3.TestAllTypesProto3 1
  Error: Assertion failed
    at Object.jspb.asserts.doAssertFailure (https://cdn.skypack.dev/-/google-protobuf@v3.21.2-YDUqZL2TTSsy2lGtfuND/dist=es2019,mode=imports/optimized/google-protobuf.js:778:11)
    at Object.jspb.asserts.assert (https://cdn.skypack.dev/-/google-protobuf@v3.21.2-YDUqZL2TTSsy2lGtfuND/dist=es2019,mode=imports/optimized/google-protobuf.js:783:23)
    at jspb.BinaryEncoder.writeInt64 (https://cdn.skypack.dev/-/google-protobuf@v3.21.2-YDUqZL2TTSsy2lGtfuND/dist=es2019,mode=imports/optimized/google-protobuf.js:4886:18)
    at jspb.BinaryWriter.writePackedSfixed64 (https://cdn.skypack.dev/-/google-protobuf@v3.21.2-YDUqZL2TTSsy2lGtfuND/dist=es2019,mode=imports/optimized/google-protobuf.js:5669:23)
    at protobuf_test_messages_proto3_TestAllTypesProto3.serialize (file:///Users/thesayyn/Documents/thesayyn/protoc-gen-ts/target/debug/build/protoc_gen_ts-8cec2bec66276c47/out/test_conformance/test_messages_proto3.ts:1130:20)
    at file:///Users/thesayyn/Documents/thesayyn/protoc-gen-ts/tests/conformance/bin/main.ts:24:44

  protobuf_test_messages.proto3.TestAllTypesProto3 1
  Error: Assertion failed
    at Object.jspb.asserts.doAssertFailure (https://cdn.skypack.dev/-/google-protobuf@v3.21.2-YDUqZL2TTSsy2lGtfuND/dist=es2019,mode=imports/optimized/google-protobuf.js:778:11)
    at Object.jspb.asserts.assert (https://cdn.skypack.dev/-/google-protobuf@v3.21.2-YDUqZL2TTSsy2lGtfuND/dist=es2019,mode=imports/optimized/google-protobuf.js:783:23)
    at jspb.BinaryEncoder.writeInt64 (https://cdn.skypack.dev/-/google-protobuf@v3.21.2-YDUqZL2TTSsy2lGtfuND/dist=es2019,mode=imports/optimized/google-protobuf.js:4886:18)
    at jspb.BinaryWriter.writePackedSfixed64 (https://cdn.skypack.dev/-/google-protobuf@v3.21.2-YDUqZL2TTSsy2lGtfuND/dist=es2019,mode=imports/optimized/google-protobuf.js:5669:23)
    at protobuf_test_messages_proto3_TestAllTypesProto3.serialize (file:///Users/thesayyn/Documents/thesayyn/protoc-gen-ts/target/debug/build/protoc_gen_ts-8cec2bec66276c47/out/test_conformance/test_messages_proto3.ts:1130:20)
    at file:///Users/thesayyn/Documents/thesayyn/protoc-gen-ts/tests/conformance/bin/main.ts:24:44

  protobuf_test_messages.proto3.TestAllTypesProto3 1
  Error: Assertion failed
    at Object.jspb.asserts.doAssertFailure (https://cdn.skypack.dev/-/google-protobuf@v3.21.2-YDUqZL2TTSsy2lGtfuND/dist=es2019,mode=imports/optimized/google-protobuf.js:778:11)
    at Object.jspb.asserts.assert (https://cdn.skypack.dev/-/google-protobuf@v3.21.2-YDUqZL2TTSsy2lGtfuND/dist=es2019,mode=imports/optimized/google-protobuf.js:783:23)
    at jspb.BinaryEncoder.writeInt64 (https://cdn.skypack.dev/-/google-protobuf@v3.21.2-YDUqZL2TTSsy2lGtfuND/dist=es2019,mode=imports/optimized/google-protobuf.js:4886:18)
    at jspb.BinaryWriter.writePackedSfixed64 (https://cdn.skypack.dev/-/google-protobuf@v3.21.2-YDUqZL2TTSsy2lGtfuND/dist=es2019,mode=imports/optimized/google-protobuf.js:5669:23)
    at protobuf_test_messages_proto3_TestAllTypesProto3.serialize (file:///Users/thesayyn/Documents/thesayyn/protoc-gen-ts/target/debug/build/protoc_gen_ts-8cec2bec66276c47/out/test_conformance/test_messages_proto3.ts:1130:20)
    at file:///Users/thesayyn/Documents/thesayyn/protoc-gen-ts/tests/conformance/bin/main.ts:24:44

  protobuf_test_messages.proto3.TestAllTypesProto3 1
  Error: Assertion failed
    at Object.jspb.asserts.doAssertFailure (https://cdn.skypack.dev/-/google-protobuf@v3.21.2-YDUqZL2TTSsy2lGtfuND/dist=es2019,mode=imports/optimized/google-protobuf.js:778:11)
    at Object.jspb.asserts.assert (https://cdn.skypack.dev/-/google-protobuf@v3.21.2-YDUqZL2TTSsy2lGtfuND/dist=es2019,mode=imports/optimized/google-protobuf.js:783:23)
    at jspb.BinaryEncoder.writeInt64 (https://cdn.skypack.dev/-/google-protobuf@v3.21.2-YDUqZL2TTSsy2lGtfuND/dist=es2019,mode=imports/optimized/google-protobuf.js:4886:18)
    at jspb.BinaryWriter.writePackedSfixed64 (https://cdn.skypack.dev/-/google-protobuf@v3.21.2-YDUqZL2TTSsy2lGtfuND/dist=es2019,mode=imports/optimized/google-protobuf.js:5669:23)
    at protobuf_test_messages_proto3_TestAllTypesProto3.serialize (file:///Users/thesayyn/Documents/thesayyn/protoc-gen-ts/target/debug/build/protoc_gen_ts-8cec2bec66276c47/out/test_conformance/test_messages_proto3.ts:1130:20)
    at file:///Users/thesayyn/Documents/thesayyn/protoc-gen-ts/tests/conformance/bin/main.ts:24:44

  protobuf_test_messages.proto3.TestAllTypesProto3 1
  Error: Assertion failed
    at Object.jspb.asserts.doAssertFailure (https://cdn.skypack.dev/-/google-protobuf@v3.21.2-YDUqZL2TTSsy2lGtfuND/dist=es2019,mode=imports/optimized/google-protobuf.js:778:11)
    at Object.jspb.asserts.assert (https://cdn.skypack.dev/-/google-protobuf@v3.21.2-YDUqZL2TTSsy2lGtfuND/dist=es2019,mode=imports/optimized/google-protobuf.js:783:23)
    at jspb.BinaryWriter.writeSfixed64 (https://cdn.skypack.dev/-/google-protobuf@v3.21.2-YDUqZL2TTSsy2lGtfuND/dist=es2019,mode=imports/optimized/google-protobuf.js:5270:32)
    at protobuf_test_messages_proto3_TestAllTypesProto3.serialize (file:///Users/thesayyn/Documents/thesayyn/protoc-gen-ts/target/debug/build/protoc_gen_ts-8cec2bec66276c47/out/test_conformance/test_messages_proto3.ts:1307:20)
    at file:///Users/thesayyn/Documents/thesayyn/protoc-gen-ts/tests/conformance/bin/main.ts:24:44

  protobuf_test_messages.proto3.TestAllTypesProto3 1
  Error: Assertion failed
    at Object.jspb.asserts.doAssertFailure (https://cdn.skypack.dev/-/google-protobuf@v3.21.2-YDUqZL2TTSsy2lGtfuND/dist=es2019,mode=imports/optimized/google-protobuf.js:778:11)
    at Object.jspb.asserts.assert (https://cdn.skypack.dev/-/google-protobuf@v3.21.2-YDUqZL2TTSsy2lGtfuND/dist=es2019,mode=imports/optimized/google-protobuf.js:783:23)
    at jspb.BinaryReader.readSfixed64 (https://cdn.skypack.dev/-/google-protobuf@v3.21.2-YDUqZL2TTSsy2lGtfuND/dist=es2019,mode=imports/optimized/google-protobuf.js:4605:18)
    at Function.deserialize (file:///Users/thesayyn/Documents/thesayyn/protoc-gen-ts/target/debug/build/protoc_gen_ts-8cec2bec66276c47/out/test_conformance/test_messages_proto3.ts:402:55)
    at file:///Users/thesayyn/Documents/thesayyn/protoc-gen-ts/tests/conformance/bin/main.ts:23:78

  protobuf_test_messages.proto2.TestAllTypesProto2 1
  Error: Assertion failed
    at Object.jspb.asserts.doAssertFailure (https://cdn.skypack.dev/-/google-protobuf@v3.21.2-YDUqZL2TTSsy2lGtfuND/dist=es2019,mode=imports/optimized/google-protobuf.js:778:11)
    at Object.jspb.asserts.assert (https://cdn.skypack.dev/-/google-protobuf@v3.21.2-YDUqZL2TTSsy2lGtfuND/dist=es2019,mode=imports/optimized/google-protobuf.js:783:23)
    at jspb.BinaryReader.readSfixed32 (https://cdn.skypack.dev/-/google-protobuf@v3.21.2-YDUqZL2TTSsy2lGtfuND/dist=es2019,mode=imports/optimized/google-protobuf.js:4596:18)
    at Function.deserialize (file:///Users/thesayyn/Documents/thesayyn/protoc-gen-ts/target/debug/build/protoc_gen_ts-8cec2bec66276c47/out/test_conformance/test_messages_proto2.ts:238:55)
    at file:///Users/thesayyn/Documents/thesayyn/protoc-gen-ts/tests/conformance/bin/main.ts:30:78

  protobuf_test_messages.proto2.TestAllTypesProto2 1
  Error: Assertion failed
    at Object.jspb.asserts.doAssertFailure (https://cdn.skypack.dev/-/google-protobuf@v3.21.2-YDUqZL2TTSsy2lGtfuND/dist=es2019,mode=imports/optimized/google-protobuf.js:778:11)
    at Object.jspb.asserts.assert (https://cdn.skypack.dev/-/google-protobuf@v3.21.2-YDUqZL2TTSsy2lGtfuND/dist=es2019,mode=imports/optimized/google-protobuf.js:783:23)
    at jspb.BinaryReader.readSfixed32 (https://cdn.skypack.dev/-/google-protobuf@v3.21.2-YDUqZL2TTSsy2lGtfuND/dist=es2019,mode=imports/optimized/google-protobuf.js:4596:18)
    at Function.deserialize (file:///Users/thesayyn/Documents/thesayyn/protoc-gen-ts/target/debug/build/protoc_gen_ts-8cec2bec66276c47/out/test_conformance/test_messages_proto2.ts:238:55)
    at file:///Users/thesayyn/Documents/thesayyn/protoc-gen-ts/tests/conformance/bin/main.ts:30:78

  protobuf_test_messages.proto2.TestAllTypesProto2 1
  Error: Assertion failed
    at Object.jspb.asserts.doAssertFailure (https://cdn.skypack.dev/-/google-protobuf@v3.21.2-YDUqZL2TTSsy2lGtfuND/dist=es2019,mode=imports/optimized/google-protobuf.js:778:11)
    at Object.jspb.asserts.assert (https://cdn.skypack.dev/-/google-protobuf@v3.21.2-YDUqZL2TTSsy2lGtfuND/dist=es2019,mode=imports/optimized/google-protobuf.js:783:23)
    at jspb.BinaryReader.readSfixed32 (https://cdn.skypack.dev/-/google-protobuf@v3.21.2-YDUqZL2TTSsy2lGtfuND/dist=es2019,mode=imports/optimized/google-protobuf.js:4596:18)
    at Function.deserialize (file:///Users/thesayyn/Documents/thesayyn/protoc-gen-ts/target/debug/build/protoc_gen_ts-8cec2bec66276c47/out/test_conformance/test_messages_proto2.ts:238:55)
    at file:///Users/thesayyn/Documents/thesayyn/protoc-gen-ts/tests/conformance/bin/main.ts:30:78

  protobuf_test_messages.proto3.TestAllTypesProto3 1
  Error: Assertion failed
    at Object.jspb.asserts.doAssertFailure (https://cdn.skypack.dev/-/google-protobuf@v3.21.2-YDUqZL2TTSsy2lGtfuND/dist=es2019,mode=imports/optimized/google-protobuf.js:778:11)
    at Object.jspb.asserts.assert (https://cdn.skypack.dev/-/google-protobuf@v3.21.2-YDUqZL2TTSsy2lGtfuND/dist=es2019,mode=imports/optimized/google-protobuf.js:783:23)
    at jspb.BinaryReader.readSfixed32 (https://cdn.skypack.dev/-/google-protobuf@v3.21.2-YDUqZL2TTSsy2lGtfuND/dist=es2019,mode=imports/optimized/google-protobuf.js:4596:18)
    at Function.deserialize (file:///Users/thesayyn/Documents/thesayyn/protoc-gen-ts/target/debug/build/protoc_gen_ts-8cec2bec66276c47/out/test_conformance/test_messages_proto3.ts:399:55)
    at file:///Users/thesayyn/Documents/thesayyn/protoc-gen-ts/tests/conformance/bin/main.ts:23:78

  protobuf_test_messages.proto2.TestAllTypesProto2 1
  Error: Assertion failed
    at Object.jspb.asserts.doAssertFailure (https://cdn.skypack.dev/-/google-protobuf@v3.21.2-YDUqZL2TTSsy2lGtfuND/dist=es2019,mode=imports/optimized/google-protobuf.js:778:11)
    at Object.jspb.asserts.assert (https://cdn.skypack.dev/-/google-protobuf@v3.21.2-YDUqZL2TTSsy2lGtfuND/dist=es2019,mode=imports/optimized/google-protobuf.js:783:23)
    at jspb.BinaryReader.readBool (https://cdn.skypack.dev/-/google-protobuf@v3.21.2-YDUqZL2TTSsy2lGtfuND/dist=es2019,mode=imports/optimized/google-protobuf.js:4624:18)
    at Function.deserialize (file:///Users/thesayyn/Documents/thesayyn/protoc-gen-ts/target/debug/build/protoc_gen_ts-8cec2bec66276c47/out/test_conformance/test_messages_proto2.ts:250:51)
    at file:///Users/thesayyn/Documents/thesayyn/protoc-gen-ts/tests/conformance/bin/main.ts:30:78

  protobuf_test_messages.proto2.TestAllTypesProto2 1
  Error: Assertion failed
    at Object.jspb.asserts.doAssertFailure (https://cdn.skypack.dev/-/google-protobuf@v3.21.2-YDUqZL2TTSsy2lGtfuND/dist=es2019,mode=imports/optimized/google-protobuf.js:778:11)
    at Object.jspb.asserts.assert (https://cdn.skypack.dev/-/google-protobuf@v3.21.2-YDUqZL2TTSsy2lGtfuND/dist=es2019,mode=imports/optimized/google-protobuf.js:783:23)
    at jspb.BinaryReader.readBool (https://cdn.skypack.dev/-/google-protobuf@v3.21.2-YDUqZL2TTSsy2lGtfuND/dist=es2019,mode=imports/optimized/google-protobuf.js:4624:18)
    at Function.deserialize (file:///Users/thesayyn/Documents/thesayyn/protoc-gen-ts/target/debug/build/protoc_gen_ts-8cec2bec66276c47/out/test_conformance/test_messages_proto2.ts:250:51)
    at file:///Users/thesayyn/Documents/thesayyn/protoc-gen-ts/tests/conformance/bin/main.ts:30:78

  protobuf_test_messages.proto2.TestAllTypesProto2 1
  Error: Assertion failed
    at Object.jspb.asserts.doAssertFailure (https://cdn.skypack.dev/-/google-protobuf@v3.21.2-YDUqZL2TTSsy2lGtfuND/dist=es2019,mode=imports/optimized/google-protobuf.js:778:11)
    at Object.jspb.asserts.assert (https://cdn.skypack.dev/-/google-protobuf@v3.21.2-YDUqZL2TTSsy2lGtfuND/dist=es2019,mode=imports/optimized/google-protobuf.js:783:23)
    at jspb.BinaryReader.readBool (https://cdn.skypack.dev/-/google-protobuf@v3.21.2-YDUqZL2TTSsy2lGtfuND/dist=es2019,mode=imports/optimized/google-protobuf.js:4624:18)
    at Function.deserialize (file:///Users/thesayyn/Documents/thesayyn/protoc-gen-ts/target/debug/build/protoc_gen_ts-8cec2bec66276c47/out/test_conformance/test_messages_proto2.ts:250:51)
    at file:///Users/thesayyn/Documents/thesayyn/protoc-gen-ts/tests/conformance/bin/main.ts:30:78

  protobuf_test_messages.proto3.TestAllTypesProto3 1
  Error: Assertion failed
    at Object.jspb.asserts.doAssertFailure (https://cdn.skypack.dev/-/google-protobuf@v3.21.2-YDUqZL2TTSsy2lGtfuND/dist=es2019,mode=imports/optimized/google-protobuf.js:778:11)
    at Object.jspb.asserts.assert (https://cdn.skypack.dev/-/google-protobuf@v3.21.2-YDUqZL2TTSsy2lGtfuND/dist=es2019,mode=imports/optimized/google-protobuf.js:783:23)
    at jspb.BinaryReader.readBool (https://cdn.skypack.dev/-/google-protobuf@v3.21.2-YDUqZL2TTSsy2lGtfuND/dist=es2019,mode=imports/optimized/google-protobuf.js:4624:18)
    at Function.deserialize (file:///Users/thesayyn/Documents/thesayyn/protoc-gen-ts/target/debug/build/protoc_gen_ts-8cec2bec66276c47/out/test_conformance/test_messages_proto3.ts:411:51)
    at file:///Users/thesayyn/Documents/thesayyn/protoc-gen-ts/tests/conformance/bin/main.ts:23:78

  protobuf_test_messages.proto2.TestAllTypesProto2 1
  Error: Assertion failed
    at Object.jspb.asserts.doAssertFailure (https://cdn.skypack.dev/-/google-protobuf@v3.21.2-YDUqZL2TTSsy2lGtfuND/dist=es2019,mode=imports/optimized/google-protobuf.js:778:11)
    at Object.jspb.asserts.assert (https://cdn.skypack.dev/-/google-protobuf@v3.21.2-YDUqZL2TTSsy2lGtfuND/dist=es2019,mode=imports/optimized/google-protobuf.js:783:23)
    at jspb.BinaryReader.readSint32 (https://cdn.skypack.dev/-/google-protobuf@v3.21.2-YDUqZL2TTSsy2lGtfuND/dist=es2019,mode=imports/optimized/google-protobuf.js:4568:18)
    at Function.deserialize (file:///Users/thesayyn/Documents/thesayyn/protoc-gen-ts/target/debug/build/protoc_gen_ts-8cec2bec66276c47/out/test_conformance/test_messages_proto2.ts:226:53)
    at file:///Users/thesayyn/Documents/thesayyn/protoc-gen-ts/tests/conformance/bin/main.ts:30:78

  protobuf_test_messages.proto2.TestAllTypesProto2 1
  Error: Assertion failed
    at Object.jspb.asserts.doAssertFailure (https://cdn.skypack.dev/-/google-protobuf@v3.21.2-YDUqZL2TTSsy2lGtfuND/dist=es2019,mode=imports/optimized/google-protobuf.js:778:11)
    at Object.jspb.asserts.assert (https://cdn.skypack.dev/-/google-protobuf@v3.21.2-YDUqZL2TTSsy2lGtfuND/dist=es2019,mode=imports/optimized/google-protobuf.js:783:23)
    at jspb.BinaryReader.readSint32 (https://cdn.skypack.dev/-/google-protobuf@v3.21.2-YDUqZL2TTSsy2lGtfuND/dist=es2019,mode=imports/optimized/google-protobuf.js:4568:18)
    at Function.deserialize (file:///Users/thesayyn/Documents/thesayyn/protoc-gen-ts/target/debug/build/protoc_gen_ts-8cec2bec66276c47/out/test_conformance/test_messages_proto2.ts:226:53)
    at file:///Users/thesayyn/Documents/thesayyn/protoc-gen-ts/tests/conformance/bin/main.ts:30:78

  protobuf_test_messages.proto2.TestAllTypesProto2 1
  Error: Assertion failed
    at Object.jspb.asserts.doAssertFailure (https://cdn.skypack.dev/-/google-protobuf@v3.21.2-YDUqZL2TTSsy2lGtfuND/dist=es2019,mode=imports/optimized/google-protobuf.js:778:11)
    at Object.jspb.asserts.assert (https://cdn.skypack.dev/-/google-protobuf@v3.21.2-YDUqZL2TTSsy2lGtfuND/dist=es2019,mode=imports/optimized/google-protobuf.js:783:23)
    at jspb.BinaryReader.readSint32 (https://cdn.skypack.dev/-/google-protobuf@v3.21.2-YDUqZL2TTSsy2lGtfuND/dist=es2019,mode=imports/optimized/google-protobuf.js:4568:18)
    at Function.deserialize (file:///Users/thesayyn/Documents/thesayyn/protoc-gen-ts/target/debug/build/protoc_gen_ts-8cec2bec66276c47/out/test_conformance/test_messages_proto2.ts:226:53)
    at file:///Users/thesayyn/Documents/thesayyn/protoc-gen-ts/tests/conformance/bin/main.ts:30:78

  protobuf_test_messages.proto3.TestAllTypesProto3 1
  Error: Assertion failed
    at Object.jspb.asserts.doAssertFailure (https://cdn.skypack.dev/-/google-protobuf@v3.21.2-YDUqZL2TTSsy2lGtfuND/dist=es2019,mode=imports/optimized/google-protobuf.js:778:11)
    at Object.jspb.asserts.assert (https://cdn.skypack.dev/-/google-protobuf@v3.21.2-YDUqZL2TTSsy2lGtfuND/dist=es2019,mode=imports/optimized/google-protobuf.js:783:23)
    at jspb.BinaryReader.readSint32 (https://cdn.skypack.dev/-/google-protobuf@v3.21.2-YDUqZL2TTSsy2lGtfuND/dist=es2019,mode=imports/optimized/google-protobuf.js:4568:18)
    at Function.deserialize (file:///Users/thesayyn/Documents/thesayyn/protoc-gen-ts/target/debug/build/protoc_gen_ts-8cec2bec66276c47/out/test_conformance/test_messages_proto3.ts:387:53)
    at file:///Users/thesayyn/Documents/thesayyn/protoc-gen-ts/tests/conformance/bin/main.ts:23:78

  protobuf_test_messages.proto2.TestAllTypesProto2 1
  Error: Assertion failed
    at Object.jspb.asserts.doAssertFailure (https://cdn.skypack.dev/-/google-protobuf@v3.21.2-YDUqZL2TTSsy2lGtfuND/dist=es2019,mode=imports/optimized/google-protobuf.js:778:11)
    at Object.jspb.asserts.assert (https://cdn.skypack.dev/-/google-protobuf@v3.21.2-YDUqZL2TTSsy2lGtfuND/dist=es2019,mode=imports/optimized/google-protobuf.js:783:23)
    at jspb.BinaryWriter.writeSint64 (https://cdn.skypack.dev/-/google-protobuf@v3.21.2-YDUqZL2TTSsy2lGtfuND/dist=es2019,mode=imports/optimized/google-protobuf.js:5245:32)
    at protobuf_test_messages_proto2_TestAllTypesProto2.serialize (file:///Users/thesayyn/Documents/thesayyn/protoc-gen-ts/target/debug/build/protoc_gen_ts-8cec2bec66276c47/out/test_conformance/test_messages_proto2.ts:899:20)
    at file:///Users/thesayyn/Documents/thesayyn/protoc-gen-ts/tests/conformance/bin/main.ts:31:44

  protobuf_test_messages.proto2.TestAllTypesProto2 1
  Error: Assertion failed
    at Object.jspb.asserts.doAssertFailure (https://cdn.skypack.dev/-/google-protobuf@v3.21.2-YDUqZL2TTSsy2lGtfuND/dist=es2019,mode=imports/optimized/google-protobuf.js:778:11)
    at Object.jspb.asserts.assert (https://cdn.skypack.dev/-/google-protobuf@v3.21.2-YDUqZL2TTSsy2lGtfuND/dist=es2019,mode=imports/optimized/google-protobuf.js:783:23)
    at jspb.BinaryWriter.writeSint64 (https://cdn.skypack.dev/-/google-protobuf@v3.21.2-YDUqZL2TTSsy2lGtfuND/dist=es2019,mode=imports/optimized/google-protobuf.js:5245:32)
    at protobuf_test_messages_proto2_TestAllTypesProto2.serialize (file:///Users/thesayyn/Documents/thesayyn/protoc-gen-ts/target/debug/build/protoc_gen_ts-8cec2bec66276c47/out/test_conformance/test_messages_proto2.ts:899:20)
    at file:///Users/thesayyn/Documents/thesayyn/protoc-gen-ts/tests/conformance/bin/main.ts:31:44

  protobuf_test_messages.proto2.TestAllTypesProto2 1
  Error: Assertion failed
    at Object.jspb.asserts.doAssertFailure (https://cdn.skypack.dev/-/google-protobuf@v3.21.2-YDUqZL2TTSsy2lGtfuND/dist=es2019,mode=imports/optimized/google-protobuf.js:778:11)
    at Object.jspb.asserts.assert (https://cdn.skypack.dev/-/google-protobuf@v3.21.2-YDUqZL2TTSsy2lGtfuND/dist=es2019,mode=imports/optimized/google-protobuf.js:783:23)
    at jspb.BinaryWriter.writeSint64 (https://cdn.skypack.dev/-/google-protobuf@v3.21.2-YDUqZL2TTSsy2lGtfuND/dist=es2019,mode=imports/optimized/google-protobuf.js:5245:32)
    at protobuf_test_messages_proto2_TestAllTypesProto2.serialize (file:///Users/thesayyn/Documents/thesayyn/protoc-gen-ts/target/debug/build/protoc_gen_ts-8cec2bec66276c47/out/test_conformance/test_messages_proto2.ts:1012:20)
    at file:///Users/thesayyn/Documents/thesayyn/protoc-gen-ts/tests/conformance/bin/main.ts:31:44

  protobuf_test_messages.proto2.TestAllTypesProto2 1
  Error: Assertion failed
    at Object.jspb.asserts.doAssertFailure (https://cdn.skypack.dev/-/google-protobuf@v3.21.2-YDUqZL2TTSsy2lGtfuND/dist=es2019,mode=imports/optimized/google-protobuf.js:778:11)
    at Object.jspb.asserts.assert (https://cdn.skypack.dev/-/google-protobuf@v3.21.2-YDUqZL2TTSsy2lGtfuND/dist=es2019,mode=imports/optimized/google-protobuf.js:783:23)
    at jspb.BinaryReader.readSint64 (https://cdn.skypack.dev/-/google-protobuf@v3.21.2-YDUqZL2TTSsy2lGtfuND/dist=es2019,mode=imports/optimized/google-protobuf.js:4573:18)
    at Function.deserialize (file:///Users/thesayyn/Documents/thesayyn/protoc-gen-ts/target/debug/build/protoc_gen_ts-8cec2bec66276c47/out/test_conformance/test_messages_proto2.ts:229:53)
    at file:///Users/thesayyn/Documents/thesayyn/protoc-gen-ts/tests/conformance/bin/main.ts:30:78

  protobuf_test_messages.proto2.TestAllTypesProto2 1
  Error: Assertion failed
    at Object.jspb.asserts.doAssertFailure (https://cdn.skypack.dev/-/google-protobuf@v3.21.2-YDUqZL2TTSsy2lGtfuND/dist=es2019,mode=imports/optimized/google-protobuf.js:778:11)
    at Object.jspb.asserts.assert (https://cdn.skypack.dev/-/google-protobuf@v3.21.2-YDUqZL2TTSsy2lGtfuND/dist=es2019,mode=imports/optimized/google-protobuf.js:783:23)
    at jspb.BinaryWriter.writeSint64 (https://cdn.skypack.dev/-/google-protobuf@v3.21.2-YDUqZL2TTSsy2lGtfuND/dist=es2019,mode=imports/optimized/google-protobuf.js:5245:32)
    at protobuf_test_messages_proto2_TestAllTypesProto2.serialize (file:///Users/thesayyn/Documents/thesayyn/protoc-gen-ts/target/debug/build/protoc_gen_ts-8cec2bec66276c47/out/test_conformance/test_messages_proto2.ts:1012:20)
    at file:///Users/thesayyn/Documents/thesayyn/protoc-gen-ts/tests/conformance/bin/main.ts:31:44

  protobuf_test_messages.proto2.TestAllTypesProto2 1
  Error: Assertion failed
    at Object.jspb.asserts.doAssertFailure (https://cdn.skypack.dev/-/google-protobuf@v3.21.2-YDUqZL2TTSsy2lGtfuND/dist=es2019,mode=imports/optimized/google-protobuf.js:778:11)
    at Object.jspb.asserts.assert (https://cdn.skypack.dev/-/google-protobuf@v3.21.2-YDUqZL2TTSsy2lGtfuND/dist=es2019,mode=imports/optimized/google-protobuf.js:783:23)
    at jspb.BinaryReader.readSint64 (https://cdn.skypack.dev/-/google-protobuf@v3.21.2-YDUqZL2TTSsy2lGtfuND/dist=es2019,mode=imports/optimized/google-protobuf.js:4573:18)
    at Function.deserialize (file:///Users/thesayyn/Documents/thesayyn/protoc-gen-ts/target/debug/build/protoc_gen_ts-8cec2bec66276c47/out/test_conformance/test_messages_proto2.ts:229:53)
    at file:///Users/thesayyn/Documents/thesayyn/protoc-gen-ts/tests/conformance/bin/main.ts:30:78

  protobuf_test_messages.proto2.TestAllTypesProto2 1
  Error: Assertion failed
    at Object.jspb.asserts.doAssertFailure (https://cdn.skypack.dev/-/google-protobuf@v3.21.2-YDUqZL2TTSsy2lGtfuND/dist=es2019,mode=imports/optimized/google-protobuf.js:778:11)
    at Object.jspb.asserts.assert (https://cdn.skypack.dev/-/google-protobuf@v3.21.2-YDUqZL2TTSsy2lGtfuND/dist=es2019,mode=imports/optimized/google-protobuf.js:783:23)
    at jspb.BinaryEncoder.writeZigzagVarint64 (https://cdn.skypack.dev/-/google-protobuf@v3.21.2-YDUqZL2TTSsy2lGtfuND/dist=es2019,mode=imports/optimized/google-protobuf.js:4825:18)
    at jspb.BinaryWriter.writePackedSint64 (https://cdn.skypack.dev/-/google-protobuf@v3.21.2-YDUqZL2TTSsy2lGtfuND/dist=es2019,mode=imports/optimized/google-protobuf.js:5620:23)
    at protobuf_test_messages_proto2_TestAllTypesProto2.serialize (file:///Users/thesayyn/Documents/thesayyn/protoc-gen-ts/target/debug/build/protoc_gen_ts-8cec2bec66276c47/out/test_conformance/test_messages_proto2.ts:1119:20)
    at file:///Users/thesayyn/Documents/thesayyn/protoc-gen-ts/tests/conformance/bin/main.ts:31:44

  protobuf_test_messages.proto2.TestAllTypesProto2 1
  Error: Assertion failed
    at Object.jspb.asserts.doAssertFailure (https://cdn.skypack.dev/-/google-protobuf@v3.21.2-YDUqZL2TTSsy2lGtfuND/dist=es2019,mode=imports/optimized/google-protobuf.js:778:11)
    at Object.jspb.asserts.assert (https://cdn.skypack.dev/-/google-protobuf@v3.21.2-YDUqZL2TTSsy2lGtfuND/dist=es2019,mode=imports/optimized/google-protobuf.js:783:23)
    at jspb.BinaryEncoder.writeZigzagVarint64 (https://cdn.skypack.dev/-/google-protobuf@v3.21.2-YDUqZL2TTSsy2lGtfuND/dist=es2019,mode=imports/optimized/google-protobuf.js:4825:18)
    at jspb.BinaryWriter.writePackedSint64 (https://cdn.skypack.dev/-/google-protobuf@v3.21.2-YDUqZL2TTSsy2lGtfuND/dist=es2019,mode=imports/optimized/google-protobuf.js:5620:23)
    at protobuf_test_messages_proto2_TestAllTypesProto2.serialize (file:///Users/thesayyn/Documents/thesayyn/protoc-gen-ts/target/debug/build/protoc_gen_ts-8cec2bec66276c47/out/test_conformance/test_messages_proto2.ts:1119:20)
    at file:///Users/thesayyn/Documents/thesayyn/protoc-gen-ts/tests/conformance/bin/main.ts:31:44

  protobuf_test_messages.proto2.TestAllTypesProto2 1
  Error: Assertion failed
    at Object.jspb.asserts.doAssertFailure (https://cdn.skypack.dev/-/google-protobuf@v3.21.2-YDUqZL2TTSsy2lGtfuND/dist=es2019,mode=imports/optimized/google-protobuf.js:778:11)
    at Object.jspb.asserts.assert (https://cdn.skypack.dev/-/google-protobuf@v3.21.2-YDUqZL2TTSsy2lGtfuND/dist=es2019,mode=imports/optimized/google-protobuf.js:783:23)
    at jspb.BinaryWriter.writeSint64 (https://cdn.skypack.dev/-/google-protobuf@v3.21.2-YDUqZL2TTSsy2lGtfuND/dist=es2019,mode=imports/optimized/google-protobuf.js:5245:32)
    at protobuf_test_messages_proto2_TestAllTypesProto2.serialize (file:///Users/thesayyn/Documents/thesayyn/protoc-gen-ts/target/debug/build/protoc_gen_ts-8cec2bec66276c47/out/test_conformance/test_messages_proto2.ts:1012:20)
    at file:///Users/thesayyn/Documents/thesayyn/protoc-gen-ts/tests/conformance/bin/main.ts:31:44

  protobuf_test_messages.proto2.TestAllTypesProto2 1
  Error: Assertion failed
    at Object.jspb.asserts.doAssertFailure (https://cdn.skypack.dev/-/google-protobuf@v3.21.2-YDUqZL2TTSsy2lGtfuND/dist=es2019,mode=imports/optimized/google-protobuf.js:778:11)
    at Object.jspb.asserts.assert (https://cdn.skypack.dev/-/google-protobuf@v3.21.2-YDUqZL2TTSsy2lGtfuND/dist=es2019,mode=imports/optimized/google-protobuf.js:783:23)
    at jspb.BinaryReader.readSint64 (https://cdn.skypack.dev/-/google-protobuf@v3.21.2-YDUqZL2TTSsy2lGtfuND/dist=es2019,mode=imports/optimized/google-protobuf.js:4573:18)
    at Function.deserialize (file:///Users/thesayyn/Documents/thesayyn/protoc-gen-ts/target/debug/build/protoc_gen_ts-8cec2bec66276c47/out/test_conformance/test_messages_proto2.ts:229:53)
    at file:///Users/thesayyn/Documents/thesayyn/protoc-gen-ts/tests/conformance/bin/main.ts:30:78

  protobuf_test_messages.proto3.TestAllTypesProto3 1
  Error: Assertion failed
    at Object.jspb.asserts.doAssertFailure (https://cdn.skypack.dev/-/google-protobuf@v3.21.2-YDUqZL2TTSsy2lGtfuND/dist=es2019,mode=imports/optimized/google-protobuf.js:778:11)
    at Object.jspb.asserts.assert (https://cdn.skypack.dev/-/google-protobuf@v3.21.2-YDUqZL2TTSsy2lGtfuND/dist=es2019,mode=imports/optimized/google-protobuf.js:783:23)
    at jspb.BinaryWriter.writeSint64 (https://cdn.skypack.dev/-/google-protobuf@v3.21.2-YDUqZL2TTSsy2lGtfuND/dist=es2019,mode=imports/optimized/google-protobuf.js:5245:32)
    at protobuf_test_messages_proto3_TestAllTypesProto3.serialize (file:///Users/thesayyn/Documents/thesayyn/protoc-gen-ts/target/debug/build/protoc_gen_ts-8cec2bec66276c47/out/test_conformance/test_messages_proto3.ts:992:20)
    at file:///Users/thesayyn/Documents/thesayyn/protoc-gen-ts/tests/conformance/bin/main.ts:24:44

  protobuf_test_messages.proto3.TestAllTypesProto3 1
  Error: Assertion failed
    at Object.jspb.asserts.doAssertFailure (https://cdn.skypack.dev/-/google-protobuf@v3.21.2-YDUqZL2TTSsy2lGtfuND/dist=es2019,mode=imports/optimized/google-protobuf.js:778:11)
    at Object.jspb.asserts.assert (https://cdn.skypack.dev/-/google-protobuf@v3.21.2-YDUqZL2TTSsy2lGtfuND/dist=es2019,mode=imports/optimized/google-protobuf.js:783:23)
    at jspb.BinaryWriter.writeSint64 (https://cdn.skypack.dev/-/google-protobuf@v3.21.2-YDUqZL2TTSsy2lGtfuND/dist=es2019,mode=imports/optimized/google-protobuf.js:5245:32)
    at protobuf_test_messages_proto3_TestAllTypesProto3.serialize (file:///Users/thesayyn/Documents/thesayyn/protoc-gen-ts/target/debug/build/protoc_gen_ts-8cec2bec66276c47/out/test_conformance/test_messages_proto3.ts:992:20)
    at file:///Users/thesayyn/Documents/thesayyn/protoc-gen-ts/tests/conformance/bin/main.ts:24:44

  protobuf_test_messages.proto3.TestAllTypesProto3 1
  Error: Assertion failed
    at Object.jspb.asserts.doAssertFailure (https://cdn.skypack.dev/-/google-protobuf@v3.21.2-YDUqZL2TTSsy2lGtfuND/dist=es2019,mode=imports/optimized/google-protobuf.js:778:11)
    at Object.jspb.asserts.assert (https://cdn.skypack.dev/-/google-protobuf@v3.21.2-YDUqZL2TTSsy2lGtfuND/dist=es2019,mode=imports/optimized/google-protobuf.js:783:23)
    at jspb.BinaryEncoder.writeZigzagVarint64 (https://cdn.skypack.dev/-/google-protobuf@v3.21.2-YDUqZL2TTSsy2lGtfuND/dist=es2019,mode=imports/optimized/google-protobuf.js:4825:18)
    at jspb.BinaryWriter.writePackedSint64 (https://cdn.skypack.dev/-/google-protobuf@v3.21.2-YDUqZL2TTSsy2lGtfuND/dist=es2019,mode=imports/optimized/google-protobuf.js:5620:23)
    at protobuf_test_messages_proto3_TestAllTypesProto3.serialize (file:///Users/thesayyn/Documents/thesayyn/protoc-gen-ts/target/debug/build/protoc_gen_ts-8cec2bec66276c47/out/test_conformance/test_messages_proto3.ts:1110:20)
    at file:///Users/thesayyn/Documents/thesayyn/protoc-gen-ts/tests/conformance/bin/main.ts:24:44

  protobuf_test_messages.proto3.TestAllTypesProto3 1
  Error: Assertion failed
    at Object.jspb.asserts.doAssertFailure (https://cdn.skypack.dev/-/google-protobuf@v3.21.2-YDUqZL2TTSsy2lGtfuND/dist=es2019,mode=imports/optimized/google-protobuf.js:778:11)
    at Object.jspb.asserts.assert (https://cdn.skypack.dev/-/google-protobuf@v3.21.2-YDUqZL2TTSsy2lGtfuND/dist=es2019,mode=imports/optimized/google-protobuf.js:783:23)
    at jspb.BinaryEncoder.writeZigzagVarint64 (https://cdn.skypack.dev/-/google-protobuf@v3.21.2-YDUqZL2TTSsy2lGtfuND/dist=es2019,mode=imports/optimized/google-protobuf.js:4825:18)
    at jspb.BinaryWriter.writePackedSint64 (https://cdn.skypack.dev/-/google-protobuf@v3.21.2-YDUqZL2TTSsy2lGtfuND/dist=es2019,mode=imports/optimized/google-protobuf.js:5620:23)
    at protobuf_test_messages_proto3_TestAllTypesProto3.serialize (file:///Users/thesayyn/Documents/thesayyn/protoc-gen-ts/target/debug/build/protoc_gen_ts-8cec2bec66276c47/out/test_conformance/test_messages_proto3.ts:1110:20)
    at file:///Users/thesayyn/Documents/thesayyn/protoc-gen-ts/tests/conformance/bin/main.ts:24:44

  protobuf_test_messages.proto3.TestAllTypesProto3 1
  Error: Assertion failed
    at Object.jspb.asserts.doAssertFailure (https://cdn.skypack.dev/-/google-protobuf@v3.21.2-YDUqZL2TTSsy2lGtfuND/dist=es2019,mode=imports/optimized/google-protobuf.js:778:11)
    at Object.jspb.asserts.assert (https://cdn.skypack.dev/-/google-protobuf@v3.21.2-YDUqZL2TTSsy2lGtfuND/dist=es2019,mode=imports/optimized/google-protobuf.js:783:23)
    at jspb.BinaryEncoder.writeZigzagVarint64 (https://cdn.skypack.dev/-/google-protobuf@v3.21.2-YDUqZL2TTSsy2lGtfuND/dist=es2019,mode=imports/optimized/google-protobuf.js:4825:18)
    at jspb.BinaryWriter.writePackedSint64 (https://cdn.skypack.dev/-/google-protobuf@v3.21.2-YDUqZL2TTSsy2lGtfuND/dist=es2019,mode=imports/optimized/google-protobuf.js:5620:23)
    at protobuf_test_messages_proto3_TestAllTypesProto3.serialize (file:///Users/thesayyn/Documents/thesayyn/protoc-gen-ts/target/debug/build/protoc_gen_ts-8cec2bec66276c47/out/test_conformance/test_messages_proto3.ts:1110:20)
    at file:///Users/thesayyn/Documents/thesayyn/protoc-gen-ts/tests/conformance/bin/main.ts:24:44

  protobuf_test_messages.proto3.TestAllTypesProto3 1
  Error: Assertion failed
    at Object.jspb.asserts.doAssertFailure (https://cdn.skypack.dev/-/google-protobuf@v3.21.2-YDUqZL2TTSsy2lGtfuND/dist=es2019,mode=imports/optimized/google-protobuf.js:778:11)
    at Object.jspb.asserts.assert (https://cdn.skypack.dev/-/google-protobuf@v3.21.2-YDUqZL2TTSsy2lGtfuND/dist=es2019,mode=imports/optimized/google-protobuf.js:783:23)
    at jspb.BinaryEncoder.writeZigzagVarint64 (https://cdn.skypack.dev/-/google-protobuf@v3.21.2-YDUqZL2TTSsy2lGtfuND/dist=es2019,mode=imports/optimized/google-protobuf.js:4825:18)
    at jspb.BinaryWriter.writePackedSint64 (https://cdn.skypack.dev/-/google-protobuf@v3.21.2-YDUqZL2TTSsy2lGtfuND/dist=es2019,mode=imports/optimized/google-protobuf.js:5620:23)
    at protobuf_test_messages_proto3_TestAllTypesProto3.serialize (file:///Users/thesayyn/Documents/thesayyn/protoc-gen-ts/target/debug/build/protoc_gen_ts-8cec2bec66276c47/out/test_conformance/test_messages_proto3.ts:1110:20)
    at file:///Users/thesayyn/Documents/thesayyn/protoc-gen-ts/tests/conformance/bin/main.ts:24:44

  protobuf_test_messages.proto3.TestAllTypesProto3 1
  Error: Assertion failed
    at Object.jspb.asserts.doAssertFailure (https://cdn.skypack.dev/-/google-protobuf@v3.21.2-YDUqZL2TTSsy2lGtfuND/dist=es2019,mode=imports/optimized/google-protobuf.js:778:11)
    at Object.jspb.asserts.assert (https://cdn.skypack.dev/-/google-protobuf@v3.21.2-YDUqZL2TTSsy2lGtfuND/dist=es2019,mode=imports/optimized/google-protobuf.js:783:23)
    at jspb.BinaryEncoder.writeZigzagVarint64 (https://cdn.skypack.dev/-/google-protobuf@v3.21.2-YDUqZL2TTSsy2lGtfuND/dist=es2019,mode=imports/optimized/google-protobuf.js:4825:18)
    at jspb.BinaryWriter.writePackedSint64 (https://cdn.skypack.dev/-/google-protobuf@v3.21.2-YDUqZL2TTSsy2lGtfuND/dist=es2019,mode=imports/optimized/google-protobuf.js:5620:23)
    at protobuf_test_messages_proto3_TestAllTypesProto3.serialize (file:///Users/thesayyn/Documents/thesayyn/protoc-gen-ts/target/debug/build/protoc_gen_ts-8cec2bec66276c47/out/test_conformance/test_messages_proto3.ts:1110:20)
    at file:///Users/thesayyn/Documents/thesayyn/protoc-gen-ts/tests/conformance/bin/main.ts:24:44

  protobuf_test_messages.proto3.TestAllTypesProto3 1
  Error: Assertion failed
    at Object.jspb.asserts.doAssertFailure (https://cdn.skypack.dev/-/google-protobuf@v3.21.2-YDUqZL2TTSsy2lGtfuND/dist=es2019,mode=imports/optimized/google-protobuf.js:778:11)
    at Object.jspb.asserts.assert (https://cdn.skypack.dev/-/google-protobuf@v3.21.2-YDUqZL2TTSsy2lGtfuND/dist=es2019,mode=imports/optimized/google-protobuf.js:783:23)
    at jspb.BinaryEncoder.writeZigzagVarint64 (https://cdn.skypack.dev/-/google-protobuf@v3.21.2-YDUqZL2TTSsy2lGtfuND/dist=es2019,mode=imports/optimized/google-protobuf.js:4825:18)
    at jspb.BinaryWriter.writePackedSint64 (https://cdn.skypack.dev/-/google-protobuf@v3.21.2-YDUqZL2TTSsy2lGtfuND/dist=es2019,mode=imports/optimized/google-protobuf.js:5620:23)
    at protobuf_test_messages_proto3_TestAllTypesProto3.serialize (file:///Users/thesayyn/Documents/thesayyn/protoc-gen-ts/target/debug/build/protoc_gen_ts-8cec2bec66276c47/out/test_conformance/test_messages_proto3.ts:1110:20)
    at file:///Users/thesayyn/Documents/thesayyn/protoc-gen-ts/tests/conformance/bin/main.ts:24:44

  protobuf_test_messages.proto3.TestAllTypesProto3 1
  Error: Assertion failed
    at Object.jspb.asserts.doAssertFailure (https://cdn.skypack.dev/-/google-protobuf@v3.21.2-YDUqZL2TTSsy2lGtfuND/dist=es2019,mode=imports/optimized/google-protobuf.js:778:11)
    at Object.jspb.asserts.assert (https://cdn.skypack.dev/-/google-protobuf@v3.21.2-YDUqZL2TTSsy2lGtfuND/dist=es2019,mode=imports/optimized/google-protobuf.js:783:23)
    at jspb.BinaryWriter.writeSint64 (https://cdn.skypack.dev/-/google-protobuf@v3.21.2-YDUqZL2TTSsy2lGtfuND/dist=es2019,mode=imports/optimized/google-protobuf.js:5245:32)
    at protobuf_test_messages_proto3_TestAllTypesProto3.serialize (file:///Users/thesayyn/Documents/thesayyn/protoc-gen-ts/target/debug/build/protoc_gen_ts-8cec2bec66276c47/out/test_conformance/test_messages_proto3.ts:1287:20)
    at file:///Users/thesayyn/Documents/thesayyn/protoc-gen-ts/tests/conformance/bin/main.ts:24:44

  protobuf_test_messages.proto3.TestAllTypesProto3 1
  Error: Assertion failed
    at Object.jspb.asserts.doAssertFailure (https://cdn.skypack.dev/-/google-protobuf@v3.21.2-YDUqZL2TTSsy2lGtfuND/dist=es2019,mode=imports/optimized/google-protobuf.js:778:11)
    at Object.jspb.asserts.assert (https://cdn.skypack.dev/-/google-protobuf@v3.21.2-YDUqZL2TTSsy2lGtfuND/dist=es2019,mode=imports/optimized/google-protobuf.js:783:23)
    at jspb.BinaryReader.readSint64 (https://cdn.skypack.dev/-/google-protobuf@v3.21.2-YDUqZL2TTSsy2lGtfuND/dist=es2019,mode=imports/optimized/google-protobuf.js:4573:18)
    at Function.deserialize (file:///Users/thesayyn/Documents/thesayyn/protoc-gen-ts/target/debug/build/protoc_gen_ts-8cec2bec66276c47/out/test_conformance/test_messages_proto3.ts:390:53)
    at file:///Users/thesayyn/Documents/thesayyn/protoc-gen-ts/tests/conformance/bin/main.ts:23:78

  protobuf_test_messages.proto2.TestAllTypesProto2 1
  Error: Assertion failed
    at Object.jspb.asserts.doAssertFailure (https://cdn.skypack.dev/-/google-protobuf@v3.21.2-YDUqZL2TTSsy2lGtfuND/dist=es2019,mode=imports/optimized/google-protobuf.js:778:11)
    at Object.jspb.asserts.assert (https://cdn.skypack.dev/-/google-protobuf@v3.21.2-YDUqZL2TTSsy2lGtfuND/dist=es2019,mode=imports/optimized/google-protobuf.js:783:23)
    at jspb.BinaryWriter.writeEnum (https://cdn.skypack.dev/-/google-protobuf@v3.21.2-YDUqZL2TTSsy2lGtfuND/dist=es2019,mode=imports/optimized/google-protobuf.js:5289:32)
    at protobuf_test_messages_proto2_TestAllTypesProto2.serialize (file:///Users/thesayyn/Documents/thesayyn/protoc-gen-ts/target/debug/build/protoc_gen_ts-8cec2bec66276c47/out/test_conformance/test_messages_proto2.ts:961:20)
    at file:///Users/thesayyn/Documents/thesayyn/protoc-gen-ts/tests/conformance/bin/main.ts:31:44

  protobuf_test_messages.proto2.TestAllTypesProto2 1
  Error: Assertion failed
    at Object.jspb.asserts.doAssertFailure (https://cdn.skypack.dev/-/google-protobuf@v3.21.2-YDUqZL2TTSsy2lGtfuND/dist=es2019,mode=imports/optimized/google-protobuf.js:778:11)
    at Object.jspb.asserts.assert (https://cdn.skypack.dev/-/google-protobuf@v3.21.2-YDUqZL2TTSsy2lGtfuND/dist=es2019,mode=imports/optimized/google-protobuf.js:783:23)
    at jspb.BinaryWriter.writeEnum (https://cdn.skypack.dev/-/google-protobuf@v3.21.2-YDUqZL2TTSsy2lGtfuND/dist=es2019,mode=imports/optimized/google-protobuf.js:5289:32)
    at protobuf_test_messages_proto2_TestAllTypesProto2.serialize (file:///Users/thesayyn/Documents/thesayyn/protoc-gen-ts/target/debug/build/protoc_gen_ts-8cec2bec66276c47/out/test_conformance/test_messages_proto2.ts:961:20)
    at file:///Users/thesayyn/Documents/thesayyn/protoc-gen-ts/tests/conformance/bin/main.ts:31:44

  protobuf_test_messages.proto2.TestAllTypesProto2 1
  Error: Assertion failed
    at Object.jspb.asserts.doAssertFailure (https://cdn.skypack.dev/-/google-protobuf@v3.21.2-YDUqZL2TTSsy2lGtfuND/dist=es2019,mode=imports/optimized/google-protobuf.js:778:11)
    at Object.jspb.asserts.assert (https://cdn.skypack.dev/-/google-protobuf@v3.21.2-YDUqZL2TTSsy2lGtfuND/dist=es2019,mode=imports/optimized/google-protobuf.js:783:23)
    at jspb.BinaryWriter.writeEnum (https://cdn.skypack.dev/-/google-protobuf@v3.21.2-YDUqZL2TTSsy2lGtfuND/dist=es2019,mode=imports/optimized/google-protobuf.js:5289:32)
    at protobuf_test_messages_proto2_TestAllTypesProto2.serialize (file:///Users/thesayyn/Documents/thesayyn/protoc-gen-ts/target/debug/build/protoc_gen_ts-8cec2bec66276c47/out/test_conformance/test_messages_proto2.ts:961:20)
    at file:///Users/thesayyn/Documents/thesayyn/protoc-gen-ts/tests/conformance/bin/main.ts:31:44

  protobuf_test_messages.proto2.TestAllTypesProto2 1
  Error: Assertion failed
    at Object.jspb.asserts.doAssertFailure (https://cdn.skypack.dev/-/google-protobuf@v3.21.2-YDUqZL2TTSsy2lGtfuND/dist=es2019,mode=imports/optimized/google-protobuf.js:778:11)
    at Object.jspb.asserts.assert (https://cdn.skypack.dev/-/google-protobuf@v3.21.2-YDUqZL2TTSsy2lGtfuND/dist=es2019,mode=imports/optimized/google-protobuf.js:783:23)
    at jspb.BinaryWriter.writeEnum (https://cdn.skypack.dev/-/google-protobuf@v3.21.2-YDUqZL2TTSsy2lGtfuND/dist=es2019,mode=imports/optimized/google-protobuf.js:5289:32)
    at protobuf_test_messages_proto2_TestAllTypesProto2.serialize (file:///Users/thesayyn/Documents/thesayyn/protoc-gen-ts/target/debug/build/protoc_gen_ts-8cec2bec66276c47/out/test_conformance/test_messages_proto2.ts:961:20)
    at file:///Users/thesayyn/Documents/thesayyn/protoc-gen-ts/tests/conformance/bin/main.ts:31:44

  protobuf_test_messages.proto2.TestAllTypesProto2 1
  Error: Assertion failed
    at Object.jspb.asserts.doAssertFailure (https://cdn.skypack.dev/-/google-protobuf@v3.21.2-YDUqZL2TTSsy2lGtfuND/dist=es2019,mode=imports/optimized/google-protobuf.js:778:11)
    at Object.jspb.asserts.assert (https://cdn.skypack.dev/-/google-protobuf@v3.21.2-YDUqZL2TTSsy2lGtfuND/dist=es2019,mode=imports/optimized/google-protobuf.js:783:23)
    at jspb.BinaryWriter.writeEnum (https://cdn.skypack.dev/-/google-protobuf@v3.21.2-YDUqZL2TTSsy2lGtfuND/dist=es2019,mode=imports/optimized/google-protobuf.js:5289:32)
    at protobuf_test_messages_proto2_TestAllTypesProto2.serialize (file:///Users/thesayyn/Documents/thesayyn/protoc-gen-ts/target/debug/build/protoc_gen_ts-8cec2bec66276c47/out/test_conformance/test_messages_proto2.ts:961:20)
    at file:///Users/thesayyn/Documents/thesayyn/protoc-gen-ts/tests/conformance/bin/main.ts:31:44

  protobuf_test_messages.proto2.TestAllTypesProto2 1
  Error: Assertion failed
    at Object.jspb.asserts.doAssertFailure (https://cdn.skypack.dev/-/google-protobuf@v3.21.2-YDUqZL2TTSsy2lGtfuND/dist=es2019,mode=imports/optimized/google-protobuf.js:778:11)
    at Object.jspb.asserts.assert (https://cdn.skypack.dev/-/google-protobuf@v3.21.2-YDUqZL2TTSsy2lGtfuND/dist=es2019,mode=imports/optimized/google-protobuf.js:783:23)
    at jspb.BinaryWriter.writeEnum (https://cdn.skypack.dev/-/google-protobuf@v3.21.2-YDUqZL2TTSsy2lGtfuND/dist=es2019,mode=imports/optimized/google-protobuf.js:5289:32)
    at protobuf_test_messages_proto2_TestAllTypesProto2.serialize (file:///Users/thesayyn/Documents/thesayyn/protoc-gen-ts/target/debug/build/protoc_gen_ts-8cec2bec66276c47/out/test_conformance/test_messages_proto2.ts:1074:20)
    at file:///Users/thesayyn/Documents/thesayyn/protoc-gen-ts/tests/conformance/bin/main.ts:31:44

  protobuf_test_messages.proto2.TestAllTypesProto2 1
  Error: Assertion failed
    at Object.jspb.asserts.doAssertFailure (https://cdn.skypack.dev/-/google-protobuf@v3.21.2-YDUqZL2TTSsy2lGtfuND/dist=es2019,mode=imports/optimized/google-protobuf.js:778:11)
    at Object.jspb.asserts.assert (https://cdn.skypack.dev/-/google-protobuf@v3.21.2-YDUqZL2TTSsy2lGtfuND/dist=es2019,mode=imports/optimized/google-protobuf.js:783:23)
    at jspb.BinaryReader.readEnum (https://cdn.skypack.dev/-/google-protobuf@v3.21.2-YDUqZL2TTSsy2lGtfuND/dist=es2019,mode=imports/optimized/google-protobuf.js:4629:18)
    at Function.deserialize (file:///Users/thesayyn/Documents/thesayyn/protoc-gen-ts/target/debug/build/protoc_gen_ts-8cec2bec66276c47/out/test_conformance/test_messages_proto2.ts:265:58)
    at file:///Users/thesayyn/Documents/thesayyn/protoc-gen-ts/tests/conformance/bin/main.ts:30:78

  protobuf_test_messages.proto2.TestAllTypesProto2 1
  Error: Assertion failed
    at Object.jspb.asserts.doAssertFailure (https://cdn.skypack.dev/-/google-protobuf@v3.21.2-YDUqZL2TTSsy2lGtfuND/dist=es2019,mode=imports/optimized/google-protobuf.js:778:11)
    at Object.jspb.asserts.assert (https://cdn.skypack.dev/-/google-protobuf@v3.21.2-YDUqZL2TTSsy2lGtfuND/dist=es2019,mode=imports/optimized/google-protobuf.js:783:23)
    at jspb.BinaryWriter.writeEnum (https://cdn.skypack.dev/-/google-protobuf@v3.21.2-YDUqZL2TTSsy2lGtfuND/dist=es2019,mode=imports/optimized/google-protobuf.js:5289:32)
    at protobuf_test_messages_proto2_TestAllTypesProto2.serialize (file:///Users/thesayyn/Documents/thesayyn/protoc-gen-ts/target/debug/build/protoc_gen_ts-8cec2bec66276c47/out/test_conformance/test_messages_proto2.ts:1074:20)
    at file:///Users/thesayyn/Documents/thesayyn/protoc-gen-ts/tests/conformance/bin/main.ts:31:44

  protobuf_test_messages.proto2.TestAllTypesProto2 1
  Error: Assertion failed
    at Object.jspb.asserts.doAssertFailure (https://cdn.skypack.dev/-/google-protobuf@v3.21.2-YDUqZL2TTSsy2lGtfuND/dist=es2019,mode=imports/optimized/google-protobuf.js:778:11)
    at Object.jspb.asserts.assert (https://cdn.skypack.dev/-/google-protobuf@v3.21.2-YDUqZL2TTSsy2lGtfuND/dist=es2019,mode=imports/optimized/google-protobuf.js:783:23)
    at jspb.BinaryReader.readEnum (https://cdn.skypack.dev/-/google-protobuf@v3.21.2-YDUqZL2TTSsy2lGtfuND/dist=es2019,mode=imports/optimized/google-protobuf.js:4629:18)
    at Function.deserialize (file:///Users/thesayyn/Documents/thesayyn/protoc-gen-ts/target/debug/build/protoc_gen_ts-8cec2bec66276c47/out/test_conformance/test_messages_proto2.ts:265:58)
    at file:///Users/thesayyn/Documents/thesayyn/protoc-gen-ts/tests/conformance/bin/main.ts:30:78

  protobuf_test_messages.proto2.TestAllTypesProto2 1
  Error: Assertion failed
    at Object.jspb.asserts.doAssertFailure (https://cdn.skypack.dev/-/google-protobuf@v3.21.2-YDUqZL2TTSsy2lGtfuND/dist=es2019,mode=imports/optimized/google-protobuf.js:778:11)
    at Object.jspb.asserts.assert (https://cdn.skypack.dev/-/google-protobuf@v3.21.2-YDUqZL2TTSsy2lGtfuND/dist=es2019,mode=imports/optimized/google-protobuf.js:783:23)
    at jspb.BinaryEncoder.writeEnum (https://cdn.skypack.dev/-/google-protobuf@v3.21.2-YDUqZL2TTSsy2lGtfuND/dist=es2019,mode=imports/optimized/google-protobuf.js:4913:18)
    at jspb.BinaryWriter.writePackedEnum (https://cdn.skypack.dev/-/google-protobuf@v3.21.2-YDUqZL2TTSsy2lGtfuND/dist=es2019,mode=imports/optimized/google-protobuf.js:5699:23)
    at protobuf_test_messages_proto2_TestAllTypesProto2.serialize (file:///Users/thesayyn/Documents/thesayyn/protoc-gen-ts/target/debug/build/protoc_gen_ts-8cec2bec66276c47/out/test_conformance/test_messages_proto2.ts:1159:20)
    at file:///Users/thesayyn/Documents/thesayyn/protoc-gen-ts/tests/conformance/bin/main.ts:31:44

  protobuf_test_messages.proto2.TestAllTypesProto2 1
  Error: Assertion failed
    at Object.jspb.asserts.doAssertFailure (https://cdn.skypack.dev/-/google-protobuf@v3.21.2-YDUqZL2TTSsy2lGtfuND/dist=es2019,mode=imports/optimized/google-protobuf.js:778:11)
    at Object.jspb.asserts.assert (https://cdn.skypack.dev/-/google-protobuf@v3.21.2-YDUqZL2TTSsy2lGtfuND/dist=es2019,mode=imports/optimized/google-protobuf.js:783:23)
    at jspb.BinaryWriter.writeEnum (https://cdn.skypack.dev/-/google-protobuf@v3.21.2-YDUqZL2TTSsy2lGtfuND/dist=es2019,mode=imports/optimized/google-protobuf.js:5289:32)
    at protobuf_test_messages_proto2_TestAllTypesProto2.serialize (file:///Users/thesayyn/Documents/thesayyn/protoc-gen-ts/target/debug/build/protoc_gen_ts-8cec2bec66276c47/out/test_conformance/test_messages_proto2.ts:1074:20)
    at file:///Users/thesayyn/Documents/thesayyn/protoc-gen-ts/tests/conformance/bin/main.ts:31:44

  protobuf_test_messages.proto2.TestAllTypesProto2 1
  Error: Assertion failed
    at Object.jspb.asserts.doAssertFailure (https://cdn.skypack.dev/-/google-protobuf@v3.21.2-YDUqZL2TTSsy2lGtfuND/dist=es2019,mode=imports/optimized/google-protobuf.js:778:11)
    at Object.jspb.asserts.assert (https://cdn.skypack.dev/-/google-protobuf@v3.21.2-YDUqZL2TTSsy2lGtfuND/dist=es2019,mode=imports/optimized/google-protobuf.js:783:23)
    at jspb.BinaryReader.readEnum (https://cdn.skypack.dev/-/google-protobuf@v3.21.2-YDUqZL2TTSsy2lGtfuND/dist=es2019,mode=imports/optimized/google-protobuf.js:4629:18)
    at Function.deserialize (file:///Users/thesayyn/Documents/thesayyn/protoc-gen-ts/target/debug/build/protoc_gen_ts-8cec2bec66276c47/out/test_conformance/test_messages_proto2.ts:265:58)
    at file:///Users/thesayyn/Documents/thesayyn/protoc-gen-ts/tests/conformance/bin/main.ts:30:78

  protobuf_test_messages.proto3.TestAllTypesProto3 1
  Error: Assertion failed
    at Object.jspb.asserts.doAssertFailure (https://cdn.skypack.dev/-/google-protobuf@v3.21.2-YDUqZL2TTSsy2lGtfuND/dist=es2019,mode=imports/optimized/google-protobuf.js:778:11)
    at Object.jspb.asserts.assert (https://cdn.skypack.dev/-/google-protobuf@v3.21.2-YDUqZL2TTSsy2lGtfuND/dist=es2019,mode=imports/optimized/google-protobuf.js:783:23)
    at jspb.BinaryWriter.writeEnum (https://cdn.skypack.dev/-/google-protobuf@v3.21.2-YDUqZL2TTSsy2lGtfuND/dist=es2019,mode=imports/optimized/google-protobuf.js:5289:32)
    at protobuf_test_messages_proto3_TestAllTypesProto3.serialize (file:///Users/thesayyn/Documents/thesayyn/protoc-gen-ts/target/debug/build/protoc_gen_ts-8cec2bec66276c47/out/test_conformance/test_messages_proto3.ts:1054:20)
    at file:///Users/thesayyn/Documents/thesayyn/protoc-gen-ts/tests/conformance/bin/main.ts:24:44

  protobuf_test_messages.proto3.TestAllTypesProto3 1
  Error: Assertion failed
    at Object.jspb.asserts.doAssertFailure (https://cdn.skypack.dev/-/google-protobuf@v3.21.2-YDUqZL2TTSsy2lGtfuND/dist=es2019,mode=imports/optimized/google-protobuf.js:778:11)
    at Object.jspb.asserts.assert (https://cdn.skypack.dev/-/google-protobuf@v3.21.2-YDUqZL2TTSsy2lGtfuND/dist=es2019,mode=imports/optimized/google-protobuf.js:783:23)
    at jspb.BinaryWriter.writeEnum (https://cdn.skypack.dev/-/google-protobuf@v3.21.2-YDUqZL2TTSsy2lGtfuND/dist=es2019,mode=imports/optimized/google-protobuf.js:5289:32)
    at protobuf_test_messages_proto3_TestAllTypesProto3.serialize (file:///Users/thesayyn/Documents/thesayyn/protoc-gen-ts/target/debug/build/protoc_gen_ts-8cec2bec66276c47/out/test_conformance/test_messages_proto3.ts:1054:20)
    at file:///Users/thesayyn/Documents/thesayyn/protoc-gen-ts/tests/conformance/bin/main.ts:24:44

  protobuf_test_messages.proto3.TestAllTypesProto3 1
  Error: Assertion failed
    at Object.jspb.asserts.doAssertFailure (https://cdn.skypack.dev/-/google-protobuf@v3.21.2-YDUqZL2TTSsy2lGtfuND/dist=es2019,mode=imports/optimized/google-protobuf.js:778:11)
    at Object.jspb.asserts.assert (https://cdn.skypack.dev/-/google-protobuf@v3.21.2-YDUqZL2TTSsy2lGtfuND/dist=es2019,mode=imports/optimized/google-protobuf.js:783:23)
    at jspb.BinaryWriter.writeEnum (https://cdn.skypack.dev/-/google-protobuf@v3.21.2-YDUqZL2TTSsy2lGtfuND/dist=es2019,mode=imports/optimized/google-protobuf.js:5289:32)
    at protobuf_test_messages_proto3_TestAllTypesProto3.serialize (file:///Users/thesayyn/Documents/thesayyn/protoc-gen-ts/target/debug/build/protoc_gen_ts-8cec2bec66276c47/out/test_conformance/test_messages_proto3.ts:1054:20)
    at file:///Users/thesayyn/Documents/thesayyn/protoc-gen-ts/tests/conformance/bin/main.ts:24:44

  protobuf_test_messages.proto3.TestAllTypesProto3 1
  Error: Assertion failed
    at Object.jspb.asserts.doAssertFailure (https://cdn.skypack.dev/-/google-protobuf@v3.21.2-YDUqZL2TTSsy2lGtfuND/dist=es2019,mode=imports/optimized/google-protobuf.js:778:11)
    at Object.jspb.asserts.assert (https://cdn.skypack.dev/-/google-protobuf@v3.21.2-YDUqZL2TTSsy2lGtfuND/dist=es2019,mode=imports/optimized/google-protobuf.js:783:23)
    at jspb.BinaryWriter.writeEnum (https://cdn.skypack.dev/-/google-protobuf@v3.21.2-YDUqZL2TTSsy2lGtfuND/dist=es2019,mode=imports/optimized/google-protobuf.js:5289:32)
    at protobuf_test_messages_proto3_TestAllTypesProto3.serialize (file:///Users/thesayyn/Documents/thesayyn/protoc-gen-ts/target/debug/build/protoc_gen_ts-8cec2bec66276c47/out/test_conformance/test_messages_proto3.ts:1054:20)
    at file:///Users/thesayyn/Documents/thesayyn/protoc-gen-ts/tests/conformance/bin/main.ts:24:44

  protobuf_test_messages.proto3.TestAllTypesProto3 1
  Error: Assertion failed
    at Object.jspb.asserts.doAssertFailure (https://cdn.skypack.dev/-/google-protobuf@v3.21.2-YDUqZL2TTSsy2lGtfuND/dist=es2019,mode=imports/optimized/google-protobuf.js:778:11)
    at Object.jspb.asserts.assert (https://cdn.skypack.dev/-/google-protobuf@v3.21.2-YDUqZL2TTSsy2lGtfuND/dist=es2019,mode=imports/optimized/google-protobuf.js:783:23)
    at jspb.BinaryWriter.writeEnum (https://cdn.skypack.dev/-/google-protobuf@v3.21.2-YDUqZL2TTSsy2lGtfuND/dist=es2019,mode=imports/optimized/google-protobuf.js:5289:32)
    at protobuf_test_messages_proto3_TestAllTypesProto3.serialize (file:///Users/thesayyn/Documents/thesayyn/protoc-gen-ts/target/debug/build/protoc_gen_ts-8cec2bec66276c47/out/test_conformance/test_messages_proto3.ts:1054:20)
    at file:///Users/thesayyn/Documents/thesayyn/protoc-gen-ts/tests/conformance/bin/main.ts:24:44

  protobuf_test_messages.proto3.TestAllTypesProto3 1
  Error: Assertion failed
    at Object.jspb.asserts.doAssertFailure (https://cdn.skypack.dev/-/google-protobuf@v3.21.2-YDUqZL2TTSsy2lGtfuND/dist=es2019,mode=imports/optimized/google-protobuf.js:778:11)
    at Object.jspb.asserts.assert (https://cdn.skypack.dev/-/google-protobuf@v3.21.2-YDUqZL2TTSsy2lGtfuND/dist=es2019,mode=imports/optimized/google-protobuf.js:783:23)
    at jspb.BinaryEncoder.writeEnum (https://cdn.skypack.dev/-/google-protobuf@v3.21.2-YDUqZL2TTSsy2lGtfuND/dist=es2019,mode=imports/optimized/google-protobuf.js:4913:18)
    at jspb.BinaryWriter.writePackedEnum (https://cdn.skypack.dev/-/google-protobuf@v3.21.2-YDUqZL2TTSsy2lGtfuND/dist=es2019,mode=imports/optimized/google-protobuf.js:5699:23)
    at protobuf_test_messages_proto3_TestAllTypesProto3.serialize (file:///Users/thesayyn/Documents/thesayyn/protoc-gen-ts/target/debug/build/protoc_gen_ts-8cec2bec66276c47/out/test_conformance/test_messages_proto3.ts:1172:20)
    at file:///Users/thesayyn/Documents/thesayyn/protoc-gen-ts/tests/conformance/bin/main.ts:24:44

  protobuf_test_messages.proto3.TestAllTypesProto3 1
  Error: Assertion failed
    at Object.jspb.asserts.doAssertFailure (https://cdn.skypack.dev/-/google-protobuf@v3.21.2-YDUqZL2TTSsy2lGtfuND/dist=es2019,mode=imports/optimized/google-protobuf.js:778:11)
    at Object.jspb.asserts.assert (https://cdn.skypack.dev/-/google-protobuf@v3.21.2-YDUqZL2TTSsy2lGtfuND/dist=es2019,mode=imports/optimized/google-protobuf.js:783:23)
    at jspb.BinaryEncoder.writeEnum (https://cdn.skypack.dev/-/google-protobuf@v3.21.2-YDUqZL2TTSsy2lGtfuND/dist=es2019,mode=imports/optimized/google-protobuf.js:4913:18)
    at jspb.BinaryWriter.writePackedEnum (https://cdn.skypack.dev/-/google-protobuf@v3.21.2-YDUqZL2TTSsy2lGtfuND/dist=es2019,mode=imports/optimized/google-protobuf.js:5699:23)
    at protobuf_test_messages_proto3_TestAllTypesProto3.serialize (file:///Users/thesayyn/Documents/thesayyn/protoc-gen-ts/target/debug/build/protoc_gen_ts-8cec2bec66276c47/out/test_conformance/test_messages_proto3.ts:1172:20)
    at file:///Users/thesayyn/Documents/thesayyn/protoc-gen-ts/tests/conformance/bin/main.ts:24:44

  protobuf_test_messages.proto3.TestAllTypesProto3 1
  Error: Assertion failed
    at Object.jspb.asserts.doAssertFailure (https://cdn.skypack.dev/-/google-protobuf@v3.21.2-YDUqZL2TTSsy2lGtfuND/dist=es2019,mode=imports/optimized/google-protobuf.js:778:11)
    at Object.jspb.asserts.assert (https://cdn.skypack.dev/-/google-protobuf@v3.21.2-YDUqZL2TTSsy2lGtfuND/dist=es2019,mode=imports/optimized/google-protobuf.js:783:23)
    at jspb.BinaryEncoder.writeEnum (https://cdn.skypack.dev/-/google-protobuf@v3.21.2-YDUqZL2TTSsy2lGtfuND/dist=es2019,mode=imports/optimized/google-protobuf.js:4913:18)
    at jspb.BinaryWriter.writePackedEnum (https://cdn.skypack.dev/-/google-protobuf@v3.21.2-YDUqZL2TTSsy2lGtfuND/dist=es2019,mode=imports/optimized/google-protobuf.js:5699:23)
    at protobuf_test_messages_proto3_TestAllTypesProto3.serialize (file:///Users/thesayyn/Documents/thesayyn/protoc-gen-ts/target/debug/build/protoc_gen_ts-8cec2bec66276c47/out/test_conformance/test_messages_proto3.ts:1172:20)
    at file:///Users/thesayyn/Documents/thesayyn/protoc-gen-ts/tests/conformance/bin/main.ts:24:44

  protobuf_test_messages.proto3.TestAllTypesProto3 1
  Error: Assertion failed
    at Object.jspb.asserts.doAssertFailure (https://cdn.skypack.dev/-/google-protobuf@v3.21.2-YDUqZL2TTSsy2lGtfuND/dist=es2019,mode=imports/optimized/google-protobuf.js:778:11)
    at Object.jspb.asserts.assert (https://cdn.skypack.dev/-/google-protobuf@v3.21.2-YDUqZL2TTSsy2lGtfuND/dist=es2019,mode=imports/optimized/google-protobuf.js:783:23)
    at jspb.BinaryWriter.writeEnum (https://cdn.skypack.dev/-/google-protobuf@v3.21.2-YDUqZL2TTSsy2lGtfuND/dist=es2019,mode=imports/optimized/google-protobuf.js:5289:32)
    at protobuf_test_messages_proto3_TestAllTypesProto3.serialize (file:///Users/thesayyn/Documents/thesayyn/protoc-gen-ts/target/debug/build/protoc_gen_ts-8cec2bec66276c47/out/test_conformance/test_messages_proto3.ts:1327:20)
    at file:///Users/thesayyn/Documents/thesayyn/protoc-gen-ts/tests/conformance/bin/main.ts:24:44

  protobuf_test_messages.proto3.TestAllTypesProto3 1
  Error: Assertion failed
    at Object.jspb.asserts.doAssertFailure (https://cdn.skypack.dev/-/google-protobuf@v3.21.2-YDUqZL2TTSsy2lGtfuND/dist=es2019,mode=imports/optimized/google-protobuf.js:778:11)
    at Object.jspb.asserts.assert (https://cdn.skypack.dev/-/google-protobuf@v3.21.2-YDUqZL2TTSsy2lGtfuND/dist=es2019,mode=imports/optimized/google-protobuf.js:783:23)
    at jspb.BinaryReader.readEnum (https://cdn.skypack.dev/-/google-protobuf@v3.21.2-YDUqZL2TTSsy2lGtfuND/dist=es2019,mode=imports/optimized/google-protobuf.js:4629:18)
    at Function.deserialize (file:///Users/thesayyn/Documents/thesayyn/protoc-gen-ts/target/debug/build/protoc_gen_ts-8cec2bec66276c47/out/test_conformance/test_messages_proto3.ts:414:58)
    at file:///Users/thesayyn/Documents/thesayyn/protoc-gen-ts/tests/conformance/bin/main.ts:23:78

  protobuf_test_messages.proto2.TestAllTypesProto2 1
  TypeError: Cannot read properties of undefined (reading 'serialize')
    at protobuf_test_messages_proto2_TestAllTypesProto2.serialize (file:///Users/thesayyn/Documents/thesayyn/protoc-gen-ts/target/debug/build/protoc_gen_ts-8cec2bec66276c47/out/test_conformance/test_messages_proto2.ts:1482:46)
    at file:///Users/thesayyn/Documents/thesayyn/protoc-gen-ts/tests/conformance/bin/main.ts:31:44

  protobuf_test_messages.proto3.TestAllTypesProto3 1
  TypeError: Cannot read properties of undefined (reading 'serialize')
    at protobuf_test_messages_proto3_TestAllTypesProto3.serialize (file:///Users/thesayyn/Documents/thesayyn/protoc-gen-ts/target/debug/build/protoc_gen_ts-8cec2bec66276c47/out/test_conformance/test_messages_proto3.ts:1580:46)
    at file:///Users/thesayyn/Documents/thesayyn/protoc-gen-ts/tests/conformance/bin/main.ts:24:44

  protobuf_test_messages.proto3.TestAllTypesProto3 1
  Error: Assertion failed
    at Object.jspb.asserts.doAssertFailure (https://cdn.skypack.dev/-/google-protobuf@v3.21.2-YDUqZL2TTSsy2lGtfuND/dist=es2019,mode=imports/optimized/google-protobuf.js:778:11)
    at Object.jspb.asserts.assert (https://cdn.skypack.dev/-/google-protobuf@v3.21.2-YDUqZL2TTSsy2lGtfuND/dist=es2019,mode=imports/optimized/google-protobuf.js:783:23)
    at jspb.BinaryDecoder.readUint32 (https://cdn.skypack.dev/-/google-protobuf@v3.21.2-YDUqZL2TTSsy2lGtfuND/dist=es2019,mode=imports/optimized/google-protobuf.js:4202:18)
    at jspb.BinaryDecoder.readDouble (https://cdn.skypack.dev/-/google-protobuf@v3.21.2-YDUqZL2TTSsy2lGtfuND/dist=es2019,mode=imports/optimized/google-protobuf.js:4244:18)
    at jspb.BinaryReader.readDouble (https://cdn.skypack.dev/-/google-protobuf@v3.21.2-YDUqZL2TTSsy2lGtfuND/dist=es2019,mode=imports/optimized/google-protobuf.js:4620:26)
    at Function.deserialize (file:///Users/thesayyn/Documents/thesayyn/protoc-gen-ts/target/debug/build/protoc_gen_ts-8cec2bec66276c47/out/test_conformance/test_messages_proto3.ts:205:50)
    at file:///Users/thesayyn/Documents/thesayyn/protoc-gen-ts/tests/conformance/bin/main.ts:23:78

  protobuf_test_messages.proto2.TestAllTypesProto2 1
  Error: Assertion failed
    at Object.jspb.asserts.doAssertFailure (https://cdn.skypack.dev/-/google-protobuf@v3.21.2-YDUqZL2TTSsy2lGtfuND/dist=es2019,mode=imports/optimized/google-protobuf.js:778:11)
    at Object.jspb.asserts.assert (https://cdn.skypack.dev/-/google-protobuf@v3.21.2-YDUqZL2TTSsy2lGtfuND/dist=es2019,mode=imports/optimized/google-protobuf.js:783:23)
    at jspb.BinaryDecoder.readUint32 (https://cdn.skypack.dev/-/google-protobuf@v3.21.2-YDUqZL2TTSsy2lGtfuND/dist=es2019,mode=imports/optimized/google-protobuf.js:4202:18)
    at jspb.BinaryDecoder.readDouble (https://cdn.skypack.dev/-/google-protobuf@v3.21.2-YDUqZL2TTSsy2lGtfuND/dist=es2019,mode=imports/optimized/google-protobuf.js:4244:18)
    at jspb.BinaryReader.readDouble (https://cdn.skypack.dev/-/google-protobuf@v3.21.2-YDUqZL2TTSsy2lGtfuND/dist=es2019,mode=imports/optimized/google-protobuf.js:4620:26)
    at Function.deserialize (file:///Users/thesayyn/Documents/thesayyn/protoc-gen-ts/target/debug/build/protoc_gen_ts-8cec2bec66276c47/out/test_conformance/test_messages_proto2.ts:181:50)
    at file:///Users/thesayyn/Documents/thesayyn/protoc-gen-ts/tests/conformance/bin/main.ts:30:78

  protobuf_test_messages.proto3.TestAllTypesProto3 1
  Error: Assertion failed
    at Object.jspb.asserts.doAssertFailure (https://cdn.skypack.dev/-/google-protobuf@v3.21.2-YDUqZL2TTSsy2lGtfuND/dist=es2019,mode=imports/optimized/google-protobuf.js:778:11)
    at Object.jspb.asserts.assert (https://cdn.skypack.dev/-/google-protobuf@v3.21.2-YDUqZL2TTSsy2lGtfuND/dist=es2019,mode=imports/optimized/google-protobuf.js:783:23)
    at jspb.BinaryDecoder.readUint32 (https://cdn.skypack.dev/-/google-protobuf@v3.21.2-YDUqZL2TTSsy2lGtfuND/dist=es2019,mode=imports/optimized/google-protobuf.js:4202:18)
    at jspb.BinaryDecoder.readDouble (https://cdn.skypack.dev/-/google-protobuf@v3.21.2-YDUqZL2TTSsy2lGtfuND/dist=es2019,mode=imports/optimized/google-protobuf.js:4244:18)
    at jspb.BinaryReader.readDouble (https://cdn.skypack.dev/-/google-protobuf@v3.21.2-YDUqZL2TTSsy2lGtfuND/dist=es2019,mode=imports/optimized/google-protobuf.js:4620:26)
    at Function.deserialize (file:///Users/thesayyn/Documents/thesayyn/protoc-gen-ts/target/debug/build/protoc_gen_ts-8cec2bec66276c47/out/test_conformance/test_messages_proto3.ts:286:58)
    at file:///Users/thesayyn/Documents/thesayyn/protoc-gen-ts/tests/conformance/bin/main.ts:23:78

  protobuf_test_messages.proto2.TestAllTypesProto2 1
  Error: Assertion failed
    at Object.jspb.asserts.doAssertFailure (https://cdn.skypack.dev/-/google-protobuf@v3.21.2-YDUqZL2TTSsy2lGtfuND/dist=es2019,mode=imports/optimized/google-protobuf.js:778:11)
    at Object.jspb.asserts.assert (https://cdn.skypack.dev/-/google-protobuf@v3.21.2-YDUqZL2TTSsy2lGtfuND/dist=es2019,mode=imports/optimized/google-protobuf.js:783:23)
    at jspb.BinaryDecoder.readUint32 (https://cdn.skypack.dev/-/google-protobuf@v3.21.2-YDUqZL2TTSsy2lGtfuND/dist=es2019,mode=imports/optimized/google-protobuf.js:4202:18)
    at jspb.BinaryDecoder.readDouble (https://cdn.skypack.dev/-/google-protobuf@v3.21.2-YDUqZL2TTSsy2lGtfuND/dist=es2019,mode=imports/optimized/google-protobuf.js:4244:18)
    at jspb.BinaryReader.readDouble (https://cdn.skypack.dev/-/google-protobuf@v3.21.2-YDUqZL2TTSsy2lGtfuND/dist=es2019,mode=imports/optimized/google-protobuf.js:4620:26)
    at Function.deserialize (file:///Users/thesayyn/Documents/thesayyn/protoc-gen-ts/target/debug/build/protoc_gen_ts-8cec2bec66276c47/out/test_conformance/test_messages_proto2.ts:247:53)
    at file:///Users/thesayyn/Documents/thesayyn/protoc-gen-ts/tests/conformance/bin/main.ts:30:78

  protobuf_test_messages.proto3.TestAllTypesProto3 1
  Error: Assertion failed
    at Object.jspb.asserts.doAssertFailure (https://cdn.skypack.dev/-/google-protobuf@v3.21.2-YDUqZL2TTSsy2lGtfuND/dist=es2019,mode=imports/optimized/google-protobuf.js:778:11)
    at Object.jspb.asserts.assert (https://cdn.skypack.dev/-/google-protobuf@v3.21.2-YDUqZL2TTSsy2lGtfuND/dist=es2019,mode=imports/optimized/google-protobuf.js:783:23)
    at jspb.BinaryDecoder.advance (https://cdn.skypack.dev/-/google-protobuf@v3.21.2-YDUqZL2TTSsy2lGtfuND/dist=es2019,mode=imports/optimized/google-protobuf.js:4081:18)
    at jspb.BinaryReader.skipFixed64Field (https://cdn.skypack.dev/-/google-protobuf@v3.21.2-YDUqZL2TTSsy2lGtfuND/dist=es2019,mode=imports/optimized/google-protobuf.js:4409:163)
    at jspb.BinaryReader.skipField (https://cdn.skypack.dev/-/google-protobuf@v3.21.2-YDUqZL2TTSsy2lGtfuND/dist=es2019,mode=imports/optimized/google-protobuf.js:4432:14)
    at Function.deserialize (file:///Users/thesayyn/Documents/thesayyn/protoc-gen-ts/target/debug/build/protoc_gen_ts-8cec2bec66276c47/out/test_conformance/test_messages_proto3.ts:958:24)
    at file:///Users/thesayyn/Documents/thesayyn/protoc-gen-ts/tests/conformance/bin/main.ts:23:78

  protobuf_test_messages.proto2.TestAllTypesProto2 1
  Error: Assertion failed
    at Object.jspb.asserts.doAssertFailure (https://cdn.skypack.dev/-/google-protobuf@v3.21.2-YDUqZL2TTSsy2lGtfuND/dist=es2019,mode=imports/optimized/google-protobuf.js:778:11)
    at Object.jspb.asserts.assert (https://cdn.skypack.dev/-/google-protobuf@v3.21.2-YDUqZL2TTSsy2lGtfuND/dist=es2019,mode=imports/optimized/google-protobuf.js:783:23)
    at jspb.BinaryDecoder.advance (https://cdn.skypack.dev/-/google-protobuf@v3.21.2-YDUqZL2TTSsy2lGtfuND/dist=es2019,mode=imports/optimized/google-protobuf.js:4081:18)
    at jspb.BinaryReader.skipFixed64Field (https://cdn.skypack.dev/-/google-protobuf@v3.21.2-YDUqZL2TTSsy2lGtfuND/dist=es2019,mode=imports/optimized/google-protobuf.js:4409:163)
    at jspb.BinaryReader.skipField (https://cdn.skypack.dev/-/google-protobuf@v3.21.2-YDUqZL2TTSsy2lGtfuND/dist=es2019,mode=imports/optimized/google-protobuf.js:4432:14)
    at Function.deserialize (file:///Users/thesayyn/Documents/thesayyn/protoc-gen-ts/target/debug/build/protoc_gen_ts-8cec2bec66276c47/out/test_conformance/test_messages_proto2.ts:865:24)
    at file:///Users/thesayyn/Documents/thesayyn/protoc-gen-ts/tests/conformance/bin/main.ts:30:78

  protobuf_test_messages.proto3.TestAllTypesProto3 1
  Error: Assertion failed
    at Object.jspb.asserts.doAssertFailure (https://cdn.skypack.dev/-/google-protobuf@v3.21.2-YDUqZL2TTSsy2lGtfuND/dist=es2019,mode=imports/optimized/google-protobuf.js:778:11)
    at Object.jspb.asserts.assert (https://cdn.skypack.dev/-/google-protobuf@v3.21.2-YDUqZL2TTSsy2lGtfuND/dist=es2019,mode=imports/optimized/google-protobuf.js:783:23)
    at jspb.BinaryDecoder.readUint32 (https://cdn.skypack.dev/-/google-protobuf@v3.21.2-YDUqZL2TTSsy2lGtfuND/dist=es2019,mode=imports/optimized/google-protobuf.js:4202:18)
    at jspb.BinaryDecoder.readDouble (https://cdn.skypack.dev/-/google-protobuf@v3.21.2-YDUqZL2TTSsy2lGtfuND/dist=es2019,mode=imports/optimized/google-protobuf.js:4244:41)
    at jspb.BinaryReader.readDouble (https://cdn.skypack.dev/-/google-protobuf@v3.21.2-YDUqZL2TTSsy2lGtfuND/dist=es2019,mode=imports/optimized/google-protobuf.js:4620:26)
    at Function.deserialize (file:///Users/thesayyn/Documents/thesayyn/protoc-gen-ts/target/debug/build/protoc_gen_ts-8cec2bec66276c47/out/test_conformance/test_messages_proto3.ts:205:50)
    at file:///Users/thesayyn/Documents/thesayyn/protoc-gen-ts/tests/conformance/bin/main.ts:23:78

  protobuf_test_messages.proto2.TestAllTypesProto2 1
  Error: Assertion failed
    at Object.jspb.asserts.doAssertFailure (https://cdn.skypack.dev/-/google-protobuf@v3.21.2-YDUqZL2TTSsy2lGtfuND/dist=es2019,mode=imports/optimized/google-protobuf.js:778:11)
    at Object.jspb.asserts.assert (https://cdn.skypack.dev/-/google-protobuf@v3.21.2-YDUqZL2TTSsy2lGtfuND/dist=es2019,mode=imports/optimized/google-protobuf.js:783:23)
    at jspb.BinaryDecoder.readUint32 (https://cdn.skypack.dev/-/google-protobuf@v3.21.2-YDUqZL2TTSsy2lGtfuND/dist=es2019,mode=imports/optimized/google-protobuf.js:4202:18)
    at jspb.BinaryDecoder.readDouble (https://cdn.skypack.dev/-/google-protobuf@v3.21.2-YDUqZL2TTSsy2lGtfuND/dist=es2019,mode=imports/optimized/google-protobuf.js:4244:41)
    at jspb.BinaryReader.readDouble (https://cdn.skypack.dev/-/google-protobuf@v3.21.2-YDUqZL2TTSsy2lGtfuND/dist=es2019,mode=imports/optimized/google-protobuf.js:4620:26)
    at Function.deserialize (file:///Users/thesayyn/Documents/thesayyn/protoc-gen-ts/target/debug/build/protoc_gen_ts-8cec2bec66276c47/out/test_conformance/test_messages_proto2.ts:181:50)
    at file:///Users/thesayyn/Documents/thesayyn/protoc-gen-ts/tests/conformance/bin/main.ts:30:78

  protobuf_test_messages.proto3.TestAllTypesProto3 1
  Error: Assertion failed
    at Object.jspb.asserts.doAssertFailure (https://cdn.skypack.dev/-/google-protobuf@v3.21.2-YDUqZL2TTSsy2lGtfuND/dist=es2019,mode=imports/optimized/google-protobuf.js:778:11)
    at Object.jspb.asserts.assert (https://cdn.skypack.dev/-/google-protobuf@v3.21.2-YDUqZL2TTSsy2lGtfuND/dist=es2019,mode=imports/optimized/google-protobuf.js:783:23)
    at jspb.BinaryDecoder.readUint32 (https://cdn.skypack.dev/-/google-protobuf@v3.21.2-YDUqZL2TTSsy2lGtfuND/dist=es2019,mode=imports/optimized/google-protobuf.js:4202:18)
    at jspb.BinaryDecoder.readDouble (https://cdn.skypack.dev/-/google-protobuf@v3.21.2-YDUqZL2TTSsy2lGtfuND/dist=es2019,mode=imports/optimized/google-protobuf.js:4244:41)
    at jspb.BinaryReader.readDouble (https://cdn.skypack.dev/-/google-protobuf@v3.21.2-YDUqZL2TTSsy2lGtfuND/dist=es2019,mode=imports/optimized/google-protobuf.js:4620:26)
    at Function.deserialize (file:///Users/thesayyn/Documents/thesayyn/protoc-gen-ts/target/debug/build/protoc_gen_ts-8cec2bec66276c47/out/test_conformance/test_messages_proto3.ts:286:58)
    at file:///Users/thesayyn/Documents/thesayyn/protoc-gen-ts/tests/conformance/bin/main.ts:23:78

  protobuf_test_messages.proto2.TestAllTypesProto2 1
  Error: Assertion failed
    at Object.jspb.asserts.doAssertFailure (https://cdn.skypack.dev/-/google-protobuf@v3.21.2-YDUqZL2TTSsy2lGtfuND/dist=es2019,mode=imports/optimized/google-protobuf.js:778:11)
    at Object.jspb.asserts.assert (https://cdn.skypack.dev/-/google-protobuf@v3.21.2-YDUqZL2TTSsy2lGtfuND/dist=es2019,mode=imports/optimized/google-protobuf.js:783:23)
    at jspb.BinaryDecoder.readUint32 (https://cdn.skypack.dev/-/google-protobuf@v3.21.2-YDUqZL2TTSsy2lGtfuND/dist=es2019,mode=imports/optimized/google-protobuf.js:4202:18)
    at jspb.BinaryDecoder.readDouble (https://cdn.skypack.dev/-/google-protobuf@v3.21.2-YDUqZL2TTSsy2lGtfuND/dist=es2019,mode=imports/optimized/google-protobuf.js:4244:41)
    at jspb.BinaryReader.readDouble (https://cdn.skypack.dev/-/google-protobuf@v3.21.2-YDUqZL2TTSsy2lGtfuND/dist=es2019,mode=imports/optimized/google-protobuf.js:4620:26)
    at Function.deserialize (file:///Users/thesayyn/Documents/thesayyn/protoc-gen-ts/target/debug/build/protoc_gen_ts-8cec2bec66276c47/out/test_conformance/test_messages_proto2.ts:247:53)
    at file:///Users/thesayyn/Documents/thesayyn/protoc-gen-ts/tests/conformance/bin/main.ts:30:78

  protobuf_test_messages.proto3.TestAllTypesProto3 1
  Error: Assertion failed
    at Object.jspb.asserts.doAssertFailure (https://cdn.skypack.dev/-/google-protobuf@v3.21.2-YDUqZL2TTSsy2lGtfuND/dist=es2019,mode=imports/optimized/google-protobuf.js:778:11)
    at Object.jspb.asserts.assert (https://cdn.skypack.dev/-/google-protobuf@v3.21.2-YDUqZL2TTSsy2lGtfuND/dist=es2019,mode=imports/optimized/google-protobuf.js:783:23)
    at jspb.BinaryDecoder.advance (https://cdn.skypack.dev/-/google-protobuf@v3.21.2-YDUqZL2TTSsy2lGtfuND/dist=es2019,mode=imports/optimized/google-protobuf.js:4081:18)
    at jspb.BinaryReader.skipFixed64Field (https://cdn.skypack.dev/-/google-protobuf@v3.21.2-YDUqZL2TTSsy2lGtfuND/dist=es2019,mode=imports/optimized/google-protobuf.js:4409:163)
    at jspb.BinaryReader.skipField (https://cdn.skypack.dev/-/google-protobuf@v3.21.2-YDUqZL2TTSsy2lGtfuND/dist=es2019,mode=imports/optimized/google-protobuf.js:4432:14)
    at Function.deserialize (file:///Users/thesayyn/Documents/thesayyn/protoc-gen-ts/target/debug/build/protoc_gen_ts-8cec2bec66276c47/out/test_conformance/test_messages_proto3.ts:958:24)
    at file:///Users/thesayyn/Documents/thesayyn/protoc-gen-ts/tests/conformance/bin/main.ts:23:78

  protobuf_test_messages.proto2.TestAllTypesProto2 1
  Error: Assertion failed
    at Object.jspb.asserts.doAssertFailure (https://cdn.skypack.dev/-/google-protobuf@v3.21.2-YDUqZL2TTSsy2lGtfuND/dist=es2019,mode=imports/optimized/google-protobuf.js:778:11)
    at Object.jspb.asserts.assert (https://cdn.skypack.dev/-/google-protobuf@v3.21.2-YDUqZL2TTSsy2lGtfuND/dist=es2019,mode=imports/optimized/google-protobuf.js:783:23)
    at jspb.BinaryDecoder.advance (https://cdn.skypack.dev/-/google-protobuf@v3.21.2-YDUqZL2TTSsy2lGtfuND/dist=es2019,mode=imports/optimized/google-protobuf.js:4081:18)
    at jspb.BinaryReader.skipFixed64Field (https://cdn.skypack.dev/-/google-protobuf@v3.21.2-YDUqZL2TTSsy2lGtfuND/dist=es2019,mode=imports/optimized/google-protobuf.js:4409:163)
    at jspb.BinaryReader.skipField (https://cdn.skypack.dev/-/google-protobuf@v3.21.2-YDUqZL2TTSsy2lGtfuND/dist=es2019,mode=imports/optimized/google-protobuf.js:4432:14)
    at Function.deserialize (file:///Users/thesayyn/Documents/thesayyn/protoc-gen-ts/target/debug/build/protoc_gen_ts-8cec2bec66276c47/out/test_conformance/test_messages_proto2.ts:865:24)
    at file:///Users/thesayyn/Documents/thesayyn/protoc-gen-ts/tests/conformance/bin/main.ts:30:78

  protobuf_test_messages.proto3.TestAllTypesProto3 1
  Error: Assertion failed
    at Object.jspb.asserts.doAssertFailure (https://cdn.skypack.dev/-/google-protobuf@v3.21.2-YDUqZL2TTSsy2lGtfuND/dist=es2019,mode=imports/optimized/google-protobuf.js:778:11)
    at Object.jspb.asserts.assert (https://cdn.skypack.dev/-/google-protobuf@v3.21.2-YDUqZL2TTSsy2lGtfuND/dist=es2019,mode=imports/optimized/google-protobuf.js:783:23)
    at jspb.BinaryDecoder.readUint32 (https://cdn.skypack.dev/-/google-protobuf@v3.21.2-YDUqZL2TTSsy2lGtfuND/dist=es2019,mode=imports/optimized/google-protobuf.js:4202:18)
    at jspb.BinaryDecoder.readDouble (https://cdn.skypack.dev/-/google-protobuf@v3.21.2-YDUqZL2TTSsy2lGtfuND/dist=es2019,mode=imports/optimized/google-protobuf.js:4244:41)
    at jspb.BinaryReader.readPackedField_ (https://cdn.skypack.dev/-/google-protobuf@v3.21.2-YDUqZL2TTSsy2lGtfuND/dist=es2019,mode=imports/optimized/google-protobuf.js:4676:16)
    at jspb.BinaryReader.readPackedDouble (https://cdn.skypack.dev/-/google-protobuf@v3.21.2-YDUqZL2TTSsy2lGtfuND/dist=es2019,mode=imports/optimized/google-protobuf.js:4745:17)
    at Function.deserialize (file:///Users/thesayyn/Documents/thesayyn/protoc-gen-ts/target/debug/build/protoc_gen_ts-8cec2bec66276c47/out/test_conformance/test_messages_proto3.ts:285:78)
    at file:///Users/thesayyn/Documents/thesayyn/protoc-gen-ts/tests/conformance/bin/main.ts:23:78

  protobuf_test_messages.proto2.TestAllTypesProto2 1
  Error: Assertion failed
    at Object.jspb.asserts.doAssertFailure (https://cdn.skypack.dev/-/google-protobuf@v3.21.2-YDUqZL2TTSsy2lGtfuND/dist=es2019,mode=imports/optimized/google-protobuf.js:778:11)
    at Object.jspb.asserts.assert (https://cdn.skypack.dev/-/google-protobuf@v3.21.2-YDUqZL2TTSsy2lGtfuND/dist=es2019,mode=imports/optimized/google-protobuf.js:783:23)
    at jspb.BinaryReader.readDouble (https://cdn.skypack.dev/-/google-protobuf@v3.21.2-YDUqZL2TTSsy2lGtfuND/dist=es2019,mode=imports/optimized/google-protobuf.js:4619:18)
    at Function.deserialize (file:///Users/thesayyn/Documents/thesayyn/protoc-gen-ts/target/debug/build/protoc_gen_ts-8cec2bec66276c47/out/test_conformance/test_messages_proto2.ts:247:53)
    at file:///Users/thesayyn/Documents/thesayyn/protoc-gen-ts/tests/conformance/bin/main.ts:30:78

  protobuf_test_messages.proto3.TestAllTypesProto3 1
  Error: Assertion failed
    at Object.jspb.asserts.doAssertFailure (https://cdn.skypack.dev/-/google-protobuf@v3.21.2-YDUqZL2TTSsy2lGtfuND/dist=es2019,mode=imports/optimized/google-protobuf.js:778:11)
    at Object.jspb.asserts.assert (https://cdn.skypack.dev/-/google-protobuf@v3.21.2-YDUqZL2TTSsy2lGtfuND/dist=es2019,mode=imports/optimized/google-protobuf.js:783:23)
    at jspb.BinaryDecoder.readUint32 (https://cdn.skypack.dev/-/google-protobuf@v3.21.2-YDUqZL2TTSsy2lGtfuND/dist=es2019,mode=imports/optimized/google-protobuf.js:4202:18)
    at jspb.BinaryDecoder.readDouble (https://cdn.skypack.dev/-/google-protobuf@v3.21.2-YDUqZL2TTSsy2lGtfuND/dist=es2019,mode=imports/optimized/google-protobuf.js:4244:18)
    at jspb.BinaryReader.readPackedField_ (https://cdn.skypack.dev/-/google-protobuf@v3.21.2-YDUqZL2TTSsy2lGtfuND/dist=es2019,mode=imports/optimized/google-protobuf.js:4676:16)
    at jspb.BinaryReader.readPackedDouble (https://cdn.skypack.dev/-/google-protobuf@v3.21.2-YDUqZL2TTSsy2lGtfuND/dist=es2019,mode=imports/optimized/google-protobuf.js:4745:17)
    at Function.deserialize (file:///Users/thesayyn/Documents/thesayyn/protoc-gen-ts/target/debug/build/protoc_gen_ts-8cec2bec66276c47/out/test_conformance/test_messages_proto3.ts:285:78)
    at file:///Users/thesayyn/Documents/thesayyn/protoc-gen-ts/tests/conformance/bin/main.ts:23:78

  protobuf_test_messages.proto2.TestAllTypesProto2 1
  Error: Assertion failed
    at Object.jspb.asserts.doAssertFailure (https://cdn.skypack.dev/-/google-protobuf@v3.21.2-YDUqZL2TTSsy2lGtfuND/dist=es2019,mode=imports/optimized/google-protobuf.js:778:11)
    at Object.jspb.asserts.assert (https://cdn.skypack.dev/-/google-protobuf@v3.21.2-YDUqZL2TTSsy2lGtfuND/dist=es2019,mode=imports/optimized/google-protobuf.js:783:23)
    at jspb.BinaryReader.readDouble (https://cdn.skypack.dev/-/google-protobuf@v3.21.2-YDUqZL2TTSsy2lGtfuND/dist=es2019,mode=imports/optimized/google-protobuf.js:4619:18)
    at Function.deserialize (file:///Users/thesayyn/Documents/thesayyn/protoc-gen-ts/target/debug/build/protoc_gen_ts-8cec2bec66276c47/out/test_conformance/test_messages_proto2.ts:247:53)
    at file:///Users/thesayyn/Documents/thesayyn/protoc-gen-ts/tests/conformance/bin/main.ts:30:78

  protobuf_test_messages.proto3.TestAllTypesProto3 1
  Error: Assertion failed
    at Object.jspb.asserts.doAssertFailure (https://cdn.skypack.dev/-/google-protobuf@v3.21.2-YDUqZL2TTSsy2lGtfuND/dist=es2019,mode=imports/optimized/google-protobuf.js:778:11)
    at Object.jspb.asserts.assert (https://cdn.skypack.dev/-/google-protobuf@v3.21.2-YDUqZL2TTSsy2lGtfuND/dist=es2019,mode=imports/optimized/google-protobuf.js:783:23)
    at jspb.BinaryDecoder.readUint32 (https://cdn.skypack.dev/-/google-protobuf@v3.21.2-YDUqZL2TTSsy2lGtfuND/dist=es2019,mode=imports/optimized/google-protobuf.js:4202:18)
    at jspb.BinaryDecoder.readFloat (https://cdn.skypack.dev/-/google-protobuf@v3.21.2-YDUqZL2TTSsy2lGtfuND/dist=es2019,mode=imports/optimized/google-protobuf.js:4240:18)
    at jspb.BinaryReader.readFloat (https://cdn.skypack.dev/-/google-protobuf@v3.21.2-YDUqZL2TTSsy2lGtfuND/dist=es2019,mode=imports/optimized/google-protobuf.js:4615:26)
    at Function.deserialize (file:///Users/thesayyn/Documents/thesayyn/protoc-gen-ts/target/debug/build/protoc_gen_ts-8cec2bec66276c47/out/test_conformance/test_messages_proto3.ts:202:49)
    at file:///Users/thesayyn/Documents/thesayyn/protoc-gen-ts/tests/conformance/bin/main.ts:23:78

  protobuf_test_messages.proto2.TestAllTypesProto2 1
  Error: Assertion failed
    at Object.jspb.asserts.doAssertFailure (https://cdn.skypack.dev/-/google-protobuf@v3.21.2-YDUqZL2TTSsy2lGtfuND/dist=es2019,mode=imports/optimized/google-protobuf.js:778:11)
    at Object.jspb.asserts.assert (https://cdn.skypack.dev/-/google-protobuf@v3.21.2-YDUqZL2TTSsy2lGtfuND/dist=es2019,mode=imports/optimized/google-protobuf.js:783:23)
    at jspb.BinaryDecoder.readUint32 (https://cdn.skypack.dev/-/google-protobuf@v3.21.2-YDUqZL2TTSsy2lGtfuND/dist=es2019,mode=imports/optimized/google-protobuf.js:4202:18)
    at jspb.BinaryDecoder.readFloat (https://cdn.skypack.dev/-/google-protobuf@v3.21.2-YDUqZL2TTSsy2lGtfuND/dist=es2019,mode=imports/optimized/google-protobuf.js:4240:18)
    at jspb.BinaryReader.readFloat (https://cdn.skypack.dev/-/google-protobuf@v3.21.2-YDUqZL2TTSsy2lGtfuND/dist=es2019,mode=imports/optimized/google-protobuf.js:4615:26)
    at Function.deserialize (file:///Users/thesayyn/Documents/thesayyn/protoc-gen-ts/target/debug/build/protoc_gen_ts-8cec2bec66276c47/out/test_conformance/test_messages_proto2.ts:178:49)
    at file:///Users/thesayyn/Documents/thesayyn/protoc-gen-ts/tests/conformance/bin/main.ts:30:78

  protobuf_test_messages.proto3.TestAllTypesProto3 1
  Error: Assertion failed
    at Object.jspb.asserts.doAssertFailure (https://cdn.skypack.dev/-/google-protobuf@v3.21.2-YDUqZL2TTSsy2lGtfuND/dist=es2019,mode=imports/optimized/google-protobuf.js:778:11)
    at Object.jspb.asserts.assert (https://cdn.skypack.dev/-/google-protobuf@v3.21.2-YDUqZL2TTSsy2lGtfuND/dist=es2019,mode=imports/optimized/google-protobuf.js:783:23)
    at jspb.BinaryDecoder.readUint32 (https://cdn.skypack.dev/-/google-protobuf@v3.21.2-YDUqZL2TTSsy2lGtfuND/dist=es2019,mode=imports/optimized/google-protobuf.js:4202:18)
    at jspb.BinaryDecoder.readFloat (https://cdn.skypack.dev/-/google-protobuf@v3.21.2-YDUqZL2TTSsy2lGtfuND/dist=es2019,mode=imports/optimized/google-protobuf.js:4240:18)
    at jspb.BinaryReader.readFloat (https://cdn.skypack.dev/-/google-protobuf@v3.21.2-YDUqZL2TTSsy2lGtfuND/dist=es2019,mode=imports/optimized/google-protobuf.js:4615:26)
    at Function.deserialize (file:///Users/thesayyn/Documents/thesayyn/protoc-gen-ts/target/debug/build/protoc_gen_ts-8cec2bec66276c47/out/test_conformance/test_messages_proto3.ts:282:57)
    at file:///Users/thesayyn/Documents/thesayyn/protoc-gen-ts/tests/conformance/bin/main.ts:23:78

  protobuf_test_messages.proto2.TestAllTypesProto2 1
  Error: Assertion failed
    at Object.jspb.asserts.doAssertFailure (https://cdn.skypack.dev/-/google-protobuf@v3.21.2-YDUqZL2TTSsy2lGtfuND/dist=es2019,mode=imports/optimized/google-protobuf.js:778:11)
    at Object.jspb.asserts.assert (https://cdn.skypack.dev/-/google-protobuf@v3.21.2-YDUqZL2TTSsy2lGtfuND/dist=es2019,mode=imports/optimized/google-protobuf.js:783:23)
    at jspb.BinaryDecoder.readUint32 (https://cdn.skypack.dev/-/google-protobuf@v3.21.2-YDUqZL2TTSsy2lGtfuND/dist=es2019,mode=imports/optimized/google-protobuf.js:4202:18)
    at jspb.BinaryDecoder.readFloat (https://cdn.skypack.dev/-/google-protobuf@v3.21.2-YDUqZL2TTSsy2lGtfuND/dist=es2019,mode=imports/optimized/google-protobuf.js:4240:18)
    at jspb.BinaryReader.readFloat (https://cdn.skypack.dev/-/google-protobuf@v3.21.2-YDUqZL2TTSsy2lGtfuND/dist=es2019,mode=imports/optimized/google-protobuf.js:4615:26)
    at Function.deserialize (file:///Users/thesayyn/Documents/thesayyn/protoc-gen-ts/target/debug/build/protoc_gen_ts-8cec2bec66276c47/out/test_conformance/test_messages_proto2.ts:244:52)
    at file:///Users/thesayyn/Documents/thesayyn/protoc-gen-ts/tests/conformance/bin/main.ts:30:78

  protobuf_test_messages.proto3.TestAllTypesProto3 1
  Error: Assertion failed
    at Object.jspb.asserts.doAssertFailure (https://cdn.skypack.dev/-/google-protobuf@v3.21.2-YDUqZL2TTSsy2lGtfuND/dist=es2019,mode=imports/optimized/google-protobuf.js:778:11)
    at Object.jspb.asserts.assert (https://cdn.skypack.dev/-/google-protobuf@v3.21.2-YDUqZL2TTSsy2lGtfuND/dist=es2019,mode=imports/optimized/google-protobuf.js:783:23)
    at jspb.BinaryDecoder.advance (https://cdn.skypack.dev/-/google-protobuf@v3.21.2-YDUqZL2TTSsy2lGtfuND/dist=es2019,mode=imports/optimized/google-protobuf.js:4081:18)
    at jspb.BinaryReader.skipFixed32Field (https://cdn.skypack.dev/-/google-protobuf@v3.21.2-YDUqZL2TTSsy2lGtfuND/dist=es2019,mode=imports/optimized/google-protobuf.js:4406:163)
    at jspb.BinaryReader.skipField (https://cdn.skypack.dev/-/google-protobuf@v3.21.2-YDUqZL2TTSsy2lGtfuND/dist=es2019,mode=imports/optimized/google-protobuf.js:4438:14)
    at Function.deserialize (file:///Users/thesayyn/Documents/thesayyn/protoc-gen-ts/target/debug/build/protoc_gen_ts-8cec2bec66276c47/out/test_conformance/test_messages_proto3.ts:958:24)
    at file:///Users/thesayyn/Documents/thesayyn/protoc-gen-ts/tests/conformance/bin/main.ts:23:78

  protobuf_test_messages.proto2.TestAllTypesProto2 1
  Error: Assertion failed
    at Object.jspb.asserts.doAssertFailure (https://cdn.skypack.dev/-/google-protobuf@v3.21.2-YDUqZL2TTSsy2lGtfuND/dist=es2019,mode=imports/optimized/google-protobuf.js:778:11)
    at Object.jspb.asserts.assert (https://cdn.skypack.dev/-/google-protobuf@v3.21.2-YDUqZL2TTSsy2lGtfuND/dist=es2019,mode=imports/optimized/google-protobuf.js:783:23)
    at jspb.BinaryDecoder.advance (https://cdn.skypack.dev/-/google-protobuf@v3.21.2-YDUqZL2TTSsy2lGtfuND/dist=es2019,mode=imports/optimized/google-protobuf.js:4081:18)
    at jspb.BinaryReader.skipFixed32Field (https://cdn.skypack.dev/-/google-protobuf@v3.21.2-YDUqZL2TTSsy2lGtfuND/dist=es2019,mode=imports/optimized/google-protobuf.js:4406:163)
    at jspb.BinaryReader.skipField (https://cdn.skypack.dev/-/google-protobuf@v3.21.2-YDUqZL2TTSsy2lGtfuND/dist=es2019,mode=imports/optimized/google-protobuf.js:4438:14)
    at Function.deserialize (file:///Users/thesayyn/Documents/thesayyn/protoc-gen-ts/target/debug/build/protoc_gen_ts-8cec2bec66276c47/out/test_conformance/test_messages_proto2.ts:865:24)
    at file:///Users/thesayyn/Documents/thesayyn/protoc-gen-ts/tests/conformance/bin/main.ts:30:78

  protobuf_test_messages.proto3.TestAllTypesProto3 1
  Error: Assertion failed
    at Object.jspb.asserts.doAssertFailure (https://cdn.skypack.dev/-/google-protobuf@v3.21.2-YDUqZL2TTSsy2lGtfuND/dist=es2019,mode=imports/optimized/google-protobuf.js:778:11)
    at Object.jspb.asserts.assert (https://cdn.skypack.dev/-/google-protobuf@v3.21.2-YDUqZL2TTSsy2lGtfuND/dist=es2019,mode=imports/optimized/google-protobuf.js:783:23)
    at jspb.BinaryDecoder.readUint32 (https://cdn.skypack.dev/-/google-protobuf@v3.21.2-YDUqZL2TTSsy2lGtfuND/dist=es2019,mode=imports/optimized/google-protobuf.js:4202:18)
    at jspb.BinaryDecoder.readFloat (https://cdn.skypack.dev/-/google-protobuf@v3.21.2-YDUqZL2TTSsy2lGtfuND/dist=es2019,mode=imports/optimized/google-protobuf.js:4240:18)
    at jspb.BinaryReader.readFloat (https://cdn.skypack.dev/-/google-protobuf@v3.21.2-YDUqZL2TTSsy2lGtfuND/dist=es2019,mode=imports/optimized/google-protobuf.js:4615:26)
    at Function.deserialize (file:///Users/thesayyn/Documents/thesayyn/protoc-gen-ts/target/debug/build/protoc_gen_ts-8cec2bec66276c47/out/test_conformance/test_messages_proto3.ts:202:49)
    at file:///Users/thesayyn/Documents/thesayyn/protoc-gen-ts/tests/conformance/bin/main.ts:23:78

  protobuf_test_messages.proto2.TestAllTypesProto2 1
  Error: Assertion failed
    at Object.jspb.asserts.doAssertFailure (https://cdn.skypack.dev/-/google-protobuf@v3.21.2-YDUqZL2TTSsy2lGtfuND/dist=es2019,mode=imports/optimized/google-protobuf.js:778:11)
    at Object.jspb.asserts.assert (https://cdn.skypack.dev/-/google-protobuf@v3.21.2-YDUqZL2TTSsy2lGtfuND/dist=es2019,mode=imports/optimized/google-protobuf.js:783:23)
    at jspb.BinaryDecoder.readUint32 (https://cdn.skypack.dev/-/google-protobuf@v3.21.2-YDUqZL2TTSsy2lGtfuND/dist=es2019,mode=imports/optimized/google-protobuf.js:4202:18)
    at jspb.BinaryDecoder.readFloat (https://cdn.skypack.dev/-/google-protobuf@v3.21.2-YDUqZL2TTSsy2lGtfuND/dist=es2019,mode=imports/optimized/google-protobuf.js:4240:18)
    at jspb.BinaryReader.readFloat (https://cdn.skypack.dev/-/google-protobuf@v3.21.2-YDUqZL2TTSsy2lGtfuND/dist=es2019,mode=imports/optimized/google-protobuf.js:4615:26)
    at Function.deserialize (file:///Users/thesayyn/Documents/thesayyn/protoc-gen-ts/target/debug/build/protoc_gen_ts-8cec2bec66276c47/out/test_conformance/test_messages_proto2.ts:178:49)
    at file:///Users/thesayyn/Documents/thesayyn/protoc-gen-ts/tests/conformance/bin/main.ts:30:78

  protobuf_test_messages.proto3.TestAllTypesProto3 1
  Error: Assertion failed
    at Object.jspb.asserts.doAssertFailure (https://cdn.skypack.dev/-/google-protobuf@v3.21.2-YDUqZL2TTSsy2lGtfuND/dist=es2019,mode=imports/optimized/google-protobuf.js:778:11)
    at Object.jspb.asserts.assert (https://cdn.skypack.dev/-/google-protobuf@v3.21.2-YDUqZL2TTSsy2lGtfuND/dist=es2019,mode=imports/optimized/google-protobuf.js:783:23)
    at jspb.BinaryDecoder.readUint32 (https://cdn.skypack.dev/-/google-protobuf@v3.21.2-YDUqZL2TTSsy2lGtfuND/dist=es2019,mode=imports/optimized/google-protobuf.js:4202:18)
    at jspb.BinaryDecoder.readFloat (https://cdn.skypack.dev/-/google-protobuf@v3.21.2-YDUqZL2TTSsy2lGtfuND/dist=es2019,mode=imports/optimized/google-protobuf.js:4240:18)
    at jspb.BinaryReader.readFloat (https://cdn.skypack.dev/-/google-protobuf@v3.21.2-YDUqZL2TTSsy2lGtfuND/dist=es2019,mode=imports/optimized/google-protobuf.js:4615:26)
    at Function.deserialize (file:///Users/thesayyn/Documents/thesayyn/protoc-gen-ts/target/debug/build/protoc_gen_ts-8cec2bec66276c47/out/test_conformance/test_messages_proto3.ts:282:57)
    at file:///Users/thesayyn/Documents/thesayyn/protoc-gen-ts/tests/conformance/bin/main.ts:23:78

  protobuf_test_messages.proto2.TestAllTypesProto2 1
  Error: Assertion failed
    at Object.jspb.asserts.doAssertFailure (https://cdn.skypack.dev/-/google-protobuf@v3.21.2-YDUqZL2TTSsy2lGtfuND/dist=es2019,mode=imports/optimized/google-protobuf.js:778:11)
    at Object.jspb.asserts.assert (https://cdn.skypack.dev/-/google-protobuf@v3.21.2-YDUqZL2TTSsy2lGtfuND/dist=es2019,mode=imports/optimized/google-protobuf.js:783:23)
    at jspb.BinaryDecoder.readUint32 (https://cdn.skypack.dev/-/google-protobuf@v3.21.2-YDUqZL2TTSsy2lGtfuND/dist=es2019,mode=imports/optimized/google-protobuf.js:4202:18)
    at jspb.BinaryDecoder.readFloat (https://cdn.skypack.dev/-/google-protobuf@v3.21.2-YDUqZL2TTSsy2lGtfuND/dist=es2019,mode=imports/optimized/google-protobuf.js:4240:18)
    at jspb.BinaryReader.readFloat (https://cdn.skypack.dev/-/google-protobuf@v3.21.2-YDUqZL2TTSsy2lGtfuND/dist=es2019,mode=imports/optimized/google-protobuf.js:4615:26)
    at Function.deserialize (file:///Users/thesayyn/Documents/thesayyn/protoc-gen-ts/target/debug/build/protoc_gen_ts-8cec2bec66276c47/out/test_conformance/test_messages_proto2.ts:244:52)
    at file:///Users/thesayyn/Documents/thesayyn/protoc-gen-ts/tests/conformance/bin/main.ts:30:78

  protobuf_test_messages.proto3.TestAllTypesProto3 1
  Error: Assertion failed
    at Object.jspb.asserts.doAssertFailure (https://cdn.skypack.dev/-/google-protobuf@v3.21.2-YDUqZL2TTSsy2lGtfuND/dist=es2019,mode=imports/optimized/google-protobuf.js:778:11)
    at Object.jspb.asserts.assert (https://cdn.skypack.dev/-/google-protobuf@v3.21.2-YDUqZL2TTSsy2lGtfuND/dist=es2019,mode=imports/optimized/google-protobuf.js:783:23)
    at jspb.BinaryDecoder.advance (https://cdn.skypack.dev/-/google-protobuf@v3.21.2-YDUqZL2TTSsy2lGtfuND/dist=es2019,mode=imports/optimized/google-protobuf.js:4081:18)
    at jspb.BinaryReader.skipFixed32Field (https://cdn.skypack.dev/-/google-protobuf@v3.21.2-YDUqZL2TTSsy2lGtfuND/dist=es2019,mode=imports/optimized/google-protobuf.js:4406:163)
    at jspb.BinaryReader.skipField (https://cdn.skypack.dev/-/google-protobuf@v3.21.2-YDUqZL2TTSsy2lGtfuND/dist=es2019,mode=imports/optimized/google-protobuf.js:4438:14)
    at Function.deserialize (file:///Users/thesayyn/Documents/thesayyn/protoc-gen-ts/target/debug/build/protoc_gen_ts-8cec2bec66276c47/out/test_conformance/test_messages_proto3.ts:958:24)
    at file:///Users/thesayyn/Documents/thesayyn/protoc-gen-ts/tests/conformance/bin/main.ts:23:78

  protobuf_test_messages.proto2.TestAllTypesProto2 1
  Error: Assertion failed
    at Object.jspb.asserts.doAssertFailure (https://cdn.skypack.dev/-/google-protobuf@v3.21.2-YDUqZL2TTSsy2lGtfuND/dist=es2019,mode=imports/optimized/google-protobuf.js:778:11)
    at Object.jspb.asserts.assert (https://cdn.skypack.dev/-/google-protobuf@v3.21.2-YDUqZL2TTSsy2lGtfuND/dist=es2019,mode=imports/optimized/google-protobuf.js:783:23)
    at jspb.BinaryDecoder.advance (https://cdn.skypack.dev/-/google-protobuf@v3.21.2-YDUqZL2TTSsy2lGtfuND/dist=es2019,mode=imports/optimized/google-protobuf.js:4081:18)
    at jspb.BinaryReader.skipFixed32Field (https://cdn.skypack.dev/-/google-protobuf@v3.21.2-YDUqZL2TTSsy2lGtfuND/dist=es2019,mode=imports/optimized/google-protobuf.js:4406:163)
    at jspb.BinaryReader.skipField (https://cdn.skypack.dev/-/google-protobuf@v3.21.2-YDUqZL2TTSsy2lGtfuND/dist=es2019,mode=imports/optimized/google-protobuf.js:4438:14)
    at Function.deserialize (file:///Users/thesayyn/Documents/thesayyn/protoc-gen-ts/target/debug/build/protoc_gen_ts-8cec2bec66276c47/out/test_conformance/test_messages_proto2.ts:865:24)
    at file:///Users/thesayyn/Documents/thesayyn/protoc-gen-ts/tests/conformance/bin/main.ts:30:78

  protobuf_test_messages.proto3.TestAllTypesProto3 1
  Error: Assertion failed
    at Object.jspb.asserts.doAssertFailure (https://cdn.skypack.dev/-/google-protobuf@v3.21.2-YDUqZL2TTSsy2lGtfuND/dist=es2019,mode=imports/optimized/google-protobuf.js:778:11)
    at Object.jspb.asserts.assert (https://cdn.skypack.dev/-/google-protobuf@v3.21.2-YDUqZL2TTSsy2lGtfuND/dist=es2019,mode=imports/optimized/google-protobuf.js:783:23)
    at jspb.BinaryDecoder.readUint32 (https://cdn.skypack.dev/-/google-protobuf@v3.21.2-YDUqZL2TTSsy2lGtfuND/dist=es2019,mode=imports/optimized/google-protobuf.js:4202:18)
    at jspb.BinaryDecoder.readFloat (https://cdn.skypack.dev/-/google-protobuf@v3.21.2-YDUqZL2TTSsy2lGtfuND/dist=es2019,mode=imports/optimized/google-protobuf.js:4240:18)
    at jspb.BinaryReader.readPackedField_ (https://cdn.skypack.dev/-/google-protobuf@v3.21.2-YDUqZL2TTSsy2lGtfuND/dist=es2019,mode=imports/optimized/google-protobuf.js:4676:16)
    at jspb.BinaryReader.readPackedFloat (https://cdn.skypack.dev/-/google-protobuf@v3.21.2-YDUqZL2TTSsy2lGtfuND/dist=es2019,mode=imports/optimized/google-protobuf.js:4741:17)
    at Function.deserialize (file:///Users/thesayyn/Documents/thesayyn/protoc-gen-ts/target/debug/build/protoc_gen_ts-8cec2bec66276c47/out/test_conformance/test_messages_proto3.ts:281:77)
    at file:///Users/thesayyn/Documents/thesayyn/protoc-gen-ts/tests/conformance/bin/main.ts:23:78

  protobuf_test_messages.proto2.TestAllTypesProto2 1
  Error: Assertion failed
    at Object.jspb.asserts.doAssertFailure (https://cdn.skypack.dev/-/google-protobuf@v3.21.2-YDUqZL2TTSsy2lGtfuND/dist=es2019,mode=imports/optimized/google-protobuf.js:778:11)
    at Object.jspb.asserts.assert (https://cdn.skypack.dev/-/google-protobuf@v3.21.2-YDUqZL2TTSsy2lGtfuND/dist=es2019,mode=imports/optimized/google-protobuf.js:783:23)
    at jspb.BinaryReader.readFloat (https://cdn.skypack.dev/-/google-protobuf@v3.21.2-YDUqZL2TTSsy2lGtfuND/dist=es2019,mode=imports/optimized/google-protobuf.js:4614:18)
    at Function.deserialize (file:///Users/thesayyn/Documents/thesayyn/protoc-gen-ts/target/debug/build/protoc_gen_ts-8cec2bec66276c47/out/test_conformance/test_messages_proto2.ts:244:52)
    at file:///Users/thesayyn/Documents/thesayyn/protoc-gen-ts/tests/conformance/bin/main.ts:30:78

  protobuf_test_messages.proto3.TestAllTypesProto3 1
  Error: Assertion failed
    at Object.jspb.asserts.doAssertFailure (https://cdn.skypack.dev/-/google-protobuf@v3.21.2-YDUqZL2TTSsy2lGtfuND/dist=es2019,mode=imports/optimized/google-protobuf.js:778:11)
    at Object.jspb.asserts.assert (https://cdn.skypack.dev/-/google-protobuf@v3.21.2-YDUqZL2TTSsy2lGtfuND/dist=es2019,mode=imports/optimized/google-protobuf.js:783:23)
    at jspb.BinaryDecoder.readUint32 (https://cdn.skypack.dev/-/google-protobuf@v3.21.2-YDUqZL2TTSsy2lGtfuND/dist=es2019,mode=imports/optimized/google-protobuf.js:4202:18)
    at jspb.BinaryDecoder.readFloat (https://cdn.skypack.dev/-/google-protobuf@v3.21.2-YDUqZL2TTSsy2lGtfuND/dist=es2019,mode=imports/optimized/google-protobuf.js:4240:18)
    at jspb.BinaryReader.readPackedField_ (https://cdn.skypack.dev/-/google-protobuf@v3.21.2-YDUqZL2TTSsy2lGtfuND/dist=es2019,mode=imports/optimized/google-protobuf.js:4676:16)
    at jspb.BinaryReader.readPackedFloat (https://cdn.skypack.dev/-/google-protobuf@v3.21.2-YDUqZL2TTSsy2lGtfuND/dist=es2019,mode=imports/optimized/google-protobuf.js:4741:17)
    at Function.deserialize (file:///Users/thesayyn/Documents/thesayyn/protoc-gen-ts/target/debug/build/protoc_gen_ts-8cec2bec66276c47/out/test_conformance/test_messages_proto3.ts:281:77)
    at file:///Users/thesayyn/Documents/thesayyn/protoc-gen-ts/tests/conformance/bin/main.ts:23:78

  protobuf_test_messages.proto2.TestAllTypesProto2 1
  Error: Assertion failed
    at Object.jspb.asserts.doAssertFailure (https://cdn.skypack.dev/-/google-protobuf@v3.21.2-YDUqZL2TTSsy2lGtfuND/dist=es2019,mode=imports/optimized/google-protobuf.js:778:11)
    at Object.jspb.asserts.assert (https://cdn.skypack.dev/-/google-protobuf@v3.21.2-YDUqZL2TTSsy2lGtfuND/dist=es2019,mode=imports/optimized/google-protobuf.js:783:23)
    at jspb.BinaryReader.readFloat (https://cdn.skypack.dev/-/google-protobuf@v3.21.2-YDUqZL2TTSsy2lGtfuND/dist=es2019,mode=imports/optimized/google-protobuf.js:4614:18)
    at Function.deserialize (file:///Users/thesayyn/Documents/thesayyn/protoc-gen-ts/target/debug/build/protoc_gen_ts-8cec2bec66276c47/out/test_conformance/test_messages_proto2.ts:244:52)
    at file:///Users/thesayyn/Documents/thesayyn/protoc-gen-ts/tests/conformance/bin/main.ts:30:78

  protobuf_test_messages.proto3.TestAllTypesProto3 1
  Error: Failure: Failed to read varint, encoding is invalid.
    at Object.jspb.asserts.fail (https://cdn.skypack.dev/-/google-protobuf@v3.21.2-YDUqZL2TTSsy2lGtfuND/dist=es2019,mode=imports/optimized/google-protobuf.js:801:11)
    at jspb.BinaryDecoder.readSplitVarint64 (https://cdn.skypack.dev/-/google-protobuf@v3.21.2-YDUqZL2TTSsy2lGtfuND/dist=es2019,mode=imports/optimized/google-protobuf.js:4101:18)
    at jspb.BinaryDecoder.readSignedVarint64 (https://cdn.skypack.dev/-/google-protobuf@v3.21.2-YDUqZL2TTSsy2lGtfuND/dist=es2019,mode=imports/optimized/google-protobuf.js:4173:17)
    at jspb.BinaryReader.readInt64 (https://cdn.skypack.dev/-/google-protobuf@v3.21.2-YDUqZL2TTSsy2lGtfuND/dist=es2019,mode=imports/optimized/google-protobuf.js:4542:26)
    at Function.deserialize (file:///Users/thesayyn/Documents/thesayyn/protoc-gen-ts/target/debug/build/protoc_gen_ts-8cec2bec66276c47/out/test_conformance/test_messages_proto3.ts:175:49)
    at file:///Users/thesayyn/Documents/thesayyn/protoc-gen-ts/tests/conformance/bin/main.ts:23:78

  protobuf_test_messages.proto2.TestAllTypesProto2 1
  Error: Failure: Failed to read varint, encoding is invalid.
    at Object.jspb.asserts.fail (https://cdn.skypack.dev/-/google-protobuf@v3.21.2-YDUqZL2TTSsy2lGtfuND/dist=es2019,mode=imports/optimized/google-protobuf.js:801:11)
    at jspb.BinaryDecoder.readSplitVarint64 (https://cdn.skypack.dev/-/google-protobuf@v3.21.2-YDUqZL2TTSsy2lGtfuND/dist=es2019,mode=imports/optimized/google-protobuf.js:4101:18)
    at jspb.BinaryDecoder.readSignedVarint64 (https://cdn.skypack.dev/-/google-protobuf@v3.21.2-YDUqZL2TTSsy2lGtfuND/dist=es2019,mode=imports/optimized/google-protobuf.js:4173:17)
    at jspb.BinaryReader.readInt64 (https://cdn.skypack.dev/-/google-protobuf@v3.21.2-YDUqZL2TTSsy2lGtfuND/dist=es2019,mode=imports/optimized/google-protobuf.js:4542:26)
    at Function.deserialize (file:///Users/thesayyn/Documents/thesayyn/protoc-gen-ts/target/debug/build/protoc_gen_ts-8cec2bec66276c47/out/test_conformance/test_messages_proto2.ts:151:49)
    at file:///Users/thesayyn/Documents/thesayyn/protoc-gen-ts/tests/conformance/bin/main.ts:30:78

  protobuf_test_messages.proto3.TestAllTypesProto3 1
  Error: Failure: Failed to read varint, encoding is invalid.
    at Object.jspb.asserts.fail (https://cdn.skypack.dev/-/google-protobuf@v3.21.2-YDUqZL2TTSsy2lGtfuND/dist=es2019,mode=imports/optimized/google-protobuf.js:801:11)
    at jspb.BinaryDecoder.readSplitVarint64 (https://cdn.skypack.dev/-/google-protobuf@v3.21.2-YDUqZL2TTSsy2lGtfuND/dist=es2019,mode=imports/optimized/google-protobuf.js:4101:18)
    at jspb.BinaryDecoder.readSignedVarint64 (https://cdn.skypack.dev/-/google-protobuf@v3.21.2-YDUqZL2TTSsy2lGtfuND/dist=es2019,mode=imports/optimized/google-protobuf.js:4173:17)
    at jspb.BinaryReader.readInt64 (https://cdn.skypack.dev/-/google-protobuf@v3.21.2-YDUqZL2TTSsy2lGtfuND/dist=es2019,mode=imports/optimized/google-protobuf.js:4542:26)
    at Function.deserialize (file:///Users/thesayyn/Documents/thesayyn/protoc-gen-ts/target/debug/build/protoc_gen_ts-8cec2bec66276c47/out/test_conformance/test_messages_proto3.ts:246:57)
    at file:///Users/thesayyn/Documents/thesayyn/protoc-gen-ts/tests/conformance/bin/main.ts:23:78

  protobuf_test_messages.proto2.TestAllTypesProto2 1
  Error: Failure: Failed to read varint, encoding is invalid.
    at Object.jspb.asserts.fail (https://cdn.skypack.dev/-/google-protobuf@v3.21.2-YDUqZL2TTSsy2lGtfuND/dist=es2019,mode=imports/optimized/google-protobuf.js:801:11)
    at jspb.BinaryDecoder.readSplitVarint64 (https://cdn.skypack.dev/-/google-protobuf@v3.21.2-YDUqZL2TTSsy2lGtfuND/dist=es2019,mode=imports/optimized/google-protobuf.js:4101:18)
    at jspb.BinaryDecoder.readSignedVarint64 (https://cdn.skypack.dev/-/google-protobuf@v3.21.2-YDUqZL2TTSsy2lGtfuND/dist=es2019,mode=imports/optimized/google-protobuf.js:4173:17)
    at jspb.BinaryReader.readInt64 (https://cdn.skypack.dev/-/google-protobuf@v3.21.2-YDUqZL2TTSsy2lGtfuND/dist=es2019,mode=imports/optimized/google-protobuf.js:4542:26)
    at Function.deserialize (file:///Users/thesayyn/Documents/thesayyn/protoc-gen-ts/target/debug/build/protoc_gen_ts-8cec2bec66276c47/out/test_conformance/test_messages_proto2.ts:217:52)
    at file:///Users/thesayyn/Documents/thesayyn/protoc-gen-ts/tests/conformance/bin/main.ts:30:78

  protobuf_test_messages.proto3.TestAllTypesProto3 1
  Error: Failure: Decoder hit an error
    at Object.jspb.asserts.fail (https://cdn.skypack.dev/-/google-protobuf@v3.21.2-YDUqZL2TTSsy2lGtfuND/dist=es2019,mode=imports/optimized/google-protobuf.js:801:11)
    at jspb.BinaryReader.nextField (https://cdn.skypack.dev/-/google-protobuf@v3.21.2-YDUqZL2TTSsy2lGtfuND/dist=es2019,mode=imports/optimized/google-protobuf.js:4374:27)
    at Function.deserialize (file:///Users/thesayyn/Documents/thesayyn/protoc-gen-ts/target/debug/build/protoc_gen_ts-8cec2bec66276c47/out/test_conformance/test_messages_proto3.ts:169:18)
    at file:///Users/thesayyn/Documents/thesayyn/protoc-gen-ts/tests/conformance/bin/main.ts:23:78

  protobuf_test_messages.proto2.TestAllTypesProto2 1
  Error: Failure: Decoder hit an error
    at Object.jspb.asserts.fail (https://cdn.skypack.dev/-/google-protobuf@v3.21.2-YDUqZL2TTSsy2lGtfuND/dist=es2019,mode=imports/optimized/google-protobuf.js:801:11)
    at jspb.BinaryReader.nextField (https://cdn.skypack.dev/-/google-protobuf@v3.21.2-YDUqZL2TTSsy2lGtfuND/dist=es2019,mode=imports/optimized/google-protobuf.js:4374:27)
    at Function.deserialize (file:///Users/thesayyn/Documents/thesayyn/protoc-gen-ts/target/debug/build/protoc_gen_ts-8cec2bec66276c47/out/test_conformance/test_messages_proto2.ts:145:18)
    at file:///Users/thesayyn/Documents/thesayyn/protoc-gen-ts/tests/conformance/bin/main.ts:30:78

  protobuf_test_messages.proto3.TestAllTypesProto3 1
  Error: Failure: Failed to read varint, encoding is invalid.
    at Object.jspb.asserts.fail (https://cdn.skypack.dev/-/google-protobuf@v3.21.2-YDUqZL2TTSsy2lGtfuND/dist=es2019,mode=imports/optimized/google-protobuf.js:801:11)
    at jspb.BinaryDecoder.readSplitVarint64 (https://cdn.skypack.dev/-/google-protobuf@v3.21.2-YDUqZL2TTSsy2lGtfuND/dist=es2019,mode=imports/optimized/google-protobuf.js:4101:18)
    at jspb.BinaryDecoder.readSignedVarint64 (https://cdn.skypack.dev/-/google-protobuf@v3.21.2-YDUqZL2TTSsy2lGtfuND/dist=es2019,mode=imports/optimized/google-protobuf.js:4173:17)
    at jspb.BinaryReader.readInt64 (https://cdn.skypack.dev/-/google-protobuf@v3.21.2-YDUqZL2TTSsy2lGtfuND/dist=es2019,mode=imports/optimized/google-protobuf.js:4542:26)
    at Function.deserialize (file:///Users/thesayyn/Documents/thesayyn/protoc-gen-ts/target/debug/build/protoc_gen_ts-8cec2bec66276c47/out/test_conformance/test_messages_proto3.ts:175:49)
    at file:///Users/thesayyn/Documents/thesayyn/protoc-gen-ts/tests/conformance/bin/main.ts:23:78

  protobuf_test_messages.proto2.TestAllTypesProto2 1
  Error: Failure: Failed to read varint, encoding is invalid.
    at Object.jspb.asserts.fail (https://cdn.skypack.dev/-/google-protobuf@v3.21.2-YDUqZL2TTSsy2lGtfuND/dist=es2019,mode=imports/optimized/google-protobuf.js:801:11)
    at jspb.BinaryDecoder.readSplitVarint64 (https://cdn.skypack.dev/-/google-protobuf@v3.21.2-YDUqZL2TTSsy2lGtfuND/dist=es2019,mode=imports/optimized/google-protobuf.js:4101:18)
    at jspb.BinaryDecoder.readSignedVarint64 (https://cdn.skypack.dev/-/google-protobuf@v3.21.2-YDUqZL2TTSsy2lGtfuND/dist=es2019,mode=imports/optimized/google-protobuf.js:4173:17)
    at jspb.BinaryReader.readInt64 (https://cdn.skypack.dev/-/google-protobuf@v3.21.2-YDUqZL2TTSsy2lGtfuND/dist=es2019,mode=imports/optimized/google-protobuf.js:4542:26)
    at Function.deserialize (file:///Users/thesayyn/Documents/thesayyn/protoc-gen-ts/target/debug/build/protoc_gen_ts-8cec2bec66276c47/out/test_conformance/test_messages_proto2.ts:151:49)
    at file:///Users/thesayyn/Documents/thesayyn/protoc-gen-ts/tests/conformance/bin/main.ts:30:78

  protobuf_test_messages.proto3.TestAllTypesProto3 1
  Error: Failure: Failed to read varint, encoding is invalid.
    at Object.jspb.asserts.fail (https://cdn.skypack.dev/-/google-protobuf@v3.21.2-YDUqZL2TTSsy2lGtfuND/dist=es2019,mode=imports/optimized/google-protobuf.js:801:11)
    at jspb.BinaryDecoder.readSplitVarint64 (https://cdn.skypack.dev/-/google-protobuf@v3.21.2-YDUqZL2TTSsy2lGtfuND/dist=es2019,mode=imports/optimized/google-protobuf.js:4101:18)
    at jspb.BinaryDecoder.readSignedVarint64 (https://cdn.skypack.dev/-/google-protobuf@v3.21.2-YDUqZL2TTSsy2lGtfuND/dist=es2019,mode=imports/optimized/google-protobuf.js:4173:17)
    at jspb.BinaryReader.readInt64 (https://cdn.skypack.dev/-/google-protobuf@v3.21.2-YDUqZL2TTSsy2lGtfuND/dist=es2019,mode=imports/optimized/google-protobuf.js:4542:26)
    at Function.deserialize (file:///Users/thesayyn/Documents/thesayyn/protoc-gen-ts/target/debug/build/protoc_gen_ts-8cec2bec66276c47/out/test_conformance/test_messages_proto3.ts:246:57)
    at file:///Users/thesayyn/Documents/thesayyn/protoc-gen-ts/tests/conformance/bin/main.ts:23:78

  protobuf_test_messages.proto2.TestAllTypesProto2 1
  Error: Failure: Failed to read varint, encoding is invalid.
    at Object.jspb.asserts.fail (https://cdn.skypack.dev/-/google-protobuf@v3.21.2-YDUqZL2TTSsy2lGtfuND/dist=es2019,mode=imports/optimized/google-protobuf.js:801:11)
    at jspb.BinaryDecoder.readSplitVarint64 (https://cdn.skypack.dev/-/google-protobuf@v3.21.2-YDUqZL2TTSsy2lGtfuND/dist=es2019,mode=imports/optimized/google-protobuf.js:4101:18)
    at jspb.BinaryDecoder.readSignedVarint64 (https://cdn.skypack.dev/-/google-protobuf@v3.21.2-YDUqZL2TTSsy2lGtfuND/dist=es2019,mode=imports/optimized/google-protobuf.js:4173:17)
    at jspb.BinaryReader.readInt64 (https://cdn.skypack.dev/-/google-protobuf@v3.21.2-YDUqZL2TTSsy2lGtfuND/dist=es2019,mode=imports/optimized/google-protobuf.js:4542:26)
    at Function.deserialize (file:///Users/thesayyn/Documents/thesayyn/protoc-gen-ts/target/debug/build/protoc_gen_ts-8cec2bec66276c47/out/test_conformance/test_messages_proto2.ts:217:52)
    at file:///Users/thesayyn/Documents/thesayyn/protoc-gen-ts/tests/conformance/bin/main.ts:30:78

  protobuf_test_messages.proto3.TestAllTypesProto3 1
  Error: Failure: Decoder hit an error
    at Object.jspb.asserts.fail (https://cdn.skypack.dev/-/google-protobuf@v3.21.2-YDUqZL2TTSsy2lGtfuND/dist=es2019,mode=imports/optimized/google-protobuf.js:801:11)
    at jspb.BinaryReader.nextField (https://cdn.skypack.dev/-/google-protobuf@v3.21.2-YDUqZL2TTSsy2lGtfuND/dist=es2019,mode=imports/optimized/google-protobuf.js:4374:27)
    at Function.deserialize (file:///Users/thesayyn/Documents/thesayyn/protoc-gen-ts/target/debug/build/protoc_gen_ts-8cec2bec66276c47/out/test_conformance/test_messages_proto3.ts:169:18)
    at file:///Users/thesayyn/Documents/thesayyn/protoc-gen-ts/tests/conformance/bin/main.ts:23:78

  protobuf_test_messages.proto2.TestAllTypesProto2 1
  Error: Failure: Decoder hit an error
    at Object.jspb.asserts.fail (https://cdn.skypack.dev/-/google-protobuf@v3.21.2-YDUqZL2TTSsy2lGtfuND/dist=es2019,mode=imports/optimized/google-protobuf.js:801:11)
    at jspb.BinaryReader.nextField (https://cdn.skypack.dev/-/google-protobuf@v3.21.2-YDUqZL2TTSsy2lGtfuND/dist=es2019,mode=imports/optimized/google-protobuf.js:4374:27)
    at Function.deserialize (file:///Users/thesayyn/Documents/thesayyn/protoc-gen-ts/target/debug/build/protoc_gen_ts-8cec2bec66276c47/out/test_conformance/test_messages_proto2.ts:145:18)
    at file:///Users/thesayyn/Documents/thesayyn/protoc-gen-ts/tests/conformance/bin/main.ts:30:78

  protobuf_test_messages.proto3.TestAllTypesProto3 1
  Error: Failure: Failed to read varint, encoding is invalid.
    at Object.jspb.asserts.fail (https://cdn.skypack.dev/-/google-protobuf@v3.21.2-YDUqZL2TTSsy2lGtfuND/dist=es2019,mode=imports/optimized/google-protobuf.js:801:11)
    at jspb.BinaryDecoder.readSplitVarint64 (https://cdn.skypack.dev/-/google-protobuf@v3.21.2-YDUqZL2TTSsy2lGtfuND/dist=es2019,mode=imports/optimized/google-protobuf.js:4101:18)
    at jspb.BinaryDecoder.readSignedVarint64 (https://cdn.skypack.dev/-/google-protobuf@v3.21.2-YDUqZL2TTSsy2lGtfuND/dist=es2019,mode=imports/optimized/google-protobuf.js:4173:17)
    at jspb.BinaryReader.readPackedField_ (https://cdn.skypack.dev/-/google-protobuf@v3.21.2-YDUqZL2TTSsy2lGtfuND/dist=es2019,mode=imports/optimized/google-protobuf.js:4676:16)
    at jspb.BinaryReader.readPackedInt64 (https://cdn.skypack.dev/-/google-protobuf@v3.21.2-YDUqZL2TTSsy2lGtfuND/dist=es2019,mode=imports/optimized/google-protobuf.js:4687:17)
    at Function.deserialize (file:///Users/thesayyn/Documents/thesayyn/protoc-gen-ts/target/debug/build/protoc_gen_ts-8cec2bec66276c47/out/test_conformance/test_messages_proto3.ts:245:77)
    at file:///Users/thesayyn/Documents/thesayyn/protoc-gen-ts/tests/conformance/bin/main.ts:23:78

  protobuf_test_messages.proto2.TestAllTypesProto2 1
  Error: Assertion failed
    at Object.jspb.asserts.doAssertFailure (https://cdn.skypack.dev/-/google-protobuf@v3.21.2-YDUqZL2TTSsy2lGtfuND/dist=es2019,mode=imports/optimized/google-protobuf.js:778:11)
    at Object.jspb.asserts.assert (https://cdn.skypack.dev/-/google-protobuf@v3.21.2-YDUqZL2TTSsy2lGtfuND/dist=es2019,mode=imports/optimized/google-protobuf.js:783:23)
    at jspb.BinaryReader.readInt64 (https://cdn.skypack.dev/-/google-protobuf@v3.21.2-YDUqZL2TTSsy2lGtfuND/dist=es2019,mode=imports/optimized/google-protobuf.js:4541:18)
    at Function.deserialize (file:///Users/thesayyn/Documents/thesayyn/protoc-gen-ts/target/debug/build/protoc_gen_ts-8cec2bec66276c47/out/test_conformance/test_messages_proto2.ts:217:52)
    at file:///Users/thesayyn/Documents/thesayyn/protoc-gen-ts/tests/conformance/bin/main.ts:30:78

  protobuf_test_messages.proto3.TestAllTypesProto3 1
  Error: Failure: Failed to read varint, encoding is invalid.
    at Object.jspb.asserts.fail (https://cdn.skypack.dev/-/google-protobuf@v3.21.2-YDUqZL2TTSsy2lGtfuND/dist=es2019,mode=imports/optimized/google-protobuf.js:801:11)
    at jspb.BinaryDecoder.readSplitVarint64 (https://cdn.skypack.dev/-/google-protobuf@v3.21.2-YDUqZL2TTSsy2lGtfuND/dist=es2019,mode=imports/optimized/google-protobuf.js:4101:18)
    at jspb.BinaryDecoder.readSignedVarint64 (https://cdn.skypack.dev/-/google-protobuf@v3.21.2-YDUqZL2TTSsy2lGtfuND/dist=es2019,mode=imports/optimized/google-protobuf.js:4173:17)
    at jspb.BinaryReader.readPackedField_ (https://cdn.skypack.dev/-/google-protobuf@v3.21.2-YDUqZL2TTSsy2lGtfuND/dist=es2019,mode=imports/optimized/google-protobuf.js:4676:16)
    at jspb.BinaryReader.readPackedInt64 (https://cdn.skypack.dev/-/google-protobuf@v3.21.2-YDUqZL2TTSsy2lGtfuND/dist=es2019,mode=imports/optimized/google-protobuf.js:4687:17)
    at Function.deserialize (file:///Users/thesayyn/Documents/thesayyn/protoc-gen-ts/target/debug/build/protoc_gen_ts-8cec2bec66276c47/out/test_conformance/test_messages_proto3.ts:245:77)
    at file:///Users/thesayyn/Documents/thesayyn/protoc-gen-ts/tests/conformance/bin/main.ts:23:78

  protobuf_test_messages.proto2.TestAllTypesProto2 1
  Error: Assertion failed
    at Object.jspb.asserts.doAssertFailure (https://cdn.skypack.dev/-/google-protobuf@v3.21.2-YDUqZL2TTSsy2lGtfuND/dist=es2019,mode=imports/optimized/google-protobuf.js:778:11)
    at Object.jspb.asserts.assert (https://cdn.skypack.dev/-/google-protobuf@v3.21.2-YDUqZL2TTSsy2lGtfuND/dist=es2019,mode=imports/optimized/google-protobuf.js:783:23)
    at jspb.BinaryReader.readInt64 (https://cdn.skypack.dev/-/google-protobuf@v3.21.2-YDUqZL2TTSsy2lGtfuND/dist=es2019,mode=imports/optimized/google-protobuf.js:4541:18)
    at Function.deserialize (file:///Users/thesayyn/Documents/thesayyn/protoc-gen-ts/target/debug/build/protoc_gen_ts-8cec2bec66276c47/out/test_conformance/test_messages_proto2.ts:217:52)
    at file:///Users/thesayyn/Documents/thesayyn/protoc-gen-ts/tests/conformance/bin/main.ts:30:78

  protobuf_test_messages.proto3.TestAllTypesProto3 1
  Error: Failure: Failed to read varint, encoding is invalid.
    at Object.jspb.asserts.fail (https://cdn.skypack.dev/-/google-protobuf@v3.21.2-YDUqZL2TTSsy2lGtfuND/dist=es2019,mode=imports/optimized/google-protobuf.js:801:11)
    at jspb.BinaryDecoder.readSplitVarint64 (https://cdn.skypack.dev/-/google-protobuf@v3.21.2-YDUqZL2TTSsy2lGtfuND/dist=es2019,mode=imports/optimized/google-protobuf.js:4101:18)
    at jspb.BinaryDecoder.readUnsignedVarint64 (https://cdn.skypack.dev/-/google-protobuf@v3.21.2-YDUqZL2TTSsy2lGtfuND/dist=es2019,mode=imports/optimized/google-protobuf.js:4167:17)
    at jspb.BinaryReader.readUint64 (https://cdn.skypack.dev/-/google-protobuf@v3.21.2-YDUqZL2TTSsy2lGtfuND/dist=es2019,mode=imports/optimized/google-protobuf.js:4560:26)
    at Function.deserialize (file:///Users/thesayyn/Documents/thesayyn/protoc-gen-ts/target/debug/build/protoc_gen_ts-8cec2bec66276c47/out/test_conformance/test_messages_proto3.ts:181:50)
    at file:///Users/thesayyn/Documents/thesayyn/protoc-gen-ts/tests/conformance/bin/main.ts:23:78

  protobuf_test_messages.proto2.TestAllTypesProto2 1
  Error: Failure: Failed to read varint, encoding is invalid.
    at Object.jspb.asserts.fail (https://cdn.skypack.dev/-/google-protobuf@v3.21.2-YDUqZL2TTSsy2lGtfuND/dist=es2019,mode=imports/optimized/google-protobuf.js:801:11)
    at jspb.BinaryDecoder.readSplitVarint64 (https://cdn.skypack.dev/-/google-protobuf@v3.21.2-YDUqZL2TTSsy2lGtfuND/dist=es2019,mode=imports/optimized/google-protobuf.js:4101:18)
    at jspb.BinaryDecoder.readUnsignedVarint64 (https://cdn.skypack.dev/-/google-protobuf@v3.21.2-YDUqZL2TTSsy2lGtfuND/dist=es2019,mode=imports/optimized/google-protobuf.js:4167:17)
    at jspb.BinaryReader.readUint64 (https://cdn.skypack.dev/-/google-protobuf@v3.21.2-YDUqZL2TTSsy2lGtfuND/dist=es2019,mode=imports/optimized/google-protobuf.js:4560:26)
    at Function.deserialize (file:///Users/thesayyn/Documents/thesayyn/protoc-gen-ts/target/debug/build/protoc_gen_ts-8cec2bec66276c47/out/test_conformance/test_messages_proto2.ts:157:50)
    at file:///Users/thesayyn/Documents/thesayyn/protoc-gen-ts/tests/conformance/bin/main.ts:30:78

  protobuf_test_messages.proto3.TestAllTypesProto3 1
  Error: Failure: Failed to read varint, encoding is invalid.
    at Object.jspb.asserts.fail (https://cdn.skypack.dev/-/google-protobuf@v3.21.2-YDUqZL2TTSsy2lGtfuND/dist=es2019,mode=imports/optimized/google-protobuf.js:801:11)
    at jspb.BinaryDecoder.readSplitVarint64 (https://cdn.skypack.dev/-/google-protobuf@v3.21.2-YDUqZL2TTSsy2lGtfuND/dist=es2019,mode=imports/optimized/google-protobuf.js:4101:18)
    at jspb.BinaryDecoder.readUnsignedVarint64 (https://cdn.skypack.dev/-/google-protobuf@v3.21.2-YDUqZL2TTSsy2lGtfuND/dist=es2019,mode=imports/optimized/google-protobuf.js:4167:17)
    at jspb.BinaryReader.readUint64 (https://cdn.skypack.dev/-/google-protobuf@v3.21.2-YDUqZL2TTSsy2lGtfuND/dist=es2019,mode=imports/optimized/google-protobuf.js:4560:26)
    at Function.deserialize (file:///Users/thesayyn/Documents/thesayyn/protoc-gen-ts/target/debug/build/protoc_gen_ts-8cec2bec66276c47/out/test_conformance/test_messages_proto3.ts:254:58)
    at file:///Users/thesayyn/Documents/thesayyn/protoc-gen-ts/tests/conformance/bin/main.ts:23:78

  protobuf_test_messages.proto2.TestAllTypesProto2 1
  Error: Failure: Failed to read varint, encoding is invalid.
    at Object.jspb.asserts.fail (https://cdn.skypack.dev/-/google-protobuf@v3.21.2-YDUqZL2TTSsy2lGtfuND/dist=es2019,mode=imports/optimized/google-protobuf.js:801:11)
    at jspb.BinaryDecoder.readSplitVarint64 (https://cdn.skypack.dev/-/google-protobuf@v3.21.2-YDUqZL2TTSsy2lGtfuND/dist=es2019,mode=imports/optimized/google-protobuf.js:4101:18)
    at jspb.BinaryDecoder.readUnsignedVarint64 (https://cdn.skypack.dev/-/google-protobuf@v3.21.2-YDUqZL2TTSsy2lGtfuND/dist=es2019,mode=imports/optimized/google-protobuf.js:4167:17)
    at jspb.BinaryReader.readUint64 (https://cdn.skypack.dev/-/google-protobuf@v3.21.2-YDUqZL2TTSsy2lGtfuND/dist=es2019,mode=imports/optimized/google-protobuf.js:4560:26)
    at Function.deserialize (file:///Users/thesayyn/Documents/thesayyn/protoc-gen-ts/target/debug/build/protoc_gen_ts-8cec2bec66276c47/out/test_conformance/test_messages_proto2.ts:223:53)
    at file:///Users/thesayyn/Documents/thesayyn/protoc-gen-ts/tests/conformance/bin/main.ts:30:78

  protobuf_test_messages.proto3.TestAllTypesProto3 1
  Error: Failure: Decoder hit an error
    at Object.jspb.asserts.fail (https://cdn.skypack.dev/-/google-protobuf@v3.21.2-YDUqZL2TTSsy2lGtfuND/dist=es2019,mode=imports/optimized/google-protobuf.js:801:11)
    at jspb.BinaryReader.nextField (https://cdn.skypack.dev/-/google-protobuf@v3.21.2-YDUqZL2TTSsy2lGtfuND/dist=es2019,mode=imports/optimized/google-protobuf.js:4374:27)
    at Function.deserialize (file:///Users/thesayyn/Documents/thesayyn/protoc-gen-ts/target/debug/build/protoc_gen_ts-8cec2bec66276c47/out/test_conformance/test_messages_proto3.ts:169:18)
    at file:///Users/thesayyn/Documents/thesayyn/protoc-gen-ts/tests/conformance/bin/main.ts:23:78

  protobuf_test_messages.proto2.TestAllTypesProto2 1
  Error: Failure: Decoder hit an error
    at Object.jspb.asserts.fail (https://cdn.skypack.dev/-/google-protobuf@v3.21.2-YDUqZL2TTSsy2lGtfuND/dist=es2019,mode=imports/optimized/google-protobuf.js:801:11)
    at jspb.BinaryReader.nextField (https://cdn.skypack.dev/-/google-protobuf@v3.21.2-YDUqZL2TTSsy2lGtfuND/dist=es2019,mode=imports/optimized/google-protobuf.js:4374:27)
    at Function.deserialize (file:///Users/thesayyn/Documents/thesayyn/protoc-gen-ts/target/debug/build/protoc_gen_ts-8cec2bec66276c47/out/test_conformance/test_messages_proto2.ts:145:18)
    at file:///Users/thesayyn/Documents/thesayyn/protoc-gen-ts/tests/conformance/bin/main.ts:30:78

  protobuf_test_messages.proto3.TestAllTypesProto3 1
  Error: Failure: Failed to read varint, encoding is invalid.
    at Object.jspb.asserts.fail (https://cdn.skypack.dev/-/google-protobuf@v3.21.2-YDUqZL2TTSsy2lGtfuND/dist=es2019,mode=imports/optimized/google-protobuf.js:801:11)
    at jspb.BinaryDecoder.readSplitVarint64 (https://cdn.skypack.dev/-/google-protobuf@v3.21.2-YDUqZL2TTSsy2lGtfuND/dist=es2019,mode=imports/optimized/google-protobuf.js:4101:18)
    at jspb.BinaryDecoder.readUnsignedVarint64 (https://cdn.skypack.dev/-/google-protobuf@v3.21.2-YDUqZL2TTSsy2lGtfuND/dist=es2019,mode=imports/optimized/google-protobuf.js:4167:17)
    at jspb.BinaryReader.readUint64 (https://cdn.skypack.dev/-/google-protobuf@v3.21.2-YDUqZL2TTSsy2lGtfuND/dist=es2019,mode=imports/optimized/google-protobuf.js:4560:26)
    at Function.deserialize (file:///Users/thesayyn/Documents/thesayyn/protoc-gen-ts/target/debug/build/protoc_gen_ts-8cec2bec66276c47/out/test_conformance/test_messages_proto3.ts:181:50)
    at file:///Users/thesayyn/Documents/thesayyn/protoc-gen-ts/tests/conformance/bin/main.ts:23:78

  protobuf_test_messages.proto2.TestAllTypesProto2 1
  Error: Failure: Failed to read varint, encoding is invalid.
    at Object.jspb.asserts.fail (https://cdn.skypack.dev/-/google-protobuf@v3.21.2-YDUqZL2TTSsy2lGtfuND/dist=es2019,mode=imports/optimized/google-protobuf.js:801:11)
    at jspb.BinaryDecoder.readSplitVarint64 (https://cdn.skypack.dev/-/google-protobuf@v3.21.2-YDUqZL2TTSsy2lGtfuND/dist=es2019,mode=imports/optimized/google-protobuf.js:4101:18)
    at jspb.BinaryDecoder.readUnsignedVarint64 (https://cdn.skypack.dev/-/google-protobuf@v3.21.2-YDUqZL2TTSsy2lGtfuND/dist=es2019,mode=imports/optimized/google-protobuf.js:4167:17)
    at jspb.BinaryReader.readUint64 (https://cdn.skypack.dev/-/google-protobuf@v3.21.2-YDUqZL2TTSsy2lGtfuND/dist=es2019,mode=imports/optimized/google-protobuf.js:4560:26)
    at Function.deserialize (file:///Users/thesayyn/Documents/thesayyn/protoc-gen-ts/target/debug/build/protoc_gen_ts-8cec2bec66276c47/out/test_conformance/test_messages_proto2.ts:157:50)
    at file:///Users/thesayyn/Documents/thesayyn/protoc-gen-ts/tests/conformance/bin/main.ts:30:78

  protobuf_test_messages.proto3.TestAllTypesProto3 1
  Error: Failure: Failed to read varint, encoding is invalid.
    at Object.jspb.asserts.fail (https://cdn.skypack.dev/-/google-protobuf@v3.21.2-YDUqZL2TTSsy2lGtfuND/dist=es2019,mode=imports/optimized/google-protobuf.js:801:11)
    at jspb.BinaryDecoder.readSplitVarint64 (https://cdn.skypack.dev/-/google-protobuf@v3.21.2-YDUqZL2TTSsy2lGtfuND/dist=es2019,mode=imports/optimized/google-protobuf.js:4101:18)
    at jspb.BinaryDecoder.readUnsignedVarint64 (https://cdn.skypack.dev/-/google-protobuf@v3.21.2-YDUqZL2TTSsy2lGtfuND/dist=es2019,mode=imports/optimized/google-protobuf.js:4167:17)
    at jspb.BinaryReader.readUint64 (https://cdn.skypack.dev/-/google-protobuf@v3.21.2-YDUqZL2TTSsy2lGtfuND/dist=es2019,mode=imports/optimized/google-protobuf.js:4560:26)
    at Function.deserialize (file:///Users/thesayyn/Documents/thesayyn/protoc-gen-ts/target/debug/build/protoc_gen_ts-8cec2bec66276c47/out/test_conformance/test_messages_proto3.ts:254:58)
    at file:///Users/thesayyn/Documents/thesayyn/protoc-gen-ts/tests/conformance/bin/main.ts:23:78

  protobuf_test_messages.proto2.TestAllTypesProto2 1
  Error: Failure: Failed to read varint, encoding is invalid.
    at Object.jspb.asserts.fail (https://cdn.skypack.dev/-/google-protobuf@v3.21.2-YDUqZL2TTSsy2lGtfuND/dist=es2019,mode=imports/optimized/google-protobuf.js:801:11)
    at jspb.BinaryDecoder.readSplitVarint64 (https://cdn.skypack.dev/-/google-protobuf@v3.21.2-YDUqZL2TTSsy2lGtfuND/dist=es2019,mode=imports/optimized/google-protobuf.js:4101:18)
    at jspb.BinaryDecoder.readUnsignedVarint64 (https://cdn.skypack.dev/-/google-protobuf@v3.21.2-YDUqZL2TTSsy2lGtfuND/dist=es2019,mode=imports/optimized/google-protobuf.js:4167:17)
    at jspb.BinaryReader.readUint64 (https://cdn.skypack.dev/-/google-protobuf@v3.21.2-YDUqZL2TTSsy2lGtfuND/dist=es2019,mode=imports/optimized/google-protobuf.js:4560:26)
    at Function.deserialize (file:///Users/thesayyn/Documents/thesayyn/protoc-gen-ts/target/debug/build/protoc_gen_ts-8cec2bec66276c47/out/test_conformance/test_messages_proto2.ts:223:53)
    at file:///Users/thesayyn/Documents/thesayyn/protoc-gen-ts/tests/conformance/bin/main.ts:30:78

  protobuf_test_messages.proto3.TestAllTypesProto3 1
  Error: Failure: Decoder hit an error
    at Object.jspb.asserts.fail (https://cdn.skypack.dev/-/google-protobuf@v3.21.2-YDUqZL2TTSsy2lGtfuND/dist=es2019,mode=imports/optimized/google-protobuf.js:801:11)
    at jspb.BinaryReader.nextField (https://cdn.skypack.dev/-/google-protobuf@v3.21.2-YDUqZL2TTSsy2lGtfuND/dist=es2019,mode=imports/optimized/google-protobuf.js:4374:27)
    at Function.deserialize (file:///Users/thesayyn/Documents/thesayyn/protoc-gen-ts/target/debug/build/protoc_gen_ts-8cec2bec66276c47/out/test_conformance/test_messages_proto3.ts:169:18)
    at file:///Users/thesayyn/Documents/thesayyn/protoc-gen-ts/tests/conformance/bin/main.ts:23:78

  protobuf_test_messages.proto2.TestAllTypesProto2 1
  Error: Failure: Decoder hit an error
    at Object.jspb.asserts.fail (https://cdn.skypack.dev/-/google-protobuf@v3.21.2-YDUqZL2TTSsy2lGtfuND/dist=es2019,mode=imports/optimized/google-protobuf.js:801:11)
    at jspb.BinaryReader.nextField (https://cdn.skypack.dev/-/google-protobuf@v3.21.2-YDUqZL2TTSsy2lGtfuND/dist=es2019,mode=imports/optimized/google-protobuf.js:4374:27)
    at Function.deserialize (file:///Users/thesayyn/Documents/thesayyn/protoc-gen-ts/target/debug/build/protoc_gen_ts-8cec2bec66276c47/out/test_conformance/test_messages_proto2.ts:145:18)
    at file:///Users/thesayyn/Documents/thesayyn/protoc-gen-ts/tests/conformance/bin/main.ts:30:78

  protobuf_test_messages.proto3.TestAllTypesProto3 1
  Error: Failure: Failed to read varint, encoding is invalid.
    at Object.jspb.asserts.fail (https://cdn.skypack.dev/-/google-protobuf@v3.21.2-YDUqZL2TTSsy2lGtfuND/dist=es2019,mode=imports/optimized/google-protobuf.js:801:11)
    at jspb.BinaryDecoder.readSplitVarint64 (https://cdn.skypack.dev/-/google-protobuf@v3.21.2-YDUqZL2TTSsy2lGtfuND/dist=es2019,mode=imports/optimized/google-protobuf.js:4101:18)
    at jspb.BinaryDecoder.readUnsignedVarint64 (https://cdn.skypack.dev/-/google-protobuf@v3.21.2-YDUqZL2TTSsy2lGtfuND/dist=es2019,mode=imports/optimized/google-protobuf.js:4167:17)
    at jspb.BinaryReader.readPackedField_ (https://cdn.skypack.dev/-/google-protobuf@v3.21.2-YDUqZL2TTSsy2lGtfuND/dist=es2019,mode=imports/optimized/google-protobuf.js:4676:16)
    at jspb.BinaryReader.readPackedUint64 (https://cdn.skypack.dev/-/google-protobuf@v3.21.2-YDUqZL2TTSsy2lGtfuND/dist=es2019,mode=imports/optimized/google-protobuf.js:4701:17)
    at Function.deserialize (file:///Users/thesayyn/Documents/thesayyn/protoc-gen-ts/target/debug/build/protoc_gen_ts-8cec2bec66276c47/out/test_conformance/test_messages_proto3.ts:253:78)
    at file:///Users/thesayyn/Documents/thesayyn/protoc-gen-ts/tests/conformance/bin/main.ts:23:78

  protobuf_test_messages.proto2.TestAllTypesProto2 1
  Error: Assertion failed
    at Object.jspb.asserts.doAssertFailure (https://cdn.skypack.dev/-/google-protobuf@v3.21.2-YDUqZL2TTSsy2lGtfuND/dist=es2019,mode=imports/optimized/google-protobuf.js:778:11)
    at Object.jspb.asserts.assert (https://cdn.skypack.dev/-/google-protobuf@v3.21.2-YDUqZL2TTSsy2lGtfuND/dist=es2019,mode=imports/optimized/google-protobuf.js:783:23)
    at jspb.BinaryReader.readUint64 (https://cdn.skypack.dev/-/google-protobuf@v3.21.2-YDUqZL2TTSsy2lGtfuND/dist=es2019,mode=imports/optimized/google-protobuf.js:4559:18)
    at Function.deserialize (file:///Users/thesayyn/Documents/thesayyn/protoc-gen-ts/target/debug/build/protoc_gen_ts-8cec2bec66276c47/out/test_conformance/test_messages_proto2.ts:223:53)
    at file:///Users/thesayyn/Documents/thesayyn/protoc-gen-ts/tests/conformance/bin/main.ts:30:78

  protobuf_test_messages.proto3.TestAllTypesProto3 1
  Error: Failure: Failed to read varint, encoding is invalid.
    at Object.jspb.asserts.fail (https://cdn.skypack.dev/-/google-protobuf@v3.21.2-YDUqZL2TTSsy2lGtfuND/dist=es2019,mode=imports/optimized/google-protobuf.js:801:11)
    at jspb.BinaryDecoder.readSplitVarint64 (https://cdn.skypack.dev/-/google-protobuf@v3.21.2-YDUqZL2TTSsy2lGtfuND/dist=es2019,mode=imports/optimized/google-protobuf.js:4101:18)
    at jspb.BinaryDecoder.readUnsignedVarint64 (https://cdn.skypack.dev/-/google-protobuf@v3.21.2-YDUqZL2TTSsy2lGtfuND/dist=es2019,mode=imports/optimized/google-protobuf.js:4167:17)
    at jspb.BinaryReader.readPackedField_ (https://cdn.skypack.dev/-/google-protobuf@v3.21.2-YDUqZL2TTSsy2lGtfuND/dist=es2019,mode=imports/optimized/google-protobuf.js:4676:16)
    at jspb.BinaryReader.readPackedUint64 (https://cdn.skypack.dev/-/google-protobuf@v3.21.2-YDUqZL2TTSsy2lGtfuND/dist=es2019,mode=imports/optimized/google-protobuf.js:4701:17)
    at Function.deserialize (file:///Users/thesayyn/Documents/thesayyn/protoc-gen-ts/target/debug/build/protoc_gen_ts-8cec2bec66276c47/out/test_conformance/test_messages_proto3.ts:253:78)
    at file:///Users/thesayyn/Documents/thesayyn/protoc-gen-ts/tests/conformance/bin/main.ts:23:78

  protobuf_test_messages.proto2.TestAllTypesProto2 1
  Error: Assertion failed
    at Object.jspb.asserts.doAssertFailure (https://cdn.skypack.dev/-/google-protobuf@v3.21.2-YDUqZL2TTSsy2lGtfuND/dist=es2019,mode=imports/optimized/google-protobuf.js:778:11)
    at Object.jspb.asserts.assert (https://cdn.skypack.dev/-/google-protobuf@v3.21.2-YDUqZL2TTSsy2lGtfuND/dist=es2019,mode=imports/optimized/google-protobuf.js:783:23)
    at jspb.BinaryReader.readUint64 (https://cdn.skypack.dev/-/google-protobuf@v3.21.2-YDUqZL2TTSsy2lGtfuND/dist=es2019,mode=imports/optimized/google-protobuf.js:4559:18)
    at Function.deserialize (file:///Users/thesayyn/Documents/thesayyn/protoc-gen-ts/target/debug/build/protoc_gen_ts-8cec2bec66276c47/out/test_conformance/test_messages_proto2.ts:223:53)
    at file:///Users/thesayyn/Documents/thesayyn/protoc-gen-ts/tests/conformance/bin/main.ts:30:78

  protobuf_test_messages.proto3.TestAllTypesProto3 1
  Error: Assertion failed
    at Object.jspb.asserts.doAssertFailure (https://cdn.skypack.dev/-/google-protobuf@v3.21.2-YDUqZL2TTSsy2lGtfuND/dist=es2019,mode=imports/optimized/google-protobuf.js:778:11)
    at Object.jspb.asserts.assert (https://cdn.skypack.dev/-/google-protobuf@v3.21.2-YDUqZL2TTSsy2lGtfuND/dist=es2019,mode=imports/optimized/google-protobuf.js:783:23)
    at jspb.BinaryDecoder.readUnsignedVarint32 (https://cdn.skypack.dev/-/google-protobuf@v3.21.2-YDUqZL2TTSsy2lGtfuND/dist=es2019,mode=imports/optimized/google-protobuf.js:4150:18)
    at jspb.BinaryDecoder.readSignedVarint32 (https://cdn.skypack.dev/-/google-protobuf@v3.21.2-YDUqZL2TTSsy2lGtfuND/dist=es2019,mode=imports/optimized/google-protobuf.js:4154:19)
    at jspb.BinaryReader.readInt32 (https://cdn.skypack.dev/-/google-protobuf@v3.21.2-YDUqZL2TTSsy2lGtfuND/dist=es2019,mode=imports/optimized/google-protobuf.js:4533:26)
    at Function.deserialize (file:///Users/thesayyn/Documents/thesayyn/protoc-gen-ts/target/debug/build/protoc_gen_ts-8cec2bec66276c47/out/test_conformance/test_messages_proto3.ts:172:49)
    at file:///Users/thesayyn/Documents/thesayyn/protoc-gen-ts/tests/conformance/bin/main.ts:23:78

  protobuf_test_messages.proto2.TestAllTypesProto2 1
  Error: Assertion failed
    at Object.jspb.asserts.doAssertFailure (https://cdn.skypack.dev/-/google-protobuf@v3.21.2-YDUqZL2TTSsy2lGtfuND/dist=es2019,mode=imports/optimized/google-protobuf.js:778:11)
    at Object.jspb.asserts.assert (https://cdn.skypack.dev/-/google-protobuf@v3.21.2-YDUqZL2TTSsy2lGtfuND/dist=es2019,mode=imports/optimized/google-protobuf.js:783:23)
    at jspb.BinaryDecoder.readUnsignedVarint32 (https://cdn.skypack.dev/-/google-protobuf@v3.21.2-YDUqZL2TTSsy2lGtfuND/dist=es2019,mode=imports/optimized/google-protobuf.js:4150:18)
    at jspb.BinaryDecoder.readSignedVarint32 (https://cdn.skypack.dev/-/google-protobuf@v3.21.2-YDUqZL2TTSsy2lGtfuND/dist=es2019,mode=imports/optimized/google-protobuf.js:4154:19)
    at jspb.BinaryReader.readInt32 (https://cdn.skypack.dev/-/google-protobuf@v3.21.2-YDUqZL2TTSsy2lGtfuND/dist=es2019,mode=imports/optimized/google-protobuf.js:4533:26)
    at Function.deserialize (file:///Users/thesayyn/Documents/thesayyn/protoc-gen-ts/target/debug/build/protoc_gen_ts-8cec2bec66276c47/out/test_conformance/test_messages_proto2.ts:148:49)
    at file:///Users/thesayyn/Documents/thesayyn/protoc-gen-ts/tests/conformance/bin/main.ts:30:78

  protobuf_test_messages.proto3.TestAllTypesProto3 1
  Error: Assertion failed
    at Object.jspb.asserts.doAssertFailure (https://cdn.skypack.dev/-/google-protobuf@v3.21.2-YDUqZL2TTSsy2lGtfuND/dist=es2019,mode=imports/optimized/google-protobuf.js:778:11)
    at Object.jspb.asserts.assert (https://cdn.skypack.dev/-/google-protobuf@v3.21.2-YDUqZL2TTSsy2lGtfuND/dist=es2019,mode=imports/optimized/google-protobuf.js:783:23)
    at jspb.BinaryDecoder.readUnsignedVarint32 (https://cdn.skypack.dev/-/google-protobuf@v3.21.2-YDUqZL2TTSsy2lGtfuND/dist=es2019,mode=imports/optimized/google-protobuf.js:4150:18)
    at jspb.BinaryDecoder.readSignedVarint32 (https://cdn.skypack.dev/-/google-protobuf@v3.21.2-YDUqZL2TTSsy2lGtfuND/dist=es2019,mode=imports/optimized/google-protobuf.js:4154:19)
    at jspb.BinaryReader.readInt32 (https://cdn.skypack.dev/-/google-protobuf@v3.21.2-YDUqZL2TTSsy2lGtfuND/dist=es2019,mode=imports/optimized/google-protobuf.js:4533:26)
    at Function.deserialize (file:///Users/thesayyn/Documents/thesayyn/protoc-gen-ts/target/debug/build/protoc_gen_ts-8cec2bec66276c47/out/test_conformance/test_messages_proto3.ts:242:57)
    at file:///Users/thesayyn/Documents/thesayyn/protoc-gen-ts/tests/conformance/bin/main.ts:23:78

  protobuf_test_messages.proto2.TestAllTypesProto2 1
  Error: Assertion failed
    at Object.jspb.asserts.doAssertFailure (https://cdn.skypack.dev/-/google-protobuf@v3.21.2-YDUqZL2TTSsy2lGtfuND/dist=es2019,mode=imports/optimized/google-protobuf.js:778:11)
    at Object.jspb.asserts.assert (https://cdn.skypack.dev/-/google-protobuf@v3.21.2-YDUqZL2TTSsy2lGtfuND/dist=es2019,mode=imports/optimized/google-protobuf.js:783:23)
    at jspb.BinaryDecoder.readUnsignedVarint32 (https://cdn.skypack.dev/-/google-protobuf@v3.21.2-YDUqZL2TTSsy2lGtfuND/dist=es2019,mode=imports/optimized/google-protobuf.js:4150:18)
    at jspb.BinaryDecoder.readSignedVarint32 (https://cdn.skypack.dev/-/google-protobuf@v3.21.2-YDUqZL2TTSsy2lGtfuND/dist=es2019,mode=imports/optimized/google-protobuf.js:4154:19)
    at jspb.BinaryReader.readInt32 (https://cdn.skypack.dev/-/google-protobuf@v3.21.2-YDUqZL2TTSsy2lGtfuND/dist=es2019,mode=imports/optimized/google-protobuf.js:4533:26)
    at Function.deserialize (file:///Users/thesayyn/Documents/thesayyn/protoc-gen-ts/target/debug/build/protoc_gen_ts-8cec2bec66276c47/out/test_conformance/test_messages_proto2.ts:214:52)
    at file:///Users/thesayyn/Documents/thesayyn/protoc-gen-ts/tests/conformance/bin/main.ts:30:78

  protobuf_test_messages.proto3.TestAllTypesProto3 1
  Error: Failure: Decoder hit an error
    at Object.jspb.asserts.fail (https://cdn.skypack.dev/-/google-protobuf@v3.21.2-YDUqZL2TTSsy2lGtfuND/dist=es2019,mode=imports/optimized/google-protobuf.js:801:11)
    at jspb.BinaryReader.nextField (https://cdn.skypack.dev/-/google-protobuf@v3.21.2-YDUqZL2TTSsy2lGtfuND/dist=es2019,mode=imports/optimized/google-protobuf.js:4374:27)
    at Function.deserialize (file:///Users/thesayyn/Documents/thesayyn/protoc-gen-ts/target/debug/build/protoc_gen_ts-8cec2bec66276c47/out/test_conformance/test_messages_proto3.ts:169:18)
    at file:///Users/thesayyn/Documents/thesayyn/protoc-gen-ts/tests/conformance/bin/main.ts:23:78

  protobuf_test_messages.proto2.TestAllTypesProto2 1
  Error: Failure: Decoder hit an error
    at Object.jspb.asserts.fail (https://cdn.skypack.dev/-/google-protobuf@v3.21.2-YDUqZL2TTSsy2lGtfuND/dist=es2019,mode=imports/optimized/google-protobuf.js:801:11)
    at jspb.BinaryReader.nextField (https://cdn.skypack.dev/-/google-protobuf@v3.21.2-YDUqZL2TTSsy2lGtfuND/dist=es2019,mode=imports/optimized/google-protobuf.js:4374:27)
    at Function.deserialize (file:///Users/thesayyn/Documents/thesayyn/protoc-gen-ts/target/debug/build/protoc_gen_ts-8cec2bec66276c47/out/test_conformance/test_messages_proto2.ts:145:18)
    at file:///Users/thesayyn/Documents/thesayyn/protoc-gen-ts/tests/conformance/bin/main.ts:30:78

  protobuf_test_messages.proto3.TestAllTypesProto3 1
  Error: Assertion failed
    at Object.jspb.asserts.doAssertFailure (https://cdn.skypack.dev/-/google-protobuf@v3.21.2-YDUqZL2TTSsy2lGtfuND/dist=es2019,mode=imports/optimized/google-protobuf.js:778:11)
    at Object.jspb.asserts.assert (https://cdn.skypack.dev/-/google-protobuf@v3.21.2-YDUqZL2TTSsy2lGtfuND/dist=es2019,mode=imports/optimized/google-protobuf.js:783:23)
    at jspb.BinaryDecoder.readUnsignedVarint32 (https://cdn.skypack.dev/-/google-protobuf@v3.21.2-YDUqZL2TTSsy2lGtfuND/dist=es2019,mode=imports/optimized/google-protobuf.js:4150:18)
    at jspb.BinaryDecoder.readSignedVarint32 (https://cdn.skypack.dev/-/google-protobuf@v3.21.2-YDUqZL2TTSsy2lGtfuND/dist=es2019,mode=imports/optimized/google-protobuf.js:4154:19)
    at jspb.BinaryReader.readInt32 (https://cdn.skypack.dev/-/google-protobuf@v3.21.2-YDUqZL2TTSsy2lGtfuND/dist=es2019,mode=imports/optimized/google-protobuf.js:4533:26)
    at Function.deserialize (file:///Users/thesayyn/Documents/thesayyn/protoc-gen-ts/target/debug/build/protoc_gen_ts-8cec2bec66276c47/out/test_conformance/test_messages_proto3.ts:172:49)
    at file:///Users/thesayyn/Documents/thesayyn/protoc-gen-ts/tests/conformance/bin/main.ts:23:78

  protobuf_test_messages.proto2.TestAllTypesProto2 1
  Error: Assertion failed
    at Object.jspb.asserts.doAssertFailure (https://cdn.skypack.dev/-/google-protobuf@v3.21.2-YDUqZL2TTSsy2lGtfuND/dist=es2019,mode=imports/optimized/google-protobuf.js:778:11)
    at Object.jspb.asserts.assert (https://cdn.skypack.dev/-/google-protobuf@v3.21.2-YDUqZL2TTSsy2lGtfuND/dist=es2019,mode=imports/optimized/google-protobuf.js:783:23)
    at jspb.BinaryDecoder.readUnsignedVarint32 (https://cdn.skypack.dev/-/google-protobuf@v3.21.2-YDUqZL2TTSsy2lGtfuND/dist=es2019,mode=imports/optimized/google-protobuf.js:4150:18)
    at jspb.BinaryDecoder.readSignedVarint32 (https://cdn.skypack.dev/-/google-protobuf@v3.21.2-YDUqZL2TTSsy2lGtfuND/dist=es2019,mode=imports/optimized/google-protobuf.js:4154:19)
    at jspb.BinaryReader.readInt32 (https://cdn.skypack.dev/-/google-protobuf@v3.21.2-YDUqZL2TTSsy2lGtfuND/dist=es2019,mode=imports/optimized/google-protobuf.js:4533:26)
    at Function.deserialize (file:///Users/thesayyn/Documents/thesayyn/protoc-gen-ts/target/debug/build/protoc_gen_ts-8cec2bec66276c47/out/test_conformance/test_messages_proto2.ts:148:49)
    at file:///Users/thesayyn/Documents/thesayyn/protoc-gen-ts/tests/conformance/bin/main.ts:30:78

  protobuf_test_messages.proto3.TestAllTypesProto3 1
  Error: Assertion failed
    at Object.jspb.asserts.doAssertFailure (https://cdn.skypack.dev/-/google-protobuf@v3.21.2-YDUqZL2TTSsy2lGtfuND/dist=es2019,mode=imports/optimized/google-protobuf.js:778:11)
    at Object.jspb.asserts.assert (https://cdn.skypack.dev/-/google-protobuf@v3.21.2-YDUqZL2TTSsy2lGtfuND/dist=es2019,mode=imports/optimized/google-protobuf.js:783:23)
    at jspb.BinaryDecoder.readUnsignedVarint32 (https://cdn.skypack.dev/-/google-protobuf@v3.21.2-YDUqZL2TTSsy2lGtfuND/dist=es2019,mode=imports/optimized/google-protobuf.js:4150:18)
    at jspb.BinaryDecoder.readSignedVarint32 (https://cdn.skypack.dev/-/google-protobuf@v3.21.2-YDUqZL2TTSsy2lGtfuND/dist=es2019,mode=imports/optimized/google-protobuf.js:4154:19)
    at jspb.BinaryReader.readInt32 (https://cdn.skypack.dev/-/google-protobuf@v3.21.2-YDUqZL2TTSsy2lGtfuND/dist=es2019,mode=imports/optimized/google-protobuf.js:4533:26)
    at Function.deserialize (file:///Users/thesayyn/Documents/thesayyn/protoc-gen-ts/target/debug/build/protoc_gen_ts-8cec2bec66276c47/out/test_conformance/test_messages_proto3.ts:242:57)
    at file:///Users/thesayyn/Documents/thesayyn/protoc-gen-ts/tests/conformance/bin/main.ts:23:78

  protobuf_test_messages.proto2.TestAllTypesProto2 1
  Error: Assertion failed
    at Object.jspb.asserts.doAssertFailure (https://cdn.skypack.dev/-/google-protobuf@v3.21.2-YDUqZL2TTSsy2lGtfuND/dist=es2019,mode=imports/optimized/google-protobuf.js:778:11)
    at Object.jspb.asserts.assert (https://cdn.skypack.dev/-/google-protobuf@v3.21.2-YDUqZL2TTSsy2lGtfuND/dist=es2019,mode=imports/optimized/google-protobuf.js:783:23)
    at jspb.BinaryDecoder.readUnsignedVarint32 (https://cdn.skypack.dev/-/google-protobuf@v3.21.2-YDUqZL2TTSsy2lGtfuND/dist=es2019,mode=imports/optimized/google-protobuf.js:4150:18)
    at jspb.BinaryDecoder.readSignedVarint32 (https://cdn.skypack.dev/-/google-protobuf@v3.21.2-YDUqZL2TTSsy2lGtfuND/dist=es2019,mode=imports/optimized/google-protobuf.js:4154:19)
    at jspb.BinaryReader.readInt32 (https://cdn.skypack.dev/-/google-protobuf@v3.21.2-YDUqZL2TTSsy2lGtfuND/dist=es2019,mode=imports/optimized/google-protobuf.js:4533:26)
    at Function.deserialize (file:///Users/thesayyn/Documents/thesayyn/protoc-gen-ts/target/debug/build/protoc_gen_ts-8cec2bec66276c47/out/test_conformance/test_messages_proto2.ts:214:52)
    at file:///Users/thesayyn/Documents/thesayyn/protoc-gen-ts/tests/conformance/bin/main.ts:30:78

  protobuf_test_messages.proto3.TestAllTypesProto3 1
  Error: Failure: Decoder hit an error
    at Object.jspb.asserts.fail (https://cdn.skypack.dev/-/google-protobuf@v3.21.2-YDUqZL2TTSsy2lGtfuND/dist=es2019,mode=imports/optimized/google-protobuf.js:801:11)
    at jspb.BinaryReader.nextField (https://cdn.skypack.dev/-/google-protobuf@v3.21.2-YDUqZL2TTSsy2lGtfuND/dist=es2019,mode=imports/optimized/google-protobuf.js:4374:27)
    at Function.deserialize (file:///Users/thesayyn/Documents/thesayyn/protoc-gen-ts/target/debug/build/protoc_gen_ts-8cec2bec66276c47/out/test_conformance/test_messages_proto3.ts:169:18)
    at file:///Users/thesayyn/Documents/thesayyn/protoc-gen-ts/tests/conformance/bin/main.ts:23:78

  protobuf_test_messages.proto2.TestAllTypesProto2 1
  Error: Failure: Decoder hit an error
    at Object.jspb.asserts.fail (https://cdn.skypack.dev/-/google-protobuf@v3.21.2-YDUqZL2TTSsy2lGtfuND/dist=es2019,mode=imports/optimized/google-protobuf.js:801:11)
    at jspb.BinaryReader.nextField (https://cdn.skypack.dev/-/google-protobuf@v3.21.2-YDUqZL2TTSsy2lGtfuND/dist=es2019,mode=imports/optimized/google-protobuf.js:4374:27)
    at Function.deserialize (file:///Users/thesayyn/Documents/thesayyn/protoc-gen-ts/target/debug/build/protoc_gen_ts-8cec2bec66276c47/out/test_conformance/test_messages_proto2.ts:145:18)
    at file:///Users/thesayyn/Documents/thesayyn/protoc-gen-ts/tests/conformance/bin/main.ts:30:78

  protobuf_test_messages.proto3.TestAllTypesProto3 1
  Error: Assertion failed
    at Object.jspb.asserts.doAssertFailure (https://cdn.skypack.dev/-/google-protobuf@v3.21.2-YDUqZL2TTSsy2lGtfuND/dist=es2019,mode=imports/optimized/google-protobuf.js:778:11)
    at Object.jspb.asserts.assert (https://cdn.skypack.dev/-/google-protobuf@v3.21.2-YDUqZL2TTSsy2lGtfuND/dist=es2019,mode=imports/optimized/google-protobuf.js:783:23)
    at jspb.BinaryDecoder.readUnsignedVarint32 (https://cdn.skypack.dev/-/google-protobuf@v3.21.2-YDUqZL2TTSsy2lGtfuND/dist=es2019,mode=imports/optimized/google-protobuf.js:4150:18)
    at jspb.BinaryDecoder.readSignedVarint32 (https://cdn.skypack.dev/-/google-protobuf@v3.21.2-YDUqZL2TTSsy2lGtfuND/dist=es2019,mode=imports/optimized/google-protobuf.js:4154:19)
    at jspb.BinaryReader.readPackedField_ (https://cdn.skypack.dev/-/google-protobuf@v3.21.2-YDUqZL2TTSsy2lGtfuND/dist=es2019,mode=imports/optimized/google-protobuf.js:4676:16)
    at jspb.BinaryReader.readPackedInt32 (https://cdn.skypack.dev/-/google-protobuf@v3.21.2-YDUqZL2TTSsy2lGtfuND/dist=es2019,mode=imports/optimized/google-protobuf.js:4680:17)
    at Function.deserialize (file:///Users/thesayyn/Documents/thesayyn/protoc-gen-ts/target/debug/build/protoc_gen_ts-8cec2bec66276c47/out/test_conformance/test_messages_proto3.ts:241:77)
    at file:///Users/thesayyn/Documents/thesayyn/protoc-gen-ts/tests/conformance/bin/main.ts:23:78

  protobuf_test_messages.proto2.TestAllTypesProto2 1
  Error: Assertion failed
    at Object.jspb.asserts.doAssertFailure (https://cdn.skypack.dev/-/google-protobuf@v3.21.2-YDUqZL2TTSsy2lGtfuND/dist=es2019,mode=imports/optimized/google-protobuf.js:778:11)
    at Object.jspb.asserts.assert (https://cdn.skypack.dev/-/google-protobuf@v3.21.2-YDUqZL2TTSsy2lGtfuND/dist=es2019,mode=imports/optimized/google-protobuf.js:783:23)
    at jspb.BinaryReader.readInt32 (https://cdn.skypack.dev/-/google-protobuf@v3.21.2-YDUqZL2TTSsy2lGtfuND/dist=es2019,mode=imports/optimized/google-protobuf.js:4532:18)
    at Function.deserialize (file:///Users/thesayyn/Documents/thesayyn/protoc-gen-ts/target/debug/build/protoc_gen_ts-8cec2bec66276c47/out/test_conformance/test_messages_proto2.ts:214:52)
    at file:///Users/thesayyn/Documents/thesayyn/protoc-gen-ts/tests/conformance/bin/main.ts:30:78

  protobuf_test_messages.proto3.TestAllTypesProto3 1
  Error: Assertion failed
    at Object.jspb.asserts.doAssertFailure (https://cdn.skypack.dev/-/google-protobuf@v3.21.2-YDUqZL2TTSsy2lGtfuND/dist=es2019,mode=imports/optimized/google-protobuf.js:778:11)
    at Object.jspb.asserts.assert (https://cdn.skypack.dev/-/google-protobuf@v3.21.2-YDUqZL2TTSsy2lGtfuND/dist=es2019,mode=imports/optimized/google-protobuf.js:783:23)
    at jspb.BinaryDecoder.readUnsignedVarint32 (https://cdn.skypack.dev/-/google-protobuf@v3.21.2-YDUqZL2TTSsy2lGtfuND/dist=es2019,mode=imports/optimized/google-protobuf.js:4150:18)
    at jspb.BinaryDecoder.readSignedVarint32 (https://cdn.skypack.dev/-/google-protobuf@v3.21.2-YDUqZL2TTSsy2lGtfuND/dist=es2019,mode=imports/optimized/google-protobuf.js:4154:19)
    at jspb.BinaryReader.readPackedField_ (https://cdn.skypack.dev/-/google-protobuf@v3.21.2-YDUqZL2TTSsy2lGtfuND/dist=es2019,mode=imports/optimized/google-protobuf.js:4676:16)
    at jspb.BinaryReader.readPackedInt32 (https://cdn.skypack.dev/-/google-protobuf@v3.21.2-YDUqZL2TTSsy2lGtfuND/dist=es2019,mode=imports/optimized/google-protobuf.js:4680:17)
    at Function.deserialize (file:///Users/thesayyn/Documents/thesayyn/protoc-gen-ts/target/debug/build/protoc_gen_ts-8cec2bec66276c47/out/test_conformance/test_messages_proto3.ts:241:77)
    at file:///Users/thesayyn/Documents/thesayyn/protoc-gen-ts/tests/conformance/bin/main.ts:23:78

  protobuf_test_messages.proto2.TestAllTypesProto2 1
  Error: Assertion failed
    at Object.jspb.asserts.doAssertFailure (https://cdn.skypack.dev/-/google-protobuf@v3.21.2-YDUqZL2TTSsy2lGtfuND/dist=es2019,mode=imports/optimized/google-protobuf.js:778:11)
    at Object.jspb.asserts.assert (https://cdn.skypack.dev/-/google-protobuf@v3.21.2-YDUqZL2TTSsy2lGtfuND/dist=es2019,mode=imports/optimized/google-protobuf.js:783:23)
    at jspb.BinaryReader.readInt32 (https://cdn.skypack.dev/-/google-protobuf@v3.21.2-YDUqZL2TTSsy2lGtfuND/dist=es2019,mode=imports/optimized/google-protobuf.js:4532:18)
    at Function.deserialize (file:///Users/thesayyn/Documents/thesayyn/protoc-gen-ts/target/debug/build/protoc_gen_ts-8cec2bec66276c47/out/test_conformance/test_messages_proto2.ts:214:52)
    at file:///Users/thesayyn/Documents/thesayyn/protoc-gen-ts/tests/conformance/bin/main.ts:30:78

  protobuf_test_messages.proto3.TestAllTypesProto3 1
  Error: Assertion failed
    at Object.jspb.asserts.doAssertFailure (https://cdn.skypack.dev/-/google-protobuf@v3.21.2-YDUqZL2TTSsy2lGtfuND/dist=es2019,mode=imports/optimized/google-protobuf.js:778:11)
    at Object.jspb.asserts.assert (https://cdn.skypack.dev/-/google-protobuf@v3.21.2-YDUqZL2TTSsy2lGtfuND/dist=es2019,mode=imports/optimized/google-protobuf.js:783:23)
    at jspb.BinaryDecoder.readUint32 (https://cdn.skypack.dev/-/google-protobuf@v3.21.2-YDUqZL2TTSsy2lGtfuND/dist=es2019,mode=imports/optimized/google-protobuf.js:4202:18)
    at jspb.BinaryDecoder.readUint64 (https://cdn.skypack.dev/-/google-protobuf@v3.21.2-YDUqZL2TTSsy2lGtfuND/dist=es2019,mode=imports/optimized/google-protobuf.js:4206:18)
    at jspb.BinaryReader.readFixed64 (https://cdn.skypack.dev/-/google-protobuf@v3.21.2-YDUqZL2TTSsy2lGtfuND/dist=es2019,mode=imports/optimized/google-protobuf.js:4588:26)
    at Function.deserialize (file:///Users/thesayyn/Documents/thesayyn/protoc-gen-ts/target/debug/build/protoc_gen_ts-8cec2bec66276c47/out/test_conformance/test_messages_proto3.ts:193:51)
    at file:///Users/thesayyn/Documents/thesayyn/protoc-gen-ts/tests/conformance/bin/main.ts:23:78

  protobuf_test_messages.proto2.TestAllTypesProto2 1
  Error: Assertion failed
    at Object.jspb.asserts.doAssertFailure (https://cdn.skypack.dev/-/google-protobuf@v3.21.2-YDUqZL2TTSsy2lGtfuND/dist=es2019,mode=imports/optimized/google-protobuf.js:778:11)
    at Object.jspb.asserts.assert (https://cdn.skypack.dev/-/google-protobuf@v3.21.2-YDUqZL2TTSsy2lGtfuND/dist=es2019,mode=imports/optimized/google-protobuf.js:783:23)
    at jspb.BinaryDecoder.readUint32 (https://cdn.skypack.dev/-/google-protobuf@v3.21.2-YDUqZL2TTSsy2lGtfuND/dist=es2019,mode=imports/optimized/google-protobuf.js:4202:18)
    at jspb.BinaryDecoder.readUint64 (https://cdn.skypack.dev/-/google-protobuf@v3.21.2-YDUqZL2TTSsy2lGtfuND/dist=es2019,mode=imports/optimized/google-protobuf.js:4206:18)
    at jspb.BinaryReader.readFixed64 (https://cdn.skypack.dev/-/google-protobuf@v3.21.2-YDUqZL2TTSsy2lGtfuND/dist=es2019,mode=imports/optimized/google-protobuf.js:4588:26)
    at Function.deserialize (file:///Users/thesayyn/Documents/thesayyn/protoc-gen-ts/target/debug/build/protoc_gen_ts-8cec2bec66276c47/out/test_conformance/test_messages_proto2.ts:169:51)
    at file:///Users/thesayyn/Documents/thesayyn/protoc-gen-ts/tests/conformance/bin/main.ts:30:78

  protobuf_test_messages.proto3.TestAllTypesProto3 1
  Error: Assertion failed
    at Object.jspb.asserts.doAssertFailure (https://cdn.skypack.dev/-/google-protobuf@v3.21.2-YDUqZL2TTSsy2lGtfuND/dist=es2019,mode=imports/optimized/google-protobuf.js:778:11)
    at Object.jspb.asserts.assert (https://cdn.skypack.dev/-/google-protobuf@v3.21.2-YDUqZL2TTSsy2lGtfuND/dist=es2019,mode=imports/optimized/google-protobuf.js:783:23)
    at jspb.BinaryDecoder.readUint32 (https://cdn.skypack.dev/-/google-protobuf@v3.21.2-YDUqZL2TTSsy2lGtfuND/dist=es2019,mode=imports/optimized/google-protobuf.js:4202:18)
    at jspb.BinaryDecoder.readUint64 (https://cdn.skypack.dev/-/google-protobuf@v3.21.2-YDUqZL2TTSsy2lGtfuND/dist=es2019,mode=imports/optimized/google-protobuf.js:4206:18)
    at jspb.BinaryReader.readFixed64 (https://cdn.skypack.dev/-/google-protobuf@v3.21.2-YDUqZL2TTSsy2lGtfuND/dist=es2019,mode=imports/optimized/google-protobuf.js:4588:26)
    at Function.deserialize (file:///Users/thesayyn/Documents/thesayyn/protoc-gen-ts/target/debug/build/protoc_gen_ts-8cec2bec66276c47/out/test_conformance/test_messages_proto3.ts:270:59)
    at file:///Users/thesayyn/Documents/thesayyn/protoc-gen-ts/tests/conformance/bin/main.ts:23:78

  protobuf_test_messages.proto2.TestAllTypesProto2 1
  Error: Assertion failed
    at Object.jspb.asserts.doAssertFailure (https://cdn.skypack.dev/-/google-protobuf@v3.21.2-YDUqZL2TTSsy2lGtfuND/dist=es2019,mode=imports/optimized/google-protobuf.js:778:11)
    at Object.jspb.asserts.assert (https://cdn.skypack.dev/-/google-protobuf@v3.21.2-YDUqZL2TTSsy2lGtfuND/dist=es2019,mode=imports/optimized/google-protobuf.js:783:23)
    at jspb.BinaryDecoder.readUint32 (https://cdn.skypack.dev/-/google-protobuf@v3.21.2-YDUqZL2TTSsy2lGtfuND/dist=es2019,mode=imports/optimized/google-protobuf.js:4202:18)
    at jspb.BinaryDecoder.readUint64 (https://cdn.skypack.dev/-/google-protobuf@v3.21.2-YDUqZL2TTSsy2lGtfuND/dist=es2019,mode=imports/optimized/google-protobuf.js:4206:18)
    at jspb.BinaryReader.readFixed64 (https://cdn.skypack.dev/-/google-protobuf@v3.21.2-YDUqZL2TTSsy2lGtfuND/dist=es2019,mode=imports/optimized/google-protobuf.js:4588:26)
    at Function.deserialize (file:///Users/thesayyn/Documents/thesayyn/protoc-gen-ts/target/debug/build/protoc_gen_ts-8cec2bec66276c47/out/test_conformance/test_messages_proto2.ts:235:54)
    at file:///Users/thesayyn/Documents/thesayyn/protoc-gen-ts/tests/conformance/bin/main.ts:30:78

  protobuf_test_messages.proto3.TestAllTypesProto3 1
  Error: Assertion failed
    at Object.jspb.asserts.doAssertFailure (https://cdn.skypack.dev/-/google-protobuf@v3.21.2-YDUqZL2TTSsy2lGtfuND/dist=es2019,mode=imports/optimized/google-protobuf.js:778:11)
    at Object.jspb.asserts.assert (https://cdn.skypack.dev/-/google-protobuf@v3.21.2-YDUqZL2TTSsy2lGtfuND/dist=es2019,mode=imports/optimized/google-protobuf.js:783:23)
    at jspb.BinaryDecoder.advance (https://cdn.skypack.dev/-/google-protobuf@v3.21.2-YDUqZL2TTSsy2lGtfuND/dist=es2019,mode=imports/optimized/google-protobuf.js:4081:18)
    at jspb.BinaryReader.skipFixed64Field (https://cdn.skypack.dev/-/google-protobuf@v3.21.2-YDUqZL2TTSsy2lGtfuND/dist=es2019,mode=imports/optimized/google-protobuf.js:4409:163)
    at jspb.BinaryReader.skipField (https://cdn.skypack.dev/-/google-protobuf@v3.21.2-YDUqZL2TTSsy2lGtfuND/dist=es2019,mode=imports/optimized/google-protobuf.js:4432:14)
    at Function.deserialize (file:///Users/thesayyn/Documents/thesayyn/protoc-gen-ts/target/debug/build/protoc_gen_ts-8cec2bec66276c47/out/test_conformance/test_messages_proto3.ts:958:24)
    at file:///Users/thesayyn/Documents/thesayyn/protoc-gen-ts/tests/conformance/bin/main.ts:23:78

  protobuf_test_messages.proto2.TestAllTypesProto2 1
  Error: Assertion failed
    at Object.jspb.asserts.doAssertFailure (https://cdn.skypack.dev/-/google-protobuf@v3.21.2-YDUqZL2TTSsy2lGtfuND/dist=es2019,mode=imports/optimized/google-protobuf.js:778:11)
    at Object.jspb.asserts.assert (https://cdn.skypack.dev/-/google-protobuf@v3.21.2-YDUqZL2TTSsy2lGtfuND/dist=es2019,mode=imports/optimized/google-protobuf.js:783:23)
    at jspb.BinaryDecoder.advance (https://cdn.skypack.dev/-/google-protobuf@v3.21.2-YDUqZL2TTSsy2lGtfuND/dist=es2019,mode=imports/optimized/google-protobuf.js:4081:18)
    at jspb.BinaryReader.skipFixed64Field (https://cdn.skypack.dev/-/google-protobuf@v3.21.2-YDUqZL2TTSsy2lGtfuND/dist=es2019,mode=imports/optimized/google-protobuf.js:4409:163)
    at jspb.BinaryReader.skipField (https://cdn.skypack.dev/-/google-protobuf@v3.21.2-YDUqZL2TTSsy2lGtfuND/dist=es2019,mode=imports/optimized/google-protobuf.js:4432:14)
    at Function.deserialize (file:///Users/thesayyn/Documents/thesayyn/protoc-gen-ts/target/debug/build/protoc_gen_ts-8cec2bec66276c47/out/test_conformance/test_messages_proto2.ts:865:24)
    at file:///Users/thesayyn/Documents/thesayyn/protoc-gen-ts/tests/conformance/bin/main.ts:30:78

  protobuf_test_messages.proto3.TestAllTypesProto3 1
  Error: Assertion failed
    at Object.jspb.asserts.doAssertFailure (https://cdn.skypack.dev/-/google-protobuf@v3.21.2-YDUqZL2TTSsy2lGtfuND/dist=es2019,mode=imports/optimized/google-protobuf.js:778:11)
    at Object.jspb.asserts.assert (https://cdn.skypack.dev/-/google-protobuf@v3.21.2-YDUqZL2TTSsy2lGtfuND/dist=es2019,mode=imports/optimized/google-protobuf.js:783:23)
    at jspb.BinaryDecoder.readUint32 (https://cdn.skypack.dev/-/google-protobuf@v3.21.2-YDUqZL2TTSsy2lGtfuND/dist=es2019,mode=imports/optimized/google-protobuf.js:4202:18)
    at jspb.BinaryDecoder.readUint64 (https://cdn.skypack.dev/-/google-protobuf@v3.21.2-YDUqZL2TTSsy2lGtfuND/dist=es2019,mode=imports/optimized/google-protobuf.js:4206:41)
    at jspb.BinaryReader.readFixed64 (https://cdn.skypack.dev/-/google-protobuf@v3.21.2-YDUqZL2TTSsy2lGtfuND/dist=es2019,mode=imports/optimized/google-protobuf.js:4588:26)
    at Function.deserialize (file:///Users/thesayyn/Documents/thesayyn/protoc-gen-ts/target/debug/build/protoc_gen_ts-8cec2bec66276c47/out/test_conformance/test_messages_proto3.ts:193:51)
    at file:///Users/thesayyn/Documents/thesayyn/protoc-gen-ts/tests/conformance/bin/main.ts:23:78

  protobuf_test_messages.proto2.TestAllTypesProto2 1
  Error: Assertion failed
    at Object.jspb.asserts.doAssertFailure (https://cdn.skypack.dev/-/google-protobuf@v3.21.2-YDUqZL2TTSsy2lGtfuND/dist=es2019,mode=imports/optimized/google-protobuf.js:778:11)
    at Object.jspb.asserts.assert (https://cdn.skypack.dev/-/google-protobuf@v3.21.2-YDUqZL2TTSsy2lGtfuND/dist=es2019,mode=imports/optimized/google-protobuf.js:783:23)
    at jspb.BinaryDecoder.readUint32 (https://cdn.skypack.dev/-/google-protobuf@v3.21.2-YDUqZL2TTSsy2lGtfuND/dist=es2019,mode=imports/optimized/google-protobuf.js:4202:18)
    at jspb.BinaryDecoder.readUint64 (https://cdn.skypack.dev/-/google-protobuf@v3.21.2-YDUqZL2TTSsy2lGtfuND/dist=es2019,mode=imports/optimized/google-protobuf.js:4206:41)
    at jspb.BinaryReader.readFixed64 (https://cdn.skypack.dev/-/google-protobuf@v3.21.2-YDUqZL2TTSsy2lGtfuND/dist=es2019,mode=imports/optimized/google-protobuf.js:4588:26)
    at Function.deserialize (file:///Users/thesayyn/Documents/thesayyn/protoc-gen-ts/target/debug/build/protoc_gen_ts-8cec2bec66276c47/out/test_conformance/test_messages_proto2.ts:169:51)
    at file:///Users/thesayyn/Documents/thesayyn/protoc-gen-ts/tests/conformance/bin/main.ts:30:78

  protobuf_test_messages.proto3.TestAllTypesProto3 1
  Error: Assertion failed
    at Object.jspb.asserts.doAssertFailure (https://cdn.skypack.dev/-/google-protobuf@v3.21.2-YDUqZL2TTSsy2lGtfuND/dist=es2019,mode=imports/optimized/google-protobuf.js:778:11)
    at Object.jspb.asserts.assert (https://cdn.skypack.dev/-/google-protobuf@v3.21.2-YDUqZL2TTSsy2lGtfuND/dist=es2019,mode=imports/optimized/google-protobuf.js:783:23)
    at jspb.BinaryDecoder.readUint32 (https://cdn.skypack.dev/-/google-protobuf@v3.21.2-YDUqZL2TTSsy2lGtfuND/dist=es2019,mode=imports/optimized/google-protobuf.js:4202:18)
    at jspb.BinaryDecoder.readUint64 (https://cdn.skypack.dev/-/google-protobuf@v3.21.2-YDUqZL2TTSsy2lGtfuND/dist=es2019,mode=imports/optimized/google-protobuf.js:4206:41)
    at jspb.BinaryReader.readFixed64 (https://cdn.skypack.dev/-/google-protobuf@v3.21.2-YDUqZL2TTSsy2lGtfuND/dist=es2019,mode=imports/optimized/google-protobuf.js:4588:26)
    at Function.deserialize (file:///Users/thesayyn/Documents/thesayyn/protoc-gen-ts/target/debug/build/protoc_gen_ts-8cec2bec66276c47/out/test_conformance/test_messages_proto3.ts:270:59)
    at file:///Users/thesayyn/Documents/thesayyn/protoc-gen-ts/tests/conformance/bin/main.ts:23:78

  protobuf_test_messages.proto2.TestAllTypesProto2 1
  Error: Assertion failed
    at Object.jspb.asserts.doAssertFailure (https://cdn.skypack.dev/-/google-protobuf@v3.21.2-YDUqZL2TTSsy2lGtfuND/dist=es2019,mode=imports/optimized/google-protobuf.js:778:11)
    at Object.jspb.asserts.assert (https://cdn.skypack.dev/-/google-protobuf@v3.21.2-YDUqZL2TTSsy2lGtfuND/dist=es2019,mode=imports/optimized/google-protobuf.js:783:23)
    at jspb.BinaryDecoder.readUint32 (https://cdn.skypack.dev/-/google-protobuf@v3.21.2-YDUqZL2TTSsy2lGtfuND/dist=es2019,mode=imports/optimized/google-protobuf.js:4202:18)
    at jspb.BinaryDecoder.readUint64 (https://cdn.skypack.dev/-/google-protobuf@v3.21.2-YDUqZL2TTSsy2lGtfuND/dist=es2019,mode=imports/optimized/google-protobuf.js:4206:41)
    at jspb.BinaryReader.readFixed64 (https://cdn.skypack.dev/-/google-protobuf@v3.21.2-YDUqZL2TTSsy2lGtfuND/dist=es2019,mode=imports/optimized/google-protobuf.js:4588:26)
    at Function.deserialize (file:///Users/thesayyn/Documents/thesayyn/protoc-gen-ts/target/debug/build/protoc_gen_ts-8cec2bec66276c47/out/test_conformance/test_messages_proto2.ts:235:54)
    at file:///Users/thesayyn/Documents/thesayyn/protoc-gen-ts/tests/conformance/bin/main.ts:30:78

  protobuf_test_messages.proto3.TestAllTypesProto3 1
  Error: Assertion failed
    at Object.jspb.asserts.doAssertFailure (https://cdn.skypack.dev/-/google-protobuf@v3.21.2-YDUqZL2TTSsy2lGtfuND/dist=es2019,mode=imports/optimized/google-protobuf.js:778:11)
    at Object.jspb.asserts.assert (https://cdn.skypack.dev/-/google-protobuf@v3.21.2-YDUqZL2TTSsy2lGtfuND/dist=es2019,mode=imports/optimized/google-protobuf.js:783:23)
    at jspb.BinaryDecoder.advance (https://cdn.skypack.dev/-/google-protobuf@v3.21.2-YDUqZL2TTSsy2lGtfuND/dist=es2019,mode=imports/optimized/google-protobuf.js:4081:18)
    at jspb.BinaryReader.skipFixed64Field (https://cdn.skypack.dev/-/google-protobuf@v3.21.2-YDUqZL2TTSsy2lGtfuND/dist=es2019,mode=imports/optimized/google-protobuf.js:4409:163)
    at jspb.BinaryReader.skipField (https://cdn.skypack.dev/-/google-protobuf@v3.21.2-YDUqZL2TTSsy2lGtfuND/dist=es2019,mode=imports/optimized/google-protobuf.js:4432:14)
    at Function.deserialize (file:///Users/thesayyn/Documents/thesayyn/protoc-gen-ts/target/debug/build/protoc_gen_ts-8cec2bec66276c47/out/test_conformance/test_messages_proto3.ts:958:24)
    at file:///Users/thesayyn/Documents/thesayyn/protoc-gen-ts/tests/conformance/bin/main.ts:23:78

  protobuf_test_messages.proto2.TestAllTypesProto2 1
  Error: Assertion failed
    at Object.jspb.asserts.doAssertFailure (https://cdn.skypack.dev/-/google-protobuf@v3.21.2-YDUqZL2TTSsy2lGtfuND/dist=es2019,mode=imports/optimized/google-protobuf.js:778:11)
    at Object.jspb.asserts.assert (https://cdn.skypack.dev/-/google-protobuf@v3.21.2-YDUqZL2TTSsy2lGtfuND/dist=es2019,mode=imports/optimized/google-protobuf.js:783:23)
    at jspb.BinaryDecoder.advance (https://cdn.skypack.dev/-/google-protobuf@v3.21.2-YDUqZL2TTSsy2lGtfuND/dist=es2019,mode=imports/optimized/google-protobuf.js:4081:18)
    at jspb.BinaryReader.skipFixed64Field (https://cdn.skypack.dev/-/google-protobuf@v3.21.2-YDUqZL2TTSsy2lGtfuND/dist=es2019,mode=imports/optimized/google-protobuf.js:4409:163)
    at jspb.BinaryReader.skipField (https://cdn.skypack.dev/-/google-protobuf@v3.21.2-YDUqZL2TTSsy2lGtfuND/dist=es2019,mode=imports/optimized/google-protobuf.js:4432:14)
    at Function.deserialize (file:///Users/thesayyn/Documents/thesayyn/protoc-gen-ts/target/debug/build/protoc_gen_ts-8cec2bec66276c47/out/test_conformance/test_messages_proto2.ts:865:24)
    at file:///Users/thesayyn/Documents/thesayyn/protoc-gen-ts/tests/conformance/bin/main.ts:30:78

  protobuf_test_messages.proto3.TestAllTypesProto3 1
  Error: Assertion failed
    at Object.jspb.asserts.doAssertFailure (https://cdn.skypack.dev/-/google-protobuf@v3.21.2-YDUqZL2TTSsy2lGtfuND/dist=es2019,mode=imports/optimized/google-protobuf.js:778:11)
    at Object.jspb.asserts.assert (https://cdn.skypack.dev/-/google-protobuf@v3.21.2-YDUqZL2TTSsy2lGtfuND/dist=es2019,mode=imports/optimized/google-protobuf.js:783:23)
    at jspb.BinaryDecoder.readUint32 (https://cdn.skypack.dev/-/google-protobuf@v3.21.2-YDUqZL2TTSsy2lGtfuND/dist=es2019,mode=imports/optimized/google-protobuf.js:4202:18)
    at jspb.BinaryDecoder.readUint64 (https://cdn.skypack.dev/-/google-protobuf@v3.21.2-YDUqZL2TTSsy2lGtfuND/dist=es2019,mode=imports/optimized/google-protobuf.js:4206:41)
    at jspb.BinaryReader.readPackedField_ (https://cdn.skypack.dev/-/google-protobuf@v3.21.2-YDUqZL2TTSsy2lGtfuND/dist=es2019,mode=imports/optimized/google-protobuf.js:4676:16)
    at jspb.BinaryReader.readPackedFixed64 (https://cdn.skypack.dev/-/google-protobuf@v3.21.2-YDUqZL2TTSsy2lGtfuND/dist=es2019,mode=imports/optimized/google-protobuf.js:4723:17)
    at Function.deserialize (file:///Users/thesayyn/Documents/thesayyn/protoc-gen-ts/target/debug/build/protoc_gen_ts-8cec2bec66276c47/out/test_conformance/test_messages_proto3.ts:269:79)
    at file:///Users/thesayyn/Documents/thesayyn/protoc-gen-ts/tests/conformance/bin/main.ts:23:78

  protobuf_test_messages.proto2.TestAllTypesProto2 1
  Error: Assertion failed
    at Object.jspb.asserts.doAssertFailure (https://cdn.skypack.dev/-/google-protobuf@v3.21.2-YDUqZL2TTSsy2lGtfuND/dist=es2019,mode=imports/optimized/google-protobuf.js:778:11)
    at Object.jspb.asserts.assert (https://cdn.skypack.dev/-/google-protobuf@v3.21.2-YDUqZL2TTSsy2lGtfuND/dist=es2019,mode=imports/optimized/google-protobuf.js:783:23)
    at jspb.BinaryReader.readFixed64 (https://cdn.skypack.dev/-/google-protobuf@v3.21.2-YDUqZL2TTSsy2lGtfuND/dist=es2019,mode=imports/optimized/google-protobuf.js:4587:18)
    at Function.deserialize (file:///Users/thesayyn/Documents/thesayyn/protoc-gen-ts/target/debug/build/protoc_gen_ts-8cec2bec66276c47/out/test_conformance/test_messages_proto2.ts:235:54)
    at file:///Users/thesayyn/Documents/thesayyn/protoc-gen-ts/tests/conformance/bin/main.ts:30:78

  protobuf_test_messages.proto3.TestAllTypesProto3 1
  Error: Assertion failed
    at Object.jspb.asserts.doAssertFailure (https://cdn.skypack.dev/-/google-protobuf@v3.21.2-YDUqZL2TTSsy2lGtfuND/dist=es2019,mode=imports/optimized/google-protobuf.js:778:11)
    at Object.jspb.asserts.assert (https://cdn.skypack.dev/-/google-protobuf@v3.21.2-YDUqZL2TTSsy2lGtfuND/dist=es2019,mode=imports/optimized/google-protobuf.js:783:23)
    at jspb.BinaryDecoder.readUint32 (https://cdn.skypack.dev/-/google-protobuf@v3.21.2-YDUqZL2TTSsy2lGtfuND/dist=es2019,mode=imports/optimized/google-protobuf.js:4202:18)
    at jspb.BinaryDecoder.readUint64 (https://cdn.skypack.dev/-/google-protobuf@v3.21.2-YDUqZL2TTSsy2lGtfuND/dist=es2019,mode=imports/optimized/google-protobuf.js:4206:18)
    at jspb.BinaryReader.readPackedField_ (https://cdn.skypack.dev/-/google-protobuf@v3.21.2-YDUqZL2TTSsy2lGtfuND/dist=es2019,mode=imports/optimized/google-protobuf.js:4676:16)
    at jspb.BinaryReader.readPackedFixed64 (https://cdn.skypack.dev/-/google-protobuf@v3.21.2-YDUqZL2TTSsy2lGtfuND/dist=es2019,mode=imports/optimized/google-protobuf.js:4723:17)
    at Function.deserialize (file:///Users/thesayyn/Documents/thesayyn/protoc-gen-ts/target/debug/build/protoc_gen_ts-8cec2bec66276c47/out/test_conformance/test_messages_proto3.ts:269:79)
    at file:///Users/thesayyn/Documents/thesayyn/protoc-gen-ts/tests/conformance/bin/main.ts:23:78

  protobuf_test_messages.proto2.TestAllTypesProto2 1
  Error: Assertion failed
    at Object.jspb.asserts.doAssertFailure (https://cdn.skypack.dev/-/google-protobuf@v3.21.2-YDUqZL2TTSsy2lGtfuND/dist=es2019,mode=imports/optimized/google-protobuf.js:778:11)
    at Object.jspb.asserts.assert (https://cdn.skypack.dev/-/google-protobuf@v3.21.2-YDUqZL2TTSsy2lGtfuND/dist=es2019,mode=imports/optimized/google-protobuf.js:783:23)
    at jspb.BinaryReader.readFixed64 (https://cdn.skypack.dev/-/google-protobuf@v3.21.2-YDUqZL2TTSsy2lGtfuND/dist=es2019,mode=imports/optimized/google-protobuf.js:4587:18)
    at Function.deserialize (file:///Users/thesayyn/Documents/thesayyn/protoc-gen-ts/target/debug/build/protoc_gen_ts-8cec2bec66276c47/out/test_conformance/test_messages_proto2.ts:235:54)
    at file:///Users/thesayyn/Documents/thesayyn/protoc-gen-ts/tests/conformance/bin/main.ts:30:78

  protobuf_test_messages.proto3.TestAllTypesProto3 1
  Error: Assertion failed
    at Object.jspb.asserts.doAssertFailure (https://cdn.skypack.dev/-/google-protobuf@v3.21.2-YDUqZL2TTSsy2lGtfuND/dist=es2019,mode=imports/optimized/google-protobuf.js:778:11)
    at Object.jspb.asserts.assert (https://cdn.skypack.dev/-/google-protobuf@v3.21.2-YDUqZL2TTSsy2lGtfuND/dist=es2019,mode=imports/optimized/google-protobuf.js:783:23)
    at jspb.BinaryDecoder.readUint32 (https://cdn.skypack.dev/-/google-protobuf@v3.21.2-YDUqZL2TTSsy2lGtfuND/dist=es2019,mode=imports/optimized/google-protobuf.js:4202:18)
    at jspb.BinaryReader.readFixed32 (https://cdn.skypack.dev/-/google-protobuf@v3.21.2-YDUqZL2TTSsy2lGtfuND/dist=es2019,mode=imports/optimized/google-protobuf.js:4583:26)
    at Function.deserialize (file:///Users/thesayyn/Documents/thesayyn/protoc-gen-ts/target/debug/build/protoc_gen_ts-8cec2bec66276c47/out/test_conformance/test_messages_proto3.ts:190:51)
    at file:///Users/thesayyn/Documents/thesayyn/protoc-gen-ts/tests/conformance/bin/main.ts:23:78

  protobuf_test_messages.proto2.TestAllTypesProto2 1
  Error: Assertion failed
    at Object.jspb.asserts.doAssertFailure (https://cdn.skypack.dev/-/google-protobuf@v3.21.2-YDUqZL2TTSsy2lGtfuND/dist=es2019,mode=imports/optimized/google-protobuf.js:778:11)
    at Object.jspb.asserts.assert (https://cdn.skypack.dev/-/google-protobuf@v3.21.2-YDUqZL2TTSsy2lGtfuND/dist=es2019,mode=imports/optimized/google-protobuf.js:783:23)
    at jspb.BinaryDecoder.readUint32 (https://cdn.skypack.dev/-/google-protobuf@v3.21.2-YDUqZL2TTSsy2lGtfuND/dist=es2019,mode=imports/optimized/google-protobuf.js:4202:18)
    at jspb.BinaryReader.readFixed32 (https://cdn.skypack.dev/-/google-protobuf@v3.21.2-YDUqZL2TTSsy2lGtfuND/dist=es2019,mode=imports/optimized/google-protobuf.js:4583:26)
    at Function.deserialize (file:///Users/thesayyn/Documents/thesayyn/protoc-gen-ts/target/debug/build/protoc_gen_ts-8cec2bec66276c47/out/test_conformance/test_messages_proto2.ts:166:51)
    at file:///Users/thesayyn/Documents/thesayyn/protoc-gen-ts/tests/conformance/bin/main.ts:30:78

  protobuf_test_messages.proto3.TestAllTypesProto3 1
  Error: Assertion failed
    at Object.jspb.asserts.doAssertFailure (https://cdn.skypack.dev/-/google-protobuf@v3.21.2-YDUqZL2TTSsy2lGtfuND/dist=es2019,mode=imports/optimized/google-protobuf.js:778:11)
    at Object.jspb.asserts.assert (https://cdn.skypack.dev/-/google-protobuf@v3.21.2-YDUqZL2TTSsy2lGtfuND/dist=es2019,mode=imports/optimized/google-protobuf.js:783:23)
    at jspb.BinaryDecoder.readUint32 (https://cdn.skypack.dev/-/google-protobuf@v3.21.2-YDUqZL2TTSsy2lGtfuND/dist=es2019,mode=imports/optimized/google-protobuf.js:4202:18)
    at jspb.BinaryReader.readFixed32 (https://cdn.skypack.dev/-/google-protobuf@v3.21.2-YDUqZL2TTSsy2lGtfuND/dist=es2019,mode=imports/optimized/google-protobuf.js:4583:26)
    at Function.deserialize (file:///Users/thesayyn/Documents/thesayyn/protoc-gen-ts/target/debug/build/protoc_gen_ts-8cec2bec66276c47/out/test_conformance/test_messages_proto3.ts:266:59)
    at file:///Users/thesayyn/Documents/thesayyn/protoc-gen-ts/tests/conformance/bin/main.ts:23:78

  protobuf_test_messages.proto2.TestAllTypesProto2 1
  Error: Assertion failed
    at Object.jspb.asserts.doAssertFailure (https://cdn.skypack.dev/-/google-protobuf@v3.21.2-YDUqZL2TTSsy2lGtfuND/dist=es2019,mode=imports/optimized/google-protobuf.js:778:11)
    at Object.jspb.asserts.assert (https://cdn.skypack.dev/-/google-protobuf@v3.21.2-YDUqZL2TTSsy2lGtfuND/dist=es2019,mode=imports/optimized/google-protobuf.js:783:23)
    at jspb.BinaryDecoder.readUint32 (https://cdn.skypack.dev/-/google-protobuf@v3.21.2-YDUqZL2TTSsy2lGtfuND/dist=es2019,mode=imports/optimized/google-protobuf.js:4202:18)
    at jspb.BinaryReader.readFixed32 (https://cdn.skypack.dev/-/google-protobuf@v3.21.2-YDUqZL2TTSsy2lGtfuND/dist=es2019,mode=imports/optimized/google-protobuf.js:4583:26)
    at Function.deserialize (file:///Users/thesayyn/Documents/thesayyn/protoc-gen-ts/target/debug/build/protoc_gen_ts-8cec2bec66276c47/out/test_conformance/test_messages_proto2.ts:232:54)
    at file:///Users/thesayyn/Documents/thesayyn/protoc-gen-ts/tests/conformance/bin/main.ts:30:78

  protobuf_test_messages.proto3.TestAllTypesProto3 1
  Error: Assertion failed
    at Object.jspb.asserts.doAssertFailure (https://cdn.skypack.dev/-/google-protobuf@v3.21.2-YDUqZL2TTSsy2lGtfuND/dist=es2019,mode=imports/optimized/google-protobuf.js:778:11)
    at Object.jspb.asserts.assert (https://cdn.skypack.dev/-/google-protobuf@v3.21.2-YDUqZL2TTSsy2lGtfuND/dist=es2019,mode=imports/optimized/google-protobuf.js:783:23)
    at jspb.BinaryDecoder.advance (https://cdn.skypack.dev/-/google-protobuf@v3.21.2-YDUqZL2TTSsy2lGtfuND/dist=es2019,mode=imports/optimized/google-protobuf.js:4081:18)
    at jspb.BinaryReader.skipFixed32Field (https://cdn.skypack.dev/-/google-protobuf@v3.21.2-YDUqZL2TTSsy2lGtfuND/dist=es2019,mode=imports/optimized/google-protobuf.js:4406:163)
    at jspb.BinaryReader.skipField (https://cdn.skypack.dev/-/google-protobuf@v3.21.2-YDUqZL2TTSsy2lGtfuND/dist=es2019,mode=imports/optimized/google-protobuf.js:4438:14)
    at Function.deserialize (file:///Users/thesayyn/Documents/thesayyn/protoc-gen-ts/target/debug/build/protoc_gen_ts-8cec2bec66276c47/out/test_conformance/test_messages_proto3.ts:958:24)
    at file:///Users/thesayyn/Documents/thesayyn/protoc-gen-ts/tests/conformance/bin/main.ts:23:78

  protobuf_test_messages.proto2.TestAllTypesProto2 1
  Error: Assertion failed
    at Object.jspb.asserts.doAssertFailure (https://cdn.skypack.dev/-/google-protobuf@v3.21.2-YDUqZL2TTSsy2lGtfuND/dist=es2019,mode=imports/optimized/google-protobuf.js:778:11)
    at Object.jspb.asserts.assert (https://cdn.skypack.dev/-/google-protobuf@v3.21.2-YDUqZL2TTSsy2lGtfuND/dist=es2019,mode=imports/optimized/google-protobuf.js:783:23)
    at jspb.BinaryDecoder.advance (https://cdn.skypack.dev/-/google-protobuf@v3.21.2-YDUqZL2TTSsy2lGtfuND/dist=es2019,mode=imports/optimized/google-protobuf.js:4081:18)
    at jspb.BinaryReader.skipFixed32Field (https://cdn.skypack.dev/-/google-protobuf@v3.21.2-YDUqZL2TTSsy2lGtfuND/dist=es2019,mode=imports/optimized/google-protobuf.js:4406:163)
    at jspb.BinaryReader.skipField (https://cdn.skypack.dev/-/google-protobuf@v3.21.2-YDUqZL2TTSsy2lGtfuND/dist=es2019,mode=imports/optimized/google-protobuf.js:4438:14)
    at Function.deserialize (file:///Users/thesayyn/Documents/thesayyn/protoc-gen-ts/target/debug/build/protoc_gen_ts-8cec2bec66276c47/out/test_conformance/test_messages_proto2.ts:865:24)
    at file:///Users/thesayyn/Documents/thesayyn/protoc-gen-ts/tests/conformance/bin/main.ts:30:78

  protobuf_test_messages.proto3.TestAllTypesProto3 1
  Error: Assertion failed
    at Object.jspb.asserts.doAssertFailure (https://cdn.skypack.dev/-/google-protobuf@v3.21.2-YDUqZL2TTSsy2lGtfuND/dist=es2019,mode=imports/optimized/google-protobuf.js:778:11)
    at Object.jspb.asserts.assert (https://cdn.skypack.dev/-/google-protobuf@v3.21.2-YDUqZL2TTSsy2lGtfuND/dist=es2019,mode=imports/optimized/google-protobuf.js:783:23)
    at jspb.BinaryDecoder.readUint32 (https://cdn.skypack.dev/-/google-protobuf@v3.21.2-YDUqZL2TTSsy2lGtfuND/dist=es2019,mode=imports/optimized/google-protobuf.js:4202:18)
    at jspb.BinaryReader.readFixed32 (https://cdn.skypack.dev/-/google-protobuf@v3.21.2-YDUqZL2TTSsy2lGtfuND/dist=es2019,mode=imports/optimized/google-protobuf.js:4583:26)
    at Function.deserialize (file:///Users/thesayyn/Documents/thesayyn/protoc-gen-ts/target/debug/build/protoc_gen_ts-8cec2bec66276c47/out/test_conformance/test_messages_proto3.ts:190:51)
    at file:///Users/thesayyn/Documents/thesayyn/protoc-gen-ts/tests/conformance/bin/main.ts:23:78

  protobuf_test_messages.proto2.TestAllTypesProto2 1
  Error: Assertion failed
    at Object.jspb.asserts.doAssertFailure (https://cdn.skypack.dev/-/google-protobuf@v3.21.2-YDUqZL2TTSsy2lGtfuND/dist=es2019,mode=imports/optimized/google-protobuf.js:778:11)
    at Object.jspb.asserts.assert (https://cdn.skypack.dev/-/google-protobuf@v3.21.2-YDUqZL2TTSsy2lGtfuND/dist=es2019,mode=imports/optimized/google-protobuf.js:783:23)
    at jspb.BinaryDecoder.readUint32 (https://cdn.skypack.dev/-/google-protobuf@v3.21.2-YDUqZL2TTSsy2lGtfuND/dist=es2019,mode=imports/optimized/google-protobuf.js:4202:18)
    at jspb.BinaryReader.readFixed32 (https://cdn.skypack.dev/-/google-protobuf@v3.21.2-YDUqZL2TTSsy2lGtfuND/dist=es2019,mode=imports/optimized/google-protobuf.js:4583:26)
    at Function.deserialize (file:///Users/thesayyn/Documents/thesayyn/protoc-gen-ts/target/debug/build/protoc_gen_ts-8cec2bec66276c47/out/test_conformance/test_messages_proto2.ts:166:51)
    at file:///Users/thesayyn/Documents/thesayyn/protoc-gen-ts/tests/conformance/bin/main.ts:30:78

  protobuf_test_messages.proto3.TestAllTypesProto3 1
  Error: Assertion failed
    at Object.jspb.asserts.doAssertFailure (https://cdn.skypack.dev/-/google-protobuf@v3.21.2-YDUqZL2TTSsy2lGtfuND/dist=es2019,mode=imports/optimized/google-protobuf.js:778:11)
    at Object.jspb.asserts.assert (https://cdn.skypack.dev/-/google-protobuf@v3.21.2-YDUqZL2TTSsy2lGtfuND/dist=es2019,mode=imports/optimized/google-protobuf.js:783:23)
    at jspb.BinaryDecoder.readUint32 (https://cdn.skypack.dev/-/google-protobuf@v3.21.2-YDUqZL2TTSsy2lGtfuND/dist=es2019,mode=imports/optimized/google-protobuf.js:4202:18)
    at jspb.BinaryReader.readFixed32 (https://cdn.skypack.dev/-/google-protobuf@v3.21.2-YDUqZL2TTSsy2lGtfuND/dist=es2019,mode=imports/optimized/google-protobuf.js:4583:26)
    at Function.deserialize (file:///Users/thesayyn/Documents/thesayyn/protoc-gen-ts/target/debug/build/protoc_gen_ts-8cec2bec66276c47/out/test_conformance/test_messages_proto3.ts:266:59)
    at file:///Users/thesayyn/Documents/thesayyn/protoc-gen-ts/tests/conformance/bin/main.ts:23:78

  protobuf_test_messages.proto2.TestAllTypesProto2 1
  Error: Assertion failed
    at Object.jspb.asserts.doAssertFailure (https://cdn.skypack.dev/-/google-protobuf@v3.21.2-YDUqZL2TTSsy2lGtfuND/dist=es2019,mode=imports/optimized/google-protobuf.js:778:11)
    at Object.jspb.asserts.assert (https://cdn.skypack.dev/-/google-protobuf@v3.21.2-YDUqZL2TTSsy2lGtfuND/dist=es2019,mode=imports/optimized/google-protobuf.js:783:23)
    at jspb.BinaryDecoder.readUint32 (https://cdn.skypack.dev/-/google-protobuf@v3.21.2-YDUqZL2TTSsy2lGtfuND/dist=es2019,mode=imports/optimized/google-protobuf.js:4202:18)
    at jspb.BinaryReader.readFixed32 (https://cdn.skypack.dev/-/google-protobuf@v3.21.2-YDUqZL2TTSsy2lGtfuND/dist=es2019,mode=imports/optimized/google-protobuf.js:4583:26)
    at Function.deserialize (file:///Users/thesayyn/Documents/thesayyn/protoc-gen-ts/target/debug/build/protoc_gen_ts-8cec2bec66276c47/out/test_conformance/test_messages_proto2.ts:232:54)
    at file:///Users/thesayyn/Documents/thesayyn/protoc-gen-ts/tests/conformance/bin/main.ts:30:78

  protobuf_test_messages.proto3.TestAllTypesProto3 1
  Error: Assertion failed
    at Object.jspb.asserts.doAssertFailure (https://cdn.skypack.dev/-/google-protobuf@v3.21.2-YDUqZL2TTSsy2lGtfuND/dist=es2019,mode=imports/optimized/google-protobuf.js:778:11)
    at Object.jspb.asserts.assert (https://cdn.skypack.dev/-/google-protobuf@v3.21.2-YDUqZL2TTSsy2lGtfuND/dist=es2019,mode=imports/optimized/google-protobuf.js:783:23)
    at jspb.BinaryDecoder.advance (https://cdn.skypack.dev/-/google-protobuf@v3.21.2-YDUqZL2TTSsy2lGtfuND/dist=es2019,mode=imports/optimized/google-protobuf.js:4081:18)
    at jspb.BinaryReader.skipFixed32Field (https://cdn.skypack.dev/-/google-protobuf@v3.21.2-YDUqZL2TTSsy2lGtfuND/dist=es2019,mode=imports/optimized/google-protobuf.js:4406:163)
    at jspb.BinaryReader.skipField (https://cdn.skypack.dev/-/google-protobuf@v3.21.2-YDUqZL2TTSsy2lGtfuND/dist=es2019,mode=imports/optimized/google-protobuf.js:4438:14)
    at Function.deserialize (file:///Users/thesayyn/Documents/thesayyn/protoc-gen-ts/target/debug/build/protoc_gen_ts-8cec2bec66276c47/out/test_conformance/test_messages_proto3.ts:958:24)
    at file:///Users/thesayyn/Documents/thesayyn/protoc-gen-ts/tests/conformance/bin/main.ts:23:78

  protobuf_test_messages.proto2.TestAllTypesProto2 1
  Error: Assertion failed
    at Object.jspb.asserts.doAssertFailure (https://cdn.skypack.dev/-/google-protobuf@v3.21.2-YDUqZL2TTSsy2lGtfuND/dist=es2019,mode=imports/optimized/google-protobuf.js:778:11)
    at Object.jspb.asserts.assert (https://cdn.skypack.dev/-/google-protobuf@v3.21.2-YDUqZL2TTSsy2lGtfuND/dist=es2019,mode=imports/optimized/google-protobuf.js:783:23)
    at jspb.BinaryDecoder.advance (https://cdn.skypack.dev/-/google-protobuf@v3.21.2-YDUqZL2TTSsy2lGtfuND/dist=es2019,mode=imports/optimized/google-protobuf.js:4081:18)
    at jspb.BinaryReader.skipFixed32Field (https://cdn.skypack.dev/-/google-protobuf@v3.21.2-YDUqZL2TTSsy2lGtfuND/dist=es2019,mode=imports/optimized/google-protobuf.js:4406:163)
    at jspb.BinaryReader.skipField (https://cdn.skypack.dev/-/google-protobuf@v3.21.2-YDUqZL2TTSsy2lGtfuND/dist=es2019,mode=imports/optimized/google-protobuf.js:4438:14)
    at Function.deserialize (file:///Users/thesayyn/Documents/thesayyn/protoc-gen-ts/target/debug/build/protoc_gen_ts-8cec2bec66276c47/out/test_conformance/test_messages_proto2.ts:865:24)
    at file:///Users/thesayyn/Documents/thesayyn/protoc-gen-ts/tests/conformance/bin/main.ts:30:78

  protobuf_test_messages.proto3.TestAllTypesProto3 1
  Error: Assertion failed
    at Object.jspb.asserts.doAssertFailure (https://cdn.skypack.dev/-/google-protobuf@v3.21.2-YDUqZL2TTSsy2lGtfuND/dist=es2019,mode=imports/optimized/google-protobuf.js:778:11)
    at Object.jspb.asserts.assert (https://cdn.skypack.dev/-/google-protobuf@v3.21.2-YDUqZL2TTSsy2lGtfuND/dist=es2019,mode=imports/optimized/google-protobuf.js:783:23)
    at jspb.BinaryDecoder.readUint32 (https://cdn.skypack.dev/-/google-protobuf@v3.21.2-YDUqZL2TTSsy2lGtfuND/dist=es2019,mode=imports/optimized/google-protobuf.js:4202:18)
    at jspb.BinaryReader.readPackedField_ (https://cdn.skypack.dev/-/google-protobuf@v3.21.2-YDUqZL2TTSsy2lGtfuND/dist=es2019,mode=imports/optimized/google-protobuf.js:4676:16)
    at jspb.BinaryReader.readPackedFixed32 (https://cdn.skypack.dev/-/google-protobuf@v3.21.2-YDUqZL2TTSsy2lGtfuND/dist=es2019,mode=imports/optimized/google-protobuf.js:4719:17)
    at Function.deserialize (file:///Users/thesayyn/Documents/thesayyn/protoc-gen-ts/target/debug/build/protoc_gen_ts-8cec2bec66276c47/out/test_conformance/test_messages_proto3.ts:265:79)
    at file:///Users/thesayyn/Documents/thesayyn/protoc-gen-ts/tests/conformance/bin/main.ts:23:78

  protobuf_test_messages.proto2.TestAllTypesProto2 1
  Error: Assertion failed
    at Object.jspb.asserts.doAssertFailure (https://cdn.skypack.dev/-/google-protobuf@v3.21.2-YDUqZL2TTSsy2lGtfuND/dist=es2019,mode=imports/optimized/google-protobuf.js:778:11)
    at Object.jspb.asserts.assert (https://cdn.skypack.dev/-/google-protobuf@v3.21.2-YDUqZL2TTSsy2lGtfuND/dist=es2019,mode=imports/optimized/google-protobuf.js:783:23)
    at jspb.BinaryReader.readFixed32 (https://cdn.skypack.dev/-/google-protobuf@v3.21.2-YDUqZL2TTSsy2lGtfuND/dist=es2019,mode=imports/optimized/google-protobuf.js:4582:18)
    at Function.deserialize (file:///Users/thesayyn/Documents/thesayyn/protoc-gen-ts/target/debug/build/protoc_gen_ts-8cec2bec66276c47/out/test_conformance/test_messages_proto2.ts:232:54)
    at file:///Users/thesayyn/Documents/thesayyn/protoc-gen-ts/tests/conformance/bin/main.ts:30:78

  protobuf_test_messages.proto3.TestAllTypesProto3 1
  Error: Assertion failed
    at Object.jspb.asserts.doAssertFailure (https://cdn.skypack.dev/-/google-protobuf@v3.21.2-YDUqZL2TTSsy2lGtfuND/dist=es2019,mode=imports/optimized/google-protobuf.js:778:11)
    at Object.jspb.asserts.assert (https://cdn.skypack.dev/-/google-protobuf@v3.21.2-YDUqZL2TTSsy2lGtfuND/dist=es2019,mode=imports/optimized/google-protobuf.js:783:23)
    at jspb.BinaryDecoder.readUint32 (https://cdn.skypack.dev/-/google-protobuf@v3.21.2-YDUqZL2TTSsy2lGtfuND/dist=es2019,mode=imports/optimized/google-protobuf.js:4202:18)
    at jspb.BinaryReader.readPackedField_ (https://cdn.skypack.dev/-/google-protobuf@v3.21.2-YDUqZL2TTSsy2lGtfuND/dist=es2019,mode=imports/optimized/google-protobuf.js:4676:16)
    at jspb.BinaryReader.readPackedFixed32 (https://cdn.skypack.dev/-/google-protobuf@v3.21.2-YDUqZL2TTSsy2lGtfuND/dist=es2019,mode=imports/optimized/google-protobuf.js:4719:17)
    at Function.deserialize (file:///Users/thesayyn/Documents/thesayyn/protoc-gen-ts/target/debug/build/protoc_gen_ts-8cec2bec66276c47/out/test_conformance/test_messages_proto3.ts:265:79)
    at file:///Users/thesayyn/Documents/thesayyn/protoc-gen-ts/tests/conformance/bin/main.ts:23:78

  protobuf_test_messages.proto2.TestAllTypesProto2 1
  Error: Assertion failed
    at Object.jspb.asserts.doAssertFailure (https://cdn.skypack.dev/-/google-protobuf@v3.21.2-YDUqZL2TTSsy2lGtfuND/dist=es2019,mode=imports/optimized/google-protobuf.js:778:11)
    at Object.jspb.asserts.assert (https://cdn.skypack.dev/-/google-protobuf@v3.21.2-YDUqZL2TTSsy2lGtfuND/dist=es2019,mode=imports/optimized/google-protobuf.js:783:23)
    at jspb.BinaryReader.readFixed32 (https://cdn.skypack.dev/-/google-protobuf@v3.21.2-YDUqZL2TTSsy2lGtfuND/dist=es2019,mode=imports/optimized/google-protobuf.js:4582:18)
    at Function.deserialize (file:///Users/thesayyn/Documents/thesayyn/protoc-gen-ts/target/debug/build/protoc_gen_ts-8cec2bec66276c47/out/test_conformance/test_messages_proto2.ts:232:54)
    at file:///Users/thesayyn/Documents/thesayyn/protoc-gen-ts/tests/conformance/bin/main.ts:30:78

  protobuf_test_messages.proto3.TestAllTypesProto3 1
  Error: Assertion failed
    at Object.jspb.asserts.doAssertFailure (https://cdn.skypack.dev/-/google-protobuf@v3.21.2-YDUqZL2TTSsy2lGtfuND/dist=es2019,mode=imports/optimized/google-protobuf.js:778:11)
    at Object.jspb.asserts.assert (https://cdn.skypack.dev/-/google-protobuf@v3.21.2-YDUqZL2TTSsy2lGtfuND/dist=es2019,mode=imports/optimized/google-protobuf.js:783:23)
    at jspb.BinaryDecoder.readUnsignedVarint32 (https://cdn.skypack.dev/-/google-protobuf@v3.21.2-YDUqZL2TTSsy2lGtfuND/dist=es2019,mode=imports/optimized/google-protobuf.js:4150:18)
    at jspb.BinaryReader.readBool (https://cdn.skypack.dev/-/google-protobuf@v3.21.2-YDUqZL2TTSsy2lGtfuND/dist=es2019,mode=imports/optimized/google-protobuf.js:4625:28)
    at Function.deserialize (file:///Users/thesayyn/Documents/thesayyn/protoc-gen-ts/target/debug/build/protoc_gen_ts-8cec2bec66276c47/out/test_conformance/test_messages_proto3.ts:208:48)
    at file:///Users/thesayyn/Documents/thesayyn/protoc-gen-ts/tests/conformance/bin/main.ts:23:78

  protobuf_test_messages.proto2.TestAllTypesProto2 1
  Error: Assertion failed
    at Object.jspb.asserts.doAssertFailure (https://cdn.skypack.dev/-/google-protobuf@v3.21.2-YDUqZL2TTSsy2lGtfuND/dist=es2019,mode=imports/optimized/google-protobuf.js:778:11)
    at Object.jspb.asserts.assert (https://cdn.skypack.dev/-/google-protobuf@v3.21.2-YDUqZL2TTSsy2lGtfuND/dist=es2019,mode=imports/optimized/google-protobuf.js:783:23)
    at jspb.BinaryDecoder.readUnsignedVarint32 (https://cdn.skypack.dev/-/google-protobuf@v3.21.2-YDUqZL2TTSsy2lGtfuND/dist=es2019,mode=imports/optimized/google-protobuf.js:4150:18)
    at jspb.BinaryReader.readBool (https://cdn.skypack.dev/-/google-protobuf@v3.21.2-YDUqZL2TTSsy2lGtfuND/dist=es2019,mode=imports/optimized/google-protobuf.js:4625:28)
    at Function.deserialize (file:///Users/thesayyn/Documents/thesayyn/protoc-gen-ts/target/debug/build/protoc_gen_ts-8cec2bec66276c47/out/test_conformance/test_messages_proto2.ts:184:48)
    at file:///Users/thesayyn/Documents/thesayyn/protoc-gen-ts/tests/conformance/bin/main.ts:30:78

  protobuf_test_messages.proto3.TestAllTypesProto3 1
  Error: Assertion failed
    at Object.jspb.asserts.doAssertFailure (https://cdn.skypack.dev/-/google-protobuf@v3.21.2-YDUqZL2TTSsy2lGtfuND/dist=es2019,mode=imports/optimized/google-protobuf.js:778:11)
    at Object.jspb.asserts.assert (https://cdn.skypack.dev/-/google-protobuf@v3.21.2-YDUqZL2TTSsy2lGtfuND/dist=es2019,mode=imports/optimized/google-protobuf.js:783:23)
    at jspb.BinaryDecoder.readUnsignedVarint32 (https://cdn.skypack.dev/-/google-protobuf@v3.21.2-YDUqZL2TTSsy2lGtfuND/dist=es2019,mode=imports/optimized/google-protobuf.js:4150:18)
    at jspb.BinaryReader.readBool (https://cdn.skypack.dev/-/google-protobuf@v3.21.2-YDUqZL2TTSsy2lGtfuND/dist=es2019,mode=imports/optimized/google-protobuf.js:4625:28)
    at Function.deserialize (file:///Users/thesayyn/Documents/thesayyn/protoc-gen-ts/target/debug/build/protoc_gen_ts-8cec2bec66276c47/out/test_conformance/test_messages_proto3.ts:290:56)
    at file:///Users/thesayyn/Documents/thesayyn/protoc-gen-ts/tests/conformance/bin/main.ts:23:78

  protobuf_test_messages.proto2.TestAllTypesProto2 1
  Error: Assertion failed
    at Object.jspb.asserts.doAssertFailure (https://cdn.skypack.dev/-/google-protobuf@v3.21.2-YDUqZL2TTSsy2lGtfuND/dist=es2019,mode=imports/optimized/google-protobuf.js:778:11)
    at Object.jspb.asserts.assert (https://cdn.skypack.dev/-/google-protobuf@v3.21.2-YDUqZL2TTSsy2lGtfuND/dist=es2019,mode=imports/optimized/google-protobuf.js:783:23)
    at jspb.BinaryDecoder.readUnsignedVarint32 (https://cdn.skypack.dev/-/google-protobuf@v3.21.2-YDUqZL2TTSsy2lGtfuND/dist=es2019,mode=imports/optimized/google-protobuf.js:4150:18)
    at jspb.BinaryReader.readBool (https://cdn.skypack.dev/-/google-protobuf@v3.21.2-YDUqZL2TTSsy2lGtfuND/dist=es2019,mode=imports/optimized/google-protobuf.js:4625:28)
    at Function.deserialize (file:///Users/thesayyn/Documents/thesayyn/protoc-gen-ts/target/debug/build/protoc_gen_ts-8cec2bec66276c47/out/test_conformance/test_messages_proto2.ts:250:51)
    at file:///Users/thesayyn/Documents/thesayyn/protoc-gen-ts/tests/conformance/bin/main.ts:30:78

  protobuf_test_messages.proto3.TestAllTypesProto3 1
  Error: Failure: Decoder hit an error
    at Object.jspb.asserts.fail (https://cdn.skypack.dev/-/google-protobuf@v3.21.2-YDUqZL2TTSsy2lGtfuND/dist=es2019,mode=imports/optimized/google-protobuf.js:801:11)
    at jspb.BinaryReader.nextField (https://cdn.skypack.dev/-/google-protobuf@v3.21.2-YDUqZL2TTSsy2lGtfuND/dist=es2019,mode=imports/optimized/google-protobuf.js:4374:27)
    at Function.deserialize (file:///Users/thesayyn/Documents/thesayyn/protoc-gen-ts/target/debug/build/protoc_gen_ts-8cec2bec66276c47/out/test_conformance/test_messages_proto3.ts:169:18)
    at file:///Users/thesayyn/Documents/thesayyn/protoc-gen-ts/tests/conformance/bin/main.ts:23:78

  protobuf_test_messages.proto2.TestAllTypesProto2 1
  Error: Failure: Decoder hit an error
    at Object.jspb.asserts.fail (https://cdn.skypack.dev/-/google-protobuf@v3.21.2-YDUqZL2TTSsy2lGtfuND/dist=es2019,mode=imports/optimized/google-protobuf.js:801:11)
    at jspb.BinaryReader.nextField (https://cdn.skypack.dev/-/google-protobuf@v3.21.2-YDUqZL2TTSsy2lGtfuND/dist=es2019,mode=imports/optimized/google-protobuf.js:4374:27)
    at Function.deserialize (file:///Users/thesayyn/Documents/thesayyn/protoc-gen-ts/target/debug/build/protoc_gen_ts-8cec2bec66276c47/out/test_conformance/test_messages_proto2.ts:145:18)
    at file:///Users/thesayyn/Documents/thesayyn/protoc-gen-ts/tests/conformance/bin/main.ts:30:78

  protobuf_test_messages.proto3.TestAllTypesProto3 1
  Error: Assertion failed
    at Object.jspb.asserts.doAssertFailure (https://cdn.skypack.dev/-/google-protobuf@v3.21.2-YDUqZL2TTSsy2lGtfuND/dist=es2019,mode=imports/optimized/google-protobuf.js:778:11)
    at Object.jspb.asserts.assert (https://cdn.skypack.dev/-/google-protobuf@v3.21.2-YDUqZL2TTSsy2lGtfuND/dist=es2019,mode=imports/optimized/google-protobuf.js:783:23)
    at jspb.BinaryDecoder.readUnsignedVarint32 (https://cdn.skypack.dev/-/google-protobuf@v3.21.2-YDUqZL2TTSsy2lGtfuND/dist=es2019,mode=imports/optimized/google-protobuf.js:4150:18)
    at jspb.BinaryReader.readBool (https://cdn.skypack.dev/-/google-protobuf@v3.21.2-YDUqZL2TTSsy2lGtfuND/dist=es2019,mode=imports/optimized/google-protobuf.js:4625:28)
    at Function.deserialize (file:///Users/thesayyn/Documents/thesayyn/protoc-gen-ts/target/debug/build/protoc_gen_ts-8cec2bec66276c47/out/test_conformance/test_messages_proto3.ts:208:48)
    at file:///Users/thesayyn/Documents/thesayyn/protoc-gen-ts/tests/conformance/bin/main.ts:23:78

  protobuf_test_messages.proto2.TestAllTypesProto2 1
  Error: Assertion failed
    at Object.jspb.asserts.doAssertFailure (https://cdn.skypack.dev/-/google-protobuf@v3.21.2-YDUqZL2TTSsy2lGtfuND/dist=es2019,mode=imports/optimized/google-protobuf.js:778:11)
    at Object.jspb.asserts.assert (https://cdn.skypack.dev/-/google-protobuf@v3.21.2-YDUqZL2TTSsy2lGtfuND/dist=es2019,mode=imports/optimized/google-protobuf.js:783:23)
    at jspb.BinaryDecoder.readUnsignedVarint32 (https://cdn.skypack.dev/-/google-protobuf@v3.21.2-YDUqZL2TTSsy2lGtfuND/dist=es2019,mode=imports/optimized/google-protobuf.js:4150:18)
    at jspb.BinaryReader.readBool (https://cdn.skypack.dev/-/google-protobuf@v3.21.2-YDUqZL2TTSsy2lGtfuND/dist=es2019,mode=imports/optimized/google-protobuf.js:4625:28)
    at Function.deserialize (file:///Users/thesayyn/Documents/thesayyn/protoc-gen-ts/target/debug/build/protoc_gen_ts-8cec2bec66276c47/out/test_conformance/test_messages_proto2.ts:184:48)
    at file:///Users/thesayyn/Documents/thesayyn/protoc-gen-ts/tests/conformance/bin/main.ts:30:78

  protobuf_test_messages.proto3.TestAllTypesProto3 1
  Error: Assertion failed
    at Object.jspb.asserts.doAssertFailure (https://cdn.skypack.dev/-/google-protobuf@v3.21.2-YDUqZL2TTSsy2lGtfuND/dist=es2019,mode=imports/optimized/google-protobuf.js:778:11)
    at Object.jspb.asserts.assert (https://cdn.skypack.dev/-/google-protobuf@v3.21.2-YDUqZL2TTSsy2lGtfuND/dist=es2019,mode=imports/optimized/google-protobuf.js:783:23)
    at jspb.BinaryDecoder.readUnsignedVarint32 (https://cdn.skypack.dev/-/google-protobuf@v3.21.2-YDUqZL2TTSsy2lGtfuND/dist=es2019,mode=imports/optimized/google-protobuf.js:4150:18)
    at jspb.BinaryReader.readBool (https://cdn.skypack.dev/-/google-protobuf@v3.21.2-YDUqZL2TTSsy2lGtfuND/dist=es2019,mode=imports/optimized/google-protobuf.js:4625:28)
    at Function.deserialize (file:///Users/thesayyn/Documents/thesayyn/protoc-gen-ts/target/debug/build/protoc_gen_ts-8cec2bec66276c47/out/test_conformance/test_messages_proto3.ts:290:56)
    at file:///Users/thesayyn/Documents/thesayyn/protoc-gen-ts/tests/conformance/bin/main.ts:23:78

  protobuf_test_messages.proto2.TestAllTypesProto2 1
  Error: Assertion failed
    at Object.jspb.asserts.doAssertFailure (https://cdn.skypack.dev/-/google-protobuf@v3.21.2-YDUqZL2TTSsy2lGtfuND/dist=es2019,mode=imports/optimized/google-protobuf.js:778:11)
    at Object.jspb.asserts.assert (https://cdn.skypack.dev/-/google-protobuf@v3.21.2-YDUqZL2TTSsy2lGtfuND/dist=es2019,mode=imports/optimized/google-protobuf.js:783:23)
    at jspb.BinaryDecoder.readUnsignedVarint32 (https://cdn.skypack.dev/-/google-protobuf@v3.21.2-YDUqZL2TTSsy2lGtfuND/dist=es2019,mode=imports/optimized/google-protobuf.js:4150:18)
    at jspb.BinaryReader.readBool (https://cdn.skypack.dev/-/google-protobuf@v3.21.2-YDUqZL2TTSsy2lGtfuND/dist=es2019,mode=imports/optimized/google-protobuf.js:4625:28)
    at Function.deserialize (file:///Users/thesayyn/Documents/thesayyn/protoc-gen-ts/target/debug/build/protoc_gen_ts-8cec2bec66276c47/out/test_conformance/test_messages_proto2.ts:250:51)
    at file:///Users/thesayyn/Documents/thesayyn/protoc-gen-ts/tests/conformance/bin/main.ts:30:78

  protobuf_test_messages.proto3.TestAllTypesProto3 1
  Error: Failure: Decoder hit an error
    at Object.jspb.asserts.fail (https://cdn.skypack.dev/-/google-protobuf@v3.21.2-YDUqZL2TTSsy2lGtfuND/dist=es2019,mode=imports/optimized/google-protobuf.js:801:11)
    at jspb.BinaryReader.nextField (https://cdn.skypack.dev/-/google-protobuf@v3.21.2-YDUqZL2TTSsy2lGtfuND/dist=es2019,mode=imports/optimized/google-protobuf.js:4374:27)
    at Function.deserialize (file:///Users/thesayyn/Documents/thesayyn/protoc-gen-ts/target/debug/build/protoc_gen_ts-8cec2bec66276c47/out/test_conformance/test_messages_proto3.ts:169:18)
    at file:///Users/thesayyn/Documents/thesayyn/protoc-gen-ts/tests/conformance/bin/main.ts:23:78

  protobuf_test_messages.proto2.TestAllTypesProto2 1
  Error: Failure: Decoder hit an error
    at Object.jspb.asserts.fail (https://cdn.skypack.dev/-/google-protobuf@v3.21.2-YDUqZL2TTSsy2lGtfuND/dist=es2019,mode=imports/optimized/google-protobuf.js:801:11)
    at jspb.BinaryReader.nextField (https://cdn.skypack.dev/-/google-protobuf@v3.21.2-YDUqZL2TTSsy2lGtfuND/dist=es2019,mode=imports/optimized/google-protobuf.js:4374:27)
    at Function.deserialize (file:///Users/thesayyn/Documents/thesayyn/protoc-gen-ts/target/debug/build/protoc_gen_ts-8cec2bec66276c47/out/test_conformance/test_messages_proto2.ts:145:18)
    at file:///Users/thesayyn/Documents/thesayyn/protoc-gen-ts/tests/conformance/bin/main.ts:30:78

  protobuf_test_messages.proto2.TestAllTypesProto2 1
  Error: Assertion failed
    at Object.jspb.asserts.doAssertFailure (https://cdn.skypack.dev/-/google-protobuf@v3.21.2-YDUqZL2TTSsy2lGtfuND/dist=es2019,mode=imports/optimized/google-protobuf.js:778:11)
    at Object.jspb.asserts.assert (https://cdn.skypack.dev/-/google-protobuf@v3.21.2-YDUqZL2TTSsy2lGtfuND/dist=es2019,mode=imports/optimized/google-protobuf.js:783:23)
    at jspb.BinaryReader.readBool (https://cdn.skypack.dev/-/google-protobuf@v3.21.2-YDUqZL2TTSsy2lGtfuND/dist=es2019,mode=imports/optimized/google-protobuf.js:4624:18)
    at Function.deserialize (file:///Users/thesayyn/Documents/thesayyn/protoc-gen-ts/target/debug/build/protoc_gen_ts-8cec2bec66276c47/out/test_conformance/test_messages_proto2.ts:250:51)
    at file:///Users/thesayyn/Documents/thesayyn/protoc-gen-ts/tests/conformance/bin/main.ts:30:78

  protobuf_test_messages.proto3.TestAllTypesProto3 1
  Error: Failure: Decoder hit an error
    at Object.jspb.asserts.fail (https://cdn.skypack.dev/-/google-protobuf@v3.21.2-YDUqZL2TTSsy2lGtfuND/dist=es2019,mode=imports/optimized/google-protobuf.js:801:11)
    at jspb.BinaryReader.nextField (https://cdn.skypack.dev/-/google-protobuf@v3.21.2-YDUqZL2TTSsy2lGtfuND/dist=es2019,mode=imports/optimized/google-protobuf.js:4374:27)
    at Function.deserialize (file:///Users/thesayyn/Documents/thesayyn/protoc-gen-ts/target/debug/build/protoc_gen_ts-8cec2bec66276c47/out/test_conformance/test_messages_proto3.ts:169:18)
    at file:///Users/thesayyn/Documents/thesayyn/protoc-gen-ts/tests/conformance/bin/main.ts:23:78

  protobuf_test_messages.proto2.TestAllTypesProto2 1
  Error: Assertion failed
    at Object.jspb.asserts.doAssertFailure (https://cdn.skypack.dev/-/google-protobuf@v3.21.2-YDUqZL2TTSsy2lGtfuND/dist=es2019,mode=imports/optimized/google-protobuf.js:778:11)
    at Object.jspb.asserts.assert (https://cdn.skypack.dev/-/google-protobuf@v3.21.2-YDUqZL2TTSsy2lGtfuND/dist=es2019,mode=imports/optimized/google-protobuf.js:783:23)
    at jspb.BinaryReader.readBool (https://cdn.skypack.dev/-/google-protobuf@v3.21.2-YDUqZL2TTSsy2lGtfuND/dist=es2019,mode=imports/optimized/google-protobuf.js:4624:18)
    at Function.deserialize (file:///Users/thesayyn/Documents/thesayyn/protoc-gen-ts/target/debug/build/protoc_gen_ts-8cec2bec66276c47/out/test_conformance/test_messages_proto2.ts:250:51)
    at file:///Users/thesayyn/Documents/thesayyn/protoc-gen-ts/tests/conformance/bin/main.ts:30:78

  protobuf_test_messages.proto3.TestAllTypesProto3 1
  Error: Assertion failed
    at Object.jspb.asserts.doAssertFailure (https://cdn.skypack.dev/-/google-protobuf@v3.21.2-YDUqZL2TTSsy2lGtfuND/dist=es2019,mode=imports/optimized/google-protobuf.js:778:11)
    at Object.jspb.asserts.assert (https://cdn.skypack.dev/-/google-protobuf@v3.21.2-YDUqZL2TTSsy2lGtfuND/dist=es2019,mode=imports/optimized/google-protobuf.js:783:23)
    at jspb.BinaryDecoder.readUnsignedVarint32 (https://cdn.skypack.dev/-/google-protobuf@v3.21.2-YDUqZL2TTSsy2lGtfuND/dist=es2019,mode=imports/optimized/google-protobuf.js:4150:18)
    at jspb.BinaryReader.readString (https://cdn.skypack.dev/-/google-protobuf@v3.21.2-YDUqZL2TTSsy2lGtfuND/dist=es2019,mode=imports/optimized/google-protobuf.js:4635:27)
    at Function.deserialize (file:///Users/thesayyn/Documents/thesayyn/protoc-gen-ts/target/debug/build/protoc_gen_ts-8cec2bec66276c47/out/test_conformance/test_messages_proto3.ts:211:50)
    at file:///Users/thesayyn/Documents/thesayyn/protoc-gen-ts/tests/conformance/bin/main.ts:23:78

  protobuf_test_messages.proto2.TestAllTypesProto2 1
  Error: Assertion failed
    at Object.jspb.asserts.doAssertFailure (https://cdn.skypack.dev/-/google-protobuf@v3.21.2-YDUqZL2TTSsy2lGtfuND/dist=es2019,mode=imports/optimized/google-protobuf.js:778:11)
    at Object.jspb.asserts.assert (https://cdn.skypack.dev/-/google-protobuf@v3.21.2-YDUqZL2TTSsy2lGtfuND/dist=es2019,mode=imports/optimized/google-protobuf.js:783:23)
    at jspb.BinaryDecoder.readUnsignedVarint32 (https://cdn.skypack.dev/-/google-protobuf@v3.21.2-YDUqZL2TTSsy2lGtfuND/dist=es2019,mode=imports/optimized/google-protobuf.js:4150:18)
    at jspb.BinaryReader.readString (https://cdn.skypack.dev/-/google-protobuf@v3.21.2-YDUqZL2TTSsy2lGtfuND/dist=es2019,mode=imports/optimized/google-protobuf.js:4635:27)
    at Function.deserialize (file:///Users/thesayyn/Documents/thesayyn/protoc-gen-ts/target/debug/build/protoc_gen_ts-8cec2bec66276c47/out/test_conformance/test_messages_proto2.ts:187:50)
    at file:///Users/thesayyn/Documents/thesayyn/protoc-gen-ts/tests/conformance/bin/main.ts:30:78

  protobuf_test_messages.proto3.TestAllTypesProto3 1
  Error: Assertion failed
    at Object.jspb.asserts.doAssertFailure (https://cdn.skypack.dev/-/google-protobuf@v3.21.2-YDUqZL2TTSsy2lGtfuND/dist=es2019,mode=imports/optimized/google-protobuf.js:778:11)
    at Object.jspb.asserts.assert (https://cdn.skypack.dev/-/google-protobuf@v3.21.2-YDUqZL2TTSsy2lGtfuND/dist=es2019,mode=imports/optimized/google-protobuf.js:783:23)
    at jspb.BinaryDecoder.readUnsignedVarint32 (https://cdn.skypack.dev/-/google-protobuf@v3.21.2-YDUqZL2TTSsy2lGtfuND/dist=es2019,mode=imports/optimized/google-protobuf.js:4150:18)
    at jspb.BinaryReader.readString (https://cdn.skypack.dev/-/google-protobuf@v3.21.2-YDUqZL2TTSsy2lGtfuND/dist=es2019,mode=imports/optimized/google-protobuf.js:4635:27)
    at Function.deserialize (file:///Users/thesayyn/Documents/thesayyn/protoc-gen-ts/target/debug/build/protoc_gen_ts-8cec2bec66276c47/out/test_conformance/test_messages_proto3.ts:293:53)
    at file:///Users/thesayyn/Documents/thesayyn/protoc-gen-ts/tests/conformance/bin/main.ts:23:78

  protobuf_test_messages.proto2.TestAllTypesProto2 1
  Error: Assertion failed
    at Object.jspb.asserts.doAssertFailure (https://cdn.skypack.dev/-/google-protobuf@v3.21.2-YDUqZL2TTSsy2lGtfuND/dist=es2019,mode=imports/optimized/google-protobuf.js:778:11)
    at Object.jspb.asserts.assert (https://cdn.skypack.dev/-/google-protobuf@v3.21.2-YDUqZL2TTSsy2lGtfuND/dist=es2019,mode=imports/optimized/google-protobuf.js:783:23)
    at jspb.BinaryDecoder.readUnsignedVarint32 (https://cdn.skypack.dev/-/google-protobuf@v3.21.2-YDUqZL2TTSsy2lGtfuND/dist=es2019,mode=imports/optimized/google-protobuf.js:4150:18)
    at jspb.BinaryReader.readString (https://cdn.skypack.dev/-/google-protobuf@v3.21.2-YDUqZL2TTSsy2lGtfuND/dist=es2019,mode=imports/optimized/google-protobuf.js:4635:27)
    at Function.deserialize (file:///Users/thesayyn/Documents/thesayyn/protoc-gen-ts/target/debug/build/protoc_gen_ts-8cec2bec66276c47/out/test_conformance/test_messages_proto2.ts:253:53)
    at file:///Users/thesayyn/Documents/thesayyn/protoc-gen-ts/tests/conformance/bin/main.ts:30:78

  protobuf_test_messages.proto3.TestAllTypesProto3 1
  Error: Assertion failed
    at Object.jspb.asserts.doAssertFailure (https://cdn.skypack.dev/-/google-protobuf@v3.21.2-YDUqZL2TTSsy2lGtfuND/dist=es2019,mode=imports/optimized/google-protobuf.js:778:11)
    at Object.jspb.asserts.assert (https://cdn.skypack.dev/-/google-protobuf@v3.21.2-YDUqZL2TTSsy2lGtfuND/dist=es2019,mode=imports/optimized/google-protobuf.js:783:23)
    at jspb.BinaryDecoder.readUnsignedVarint32 (https://cdn.skypack.dev/-/google-protobuf@v3.21.2-YDUqZL2TTSsy2lGtfuND/dist=es2019,mode=imports/optimized/google-protobuf.js:4150:18)
    at jspb.BinaryReader.skipDelimitedField (https://cdn.skypack.dev/-/google-protobuf@v3.21.2-YDUqZL2TTSsy2lGtfuND/dist=es2019,mode=imports/optimized/google-protobuf.js:4401:29)
    at jspb.BinaryReader.skipField (https://cdn.skypack.dev/-/google-protobuf@v3.21.2-YDUqZL2TTSsy2lGtfuND/dist=es2019,mode=imports/optimized/google-protobuf.js:4435:14)
    at Function.deserialize (file:///Users/thesayyn/Documents/thesayyn/protoc-gen-ts/target/debug/build/protoc_gen_ts-8cec2bec66276c47/out/test_conformance/test_messages_proto3.ts:958:24)
    at file:///Users/thesayyn/Documents/thesayyn/protoc-gen-ts/tests/conformance/bin/main.ts:23:78

  protobuf_test_messages.proto2.TestAllTypesProto2 1
  Error: Assertion failed
    at Object.jspb.asserts.doAssertFailure (https://cdn.skypack.dev/-/google-protobuf@v3.21.2-YDUqZL2TTSsy2lGtfuND/dist=es2019,mode=imports/optimized/google-protobuf.js:778:11)
    at Object.jspb.asserts.assert (https://cdn.skypack.dev/-/google-protobuf@v3.21.2-YDUqZL2TTSsy2lGtfuND/dist=es2019,mode=imports/optimized/google-protobuf.js:783:23)
    at jspb.BinaryDecoder.readUnsignedVarint32 (https://cdn.skypack.dev/-/google-protobuf@v3.21.2-YDUqZL2TTSsy2lGtfuND/dist=es2019,mode=imports/optimized/google-protobuf.js:4150:18)
    at jspb.BinaryReader.skipDelimitedField (https://cdn.skypack.dev/-/google-protobuf@v3.21.2-YDUqZL2TTSsy2lGtfuND/dist=es2019,mode=imports/optimized/google-protobuf.js:4401:29)
    at jspb.BinaryReader.skipField (https://cdn.skypack.dev/-/google-protobuf@v3.21.2-YDUqZL2TTSsy2lGtfuND/dist=es2019,mode=imports/optimized/google-protobuf.js:4435:14)
    at Function.deserialize (file:///Users/thesayyn/Documents/thesayyn/protoc-gen-ts/target/debug/build/protoc_gen_ts-8cec2bec66276c47/out/test_conformance/test_messages_proto2.ts:865:24)
    at file:///Users/thesayyn/Documents/thesayyn/protoc-gen-ts/tests/conformance/bin/main.ts:30:78

  protobuf_test_messages.proto3.TestAllTypesProto3 1
  Error: Assertion failed
    at Object.jspb.asserts.doAssertFailure (https://cdn.skypack.dev/-/google-protobuf@v3.21.2-YDUqZL2TTSsy2lGtfuND/dist=es2019,mode=imports/optimized/google-protobuf.js:778:11)
    at Object.jspb.asserts.assert (https://cdn.skypack.dev/-/google-protobuf@v3.21.2-YDUqZL2TTSsy2lGtfuND/dist=es2019,mode=imports/optimized/google-protobuf.js:783:23)
    at jspb.BinaryDecoder.readUnsignedVarint32 (https://cdn.skypack.dev/-/google-protobuf@v3.21.2-YDUqZL2TTSsy2lGtfuND/dist=es2019,mode=imports/optimized/google-protobuf.js:4150:18)
    at jspb.BinaryReader.readString (https://cdn.skypack.dev/-/google-protobuf@v3.21.2-YDUqZL2TTSsy2lGtfuND/dist=es2019,mode=imports/optimized/google-protobuf.js:4635:27)
    at Function.deserialize (file:///Users/thesayyn/Documents/thesayyn/protoc-gen-ts/target/debug/build/protoc_gen_ts-8cec2bec66276c47/out/test_conformance/test_messages_proto3.ts:211:50)
    at file:///Users/thesayyn/Documents/thesayyn/protoc-gen-ts/tests/conformance/bin/main.ts:23:78

  protobuf_test_messages.proto2.TestAllTypesProto2 1
  Error: Assertion failed
    at Object.jspb.asserts.doAssertFailure (https://cdn.skypack.dev/-/google-protobuf@v3.21.2-YDUqZL2TTSsy2lGtfuND/dist=es2019,mode=imports/optimized/google-protobuf.js:778:11)
    at Object.jspb.asserts.assert (https://cdn.skypack.dev/-/google-protobuf@v3.21.2-YDUqZL2TTSsy2lGtfuND/dist=es2019,mode=imports/optimized/google-protobuf.js:783:23)
    at jspb.BinaryDecoder.readUnsignedVarint32 (https://cdn.skypack.dev/-/google-protobuf@v3.21.2-YDUqZL2TTSsy2lGtfuND/dist=es2019,mode=imports/optimized/google-protobuf.js:4150:18)
    at jspb.BinaryReader.readString (https://cdn.skypack.dev/-/google-protobuf@v3.21.2-YDUqZL2TTSsy2lGtfuND/dist=es2019,mode=imports/optimized/google-protobuf.js:4635:27)
    at Function.deserialize (file:///Users/thesayyn/Documents/thesayyn/protoc-gen-ts/target/debug/build/protoc_gen_ts-8cec2bec66276c47/out/test_conformance/test_messages_proto2.ts:187:50)
    at file:///Users/thesayyn/Documents/thesayyn/protoc-gen-ts/tests/conformance/bin/main.ts:30:78

  protobuf_test_messages.proto3.TestAllTypesProto3 1
  Error: Assertion failed
    at Object.jspb.asserts.doAssertFailure (https://cdn.skypack.dev/-/google-protobuf@v3.21.2-YDUqZL2TTSsy2lGtfuND/dist=es2019,mode=imports/optimized/google-protobuf.js:778:11)
    at Object.jspb.asserts.assert (https://cdn.skypack.dev/-/google-protobuf@v3.21.2-YDUqZL2TTSsy2lGtfuND/dist=es2019,mode=imports/optimized/google-protobuf.js:783:23)
    at jspb.BinaryDecoder.readUnsignedVarint32 (https://cdn.skypack.dev/-/google-protobuf@v3.21.2-YDUqZL2TTSsy2lGtfuND/dist=es2019,mode=imports/optimized/google-protobuf.js:4150:18)
    at jspb.BinaryReader.readString (https://cdn.skypack.dev/-/google-protobuf@v3.21.2-YDUqZL2TTSsy2lGtfuND/dist=es2019,mode=imports/optimized/google-protobuf.js:4635:27)
    at Function.deserialize (file:///Users/thesayyn/Documents/thesayyn/protoc-gen-ts/target/debug/build/protoc_gen_ts-8cec2bec66276c47/out/test_conformance/test_messages_proto3.ts:293:53)
    at file:///Users/thesayyn/Documents/thesayyn/protoc-gen-ts/tests/conformance/bin/main.ts:23:78

  protobuf_test_messages.proto2.TestAllTypesProto2 1
  Error: Assertion failed
    at Object.jspb.asserts.doAssertFailure (https://cdn.skypack.dev/-/google-protobuf@v3.21.2-YDUqZL2TTSsy2lGtfuND/dist=es2019,mode=imports/optimized/google-protobuf.js:778:11)
    at Object.jspb.asserts.assert (https://cdn.skypack.dev/-/google-protobuf@v3.21.2-YDUqZL2TTSsy2lGtfuND/dist=es2019,mode=imports/optimized/google-protobuf.js:783:23)
    at jspb.BinaryDecoder.readUnsignedVarint32 (https://cdn.skypack.dev/-/google-protobuf@v3.21.2-YDUqZL2TTSsy2lGtfuND/dist=es2019,mode=imports/optimized/google-protobuf.js:4150:18)
    at jspb.BinaryReader.readString (https://cdn.skypack.dev/-/google-protobuf@v3.21.2-YDUqZL2TTSsy2lGtfuND/dist=es2019,mode=imports/optimized/google-protobuf.js:4635:27)
    at Function.deserialize (file:///Users/thesayyn/Documents/thesayyn/protoc-gen-ts/target/debug/build/protoc_gen_ts-8cec2bec66276c47/out/test_conformance/test_messages_proto2.ts:253:53)
    at file:///Users/thesayyn/Documents/thesayyn/protoc-gen-ts/tests/conformance/bin/main.ts:30:78

  protobuf_test_messages.proto3.TestAllTypesProto3 1
  Error: Assertion failed
    at Object.jspb.asserts.doAssertFailure (https://cdn.skypack.dev/-/google-protobuf@v3.21.2-YDUqZL2TTSsy2lGtfuND/dist=es2019,mode=imports/optimized/google-protobuf.js:778:11)
    at Object.jspb.asserts.assert (https://cdn.skypack.dev/-/google-protobuf@v3.21.2-YDUqZL2TTSsy2lGtfuND/dist=es2019,mode=imports/optimized/google-protobuf.js:783:23)
    at jspb.BinaryDecoder.readUnsignedVarint32 (https://cdn.skypack.dev/-/google-protobuf@v3.21.2-YDUqZL2TTSsy2lGtfuND/dist=es2019,mode=imports/optimized/google-protobuf.js:4150:18)
    at jspb.BinaryReader.skipDelimitedField (https://cdn.skypack.dev/-/google-protobuf@v3.21.2-YDUqZL2TTSsy2lGtfuND/dist=es2019,mode=imports/optimized/google-protobuf.js:4401:29)
    at jspb.BinaryReader.skipField (https://cdn.skypack.dev/-/google-protobuf@v3.21.2-YDUqZL2TTSsy2lGtfuND/dist=es2019,mode=imports/optimized/google-protobuf.js:4435:14)
    at Function.deserialize (file:///Users/thesayyn/Documents/thesayyn/protoc-gen-ts/target/debug/build/protoc_gen_ts-8cec2bec66276c47/out/test_conformance/test_messages_proto3.ts:958:24)
    at file:///Users/thesayyn/Documents/thesayyn/protoc-gen-ts/tests/conformance/bin/main.ts:23:78

  protobuf_test_messages.proto2.TestAllTypesProto2 1
  Error: Assertion failed
    at Object.jspb.asserts.doAssertFailure (https://cdn.skypack.dev/-/google-protobuf@v3.21.2-YDUqZL2TTSsy2lGtfuND/dist=es2019,mode=imports/optimized/google-protobuf.js:778:11)
    at Object.jspb.asserts.assert (https://cdn.skypack.dev/-/google-protobuf@v3.21.2-YDUqZL2TTSsy2lGtfuND/dist=es2019,mode=imports/optimized/google-protobuf.js:783:23)
    at jspb.BinaryDecoder.readUnsignedVarint32 (https://cdn.skypack.dev/-/google-protobuf@v3.21.2-YDUqZL2TTSsy2lGtfuND/dist=es2019,mode=imports/optimized/google-protobuf.js:4150:18)
    at jspb.BinaryReader.skipDelimitedField (https://cdn.skypack.dev/-/google-protobuf@v3.21.2-YDUqZL2TTSsy2lGtfuND/dist=es2019,mode=imports/optimized/google-protobuf.js:4401:29)
    at jspb.BinaryReader.skipField (https://cdn.skypack.dev/-/google-protobuf@v3.21.2-YDUqZL2TTSsy2lGtfuND/dist=es2019,mode=imports/optimized/google-protobuf.js:4435:14)
    at Function.deserialize (file:///Users/thesayyn/Documents/thesayyn/protoc-gen-ts/target/debug/build/protoc_gen_ts-8cec2bec66276c47/out/test_conformance/test_messages_proto2.ts:865:24)
    at file:///Users/thesayyn/Documents/thesayyn/protoc-gen-ts/tests/conformance/bin/main.ts:30:78

  protobuf_test_messages.proto3.TestAllTypesProto3 1
  Error: Failure: Decoder hit an error
    at Object.jspb.asserts.fail (https://cdn.skypack.dev/-/google-protobuf@v3.21.2-YDUqZL2TTSsy2lGtfuND/dist=es2019,mode=imports/optimized/google-protobuf.js:801:11)
    at jspb.BinaryReader.nextField (https://cdn.skypack.dev/-/google-protobuf@v3.21.2-YDUqZL2TTSsy2lGtfuND/dist=es2019,mode=imports/optimized/google-protobuf.js:4374:27)
    at Function.deserialize (file:///Users/thesayyn/Documents/thesayyn/protoc-gen-ts/target/debug/build/protoc_gen_ts-8cec2bec66276c47/out/test_conformance/test_messages_proto3.ts:169:18)
    at file:///Users/thesayyn/Documents/thesayyn/protoc-gen-ts/tests/conformance/bin/main.ts:23:78

  protobuf_test_messages.proto2.TestAllTypesProto2 1
  Error: Failure: Decoder hit an error
    at Object.jspb.asserts.fail (https://cdn.skypack.dev/-/google-protobuf@v3.21.2-YDUqZL2TTSsy2lGtfuND/dist=es2019,mode=imports/optimized/google-protobuf.js:801:11)
    at jspb.BinaryReader.nextField (https://cdn.skypack.dev/-/google-protobuf@v3.21.2-YDUqZL2TTSsy2lGtfuND/dist=es2019,mode=imports/optimized/google-protobuf.js:4374:27)
    at Function.deserialize (file:///Users/thesayyn/Documents/thesayyn/protoc-gen-ts/target/debug/build/protoc_gen_ts-8cec2bec66276c47/out/test_conformance/test_messages_proto2.ts:145:18)
    at file:///Users/thesayyn/Documents/thesayyn/protoc-gen-ts/tests/conformance/bin/main.ts:30:78

  protobuf_test_messages.proto3.TestAllTypesProto3 1
  Error: Failure: Decoder hit an error
    at Object.jspb.asserts.fail (https://cdn.skypack.dev/-/google-protobuf@v3.21.2-YDUqZL2TTSsy2lGtfuND/dist=es2019,mode=imports/optimized/google-protobuf.js:801:11)
    at jspb.BinaryReader.nextField (https://cdn.skypack.dev/-/google-protobuf@v3.21.2-YDUqZL2TTSsy2lGtfuND/dist=es2019,mode=imports/optimized/google-protobuf.js:4374:27)
    at Function.deserialize (file:///Users/thesayyn/Documents/thesayyn/protoc-gen-ts/target/debug/build/protoc_gen_ts-8cec2bec66276c47/out/test_conformance/test_messages_proto3.ts:169:18)
    at file:///Users/thesayyn/Documents/thesayyn/protoc-gen-ts/tests/conformance/bin/main.ts:23:78

  protobuf_test_messages.proto2.TestAllTypesProto2 1
  Error: Failure: Decoder hit an error
    at Object.jspb.asserts.fail (https://cdn.skypack.dev/-/google-protobuf@v3.21.2-YDUqZL2TTSsy2lGtfuND/dist=es2019,mode=imports/optimized/google-protobuf.js:801:11)
    at jspb.BinaryReader.nextField (https://cdn.skypack.dev/-/google-protobuf@v3.21.2-YDUqZL2TTSsy2lGtfuND/dist=es2019,mode=imports/optimized/google-protobuf.js:4374:27)
    at Function.deserialize (file:///Users/thesayyn/Documents/thesayyn/protoc-gen-ts/target/debug/build/protoc_gen_ts-8cec2bec66276c47/out/test_conformance/test_messages_proto2.ts:145:18)
    at file:///Users/thesayyn/Documents/thesayyn/protoc-gen-ts/tests/conformance/bin/main.ts:30:78

  protobuf_test_messages.proto3.TestAllTypesProto3 1
  Error: Assertion failed
    at Object.jspb.asserts.doAssertFailure (https://cdn.skypack.dev/-/google-protobuf@v3.21.2-YDUqZL2TTSsy2lGtfuND/dist=es2019,mode=imports/optimized/google-protobuf.js:778:11)
    at Object.jspb.asserts.assert (https://cdn.skypack.dev/-/google-protobuf@v3.21.2-YDUqZL2TTSsy2lGtfuND/dist=es2019,mode=imports/optimized/google-protobuf.js:783:23)
    at jspb.BinaryDecoder.advance (https://cdn.skypack.dev/-/google-protobuf@v3.21.2-YDUqZL2TTSsy2lGtfuND/dist=es2019,mode=imports/optimized/google-protobuf.js:4081:18)
    at jspb.BinaryReader.skipDelimitedField (https://cdn.skypack.dev/-/google-protobuf@v3.21.2-YDUqZL2TTSsy2lGtfuND/dist=es2019,mode=imports/optimized/google-protobuf.js:4402:21)
    at jspb.BinaryReader.skipField (https://cdn.skypack.dev/-/google-protobuf@v3.21.2-YDUqZL2TTSsy2lGtfuND/dist=es2019,mode=imports/optimized/google-protobuf.js:4435:14)
    at Function.deserialize (file:///Users/thesayyn/Documents/thesayyn/protoc-gen-ts/target/debug/build/protoc_gen_ts-8cec2bec66276c47/out/test_conformance/test_messages_proto3.ts:958:24)
    at file:///Users/thesayyn/Documents/thesayyn/protoc-gen-ts/tests/conformance/bin/main.ts:23:78

  protobuf_test_messages.proto2.TestAllTypesProto2 1
  Error: Assertion failed
    at Object.jspb.asserts.doAssertFailure (https://cdn.skypack.dev/-/google-protobuf@v3.21.2-YDUqZL2TTSsy2lGtfuND/dist=es2019,mode=imports/optimized/google-protobuf.js:778:11)
    at Object.jspb.asserts.assert (https://cdn.skypack.dev/-/google-protobuf@v3.21.2-YDUqZL2TTSsy2lGtfuND/dist=es2019,mode=imports/optimized/google-protobuf.js:783:23)
    at jspb.BinaryDecoder.advance (https://cdn.skypack.dev/-/google-protobuf@v3.21.2-YDUqZL2TTSsy2lGtfuND/dist=es2019,mode=imports/optimized/google-protobuf.js:4081:18)
    at jspb.BinaryReader.skipDelimitedField (https://cdn.skypack.dev/-/google-protobuf@v3.21.2-YDUqZL2TTSsy2lGtfuND/dist=es2019,mode=imports/optimized/google-protobuf.js:4402:21)
    at jspb.BinaryReader.skipField (https://cdn.skypack.dev/-/google-protobuf@v3.21.2-YDUqZL2TTSsy2lGtfuND/dist=es2019,mode=imports/optimized/google-protobuf.js:4435:14)
    at Function.deserialize (file:///Users/thesayyn/Documents/thesayyn/protoc-gen-ts/target/debug/build/protoc_gen_ts-8cec2bec66276c47/out/test_conformance/test_messages_proto2.ts:865:24)
    at file:///Users/thesayyn/Documents/thesayyn/protoc-gen-ts/tests/conformance/bin/main.ts:30:78

  protobuf_test_messages.proto3.TestAllTypesProto3 1
  Error: Assertion failed
    at Object.jspb.asserts.doAssertFailure (https://cdn.skypack.dev/-/google-protobuf@v3.21.2-YDUqZL2TTSsy2lGtfuND/dist=es2019,mode=imports/optimized/google-protobuf.js:778:11)
    at Object.jspb.asserts.assert (https://cdn.skypack.dev/-/google-protobuf@v3.21.2-YDUqZL2TTSsy2lGtfuND/dist=es2019,mode=imports/optimized/google-protobuf.js:783:23)
    at jspb.BinaryDecoder.readUnsignedVarint32 (https://cdn.skypack.dev/-/google-protobuf@v3.21.2-YDUqZL2TTSsy2lGtfuND/dist=es2019,mode=imports/optimized/google-protobuf.js:4150:18)
    at jspb.BinaryReader.getFieldDecoder (https://cdn.skypack.dev/-/google-protobuf@v3.21.2-YDUqZL2TTSsy2lGtfuND/dist=es2019,mode=imports/optimized/google-protobuf.js:4526:27)
    at Function.deserialize (file:///Users/thesayyn/Documents/thesayyn/protoc-gen-ts/target/debug/build/protoc_gen_ts-8cec2bec66276c47/out/test_conformance/test_messages_proto3.ts:217:133)
    at file:///Users/thesayyn/Documents/thesayyn/protoc-gen-ts/tests/conformance/bin/main.ts:23:78

  protobuf_test_messages.proto2.TestAllTypesProto2 1
  Error: Assertion failed
    at Object.jspb.asserts.doAssertFailure (https://cdn.skypack.dev/-/google-protobuf@v3.21.2-YDUqZL2TTSsy2lGtfuND/dist=es2019,mode=imports/optimized/google-protobuf.js:778:11)
    at Object.jspb.asserts.assert (https://cdn.skypack.dev/-/google-protobuf@v3.21.2-YDUqZL2TTSsy2lGtfuND/dist=es2019,mode=imports/optimized/google-protobuf.js:783:23)
    at jspb.BinaryDecoder.readUnsignedVarint32 (https://cdn.skypack.dev/-/google-protobuf@v3.21.2-YDUqZL2TTSsy2lGtfuND/dist=es2019,mode=imports/optimized/google-protobuf.js:4150:18)
    at jspb.BinaryReader.getFieldDecoder (https://cdn.skypack.dev/-/google-protobuf@v3.21.2-YDUqZL2TTSsy2lGtfuND/dist=es2019,mode=imports/optimized/google-protobuf.js:4526:27)
    at Function.deserialize (file:///Users/thesayyn/Documents/thesayyn/protoc-gen-ts/target/debug/build/protoc_gen_ts-8cec2bec66276c47/out/test_conformance/test_messages_proto2.ts:193:133)
    at file:///Users/thesayyn/Documents/thesayyn/protoc-gen-ts/tests/conformance/bin/main.ts:30:78

  protobuf_test_messages.proto3.TestAllTypesProto3 1
  Error: Assertion failed
    at Object.jspb.asserts.doAssertFailure (https://cdn.skypack.dev/-/google-protobuf@v3.21.2-YDUqZL2TTSsy2lGtfuND/dist=es2019,mode=imports/optimized/google-protobuf.js:778:11)
    at Object.jspb.asserts.assert (https://cdn.skypack.dev/-/google-protobuf@v3.21.2-YDUqZL2TTSsy2lGtfuND/dist=es2019,mode=imports/optimized/google-protobuf.js:783:23)
    at jspb.BinaryDecoder.readUnsignedVarint32 (https://cdn.skypack.dev/-/google-protobuf@v3.21.2-YDUqZL2TTSsy2lGtfuND/dist=es2019,mode=imports/optimized/google-protobuf.js:4150:18)
    at jspb.BinaryReader.getFieldDecoder (https://cdn.skypack.dev/-/google-protobuf@v3.21.2-YDUqZL2TTSsy2lGtfuND/dist=es2019,mode=imports/optimized/google-protobuf.js:4526:27)
    at Function.deserialize (file:///Users/thesayyn/Documents/thesayyn/protoc-gen-ts/target/debug/build/protoc_gen_ts-8cec2bec66276c47/out/test_conformance/test_messages_proto3.ts:299:136)
    at file:///Users/thesayyn/Documents/thesayyn/protoc-gen-ts/tests/conformance/bin/main.ts:23:78

  protobuf_test_messages.proto2.TestAllTypesProto2 1
  Error: Assertion failed
    at Object.jspb.asserts.doAssertFailure (https://cdn.skypack.dev/-/google-protobuf@v3.21.2-YDUqZL2TTSsy2lGtfuND/dist=es2019,mode=imports/optimized/google-protobuf.js:778:11)
    at Object.jspb.asserts.assert (https://cdn.skypack.dev/-/google-protobuf@v3.21.2-YDUqZL2TTSsy2lGtfuND/dist=es2019,mode=imports/optimized/google-protobuf.js:783:23)
    at jspb.BinaryDecoder.readUnsignedVarint32 (https://cdn.skypack.dev/-/google-protobuf@v3.21.2-YDUqZL2TTSsy2lGtfuND/dist=es2019,mode=imports/optimized/google-protobuf.js:4150:18)
    at jspb.BinaryReader.getFieldDecoder (https://cdn.skypack.dev/-/google-protobuf@v3.21.2-YDUqZL2TTSsy2lGtfuND/dist=es2019,mode=imports/optimized/google-protobuf.js:4526:27)
    at Function.deserialize (file:///Users/thesayyn/Documents/thesayyn/protoc-gen-ts/target/debug/build/protoc_gen_ts-8cec2bec66276c47/out/test_conformance/test_messages_proto2.ts:259:136)
    at file:///Users/thesayyn/Documents/thesayyn/protoc-gen-ts/tests/conformance/bin/main.ts:30:78

  protobuf_test_messages.proto3.TestAllTypesProto3 1
  Error: Assertion failed
    at Object.jspb.asserts.doAssertFailure (https://cdn.skypack.dev/-/google-protobuf@v3.21.2-YDUqZL2TTSsy2lGtfuND/dist=es2019,mode=imports/optimized/google-protobuf.js:778:11)
    at Object.jspb.asserts.assert (https://cdn.skypack.dev/-/google-protobuf@v3.21.2-YDUqZL2TTSsy2lGtfuND/dist=es2019,mode=imports/optimized/google-protobuf.js:783:23)
    at jspb.BinaryDecoder.readUnsignedVarint32 (https://cdn.skypack.dev/-/google-protobuf@v3.21.2-YDUqZL2TTSsy2lGtfuND/dist=es2019,mode=imports/optimized/google-protobuf.js:4150:18)
    at jspb.BinaryReader.skipDelimitedField (https://cdn.skypack.dev/-/google-protobuf@v3.21.2-YDUqZL2TTSsy2lGtfuND/dist=es2019,mode=imports/optimized/google-protobuf.js:4401:29)
    at jspb.BinaryReader.skipField (https://cdn.skypack.dev/-/google-protobuf@v3.21.2-YDUqZL2TTSsy2lGtfuND/dist=es2019,mode=imports/optimized/google-protobuf.js:4435:14)
    at Function.deserialize (file:///Users/thesayyn/Documents/thesayyn/protoc-gen-ts/target/debug/build/protoc_gen_ts-8cec2bec66276c47/out/test_conformance/test_messages_proto3.ts:958:24)
    at file:///Users/thesayyn/Documents/thesayyn/protoc-gen-ts/tests/conformance/bin/main.ts:23:78

  protobuf_test_messages.proto2.TestAllTypesProto2 1
  Error: Assertion failed
    at Object.jspb.asserts.doAssertFailure (https://cdn.skypack.dev/-/google-protobuf@v3.21.2-YDUqZL2TTSsy2lGtfuND/dist=es2019,mode=imports/optimized/google-protobuf.js:778:11)
    at Object.jspb.asserts.assert (https://cdn.skypack.dev/-/google-protobuf@v3.21.2-YDUqZL2TTSsy2lGtfuND/dist=es2019,mode=imports/optimized/google-protobuf.js:783:23)
    at jspb.BinaryDecoder.readUnsignedVarint32 (https://cdn.skypack.dev/-/google-protobuf@v3.21.2-YDUqZL2TTSsy2lGtfuND/dist=es2019,mode=imports/optimized/google-protobuf.js:4150:18)
    at jspb.BinaryReader.skipDelimitedField (https://cdn.skypack.dev/-/google-protobuf@v3.21.2-YDUqZL2TTSsy2lGtfuND/dist=es2019,mode=imports/optimized/google-protobuf.js:4401:29)
    at jspb.BinaryReader.skipField (https://cdn.skypack.dev/-/google-protobuf@v3.21.2-YDUqZL2TTSsy2lGtfuND/dist=es2019,mode=imports/optimized/google-protobuf.js:4435:14)
    at Function.deserialize (file:///Users/thesayyn/Documents/thesayyn/protoc-gen-ts/target/debug/build/protoc_gen_ts-8cec2bec66276c47/out/test_conformance/test_messages_proto2.ts:865:24)
    at file:///Users/thesayyn/Documents/thesayyn/protoc-gen-ts/tests/conformance/bin/main.ts:30:78

  protobuf_test_messages.proto3.TestAllTypesProto3 1
  Error: Assertion failed
    at Object.jspb.asserts.doAssertFailure (https://cdn.skypack.dev/-/google-protobuf@v3.21.2-YDUqZL2TTSsy2lGtfuND/dist=es2019,mode=imports/optimized/google-protobuf.js:778:11)
    at Object.jspb.asserts.assert (https://cdn.skypack.dev/-/google-protobuf@v3.21.2-YDUqZL2TTSsy2lGtfuND/dist=es2019,mode=imports/optimized/google-protobuf.js:783:23)
    at jspb.BinaryDecoder.readUnsignedVarint32 (https://cdn.skypack.dev/-/google-protobuf@v3.21.2-YDUqZL2TTSsy2lGtfuND/dist=es2019,mode=imports/optimized/google-protobuf.js:4150:18)
    at jspb.BinaryReader.getFieldDecoder (https://cdn.skypack.dev/-/google-protobuf@v3.21.2-YDUqZL2TTSsy2lGtfuND/dist=es2019,mode=imports/optimized/google-protobuf.js:4526:27)
    at Function.deserialize (file:///Users/thesayyn/Documents/thesayyn/protoc-gen-ts/target/debug/build/protoc_gen_ts-8cec2bec66276c47/out/test_conformance/test_messages_proto3.ts:217:133)
    at file:///Users/thesayyn/Documents/thesayyn/protoc-gen-ts/tests/conformance/bin/main.ts:23:78

  protobuf_test_messages.proto2.TestAllTypesProto2 1
  Error: Assertion failed
    at Object.jspb.asserts.doAssertFailure (https://cdn.skypack.dev/-/google-protobuf@v3.21.2-YDUqZL2TTSsy2lGtfuND/dist=es2019,mode=imports/optimized/google-protobuf.js:778:11)
    at Object.jspb.asserts.assert (https://cdn.skypack.dev/-/google-protobuf@v3.21.2-YDUqZL2TTSsy2lGtfuND/dist=es2019,mode=imports/optimized/google-protobuf.js:783:23)
    at jspb.BinaryDecoder.readUnsignedVarint32 (https://cdn.skypack.dev/-/google-protobuf@v3.21.2-YDUqZL2TTSsy2lGtfuND/dist=es2019,mode=imports/optimized/google-protobuf.js:4150:18)
    at jspb.BinaryReader.getFieldDecoder (https://cdn.skypack.dev/-/google-protobuf@v3.21.2-YDUqZL2TTSsy2lGtfuND/dist=es2019,mode=imports/optimized/google-protobuf.js:4526:27)
    at Function.deserialize (file:///Users/thesayyn/Documents/thesayyn/protoc-gen-ts/target/debug/build/protoc_gen_ts-8cec2bec66276c47/out/test_conformance/test_messages_proto2.ts:193:133)
    at file:///Users/thesayyn/Documents/thesayyn/protoc-gen-ts/tests/conformance/bin/main.ts:30:78

  protobuf_test_messages.proto3.TestAllTypesProto3 1
  Error: Assertion failed
    at Object.jspb.asserts.doAssertFailure (https://cdn.skypack.dev/-/google-protobuf@v3.21.2-YDUqZL2TTSsy2lGtfuND/dist=es2019,mode=imports/optimized/google-protobuf.js:778:11)
    at Object.jspb.asserts.assert (https://cdn.skypack.dev/-/google-protobuf@v3.21.2-YDUqZL2TTSsy2lGtfuND/dist=es2019,mode=imports/optimized/google-protobuf.js:783:23)
    at jspb.BinaryDecoder.readUnsignedVarint32 (https://cdn.skypack.dev/-/google-protobuf@v3.21.2-YDUqZL2TTSsy2lGtfuND/dist=es2019,mode=imports/optimized/google-protobuf.js:4150:18)
    at jspb.BinaryReader.getFieldDecoder (https://cdn.skypack.dev/-/google-protobuf@v3.21.2-YDUqZL2TTSsy2lGtfuND/dist=es2019,mode=imports/optimized/google-protobuf.js:4526:27)
    at Function.deserialize (file:///Users/thesayyn/Documents/thesayyn/protoc-gen-ts/target/debug/build/protoc_gen_ts-8cec2bec66276c47/out/test_conformance/test_messages_proto3.ts:299:136)
    at file:///Users/thesayyn/Documents/thesayyn/protoc-gen-ts/tests/conformance/bin/main.ts:23:78

  protobuf_test_messages.proto2.TestAllTypesProto2 1
  Error: Assertion failed
    at Object.jspb.asserts.doAssertFailure (https://cdn.skypack.dev/-/google-protobuf@v3.21.2-YDUqZL2TTSsy2lGtfuND/dist=es2019,mode=imports/optimized/google-protobuf.js:778:11)
    at Object.jspb.asserts.assert (https://cdn.skypack.dev/-/google-protobuf@v3.21.2-YDUqZL2TTSsy2lGtfuND/dist=es2019,mode=imports/optimized/google-protobuf.js:783:23)
    at jspb.BinaryDecoder.readUnsignedVarint32 (https://cdn.skypack.dev/-/google-protobuf@v3.21.2-YDUqZL2TTSsy2lGtfuND/dist=es2019,mode=imports/optimized/google-protobuf.js:4150:18)
    at jspb.BinaryReader.getFieldDecoder (https://cdn.skypack.dev/-/google-protobuf@v3.21.2-YDUqZL2TTSsy2lGtfuND/dist=es2019,mode=imports/optimized/google-protobuf.js:4526:27)
    at Function.deserialize (file:///Users/thesayyn/Documents/thesayyn/protoc-gen-ts/target/debug/build/protoc_gen_ts-8cec2bec66276c47/out/test_conformance/test_messages_proto2.ts:259:136)
    at file:///Users/thesayyn/Documents/thesayyn/protoc-gen-ts/tests/conformance/bin/main.ts:30:78

  protobuf_test_messages.proto3.TestAllTypesProto3 1
  Error: Assertion failed
    at Object.jspb.asserts.doAssertFailure (https://cdn.skypack.dev/-/google-protobuf@v3.21.2-YDUqZL2TTSsy2lGtfuND/dist=es2019,mode=imports/optimized/google-protobuf.js:778:11)
    at Object.jspb.asserts.assert (https://cdn.skypack.dev/-/google-protobuf@v3.21.2-YDUqZL2TTSsy2lGtfuND/dist=es2019,mode=imports/optimized/google-protobuf.js:783:23)
    at jspb.BinaryDecoder.readUnsignedVarint32 (https://cdn.skypack.dev/-/google-protobuf@v3.21.2-YDUqZL2TTSsy2lGtfuND/dist=es2019,mode=imports/optimized/google-protobuf.js:4150:18)
    at jspb.BinaryReader.skipDelimitedField (https://cdn.skypack.dev/-/google-protobuf@v3.21.2-YDUqZL2TTSsy2lGtfuND/dist=es2019,mode=imports/optimized/google-protobuf.js:4401:29)
    at jspb.BinaryReader.skipField (https://cdn.skypack.dev/-/google-protobuf@v3.21.2-YDUqZL2TTSsy2lGtfuND/dist=es2019,mode=imports/optimized/google-protobuf.js:4435:14)
    at Function.deserialize (file:///Users/thesayyn/Documents/thesayyn/protoc-gen-ts/target/debug/build/protoc_gen_ts-8cec2bec66276c47/out/test_conformance/test_messages_proto3.ts:958:24)
    at file:///Users/thesayyn/Documents/thesayyn/protoc-gen-ts/tests/conformance/bin/main.ts:23:78

  protobuf_test_messages.proto2.TestAllTypesProto2 1
  Error: Assertion failed
    at Object.jspb.asserts.doAssertFailure (https://cdn.skypack.dev/-/google-protobuf@v3.21.2-YDUqZL2TTSsy2lGtfuND/dist=es2019,mode=imports/optimized/google-protobuf.js:778:11)
    at Object.jspb.asserts.assert (https://cdn.skypack.dev/-/google-protobuf@v3.21.2-YDUqZL2TTSsy2lGtfuND/dist=es2019,mode=imports/optimized/google-protobuf.js:783:23)
    at jspb.BinaryDecoder.readUnsignedVarint32 (https://cdn.skypack.dev/-/google-protobuf@v3.21.2-YDUqZL2TTSsy2lGtfuND/dist=es2019,mode=imports/optimized/google-protobuf.js:4150:18)
    at jspb.BinaryReader.skipDelimitedField (https://cdn.skypack.dev/-/google-protobuf@v3.21.2-YDUqZL2TTSsy2lGtfuND/dist=es2019,mode=imports/optimized/google-protobuf.js:4401:29)
    at jspb.BinaryReader.skipField (https://cdn.skypack.dev/-/google-protobuf@v3.21.2-YDUqZL2TTSsy2lGtfuND/dist=es2019,mode=imports/optimized/google-protobuf.js:4435:14)
    at Function.deserialize (file:///Users/thesayyn/Documents/thesayyn/protoc-gen-ts/target/debug/build/protoc_gen_ts-8cec2bec66276c47/out/test_conformance/test_messages_proto2.ts:865:24)
    at file:///Users/thesayyn/Documents/thesayyn/protoc-gen-ts/tests/conformance/bin/main.ts:30:78

  protobuf_test_messages.proto3.TestAllTypesProto3 1
  Error: Assertion failed
    at Object.jspb.asserts.doAssertFailure (https://cdn.skypack.dev/-/google-protobuf@v3.21.2-YDUqZL2TTSsy2lGtfuND/dist=es2019,mode=imports/optimized/google-protobuf.js:778:11)
    at Object.jspb.asserts.assert (https://cdn.skypack.dev/-/google-protobuf@v3.21.2-YDUqZL2TTSsy2lGtfuND/dist=es2019,mode=imports/optimized/google-protobuf.js:783:23)
    at jspb.BinaryDecoder.advance (https://cdn.skypack.dev/-/google-protobuf@v3.21.2-YDUqZL2TTSsy2lGtfuND/dist=es2019,mode=imports/optimized/google-protobuf.js:4081:18)
    at jspb.BinaryReader.skipDelimitedField (https://cdn.skypack.dev/-/google-protobuf@v3.21.2-YDUqZL2TTSsy2lGtfuND/dist=es2019,mode=imports/optimized/google-protobuf.js:4402:21)
    at jspb.BinaryReader.skipField (https://cdn.skypack.dev/-/google-protobuf@v3.21.2-YDUqZL2TTSsy2lGtfuND/dist=es2019,mode=imports/optimized/google-protobuf.js:4435:14)
    at Function.deserialize (file:///Users/thesayyn/Documents/thesayyn/protoc-gen-ts/target/debug/build/protoc_gen_ts-8cec2bec66276c47/out/test_conformance/test_messages_proto3.ts:1608:24)
    at Function.deserialize (file:///Users/thesayyn/Documents/thesayyn/protoc-gen-ts/target/debug/build/protoc_gen_ts-8cec2bec66276c47/out/test_conformance/test_messages_proto3.ts:217:118)
    at file:///Users/thesayyn/Documents/thesayyn/protoc-gen-ts/tests/conformance/bin/main.ts:23:78

  protobuf_test_messages.proto2.TestAllTypesProto2 1
  Error: Assertion failed
    at Object.jspb.asserts.doAssertFailure (https://cdn.skypack.dev/-/google-protobuf@v3.21.2-YDUqZL2TTSsy2lGtfuND/dist=es2019,mode=imports/optimized/google-protobuf.js:778:11)
    at Object.jspb.asserts.assert (https://cdn.skypack.dev/-/google-protobuf@v3.21.2-YDUqZL2TTSsy2lGtfuND/dist=es2019,mode=imports/optimized/google-protobuf.js:783:23)
    at jspb.BinaryDecoder.advance (https://cdn.skypack.dev/-/google-protobuf@v3.21.2-YDUqZL2TTSsy2lGtfuND/dist=es2019,mode=imports/optimized/google-protobuf.js:4081:18)
    at jspb.BinaryReader.skipDelimitedField (https://cdn.skypack.dev/-/google-protobuf@v3.21.2-YDUqZL2TTSsy2lGtfuND/dist=es2019,mode=imports/optimized/google-protobuf.js:4402:21)
    at jspb.BinaryReader.skipField (https://cdn.skypack.dev/-/google-protobuf@v3.21.2-YDUqZL2TTSsy2lGtfuND/dist=es2019,mode=imports/optimized/google-protobuf.js:4435:14)
    at Function.deserialize (file:///Users/thesayyn/Documents/thesayyn/protoc-gen-ts/target/debug/build/protoc_gen_ts-8cec2bec66276c47/out/test_conformance/test_messages_proto2.ts:1430:24)
    at Function.deserialize (file:///Users/thesayyn/Documents/thesayyn/protoc-gen-ts/target/debug/build/protoc_gen_ts-8cec2bec66276c47/out/test_conformance/test_messages_proto2.ts:193:118)
    at file:///Users/thesayyn/Documents/thesayyn/protoc-gen-ts/tests/conformance/bin/main.ts:30:78

  protobuf_test_messages.proto3.TestAllTypesProto3 1
  Error: Assertion failed
    at Object.jspb.asserts.doAssertFailure (https://cdn.skypack.dev/-/google-protobuf@v3.21.2-YDUqZL2TTSsy2lGtfuND/dist=es2019,mode=imports/optimized/google-protobuf.js:778:11)
    at Object.jspb.asserts.assert (https://cdn.skypack.dev/-/google-protobuf@v3.21.2-YDUqZL2TTSsy2lGtfuND/dist=es2019,mode=imports/optimized/google-protobuf.js:783:23)
    at jspb.BinaryDecoder.advance (https://cdn.skypack.dev/-/google-protobuf@v3.21.2-YDUqZL2TTSsy2lGtfuND/dist=es2019,mode=imports/optimized/google-protobuf.js:4081:18)
    at jspb.BinaryReader.skipDelimitedField (https://cdn.skypack.dev/-/google-protobuf@v3.21.2-YDUqZL2TTSsy2lGtfuND/dist=es2019,mode=imports/optimized/google-protobuf.js:4402:21)
    at jspb.BinaryReader.skipField (https://cdn.skypack.dev/-/google-protobuf@v3.21.2-YDUqZL2TTSsy2lGtfuND/dist=es2019,mode=imports/optimized/google-protobuf.js:4435:14)
    at Function.deserialize (file:///Users/thesayyn/Documents/thesayyn/protoc-gen-ts/target/debug/build/protoc_gen_ts-8cec2bec66276c47/out/test_conformance/test_messages_proto3.ts:1608:24)
    at Function.deserialize (file:///Users/thesayyn/Documents/thesayyn/protoc-gen-ts/target/debug/build/protoc_gen_ts-8cec2bec66276c47/out/test_conformance/test_messages_proto3.ts:299:121)
    at file:///Users/thesayyn/Documents/thesayyn/protoc-gen-ts/tests/conformance/bin/main.ts:23:78

  protobuf_test_messages.proto2.TestAllTypesProto2 1
  Error: Assertion failed
    at Object.jspb.asserts.doAssertFailure (https://cdn.skypack.dev/-/google-protobuf@v3.21.2-YDUqZL2TTSsy2lGtfuND/dist=es2019,mode=imports/optimized/google-protobuf.js:778:11)
    at Object.jspb.asserts.assert (https://cdn.skypack.dev/-/google-protobuf@v3.21.2-YDUqZL2TTSsy2lGtfuND/dist=es2019,mode=imports/optimized/google-protobuf.js:783:23)
    at jspb.BinaryDecoder.advance (https://cdn.skypack.dev/-/google-protobuf@v3.21.2-YDUqZL2TTSsy2lGtfuND/dist=es2019,mode=imports/optimized/google-protobuf.js:4081:18)
    at jspb.BinaryReader.skipDelimitedField (https://cdn.skypack.dev/-/google-protobuf@v3.21.2-YDUqZL2TTSsy2lGtfuND/dist=es2019,mode=imports/optimized/google-protobuf.js:4402:21)
    at jspb.BinaryReader.skipField (https://cdn.skypack.dev/-/google-protobuf@v3.21.2-YDUqZL2TTSsy2lGtfuND/dist=es2019,mode=imports/optimized/google-protobuf.js:4435:14)
    at Function.deserialize (file:///Users/thesayyn/Documents/thesayyn/protoc-gen-ts/target/debug/build/protoc_gen_ts-8cec2bec66276c47/out/test_conformance/test_messages_proto2.ts:1430:24)
    at Function.deserialize (file:///Users/thesayyn/Documents/thesayyn/protoc-gen-ts/target/debug/build/protoc_gen_ts-8cec2bec66276c47/out/test_conformance/test_messages_proto2.ts:259:121)
    at file:///Users/thesayyn/Documents/thesayyn/protoc-gen-ts/tests/conformance/bin/main.ts:30:78

  protobuf_test_messages.proto3.TestAllTypesProto3 1
  Error: Assertion failed
    at Object.jspb.asserts.doAssertFailure (https://cdn.skypack.dev/-/google-protobuf@v3.21.2-YDUqZL2TTSsy2lGtfuND/dist=es2019,mode=imports/optimized/google-protobuf.js:778:11)
    at Object.jspb.asserts.assert (https://cdn.skypack.dev/-/google-protobuf@v3.21.2-YDUqZL2TTSsy2lGtfuND/dist=es2019,mode=imports/optimized/google-protobuf.js:783:23)
    at jspb.BinaryDecoder.advance (https://cdn.skypack.dev/-/google-protobuf@v3.21.2-YDUqZL2TTSsy2lGtfuND/dist=es2019,mode=imports/optimized/google-protobuf.js:4081:18)
    at jspb.BinaryReader.skipDelimitedField (https://cdn.skypack.dev/-/google-protobuf@v3.21.2-YDUqZL2TTSsy2lGtfuND/dist=es2019,mode=imports/optimized/google-protobuf.js:4402:21)
    at jspb.BinaryReader.skipField (https://cdn.skypack.dev/-/google-protobuf@v3.21.2-YDUqZL2TTSsy2lGtfuND/dist=es2019,mode=imports/optimized/google-protobuf.js:4435:14)
    at Function.deserialize (file:///Users/thesayyn/Documents/thesayyn/protoc-gen-ts/target/debug/build/protoc_gen_ts-8cec2bec66276c47/out/test_conformance/test_messages_proto3.ts:958:24)
    at file:///Users/thesayyn/Documents/thesayyn/protoc-gen-ts/tests/conformance/bin/main.ts:23:78

  protobuf_test_messages.proto2.TestAllTypesProto2 1
  Error: Assertion failed
    at Object.jspb.asserts.doAssertFailure (https://cdn.skypack.dev/-/google-protobuf@v3.21.2-YDUqZL2TTSsy2lGtfuND/dist=es2019,mode=imports/optimized/google-protobuf.js:778:11)
    at Object.jspb.asserts.assert (https://cdn.skypack.dev/-/google-protobuf@v3.21.2-YDUqZL2TTSsy2lGtfuND/dist=es2019,mode=imports/optimized/google-protobuf.js:783:23)
    at jspb.BinaryDecoder.advance (https://cdn.skypack.dev/-/google-protobuf@v3.21.2-YDUqZL2TTSsy2lGtfuND/dist=es2019,mode=imports/optimized/google-protobuf.js:4081:18)
    at jspb.BinaryReader.skipDelimitedField (https://cdn.skypack.dev/-/google-protobuf@v3.21.2-YDUqZL2TTSsy2lGtfuND/dist=es2019,mode=imports/optimized/google-protobuf.js:4402:21)
    at jspb.BinaryReader.skipField (https://cdn.skypack.dev/-/google-protobuf@v3.21.2-YDUqZL2TTSsy2lGtfuND/dist=es2019,mode=imports/optimized/google-protobuf.js:4435:14)
    at Function.deserialize (file:///Users/thesayyn/Documents/thesayyn/protoc-gen-ts/target/debug/build/protoc_gen_ts-8cec2bec66276c47/out/test_conformance/test_messages_proto2.ts:865:24)
    at file:///Users/thesayyn/Documents/thesayyn/protoc-gen-ts/tests/conformance/bin/main.ts:30:78

  protobuf_test_messages.proto3.TestAllTypesProto3 1
  Error: Assertion failed
    at Object.jspb.asserts.doAssertFailure (https://cdn.skypack.dev/-/google-protobuf@v3.21.2-YDUqZL2TTSsy2lGtfuND/dist=es2019,mode=imports/optimized/google-protobuf.js:778:11)
    at Object.jspb.asserts.assert (https://cdn.skypack.dev/-/google-protobuf@v3.21.2-YDUqZL2TTSsy2lGtfuND/dist=es2019,mode=imports/optimized/google-protobuf.js:783:23)
    at jspb.BinaryDecoder.readUnsignedVarint32 (https://cdn.skypack.dev/-/google-protobuf@v3.21.2-YDUqZL2TTSsy2lGtfuND/dist=es2019,mode=imports/optimized/google-protobuf.js:4150:18)
    at jspb.BinaryReader.readBytes (https://cdn.skypack.dev/-/google-protobuf@v3.21.2-YDUqZL2TTSsy2lGtfuND/dist=es2019,mode=imports/optimized/google-protobuf.js:4641:27)
    at Function.deserialize (file:///Users/thesayyn/Documents/thesayyn/protoc-gen-ts/target/debug/build/protoc_gen_ts-8cec2bec66276c47/out/test_conformance/test_messages_proto3.ts:214:49)
    at file:///Users/thesayyn/Documents/thesayyn/protoc-gen-ts/tests/conformance/bin/main.ts:23:78

  protobuf_test_messages.proto2.TestAllTypesProto2 1
  Error: Assertion failed
    at Object.jspb.asserts.doAssertFailure (https://cdn.skypack.dev/-/google-protobuf@v3.21.2-YDUqZL2TTSsy2lGtfuND/dist=es2019,mode=imports/optimized/google-protobuf.js:778:11)
    at Object.jspb.asserts.assert (https://cdn.skypack.dev/-/google-protobuf@v3.21.2-YDUqZL2TTSsy2lGtfuND/dist=es2019,mode=imports/optimized/google-protobuf.js:783:23)
    at jspb.BinaryDecoder.readUnsignedVarint32 (https://cdn.skypack.dev/-/google-protobuf@v3.21.2-YDUqZL2TTSsy2lGtfuND/dist=es2019,mode=imports/optimized/google-protobuf.js:4150:18)
    at jspb.BinaryReader.readBytes (https://cdn.skypack.dev/-/google-protobuf@v3.21.2-YDUqZL2TTSsy2lGtfuND/dist=es2019,mode=imports/optimized/google-protobuf.js:4641:27)
    at Function.deserialize (file:///Users/thesayyn/Documents/thesayyn/protoc-gen-ts/target/debug/build/protoc_gen_ts-8cec2bec66276c47/out/test_conformance/test_messages_proto2.ts:190:49)
    at file:///Users/thesayyn/Documents/thesayyn/protoc-gen-ts/tests/conformance/bin/main.ts:30:78

  protobuf_test_messages.proto3.TestAllTypesProto3 1
  Error: Assertion failed
    at Object.jspb.asserts.doAssertFailure (https://cdn.skypack.dev/-/google-protobuf@v3.21.2-YDUqZL2TTSsy2lGtfuND/dist=es2019,mode=imports/optimized/google-protobuf.js:778:11)
    at Object.jspb.asserts.assert (https://cdn.skypack.dev/-/google-protobuf@v3.21.2-YDUqZL2TTSsy2lGtfuND/dist=es2019,mode=imports/optimized/google-protobuf.js:783:23)
    at jspb.BinaryDecoder.readUnsignedVarint32 (https://cdn.skypack.dev/-/google-protobuf@v3.21.2-YDUqZL2TTSsy2lGtfuND/dist=es2019,mode=imports/optimized/google-protobuf.js:4150:18)
    at jspb.BinaryReader.readBytes (https://cdn.skypack.dev/-/google-protobuf@v3.21.2-YDUqZL2TTSsy2lGtfuND/dist=es2019,mode=imports/optimized/google-protobuf.js:4641:27)
    at Function.deserialize (file:///Users/thesayyn/Documents/thesayyn/protoc-gen-ts/target/debug/build/protoc_gen_ts-8cec2bec66276c47/out/test_conformance/test_messages_proto3.ts:296:52)
    at file:///Users/thesayyn/Documents/thesayyn/protoc-gen-ts/tests/conformance/bin/main.ts:23:78

  protobuf_test_messages.proto2.TestAllTypesProto2 1
  Error: Assertion failed
    at Object.jspb.asserts.doAssertFailure (https://cdn.skypack.dev/-/google-protobuf@v3.21.2-YDUqZL2TTSsy2lGtfuND/dist=es2019,mode=imports/optimized/google-protobuf.js:778:11)
    at Object.jspb.asserts.assert (https://cdn.skypack.dev/-/google-protobuf@v3.21.2-YDUqZL2TTSsy2lGtfuND/dist=es2019,mode=imports/optimized/google-protobuf.js:783:23)
    at jspb.BinaryDecoder.readUnsignedVarint32 (https://cdn.skypack.dev/-/google-protobuf@v3.21.2-YDUqZL2TTSsy2lGtfuND/dist=es2019,mode=imports/optimized/google-protobuf.js:4150:18)
    at jspb.BinaryReader.readBytes (https://cdn.skypack.dev/-/google-protobuf@v3.21.2-YDUqZL2TTSsy2lGtfuND/dist=es2019,mode=imports/optimized/google-protobuf.js:4641:27)
    at Function.deserialize (file:///Users/thesayyn/Documents/thesayyn/protoc-gen-ts/target/debug/build/protoc_gen_ts-8cec2bec66276c47/out/test_conformance/test_messages_proto2.ts:256:52)
    at file:///Users/thesayyn/Documents/thesayyn/protoc-gen-ts/tests/conformance/bin/main.ts:30:78

  protobuf_test_messages.proto3.TestAllTypesProto3 1
  Error: Assertion failed
    at Object.jspb.asserts.doAssertFailure (https://cdn.skypack.dev/-/google-protobuf@v3.21.2-YDUqZL2TTSsy2lGtfuND/dist=es2019,mode=imports/optimized/google-protobuf.js:778:11)
    at Object.jspb.asserts.assert (https://cdn.skypack.dev/-/google-protobuf@v3.21.2-YDUqZL2TTSsy2lGtfuND/dist=es2019,mode=imports/optimized/google-protobuf.js:783:23)
    at jspb.BinaryDecoder.readUnsignedVarint32 (https://cdn.skypack.dev/-/google-protobuf@v3.21.2-YDUqZL2TTSsy2lGtfuND/dist=es2019,mode=imports/optimized/google-protobuf.js:4150:18)
    at jspb.BinaryReader.skipDelimitedField (https://cdn.skypack.dev/-/google-protobuf@v3.21.2-YDUqZL2TTSsy2lGtfuND/dist=es2019,mode=imports/optimized/google-protobuf.js:4401:29)
    at jspb.BinaryReader.skipField (https://cdn.skypack.dev/-/google-protobuf@v3.21.2-YDUqZL2TTSsy2lGtfuND/dist=es2019,mode=imports/optimized/google-protobuf.js:4435:14)
    at Function.deserialize (file:///Users/thesayyn/Documents/thesayyn/protoc-gen-ts/target/debug/build/protoc_gen_ts-8cec2bec66276c47/out/test_conformance/test_messages_proto3.ts:958:24)
    at file:///Users/thesayyn/Documents/thesayyn/protoc-gen-ts/tests/conformance/bin/main.ts:23:78

  protobuf_test_messages.proto2.TestAllTypesProto2 1
  Error: Assertion failed
    at Object.jspb.asserts.doAssertFailure (https://cdn.skypack.dev/-/google-protobuf@v3.21.2-YDUqZL2TTSsy2lGtfuND/dist=es2019,mode=imports/optimized/google-protobuf.js:778:11)
    at Object.jspb.asserts.assert (https://cdn.skypack.dev/-/google-protobuf@v3.21.2-YDUqZL2TTSsy2lGtfuND/dist=es2019,mode=imports/optimized/google-protobuf.js:783:23)
    at jspb.BinaryDecoder.readUnsignedVarint32 (https://cdn.skypack.dev/-/google-protobuf@v3.21.2-YDUqZL2TTSsy2lGtfuND/dist=es2019,mode=imports/optimized/google-protobuf.js:4150:18)
    at jspb.BinaryReader.skipDelimitedField (https://cdn.skypack.dev/-/google-protobuf@v3.21.2-YDUqZL2TTSsy2lGtfuND/dist=es2019,mode=imports/optimized/google-protobuf.js:4401:29)
    at jspb.BinaryReader.skipField (https://cdn.skypack.dev/-/google-protobuf@v3.21.2-YDUqZL2TTSsy2lGtfuND/dist=es2019,mode=imports/optimized/google-protobuf.js:4435:14)
    at Function.deserialize (file:///Users/thesayyn/Documents/thesayyn/protoc-gen-ts/target/debug/build/protoc_gen_ts-8cec2bec66276c47/out/test_conformance/test_messages_proto2.ts:865:24)
    at file:///Users/thesayyn/Documents/thesayyn/protoc-gen-ts/tests/conformance/bin/main.ts:30:78

  protobuf_test_messages.proto3.TestAllTypesProto3 1
  Error: Assertion failed
    at Object.jspb.asserts.doAssertFailure (https://cdn.skypack.dev/-/google-protobuf@v3.21.2-YDUqZL2TTSsy2lGtfuND/dist=es2019,mode=imports/optimized/google-protobuf.js:778:11)
    at Object.jspb.asserts.assert (https://cdn.skypack.dev/-/google-protobuf@v3.21.2-YDUqZL2TTSsy2lGtfuND/dist=es2019,mode=imports/optimized/google-protobuf.js:783:23)
    at jspb.BinaryDecoder.readUnsignedVarint32 (https://cdn.skypack.dev/-/google-protobuf@v3.21.2-YDUqZL2TTSsy2lGtfuND/dist=es2019,mode=imports/optimized/google-protobuf.js:4150:18)
    at jspb.BinaryReader.readBytes (https://cdn.skypack.dev/-/google-protobuf@v3.21.2-YDUqZL2TTSsy2lGtfuND/dist=es2019,mode=imports/optimized/google-protobuf.js:4641:27)
    at Function.deserialize (file:///Users/thesayyn/Documents/thesayyn/protoc-gen-ts/target/debug/build/protoc_gen_ts-8cec2bec66276c47/out/test_conformance/test_messages_proto3.ts:214:49)
    at file:///Users/thesayyn/Documents/thesayyn/protoc-gen-ts/tests/conformance/bin/main.ts:23:78

  protobuf_test_messages.proto2.TestAllTypesProto2 1
  Error: Assertion failed
    at Object.jspb.asserts.doAssertFailure (https://cdn.skypack.dev/-/google-protobuf@v3.21.2-YDUqZL2TTSsy2lGtfuND/dist=es2019,mode=imports/optimized/google-protobuf.js:778:11)
    at Object.jspb.asserts.assert (https://cdn.skypack.dev/-/google-protobuf@v3.21.2-YDUqZL2TTSsy2lGtfuND/dist=es2019,mode=imports/optimized/google-protobuf.js:783:23)
    at jspb.BinaryDecoder.readUnsignedVarint32 (https://cdn.skypack.dev/-/google-protobuf@v3.21.2-YDUqZL2TTSsy2lGtfuND/dist=es2019,mode=imports/optimized/google-protobuf.js:4150:18)
    at jspb.BinaryReader.readBytes (https://cdn.skypack.dev/-/google-protobuf@v3.21.2-YDUqZL2TTSsy2lGtfuND/dist=es2019,mode=imports/optimized/google-protobuf.js:4641:27)
    at Function.deserialize (file:///Users/thesayyn/Documents/thesayyn/protoc-gen-ts/target/debug/build/protoc_gen_ts-8cec2bec66276c47/out/test_conformance/test_messages_proto2.ts:190:49)
    at file:///Users/thesayyn/Documents/thesayyn/protoc-gen-ts/tests/conformance/bin/main.ts:30:78

  protobuf_test_messages.proto3.TestAllTypesProto3 1
  Error: Assertion failed
    at Object.jspb.asserts.doAssertFailure (https://cdn.skypack.dev/-/google-protobuf@v3.21.2-YDUqZL2TTSsy2lGtfuND/dist=es2019,mode=imports/optimized/google-protobuf.js:778:11)
    at Object.jspb.asserts.assert (https://cdn.skypack.dev/-/google-protobuf@v3.21.2-YDUqZL2TTSsy2lGtfuND/dist=es2019,mode=imports/optimized/google-protobuf.js:783:23)
    at jspb.BinaryDecoder.readUnsignedVarint32 (https://cdn.skypack.dev/-/google-protobuf@v3.21.2-YDUqZL2TTSsy2lGtfuND/dist=es2019,mode=imports/optimized/google-protobuf.js:4150:18)
    at jspb.BinaryReader.readBytes (https://cdn.skypack.dev/-/google-protobuf@v3.21.2-YDUqZL2TTSsy2lGtfuND/dist=es2019,mode=imports/optimized/google-protobuf.js:4641:27)
    at Function.deserialize (file:///Users/thesayyn/Documents/thesayyn/protoc-gen-ts/target/debug/build/protoc_gen_ts-8cec2bec66276c47/out/test_conformance/test_messages_proto3.ts:296:52)
    at file:///Users/thesayyn/Documents/thesayyn/protoc-gen-ts/tests/conformance/bin/main.ts:23:78

  protobuf_test_messages.proto2.TestAllTypesProto2 1
  Error: Assertion failed
    at Object.jspb.asserts.doAssertFailure (https://cdn.skypack.dev/-/google-protobuf@v3.21.2-YDUqZL2TTSsy2lGtfuND/dist=es2019,mode=imports/optimized/google-protobuf.js:778:11)
    at Object.jspb.asserts.assert (https://cdn.skypack.dev/-/google-protobuf@v3.21.2-YDUqZL2TTSsy2lGtfuND/dist=es2019,mode=imports/optimized/google-protobuf.js:783:23)
    at jspb.BinaryDecoder.readUnsignedVarint32 (https://cdn.skypack.dev/-/google-protobuf@v3.21.2-YDUqZL2TTSsy2lGtfuND/dist=es2019,mode=imports/optimized/google-protobuf.js:4150:18)
    at jspb.BinaryReader.readBytes (https://cdn.skypack.dev/-/google-protobuf@v3.21.2-YDUqZL2TTSsy2lGtfuND/dist=es2019,mode=imports/optimized/google-protobuf.js:4641:27)
    at Function.deserialize (file:///Users/thesayyn/Documents/thesayyn/protoc-gen-ts/target/debug/build/protoc_gen_ts-8cec2bec66276c47/out/test_conformance/test_messages_proto2.ts:256:52)
    at file:///Users/thesayyn/Documents/thesayyn/protoc-gen-ts/tests/conformance/bin/main.ts:30:78

  protobuf_test_messages.proto3.TestAllTypesProto3 1
  Error: Assertion failed
    at Object.jspb.asserts.doAssertFailure (https://cdn.skypack.dev/-/google-protobuf@v3.21.2-YDUqZL2TTSsy2lGtfuND/dist=es2019,mode=imports/optimized/google-protobuf.js:778:11)
    at Object.jspb.asserts.assert (https://cdn.skypack.dev/-/google-protobuf@v3.21.2-YDUqZL2TTSsy2lGtfuND/dist=es2019,mode=imports/optimized/google-protobuf.js:783:23)
    at jspb.BinaryDecoder.readUnsignedVarint32 (https://cdn.skypack.dev/-/google-protobuf@v3.21.2-YDUqZL2TTSsy2lGtfuND/dist=es2019,mode=imports/optimized/google-protobuf.js:4150:18)
    at jspb.BinaryReader.skipDelimitedField (https://cdn.skypack.dev/-/google-protobuf@v3.21.2-YDUqZL2TTSsy2lGtfuND/dist=es2019,mode=imports/optimized/google-protobuf.js:4401:29)
    at jspb.BinaryReader.skipField (https://cdn.skypack.dev/-/google-protobuf@v3.21.2-YDUqZL2TTSsy2lGtfuND/dist=es2019,mode=imports/optimized/google-protobuf.js:4435:14)
    at Function.deserialize (file:///Users/thesayyn/Documents/thesayyn/protoc-gen-ts/target/debug/build/protoc_gen_ts-8cec2bec66276c47/out/test_conformance/test_messages_proto3.ts:958:24)
    at file:///Users/thesayyn/Documents/thesayyn/protoc-gen-ts/tests/conformance/bin/main.ts:23:78

  protobuf_test_messages.proto2.TestAllTypesProto2 1
  Error: Assertion failed
    at Object.jspb.asserts.doAssertFailure (https://cdn.skypack.dev/-/google-protobuf@v3.21.2-YDUqZL2TTSsy2lGtfuND/dist=es2019,mode=imports/optimized/google-protobuf.js:778:11)
    at Object.jspb.asserts.assert (https://cdn.skypack.dev/-/google-protobuf@v3.21.2-YDUqZL2TTSsy2lGtfuND/dist=es2019,mode=imports/optimized/google-protobuf.js:783:23)
    at jspb.BinaryDecoder.readUnsignedVarint32 (https://cdn.skypack.dev/-/google-protobuf@v3.21.2-YDUqZL2TTSsy2lGtfuND/dist=es2019,mode=imports/optimized/google-protobuf.js:4150:18)
    at jspb.BinaryReader.skipDelimitedField (https://cdn.skypack.dev/-/google-protobuf@v3.21.2-YDUqZL2TTSsy2lGtfuND/dist=es2019,mode=imports/optimized/google-protobuf.js:4401:29)
    at jspb.BinaryReader.skipField (https://cdn.skypack.dev/-/google-protobuf@v3.21.2-YDUqZL2TTSsy2lGtfuND/dist=es2019,mode=imports/optimized/google-protobuf.js:4435:14)
    at Function.deserialize (file:///Users/thesayyn/Documents/thesayyn/protoc-gen-ts/target/debug/build/protoc_gen_ts-8cec2bec66276c47/out/test_conformance/test_messages_proto2.ts:865:24)
    at file:///Users/thesayyn/Documents/thesayyn/protoc-gen-ts/tests/conformance/bin/main.ts:30:78

  protobuf_test_messages.proto3.TestAllTypesProto3 1
  Error: Failure: Invalid byte length!
    at Object.jspb.asserts.fail (https://cdn.skypack.dev/-/google-protobuf@v3.21.2-YDUqZL2TTSsy2lGtfuND/dist=es2019,mode=imports/optimized/google-protobuf.js:801:11)
    at jspb.BinaryDecoder.readBytes (https://cdn.skypack.dev/-/google-protobuf@v3.21.2-YDUqZL2TTSsy2lGtfuND/dist=es2019,mode=imports/optimized/google-protobuf.js:4289:47)
    at jspb.BinaryReader.readBytes (https://cdn.skypack.dev/-/google-protobuf@v3.21.2-YDUqZL2TTSsy2lGtfuND/dist=es2019,mode=imports/optimized/google-protobuf.js:4642:26)
    at Function.deserialize (file:///Users/thesayyn/Documents/thesayyn/protoc-gen-ts/target/debug/build/protoc_gen_ts-8cec2bec66276c47/out/test_conformance/test_messages_proto3.ts:214:49)
    at file:///Users/thesayyn/Documents/thesayyn/protoc-gen-ts/tests/conformance/bin/main.ts:23:78

  protobuf_test_messages.proto2.TestAllTypesProto2 1
  Error: Failure: Invalid byte length!
    at Object.jspb.asserts.fail (https://cdn.skypack.dev/-/google-protobuf@v3.21.2-YDUqZL2TTSsy2lGtfuND/dist=es2019,mode=imports/optimized/google-protobuf.js:801:11)
    at jspb.BinaryDecoder.readBytes (https://cdn.skypack.dev/-/google-protobuf@v3.21.2-YDUqZL2TTSsy2lGtfuND/dist=es2019,mode=imports/optimized/google-protobuf.js:4289:47)
    at jspb.BinaryReader.readBytes (https://cdn.skypack.dev/-/google-protobuf@v3.21.2-YDUqZL2TTSsy2lGtfuND/dist=es2019,mode=imports/optimized/google-protobuf.js:4642:26)
    at Function.deserialize (file:///Users/thesayyn/Documents/thesayyn/protoc-gen-ts/target/debug/build/protoc_gen_ts-8cec2bec66276c47/out/test_conformance/test_messages_proto2.ts:190:49)
    at file:///Users/thesayyn/Documents/thesayyn/protoc-gen-ts/tests/conformance/bin/main.ts:30:78

  protobuf_test_messages.proto3.TestAllTypesProto3 1
  Error: Failure: Invalid byte length!
    at Object.jspb.asserts.fail (https://cdn.skypack.dev/-/google-protobuf@v3.21.2-YDUqZL2TTSsy2lGtfuND/dist=es2019,mode=imports/optimized/google-protobuf.js:801:11)
    at jspb.BinaryDecoder.readBytes (https://cdn.skypack.dev/-/google-protobuf@v3.21.2-YDUqZL2TTSsy2lGtfuND/dist=es2019,mode=imports/optimized/google-protobuf.js:4289:47)
    at jspb.BinaryReader.readBytes (https://cdn.skypack.dev/-/google-protobuf@v3.21.2-YDUqZL2TTSsy2lGtfuND/dist=es2019,mode=imports/optimized/google-protobuf.js:4642:26)
    at Function.deserialize (file:///Users/thesayyn/Documents/thesayyn/protoc-gen-ts/target/debug/build/protoc_gen_ts-8cec2bec66276c47/out/test_conformance/test_messages_proto3.ts:296:52)
    at file:///Users/thesayyn/Documents/thesayyn/protoc-gen-ts/tests/conformance/bin/main.ts:23:78

  protobuf_test_messages.proto2.TestAllTypesProto2 1
  Error: Failure: Invalid byte length!
    at Object.jspb.asserts.fail (https://cdn.skypack.dev/-/google-protobuf@v3.21.2-YDUqZL2TTSsy2lGtfuND/dist=es2019,mode=imports/optimized/google-protobuf.js:801:11)
    at jspb.BinaryDecoder.readBytes (https://cdn.skypack.dev/-/google-protobuf@v3.21.2-YDUqZL2TTSsy2lGtfuND/dist=es2019,mode=imports/optimized/google-protobuf.js:4289:47)
    at jspb.BinaryReader.readBytes (https://cdn.skypack.dev/-/google-protobuf@v3.21.2-YDUqZL2TTSsy2lGtfuND/dist=es2019,mode=imports/optimized/google-protobuf.js:4642:26)
    at Function.deserialize (file:///Users/thesayyn/Documents/thesayyn/protoc-gen-ts/target/debug/build/protoc_gen_ts-8cec2bec66276c47/out/test_conformance/test_messages_proto2.ts:256:52)
    at file:///Users/thesayyn/Documents/thesayyn/protoc-gen-ts/tests/conformance/bin/main.ts:30:78

  protobuf_test_messages.proto3.TestAllTypesProto3 1
  Error: Assertion failed
    at Object.jspb.asserts.doAssertFailure (https://cdn.skypack.dev/-/google-protobuf@v3.21.2-YDUqZL2TTSsy2lGtfuND/dist=es2019,mode=imports/optimized/google-protobuf.js:778:11)
    at Object.jspb.asserts.assert (https://cdn.skypack.dev/-/google-protobuf@v3.21.2-YDUqZL2TTSsy2lGtfuND/dist=es2019,mode=imports/optimized/google-protobuf.js:783:23)
    at jspb.BinaryDecoder.advance (https://cdn.skypack.dev/-/google-protobuf@v3.21.2-YDUqZL2TTSsy2lGtfuND/dist=es2019,mode=imports/optimized/google-protobuf.js:4081:18)
    at jspb.BinaryReader.skipDelimitedField (https://cdn.skypack.dev/-/google-protobuf@v3.21.2-YDUqZL2TTSsy2lGtfuND/dist=es2019,mode=imports/optimized/google-protobuf.js:4402:21)
    at jspb.BinaryReader.skipField (https://cdn.skypack.dev/-/google-protobuf@v3.21.2-YDUqZL2TTSsy2lGtfuND/dist=es2019,mode=imports/optimized/google-protobuf.js:4435:14)
    at Function.deserialize (file:///Users/thesayyn/Documents/thesayyn/protoc-gen-ts/target/debug/build/protoc_gen_ts-8cec2bec66276c47/out/test_conformance/test_messages_proto3.ts:958:24)
    at file:///Users/thesayyn/Documents/thesayyn/protoc-gen-ts/tests/conformance/bin/main.ts:23:78

  protobuf_test_messages.proto2.TestAllTypesProto2 1
  Error: Assertion failed
    at Object.jspb.asserts.doAssertFailure (https://cdn.skypack.dev/-/google-protobuf@v3.21.2-YDUqZL2TTSsy2lGtfuND/dist=es2019,mode=imports/optimized/google-protobuf.js:778:11)
    at Object.jspb.asserts.assert (https://cdn.skypack.dev/-/google-protobuf@v3.21.2-YDUqZL2TTSsy2lGtfuND/dist=es2019,mode=imports/optimized/google-protobuf.js:783:23)
    at jspb.BinaryDecoder.advance (https://cdn.skypack.dev/-/google-protobuf@v3.21.2-YDUqZL2TTSsy2lGtfuND/dist=es2019,mode=imports/optimized/google-protobuf.js:4081:18)
    at jspb.BinaryReader.skipDelimitedField (https://cdn.skypack.dev/-/google-protobuf@v3.21.2-YDUqZL2TTSsy2lGtfuND/dist=es2019,mode=imports/optimized/google-protobuf.js:4402:21)
    at jspb.BinaryReader.skipField (https://cdn.skypack.dev/-/google-protobuf@v3.21.2-YDUqZL2TTSsy2lGtfuND/dist=es2019,mode=imports/optimized/google-protobuf.js:4435:14)
    at Function.deserialize (file:///Users/thesayyn/Documents/thesayyn/protoc-gen-ts/target/debug/build/protoc_gen_ts-8cec2bec66276c47/out/test_conformance/test_messages_proto2.ts:865:24)
    at file:///Users/thesayyn/Documents/thesayyn/protoc-gen-ts/tests/conformance/bin/main.ts:30:78

  protobuf_test_messages.proto3.TestAllTypesProto3 1
  Error: Assertion failed
    at Object.jspb.asserts.doAssertFailure (https://cdn.skypack.dev/-/google-protobuf@v3.21.2-YDUqZL2TTSsy2lGtfuND/dist=es2019,mode=imports/optimized/google-protobuf.js:778:11)
    at Object.jspb.asserts.assert (https://cdn.skypack.dev/-/google-protobuf@v3.21.2-YDUqZL2TTSsy2lGtfuND/dist=es2019,mode=imports/optimized/google-protobuf.js:783:23)
    at jspb.BinaryDecoder.readUnsignedVarint32 (https://cdn.skypack.dev/-/google-protobuf@v3.21.2-YDUqZL2TTSsy2lGtfuND/dist=es2019,mode=imports/optimized/google-protobuf.js:4150:18)
    at jspb.BinaryReader.readUint32 (https://cdn.skypack.dev/-/google-protobuf@v3.21.2-YDUqZL2TTSsy2lGtfuND/dist=es2019,mode=imports/optimized/google-protobuf.js:4551:26)
    at Function.deserialize (file:///Users/thesayyn/Documents/thesayyn/protoc-gen-ts/target/debug/build/protoc_gen_ts-8cec2bec66276c47/out/test_conformance/test_messages_proto3.ts:178:50)
    at file:///Users/thesayyn/Documents/thesayyn/protoc-gen-ts/tests/conformance/bin/main.ts:23:78

  protobuf_test_messages.proto2.TestAllTypesProto2 1
  Error: Assertion failed
    at Object.jspb.asserts.doAssertFailure (https://cdn.skypack.dev/-/google-protobuf@v3.21.2-YDUqZL2TTSsy2lGtfuND/dist=es2019,mode=imports/optimized/google-protobuf.js:778:11)
    at Object.jspb.asserts.assert (https://cdn.skypack.dev/-/google-protobuf@v3.21.2-YDUqZL2TTSsy2lGtfuND/dist=es2019,mode=imports/optimized/google-protobuf.js:783:23)
    at jspb.BinaryDecoder.readUnsignedVarint32 (https://cdn.skypack.dev/-/google-protobuf@v3.21.2-YDUqZL2TTSsy2lGtfuND/dist=es2019,mode=imports/optimized/google-protobuf.js:4150:18)
    at jspb.BinaryReader.readUint32 (https://cdn.skypack.dev/-/google-protobuf@v3.21.2-YDUqZL2TTSsy2lGtfuND/dist=es2019,mode=imports/optimized/google-protobuf.js:4551:26)
    at Function.deserialize (file:///Users/thesayyn/Documents/thesayyn/protoc-gen-ts/target/debug/build/protoc_gen_ts-8cec2bec66276c47/out/test_conformance/test_messages_proto2.ts:154:50)
    at file:///Users/thesayyn/Documents/thesayyn/protoc-gen-ts/tests/conformance/bin/main.ts:30:78

  protobuf_test_messages.proto3.TestAllTypesProto3 1
  Error: Assertion failed
    at Object.jspb.asserts.doAssertFailure (https://cdn.skypack.dev/-/google-protobuf@v3.21.2-YDUqZL2TTSsy2lGtfuND/dist=es2019,mode=imports/optimized/google-protobuf.js:778:11)
    at Object.jspb.asserts.assert (https://cdn.skypack.dev/-/google-protobuf@v3.21.2-YDUqZL2TTSsy2lGtfuND/dist=es2019,mode=imports/optimized/google-protobuf.js:783:23)
    at jspb.BinaryDecoder.readUnsignedVarint32 (https://cdn.skypack.dev/-/google-protobuf@v3.21.2-YDUqZL2TTSsy2lGtfuND/dist=es2019,mode=imports/optimized/google-protobuf.js:4150:18)
    at jspb.BinaryReader.readUint32 (https://cdn.skypack.dev/-/google-protobuf@v3.21.2-YDUqZL2TTSsy2lGtfuND/dist=es2019,mode=imports/optimized/google-protobuf.js:4551:26)
    at Function.deserialize (file:///Users/thesayyn/Documents/thesayyn/protoc-gen-ts/target/debug/build/protoc_gen_ts-8cec2bec66276c47/out/test_conformance/test_messages_proto3.ts:250:58)
    at file:///Users/thesayyn/Documents/thesayyn/protoc-gen-ts/tests/conformance/bin/main.ts:23:78

  protobuf_test_messages.proto2.TestAllTypesProto2 1
  Error: Assertion failed
    at Object.jspb.asserts.doAssertFailure (https://cdn.skypack.dev/-/google-protobuf@v3.21.2-YDUqZL2TTSsy2lGtfuND/dist=es2019,mode=imports/optimized/google-protobuf.js:778:11)
    at Object.jspb.asserts.assert (https://cdn.skypack.dev/-/google-protobuf@v3.21.2-YDUqZL2TTSsy2lGtfuND/dist=es2019,mode=imports/optimized/google-protobuf.js:783:23)
    at jspb.BinaryDecoder.readUnsignedVarint32 (https://cdn.skypack.dev/-/google-protobuf@v3.21.2-YDUqZL2TTSsy2lGtfuND/dist=es2019,mode=imports/optimized/google-protobuf.js:4150:18)
    at jspb.BinaryReader.readUint32 (https://cdn.skypack.dev/-/google-protobuf@v3.21.2-YDUqZL2TTSsy2lGtfuND/dist=es2019,mode=imports/optimized/google-protobuf.js:4551:26)
    at Function.deserialize (file:///Users/thesayyn/Documents/thesayyn/protoc-gen-ts/target/debug/build/protoc_gen_ts-8cec2bec66276c47/out/test_conformance/test_messages_proto2.ts:220:53)
    at file:///Users/thesayyn/Documents/thesayyn/protoc-gen-ts/tests/conformance/bin/main.ts:30:78

  protobuf_test_messages.proto3.TestAllTypesProto3 1
  Error: Failure: Decoder hit an error
    at Object.jspb.asserts.fail (https://cdn.skypack.dev/-/google-protobuf@v3.21.2-YDUqZL2TTSsy2lGtfuND/dist=es2019,mode=imports/optimized/google-protobuf.js:801:11)
    at jspb.BinaryReader.nextField (https://cdn.skypack.dev/-/google-protobuf@v3.21.2-YDUqZL2TTSsy2lGtfuND/dist=es2019,mode=imports/optimized/google-protobuf.js:4374:27)
    at Function.deserialize (file:///Users/thesayyn/Documents/thesayyn/protoc-gen-ts/target/debug/build/protoc_gen_ts-8cec2bec66276c47/out/test_conformance/test_messages_proto3.ts:169:18)
    at file:///Users/thesayyn/Documents/thesayyn/protoc-gen-ts/tests/conformance/bin/main.ts:23:78

  protobuf_test_messages.proto2.TestAllTypesProto2 1
  Error: Failure: Decoder hit an error
    at Object.jspb.asserts.fail (https://cdn.skypack.dev/-/google-protobuf@v3.21.2-YDUqZL2TTSsy2lGtfuND/dist=es2019,mode=imports/optimized/google-protobuf.js:801:11)
    at jspb.BinaryReader.nextField (https://cdn.skypack.dev/-/google-protobuf@v3.21.2-YDUqZL2TTSsy2lGtfuND/dist=es2019,mode=imports/optimized/google-protobuf.js:4374:27)
    at Function.deserialize (file:///Users/thesayyn/Documents/thesayyn/protoc-gen-ts/target/debug/build/protoc_gen_ts-8cec2bec66276c47/out/test_conformance/test_messages_proto2.ts:145:18)
    at file:///Users/thesayyn/Documents/thesayyn/protoc-gen-ts/tests/conformance/bin/main.ts:30:78

  protobuf_test_messages.proto3.TestAllTypesProto3 1
  Error: Assertion failed
    at Object.jspb.asserts.doAssertFailure (https://cdn.skypack.dev/-/google-protobuf@v3.21.2-YDUqZL2TTSsy2lGtfuND/dist=es2019,mode=imports/optimized/google-protobuf.js:778:11)
    at Object.jspb.asserts.assert (https://cdn.skypack.dev/-/google-protobuf@v3.21.2-YDUqZL2TTSsy2lGtfuND/dist=es2019,mode=imports/optimized/google-protobuf.js:783:23)
    at jspb.BinaryDecoder.readUnsignedVarint32 (https://cdn.skypack.dev/-/google-protobuf@v3.21.2-YDUqZL2TTSsy2lGtfuND/dist=es2019,mode=imports/optimized/google-protobuf.js:4150:18)
    at jspb.BinaryReader.readUint32 (https://cdn.skypack.dev/-/google-protobuf@v3.21.2-YDUqZL2TTSsy2lGtfuND/dist=es2019,mode=imports/optimized/google-protobuf.js:4551:26)
    at Function.deserialize (file:///Users/thesayyn/Documents/thesayyn/protoc-gen-ts/target/debug/build/protoc_gen_ts-8cec2bec66276c47/out/test_conformance/test_messages_proto3.ts:178:50)
    at file:///Users/thesayyn/Documents/thesayyn/protoc-gen-ts/tests/conformance/bin/main.ts:23:78

  protobuf_test_messages.proto2.TestAllTypesProto2 1
  Error: Assertion failed
    at Object.jspb.asserts.doAssertFailure (https://cdn.skypack.dev/-/google-protobuf@v3.21.2-YDUqZL2TTSsy2lGtfuND/dist=es2019,mode=imports/optimized/google-protobuf.js:778:11)
    at Object.jspb.asserts.assert (https://cdn.skypack.dev/-/google-protobuf@v3.21.2-YDUqZL2TTSsy2lGtfuND/dist=es2019,mode=imports/optimized/google-protobuf.js:783:23)
    at jspb.BinaryDecoder.readUnsignedVarint32 (https://cdn.skypack.dev/-/google-protobuf@v3.21.2-YDUqZL2TTSsy2lGtfuND/dist=es2019,mode=imports/optimized/google-protobuf.js:4150:18)
    at jspb.BinaryReader.readUint32 (https://cdn.skypack.dev/-/google-protobuf@v3.21.2-YDUqZL2TTSsy2lGtfuND/dist=es2019,mode=imports/optimized/google-protobuf.js:4551:26)
    at Function.deserialize (file:///Users/thesayyn/Documents/thesayyn/protoc-gen-ts/target/debug/build/protoc_gen_ts-8cec2bec66276c47/out/test_conformance/test_messages_proto2.ts:154:50)
    at file:///Users/thesayyn/Documents/thesayyn/protoc-gen-ts/tests/conformance/bin/main.ts:30:78

  protobuf_test_messages.proto3.TestAllTypesProto3 1
  Error: Assertion failed
    at Object.jspb.asserts.doAssertFailure (https://cdn.skypack.dev/-/google-protobuf@v3.21.2-YDUqZL2TTSsy2lGtfuND/dist=es2019,mode=imports/optimized/google-protobuf.js:778:11)
    at Object.jspb.asserts.assert (https://cdn.skypack.dev/-/google-protobuf@v3.21.2-YDUqZL2TTSsy2lGtfuND/dist=es2019,mode=imports/optimized/google-protobuf.js:783:23)
    at jspb.BinaryDecoder.readUnsignedVarint32 (https://cdn.skypack.dev/-/google-protobuf@v3.21.2-YDUqZL2TTSsy2lGtfuND/dist=es2019,mode=imports/optimized/google-protobuf.js:4150:18)
    at jspb.BinaryReader.readUint32 (https://cdn.skypack.dev/-/google-protobuf@v3.21.2-YDUqZL2TTSsy2lGtfuND/dist=es2019,mode=imports/optimized/google-protobuf.js:4551:26)
    at Function.deserialize (file:///Users/thesayyn/Documents/thesayyn/protoc-gen-ts/target/debug/build/protoc_gen_ts-8cec2bec66276c47/out/test_conformance/test_messages_proto3.ts:250:58)
    at file:///Users/thesayyn/Documents/thesayyn/protoc-gen-ts/tests/conformance/bin/main.ts:23:78

  protobuf_test_messages.proto2.TestAllTypesProto2 1
  Error: Assertion failed
    at Object.jspb.asserts.doAssertFailure (https://cdn.skypack.dev/-/google-protobuf@v3.21.2-YDUqZL2TTSsy2lGtfuND/dist=es2019,mode=imports/optimized/google-protobuf.js:778:11)
    at Object.jspb.asserts.assert (https://cdn.skypack.dev/-/google-protobuf@v3.21.2-YDUqZL2TTSsy2lGtfuND/dist=es2019,mode=imports/optimized/google-protobuf.js:783:23)
    at jspb.BinaryDecoder.readUnsignedVarint32 (https://cdn.skypack.dev/-/google-protobuf@v3.21.2-YDUqZL2TTSsy2lGtfuND/dist=es2019,mode=imports/optimized/google-protobuf.js:4150:18)
    at jspb.BinaryReader.readUint32 (https://cdn.skypack.dev/-/google-protobuf@v3.21.2-YDUqZL2TTSsy2lGtfuND/dist=es2019,mode=imports/optimized/google-protobuf.js:4551:26)
    at Function.deserialize (file:///Users/thesayyn/Documents/thesayyn/protoc-gen-ts/target/debug/build/protoc_gen_ts-8cec2bec66276c47/out/test_conformance/test_messages_proto2.ts:220:53)
    at file:///Users/thesayyn/Documents/thesayyn/protoc-gen-ts/tests/conformance/bin/main.ts:30:78

  protobuf_test_messages.proto3.TestAllTypesProto3 1
  Error: Failure: Decoder hit an error
    at Object.jspb.asserts.fail (https://cdn.skypack.dev/-/google-protobuf@v3.21.2-YDUqZL2TTSsy2lGtfuND/dist=es2019,mode=imports/optimized/google-protobuf.js:801:11)
    at jspb.BinaryReader.nextField (https://cdn.skypack.dev/-/google-protobuf@v3.21.2-YDUqZL2TTSsy2lGtfuND/dist=es2019,mode=imports/optimized/google-protobuf.js:4374:27)
    at Function.deserialize (file:///Users/thesayyn/Documents/thesayyn/protoc-gen-ts/target/debug/build/protoc_gen_ts-8cec2bec66276c47/out/test_conformance/test_messages_proto3.ts:169:18)
    at file:///Users/thesayyn/Documents/thesayyn/protoc-gen-ts/tests/conformance/bin/main.ts:23:78

  protobuf_test_messages.proto2.TestAllTypesProto2 1
  Error: Failure: Decoder hit an error
    at Object.jspb.asserts.fail (https://cdn.skypack.dev/-/google-protobuf@v3.21.2-YDUqZL2TTSsy2lGtfuND/dist=es2019,mode=imports/optimized/google-protobuf.js:801:11)
    at jspb.BinaryReader.nextField (https://cdn.skypack.dev/-/google-protobuf@v3.21.2-YDUqZL2TTSsy2lGtfuND/dist=es2019,mode=imports/optimized/google-protobuf.js:4374:27)
    at Function.deserialize (file:///Users/thesayyn/Documents/thesayyn/protoc-gen-ts/target/debug/build/protoc_gen_ts-8cec2bec66276c47/out/test_conformance/test_messages_proto2.ts:145:18)
    at file:///Users/thesayyn/Documents/thesayyn/protoc-gen-ts/tests/conformance/bin/main.ts:30:78

  protobuf_test_messages.proto3.TestAllTypesProto3 1
  Error: Assertion failed
    at Object.jspb.asserts.doAssertFailure (https://cdn.skypack.dev/-/google-protobuf@v3.21.2-YDUqZL2TTSsy2lGtfuND/dist=es2019,mode=imports/optimized/google-protobuf.js:778:11)
    at Object.jspb.asserts.assert (https://cdn.skypack.dev/-/google-protobuf@v3.21.2-YDUqZL2TTSsy2lGtfuND/dist=es2019,mode=imports/optimized/google-protobuf.js:783:23)
    at jspb.BinaryDecoder.readUnsignedVarint32 (https://cdn.skypack.dev/-/google-protobuf@v3.21.2-YDUqZL2TTSsy2lGtfuND/dist=es2019,mode=imports/optimized/google-protobuf.js:4150:18)
    at jspb.BinaryReader.readPackedField_ (https://cdn.skypack.dev/-/google-protobuf@v3.21.2-YDUqZL2TTSsy2lGtfuND/dist=es2019,mode=imports/optimized/google-protobuf.js:4676:16)
    at jspb.BinaryReader.readPackedUint32 (https://cdn.skypack.dev/-/google-protobuf@v3.21.2-YDUqZL2TTSsy2lGtfuND/dist=es2019,mode=imports/optimized/google-protobuf.js:4694:17)
    at Function.deserialize (file:///Users/thesayyn/Documents/thesayyn/protoc-gen-ts/target/debug/build/protoc_gen_ts-8cec2bec66276c47/out/test_conformance/test_messages_proto3.ts:249:78)
    at file:///Users/thesayyn/Documents/thesayyn/protoc-gen-ts/tests/conformance/bin/main.ts:23:78

  protobuf_test_messages.proto2.TestAllTypesProto2 1
  Error: Assertion failed
    at Object.jspb.asserts.doAssertFailure (https://cdn.skypack.dev/-/google-protobuf@v3.21.2-YDUqZL2TTSsy2lGtfuND/dist=es2019,mode=imports/optimized/google-protobuf.js:778:11)
    at Object.jspb.asserts.assert (https://cdn.skypack.dev/-/google-protobuf@v3.21.2-YDUqZL2TTSsy2lGtfuND/dist=es2019,mode=imports/optimized/google-protobuf.js:783:23)
    at jspb.BinaryReader.readUint32 (https://cdn.skypack.dev/-/google-protobuf@v3.21.2-YDUqZL2TTSsy2lGtfuND/dist=es2019,mode=imports/optimized/google-protobuf.js:4550:18)
    at Function.deserialize (file:///Users/thesayyn/Documents/thesayyn/protoc-gen-ts/target/debug/build/protoc_gen_ts-8cec2bec66276c47/out/test_conformance/test_messages_proto2.ts:220:53)
    at file:///Users/thesayyn/Documents/thesayyn/protoc-gen-ts/tests/conformance/bin/main.ts:30:78

  protobuf_test_messages.proto3.TestAllTypesProto3 1
  Error: Assertion failed
    at Object.jspb.asserts.doAssertFailure (https://cdn.skypack.dev/-/google-protobuf@v3.21.2-YDUqZL2TTSsy2lGtfuND/dist=es2019,mode=imports/optimized/google-protobuf.js:778:11)
    at Object.jspb.asserts.assert (https://cdn.skypack.dev/-/google-protobuf@v3.21.2-YDUqZL2TTSsy2lGtfuND/dist=es2019,mode=imports/optimized/google-protobuf.js:783:23)
    at jspb.BinaryDecoder.readUnsignedVarint32 (https://cdn.skypack.dev/-/google-protobuf@v3.21.2-YDUqZL2TTSsy2lGtfuND/dist=es2019,mode=imports/optimized/google-protobuf.js:4150:18)
    at jspb.BinaryReader.readPackedField_ (https://cdn.skypack.dev/-/google-protobuf@v3.21.2-YDUqZL2TTSsy2lGtfuND/dist=es2019,mode=imports/optimized/google-protobuf.js:4676:16)
    at jspb.BinaryReader.readPackedUint32 (https://cdn.skypack.dev/-/google-protobuf@v3.21.2-YDUqZL2TTSsy2lGtfuND/dist=es2019,mode=imports/optimized/google-protobuf.js:4694:17)
    at Function.deserialize (file:///Users/thesayyn/Documents/thesayyn/protoc-gen-ts/target/debug/build/protoc_gen_ts-8cec2bec66276c47/out/test_conformance/test_messages_proto3.ts:249:78)
    at file:///Users/thesayyn/Documents/thesayyn/protoc-gen-ts/tests/conformance/bin/main.ts:23:78

  protobuf_test_messages.proto2.TestAllTypesProto2 1
  Error: Assertion failed
    at Object.jspb.asserts.doAssertFailure (https://cdn.skypack.dev/-/google-protobuf@v3.21.2-YDUqZL2TTSsy2lGtfuND/dist=es2019,mode=imports/optimized/google-protobuf.js:778:11)
    at Object.jspb.asserts.assert (https://cdn.skypack.dev/-/google-protobuf@v3.21.2-YDUqZL2TTSsy2lGtfuND/dist=es2019,mode=imports/optimized/google-protobuf.js:783:23)
    at jspb.BinaryReader.readUint32 (https://cdn.skypack.dev/-/google-protobuf@v3.21.2-YDUqZL2TTSsy2lGtfuND/dist=es2019,mode=imports/optimized/google-protobuf.js:4550:18)
    at Function.deserialize (file:///Users/thesayyn/Documents/thesayyn/protoc-gen-ts/target/debug/build/protoc_gen_ts-8cec2bec66276c47/out/test_conformance/test_messages_proto2.ts:220:53)
    at file:///Users/thesayyn/Documents/thesayyn/protoc-gen-ts/tests/conformance/bin/main.ts:30:78

  protobuf_test_messages.proto3.TestAllTypesProto3 1
  Error: Failure: Failed to read varint, encoding is invalid.
    at Object.jspb.asserts.fail (https://cdn.skypack.dev/-/google-protobuf@v3.21.2-YDUqZL2TTSsy2lGtfuND/dist=es2019,mode=imports/optimized/google-protobuf.js:801:11)
    at jspb.BinaryDecoder.readSplitVarint64 (https://cdn.skypack.dev/-/google-protobuf@v3.21.2-YDUqZL2TTSsy2lGtfuND/dist=es2019,mode=imports/optimized/google-protobuf.js:4101:18)
    at jspb.BinaryDecoder.readSignedVarint64 (https://cdn.skypack.dev/-/google-protobuf@v3.21.2-YDUqZL2TTSsy2lGtfuND/dist=es2019,mode=imports/optimized/google-protobuf.js:4173:17)
    at jspb.BinaryReader.readEnum (https://cdn.skypack.dev/-/google-protobuf@v3.21.2-YDUqZL2TTSsy2lGtfuND/dist=es2019,mode=imports/optimized/google-protobuf.js:4630:26)
    at Function.deserialize (file:///Users/thesayyn/Documents/thesayyn/protoc-gen-ts/target/debug/build/protoc_gen_ts-8cec2bec66276c47/out/test_conformance/test_messages_proto3.ts:223:55)
    at file:///Users/thesayyn/Documents/thesayyn/protoc-gen-ts/tests/conformance/bin/main.ts:23:78

  protobuf_test_messages.proto2.TestAllTypesProto2 1
  Error: Failure: Failed to read varint, encoding is invalid.
    at Object.jspb.asserts.fail (https://cdn.skypack.dev/-/google-protobuf@v3.21.2-YDUqZL2TTSsy2lGtfuND/dist=es2019,mode=imports/optimized/google-protobuf.js:801:11)
    at jspb.BinaryDecoder.readSplitVarint64 (https://cdn.skypack.dev/-/google-protobuf@v3.21.2-YDUqZL2TTSsy2lGtfuND/dist=es2019,mode=imports/optimized/google-protobuf.js:4101:18)
    at jspb.BinaryDecoder.readSignedVarint64 (https://cdn.skypack.dev/-/google-protobuf@v3.21.2-YDUqZL2TTSsy2lGtfuND/dist=es2019,mode=imports/optimized/google-protobuf.js:4173:17)
    at jspb.BinaryReader.readEnum (https://cdn.skypack.dev/-/google-protobuf@v3.21.2-YDUqZL2TTSsy2lGtfuND/dist=es2019,mode=imports/optimized/google-protobuf.js:4630:26)
    at Function.deserialize (file:///Users/thesayyn/Documents/thesayyn/protoc-gen-ts/target/debug/build/protoc_gen_ts-8cec2bec66276c47/out/test_conformance/test_messages_proto2.ts:199:55)
    at file:///Users/thesayyn/Documents/thesayyn/protoc-gen-ts/tests/conformance/bin/main.ts:30:78

  protobuf_test_messages.proto3.TestAllTypesProto3 1
  Error: Failure: Failed to read varint, encoding is invalid.
    at Object.jspb.asserts.fail (https://cdn.skypack.dev/-/google-protobuf@v3.21.2-YDUqZL2TTSsy2lGtfuND/dist=es2019,mode=imports/optimized/google-protobuf.js:801:11)
    at jspb.BinaryDecoder.readSplitVarint64 (https://cdn.skypack.dev/-/google-protobuf@v3.21.2-YDUqZL2TTSsy2lGtfuND/dist=es2019,mode=imports/optimized/google-protobuf.js:4101:18)
    at jspb.BinaryDecoder.readSignedVarint64 (https://cdn.skypack.dev/-/google-protobuf@v3.21.2-YDUqZL2TTSsy2lGtfuND/dist=es2019,mode=imports/optimized/google-protobuf.js:4173:17)
    at jspb.BinaryReader.readEnum (https://cdn.skypack.dev/-/google-protobuf@v3.21.2-YDUqZL2TTSsy2lGtfuND/dist=es2019,mode=imports/optimized/google-protobuf.js:4630:26)
    at Function.deserialize (file:///Users/thesayyn/Documents/thesayyn/protoc-gen-ts/target/debug/build/protoc_gen_ts-8cec2bec66276c47/out/test_conformance/test_messages_proto3.ts:306:63)
    at file:///Users/thesayyn/Documents/thesayyn/protoc-gen-ts/tests/conformance/bin/main.ts:23:78

  protobuf_test_messages.proto2.TestAllTypesProto2 1
  Error: Failure: Failed to read varint, encoding is invalid.
    at Object.jspb.asserts.fail (https://cdn.skypack.dev/-/google-protobuf@v3.21.2-YDUqZL2TTSsy2lGtfuND/dist=es2019,mode=imports/optimized/google-protobuf.js:801:11)
    at jspb.BinaryDecoder.readSplitVarint64 (https://cdn.skypack.dev/-/google-protobuf@v3.21.2-YDUqZL2TTSsy2lGtfuND/dist=es2019,mode=imports/optimized/google-protobuf.js:4101:18)
    at jspb.BinaryDecoder.readSignedVarint64 (https://cdn.skypack.dev/-/google-protobuf@v3.21.2-YDUqZL2TTSsy2lGtfuND/dist=es2019,mode=imports/optimized/google-protobuf.js:4173:17)
    at jspb.BinaryReader.readEnum (https://cdn.skypack.dev/-/google-protobuf@v3.21.2-YDUqZL2TTSsy2lGtfuND/dist=es2019,mode=imports/optimized/google-protobuf.js:4630:26)
    at Function.deserialize (file:///Users/thesayyn/Documents/thesayyn/protoc-gen-ts/target/debug/build/protoc_gen_ts-8cec2bec66276c47/out/test_conformance/test_messages_proto2.ts:265:58)
    at file:///Users/thesayyn/Documents/thesayyn/protoc-gen-ts/tests/conformance/bin/main.ts:30:78

  protobuf_test_messages.proto3.TestAllTypesProto3 1
  Error: Failure: Decoder hit an error
    at Object.jspb.asserts.fail (https://cdn.skypack.dev/-/google-protobuf@v3.21.2-YDUqZL2TTSsy2lGtfuND/dist=es2019,mode=imports/optimized/google-protobuf.js:801:11)
    at jspb.BinaryReader.nextField (https://cdn.skypack.dev/-/google-protobuf@v3.21.2-YDUqZL2TTSsy2lGtfuND/dist=es2019,mode=imports/optimized/google-protobuf.js:4374:27)
    at Function.deserialize (file:///Users/thesayyn/Documents/thesayyn/protoc-gen-ts/target/debug/build/protoc_gen_ts-8cec2bec66276c47/out/test_conformance/test_messages_proto3.ts:169:18)
    at file:///Users/thesayyn/Documents/thesayyn/protoc-gen-ts/tests/conformance/bin/main.ts:23:78

  protobuf_test_messages.proto2.TestAllTypesProto2 1
  Error: Failure: Decoder hit an error
    at Object.jspb.asserts.fail (https://cdn.skypack.dev/-/google-protobuf@v3.21.2-YDUqZL2TTSsy2lGtfuND/dist=es2019,mode=imports/optimized/google-protobuf.js:801:11)
    at jspb.BinaryReader.nextField (https://cdn.skypack.dev/-/google-protobuf@v3.21.2-YDUqZL2TTSsy2lGtfuND/dist=es2019,mode=imports/optimized/google-protobuf.js:4374:27)
    at Function.deserialize (file:///Users/thesayyn/Documents/thesayyn/protoc-gen-ts/target/debug/build/protoc_gen_ts-8cec2bec66276c47/out/test_conformance/test_messages_proto2.ts:145:18)
    at file:///Users/thesayyn/Documents/thesayyn/protoc-gen-ts/tests/conformance/bin/main.ts:30:78

  protobuf_test_messages.proto3.TestAllTypesProto3 1
  Error: Failure: Failed to read varint, encoding is invalid.
    at Object.jspb.asserts.fail (https://cdn.skypack.dev/-/google-protobuf@v3.21.2-YDUqZL2TTSsy2lGtfuND/dist=es2019,mode=imports/optimized/google-protobuf.js:801:11)
    at jspb.BinaryDecoder.readSplitVarint64 (https://cdn.skypack.dev/-/google-protobuf@v3.21.2-YDUqZL2TTSsy2lGtfuND/dist=es2019,mode=imports/optimized/google-protobuf.js:4101:18)
    at jspb.BinaryDecoder.readSignedVarint64 (https://cdn.skypack.dev/-/google-protobuf@v3.21.2-YDUqZL2TTSsy2lGtfuND/dist=es2019,mode=imports/optimized/google-protobuf.js:4173:17)
    at jspb.BinaryReader.readEnum (https://cdn.skypack.dev/-/google-protobuf@v3.21.2-YDUqZL2TTSsy2lGtfuND/dist=es2019,mode=imports/optimized/google-protobuf.js:4630:26)
    at Function.deserialize (file:///Users/thesayyn/Documents/thesayyn/protoc-gen-ts/target/debug/build/protoc_gen_ts-8cec2bec66276c47/out/test_conformance/test_messages_proto3.ts:223:55)
    at file:///Users/thesayyn/Documents/thesayyn/protoc-gen-ts/tests/conformance/bin/main.ts:23:78

  protobuf_test_messages.proto2.TestAllTypesProto2 1
  Error: Failure: Failed to read varint, encoding is invalid.
    at Object.jspb.asserts.fail (https://cdn.skypack.dev/-/google-protobuf@v3.21.2-YDUqZL2TTSsy2lGtfuND/dist=es2019,mode=imports/optimized/google-protobuf.js:801:11)
    at jspb.BinaryDecoder.readSplitVarint64 (https://cdn.skypack.dev/-/google-protobuf@v3.21.2-YDUqZL2TTSsy2lGtfuND/dist=es2019,mode=imports/optimized/google-protobuf.js:4101:18)
    at jspb.BinaryDecoder.readSignedVarint64 (https://cdn.skypack.dev/-/google-protobuf@v3.21.2-YDUqZL2TTSsy2lGtfuND/dist=es2019,mode=imports/optimized/google-protobuf.js:4173:17)
    at jspb.BinaryReader.readEnum (https://cdn.skypack.dev/-/google-protobuf@v3.21.2-YDUqZL2TTSsy2lGtfuND/dist=es2019,mode=imports/optimized/google-protobuf.js:4630:26)
    at Function.deserialize (file:///Users/thesayyn/Documents/thesayyn/protoc-gen-ts/target/debug/build/protoc_gen_ts-8cec2bec66276c47/out/test_conformance/test_messages_proto2.ts:199:55)
    at file:///Users/thesayyn/Documents/thesayyn/protoc-gen-ts/tests/conformance/bin/main.ts:30:78

  protobuf_test_messages.proto3.TestAllTypesProto3 1
  Error: Failure: Failed to read varint, encoding is invalid.
    at Object.jspb.asserts.fail (https://cdn.skypack.dev/-/google-protobuf@v3.21.2-YDUqZL2TTSsy2lGtfuND/dist=es2019,mode=imports/optimized/google-protobuf.js:801:11)
    at jspb.BinaryDecoder.readSplitVarint64 (https://cdn.skypack.dev/-/google-protobuf@v3.21.2-YDUqZL2TTSsy2lGtfuND/dist=es2019,mode=imports/optimized/google-protobuf.js:4101:18)
    at jspb.BinaryDecoder.readSignedVarint64 (https://cdn.skypack.dev/-/google-protobuf@v3.21.2-YDUqZL2TTSsy2lGtfuND/dist=es2019,mode=imports/optimized/google-protobuf.js:4173:17)
    at jspb.BinaryReader.readEnum (https://cdn.skypack.dev/-/google-protobuf@v3.21.2-YDUqZL2TTSsy2lGtfuND/dist=es2019,mode=imports/optimized/google-protobuf.js:4630:26)
    at Function.deserialize (file:///Users/thesayyn/Documents/thesayyn/protoc-gen-ts/target/debug/build/protoc_gen_ts-8cec2bec66276c47/out/test_conformance/test_messages_proto3.ts:306:63)
    at file:///Users/thesayyn/Documents/thesayyn/protoc-gen-ts/tests/conformance/bin/main.ts:23:78

  protobuf_test_messages.proto2.TestAllTypesProto2 1
  Error: Failure: Failed to read varint, encoding is invalid.
    at Object.jspb.asserts.fail (https://cdn.skypack.dev/-/google-protobuf@v3.21.2-YDUqZL2TTSsy2lGtfuND/dist=es2019,mode=imports/optimized/google-protobuf.js:801:11)
    at jspb.BinaryDecoder.readSplitVarint64 (https://cdn.skypack.dev/-/google-protobuf@v3.21.2-YDUqZL2TTSsy2lGtfuND/dist=es2019,mode=imports/optimized/google-protobuf.js:4101:18)
    at jspb.BinaryDecoder.readSignedVarint64 (https://cdn.skypack.dev/-/google-protobuf@v3.21.2-YDUqZL2TTSsy2lGtfuND/dist=es2019,mode=imports/optimized/google-protobuf.js:4173:17)
    at jspb.BinaryReader.readEnum (https://cdn.skypack.dev/-/google-protobuf@v3.21.2-YDUqZL2TTSsy2lGtfuND/dist=es2019,mode=imports/optimized/google-protobuf.js:4630:26)
    at Function.deserialize (file:///Users/thesayyn/Documents/thesayyn/protoc-gen-ts/target/debug/build/protoc_gen_ts-8cec2bec66276c47/out/test_conformance/test_messages_proto2.ts:265:58)
    at file:///Users/thesayyn/Documents/thesayyn/protoc-gen-ts/tests/conformance/bin/main.ts:30:78

  protobuf_test_messages.proto3.TestAllTypesProto3 1
  Error: Failure: Decoder hit an error
    at Object.jspb.asserts.fail (https://cdn.skypack.dev/-/google-protobuf@v3.21.2-YDUqZL2TTSsy2lGtfuND/dist=es2019,mode=imports/optimized/google-protobuf.js:801:11)
    at jspb.BinaryReader.nextField (https://cdn.skypack.dev/-/google-protobuf@v3.21.2-YDUqZL2TTSsy2lGtfuND/dist=es2019,mode=imports/optimized/google-protobuf.js:4374:27)
    at Function.deserialize (file:///Users/thesayyn/Documents/thesayyn/protoc-gen-ts/target/debug/build/protoc_gen_ts-8cec2bec66276c47/out/test_conformance/test_messages_proto3.ts:169:18)
    at file:///Users/thesayyn/Documents/thesayyn/protoc-gen-ts/tests/conformance/bin/main.ts:23:78

  protobuf_test_messages.proto2.TestAllTypesProto2 1
  Error: Failure: Decoder hit an error
    at Object.jspb.asserts.fail (https://cdn.skypack.dev/-/google-protobuf@v3.21.2-YDUqZL2TTSsy2lGtfuND/dist=es2019,mode=imports/optimized/google-protobuf.js:801:11)
    at jspb.BinaryReader.nextField (https://cdn.skypack.dev/-/google-protobuf@v3.21.2-YDUqZL2TTSsy2lGtfuND/dist=es2019,mode=imports/optimized/google-protobuf.js:4374:27)
    at Function.deserialize (file:///Users/thesayyn/Documents/thesayyn/protoc-gen-ts/target/debug/build/protoc_gen_ts-8cec2bec66276c47/out/test_conformance/test_messages_proto2.ts:145:18)
    at file:///Users/thesayyn/Documents/thesayyn/protoc-gen-ts/tests/conformance/bin/main.ts:30:78

  protobuf_test_messages.proto3.TestAllTypesProto3 1
  Error: Assertion failed
    at Object.jspb.asserts.doAssertFailure (https://cdn.skypack.dev/-/google-protobuf@v3.21.2-YDUqZL2TTSsy2lGtfuND/dist=es2019,mode=imports/optimized/google-protobuf.js:778:11)
    at Object.jspb.asserts.assert (https://cdn.skypack.dev/-/google-protobuf@v3.21.2-YDUqZL2TTSsy2lGtfuND/dist=es2019,mode=imports/optimized/google-protobuf.js:783:23)
    at jspb.BinaryDecoder.readUnsignedVarint32 (https://cdn.skypack.dev/-/google-protobuf@v3.21.2-YDUqZL2TTSsy2lGtfuND/dist=es2019,mode=imports/optimized/google-protobuf.js:4150:18)
    at jspb.BinaryDecoder.readSignedVarint32 (https://cdn.skypack.dev/-/google-protobuf@v3.21.2-YDUqZL2TTSsy2lGtfuND/dist=es2019,mode=imports/optimized/google-protobuf.js:4154:19)
    at jspb.BinaryDecoder.readEnum (https://cdn.skypack.dev/-/google-protobuf@v3.21.2-YDUqZL2TTSsy2lGtfuND/dist=es2019,mode=imports/optimized/google-protobuf.js:4251:17)
    at jspb.BinaryReader.readPackedField_ (https://cdn.skypack.dev/-/google-protobuf@v3.21.2-YDUqZL2TTSsy2lGtfuND/dist=es2019,mode=imports/optimized/google-protobuf.js:4676:16)
    at jspb.BinaryReader.readPackedEnum (https://cdn.skypack.dev/-/google-protobuf@v3.21.2-YDUqZL2TTSsy2lGtfuND/dist=es2019,mode=imports/optimized/google-protobuf.js:4753:17)
    at Function.deserialize (file:///Users/thesayyn/Documents/thesayyn/protoc-gen-ts/target/debug/build/protoc_gen_ts-8cec2bec66276c47/out/test_conformance/test_messages_proto3.ts:305:83)
    at file:///Users/thesayyn/Documents/thesayyn/protoc-gen-ts/tests/conformance/bin/main.ts:23:78

  protobuf_test_messages.proto2.TestAllTypesProto2 1
  Error: Assertion failed
    at Object.jspb.asserts.doAssertFailure (https://cdn.skypack.dev/-/google-protobuf@v3.21.2-YDUqZL2TTSsy2lGtfuND/dist=es2019,mode=imports/optimized/google-protobuf.js:778:11)
    at Object.jspb.asserts.assert (https://cdn.skypack.dev/-/google-protobuf@v3.21.2-YDUqZL2TTSsy2lGtfuND/dist=es2019,mode=imports/optimized/google-protobuf.js:783:23)
    at jspb.BinaryReader.readEnum (https://cdn.skypack.dev/-/google-protobuf@v3.21.2-YDUqZL2TTSsy2lGtfuND/dist=es2019,mode=imports/optimized/google-protobuf.js:4629:18)
    at Function.deserialize (file:///Users/thesayyn/Documents/thesayyn/protoc-gen-ts/target/debug/build/protoc_gen_ts-8cec2bec66276c47/out/test_conformance/test_messages_proto2.ts:265:58)
    at file:///Users/thesayyn/Documents/thesayyn/protoc-gen-ts/tests/conformance/bin/main.ts:30:78

  protobuf_test_messages.proto3.TestAllTypesProto3 1
  Error: Assertion failed
    at Object.jspb.asserts.doAssertFailure (https://cdn.skypack.dev/-/google-protobuf@v3.21.2-YDUqZL2TTSsy2lGtfuND/dist=es2019,mode=imports/optimized/google-protobuf.js:778:11)
    at Object.jspb.asserts.assert (https://cdn.skypack.dev/-/google-protobuf@v3.21.2-YDUqZL2TTSsy2lGtfuND/dist=es2019,mode=imports/optimized/google-protobuf.js:783:23)
    at jspb.BinaryDecoder.readUnsignedVarint32 (https://cdn.skypack.dev/-/google-protobuf@v3.21.2-YDUqZL2TTSsy2lGtfuND/dist=es2019,mode=imports/optimized/google-protobuf.js:4150:18)
    at jspb.BinaryDecoder.readSignedVarint32 (https://cdn.skypack.dev/-/google-protobuf@v3.21.2-YDUqZL2TTSsy2lGtfuND/dist=es2019,mode=imports/optimized/google-protobuf.js:4154:19)
    at jspb.BinaryDecoder.readEnum (https://cdn.skypack.dev/-/google-protobuf@v3.21.2-YDUqZL2TTSsy2lGtfuND/dist=es2019,mode=imports/optimized/google-protobuf.js:4251:17)
    at jspb.BinaryReader.readPackedField_ (https://cdn.skypack.dev/-/google-protobuf@v3.21.2-YDUqZL2TTSsy2lGtfuND/dist=es2019,mode=imports/optimized/google-protobuf.js:4676:16)
    at jspb.BinaryReader.readPackedEnum (https://cdn.skypack.dev/-/google-protobuf@v3.21.2-YDUqZL2TTSsy2lGtfuND/dist=es2019,mode=imports/optimized/google-protobuf.js:4753:17)
    at Function.deserialize (file:///Users/thesayyn/Documents/thesayyn/protoc-gen-ts/target/debug/build/protoc_gen_ts-8cec2bec66276c47/out/test_conformance/test_messages_proto3.ts:305:83)
    at file:///Users/thesayyn/Documents/thesayyn/protoc-gen-ts/tests/conformance/bin/main.ts:23:78

  protobuf_test_messages.proto2.TestAllTypesProto2 1
  Error: Assertion failed
    at Object.jspb.asserts.doAssertFailure (https://cdn.skypack.dev/-/google-protobuf@v3.21.2-YDUqZL2TTSsy2lGtfuND/dist=es2019,mode=imports/optimized/google-protobuf.js:778:11)
    at Object.jspb.asserts.assert (https://cdn.skypack.dev/-/google-protobuf@v3.21.2-YDUqZL2TTSsy2lGtfuND/dist=es2019,mode=imports/optimized/google-protobuf.js:783:23)
    at jspb.BinaryReader.readEnum (https://cdn.skypack.dev/-/google-protobuf@v3.21.2-YDUqZL2TTSsy2lGtfuND/dist=es2019,mode=imports/optimized/google-protobuf.js:4629:18)
    at Function.deserialize (file:///Users/thesayyn/Documents/thesayyn/protoc-gen-ts/target/debug/build/protoc_gen_ts-8cec2bec66276c47/out/test_conformance/test_messages_proto2.ts:265:58)
    at file:///Users/thesayyn/Documents/thesayyn/protoc-gen-ts/tests/conformance/bin/main.ts:30:78

  protobuf_test_messages.proto3.TestAllTypesProto3 1
  Error: Assertion failed
    at Object.jspb.asserts.doAssertFailure (https://cdn.skypack.dev/-/google-protobuf@v3.21.2-YDUqZL2TTSsy2lGtfuND/dist=es2019,mode=imports/optimized/google-protobuf.js:778:11)
    at Object.jspb.asserts.assert (https://cdn.skypack.dev/-/google-protobuf@v3.21.2-YDUqZL2TTSsy2lGtfuND/dist=es2019,mode=imports/optimized/google-protobuf.js:783:23)
    at jspb.BinaryDecoder.readInt32 (https://cdn.skypack.dev/-/google-protobuf@v3.21.2-YDUqZL2TTSsy2lGtfuND/dist=es2019,mode=imports/optimized/google-protobuf.js:4228:18)
    at jspb.BinaryReader.readSfixed32 (https://cdn.skypack.dev/-/google-protobuf@v3.21.2-YDUqZL2TTSsy2lGtfuND/dist=es2019,mode=imports/optimized/google-protobuf.js:4597:26)
    at Function.deserialize (file:///Users/thesayyn/Documents/thesayyn/protoc-gen-ts/target/debug/build/protoc_gen_ts-8cec2bec66276c47/out/test_conformance/test_messages_proto3.ts:196:52)
    at file:///Users/thesayyn/Documents/thesayyn/protoc-gen-ts/tests/conformance/bin/main.ts:23:78

  protobuf_test_messages.proto2.TestAllTypesProto2 1
  Error: Assertion failed
    at Object.jspb.asserts.doAssertFailure (https://cdn.skypack.dev/-/google-protobuf@v3.21.2-YDUqZL2TTSsy2lGtfuND/dist=es2019,mode=imports/optimized/google-protobuf.js:778:11)
    at Object.jspb.asserts.assert (https://cdn.skypack.dev/-/google-protobuf@v3.21.2-YDUqZL2TTSsy2lGtfuND/dist=es2019,mode=imports/optimized/google-protobuf.js:783:23)
    at jspb.BinaryDecoder.readInt32 (https://cdn.skypack.dev/-/google-protobuf@v3.21.2-YDUqZL2TTSsy2lGtfuND/dist=es2019,mode=imports/optimized/google-protobuf.js:4228:18)
    at jspb.BinaryReader.readSfixed32 (https://cdn.skypack.dev/-/google-protobuf@v3.21.2-YDUqZL2TTSsy2lGtfuND/dist=es2019,mode=imports/optimized/google-protobuf.js:4597:26)
    at Function.deserialize (file:///Users/thesayyn/Documents/thesayyn/protoc-gen-ts/target/debug/build/protoc_gen_ts-8cec2bec66276c47/out/test_conformance/test_messages_proto2.ts:172:52)
    at file:///Users/thesayyn/Documents/thesayyn/protoc-gen-ts/tests/conformance/bin/main.ts:30:78

  protobuf_test_messages.proto3.TestAllTypesProto3 1
  Error: Assertion failed
    at Object.jspb.asserts.doAssertFailure (https://cdn.skypack.dev/-/google-protobuf@v3.21.2-YDUqZL2TTSsy2lGtfuND/dist=es2019,mode=imports/optimized/google-protobuf.js:778:11)
    at Object.jspb.asserts.assert (https://cdn.skypack.dev/-/google-protobuf@v3.21.2-YDUqZL2TTSsy2lGtfuND/dist=es2019,mode=imports/optimized/google-protobuf.js:783:23)
    at jspb.BinaryDecoder.readInt32 (https://cdn.skypack.dev/-/google-protobuf@v3.21.2-YDUqZL2TTSsy2lGtfuND/dist=es2019,mode=imports/optimized/google-protobuf.js:4228:18)
    at jspb.BinaryReader.readSfixed32 (https://cdn.skypack.dev/-/google-protobuf@v3.21.2-YDUqZL2TTSsy2lGtfuND/dist=es2019,mode=imports/optimized/google-protobuf.js:4597:26)
    at Function.deserialize (file:///Users/thesayyn/Documents/thesayyn/protoc-gen-ts/target/debug/build/protoc_gen_ts-8cec2bec66276c47/out/test_conformance/test_messages_proto3.ts:274:60)
    at file:///Users/thesayyn/Documents/thesayyn/protoc-gen-ts/tests/conformance/bin/main.ts:23:78

  protobuf_test_messages.proto2.TestAllTypesProto2 1
  Error: Assertion failed
    at Object.jspb.asserts.doAssertFailure (https://cdn.skypack.dev/-/google-protobuf@v3.21.2-YDUqZL2TTSsy2lGtfuND/dist=es2019,mode=imports/optimized/google-protobuf.js:778:11)
    at Object.jspb.asserts.assert (https://cdn.skypack.dev/-/google-protobuf@v3.21.2-YDUqZL2TTSsy2lGtfuND/dist=es2019,mode=imports/optimized/google-protobuf.js:783:23)
    at jspb.BinaryDecoder.readInt32 (https://cdn.skypack.dev/-/google-protobuf@v3.21.2-YDUqZL2TTSsy2lGtfuND/dist=es2019,mode=imports/optimized/google-protobuf.js:4228:18)
    at jspb.BinaryReader.readSfixed32 (https://cdn.skypack.dev/-/google-protobuf@v3.21.2-YDUqZL2TTSsy2lGtfuND/dist=es2019,mode=imports/optimized/google-protobuf.js:4597:26)
    at Function.deserialize (file:///Users/thesayyn/Documents/thesayyn/protoc-gen-ts/target/debug/build/protoc_gen_ts-8cec2bec66276c47/out/test_conformance/test_messages_proto2.ts:238:55)
    at file:///Users/thesayyn/Documents/thesayyn/protoc-gen-ts/tests/conformance/bin/main.ts:30:78

  protobuf_test_messages.proto3.TestAllTypesProto3 1
  Error: Assertion failed
    at Object.jspb.asserts.doAssertFailure (https://cdn.skypack.dev/-/google-protobuf@v3.21.2-YDUqZL2TTSsy2lGtfuND/dist=es2019,mode=imports/optimized/google-protobuf.js:778:11)
    at Object.jspb.asserts.assert (https://cdn.skypack.dev/-/google-protobuf@v3.21.2-YDUqZL2TTSsy2lGtfuND/dist=es2019,mode=imports/optimized/google-protobuf.js:783:23)
    at jspb.BinaryDecoder.advance (https://cdn.skypack.dev/-/google-protobuf@v3.21.2-YDUqZL2TTSsy2lGtfuND/dist=es2019,mode=imports/optimized/google-protobuf.js:4081:18)
    at jspb.BinaryReader.skipFixed32Field (https://cdn.skypack.dev/-/google-protobuf@v3.21.2-YDUqZL2TTSsy2lGtfuND/dist=es2019,mode=imports/optimized/google-protobuf.js:4406:163)
    at jspb.BinaryReader.skipField (https://cdn.skypack.dev/-/google-protobuf@v3.21.2-YDUqZL2TTSsy2lGtfuND/dist=es2019,mode=imports/optimized/google-protobuf.js:4438:14)
    at Function.deserialize (file:///Users/thesayyn/Documents/thesayyn/protoc-gen-ts/target/debug/build/protoc_gen_ts-8cec2bec66276c47/out/test_conformance/test_messages_proto3.ts:958:24)
    at file:///Users/thesayyn/Documents/thesayyn/protoc-gen-ts/tests/conformance/bin/main.ts:23:78

  protobuf_test_messages.proto2.TestAllTypesProto2 1
  Error: Assertion failed
    at Object.jspb.asserts.doAssertFailure (https://cdn.skypack.dev/-/google-protobuf@v3.21.2-YDUqZL2TTSsy2lGtfuND/dist=es2019,mode=imports/optimized/google-protobuf.js:778:11)
    at Object.jspb.asserts.assert (https://cdn.skypack.dev/-/google-protobuf@v3.21.2-YDUqZL2TTSsy2lGtfuND/dist=es2019,mode=imports/optimized/google-protobuf.js:783:23)
    at jspb.BinaryDecoder.advance (https://cdn.skypack.dev/-/google-protobuf@v3.21.2-YDUqZL2TTSsy2lGtfuND/dist=es2019,mode=imports/optimized/google-protobuf.js:4081:18)
    at jspb.BinaryReader.skipFixed32Field (https://cdn.skypack.dev/-/google-protobuf@v3.21.2-YDUqZL2TTSsy2lGtfuND/dist=es2019,mode=imports/optimized/google-protobuf.js:4406:163)
    at jspb.BinaryReader.skipField (https://cdn.skypack.dev/-/google-protobuf@v3.21.2-YDUqZL2TTSsy2lGtfuND/dist=es2019,mode=imports/optimized/google-protobuf.js:4438:14)
    at Function.deserialize (file:///Users/thesayyn/Documents/thesayyn/protoc-gen-ts/target/debug/build/protoc_gen_ts-8cec2bec66276c47/out/test_conformance/test_messages_proto2.ts:865:24)
    at file:///Users/thesayyn/Documents/thesayyn/protoc-gen-ts/tests/conformance/bin/main.ts:30:78

  protobuf_test_messages.proto3.TestAllTypesProto3 1
  Error: Assertion failed
    at Object.jspb.asserts.doAssertFailure (https://cdn.skypack.dev/-/google-protobuf@v3.21.2-YDUqZL2TTSsy2lGtfuND/dist=es2019,mode=imports/optimized/google-protobuf.js:778:11)
    at Object.jspb.asserts.assert (https://cdn.skypack.dev/-/google-protobuf@v3.21.2-YDUqZL2TTSsy2lGtfuND/dist=es2019,mode=imports/optimized/google-protobuf.js:783:23)
    at jspb.BinaryDecoder.readInt32 (https://cdn.skypack.dev/-/google-protobuf@v3.21.2-YDUqZL2TTSsy2lGtfuND/dist=es2019,mode=imports/optimized/google-protobuf.js:4228:18)
    at jspb.BinaryReader.readSfixed32 (https://cdn.skypack.dev/-/google-protobuf@v3.21.2-YDUqZL2TTSsy2lGtfuND/dist=es2019,mode=imports/optimized/google-protobuf.js:4597:26)
    at Function.deserialize (file:///Users/thesayyn/Documents/thesayyn/protoc-gen-ts/target/debug/build/protoc_gen_ts-8cec2bec66276c47/out/test_conformance/test_messages_proto3.ts:196:52)
    at file:///Users/thesayyn/Documents/thesayyn/protoc-gen-ts/tests/conformance/bin/main.ts:23:78

  protobuf_test_messages.proto2.TestAllTypesProto2 1
  Error: Assertion failed
    at Object.jspb.asserts.doAssertFailure (https://cdn.skypack.dev/-/google-protobuf@v3.21.2-YDUqZL2TTSsy2lGtfuND/dist=es2019,mode=imports/optimized/google-protobuf.js:778:11)
    at Object.jspb.asserts.assert (https://cdn.skypack.dev/-/google-protobuf@v3.21.2-YDUqZL2TTSsy2lGtfuND/dist=es2019,mode=imports/optimized/google-protobuf.js:783:23)
    at jspb.BinaryDecoder.readInt32 (https://cdn.skypack.dev/-/google-protobuf@v3.21.2-YDUqZL2TTSsy2lGtfuND/dist=es2019,mode=imports/optimized/google-protobuf.js:4228:18)
    at jspb.BinaryReader.readSfixed32 (https://cdn.skypack.dev/-/google-protobuf@v3.21.2-YDUqZL2TTSsy2lGtfuND/dist=es2019,mode=imports/optimized/google-protobuf.js:4597:26)
    at Function.deserialize (file:///Users/thesayyn/Documents/thesayyn/protoc-gen-ts/target/debug/build/protoc_gen_ts-8cec2bec66276c47/out/test_conformance/test_messages_proto2.ts:172:52)
    at file:///Users/thesayyn/Documents/thesayyn/protoc-gen-ts/tests/conformance/bin/main.ts:30:78

  protobuf_test_messages.proto3.TestAllTypesProto3 1
  Error: Assertion failed
    at Object.jspb.asserts.doAssertFailure (https://cdn.skypack.dev/-/google-protobuf@v3.21.2-YDUqZL2TTSsy2lGtfuND/dist=es2019,mode=imports/optimized/google-protobuf.js:778:11)
    at Object.jspb.asserts.assert (https://cdn.skypack.dev/-/google-protobuf@v3.21.2-YDUqZL2TTSsy2lGtfuND/dist=es2019,mode=imports/optimized/google-protobuf.js:783:23)
    at jspb.BinaryDecoder.readInt32 (https://cdn.skypack.dev/-/google-protobuf@v3.21.2-YDUqZL2TTSsy2lGtfuND/dist=es2019,mode=imports/optimized/google-protobuf.js:4228:18)
    at jspb.BinaryReader.readSfixed32 (https://cdn.skypack.dev/-/google-protobuf@v3.21.2-YDUqZL2TTSsy2lGtfuND/dist=es2019,mode=imports/optimized/google-protobuf.js:4597:26)
    at Function.deserialize (file:///Users/thesayyn/Documents/thesayyn/protoc-gen-ts/target/debug/build/protoc_gen_ts-8cec2bec66276c47/out/test_conformance/test_messages_proto3.ts:274:60)
    at file:///Users/thesayyn/Documents/thesayyn/protoc-gen-ts/tests/conformance/bin/main.ts:23:78

  protobuf_test_messages.proto2.TestAllTypesProto2 1
  Error: Assertion failed
    at Object.jspb.asserts.doAssertFailure (https://cdn.skypack.dev/-/google-protobuf@v3.21.2-YDUqZL2TTSsy2lGtfuND/dist=es2019,mode=imports/optimized/google-protobuf.js:778:11)
    at Object.jspb.asserts.assert (https://cdn.skypack.dev/-/google-protobuf@v3.21.2-YDUqZL2TTSsy2lGtfuND/dist=es2019,mode=imports/optimized/google-protobuf.js:783:23)
    at jspb.BinaryDecoder.readInt32 (https://cdn.skypack.dev/-/google-protobuf@v3.21.2-YDUqZL2TTSsy2lGtfuND/dist=es2019,mode=imports/optimized/google-protobuf.js:4228:18)
    at jspb.BinaryReader.readSfixed32 (https://cdn.skypack.dev/-/google-protobuf@v3.21.2-YDUqZL2TTSsy2lGtfuND/dist=es2019,mode=imports/optimized/google-protobuf.js:4597:26)
    at Function.deserialize (file:///Users/thesayyn/Documents/thesayyn/protoc-gen-ts/target/debug/build/protoc_gen_ts-8cec2bec66276c47/out/test_conformance/test_messages_proto2.ts:238:55)
    at file:///Users/thesayyn/Documents/thesayyn/protoc-gen-ts/tests/conformance/bin/main.ts:30:78

  protobuf_test_messages.proto3.TestAllTypesProto3 1
  Error: Assertion failed
    at Object.jspb.asserts.doAssertFailure (https://cdn.skypack.dev/-/google-protobuf@v3.21.2-YDUqZL2TTSsy2lGtfuND/dist=es2019,mode=imports/optimized/google-protobuf.js:778:11)
    at Object.jspb.asserts.assert (https://cdn.skypack.dev/-/google-protobuf@v3.21.2-YDUqZL2TTSsy2lGtfuND/dist=es2019,mode=imports/optimized/google-protobuf.js:783:23)
    at jspb.BinaryDecoder.advance (https://cdn.skypack.dev/-/google-protobuf@v3.21.2-YDUqZL2TTSsy2lGtfuND/dist=es2019,mode=imports/optimized/google-protobuf.js:4081:18)
    at jspb.BinaryReader.skipFixed32Field (https://cdn.skypack.dev/-/google-protobuf@v3.21.2-YDUqZL2TTSsy2lGtfuND/dist=es2019,mode=imports/optimized/google-protobuf.js:4406:163)
    at jspb.BinaryReader.skipField (https://cdn.skypack.dev/-/google-protobuf@v3.21.2-YDUqZL2TTSsy2lGtfuND/dist=es2019,mode=imports/optimized/google-protobuf.js:4438:14)
    at Function.deserialize (file:///Users/thesayyn/Documents/thesayyn/protoc-gen-ts/target/debug/build/protoc_gen_ts-8cec2bec66276c47/out/test_conformance/test_messages_proto3.ts:958:24)
    at file:///Users/thesayyn/Documents/thesayyn/protoc-gen-ts/tests/conformance/bin/main.ts:23:78

  protobuf_test_messages.proto2.TestAllTypesProto2 1
  Error: Assertion failed
    at Object.jspb.asserts.doAssertFailure (https://cdn.skypack.dev/-/google-protobuf@v3.21.2-YDUqZL2TTSsy2lGtfuND/dist=es2019,mode=imports/optimized/google-protobuf.js:778:11)
    at Object.jspb.asserts.assert (https://cdn.skypack.dev/-/google-protobuf@v3.21.2-YDUqZL2TTSsy2lGtfuND/dist=es2019,mode=imports/optimized/google-protobuf.js:783:23)
    at jspb.BinaryDecoder.advance (https://cdn.skypack.dev/-/google-protobuf@v3.21.2-YDUqZL2TTSsy2lGtfuND/dist=es2019,mode=imports/optimized/google-protobuf.js:4081:18)
    at jspb.BinaryReader.skipFixed32Field (https://cdn.skypack.dev/-/google-protobuf@v3.21.2-YDUqZL2TTSsy2lGtfuND/dist=es2019,mode=imports/optimized/google-protobuf.js:4406:163)
    at jspb.BinaryReader.skipField (https://cdn.skypack.dev/-/google-protobuf@v3.21.2-YDUqZL2TTSsy2lGtfuND/dist=es2019,mode=imports/optimized/google-protobuf.js:4438:14)
    at Function.deserialize (file:///Users/thesayyn/Documents/thesayyn/protoc-gen-ts/target/debug/build/protoc_gen_ts-8cec2bec66276c47/out/test_conformance/test_messages_proto2.ts:865:24)
    at file:///Users/thesayyn/Documents/thesayyn/protoc-gen-ts/tests/conformance/bin/main.ts:30:78

  protobuf_test_messages.proto3.TestAllTypesProto3 1
  Error: Assertion failed
    at Object.jspb.asserts.doAssertFailure (https://cdn.skypack.dev/-/google-protobuf@v3.21.2-YDUqZL2TTSsy2lGtfuND/dist=es2019,mode=imports/optimized/google-protobuf.js:778:11)
    at Object.jspb.asserts.assert (https://cdn.skypack.dev/-/google-protobuf@v3.21.2-YDUqZL2TTSsy2lGtfuND/dist=es2019,mode=imports/optimized/google-protobuf.js:783:23)
    at jspb.BinaryDecoder.readInt32 (https://cdn.skypack.dev/-/google-protobuf@v3.21.2-YDUqZL2TTSsy2lGtfuND/dist=es2019,mode=imports/optimized/google-protobuf.js:4228:18)
    at jspb.BinaryReader.readPackedField_ (https://cdn.skypack.dev/-/google-protobuf@v3.21.2-YDUqZL2TTSsy2lGtfuND/dist=es2019,mode=imports/optimized/google-protobuf.js:4676:16)
    at jspb.BinaryReader.readPackedSfixed32 (https://cdn.skypack.dev/-/google-protobuf@v3.21.2-YDUqZL2TTSsy2lGtfuND/dist=es2019,mode=imports/optimized/google-protobuf.js:4730:17)
    at Function.deserialize (file:///Users/thesayyn/Documents/thesayyn/protoc-gen-ts/target/debug/build/protoc_gen_ts-8cec2bec66276c47/out/test_conformance/test_messages_proto3.ts:273:80)
    at file:///Users/thesayyn/Documents/thesayyn/protoc-gen-ts/tests/conformance/bin/main.ts:23:78

  protobuf_test_messages.proto2.TestAllTypesProto2 1
  Error: Assertion failed
    at Object.jspb.asserts.doAssertFailure (https://cdn.skypack.dev/-/google-protobuf@v3.21.2-YDUqZL2TTSsy2lGtfuND/dist=es2019,mode=imports/optimized/google-protobuf.js:778:11)
    at Object.jspb.asserts.assert (https://cdn.skypack.dev/-/google-protobuf@v3.21.2-YDUqZL2TTSsy2lGtfuND/dist=es2019,mode=imports/optimized/google-protobuf.js:783:23)
    at jspb.BinaryReader.readSfixed32 (https://cdn.skypack.dev/-/google-protobuf@v3.21.2-YDUqZL2TTSsy2lGtfuND/dist=es2019,mode=imports/optimized/google-protobuf.js:4596:18)
    at Function.deserialize (file:///Users/thesayyn/Documents/thesayyn/protoc-gen-ts/target/debug/build/protoc_gen_ts-8cec2bec66276c47/out/test_conformance/test_messages_proto2.ts:238:55)
    at file:///Users/thesayyn/Documents/thesayyn/protoc-gen-ts/tests/conformance/bin/main.ts:30:78

  protobuf_test_messages.proto3.TestAllTypesProto3 1
  Error: Assertion failed
    at Object.jspb.asserts.doAssertFailure (https://cdn.skypack.dev/-/google-protobuf@v3.21.2-YDUqZL2TTSsy2lGtfuND/dist=es2019,mode=imports/optimized/google-protobuf.js:778:11)
    at Object.jspb.asserts.assert (https://cdn.skypack.dev/-/google-protobuf@v3.21.2-YDUqZL2TTSsy2lGtfuND/dist=es2019,mode=imports/optimized/google-protobuf.js:783:23)
    at jspb.BinaryDecoder.readInt32 (https://cdn.skypack.dev/-/google-protobuf@v3.21.2-YDUqZL2TTSsy2lGtfuND/dist=es2019,mode=imports/optimized/google-protobuf.js:4228:18)
    at jspb.BinaryReader.readPackedField_ (https://cdn.skypack.dev/-/google-protobuf@v3.21.2-YDUqZL2TTSsy2lGtfuND/dist=es2019,mode=imports/optimized/google-protobuf.js:4676:16)
    at jspb.BinaryReader.readPackedSfixed32 (https://cdn.skypack.dev/-/google-protobuf@v3.21.2-YDUqZL2TTSsy2lGtfuND/dist=es2019,mode=imports/optimized/google-protobuf.js:4730:17)
    at Function.deserialize (file:///Users/thesayyn/Documents/thesayyn/protoc-gen-ts/target/debug/build/protoc_gen_ts-8cec2bec66276c47/out/test_conformance/test_messages_proto3.ts:273:80)
    at file:///Users/thesayyn/Documents/thesayyn/protoc-gen-ts/tests/conformance/bin/main.ts:23:78

  protobuf_test_messages.proto2.TestAllTypesProto2 1
  Error: Assertion failed
    at Object.jspb.asserts.doAssertFailure (https://cdn.skypack.dev/-/google-protobuf@v3.21.2-YDUqZL2TTSsy2lGtfuND/dist=es2019,mode=imports/optimized/google-protobuf.js:778:11)
    at Object.jspb.asserts.assert (https://cdn.skypack.dev/-/google-protobuf@v3.21.2-YDUqZL2TTSsy2lGtfuND/dist=es2019,mode=imports/optimized/google-protobuf.js:783:23)
    at jspb.BinaryReader.readSfixed32 (https://cdn.skypack.dev/-/google-protobuf@v3.21.2-YDUqZL2TTSsy2lGtfuND/dist=es2019,mode=imports/optimized/google-protobuf.js:4596:18)
    at Function.deserialize (file:///Users/thesayyn/Documents/thesayyn/protoc-gen-ts/target/debug/build/protoc_gen_ts-8cec2bec66276c47/out/test_conformance/test_messages_proto2.ts:238:55)
    at file:///Users/thesayyn/Documents/thesayyn/protoc-gen-ts/tests/conformance/bin/main.ts:30:78

  protobuf_test_messages.proto3.TestAllTypesProto3 1
  Error: Assertion failed
    at Object.jspb.asserts.doAssertFailure (https://cdn.skypack.dev/-/google-protobuf@v3.21.2-YDUqZL2TTSsy2lGtfuND/dist=es2019,mode=imports/optimized/google-protobuf.js:778:11)
    at Object.jspb.asserts.assert (https://cdn.skypack.dev/-/google-protobuf@v3.21.2-YDUqZL2TTSsy2lGtfuND/dist=es2019,mode=imports/optimized/google-protobuf.js:783:23)
    at jspb.BinaryDecoder.readUint32 (https://cdn.skypack.dev/-/google-protobuf@v3.21.2-YDUqZL2TTSsy2lGtfuND/dist=es2019,mode=imports/optimized/google-protobuf.js:4202:18)
    at jspb.BinaryDecoder.readInt64 (https://cdn.skypack.dev/-/google-protobuf@v3.21.2-YDUqZL2TTSsy2lGtfuND/dist=es2019,mode=imports/optimized/google-protobuf.js:4232:18)
    at jspb.BinaryReader.readSfixed64 (https://cdn.skypack.dev/-/google-protobuf@v3.21.2-YDUqZL2TTSsy2lGtfuND/dist=es2019,mode=imports/optimized/google-protobuf.js:4606:26)
    at Function.deserialize (file:///Users/thesayyn/Documents/thesayyn/protoc-gen-ts/target/debug/build/protoc_gen_ts-8cec2bec66276c47/out/test_conformance/test_messages_proto3.ts:199:52)
    at file:///Users/thesayyn/Documents/thesayyn/protoc-gen-ts/tests/conformance/bin/main.ts:23:78

  protobuf_test_messages.proto2.TestAllTypesProto2 1
  Error: Assertion failed
    at Object.jspb.asserts.doAssertFailure (https://cdn.skypack.dev/-/google-protobuf@v3.21.2-YDUqZL2TTSsy2lGtfuND/dist=es2019,mode=imports/optimized/google-protobuf.js:778:11)
    at Object.jspb.asserts.assert (https://cdn.skypack.dev/-/google-protobuf@v3.21.2-YDUqZL2TTSsy2lGtfuND/dist=es2019,mode=imports/optimized/google-protobuf.js:783:23)
    at jspb.BinaryDecoder.readUint32 (https://cdn.skypack.dev/-/google-protobuf@v3.21.2-YDUqZL2TTSsy2lGtfuND/dist=es2019,mode=imports/optimized/google-protobuf.js:4202:18)
    at jspb.BinaryDecoder.readInt64 (https://cdn.skypack.dev/-/google-protobuf@v3.21.2-YDUqZL2TTSsy2lGtfuND/dist=es2019,mode=imports/optimized/google-protobuf.js:4232:18)
    at jspb.BinaryReader.readSfixed64 (https://cdn.skypack.dev/-/google-protobuf@v3.21.2-YDUqZL2TTSsy2lGtfuND/dist=es2019,mode=imports/optimized/google-protobuf.js:4606:26)
    at Function.deserialize (file:///Users/thesayyn/Documents/thesayyn/protoc-gen-ts/target/debug/build/protoc_gen_ts-8cec2bec66276c47/out/test_conformance/test_messages_proto2.ts:175:52)
    at file:///Users/thesayyn/Documents/thesayyn/protoc-gen-ts/tests/conformance/bin/main.ts:30:78

  protobuf_test_messages.proto3.TestAllTypesProto3 1
  Error: Assertion failed
    at Object.jspb.asserts.doAssertFailure (https://cdn.skypack.dev/-/google-protobuf@v3.21.2-YDUqZL2TTSsy2lGtfuND/dist=es2019,mode=imports/optimized/google-protobuf.js:778:11)
    at Object.jspb.asserts.assert (https://cdn.skypack.dev/-/google-protobuf@v3.21.2-YDUqZL2TTSsy2lGtfuND/dist=es2019,mode=imports/optimized/google-protobuf.js:783:23)
    at jspb.BinaryDecoder.readUint32 (https://cdn.skypack.dev/-/google-protobuf@v3.21.2-YDUqZL2TTSsy2lGtfuND/dist=es2019,mode=imports/optimized/google-protobuf.js:4202:18)
    at jspb.BinaryDecoder.readInt64 (https://cdn.skypack.dev/-/google-protobuf@v3.21.2-YDUqZL2TTSsy2lGtfuND/dist=es2019,mode=imports/optimized/google-protobuf.js:4232:18)
    at jspb.BinaryReader.readSfixed64 (https://cdn.skypack.dev/-/google-protobuf@v3.21.2-YDUqZL2TTSsy2lGtfuND/dist=es2019,mode=imports/optimized/google-protobuf.js:4606:26)
    at Function.deserialize (file:///Users/thesayyn/Documents/thesayyn/protoc-gen-ts/target/debug/build/protoc_gen_ts-8cec2bec66276c47/out/test_conformance/test_messages_proto3.ts:278:60)
    at file:///Users/thesayyn/Documents/thesayyn/protoc-gen-ts/tests/conformance/bin/main.ts:23:78

  protobuf_test_messages.proto2.TestAllTypesProto2 1
  Error: Assertion failed
    at Object.jspb.asserts.doAssertFailure (https://cdn.skypack.dev/-/google-protobuf@v3.21.2-YDUqZL2TTSsy2lGtfuND/dist=es2019,mode=imports/optimized/google-protobuf.js:778:11)
    at Object.jspb.asserts.assert (https://cdn.skypack.dev/-/google-protobuf@v3.21.2-YDUqZL2TTSsy2lGtfuND/dist=es2019,mode=imports/optimized/google-protobuf.js:783:23)
    at jspb.BinaryDecoder.readUint32 (https://cdn.skypack.dev/-/google-protobuf@v3.21.2-YDUqZL2TTSsy2lGtfuND/dist=es2019,mode=imports/optimized/google-protobuf.js:4202:18)
    at jspb.BinaryDecoder.readInt64 (https://cdn.skypack.dev/-/google-protobuf@v3.21.2-YDUqZL2TTSsy2lGtfuND/dist=es2019,mode=imports/optimized/google-protobuf.js:4232:18)
    at jspb.BinaryReader.readSfixed64 (https://cdn.skypack.dev/-/google-protobuf@v3.21.2-YDUqZL2TTSsy2lGtfuND/dist=es2019,mode=imports/optimized/google-protobuf.js:4606:26)
    at Function.deserialize (file:///Users/thesayyn/Documents/thesayyn/protoc-gen-ts/target/debug/build/protoc_gen_ts-8cec2bec66276c47/out/test_conformance/test_messages_proto2.ts:241:55)
    at file:///Users/thesayyn/Documents/thesayyn/protoc-gen-ts/tests/conformance/bin/main.ts:30:78

  protobuf_test_messages.proto3.TestAllTypesProto3 1
  Error: Assertion failed
    at Object.jspb.asserts.doAssertFailure (https://cdn.skypack.dev/-/google-protobuf@v3.21.2-YDUqZL2TTSsy2lGtfuND/dist=es2019,mode=imports/optimized/google-protobuf.js:778:11)
    at Object.jspb.asserts.assert (https://cdn.skypack.dev/-/google-protobuf@v3.21.2-YDUqZL2TTSsy2lGtfuND/dist=es2019,mode=imports/optimized/google-protobuf.js:783:23)
    at jspb.BinaryDecoder.advance (https://cdn.skypack.dev/-/google-protobuf@v3.21.2-YDUqZL2TTSsy2lGtfuND/dist=es2019,mode=imports/optimized/google-protobuf.js:4081:18)
    at jspb.BinaryReader.skipFixed64Field (https://cdn.skypack.dev/-/google-protobuf@v3.21.2-YDUqZL2TTSsy2lGtfuND/dist=es2019,mode=imports/optimized/google-protobuf.js:4409:163)
    at jspb.BinaryReader.skipField (https://cdn.skypack.dev/-/google-protobuf@v3.21.2-YDUqZL2TTSsy2lGtfuND/dist=es2019,mode=imports/optimized/google-protobuf.js:4432:14)
    at Function.deserialize (file:///Users/thesayyn/Documents/thesayyn/protoc-gen-ts/target/debug/build/protoc_gen_ts-8cec2bec66276c47/out/test_conformance/test_messages_proto3.ts:958:24)
    at file:///Users/thesayyn/Documents/thesayyn/protoc-gen-ts/tests/conformance/bin/main.ts:23:78

  protobuf_test_messages.proto2.TestAllTypesProto2 1
  Error: Assertion failed
    at Object.jspb.asserts.doAssertFailure (https://cdn.skypack.dev/-/google-protobuf@v3.21.2-YDUqZL2TTSsy2lGtfuND/dist=es2019,mode=imports/optimized/google-protobuf.js:778:11)
    at Object.jspb.asserts.assert (https://cdn.skypack.dev/-/google-protobuf@v3.21.2-YDUqZL2TTSsy2lGtfuND/dist=es2019,mode=imports/optimized/google-protobuf.js:783:23)
    at jspb.BinaryDecoder.advance (https://cdn.skypack.dev/-/google-protobuf@v3.21.2-YDUqZL2TTSsy2lGtfuND/dist=es2019,mode=imports/optimized/google-protobuf.js:4081:18)
    at jspb.BinaryReader.skipFixed64Field (https://cdn.skypack.dev/-/google-protobuf@v3.21.2-YDUqZL2TTSsy2lGtfuND/dist=es2019,mode=imports/optimized/google-protobuf.js:4409:163)
    at jspb.BinaryReader.skipField (https://cdn.skypack.dev/-/google-protobuf@v3.21.2-YDUqZL2TTSsy2lGtfuND/dist=es2019,mode=imports/optimized/google-protobuf.js:4432:14)
    at Function.deserialize (file:///Users/thesayyn/Documents/thesayyn/protoc-gen-ts/target/debug/build/protoc_gen_ts-8cec2bec66276c47/out/test_conformance/test_messages_proto2.ts:865:24)
    at file:///Users/thesayyn/Documents/thesayyn/protoc-gen-ts/tests/conformance/bin/main.ts:30:78

  protobuf_test_messages.proto3.TestAllTypesProto3 1
  Error: Assertion failed
    at Object.jspb.asserts.doAssertFailure (https://cdn.skypack.dev/-/google-protobuf@v3.21.2-YDUqZL2TTSsy2lGtfuND/dist=es2019,mode=imports/optimized/google-protobuf.js:778:11)
    at Object.jspb.asserts.assert (https://cdn.skypack.dev/-/google-protobuf@v3.21.2-YDUqZL2TTSsy2lGtfuND/dist=es2019,mode=imports/optimized/google-protobuf.js:783:23)
    at jspb.BinaryDecoder.readUint32 (https://cdn.skypack.dev/-/google-protobuf@v3.21.2-YDUqZL2TTSsy2lGtfuND/dist=es2019,mode=imports/optimized/google-protobuf.js:4202:18)
    at jspb.BinaryDecoder.readInt64 (https://cdn.skypack.dev/-/google-protobuf@v3.21.2-YDUqZL2TTSsy2lGtfuND/dist=es2019,mode=imports/optimized/google-protobuf.js:4232:41)
    at jspb.BinaryReader.readSfixed64 (https://cdn.skypack.dev/-/google-protobuf@v3.21.2-YDUqZL2TTSsy2lGtfuND/dist=es2019,mode=imports/optimized/google-protobuf.js:4606:26)
    at Function.deserialize (file:///Users/thesayyn/Documents/thesayyn/protoc-gen-ts/target/debug/build/protoc_gen_ts-8cec2bec66276c47/out/test_conformance/test_messages_proto3.ts:199:52)
    at file:///Users/thesayyn/Documents/thesayyn/protoc-gen-ts/tests/conformance/bin/main.ts:23:78

  protobuf_test_messages.proto2.TestAllTypesProto2 1
  Error: Assertion failed
    at Object.jspb.asserts.doAssertFailure (https://cdn.skypack.dev/-/google-protobuf@v3.21.2-YDUqZL2TTSsy2lGtfuND/dist=es2019,mode=imports/optimized/google-protobuf.js:778:11)
    at Object.jspb.asserts.assert (https://cdn.skypack.dev/-/google-protobuf@v3.21.2-YDUqZL2TTSsy2lGtfuND/dist=es2019,mode=imports/optimized/google-protobuf.js:783:23)
    at jspb.BinaryDecoder.readUint32 (https://cdn.skypack.dev/-/google-protobuf@v3.21.2-YDUqZL2TTSsy2lGtfuND/dist=es2019,mode=imports/optimized/google-protobuf.js:4202:18)
    at jspb.BinaryDecoder.readInt64 (https://cdn.skypack.dev/-/google-protobuf@v3.21.2-YDUqZL2TTSsy2lGtfuND/dist=es2019,mode=imports/optimized/google-protobuf.js:4232:41)
    at jspb.BinaryReader.readSfixed64 (https://cdn.skypack.dev/-/google-protobuf@v3.21.2-YDUqZL2TTSsy2lGtfuND/dist=es2019,mode=imports/optimized/google-protobuf.js:4606:26)
    at Function.deserialize (file:///Users/thesayyn/Documents/thesayyn/protoc-gen-ts/target/debug/build/protoc_gen_ts-8cec2bec66276c47/out/test_conformance/test_messages_proto2.ts:175:52)
    at file:///Users/thesayyn/Documents/thesayyn/protoc-gen-ts/tests/conformance/bin/main.ts:30:78

  protobuf_test_messages.proto3.TestAllTypesProto3 1
  Error: Assertion failed
    at Object.jspb.asserts.doAssertFailure (https://cdn.skypack.dev/-/google-protobuf@v3.21.2-YDUqZL2TTSsy2lGtfuND/dist=es2019,mode=imports/optimized/google-protobuf.js:778:11)
    at Object.jspb.asserts.assert (https://cdn.skypack.dev/-/google-protobuf@v3.21.2-YDUqZL2TTSsy2lGtfuND/dist=es2019,mode=imports/optimized/google-protobuf.js:783:23)
    at jspb.BinaryDecoder.readUint32 (https://cdn.skypack.dev/-/google-protobuf@v3.21.2-YDUqZL2TTSsy2lGtfuND/dist=es2019,mode=imports/optimized/google-protobuf.js:4202:18)
    at jspb.BinaryDecoder.readInt64 (https://cdn.skypack.dev/-/google-protobuf@v3.21.2-YDUqZL2TTSsy2lGtfuND/dist=es2019,mode=imports/optimized/google-protobuf.js:4232:41)
    at jspb.BinaryReader.readSfixed64 (https://cdn.skypack.dev/-/google-protobuf@v3.21.2-YDUqZL2TTSsy2lGtfuND/dist=es2019,mode=imports/optimized/google-protobuf.js:4606:26)
    at Function.deserialize (file:///Users/thesayyn/Documents/thesayyn/protoc-gen-ts/target/debug/build/protoc_gen_ts-8cec2bec66276c47/out/test_conformance/test_messages_proto3.ts:278:60)
    at file:///Users/thesayyn/Documents/thesayyn/protoc-gen-ts/tests/conformance/bin/main.ts:23:78

  protobuf_test_messages.proto2.TestAllTypesProto2 1
  Error: Assertion failed
    at Object.jspb.asserts.doAssertFailure (https://cdn.skypack.dev/-/google-protobuf@v3.21.2-YDUqZL2TTSsy2lGtfuND/dist=es2019,mode=imports/optimized/google-protobuf.js:778:11)
    at Object.jspb.asserts.assert (https://cdn.skypack.dev/-/google-protobuf@v3.21.2-YDUqZL2TTSsy2lGtfuND/dist=es2019,mode=imports/optimized/google-protobuf.js:783:23)
    at jspb.BinaryDecoder.readUint32 (https://cdn.skypack.dev/-/google-protobuf@v3.21.2-YDUqZL2TTSsy2lGtfuND/dist=es2019,mode=imports/optimized/google-protobuf.js:4202:18)
    at jspb.BinaryDecoder.readInt64 (https://cdn.skypack.dev/-/google-protobuf@v3.21.2-YDUqZL2TTSsy2lGtfuND/dist=es2019,mode=imports/optimized/google-protobuf.js:4232:41)
    at jspb.BinaryReader.readSfixed64 (https://cdn.skypack.dev/-/google-protobuf@v3.21.2-YDUqZL2TTSsy2lGtfuND/dist=es2019,mode=imports/optimized/google-protobuf.js:4606:26)
    at Function.deserialize (file:///Users/thesayyn/Documents/thesayyn/protoc-gen-ts/target/debug/build/protoc_gen_ts-8cec2bec66276c47/out/test_conformance/test_messages_proto2.ts:241:55)
    at file:///Users/thesayyn/Documents/thesayyn/protoc-gen-ts/tests/conformance/bin/main.ts:30:78

  protobuf_test_messages.proto3.TestAllTypesProto3 1
  Error: Assertion failed
    at Object.jspb.asserts.doAssertFailure (https://cdn.skypack.dev/-/google-protobuf@v3.21.2-YDUqZL2TTSsy2lGtfuND/dist=es2019,mode=imports/optimized/google-protobuf.js:778:11)
    at Object.jspb.asserts.assert (https://cdn.skypack.dev/-/google-protobuf@v3.21.2-YDUqZL2TTSsy2lGtfuND/dist=es2019,mode=imports/optimized/google-protobuf.js:783:23)
    at jspb.BinaryDecoder.advance (https://cdn.skypack.dev/-/google-protobuf@v3.21.2-YDUqZL2TTSsy2lGtfuND/dist=es2019,mode=imports/optimized/google-protobuf.js:4081:18)
    at jspb.BinaryReader.skipFixed64Field (https://cdn.skypack.dev/-/google-protobuf@v3.21.2-YDUqZL2TTSsy2lGtfuND/dist=es2019,mode=imports/optimized/google-protobuf.js:4409:163)
    at jspb.BinaryReader.skipField (https://cdn.skypack.dev/-/google-protobuf@v3.21.2-YDUqZL2TTSsy2lGtfuND/dist=es2019,mode=imports/optimized/google-protobuf.js:4432:14)
    at Function.deserialize (file:///Users/thesayyn/Documents/thesayyn/protoc-gen-ts/target/debug/build/protoc_gen_ts-8cec2bec66276c47/out/test_conformance/test_messages_proto3.ts:958:24)
    at file:///Users/thesayyn/Documents/thesayyn/protoc-gen-ts/tests/conformance/bin/main.ts:23:78

  protobuf_test_messages.proto2.TestAllTypesProto2 1
  Error: Assertion failed
    at Object.jspb.asserts.doAssertFailure (https://cdn.skypack.dev/-/google-protobuf@v3.21.2-YDUqZL2TTSsy2lGtfuND/dist=es2019,mode=imports/optimized/google-protobuf.js:778:11)
    at Object.jspb.asserts.assert (https://cdn.skypack.dev/-/google-protobuf@v3.21.2-YDUqZL2TTSsy2lGtfuND/dist=es2019,mode=imports/optimized/google-protobuf.js:783:23)
    at jspb.BinaryDecoder.advance (https://cdn.skypack.dev/-/google-protobuf@v3.21.2-YDUqZL2TTSsy2lGtfuND/dist=es2019,mode=imports/optimized/google-protobuf.js:4081:18)
    at jspb.BinaryReader.skipFixed64Field (https://cdn.skypack.dev/-/google-protobuf@v3.21.2-YDUqZL2TTSsy2lGtfuND/dist=es2019,mode=imports/optimized/google-protobuf.js:4409:163)
    at jspb.BinaryReader.skipField (https://cdn.skypack.dev/-/google-protobuf@v3.21.2-YDUqZL2TTSsy2lGtfuND/dist=es2019,mode=imports/optimized/google-protobuf.js:4432:14)
    at Function.deserialize (file:///Users/thesayyn/Documents/thesayyn/protoc-gen-ts/target/debug/build/protoc_gen_ts-8cec2bec66276c47/out/test_conformance/test_messages_proto2.ts:865:24)
    at file:///Users/thesayyn/Documents/thesayyn/protoc-gen-ts/tests/conformance/bin/main.ts:30:78

  protobuf_test_messages.proto3.TestAllTypesProto3 1
  Error: Assertion failed
    at Object.jspb.asserts.doAssertFailure (https://cdn.skypack.dev/-/google-protobuf@v3.21.2-YDUqZL2TTSsy2lGtfuND/dist=es2019,mode=imports/optimized/google-protobuf.js:778:11)
    at Object.jspb.asserts.assert (https://cdn.skypack.dev/-/google-protobuf@v3.21.2-YDUqZL2TTSsy2lGtfuND/dist=es2019,mode=imports/optimized/google-protobuf.js:783:23)
    at jspb.BinaryDecoder.readUint32 (https://cdn.skypack.dev/-/google-protobuf@v3.21.2-YDUqZL2TTSsy2lGtfuND/dist=es2019,mode=imports/optimized/google-protobuf.js:4202:18)
    at jspb.BinaryDecoder.readInt64 (https://cdn.skypack.dev/-/google-protobuf@v3.21.2-YDUqZL2TTSsy2lGtfuND/dist=es2019,mode=imports/optimized/google-protobuf.js:4232:41)
    at jspb.BinaryReader.readPackedField_ (https://cdn.skypack.dev/-/google-protobuf@v3.21.2-YDUqZL2TTSsy2lGtfuND/dist=es2019,mode=imports/optimized/google-protobuf.js:4676:16)
    at jspb.BinaryReader.readPackedSfixed64 (https://cdn.skypack.dev/-/google-protobuf@v3.21.2-YDUqZL2TTSsy2lGtfuND/dist=es2019,mode=imports/optimized/google-protobuf.js:4734:17)
    at Function.deserialize (file:///Users/thesayyn/Documents/thesayyn/protoc-gen-ts/target/debug/build/protoc_gen_ts-8cec2bec66276c47/out/test_conformance/test_messages_proto3.ts:277:80)
    at file:///Users/thesayyn/Documents/thesayyn/protoc-gen-ts/tests/conformance/bin/main.ts:23:78

  protobuf_test_messages.proto2.TestAllTypesProto2 1
  Error: Assertion failed
    at Object.jspb.asserts.doAssertFailure (https://cdn.skypack.dev/-/google-protobuf@v3.21.2-YDUqZL2TTSsy2lGtfuND/dist=es2019,mode=imports/optimized/google-protobuf.js:778:11)
    at Object.jspb.asserts.assert (https://cdn.skypack.dev/-/google-protobuf@v3.21.2-YDUqZL2TTSsy2lGtfuND/dist=es2019,mode=imports/optimized/google-protobuf.js:783:23)
    at jspb.BinaryReader.readSfixed64 (https://cdn.skypack.dev/-/google-protobuf@v3.21.2-YDUqZL2TTSsy2lGtfuND/dist=es2019,mode=imports/optimized/google-protobuf.js:4605:18)
    at Function.deserialize (file:///Users/thesayyn/Documents/thesayyn/protoc-gen-ts/target/debug/build/protoc_gen_ts-8cec2bec66276c47/out/test_conformance/test_messages_proto2.ts:241:55)
    at file:///Users/thesayyn/Documents/thesayyn/protoc-gen-ts/tests/conformance/bin/main.ts:30:78

  protobuf_test_messages.proto3.TestAllTypesProto3 1
  Error: Assertion failed
    at Object.jspb.asserts.doAssertFailure (https://cdn.skypack.dev/-/google-protobuf@v3.21.2-YDUqZL2TTSsy2lGtfuND/dist=es2019,mode=imports/optimized/google-protobuf.js:778:11)
    at Object.jspb.asserts.assert (https://cdn.skypack.dev/-/google-protobuf@v3.21.2-YDUqZL2TTSsy2lGtfuND/dist=es2019,mode=imports/optimized/google-protobuf.js:783:23)
    at jspb.BinaryDecoder.readUint32 (https://cdn.skypack.dev/-/google-protobuf@v3.21.2-YDUqZL2TTSsy2lGtfuND/dist=es2019,mode=imports/optimized/google-protobuf.js:4202:18)
    at jspb.BinaryDecoder.readInt64 (https://cdn.skypack.dev/-/google-protobuf@v3.21.2-YDUqZL2TTSsy2lGtfuND/dist=es2019,mode=imports/optimized/google-protobuf.js:4232:18)
    at jspb.BinaryReader.readPackedField_ (https://cdn.skypack.dev/-/google-protobuf@v3.21.2-YDUqZL2TTSsy2lGtfuND/dist=es2019,mode=imports/optimized/google-protobuf.js:4676:16)
    at jspb.BinaryReader.readPackedSfixed64 (https://cdn.skypack.dev/-/google-protobuf@v3.21.2-YDUqZL2TTSsy2lGtfuND/dist=es2019,mode=imports/optimized/google-protobuf.js:4734:17)
    at Function.deserialize (file:///Users/thesayyn/Documents/thesayyn/protoc-gen-ts/target/debug/build/protoc_gen_ts-8cec2bec66276c47/out/test_conformance/test_messages_proto3.ts:277:80)
    at file:///Users/thesayyn/Documents/thesayyn/protoc-gen-ts/tests/conformance/bin/main.ts:23:78

  protobuf_test_messages.proto2.TestAllTypesProto2 1
  Error: Assertion failed
    at Object.jspb.asserts.doAssertFailure (https://cdn.skypack.dev/-/google-protobuf@v3.21.2-YDUqZL2TTSsy2lGtfuND/dist=es2019,mode=imports/optimized/google-protobuf.js:778:11)
    at Object.jspb.asserts.assert (https://cdn.skypack.dev/-/google-protobuf@v3.21.2-YDUqZL2TTSsy2lGtfuND/dist=es2019,mode=imports/optimized/google-protobuf.js:783:23)
    at jspb.BinaryReader.readSfixed64 (https://cdn.skypack.dev/-/google-protobuf@v3.21.2-YDUqZL2TTSsy2lGtfuND/dist=es2019,mode=imports/optimized/google-protobuf.js:4605:18)
    at Function.deserialize (file:///Users/thesayyn/Documents/thesayyn/protoc-gen-ts/target/debug/build/protoc_gen_ts-8cec2bec66276c47/out/test_conformance/test_messages_proto2.ts:241:55)
    at file:///Users/thesayyn/Documents/thesayyn/protoc-gen-ts/tests/conformance/bin/main.ts:30:78

  protobuf_test_messages.proto3.TestAllTypesProto3 1
  Error: Assertion failed
    at Object.jspb.asserts.doAssertFailure (https://cdn.skypack.dev/-/google-protobuf@v3.21.2-YDUqZL2TTSsy2lGtfuND/dist=es2019,mode=imports/optimized/google-protobuf.js:778:11)
    at Object.jspb.asserts.assert (https://cdn.skypack.dev/-/google-protobuf@v3.21.2-YDUqZL2TTSsy2lGtfuND/dist=es2019,mode=imports/optimized/google-protobuf.js:783:23)
    at jspb.BinaryDecoder.readUnsignedVarint32 (https://cdn.skypack.dev/-/google-protobuf@v3.21.2-YDUqZL2TTSsy2lGtfuND/dist=es2019,mode=imports/optimized/google-protobuf.js:4150:18)
    at jspb.BinaryDecoder.readZigzagVarint32 (https://cdn.skypack.dev/-/google-protobuf@v3.21.2-YDUqZL2TTSsy2lGtfuND/dist=es2019,mode=imports/optimized/google-protobuf.js:4163:18)
    at jspb.BinaryReader.readSint32 (https://cdn.skypack.dev/-/google-protobuf@v3.21.2-YDUqZL2TTSsy2lGtfuND/dist=es2019,mode=imports/optimized/google-protobuf.js:4569:26)
    at Function.deserialize (file:///Users/thesayyn/Documents/thesayyn/protoc-gen-ts/target/debug/build/protoc_gen_ts-8cec2bec66276c47/out/test_conformance/test_messages_proto3.ts:184:50)
    at file:///Users/thesayyn/Documents/thesayyn/protoc-gen-ts/tests/conformance/bin/main.ts:23:78

  protobuf_test_messages.proto2.TestAllTypesProto2 1
  Error: Assertion failed
    at Object.jspb.asserts.doAssertFailure (https://cdn.skypack.dev/-/google-protobuf@v3.21.2-YDUqZL2TTSsy2lGtfuND/dist=es2019,mode=imports/optimized/google-protobuf.js:778:11)
    at Object.jspb.asserts.assert (https://cdn.skypack.dev/-/google-protobuf@v3.21.2-YDUqZL2TTSsy2lGtfuND/dist=es2019,mode=imports/optimized/google-protobuf.js:783:23)
    at jspb.BinaryDecoder.readUnsignedVarint32 (https://cdn.skypack.dev/-/google-protobuf@v3.21.2-YDUqZL2TTSsy2lGtfuND/dist=es2019,mode=imports/optimized/google-protobuf.js:4150:18)
    at jspb.BinaryDecoder.readZigzagVarint32 (https://cdn.skypack.dev/-/google-protobuf@v3.21.2-YDUqZL2TTSsy2lGtfuND/dist=es2019,mode=imports/optimized/google-protobuf.js:4163:18)
    at jspb.BinaryReader.readSint32 (https://cdn.skypack.dev/-/google-protobuf@v3.21.2-YDUqZL2TTSsy2lGtfuND/dist=es2019,mode=imports/optimized/google-protobuf.js:4569:26)
    at Function.deserialize (file:///Users/thesayyn/Documents/thesayyn/protoc-gen-ts/target/debug/build/protoc_gen_ts-8cec2bec66276c47/out/test_conformance/test_messages_proto2.ts:160:50)
    at file:///Users/thesayyn/Documents/thesayyn/protoc-gen-ts/tests/conformance/bin/main.ts:30:78

  protobuf_test_messages.proto3.TestAllTypesProto3 1
  Error: Assertion failed
    at Object.jspb.asserts.doAssertFailure (https://cdn.skypack.dev/-/google-protobuf@v3.21.2-YDUqZL2TTSsy2lGtfuND/dist=es2019,mode=imports/optimized/google-protobuf.js:778:11)
    at Object.jspb.asserts.assert (https://cdn.skypack.dev/-/google-protobuf@v3.21.2-YDUqZL2TTSsy2lGtfuND/dist=es2019,mode=imports/optimized/google-protobuf.js:783:23)
    at jspb.BinaryDecoder.readUnsignedVarint32 (https://cdn.skypack.dev/-/google-protobuf@v3.21.2-YDUqZL2TTSsy2lGtfuND/dist=es2019,mode=imports/optimized/google-protobuf.js:4150:18)
    at jspb.BinaryDecoder.readZigzagVarint32 (https://cdn.skypack.dev/-/google-protobuf@v3.21.2-YDUqZL2TTSsy2lGtfuND/dist=es2019,mode=imports/optimized/google-protobuf.js:4163:18)
    at jspb.BinaryReader.readSint32 (https://cdn.skypack.dev/-/google-protobuf@v3.21.2-YDUqZL2TTSsy2lGtfuND/dist=es2019,mode=imports/optimized/google-protobuf.js:4569:26)
    at Function.deserialize (file:///Users/thesayyn/Documents/thesayyn/protoc-gen-ts/target/debug/build/protoc_gen_ts-8cec2bec66276c47/out/test_conformance/test_messages_proto3.ts:258:58)
    at file:///Users/thesayyn/Documents/thesayyn/protoc-gen-ts/tests/conformance/bin/main.ts:23:78

  protobuf_test_messages.proto2.TestAllTypesProto2 1
  Error: Assertion failed
    at Object.jspb.asserts.doAssertFailure (https://cdn.skypack.dev/-/google-protobuf@v3.21.2-YDUqZL2TTSsy2lGtfuND/dist=es2019,mode=imports/optimized/google-protobuf.js:778:11)
    at Object.jspb.asserts.assert (https://cdn.skypack.dev/-/google-protobuf@v3.21.2-YDUqZL2TTSsy2lGtfuND/dist=es2019,mode=imports/optimized/google-protobuf.js:783:23)
    at jspb.BinaryDecoder.readUnsignedVarint32 (https://cdn.skypack.dev/-/google-protobuf@v3.21.2-YDUqZL2TTSsy2lGtfuND/dist=es2019,mode=imports/optimized/google-protobuf.js:4150:18)
    at jspb.BinaryDecoder.readZigzagVarint32 (https://cdn.skypack.dev/-/google-protobuf@v3.21.2-YDUqZL2TTSsy2lGtfuND/dist=es2019,mode=imports/optimized/google-protobuf.js:4163:18)
    at jspb.BinaryReader.readSint32 (https://cdn.skypack.dev/-/google-protobuf@v3.21.2-YDUqZL2TTSsy2lGtfuND/dist=es2019,mode=imports/optimized/google-protobuf.js:4569:26)
    at Function.deserialize (file:///Users/thesayyn/Documents/thesayyn/protoc-gen-ts/target/debug/build/protoc_gen_ts-8cec2bec66276c47/out/test_conformance/test_messages_proto2.ts:226:53)
    at file:///Users/thesayyn/Documents/thesayyn/protoc-gen-ts/tests/conformance/bin/main.ts:30:78

  protobuf_test_messages.proto3.TestAllTypesProto3 1
  Error: Failure: Decoder hit an error
    at Object.jspb.asserts.fail (https://cdn.skypack.dev/-/google-protobuf@v3.21.2-YDUqZL2TTSsy2lGtfuND/dist=es2019,mode=imports/optimized/google-protobuf.js:801:11)
    at jspb.BinaryReader.nextField (https://cdn.skypack.dev/-/google-protobuf@v3.21.2-YDUqZL2TTSsy2lGtfuND/dist=es2019,mode=imports/optimized/google-protobuf.js:4374:27)
    at Function.deserialize (file:///Users/thesayyn/Documents/thesayyn/protoc-gen-ts/target/debug/build/protoc_gen_ts-8cec2bec66276c47/out/test_conformance/test_messages_proto3.ts:169:18)
    at file:///Users/thesayyn/Documents/thesayyn/protoc-gen-ts/tests/conformance/bin/main.ts:23:78

  protobuf_test_messages.proto2.TestAllTypesProto2 1
  Error: Failure: Decoder hit an error
    at Object.jspb.asserts.fail (https://cdn.skypack.dev/-/google-protobuf@v3.21.2-YDUqZL2TTSsy2lGtfuND/dist=es2019,mode=imports/optimized/google-protobuf.js:801:11)
    at jspb.BinaryReader.nextField (https://cdn.skypack.dev/-/google-protobuf@v3.21.2-YDUqZL2TTSsy2lGtfuND/dist=es2019,mode=imports/optimized/google-protobuf.js:4374:27)
    at Function.deserialize (file:///Users/thesayyn/Documents/thesayyn/protoc-gen-ts/target/debug/build/protoc_gen_ts-8cec2bec66276c47/out/test_conformance/test_messages_proto2.ts:145:18)
    at file:///Users/thesayyn/Documents/thesayyn/protoc-gen-ts/tests/conformance/bin/main.ts:30:78

  protobuf_test_messages.proto3.TestAllTypesProto3 1
  Error: Assertion failed
    at Object.jspb.asserts.doAssertFailure (https://cdn.skypack.dev/-/google-protobuf@v3.21.2-YDUqZL2TTSsy2lGtfuND/dist=es2019,mode=imports/optimized/google-protobuf.js:778:11)
    at Object.jspb.asserts.assert (https://cdn.skypack.dev/-/google-protobuf@v3.21.2-YDUqZL2TTSsy2lGtfuND/dist=es2019,mode=imports/optimized/google-protobuf.js:783:23)
    at jspb.BinaryDecoder.readUnsignedVarint32 (https://cdn.skypack.dev/-/google-protobuf@v3.21.2-YDUqZL2TTSsy2lGtfuND/dist=es2019,mode=imports/optimized/google-protobuf.js:4150:18)
    at jspb.BinaryDecoder.readZigzagVarint32 (https://cdn.skypack.dev/-/google-protobuf@v3.21.2-YDUqZL2TTSsy2lGtfuND/dist=es2019,mode=imports/optimized/google-protobuf.js:4163:18)
    at jspb.BinaryReader.readSint32 (https://cdn.skypack.dev/-/google-protobuf@v3.21.2-YDUqZL2TTSsy2lGtfuND/dist=es2019,mode=imports/optimized/google-protobuf.js:4569:26)
    at Function.deserialize (file:///Users/thesayyn/Documents/thesayyn/protoc-gen-ts/target/debug/build/protoc_gen_ts-8cec2bec66276c47/out/test_conformance/test_messages_proto3.ts:184:50)
    at file:///Users/thesayyn/Documents/thesayyn/protoc-gen-ts/tests/conformance/bin/main.ts:23:78

  protobuf_test_messages.proto2.TestAllTypesProto2 1
  Error: Assertion failed
    at Object.jspb.asserts.doAssertFailure (https://cdn.skypack.dev/-/google-protobuf@v3.21.2-YDUqZL2TTSsy2lGtfuND/dist=es2019,mode=imports/optimized/google-protobuf.js:778:11)
    at Object.jspb.asserts.assert (https://cdn.skypack.dev/-/google-protobuf@v3.21.2-YDUqZL2TTSsy2lGtfuND/dist=es2019,mode=imports/optimized/google-protobuf.js:783:23)
    at jspb.BinaryDecoder.readUnsignedVarint32 (https://cdn.skypack.dev/-/google-protobuf@v3.21.2-YDUqZL2TTSsy2lGtfuND/dist=es2019,mode=imports/optimized/google-protobuf.js:4150:18)
    at jspb.BinaryDecoder.readZigzagVarint32 (https://cdn.skypack.dev/-/google-protobuf@v3.21.2-YDUqZL2TTSsy2lGtfuND/dist=es2019,mode=imports/optimized/google-protobuf.js:4163:18)
    at jspb.BinaryReader.readSint32 (https://cdn.skypack.dev/-/google-protobuf@v3.21.2-YDUqZL2TTSsy2lGtfuND/dist=es2019,mode=imports/optimized/google-protobuf.js:4569:26)
    at Function.deserialize (file:///Users/thesayyn/Documents/thesayyn/protoc-gen-ts/target/debug/build/protoc_gen_ts-8cec2bec66276c47/out/test_conformance/test_messages_proto2.ts:160:50)
    at file:///Users/thesayyn/Documents/thesayyn/protoc-gen-ts/tests/conformance/bin/main.ts:30:78

  protobuf_test_messages.proto3.TestAllTypesProto3 1
  Error: Assertion failed
    at Object.jspb.asserts.doAssertFailure (https://cdn.skypack.dev/-/google-protobuf@v3.21.2-YDUqZL2TTSsy2lGtfuND/dist=es2019,mode=imports/optimized/google-protobuf.js:778:11)
    at Object.jspb.asserts.assert (https://cdn.skypack.dev/-/google-protobuf@v3.21.2-YDUqZL2TTSsy2lGtfuND/dist=es2019,mode=imports/optimized/google-protobuf.js:783:23)
    at jspb.BinaryDecoder.readUnsignedVarint32 (https://cdn.skypack.dev/-/google-protobuf@v3.21.2-YDUqZL2TTSsy2lGtfuND/dist=es2019,mode=imports/optimized/google-protobuf.js:4150:18)
    at jspb.BinaryDecoder.readZigzagVarint32 (https://cdn.skypack.dev/-/google-protobuf@v3.21.2-YDUqZL2TTSsy2lGtfuND/dist=es2019,mode=imports/optimized/google-protobuf.js:4163:18)
    at jspb.BinaryReader.readSint32 (https://cdn.skypack.dev/-/google-protobuf@v3.21.2-YDUqZL2TTSsy2lGtfuND/dist=es2019,mode=imports/optimized/google-protobuf.js:4569:26)
    at Function.deserialize (file:///Users/thesayyn/Documents/thesayyn/protoc-gen-ts/target/debug/build/protoc_gen_ts-8cec2bec66276c47/out/test_conformance/test_messages_proto3.ts:258:58)
    at file:///Users/thesayyn/Documents/thesayyn/protoc-gen-ts/tests/conformance/bin/main.ts:23:78

  protobuf_test_messages.proto2.TestAllTypesProto2 1
  Error: Assertion failed
    at Object.jspb.asserts.doAssertFailure (https://cdn.skypack.dev/-/google-protobuf@v3.21.2-YDUqZL2TTSsy2lGtfuND/dist=es2019,mode=imports/optimized/google-protobuf.js:778:11)
    at Object.jspb.asserts.assert (https://cdn.skypack.dev/-/google-protobuf@v3.21.2-YDUqZL2TTSsy2lGtfuND/dist=es2019,mode=imports/optimized/google-protobuf.js:783:23)
    at jspb.BinaryDecoder.readUnsignedVarint32 (https://cdn.skypack.dev/-/google-protobuf@v3.21.2-YDUqZL2TTSsy2lGtfuND/dist=es2019,mode=imports/optimized/google-protobuf.js:4150:18)
    at jspb.BinaryDecoder.readZigzagVarint32 (https://cdn.skypack.dev/-/google-protobuf@v3.21.2-YDUqZL2TTSsy2lGtfuND/dist=es2019,mode=imports/optimized/google-protobuf.js:4163:18)
    at jspb.BinaryReader.readSint32 (https://cdn.skypack.dev/-/google-protobuf@v3.21.2-YDUqZL2TTSsy2lGtfuND/dist=es2019,mode=imports/optimized/google-protobuf.js:4569:26)
    at Function.deserialize (file:///Users/thesayyn/Documents/thesayyn/protoc-gen-ts/target/debug/build/protoc_gen_ts-8cec2bec66276c47/out/test_conformance/test_messages_proto2.ts:226:53)
    at file:///Users/thesayyn/Documents/thesayyn/protoc-gen-ts/tests/conformance/bin/main.ts:30:78

  protobuf_test_messages.proto3.TestAllTypesProto3 1
  Error: Failure: Decoder hit an error
    at Object.jspb.asserts.fail (https://cdn.skypack.dev/-/google-protobuf@v3.21.2-YDUqZL2TTSsy2lGtfuND/dist=es2019,mode=imports/optimized/google-protobuf.js:801:11)
    at jspb.BinaryReader.nextField (https://cdn.skypack.dev/-/google-protobuf@v3.21.2-YDUqZL2TTSsy2lGtfuND/dist=es2019,mode=imports/optimized/google-protobuf.js:4374:27)
    at Function.deserialize (file:///Users/thesayyn/Documents/thesayyn/protoc-gen-ts/target/debug/build/protoc_gen_ts-8cec2bec66276c47/out/test_conformance/test_messages_proto3.ts:169:18)
    at file:///Users/thesayyn/Documents/thesayyn/protoc-gen-ts/tests/conformance/bin/main.ts:23:78

  protobuf_test_messages.proto2.TestAllTypesProto2 1
  Error: Failure: Decoder hit an error
    at Object.jspb.asserts.fail (https://cdn.skypack.dev/-/google-protobuf@v3.21.2-YDUqZL2TTSsy2lGtfuND/dist=es2019,mode=imports/optimized/google-protobuf.js:801:11)
    at jspb.BinaryReader.nextField (https://cdn.skypack.dev/-/google-protobuf@v3.21.2-YDUqZL2TTSsy2lGtfuND/dist=es2019,mode=imports/optimized/google-protobuf.js:4374:27)
    at Function.deserialize (file:///Users/thesayyn/Documents/thesayyn/protoc-gen-ts/target/debug/build/protoc_gen_ts-8cec2bec66276c47/out/test_conformance/test_messages_proto2.ts:145:18)
    at file:///Users/thesayyn/Documents/thesayyn/protoc-gen-ts/tests/conformance/bin/main.ts:30:78

  protobuf_test_messages.proto3.TestAllTypesProto3 1
  Error: Assertion failed
    at Object.jspb.asserts.doAssertFailure (https://cdn.skypack.dev/-/google-protobuf@v3.21.2-YDUqZL2TTSsy2lGtfuND/dist=es2019,mode=imports/optimized/google-protobuf.js:778:11)
    at Object.jspb.asserts.assert (https://cdn.skypack.dev/-/google-protobuf@v3.21.2-YDUqZL2TTSsy2lGtfuND/dist=es2019,mode=imports/optimized/google-protobuf.js:783:23)
    at jspb.BinaryDecoder.readUnsignedVarint32 (https://cdn.skypack.dev/-/google-protobuf@v3.21.2-YDUqZL2TTSsy2lGtfuND/dist=es2019,mode=imports/optimized/google-protobuf.js:4150:18)
    at jspb.BinaryDecoder.readZigzagVarint32 (https://cdn.skypack.dev/-/google-protobuf@v3.21.2-YDUqZL2TTSsy2lGtfuND/dist=es2019,mode=imports/optimized/google-protobuf.js:4163:18)
    at jspb.BinaryReader.readPackedField_ (https://cdn.skypack.dev/-/google-protobuf@v3.21.2-YDUqZL2TTSsy2lGtfuND/dist=es2019,mode=imports/optimized/google-protobuf.js:4676:16)
    at jspb.BinaryReader.readPackedSint32 (https://cdn.skypack.dev/-/google-protobuf@v3.21.2-YDUqZL2TTSsy2lGtfuND/dist=es2019,mode=imports/optimized/google-protobuf.js:4708:17)
    at Function.deserialize (file:///Users/thesayyn/Documents/thesayyn/protoc-gen-ts/target/debug/build/protoc_gen_ts-8cec2bec66276c47/out/test_conformance/test_messages_proto3.ts:257:78)
    at file:///Users/thesayyn/Documents/thesayyn/protoc-gen-ts/tests/conformance/bin/main.ts:23:78

  protobuf_test_messages.proto2.TestAllTypesProto2 1
  Error: Assertion failed
    at Object.jspb.asserts.doAssertFailure (https://cdn.skypack.dev/-/google-protobuf@v3.21.2-YDUqZL2TTSsy2lGtfuND/dist=es2019,mode=imports/optimized/google-protobuf.js:778:11)
    at Object.jspb.asserts.assert (https://cdn.skypack.dev/-/google-protobuf@v3.21.2-YDUqZL2TTSsy2lGtfuND/dist=es2019,mode=imports/optimized/google-protobuf.js:783:23)
    at jspb.BinaryReader.readSint32 (https://cdn.skypack.dev/-/google-protobuf@v3.21.2-YDUqZL2TTSsy2lGtfuND/dist=es2019,mode=imports/optimized/google-protobuf.js:4568:18)
    at Function.deserialize (file:///Users/thesayyn/Documents/thesayyn/protoc-gen-ts/target/debug/build/protoc_gen_ts-8cec2bec66276c47/out/test_conformance/test_messages_proto2.ts:226:53)
    at file:///Users/thesayyn/Documents/thesayyn/protoc-gen-ts/tests/conformance/bin/main.ts:30:78

  protobuf_test_messages.proto3.TestAllTypesProto3 1
  Error: Assertion failed
    at Object.jspb.asserts.doAssertFailure (https://cdn.skypack.dev/-/google-protobuf@v3.21.2-YDUqZL2TTSsy2lGtfuND/dist=es2019,mode=imports/optimized/google-protobuf.js:778:11)
    at Object.jspb.asserts.assert (https://cdn.skypack.dev/-/google-protobuf@v3.21.2-YDUqZL2TTSsy2lGtfuND/dist=es2019,mode=imports/optimized/google-protobuf.js:783:23)
    at jspb.BinaryDecoder.readUnsignedVarint32 (https://cdn.skypack.dev/-/google-protobuf@v3.21.2-YDUqZL2TTSsy2lGtfuND/dist=es2019,mode=imports/optimized/google-protobuf.js:4150:18)
    at jspb.BinaryDecoder.readZigzagVarint32 (https://cdn.skypack.dev/-/google-protobuf@v3.21.2-YDUqZL2TTSsy2lGtfuND/dist=es2019,mode=imports/optimized/google-protobuf.js:4163:18)
    at jspb.BinaryReader.readPackedField_ (https://cdn.skypack.dev/-/google-protobuf@v3.21.2-YDUqZL2TTSsy2lGtfuND/dist=es2019,mode=imports/optimized/google-protobuf.js:4676:16)
    at jspb.BinaryReader.readPackedSint32 (https://cdn.skypack.dev/-/google-protobuf@v3.21.2-YDUqZL2TTSsy2lGtfuND/dist=es2019,mode=imports/optimized/google-protobuf.js:4708:17)
    at Function.deserialize (file:///Users/thesayyn/Documents/thesayyn/protoc-gen-ts/target/debug/build/protoc_gen_ts-8cec2bec66276c47/out/test_conformance/test_messages_proto3.ts:257:78)
    at file:///Users/thesayyn/Documents/thesayyn/protoc-gen-ts/tests/conformance/bin/main.ts:23:78

  protobuf_test_messages.proto2.TestAllTypesProto2 1
  Error: Assertion failed
    at Object.jspb.asserts.doAssertFailure (https://cdn.skypack.dev/-/google-protobuf@v3.21.2-YDUqZL2TTSsy2lGtfuND/dist=es2019,mode=imports/optimized/google-protobuf.js:778:11)
    at Object.jspb.asserts.assert (https://cdn.skypack.dev/-/google-protobuf@v3.21.2-YDUqZL2TTSsy2lGtfuND/dist=es2019,mode=imports/optimized/google-protobuf.js:783:23)
    at jspb.BinaryReader.readSint32 (https://cdn.skypack.dev/-/google-protobuf@v3.21.2-YDUqZL2TTSsy2lGtfuND/dist=es2019,mode=imports/optimized/google-protobuf.js:4568:18)
    at Function.deserialize (file:///Users/thesayyn/Documents/thesayyn/protoc-gen-ts/target/debug/build/protoc_gen_ts-8cec2bec66276c47/out/test_conformance/test_messages_proto2.ts:226:53)
    at file:///Users/thesayyn/Documents/thesayyn/protoc-gen-ts/tests/conformance/bin/main.ts:30:78

  protobuf_test_messages.proto3.TestAllTypesProto3 1
  Error: Failure: Failed to read varint, encoding is invalid.
    at Object.jspb.asserts.fail (https://cdn.skypack.dev/-/google-protobuf@v3.21.2-YDUqZL2TTSsy2lGtfuND/dist=es2019,mode=imports/optimized/google-protobuf.js:801:11)
    at jspb.BinaryDecoder.readSplitVarint64 (https://cdn.skypack.dev/-/google-protobuf@v3.21.2-YDUqZL2TTSsy2lGtfuND/dist=es2019,mode=imports/optimized/google-protobuf.js:4101:18)
    at jspb.BinaryDecoder.readZigzagVarint64 (https://cdn.skypack.dev/-/google-protobuf@v3.21.2-YDUqZL2TTSsy2lGtfuND/dist=es2019,mode=imports/optimized/google-protobuf.js:4179:17)
    at jspb.BinaryReader.readSint64 (https://cdn.skypack.dev/-/google-protobuf@v3.21.2-YDUqZL2TTSsy2lGtfuND/dist=es2019,mode=imports/optimized/google-protobuf.js:4574:26)
    at Function.deserialize (file:///Users/thesayyn/Documents/thesayyn/protoc-gen-ts/target/debug/build/protoc_gen_ts-8cec2bec66276c47/out/test_conformance/test_messages_proto3.ts:187:50)
    at file:///Users/thesayyn/Documents/thesayyn/protoc-gen-ts/tests/conformance/bin/main.ts:23:78

  protobuf_test_messages.proto2.TestAllTypesProto2 1
  Error: Failure: Failed to read varint, encoding is invalid.
    at Object.jspb.asserts.fail (https://cdn.skypack.dev/-/google-protobuf@v3.21.2-YDUqZL2TTSsy2lGtfuND/dist=es2019,mode=imports/optimized/google-protobuf.js:801:11)
    at jspb.BinaryDecoder.readSplitVarint64 (https://cdn.skypack.dev/-/google-protobuf@v3.21.2-YDUqZL2TTSsy2lGtfuND/dist=es2019,mode=imports/optimized/google-protobuf.js:4101:18)
    at jspb.BinaryDecoder.readZigzagVarint64 (https://cdn.skypack.dev/-/google-protobuf@v3.21.2-YDUqZL2TTSsy2lGtfuND/dist=es2019,mode=imports/optimized/google-protobuf.js:4179:17)
    at jspb.BinaryReader.readSint64 (https://cdn.skypack.dev/-/google-protobuf@v3.21.2-YDUqZL2TTSsy2lGtfuND/dist=es2019,mode=imports/optimized/google-protobuf.js:4574:26)
    at Function.deserialize (file:///Users/thesayyn/Documents/thesayyn/protoc-gen-ts/target/debug/build/protoc_gen_ts-8cec2bec66276c47/out/test_conformance/test_messages_proto2.ts:163:50)
    at file:///Users/thesayyn/Documents/thesayyn/protoc-gen-ts/tests/conformance/bin/main.ts:30:78

  protobuf_test_messages.proto3.TestAllTypesProto3 1
  Error: Failure: Failed to read varint, encoding is invalid.
    at Object.jspb.asserts.fail (https://cdn.skypack.dev/-/google-protobuf@v3.21.2-YDUqZL2TTSsy2lGtfuND/dist=es2019,mode=imports/optimized/google-protobuf.js:801:11)
    at jspb.BinaryDecoder.readSplitVarint64 (https://cdn.skypack.dev/-/google-protobuf@v3.21.2-YDUqZL2TTSsy2lGtfuND/dist=es2019,mode=imports/optimized/google-protobuf.js:4101:18)
    at jspb.BinaryDecoder.readZigzagVarint64 (https://cdn.skypack.dev/-/google-protobuf@v3.21.2-YDUqZL2TTSsy2lGtfuND/dist=es2019,mode=imports/optimized/google-protobuf.js:4179:17)
    at jspb.BinaryReader.readSint64 (https://cdn.skypack.dev/-/google-protobuf@v3.21.2-YDUqZL2TTSsy2lGtfuND/dist=es2019,mode=imports/optimized/google-protobuf.js:4574:26)
    at Function.deserialize (file:///Users/thesayyn/Documents/thesayyn/protoc-gen-ts/target/debug/build/protoc_gen_ts-8cec2bec66276c47/out/test_conformance/test_messages_proto3.ts:262:58)
    at file:///Users/thesayyn/Documents/thesayyn/protoc-gen-ts/tests/conformance/bin/main.ts:23:78

  protobuf_test_messages.proto2.TestAllTypesProto2 1
  Error: Failure: Failed to read varint, encoding is invalid.
    at Object.jspb.asserts.fail (https://cdn.skypack.dev/-/google-protobuf@v3.21.2-YDUqZL2TTSsy2lGtfuND/dist=es2019,mode=imports/optimized/google-protobuf.js:801:11)
    at jspb.BinaryDecoder.readSplitVarint64 (https://cdn.skypack.dev/-/google-protobuf@v3.21.2-YDUqZL2TTSsy2lGtfuND/dist=es2019,mode=imports/optimized/google-protobuf.js:4101:18)
    at jspb.BinaryDecoder.readZigzagVarint64 (https://cdn.skypack.dev/-/google-protobuf@v3.21.2-YDUqZL2TTSsy2lGtfuND/dist=es2019,mode=imports/optimized/google-protobuf.js:4179:17)
    at jspb.BinaryReader.readSint64 (https://cdn.skypack.dev/-/google-protobuf@v3.21.2-YDUqZL2TTSsy2lGtfuND/dist=es2019,mode=imports/optimized/google-protobuf.js:4574:26)
    at Function.deserialize (file:///Users/thesayyn/Documents/thesayyn/protoc-gen-ts/target/debug/build/protoc_gen_ts-8cec2bec66276c47/out/test_conformance/test_messages_proto2.ts:229:53)
    at file:///Users/thesayyn/Documents/thesayyn/protoc-gen-ts/tests/conformance/bin/main.ts:30:78

  protobuf_test_messages.proto3.TestAllTypesProto3 1
  Error: Failure: Decoder hit an error
    at Object.jspb.asserts.fail (https://cdn.skypack.dev/-/google-protobuf@v3.21.2-YDUqZL2TTSsy2lGtfuND/dist=es2019,mode=imports/optimized/google-protobuf.js:801:11)
    at jspb.BinaryReader.nextField (https://cdn.skypack.dev/-/google-protobuf@v3.21.2-YDUqZL2TTSsy2lGtfuND/dist=es2019,mode=imports/optimized/google-protobuf.js:4374:27)
    at Function.deserialize (file:///Users/thesayyn/Documents/thesayyn/protoc-gen-ts/target/debug/build/protoc_gen_ts-8cec2bec66276c47/out/test_conformance/test_messages_proto3.ts:169:18)
    at file:///Users/thesayyn/Documents/thesayyn/protoc-gen-ts/tests/conformance/bin/main.ts:23:78

  protobuf_test_messages.proto2.TestAllTypesProto2 1
  Error: Failure: Decoder hit an error
    at Object.jspb.asserts.fail (https://cdn.skypack.dev/-/google-protobuf@v3.21.2-YDUqZL2TTSsy2lGtfuND/dist=es2019,mode=imports/optimized/google-protobuf.js:801:11)
    at jspb.BinaryReader.nextField (https://cdn.skypack.dev/-/google-protobuf@v3.21.2-YDUqZL2TTSsy2lGtfuND/dist=es2019,mode=imports/optimized/google-protobuf.js:4374:27)
    at Function.deserialize (file:///Users/thesayyn/Documents/thesayyn/protoc-gen-ts/target/debug/build/protoc_gen_ts-8cec2bec66276c47/out/test_conformance/test_messages_proto2.ts:145:18)
    at file:///Users/thesayyn/Documents/thesayyn/protoc-gen-ts/tests/conformance/bin/main.ts:30:78

  protobuf_test_messages.proto3.TestAllTypesProto3 1
  Error: Failure: Failed to read varint, encoding is invalid.
    at Object.jspb.asserts.fail (https://cdn.skypack.dev/-/google-protobuf@v3.21.2-YDUqZL2TTSsy2lGtfuND/dist=es2019,mode=imports/optimized/google-protobuf.js:801:11)
    at jspb.BinaryDecoder.readSplitVarint64 (https://cdn.skypack.dev/-/google-protobuf@v3.21.2-YDUqZL2TTSsy2lGtfuND/dist=es2019,mode=imports/optimized/google-protobuf.js:4101:18)
    at jspb.BinaryDecoder.readZigzagVarint64 (https://cdn.skypack.dev/-/google-protobuf@v3.21.2-YDUqZL2TTSsy2lGtfuND/dist=es2019,mode=imports/optimized/google-protobuf.js:4179:17)
    at jspb.BinaryReader.readSint64 (https://cdn.skypack.dev/-/google-protobuf@v3.21.2-YDUqZL2TTSsy2lGtfuND/dist=es2019,mode=imports/optimized/google-protobuf.js:4574:26)
    at Function.deserialize (file:///Users/thesayyn/Documents/thesayyn/protoc-gen-ts/target/debug/build/protoc_gen_ts-8cec2bec66276c47/out/test_conformance/test_messages_proto3.ts:187:50)
    at file:///Users/thesayyn/Documents/thesayyn/protoc-gen-ts/tests/conformance/bin/main.ts:23:78

  protobuf_test_messages.proto2.TestAllTypesProto2 1
  Error: Failure: Failed to read varint, encoding is invalid.
    at Object.jspb.asserts.fail (https://cdn.skypack.dev/-/google-protobuf@v3.21.2-YDUqZL2TTSsy2lGtfuND/dist=es2019,mode=imports/optimized/google-protobuf.js:801:11)
    at jspb.BinaryDecoder.readSplitVarint64 (https://cdn.skypack.dev/-/google-protobuf@v3.21.2-YDUqZL2TTSsy2lGtfuND/dist=es2019,mode=imports/optimized/google-protobuf.js:4101:18)
    at jspb.BinaryDecoder.readZigzagVarint64 (https://cdn.skypack.dev/-/google-protobuf@v3.21.2-YDUqZL2TTSsy2lGtfuND/dist=es2019,mode=imports/optimized/google-protobuf.js:4179:17)
    at jspb.BinaryReader.readSint64 (https://cdn.skypack.dev/-/google-protobuf@v3.21.2-YDUqZL2TTSsy2lGtfuND/dist=es2019,mode=imports/optimized/google-protobuf.js:4574:26)
    at Function.deserialize (file:///Users/thesayyn/Documents/thesayyn/protoc-gen-ts/target/debug/build/protoc_gen_ts-8cec2bec66276c47/out/test_conformance/test_messages_proto2.ts:163:50)
    at file:///Users/thesayyn/Documents/thesayyn/protoc-gen-ts/tests/conformance/bin/main.ts:30:78

  protobuf_test_messages.proto3.TestAllTypesProto3 1
  Error: Failure: Failed to read varint, encoding is invalid.
    at Object.jspb.asserts.fail (https://cdn.skypack.dev/-/google-protobuf@v3.21.2-YDUqZL2TTSsy2lGtfuND/dist=es2019,mode=imports/optimized/google-protobuf.js:801:11)
    at jspb.BinaryDecoder.readSplitVarint64 (https://cdn.skypack.dev/-/google-protobuf@v3.21.2-YDUqZL2TTSsy2lGtfuND/dist=es2019,mode=imports/optimized/google-protobuf.js:4101:18)
    at jspb.BinaryDecoder.readZigzagVarint64 (https://cdn.skypack.dev/-/google-protobuf@v3.21.2-YDUqZL2TTSsy2lGtfuND/dist=es2019,mode=imports/optimized/google-protobuf.js:4179:17)
    at jspb.BinaryReader.readSint64 (https://cdn.skypack.dev/-/google-protobuf@v3.21.2-YDUqZL2TTSsy2lGtfuND/dist=es2019,mode=imports/optimized/google-protobuf.js:4574:26)
    at Function.deserialize (file:///Users/thesayyn/Documents/thesayyn/protoc-gen-ts/target/debug/build/protoc_gen_ts-8cec2bec66276c47/out/test_conformance/test_messages_proto3.ts:262:58)
    at file:///Users/thesayyn/Documents/thesayyn/protoc-gen-ts/tests/conformance/bin/main.ts:23:78

  protobuf_test_messages.proto2.TestAllTypesProto2 1
  Error: Failure: Failed to read varint, encoding is invalid.
    at Object.jspb.asserts.fail (https://cdn.skypack.dev/-/google-protobuf@v3.21.2-YDUqZL2TTSsy2lGtfuND/dist=es2019,mode=imports/optimized/google-protobuf.js:801:11)
    at jspb.BinaryDecoder.readSplitVarint64 (https://cdn.skypack.dev/-/google-protobuf@v3.21.2-YDUqZL2TTSsy2lGtfuND/dist=es2019,mode=imports/optimized/google-protobuf.js:4101:18)
    at jspb.BinaryDecoder.readZigzagVarint64 (https://cdn.skypack.dev/-/google-protobuf@v3.21.2-YDUqZL2TTSsy2lGtfuND/dist=es2019,mode=imports/optimized/google-protobuf.js:4179:17)
    at jspb.BinaryReader.readSint64 (https://cdn.skypack.dev/-/google-protobuf@v3.21.2-YDUqZL2TTSsy2lGtfuND/dist=es2019,mode=imports/optimized/google-protobuf.js:4574:26)
    at Function.deserialize (file:///Users/thesayyn/Documents/thesayyn/protoc-gen-ts/target/debug/build/protoc_gen_ts-8cec2bec66276c47/out/test_conformance/test_messages_proto2.ts:229:53)
    at file:///Users/thesayyn/Documents/thesayyn/protoc-gen-ts/tests/conformance/bin/main.ts:30:78

  protobuf_test_messages.proto3.TestAllTypesProto3 1
  Error: Failure: Decoder hit an error
    at Object.jspb.asserts.fail (https://cdn.skypack.dev/-/google-protobuf@v3.21.2-YDUqZL2TTSsy2lGtfuND/dist=es2019,mode=imports/optimized/google-protobuf.js:801:11)
    at jspb.BinaryReader.nextField (https://cdn.skypack.dev/-/google-protobuf@v3.21.2-YDUqZL2TTSsy2lGtfuND/dist=es2019,mode=imports/optimized/google-protobuf.js:4374:27)
    at Function.deserialize (file:///Users/thesayyn/Documents/thesayyn/protoc-gen-ts/target/debug/build/protoc_gen_ts-8cec2bec66276c47/out/test_conformance/test_messages_proto3.ts:169:18)
    at file:///Users/thesayyn/Documents/thesayyn/protoc-gen-ts/tests/conformance/bin/main.ts:23:78

  protobuf_test_messages.proto2.TestAllTypesProto2 1
  Error: Failure: Decoder hit an error
    at Object.jspb.asserts.fail (https://cdn.skypack.dev/-/google-protobuf@v3.21.2-YDUqZL2TTSsy2lGtfuND/dist=es2019,mode=imports/optimized/google-protobuf.js:801:11)
    at jspb.BinaryReader.nextField (https://cdn.skypack.dev/-/google-protobuf@v3.21.2-YDUqZL2TTSsy2lGtfuND/dist=es2019,mode=imports/optimized/google-protobuf.js:4374:27)
    at Function.deserialize (file:///Users/thesayyn/Documents/thesayyn/protoc-gen-ts/target/debug/build/protoc_gen_ts-8cec2bec66276c47/out/test_conformance/test_messages_proto2.ts:145:18)
    at file:///Users/thesayyn/Documents/thesayyn/protoc-gen-ts/tests/conformance/bin/main.ts:30:78

  protobuf_test_messages.proto3.TestAllTypesProto3 1
  Error: Failure: Failed to read varint, encoding is invalid.
    at Object.jspb.asserts.fail (https://cdn.skypack.dev/-/google-protobuf@v3.21.2-YDUqZL2TTSsy2lGtfuND/dist=es2019,mode=imports/optimized/google-protobuf.js:801:11)
    at jspb.BinaryDecoder.readSplitVarint64 (https://cdn.skypack.dev/-/google-protobuf@v3.21.2-YDUqZL2TTSsy2lGtfuND/dist=es2019,mode=imports/optimized/google-protobuf.js:4101:18)
    at jspb.BinaryDecoder.readZigzagVarint64 (https://cdn.skypack.dev/-/google-protobuf@v3.21.2-YDUqZL2TTSsy2lGtfuND/dist=es2019,mode=imports/optimized/google-protobuf.js:4179:17)
    at jspb.BinaryReader.readPackedField_ (https://cdn.skypack.dev/-/google-protobuf@v3.21.2-YDUqZL2TTSsy2lGtfuND/dist=es2019,mode=imports/optimized/google-protobuf.js:4676:16)
    at jspb.BinaryReader.readPackedSint64 (https://cdn.skypack.dev/-/google-protobuf@v3.21.2-YDUqZL2TTSsy2lGtfuND/dist=es2019,mode=imports/optimized/google-protobuf.js:4712:17)
    at Function.deserialize (file:///Users/thesayyn/Documents/thesayyn/protoc-gen-ts/target/debug/build/protoc_gen_ts-8cec2bec66276c47/out/test_conformance/test_messages_proto3.ts:261:78)
    at file:///Users/thesayyn/Documents/thesayyn/protoc-gen-ts/tests/conformance/bin/main.ts:23:78

  protobuf_test_messages.proto2.TestAllTypesProto2 1
  Error: Assertion failed
    at Object.jspb.asserts.doAssertFailure (https://cdn.skypack.dev/-/google-protobuf@v3.21.2-YDUqZL2TTSsy2lGtfuND/dist=es2019,mode=imports/optimized/google-protobuf.js:778:11)
    at Object.jspb.asserts.assert (https://cdn.skypack.dev/-/google-protobuf@v3.21.2-YDUqZL2TTSsy2lGtfuND/dist=es2019,mode=imports/optimized/google-protobuf.js:783:23)
    at jspb.BinaryReader.readSint64 (https://cdn.skypack.dev/-/google-protobuf@v3.21.2-YDUqZL2TTSsy2lGtfuND/dist=es2019,mode=imports/optimized/google-protobuf.js:4573:18)
    at Function.deserialize (file:///Users/thesayyn/Documents/thesayyn/protoc-gen-ts/target/debug/build/protoc_gen_ts-8cec2bec66276c47/out/test_conformance/test_messages_proto2.ts:229:53)
    at file:///Users/thesayyn/Documents/thesayyn/protoc-gen-ts/tests/conformance/bin/main.ts:30:78

  protobuf_test_messages.proto3.TestAllTypesProto3 1
  Error: Failure: Failed to read varint, encoding is invalid.
    at Object.jspb.asserts.fail (https://cdn.skypack.dev/-/google-protobuf@v3.21.2-YDUqZL2TTSsy2lGtfuND/dist=es2019,mode=imports/optimized/google-protobuf.js:801:11)
    at jspb.BinaryDecoder.readSplitVarint64 (https://cdn.skypack.dev/-/google-protobuf@v3.21.2-YDUqZL2TTSsy2lGtfuND/dist=es2019,mode=imports/optimized/google-protobuf.js:4101:18)
    at jspb.BinaryDecoder.readZigzagVarint64 (https://cdn.skypack.dev/-/google-protobuf@v3.21.2-YDUqZL2TTSsy2lGtfuND/dist=es2019,mode=imports/optimized/google-protobuf.js:4179:17)
    at jspb.BinaryReader.readPackedField_ (https://cdn.skypack.dev/-/google-protobuf@v3.21.2-YDUqZL2TTSsy2lGtfuND/dist=es2019,mode=imports/optimized/google-protobuf.js:4676:16)
    at jspb.BinaryReader.readPackedSint64 (https://cdn.skypack.dev/-/google-protobuf@v3.21.2-YDUqZL2TTSsy2lGtfuND/dist=es2019,mode=imports/optimized/google-protobuf.js:4712:17)
    at Function.deserialize (file:///Users/thesayyn/Documents/thesayyn/protoc-gen-ts/target/debug/build/protoc_gen_ts-8cec2bec66276c47/out/test_conformance/test_messages_proto3.ts:261:78)
    at file:///Users/thesayyn/Documents/thesayyn/protoc-gen-ts/tests/conformance/bin/main.ts:23:78

  protobuf_test_messages.proto2.TestAllTypesProto2 1
  Error: Assertion failed
    at Object.jspb.asserts.doAssertFailure (https://cdn.skypack.dev/-/google-protobuf@v3.21.2-YDUqZL2TTSsy2lGtfuND/dist=es2019,mode=imports/optimized/google-protobuf.js:778:11)
    at Object.jspb.asserts.assert (https://cdn.skypack.dev/-/google-protobuf@v3.21.2-YDUqZL2TTSsy2lGtfuND/dist=es2019,mode=imports/optimized/google-protobuf.js:783:23)
    at jspb.BinaryReader.readSint64 (https://cdn.skypack.dev/-/google-protobuf@v3.21.2-YDUqZL2TTSsy2lGtfuND/dist=es2019,mode=imports/optimized/google-protobuf.js:4573:18)
    at Function.deserialize (file:///Users/thesayyn/Documents/thesayyn/protoc-gen-ts/target/debug/build/protoc_gen_ts-8cec2bec66276c47/out/test_conformance/test_messages_proto2.ts:229:53)
    at file:///Users/thesayyn/Documents/thesayyn/protoc-gen-ts/tests/conformance/bin/main.ts:30:78

  protobuf_test_messages.proto2.TestAllTypesProto2 1
  Error: Assertion failed
    at Object.jspb.asserts.doAssertFailure (https://cdn.skypack.dev/-/google-protobuf@v3.21.2-YDUqZL2TTSsy2lGtfuND/dist=es2019,mode=imports/optimized/google-protobuf.js:778:11)
    at Object.jspb.asserts.assert (https://cdn.skypack.dev/-/google-protobuf@v3.21.2-YDUqZL2TTSsy2lGtfuND/dist=es2019,mode=imports/optimized/google-protobuf.js:783:23)
    at jspb.BinaryReader.readDouble (https://cdn.skypack.dev/-/google-protobuf@v3.21.2-YDUqZL2TTSsy2lGtfuND/dist=es2019,mode=imports/optimized/google-protobuf.js:4619:18)
    at Function.deserialize (file:///Users/thesayyn/Documents/thesayyn/protoc-gen-ts/target/debug/build/protoc_gen_ts-8cec2bec66276c47/out/test_conformance/test_messages_proto2.ts:247:53)
    at file:///Users/thesayyn/Documents/thesayyn/protoc-gen-ts/tests/conformance/bin/main.ts:30:78

  protobuf_test_messages.proto2.TestAllTypesProto2 1
  Error: Assertion failed
    at Object.jspb.asserts.doAssertFailure (https://cdn.skypack.dev/-/google-protobuf@v3.21.2-YDUqZL2TTSsy2lGtfuND/dist=es2019,mode=imports/optimized/google-protobuf.js:778:11)
    at Object.jspb.asserts.assert (https://cdn.skypack.dev/-/google-protobuf@v3.21.2-YDUqZL2TTSsy2lGtfuND/dist=es2019,mode=imports/optimized/google-protobuf.js:783:23)
    at jspb.BinaryReader.readDouble (https://cdn.skypack.dev/-/google-protobuf@v3.21.2-YDUqZL2TTSsy2lGtfuND/dist=es2019,mode=imports/optimized/google-protobuf.js:4619:18)
    at Function.deserialize (file:///Users/thesayyn/Documents/thesayyn/protoc-gen-ts/target/debug/build/protoc_gen_ts-8cec2bec66276c47/out/test_conformance/test_messages_proto2.ts:247:53)
    at file:///Users/thesayyn/Documents/thesayyn/protoc-gen-ts/tests/conformance/bin/main.ts:30:78

  protobuf_test_messages.proto2.TestAllTypesProto2 1
  Error: Assertion failed
    at Object.jspb.asserts.doAssertFailure (https://cdn.skypack.dev/-/google-protobuf@v3.21.2-YDUqZL2TTSsy2lGtfuND/dist=es2019,mode=imports/optimized/google-protobuf.js:778:11)
    at Object.jspb.asserts.assert (https://cdn.skypack.dev/-/google-protobuf@v3.21.2-YDUqZL2TTSsy2lGtfuND/dist=es2019,mode=imports/optimized/google-protobuf.js:783:23)
    at jspb.BinaryReader.readDouble (https://cdn.skypack.dev/-/google-protobuf@v3.21.2-YDUqZL2TTSsy2lGtfuND/dist=es2019,mode=imports/optimized/google-protobuf.js:4619:18)
    at Function.deserialize (file:///Users/thesayyn/Documents/thesayyn/protoc-gen-ts/target/debug/build/protoc_gen_ts-8cec2bec66276c47/out/test_conformance/test_messages_proto2.ts:247:53)
    at file:///Users/thesayyn/Documents/thesayyn/protoc-gen-ts/tests/conformance/bin/main.ts:30:78

  protobuf_test_messages.proto3.TestAllTypesProto3 1
  Error: Assertion failed
    at Object.jspb.asserts.doAssertFailure (https://cdn.skypack.dev/-/google-protobuf@v3.21.2-YDUqZL2TTSsy2lGtfuND/dist=es2019,mode=imports/optimized/google-protobuf.js:778:11)
    at Object.jspb.asserts.assert (https://cdn.skypack.dev/-/google-protobuf@v3.21.2-YDUqZL2TTSsy2lGtfuND/dist=es2019,mode=imports/optimized/google-protobuf.js:783:23)
    at jspb.BinaryReader.readDouble (https://cdn.skypack.dev/-/google-protobuf@v3.21.2-YDUqZL2TTSsy2lGtfuND/dist=es2019,mode=imports/optimized/google-protobuf.js:4619:18)
    at Function.deserialize (file:///Users/thesayyn/Documents/thesayyn/protoc-gen-ts/target/debug/build/protoc_gen_ts-8cec2bec66276c47/out/test_conformance/test_messages_proto3.ts:408:53)
    at file:///Users/thesayyn/Documents/thesayyn/protoc-gen-ts/tests/conformance/bin/main.ts:23:78

  protobuf_test_messages.proto2.TestAllTypesProto2 1
  Error: Assertion failed
    at Object.jspb.asserts.doAssertFailure (https://cdn.skypack.dev/-/google-protobuf@v3.21.2-YDUqZL2TTSsy2lGtfuND/dist=es2019,mode=imports/optimized/google-protobuf.js:778:11)
    at Object.jspb.asserts.assert (https://cdn.skypack.dev/-/google-protobuf@v3.21.2-YDUqZL2TTSsy2lGtfuND/dist=es2019,mode=imports/optimized/google-protobuf.js:783:23)
    at jspb.BinaryReader.readFloat (https://cdn.skypack.dev/-/google-protobuf@v3.21.2-YDUqZL2TTSsy2lGtfuND/dist=es2019,mode=imports/optimized/google-protobuf.js:4614:18)
    at Function.deserialize (file:///Users/thesayyn/Documents/thesayyn/protoc-gen-ts/target/debug/build/protoc_gen_ts-8cec2bec66276c47/out/test_conformance/test_messages_proto2.ts:244:52)
    at file:///Users/thesayyn/Documents/thesayyn/protoc-gen-ts/tests/conformance/bin/main.ts:30:78

  protobuf_test_messages.proto2.TestAllTypesProto2 1
  Error: Assertion failed
    at Object.jspb.asserts.doAssertFailure (https://cdn.skypack.dev/-/google-protobuf@v3.21.2-YDUqZL2TTSsy2lGtfuND/dist=es2019,mode=imports/optimized/google-protobuf.js:778:11)
    at Object.jspb.asserts.assert (https://cdn.skypack.dev/-/google-protobuf@v3.21.2-YDUqZL2TTSsy2lGtfuND/dist=es2019,mode=imports/optimized/google-protobuf.js:783:23)
    at jspb.BinaryReader.readFloat (https://cdn.skypack.dev/-/google-protobuf@v3.21.2-YDUqZL2TTSsy2lGtfuND/dist=es2019,mode=imports/optimized/google-protobuf.js:4614:18)
    at Function.deserialize (file:///Users/thesayyn/Documents/thesayyn/protoc-gen-ts/target/debug/build/protoc_gen_ts-8cec2bec66276c47/out/test_conformance/test_messages_proto2.ts:244:52)
    at file:///Users/thesayyn/Documents/thesayyn/protoc-gen-ts/tests/conformance/bin/main.ts:30:78

  protobuf_test_messages.proto2.TestAllTypesProto2 1
  Error: Assertion failed
    at Object.jspb.asserts.doAssertFailure (https://cdn.skypack.dev/-/google-protobuf@v3.21.2-YDUqZL2TTSsy2lGtfuND/dist=es2019,mode=imports/optimized/google-protobuf.js:778:11)
    at Object.jspb.asserts.assert (https://cdn.skypack.dev/-/google-protobuf@v3.21.2-YDUqZL2TTSsy2lGtfuND/dist=es2019,mode=imports/optimized/google-protobuf.js:783:23)
    at jspb.BinaryReader.readFloat (https://cdn.skypack.dev/-/google-protobuf@v3.21.2-YDUqZL2TTSsy2lGtfuND/dist=es2019,mode=imports/optimized/google-protobuf.js:4614:18)
    at Function.deserialize (file:///Users/thesayyn/Documents/thesayyn/protoc-gen-ts/target/debug/build/protoc_gen_ts-8cec2bec66276c47/out/test_conformance/test_messages_proto2.ts:244:52)
    at file:///Users/thesayyn/Documents/thesayyn/protoc-gen-ts/tests/conformance/bin/main.ts:30:78

  protobuf_test_messages.proto3.TestAllTypesProto3 1
  Error: Assertion failed
    at Object.jspb.asserts.doAssertFailure (https://cdn.skypack.dev/-/google-protobuf@v3.21.2-YDUqZL2TTSsy2lGtfuND/dist=es2019,mode=imports/optimized/google-protobuf.js:778:11)
    at Object.jspb.asserts.assert (https://cdn.skypack.dev/-/google-protobuf@v3.21.2-YDUqZL2TTSsy2lGtfuND/dist=es2019,mode=imports/optimized/google-protobuf.js:783:23)
    at jspb.BinaryReader.readFloat (https://cdn.skypack.dev/-/google-protobuf@v3.21.2-YDUqZL2TTSsy2lGtfuND/dist=es2019,mode=imports/optimized/google-protobuf.js:4614:18)
    at Function.deserialize (file:///Users/thesayyn/Documents/thesayyn/protoc-gen-ts/target/debug/build/protoc_gen_ts-8cec2bec66276c47/out/test_conformance/test_messages_proto3.ts:405:52)
    at file:///Users/thesayyn/Documents/thesayyn/protoc-gen-ts/tests/conformance/bin/main.ts:23:78

  protobuf_test_messages.proto2.TestAllTypesProto2 1
  Error: Assertion failed
    at Object.jspb.asserts.doAssertFailure (https://cdn.skypack.dev/-/google-protobuf@v3.21.2-YDUqZL2TTSsy2lGtfuND/dist=es2019,mode=imports/optimized/google-protobuf.js:778:11)
    at Object.jspb.asserts.assert (https://cdn.skypack.dev/-/google-protobuf@v3.21.2-YDUqZL2TTSsy2lGtfuND/dist=es2019,mode=imports/optimized/google-protobuf.js:783:23)
    at jspb.BinaryWriter.writeInt64 (https://cdn.skypack.dev/-/google-protobuf@v3.21.2-YDUqZL2TTSsy2lGtfuND/dist=es2019,mode=imports/optimized/google-protobuf.js:5220:32)
    at protobuf_test_messages_proto2_TestAllTypesProto2.serialize (file:///Users/thesayyn/Documents/thesayyn/protoc-gen-ts/target/debug/build/protoc_gen_ts-8cec2bec66276c47/out/test_conformance/test_messages_proto2.ts:876:16)
    at file:///Users/thesayyn/Documents/thesayyn/protoc-gen-ts/tests/conformance/bin/main.ts:31:44

  protobuf_test_messages.proto2.TestAllTypesProto2 1
  Error: Assertion failed
    at Object.jspb.asserts.doAssertFailure (https://cdn.skypack.dev/-/google-protobuf@v3.21.2-YDUqZL2TTSsy2lGtfuND/dist=es2019,mode=imports/optimized/google-protobuf.js:778:11)
    at Object.jspb.asserts.assert (https://cdn.skypack.dev/-/google-protobuf@v3.21.2-YDUqZL2TTSsy2lGtfuND/dist=es2019,mode=imports/optimized/google-protobuf.js:783:23)
    at jspb.BinaryWriter.writeInt64 (https://cdn.skypack.dev/-/google-protobuf@v3.21.2-YDUqZL2TTSsy2lGtfuND/dist=es2019,mode=imports/optimized/google-protobuf.js:5220:32)
    at protobuf_test_messages_proto2_TestAllTypesProto2.serialize (file:///Users/thesayyn/Documents/thesayyn/protoc-gen-ts/target/debug/build/protoc_gen_ts-8cec2bec66276c47/out/test_conformance/test_messages_proto2.ts:876:16)
    at file:///Users/thesayyn/Documents/thesayyn/protoc-gen-ts/tests/conformance/bin/main.ts:31:44

  protobuf_test_messages.proto2.TestAllTypesProto2 1
  Error: Assertion failed
    at Object.jspb.asserts.doAssertFailure (https://cdn.skypack.dev/-/google-protobuf@v3.21.2-YDUqZL2TTSsy2lGtfuND/dist=es2019,mode=imports/optimized/google-protobuf.js:778:11)
    at Object.jspb.asserts.assert (https://cdn.skypack.dev/-/google-protobuf@v3.21.2-YDUqZL2TTSsy2lGtfuND/dist=es2019,mode=imports/optimized/google-protobuf.js:783:23)
    at jspb.BinaryWriter.writeInt64 (https://cdn.skypack.dev/-/google-protobuf@v3.21.2-YDUqZL2TTSsy2lGtfuND/dist=es2019,mode=imports/optimized/google-protobuf.js:5220:32)
    at protobuf_test_messages_proto2_TestAllTypesProto2.serialize (file:///Users/thesayyn/Documents/thesayyn/protoc-gen-ts/target/debug/build/protoc_gen_ts-8cec2bec66276c47/out/test_conformance/test_messages_proto2.ts:945:16)
    at file:///Users/thesayyn/Documents/thesayyn/protoc-gen-ts/tests/conformance/bin/main.ts:31:44

  protobuf_test_messages.proto2.TestAllTypesProto2 1
  Error: Assertion failed
    at Object.jspb.asserts.doAssertFailure (https://cdn.skypack.dev/-/google-protobuf@v3.21.2-YDUqZL2TTSsy2lGtfuND/dist=es2019,mode=imports/optimized/google-protobuf.js:778:11)
    at Object.jspb.asserts.assert (https://cdn.skypack.dev/-/google-protobuf@v3.21.2-YDUqZL2TTSsy2lGtfuND/dist=es2019,mode=imports/optimized/google-protobuf.js:783:23)
    at jspb.BinaryReader.readInt64 (https://cdn.skypack.dev/-/google-protobuf@v3.21.2-YDUqZL2TTSsy2lGtfuND/dist=es2019,mode=imports/optimized/google-protobuf.js:4541:18)
    at Function.deserialize (file:///Users/thesayyn/Documents/thesayyn/protoc-gen-ts/target/debug/build/protoc_gen_ts-8cec2bec66276c47/out/test_conformance/test_messages_proto2.ts:217:52)
    at file:///Users/thesayyn/Documents/thesayyn/protoc-gen-ts/tests/conformance/bin/main.ts:30:78

  protobuf_test_messages.proto2.TestAllTypesProto2 1
  Error: Assertion failed
    at Object.jspb.asserts.doAssertFailure (https://cdn.skypack.dev/-/google-protobuf@v3.21.2-YDUqZL2TTSsy2lGtfuND/dist=es2019,mode=imports/optimized/google-protobuf.js:778:11)
    at Object.jspb.asserts.assert (https://cdn.skypack.dev/-/google-protobuf@v3.21.2-YDUqZL2TTSsy2lGtfuND/dist=es2019,mode=imports/optimized/google-protobuf.js:783:23)
    at jspb.BinaryWriter.writeInt64 (https://cdn.skypack.dev/-/google-protobuf@v3.21.2-YDUqZL2TTSsy2lGtfuND/dist=es2019,mode=imports/optimized/google-protobuf.js:5220:32)
    at protobuf_test_messages_proto2_TestAllTypesProto2.serialize (file:///Users/thesayyn/Documents/thesayyn/protoc-gen-ts/target/debug/build/protoc_gen_ts-8cec2bec66276c47/out/test_conformance/test_messages_proto2.ts:945:16)
    at file:///Users/thesayyn/Documents/thesayyn/protoc-gen-ts/tests/conformance/bin/main.ts:31:44

  protobuf_test_messages.proto2.TestAllTypesProto2 1
  Error: Assertion failed
    at Object.jspb.asserts.doAssertFailure (https://cdn.skypack.dev/-/google-protobuf@v3.21.2-YDUqZL2TTSsy2lGtfuND/dist=es2019,mode=imports/optimized/google-protobuf.js:778:11)
    at Object.jspb.asserts.assert (https://cdn.skypack.dev/-/google-protobuf@v3.21.2-YDUqZL2TTSsy2lGtfuND/dist=es2019,mode=imports/optimized/google-protobuf.js:783:23)
    at jspb.BinaryReader.readInt64 (https://cdn.skypack.dev/-/google-protobuf@v3.21.2-YDUqZL2TTSsy2lGtfuND/dist=es2019,mode=imports/optimized/google-protobuf.js:4541:18)
    at Function.deserialize (file:///Users/thesayyn/Documents/thesayyn/protoc-gen-ts/target/debug/build/protoc_gen_ts-8cec2bec66276c47/out/test_conformance/test_messages_proto2.ts:217:52)
    at file:///Users/thesayyn/Documents/thesayyn/protoc-gen-ts/tests/conformance/bin/main.ts:30:78

  protobuf_test_messages.proto2.TestAllTypesProto2 1
  Error: Assertion failed
    at Object.jspb.asserts.doAssertFailure (https://cdn.skypack.dev/-/google-protobuf@v3.21.2-YDUqZL2TTSsy2lGtfuND/dist=es2019,mode=imports/optimized/google-protobuf.js:778:11)
    at Object.jspb.asserts.assert (https://cdn.skypack.dev/-/google-protobuf@v3.21.2-YDUqZL2TTSsy2lGtfuND/dist=es2019,mode=imports/optimized/google-protobuf.js:783:23)
    at jspb.BinaryEncoder.writeSignedVarint64 (https://cdn.skypack.dev/-/google-protobuf@v3.21.2-YDUqZL2TTSsy2lGtfuND/dist=es2019,mode=imports/optimized/google-protobuf.js:4814:18)
    at jspb.BinaryWriter.writePackedInt64 (https://cdn.skypack.dev/-/google-protobuf@v3.21.2-YDUqZL2TTSsy2lGtfuND/dist=es2019,mode=imports/optimized/google-protobuf.js:5530:23)
    at protobuf_test_messages_proto2_TestAllTypesProto2.serialize (file:///Users/thesayyn/Documents/thesayyn/protoc-gen-ts/target/debug/build/protoc_gen_ts-8cec2bec66276c47/out/test_conformance/test_messages_proto2.ts:1010:16)
    at file:///Users/thesayyn/Documents/thesayyn/protoc-gen-ts/tests/conformance/bin/main.ts:31:44

  protobuf_test_messages.proto2.TestAllTypesProto2 1
  Error: Assertion failed
    at Object.jspb.asserts.doAssertFailure (https://cdn.skypack.dev/-/google-protobuf@v3.21.2-YDUqZL2TTSsy2lGtfuND/dist=es2019,mode=imports/optimized/google-protobuf.js:778:11)
    at Object.jspb.asserts.assert (https://cdn.skypack.dev/-/google-protobuf@v3.21.2-YDUqZL2TTSsy2lGtfuND/dist=es2019,mode=imports/optimized/google-protobuf.js:783:23)
    at jspb.BinaryEncoder.writeSignedVarint64 (https://cdn.skypack.dev/-/google-protobuf@v3.21.2-YDUqZL2TTSsy2lGtfuND/dist=es2019,mode=imports/optimized/google-protobuf.js:4814:18)
    at jspb.BinaryWriter.writePackedInt64 (https://cdn.skypack.dev/-/google-protobuf@v3.21.2-YDUqZL2TTSsy2lGtfuND/dist=es2019,mode=imports/optimized/google-protobuf.js:5530:23)
    at protobuf_test_messages_proto2_TestAllTypesProto2.serialize (file:///Users/thesayyn/Documents/thesayyn/protoc-gen-ts/target/debug/build/protoc_gen_ts-8cec2bec66276c47/out/test_conformance/test_messages_proto2.ts:1010:16)
    at file:///Users/thesayyn/Documents/thesayyn/protoc-gen-ts/tests/conformance/bin/main.ts:31:44

  protobuf_test_messages.proto2.TestAllTypesProto2 1
  Error: Assertion failed
    at Object.jspb.asserts.doAssertFailure (https://cdn.skypack.dev/-/google-protobuf@v3.21.2-YDUqZL2TTSsy2lGtfuND/dist=es2019,mode=imports/optimized/google-protobuf.js:778:11)
    at Object.jspb.asserts.assert (https://cdn.skypack.dev/-/google-protobuf@v3.21.2-YDUqZL2TTSsy2lGtfuND/dist=es2019,mode=imports/optimized/google-protobuf.js:783:23)
    at jspb.BinaryWriter.writeInt64 (https://cdn.skypack.dev/-/google-protobuf@v3.21.2-YDUqZL2TTSsy2lGtfuND/dist=es2019,mode=imports/optimized/google-protobuf.js:5220:32)
    at protobuf_test_messages_proto2_TestAllTypesProto2.serialize (file:///Users/thesayyn/Documents/thesayyn/protoc-gen-ts/target/debug/build/protoc_gen_ts-8cec2bec66276c47/out/test_conformance/test_messages_proto2.ts:945:16)
    at file:///Users/thesayyn/Documents/thesayyn/protoc-gen-ts/tests/conformance/bin/main.ts:31:44

  protobuf_test_messages.proto2.TestAllTypesProto2 1
  Error: Assertion failed
    at Object.jspb.asserts.doAssertFailure (https://cdn.skypack.dev/-/google-protobuf@v3.21.2-YDUqZL2TTSsy2lGtfuND/dist=es2019,mode=imports/optimized/google-protobuf.js:778:11)
    at Object.jspb.asserts.assert (https://cdn.skypack.dev/-/google-protobuf@v3.21.2-YDUqZL2TTSsy2lGtfuND/dist=es2019,mode=imports/optimized/google-protobuf.js:783:23)
    at jspb.BinaryReader.readInt64 (https://cdn.skypack.dev/-/google-protobuf@v3.21.2-YDUqZL2TTSsy2lGtfuND/dist=es2019,mode=imports/optimized/google-protobuf.js:4541:18)
    at Function.deserialize (file:///Users/thesayyn/Documents/thesayyn/protoc-gen-ts/target/debug/build/protoc_gen_ts-8cec2bec66276c47/out/test_conformance/test_messages_proto2.ts:217:52)
    at file:///Users/thesayyn/Documents/thesayyn/protoc-gen-ts/tests/conformance/bin/main.ts:30:78

  protobuf_test_messages.proto3.TestAllTypesProto3 1
  Error: Assertion failed
    at Object.jspb.asserts.doAssertFailure (https://cdn.skypack.dev/-/google-protobuf@v3.21.2-YDUqZL2TTSsy2lGtfuND/dist=es2019,mode=imports/optimized/google-protobuf.js:778:11)
    at Object.jspb.asserts.assert (https://cdn.skypack.dev/-/google-protobuf@v3.21.2-YDUqZL2TTSsy2lGtfuND/dist=es2019,mode=imports/optimized/google-protobuf.js:783:23)
    at jspb.BinaryWriter.writeInt64 (https://cdn.skypack.dev/-/google-protobuf@v3.21.2-YDUqZL2TTSsy2lGtfuND/dist=es2019,mode=imports/optimized/google-protobuf.js:5220:32)
    at protobuf_test_messages_proto3_TestAllTypesProto3.serialize (file:///Users/thesayyn/Documents/thesayyn/protoc-gen-ts/target/debug/build/protoc_gen_ts-8cec2bec66276c47/out/test_conformance/test_messages_proto3.ts:969:16)
    at file:///Users/thesayyn/Documents/thesayyn/protoc-gen-ts/tests/conformance/bin/main.ts:24:44

  protobuf_test_messages.proto3.TestAllTypesProto3 1
  Error: Assertion failed
    at Object.jspb.asserts.doAssertFailure (https://cdn.skypack.dev/-/google-protobuf@v3.21.2-YDUqZL2TTSsy2lGtfuND/dist=es2019,mode=imports/optimized/google-protobuf.js:778:11)
    at Object.jspb.asserts.assert (https://cdn.skypack.dev/-/google-protobuf@v3.21.2-YDUqZL2TTSsy2lGtfuND/dist=es2019,mode=imports/optimized/google-protobuf.js:783:23)
    at jspb.BinaryWriter.writeInt64 (https://cdn.skypack.dev/-/google-protobuf@v3.21.2-YDUqZL2TTSsy2lGtfuND/dist=es2019,mode=imports/optimized/google-protobuf.js:5220:32)
    at protobuf_test_messages_proto3_TestAllTypesProto3.serialize (file:///Users/thesayyn/Documents/thesayyn/protoc-gen-ts/target/debug/build/protoc_gen_ts-8cec2bec66276c47/out/test_conformance/test_messages_proto3.ts:969:16)
    at file:///Users/thesayyn/Documents/thesayyn/protoc-gen-ts/tests/conformance/bin/main.ts:24:44

  protobuf_test_messages.proto3.TestAllTypesProto3 1
  Error: Assertion failed
    at Object.jspb.asserts.doAssertFailure (https://cdn.skypack.dev/-/google-protobuf@v3.21.2-YDUqZL2TTSsy2lGtfuND/dist=es2019,mode=imports/optimized/google-protobuf.js:778:11)
    at Object.jspb.asserts.assert (https://cdn.skypack.dev/-/google-protobuf@v3.21.2-YDUqZL2TTSsy2lGtfuND/dist=es2019,mode=imports/optimized/google-protobuf.js:783:23)
    at jspb.BinaryEncoder.writeSignedVarint64 (https://cdn.skypack.dev/-/google-protobuf@v3.21.2-YDUqZL2TTSsy2lGtfuND/dist=es2019,mode=imports/optimized/google-protobuf.js:4814:18)
    at jspb.BinaryWriter.writePackedInt64 (https://cdn.skypack.dev/-/google-protobuf@v3.21.2-YDUqZL2TTSsy2lGtfuND/dist=es2019,mode=imports/optimized/google-protobuf.js:5530:23)
    at protobuf_test_messages_proto3_TestAllTypesProto3.serialize (file:///Users/thesayyn/Documents/thesayyn/protoc-gen-ts/target/debug/build/protoc_gen_ts-8cec2bec66276c47/out/test_conformance/test_messages_proto3.ts:1041:16)
    at file:///Users/thesayyn/Documents/thesayyn/protoc-gen-ts/tests/conformance/bin/main.ts:24:44

  protobuf_test_messages.proto3.TestAllTypesProto3 1
  Error: Assertion failed
    at Object.jspb.asserts.doAssertFailure (https://cdn.skypack.dev/-/google-protobuf@v3.21.2-YDUqZL2TTSsy2lGtfuND/dist=es2019,mode=imports/optimized/google-protobuf.js:778:11)
    at Object.jspb.asserts.assert (https://cdn.skypack.dev/-/google-protobuf@v3.21.2-YDUqZL2TTSsy2lGtfuND/dist=es2019,mode=imports/optimized/google-protobuf.js:783:23)
    at jspb.BinaryEncoder.writeSignedVarint64 (https://cdn.skypack.dev/-/google-protobuf@v3.21.2-YDUqZL2TTSsy2lGtfuND/dist=es2019,mode=imports/optimized/google-protobuf.js:4814:18)
    at jspb.BinaryWriter.writePackedInt64 (https://cdn.skypack.dev/-/google-protobuf@v3.21.2-YDUqZL2TTSsy2lGtfuND/dist=es2019,mode=imports/optimized/google-protobuf.js:5530:23)
    at protobuf_test_messages_proto3_TestAllTypesProto3.serialize (file:///Users/thesayyn/Documents/thesayyn/protoc-gen-ts/target/debug/build/protoc_gen_ts-8cec2bec66276c47/out/test_conformance/test_messages_proto3.ts:1041:16)
    at file:///Users/thesayyn/Documents/thesayyn/protoc-gen-ts/tests/conformance/bin/main.ts:24:44

  protobuf_test_messages.proto3.TestAllTypesProto3 1
  Error: Assertion failed
    at Object.jspb.asserts.doAssertFailure (https://cdn.skypack.dev/-/google-protobuf@v3.21.2-YDUqZL2TTSsy2lGtfuND/dist=es2019,mode=imports/optimized/google-protobuf.js:778:11)
    at Object.jspb.asserts.assert (https://cdn.skypack.dev/-/google-protobuf@v3.21.2-YDUqZL2TTSsy2lGtfuND/dist=es2019,mode=imports/optimized/google-protobuf.js:783:23)
    at jspb.BinaryEncoder.writeSignedVarint64 (https://cdn.skypack.dev/-/google-protobuf@v3.21.2-YDUqZL2TTSsy2lGtfuND/dist=es2019,mode=imports/optimized/google-protobuf.js:4814:18)
    at jspb.BinaryWriter.writePackedInt64 (https://cdn.skypack.dev/-/google-protobuf@v3.21.2-YDUqZL2TTSsy2lGtfuND/dist=es2019,mode=imports/optimized/google-protobuf.js:5530:23)
    at protobuf_test_messages_proto3_TestAllTypesProto3.serialize (file:///Users/thesayyn/Documents/thesayyn/protoc-gen-ts/target/debug/build/protoc_gen_ts-8cec2bec66276c47/out/test_conformance/test_messages_proto3.ts:1041:16)
    at file:///Users/thesayyn/Documents/thesayyn/protoc-gen-ts/tests/conformance/bin/main.ts:24:44

  protobuf_test_messages.proto3.TestAllTypesProto3 1
  Error: Assertion failed
    at Object.jspb.asserts.doAssertFailure (https://cdn.skypack.dev/-/google-protobuf@v3.21.2-YDUqZL2TTSsy2lGtfuND/dist=es2019,mode=imports/optimized/google-protobuf.js:778:11)
    at Object.jspb.asserts.assert (https://cdn.skypack.dev/-/google-protobuf@v3.21.2-YDUqZL2TTSsy2lGtfuND/dist=es2019,mode=imports/optimized/google-protobuf.js:783:23)
    at jspb.BinaryEncoder.writeSignedVarint64 (https://cdn.skypack.dev/-/google-protobuf@v3.21.2-YDUqZL2TTSsy2lGtfuND/dist=es2019,mode=imports/optimized/google-protobuf.js:4814:18)
    at jspb.BinaryWriter.writePackedInt64 (https://cdn.skypack.dev/-/google-protobuf@v3.21.2-YDUqZL2TTSsy2lGtfuND/dist=es2019,mode=imports/optimized/google-protobuf.js:5530:23)
    at protobuf_test_messages_proto3_TestAllTypesProto3.serialize (file:///Users/thesayyn/Documents/thesayyn/protoc-gen-ts/target/debug/build/protoc_gen_ts-8cec2bec66276c47/out/test_conformance/test_messages_proto3.ts:1041:16)
    at file:///Users/thesayyn/Documents/thesayyn/protoc-gen-ts/tests/conformance/bin/main.ts:24:44

  protobuf_test_messages.proto3.TestAllTypesProto3 1
  Error: Assertion failed
    at Object.jspb.asserts.doAssertFailure (https://cdn.skypack.dev/-/google-protobuf@v3.21.2-YDUqZL2TTSsy2lGtfuND/dist=es2019,mode=imports/optimized/google-protobuf.js:778:11)
    at Object.jspb.asserts.assert (https://cdn.skypack.dev/-/google-protobuf@v3.21.2-YDUqZL2TTSsy2lGtfuND/dist=es2019,mode=imports/optimized/google-protobuf.js:783:23)
    at jspb.BinaryEncoder.writeSignedVarint64 (https://cdn.skypack.dev/-/google-protobuf@v3.21.2-YDUqZL2TTSsy2lGtfuND/dist=es2019,mode=imports/optimized/google-protobuf.js:4814:18)
    at jspb.BinaryWriter.writePackedInt64 (https://cdn.skypack.dev/-/google-protobuf@v3.21.2-YDUqZL2TTSsy2lGtfuND/dist=es2019,mode=imports/optimized/google-protobuf.js:5530:23)
    at protobuf_test_messages_proto3_TestAllTypesProto3.serialize (file:///Users/thesayyn/Documents/thesayyn/protoc-gen-ts/target/debug/build/protoc_gen_ts-8cec2bec66276c47/out/test_conformance/test_messages_proto3.ts:1041:16)
    at file:///Users/thesayyn/Documents/thesayyn/protoc-gen-ts/tests/conformance/bin/main.ts:24:44

  protobuf_test_messages.proto3.TestAllTypesProto3 1
  Error: Assertion failed
    at Object.jspb.asserts.doAssertFailure (https://cdn.skypack.dev/-/google-protobuf@v3.21.2-YDUqZL2TTSsy2lGtfuND/dist=es2019,mode=imports/optimized/google-protobuf.js:778:11)
    at Object.jspb.asserts.assert (https://cdn.skypack.dev/-/google-protobuf@v3.21.2-YDUqZL2TTSsy2lGtfuND/dist=es2019,mode=imports/optimized/google-protobuf.js:783:23)
    at jspb.BinaryEncoder.writeSignedVarint64 (https://cdn.skypack.dev/-/google-protobuf@v3.21.2-YDUqZL2TTSsy2lGtfuND/dist=es2019,mode=imports/optimized/google-protobuf.js:4814:18)
    at jspb.BinaryWriter.writePackedInt64 (https://cdn.skypack.dev/-/google-protobuf@v3.21.2-YDUqZL2TTSsy2lGtfuND/dist=es2019,mode=imports/optimized/google-protobuf.js:5530:23)
    at protobuf_test_messages_proto3_TestAllTypesProto3.serialize (file:///Users/thesayyn/Documents/thesayyn/protoc-gen-ts/target/debug/build/protoc_gen_ts-8cec2bec66276c47/out/test_conformance/test_messages_proto3.ts:1041:16)
    at file:///Users/thesayyn/Documents/thesayyn/protoc-gen-ts/tests/conformance/bin/main.ts:24:44

  protobuf_test_messages.proto3.TestAllTypesProto3 1
  Error: Assertion failed
    at Object.jspb.asserts.doAssertFailure (https://cdn.skypack.dev/-/google-protobuf@v3.21.2-YDUqZL2TTSsy2lGtfuND/dist=es2019,mode=imports/optimized/google-protobuf.js:778:11)
    at Object.jspb.asserts.assert (https://cdn.skypack.dev/-/google-protobuf@v3.21.2-YDUqZL2TTSsy2lGtfuND/dist=es2019,mode=imports/optimized/google-protobuf.js:783:23)
    at jspb.BinaryWriter.writeInt64 (https://cdn.skypack.dev/-/google-protobuf@v3.21.2-YDUqZL2TTSsy2lGtfuND/dist=es2019,mode=imports/optimized/google-protobuf.js:5220:32)
    at protobuf_test_messages_proto3_TestAllTypesProto3.serialize (file:///Users/thesayyn/Documents/thesayyn/protoc-gen-ts/target/debug/build/protoc_gen_ts-8cec2bec66276c47/out/test_conformance/test_messages_proto3.ts:1148:16)
    at file:///Users/thesayyn/Documents/thesayyn/protoc-gen-ts/tests/conformance/bin/main.ts:24:44

  protobuf_test_messages.proto3.TestAllTypesProto3 1
  Error: Assertion failed
    at Object.jspb.asserts.doAssertFailure (https://cdn.skypack.dev/-/google-protobuf@v3.21.2-YDUqZL2TTSsy2lGtfuND/dist=es2019,mode=imports/optimized/google-protobuf.js:778:11)
    at Object.jspb.asserts.assert (https://cdn.skypack.dev/-/google-protobuf@v3.21.2-YDUqZL2TTSsy2lGtfuND/dist=es2019,mode=imports/optimized/google-protobuf.js:783:23)
    at jspb.BinaryReader.readInt64 (https://cdn.skypack.dev/-/google-protobuf@v3.21.2-YDUqZL2TTSsy2lGtfuND/dist=es2019,mode=imports/optimized/google-protobuf.js:4541:18)
    at Function.deserialize (file:///Users/thesayyn/Documents/thesayyn/protoc-gen-ts/target/debug/build/protoc_gen_ts-8cec2bec66276c47/out/test_conformance/test_messages_proto3.ts:378:52)
    at file:///Users/thesayyn/Documents/thesayyn/protoc-gen-ts/tests/conformance/bin/main.ts:23:78

  protobuf_test_messages.proto2.TestAllTypesProto2 1
  Error: Assertion failed
    at Object.jspb.asserts.doAssertFailure (https://cdn.skypack.dev/-/google-protobuf@v3.21.2-YDUqZL2TTSsy2lGtfuND/dist=es2019,mode=imports/optimized/google-protobuf.js:778:11)
    at Object.jspb.asserts.assert (https://cdn.skypack.dev/-/google-protobuf@v3.21.2-YDUqZL2TTSsy2lGtfuND/dist=es2019,mode=imports/optimized/google-protobuf.js:783:23)
    at jspb.BinaryWriter.writeUint64 (https://cdn.skypack.dev/-/google-protobuf@v3.21.2-YDUqZL2TTSsy2lGtfuND/dist=es2019,mode=imports/optimized/google-protobuf.js:5234:32)
    at protobuf_test_messages_proto2_TestAllTypesProto2.serialize (file:///Users/thesayyn/Documents/thesayyn/protoc-gen-ts/target/debug/build/protoc_gen_ts-8cec2bec66276c47/out/test_conformance/test_messages_proto2.ts:882:16)
    at file:///Users/thesayyn/Documents/thesayyn/protoc-gen-ts/tests/conformance/bin/main.ts:31:44

  protobuf_test_messages.proto2.TestAllTypesProto2 1
  Error: Assertion failed
    at Object.jspb.asserts.doAssertFailure (https://cdn.skypack.dev/-/google-protobuf@v3.21.2-YDUqZL2TTSsy2lGtfuND/dist=es2019,mode=imports/optimized/google-protobuf.js:778:11)
    at Object.jspb.asserts.assert (https://cdn.skypack.dev/-/google-protobuf@v3.21.2-YDUqZL2TTSsy2lGtfuND/dist=es2019,mode=imports/optimized/google-protobuf.js:783:23)
    at jspb.BinaryWriter.writeUint64 (https://cdn.skypack.dev/-/google-protobuf@v3.21.2-YDUqZL2TTSsy2lGtfuND/dist=es2019,mode=imports/optimized/google-protobuf.js:5234:32)
    at protobuf_test_messages_proto2_TestAllTypesProto2.serialize (file:///Users/thesayyn/Documents/thesayyn/protoc-gen-ts/target/debug/build/protoc_gen_ts-8cec2bec66276c47/out/test_conformance/test_messages_proto2.ts:882:16)
    at file:///Users/thesayyn/Documents/thesayyn/protoc-gen-ts/tests/conformance/bin/main.ts:31:44

  protobuf_test_messages.proto2.TestAllTypesProto2 1
  Error: Assertion failed
    at Object.jspb.asserts.doAssertFailure (https://cdn.skypack.dev/-/google-protobuf@v3.21.2-YDUqZL2TTSsy2lGtfuND/dist=es2019,mode=imports/optimized/google-protobuf.js:778:11)
    at Object.jspb.asserts.assert (https://cdn.skypack.dev/-/google-protobuf@v3.21.2-YDUqZL2TTSsy2lGtfuND/dist=es2019,mode=imports/optimized/google-protobuf.js:783:23)
    at jspb.BinaryWriter.writeUint64 (https://cdn.skypack.dev/-/google-protobuf@v3.21.2-YDUqZL2TTSsy2lGtfuND/dist=es2019,mode=imports/optimized/google-protobuf.js:5234:32)
    at protobuf_test_messages_proto2_TestAllTypesProto2.serialize (file:///Users/thesayyn/Documents/thesayyn/protoc-gen-ts/target/debug/build/protoc_gen_ts-8cec2bec66276c47/out/test_conformance/test_messages_proto2.ts:882:16)
    at file:///Users/thesayyn/Documents/thesayyn/protoc-gen-ts/tests/conformance/bin/main.ts:31:44

  protobuf_test_messages.proto2.TestAllTypesProto2 1
  Error: Assertion failed
    at Object.jspb.asserts.doAssertFailure (https://cdn.skypack.dev/-/google-protobuf@v3.21.2-YDUqZL2TTSsy2lGtfuND/dist=es2019,mode=imports/optimized/google-protobuf.js:778:11)
    at Object.jspb.asserts.assert (https://cdn.skypack.dev/-/google-protobuf@v3.21.2-YDUqZL2TTSsy2lGtfuND/dist=es2019,mode=imports/optimized/google-protobuf.js:783:23)
    at jspb.BinaryWriter.writeUint64 (https://cdn.skypack.dev/-/google-protobuf@v3.21.2-YDUqZL2TTSsy2lGtfuND/dist=es2019,mode=imports/optimized/google-protobuf.js:5234:32)
    at protobuf_test_messages_proto2_TestAllTypesProto2.serialize (file:///Users/thesayyn/Documents/thesayyn/protoc-gen-ts/target/debug/build/protoc_gen_ts-8cec2bec66276c47/out/test_conformance/test_messages_proto2.ts:951:16)
    at file:///Users/thesayyn/Documents/thesayyn/protoc-gen-ts/tests/conformance/bin/main.ts:31:44

  protobuf_test_messages.proto2.TestAllTypesProto2 1
  Error: Assertion failed
    at Object.jspb.asserts.doAssertFailure (https://cdn.skypack.dev/-/google-protobuf@v3.21.2-YDUqZL2TTSsy2lGtfuND/dist=es2019,mode=imports/optimized/google-protobuf.js:778:11)
    at Object.jspb.asserts.assert (https://cdn.skypack.dev/-/google-protobuf@v3.21.2-YDUqZL2TTSsy2lGtfuND/dist=es2019,mode=imports/optimized/google-protobuf.js:783:23)
    at jspb.BinaryReader.readUint64 (https://cdn.skypack.dev/-/google-protobuf@v3.21.2-YDUqZL2TTSsy2lGtfuND/dist=es2019,mode=imports/optimized/google-protobuf.js:4559:18)
    at Function.deserialize (file:///Users/thesayyn/Documents/thesayyn/protoc-gen-ts/target/debug/build/protoc_gen_ts-8cec2bec66276c47/out/test_conformance/test_messages_proto2.ts:223:53)
    at file:///Users/thesayyn/Documents/thesayyn/protoc-gen-ts/tests/conformance/bin/main.ts:30:78

  protobuf_test_messages.proto2.TestAllTypesProto2 1
  Error: Assertion failed
    at Object.jspb.asserts.doAssertFailure (https://cdn.skypack.dev/-/google-protobuf@v3.21.2-YDUqZL2TTSsy2lGtfuND/dist=es2019,mode=imports/optimized/google-protobuf.js:778:11)
    at Object.jspb.asserts.assert (https://cdn.skypack.dev/-/google-protobuf@v3.21.2-YDUqZL2TTSsy2lGtfuND/dist=es2019,mode=imports/optimized/google-protobuf.js:783:23)
    at jspb.BinaryWriter.writeUint64 (https://cdn.skypack.dev/-/google-protobuf@v3.21.2-YDUqZL2TTSsy2lGtfuND/dist=es2019,mode=imports/optimized/google-protobuf.js:5234:32)
    at protobuf_test_messages_proto2_TestAllTypesProto2.serialize (file:///Users/thesayyn/Documents/thesayyn/protoc-gen-ts/target/debug/build/protoc_gen_ts-8cec2bec66276c47/out/test_conformance/test_messages_proto2.ts:951:16)
    at file:///Users/thesayyn/Documents/thesayyn/protoc-gen-ts/tests/conformance/bin/main.ts:31:44

  protobuf_test_messages.proto2.TestAllTypesProto2 1
  Error: Assertion failed
    at Object.jspb.asserts.doAssertFailure (https://cdn.skypack.dev/-/google-protobuf@v3.21.2-YDUqZL2TTSsy2lGtfuND/dist=es2019,mode=imports/optimized/google-protobuf.js:778:11)
    at Object.jspb.asserts.assert (https://cdn.skypack.dev/-/google-protobuf@v3.21.2-YDUqZL2TTSsy2lGtfuND/dist=es2019,mode=imports/optimized/google-protobuf.js:783:23)
    at jspb.BinaryReader.readUint64 (https://cdn.skypack.dev/-/google-protobuf@v3.21.2-YDUqZL2TTSsy2lGtfuND/dist=es2019,mode=imports/optimized/google-protobuf.js:4559:18)
    at Function.deserialize (file:///Users/thesayyn/Documents/thesayyn/protoc-gen-ts/target/debug/build/protoc_gen_ts-8cec2bec66276c47/out/test_conformance/test_messages_proto2.ts:223:53)
    at file:///Users/thesayyn/Documents/thesayyn/protoc-gen-ts/tests/conformance/bin/main.ts:30:78

  protobuf_test_messages.proto2.TestAllTypesProto2 1
  Error: Assertion failed
    at Object.jspb.asserts.doAssertFailure (https://cdn.skypack.dev/-/google-protobuf@v3.21.2-YDUqZL2TTSsy2lGtfuND/dist=es2019,mode=imports/optimized/google-protobuf.js:778:11)
    at Object.jspb.asserts.assert (https://cdn.skypack.dev/-/google-protobuf@v3.21.2-YDUqZL2TTSsy2lGtfuND/dist=es2019,mode=imports/optimized/google-protobuf.js:783:23)
    at jspb.BinaryEncoder.writeUnsignedVarint64 (https://cdn.skypack.dev/-/google-protobuf@v3.21.2-YDUqZL2TTSsy2lGtfuND/dist=es2019,mode=imports/optimized/google-protobuf.js:4808:18)
    at jspb.BinaryWriter.writePackedUint64 (https://cdn.skypack.dev/-/google-protobuf@v3.21.2-YDUqZL2TTSsy2lGtfuND/dist=es2019,mode=imports/optimized/google-protobuf.js:5592:23)
    at protobuf_test_messages_proto2_TestAllTypesProto2.serialize (file:///Users/thesayyn/Documents/thesayyn/protoc-gen-ts/target/debug/build/protoc_gen_ts-8cec2bec66276c47/out/test_conformance/test_messages_proto2.ts:1016:16)
    at file:///Users/thesayyn/Documents/thesayyn/protoc-gen-ts/tests/conformance/bin/main.ts:31:44

  protobuf_test_messages.proto2.TestAllTypesProto2 1
  Error: Assertion failed
    at Object.jspb.asserts.doAssertFailure (https://cdn.skypack.dev/-/google-protobuf@v3.21.2-YDUqZL2TTSsy2lGtfuND/dist=es2019,mode=imports/optimized/google-protobuf.js:778:11)
    at Object.jspb.asserts.assert (https://cdn.skypack.dev/-/google-protobuf@v3.21.2-YDUqZL2TTSsy2lGtfuND/dist=es2019,mode=imports/optimized/google-protobuf.js:783:23)
    at jspb.BinaryEncoder.writeUnsignedVarint64 (https://cdn.skypack.dev/-/google-protobuf@v3.21.2-YDUqZL2TTSsy2lGtfuND/dist=es2019,mode=imports/optimized/google-protobuf.js:4808:18)
    at jspb.BinaryWriter.writePackedUint64 (https://cdn.skypack.dev/-/google-protobuf@v3.21.2-YDUqZL2TTSsy2lGtfuND/dist=es2019,mode=imports/optimized/google-protobuf.js:5592:23)
    at protobuf_test_messages_proto2_TestAllTypesProto2.serialize (file:///Users/thesayyn/Documents/thesayyn/protoc-gen-ts/target/debug/build/protoc_gen_ts-8cec2bec66276c47/out/test_conformance/test_messages_proto2.ts:1016:16)
    at file:///Users/thesayyn/Documents/thesayyn/protoc-gen-ts/tests/conformance/bin/main.ts:31:44

  protobuf_test_messages.proto2.TestAllTypesProto2 1
  Error: Assertion failed
    at Object.jspb.asserts.doAssertFailure (https://cdn.skypack.dev/-/google-protobuf@v3.21.2-YDUqZL2TTSsy2lGtfuND/dist=es2019,mode=imports/optimized/google-protobuf.js:778:11)
    at Object.jspb.asserts.assert (https://cdn.skypack.dev/-/google-protobuf@v3.21.2-YDUqZL2TTSsy2lGtfuND/dist=es2019,mode=imports/optimized/google-protobuf.js:783:23)
    at jspb.BinaryWriter.writeUint64 (https://cdn.skypack.dev/-/google-protobuf@v3.21.2-YDUqZL2TTSsy2lGtfuND/dist=es2019,mode=imports/optimized/google-protobuf.js:5234:32)
    at protobuf_test_messages_proto2_TestAllTypesProto2.serialize (file:///Users/thesayyn/Documents/thesayyn/protoc-gen-ts/target/debug/build/protoc_gen_ts-8cec2bec66276c47/out/test_conformance/test_messages_proto2.ts:951:16)
    at file:///Users/thesayyn/Documents/thesayyn/protoc-gen-ts/tests/conformance/bin/main.ts:31:44

  protobuf_test_messages.proto2.TestAllTypesProto2 1
  Error: Assertion failed
    at Object.jspb.asserts.doAssertFailure (https://cdn.skypack.dev/-/google-protobuf@v3.21.2-YDUqZL2TTSsy2lGtfuND/dist=es2019,mode=imports/optimized/google-protobuf.js:778:11)
    at Object.jspb.asserts.assert (https://cdn.skypack.dev/-/google-protobuf@v3.21.2-YDUqZL2TTSsy2lGtfuND/dist=es2019,mode=imports/optimized/google-protobuf.js:783:23)
    at jspb.BinaryReader.readUint64 (https://cdn.skypack.dev/-/google-protobuf@v3.21.2-YDUqZL2TTSsy2lGtfuND/dist=es2019,mode=imports/optimized/google-protobuf.js:4559:18)
    at Function.deserialize (file:///Users/thesayyn/Documents/thesayyn/protoc-gen-ts/target/debug/build/protoc_gen_ts-8cec2bec66276c47/out/test_conformance/test_messages_proto2.ts:223:53)
    at file:///Users/thesayyn/Documents/thesayyn/protoc-gen-ts/tests/conformance/bin/main.ts:30:78

  protobuf_test_messages.proto3.TestAllTypesProto3 1
  Error: Assertion failed
    at Object.jspb.asserts.doAssertFailure (https://cdn.skypack.dev/-/google-protobuf@v3.21.2-YDUqZL2TTSsy2lGtfuND/dist=es2019,mode=imports/optimized/google-protobuf.js:778:11)
    at Object.jspb.asserts.assert (https://cdn.skypack.dev/-/google-protobuf@v3.21.2-YDUqZL2TTSsy2lGtfuND/dist=es2019,mode=imports/optimized/google-protobuf.js:783:23)
    at jspb.BinaryWriter.writeUint64 (https://cdn.skypack.dev/-/google-protobuf@v3.21.2-YDUqZL2TTSsy2lGtfuND/dist=es2019,mode=imports/optimized/google-protobuf.js:5234:32)
    at protobuf_test_messages_proto3_TestAllTypesProto3.serialize (file:///Users/thesayyn/Documents/thesayyn/protoc-gen-ts/target/debug/build/protoc_gen_ts-8cec2bec66276c47/out/test_conformance/test_messages_proto3.ts:975:16)
    at file:///Users/thesayyn/Documents/thesayyn/protoc-gen-ts/tests/conformance/bin/main.ts:24:44

  protobuf_test_messages.proto3.TestAllTypesProto3 1
  Error: Assertion failed
    at Object.jspb.asserts.doAssertFailure (https://cdn.skypack.dev/-/google-protobuf@v3.21.2-YDUqZL2TTSsy2lGtfuND/dist=es2019,mode=imports/optimized/google-protobuf.js:778:11)
    at Object.jspb.asserts.assert (https://cdn.skypack.dev/-/google-protobuf@v3.21.2-YDUqZL2TTSsy2lGtfuND/dist=es2019,mode=imports/optimized/google-protobuf.js:783:23)
    at jspb.BinaryWriter.writeUint64 (https://cdn.skypack.dev/-/google-protobuf@v3.21.2-YDUqZL2TTSsy2lGtfuND/dist=es2019,mode=imports/optimized/google-protobuf.js:5234:32)
    at protobuf_test_messages_proto3_TestAllTypesProto3.serialize (file:///Users/thesayyn/Documents/thesayyn/protoc-gen-ts/target/debug/build/protoc_gen_ts-8cec2bec66276c47/out/test_conformance/test_messages_proto3.ts:975:16)
    at file:///Users/thesayyn/Documents/thesayyn/protoc-gen-ts/tests/conformance/bin/main.ts:24:44

  protobuf_test_messages.proto3.TestAllTypesProto3 1
  Error: Assertion failed
    at Object.jspb.asserts.doAssertFailure (https://cdn.skypack.dev/-/google-protobuf@v3.21.2-YDUqZL2TTSsy2lGtfuND/dist=es2019,mode=imports/optimized/google-protobuf.js:778:11)
    at Object.jspb.asserts.assert (https://cdn.skypack.dev/-/google-protobuf@v3.21.2-YDUqZL2TTSsy2lGtfuND/dist=es2019,mode=imports/optimized/google-protobuf.js:783:23)
    at jspb.BinaryWriter.writeUint64 (https://cdn.skypack.dev/-/google-protobuf@v3.21.2-YDUqZL2TTSsy2lGtfuND/dist=es2019,mode=imports/optimized/google-protobuf.js:5234:32)
    at protobuf_test_messages_proto3_TestAllTypesProto3.serialize (file:///Users/thesayyn/Documents/thesayyn/protoc-gen-ts/target/debug/build/protoc_gen_ts-8cec2bec66276c47/out/test_conformance/test_messages_proto3.ts:975:16)
    at file:///Users/thesayyn/Documents/thesayyn/protoc-gen-ts/tests/conformance/bin/main.ts:24:44

  protobuf_test_messages.proto3.TestAllTypesProto3 1
  Error: Assertion failed
    at Object.jspb.asserts.doAssertFailure (https://cdn.skypack.dev/-/google-protobuf@v3.21.2-YDUqZL2TTSsy2lGtfuND/dist=es2019,mode=imports/optimized/google-protobuf.js:778:11)
    at Object.jspb.asserts.assert (https://cdn.skypack.dev/-/google-protobuf@v3.21.2-YDUqZL2TTSsy2lGtfuND/dist=es2019,mode=imports/optimized/google-protobuf.js:783:23)
    at jspb.BinaryEncoder.writeUnsignedVarint64 (https://cdn.skypack.dev/-/google-protobuf@v3.21.2-YDUqZL2TTSsy2lGtfuND/dist=es2019,mode=imports/optimized/google-protobuf.js:4808:18)
    at jspb.BinaryWriter.writePackedUint64 (https://cdn.skypack.dev/-/google-protobuf@v3.21.2-YDUqZL2TTSsy2lGtfuND/dist=es2019,mode=imports/optimized/google-protobuf.js:5592:23)
    at protobuf_test_messages_proto3_TestAllTypesProto3.serialize (file:///Users/thesayyn/Documents/thesayyn/protoc-gen-ts/target/debug/build/protoc_gen_ts-8cec2bec66276c47/out/test_conformance/test_messages_proto3.ts:1047:16)
    at file:///Users/thesayyn/Documents/thesayyn/protoc-gen-ts/tests/conformance/bin/main.ts:24:44

  protobuf_test_messages.proto3.TestAllTypesProto3 1
  Error: Assertion failed
    at Object.jspb.asserts.doAssertFailure (https://cdn.skypack.dev/-/google-protobuf@v3.21.2-YDUqZL2TTSsy2lGtfuND/dist=es2019,mode=imports/optimized/google-protobuf.js:778:11)
    at Object.jspb.asserts.assert (https://cdn.skypack.dev/-/google-protobuf@v3.21.2-YDUqZL2TTSsy2lGtfuND/dist=es2019,mode=imports/optimized/google-protobuf.js:783:23)
    at jspb.BinaryEncoder.writeUnsignedVarint64 (https://cdn.skypack.dev/-/google-protobuf@v3.21.2-YDUqZL2TTSsy2lGtfuND/dist=es2019,mode=imports/optimized/google-protobuf.js:4808:18)
    at jspb.BinaryWriter.writePackedUint64 (https://cdn.skypack.dev/-/google-protobuf@v3.21.2-YDUqZL2TTSsy2lGtfuND/dist=es2019,mode=imports/optimized/google-protobuf.js:5592:23)
    at protobuf_test_messages_proto3_TestAllTypesProto3.serialize (file:///Users/thesayyn/Documents/thesayyn/protoc-gen-ts/target/debug/build/protoc_gen_ts-8cec2bec66276c47/out/test_conformance/test_messages_proto3.ts:1047:16)
    at file:///Users/thesayyn/Documents/thesayyn/protoc-gen-ts/tests/conformance/bin/main.ts:24:44

  protobuf_test_messages.proto3.TestAllTypesProto3 1
  Error: Assertion failed
    at Object.jspb.asserts.doAssertFailure (https://cdn.skypack.dev/-/google-protobuf@v3.21.2-YDUqZL2TTSsy2lGtfuND/dist=es2019,mode=imports/optimized/google-protobuf.js:778:11)
    at Object.jspb.asserts.assert (https://cdn.skypack.dev/-/google-protobuf@v3.21.2-YDUqZL2TTSsy2lGtfuND/dist=es2019,mode=imports/optimized/google-protobuf.js:783:23)
    at jspb.BinaryEncoder.writeUnsignedVarint64 (https://cdn.skypack.dev/-/google-protobuf@v3.21.2-YDUqZL2TTSsy2lGtfuND/dist=es2019,mode=imports/optimized/google-protobuf.js:4808:18)
    at jspb.BinaryWriter.writePackedUint64 (https://cdn.skypack.dev/-/google-protobuf@v3.21.2-YDUqZL2TTSsy2lGtfuND/dist=es2019,mode=imports/optimized/google-protobuf.js:5592:23)
    at protobuf_test_messages_proto3_TestAllTypesProto3.serialize (file:///Users/thesayyn/Documents/thesayyn/protoc-gen-ts/target/debug/build/protoc_gen_ts-8cec2bec66276c47/out/test_conformance/test_messages_proto3.ts:1047:16)
    at file:///Users/thesayyn/Documents/thesayyn/protoc-gen-ts/tests/conformance/bin/main.ts:24:44

  protobuf_test_messages.proto3.TestAllTypesProto3 1
  Error: Assertion failed
    at Object.jspb.asserts.doAssertFailure (https://cdn.skypack.dev/-/google-protobuf@v3.21.2-YDUqZL2TTSsy2lGtfuND/dist=es2019,mode=imports/optimized/google-protobuf.js:778:11)
    at Object.jspb.asserts.assert (https://cdn.skypack.dev/-/google-protobuf@v3.21.2-YDUqZL2TTSsy2lGtfuND/dist=es2019,mode=imports/optimized/google-protobuf.js:783:23)
    at jspb.BinaryEncoder.writeUnsignedVarint64 (https://cdn.skypack.dev/-/google-protobuf@v3.21.2-YDUqZL2TTSsy2lGtfuND/dist=es2019,mode=imports/optimized/google-protobuf.js:4808:18)
    at jspb.BinaryWriter.writePackedUint64 (https://cdn.skypack.dev/-/google-protobuf@v3.21.2-YDUqZL2TTSsy2lGtfuND/dist=es2019,mode=imports/optimized/google-protobuf.js:5592:23)
    at protobuf_test_messages_proto3_TestAllTypesProto3.serialize (file:///Users/thesayyn/Documents/thesayyn/protoc-gen-ts/target/debug/build/protoc_gen_ts-8cec2bec66276c47/out/test_conformance/test_messages_proto3.ts:1047:16)
    at file:///Users/thesayyn/Documents/thesayyn/protoc-gen-ts/tests/conformance/bin/main.ts:24:44

  protobuf_test_messages.proto3.TestAllTypesProto3 1
  Error: Assertion failed
    at Object.jspb.asserts.doAssertFailure (https://cdn.skypack.dev/-/google-protobuf@v3.21.2-YDUqZL2TTSsy2lGtfuND/dist=es2019,mode=imports/optimized/google-protobuf.js:778:11)
    at Object.jspb.asserts.assert (https://cdn.skypack.dev/-/google-protobuf@v3.21.2-YDUqZL2TTSsy2lGtfuND/dist=es2019,mode=imports/optimized/google-protobuf.js:783:23)
    at jspb.BinaryEncoder.writeUnsignedVarint64 (https://cdn.skypack.dev/-/google-protobuf@v3.21.2-YDUqZL2TTSsy2lGtfuND/dist=es2019,mode=imports/optimized/google-protobuf.js:4808:18)
    at jspb.BinaryWriter.writePackedUint64 (https://cdn.skypack.dev/-/google-protobuf@v3.21.2-YDUqZL2TTSsy2lGtfuND/dist=es2019,mode=imports/optimized/google-protobuf.js:5592:23)
    at protobuf_test_messages_proto3_TestAllTypesProto3.serialize (file:///Users/thesayyn/Documents/thesayyn/protoc-gen-ts/target/debug/build/protoc_gen_ts-8cec2bec66276c47/out/test_conformance/test_messages_proto3.ts:1047:16)
    at file:///Users/thesayyn/Documents/thesayyn/protoc-gen-ts/tests/conformance/bin/main.ts:24:44

  protobuf_test_messages.proto3.TestAllTypesProto3 1
  Error: Assertion failed
    at Object.jspb.asserts.doAssertFailure (https://cdn.skypack.dev/-/google-protobuf@v3.21.2-YDUqZL2TTSsy2lGtfuND/dist=es2019,mode=imports/optimized/google-protobuf.js:778:11)
    at Object.jspb.asserts.assert (https://cdn.skypack.dev/-/google-protobuf@v3.21.2-YDUqZL2TTSsy2lGtfuND/dist=es2019,mode=imports/optimized/google-protobuf.js:783:23)
    at jspb.BinaryEncoder.writeUnsignedVarint64 (https://cdn.skypack.dev/-/google-protobuf@v3.21.2-YDUqZL2TTSsy2lGtfuND/dist=es2019,mode=imports/optimized/google-protobuf.js:4808:18)
    at jspb.BinaryWriter.writePackedUint64 (https://cdn.skypack.dev/-/google-protobuf@v3.21.2-YDUqZL2TTSsy2lGtfuND/dist=es2019,mode=imports/optimized/google-protobuf.js:5592:23)
    at protobuf_test_messages_proto3_TestAllTypesProto3.serialize (file:///Users/thesayyn/Documents/thesayyn/protoc-gen-ts/target/debug/build/protoc_gen_ts-8cec2bec66276c47/out/test_conformance/test_messages_proto3.ts:1047:16)
    at file:///Users/thesayyn/Documents/thesayyn/protoc-gen-ts/tests/conformance/bin/main.ts:24:44

  protobuf_test_messages.proto3.TestAllTypesProto3 1
  Error: Assertion failed
    at Object.jspb.asserts.doAssertFailure (https://cdn.skypack.dev/-/google-protobuf@v3.21.2-YDUqZL2TTSsy2lGtfuND/dist=es2019,mode=imports/optimized/google-protobuf.js:778:11)
    at Object.jspb.asserts.assert (https://cdn.skypack.dev/-/google-protobuf@v3.21.2-YDUqZL2TTSsy2lGtfuND/dist=es2019,mode=imports/optimized/google-protobuf.js:783:23)
    at jspb.BinaryWriter.writeUint64 (https://cdn.skypack.dev/-/google-protobuf@v3.21.2-YDUqZL2TTSsy2lGtfuND/dist=es2019,mode=imports/optimized/google-protobuf.js:5234:32)
    at protobuf_test_messages_proto3_TestAllTypesProto3.serialize (file:///Users/thesayyn/Documents/thesayyn/protoc-gen-ts/target/debug/build/protoc_gen_ts-8cec2bec66276c47/out/test_conformance/test_messages_proto3.ts:1154:16)
    at file:///Users/thesayyn/Documents/thesayyn/protoc-gen-ts/tests/conformance/bin/main.ts:24:44

  protobuf_test_messages.proto3.TestAllTypesProto3 1
  Error: Assertion failed
    at Object.jspb.asserts.doAssertFailure (https://cdn.skypack.dev/-/google-protobuf@v3.21.2-YDUqZL2TTSsy2lGtfuND/dist=es2019,mode=imports/optimized/google-protobuf.js:778:11)
    at Object.jspb.asserts.assert (https://cdn.skypack.dev/-/google-protobuf@v3.21.2-YDUqZL2TTSsy2lGtfuND/dist=es2019,mode=imports/optimized/google-protobuf.js:783:23)
    at jspb.BinaryReader.readUint64 (https://cdn.skypack.dev/-/google-protobuf@v3.21.2-YDUqZL2TTSsy2lGtfuND/dist=es2019,mode=imports/optimized/google-protobuf.js:4559:18)
    at Function.deserialize (file:///Users/thesayyn/Documents/thesayyn/protoc-gen-ts/target/debug/build/protoc_gen_ts-8cec2bec66276c47/out/test_conformance/test_messages_proto3.ts:384:53)
    at file:///Users/thesayyn/Documents/thesayyn/protoc-gen-ts/tests/conformance/bin/main.ts:23:78

  protobuf_test_messages.proto2.TestAllTypesProto2 1
  Error: Assertion failed
    at Object.jspb.asserts.doAssertFailure (https://cdn.skypack.dev/-/google-protobuf@v3.21.2-YDUqZL2TTSsy2lGtfuND/dist=es2019,mode=imports/optimized/google-protobuf.js:778:11)
    at Object.jspb.asserts.assert (https://cdn.skypack.dev/-/google-protobuf@v3.21.2-YDUqZL2TTSsy2lGtfuND/dist=es2019,mode=imports/optimized/google-protobuf.js:783:23)
    at jspb.BinaryReader.readInt32 (https://cdn.skypack.dev/-/google-protobuf@v3.21.2-YDUqZL2TTSsy2lGtfuND/dist=es2019,mode=imports/optimized/google-protobuf.js:4532:18)
    at Function.deserialize (file:///Users/thesayyn/Documents/thesayyn/protoc-gen-ts/target/debug/build/protoc_gen_ts-8cec2bec66276c47/out/test_conformance/test_messages_proto2.ts:214:52)
    at file:///Users/thesayyn/Documents/thesayyn/protoc-gen-ts/tests/conformance/bin/main.ts:30:78

  protobuf_test_messages.proto2.TestAllTypesProto2 1
  Error: Assertion failed
    at Object.jspb.asserts.doAssertFailure (https://cdn.skypack.dev/-/google-protobuf@v3.21.2-YDUqZL2TTSsy2lGtfuND/dist=es2019,mode=imports/optimized/google-protobuf.js:778:11)
    at Object.jspb.asserts.assert (https://cdn.skypack.dev/-/google-protobuf@v3.21.2-YDUqZL2TTSsy2lGtfuND/dist=es2019,mode=imports/optimized/google-protobuf.js:783:23)
    at jspb.BinaryReader.readInt32 (https://cdn.skypack.dev/-/google-protobuf@v3.21.2-YDUqZL2TTSsy2lGtfuND/dist=es2019,mode=imports/optimized/google-protobuf.js:4532:18)
    at Function.deserialize (file:///Users/thesayyn/Documents/thesayyn/protoc-gen-ts/target/debug/build/protoc_gen_ts-8cec2bec66276c47/out/test_conformance/test_messages_proto2.ts:214:52)
    at file:///Users/thesayyn/Documents/thesayyn/protoc-gen-ts/tests/conformance/bin/main.ts:30:78

  protobuf_test_messages.proto2.TestAllTypesProto2 1
  Error: Assertion failed
    at Object.jspb.asserts.doAssertFailure (https://cdn.skypack.dev/-/google-protobuf@v3.21.2-YDUqZL2TTSsy2lGtfuND/dist=es2019,mode=imports/optimized/google-protobuf.js:778:11)
    at Object.jspb.asserts.assert (https://cdn.skypack.dev/-/google-protobuf@v3.21.2-YDUqZL2TTSsy2lGtfuND/dist=es2019,mode=imports/optimized/google-protobuf.js:783:23)
    at jspb.BinaryReader.readInt32 (https://cdn.skypack.dev/-/google-protobuf@v3.21.2-YDUqZL2TTSsy2lGtfuND/dist=es2019,mode=imports/optimized/google-protobuf.js:4532:18)
    at Function.deserialize (file:///Users/thesayyn/Documents/thesayyn/protoc-gen-ts/target/debug/build/protoc_gen_ts-8cec2bec66276c47/out/test_conformance/test_messages_proto2.ts:214:52)
    at file:///Users/thesayyn/Documents/thesayyn/protoc-gen-ts/tests/conformance/bin/main.ts:30:78

  protobuf_test_messages.proto3.TestAllTypesProto3 1
  Error: Assertion failed
    at Object.jspb.asserts.doAssertFailure (https://cdn.skypack.dev/-/google-protobuf@v3.21.2-YDUqZL2TTSsy2lGtfuND/dist=es2019,mode=imports/optimized/google-protobuf.js:778:11)
    at Object.jspb.asserts.assert (https://cdn.skypack.dev/-/google-protobuf@v3.21.2-YDUqZL2TTSsy2lGtfuND/dist=es2019,mode=imports/optimized/google-protobuf.js:783:23)
    at jspb.BinaryReader.readInt32 (https://cdn.skypack.dev/-/google-protobuf@v3.21.2-YDUqZL2TTSsy2lGtfuND/dist=es2019,mode=imports/optimized/google-protobuf.js:4532:18)
    at Function.deserialize (file:///Users/thesayyn/Documents/thesayyn/protoc-gen-ts/target/debug/build/protoc_gen_ts-8cec2bec66276c47/out/test_conformance/test_messages_proto3.ts:375:52)
    at file:///Users/thesayyn/Documents/thesayyn/protoc-gen-ts/tests/conformance/bin/main.ts:23:78

  protobuf_test_messages.proto2.TestAllTypesProto2 1
  Error: Assertion failed
    at Object.jspb.asserts.doAssertFailure (https://cdn.skypack.dev/-/google-protobuf@v3.21.2-YDUqZL2TTSsy2lGtfuND/dist=es2019,mode=imports/optimized/google-protobuf.js:778:11)
    at Object.jspb.asserts.assert (https://cdn.skypack.dev/-/google-protobuf@v3.21.2-YDUqZL2TTSsy2lGtfuND/dist=es2019,mode=imports/optimized/google-protobuf.js:783:23)
    at jspb.BinaryWriter.writeUint32 (https://cdn.skypack.dev/-/google-protobuf@v3.21.2-YDUqZL2TTSsy2lGtfuND/dist=es2019,mode=imports/optimized/google-protobuf.js:5227:32)
    at protobuf_test_messages_proto2_TestAllTypesProto2.serialize (file:///Users/thesayyn/Documents/thesayyn/protoc-gen-ts/target/debug/build/protoc_gen_ts-8cec2bec66276c47/out/test_conformance/test_messages_proto2.ts:879:16)
    at file:///Users/thesayyn/Documents/thesayyn/protoc-gen-ts/tests/conformance/bin/main.ts:31:44

  protobuf_test_messages.proto2.TestAllTypesProto2 1
  Error: Assertion failed
    at Object.jspb.asserts.doAssertFailure (https://cdn.skypack.dev/-/google-protobuf@v3.21.2-YDUqZL2TTSsy2lGtfuND/dist=es2019,mode=imports/optimized/google-protobuf.js:778:11)
    at Object.jspb.asserts.assert (https://cdn.skypack.dev/-/google-protobuf@v3.21.2-YDUqZL2TTSsy2lGtfuND/dist=es2019,mode=imports/optimized/google-protobuf.js:783:23)
    at jspb.BinaryWriter.writeUint32 (https://cdn.skypack.dev/-/google-protobuf@v3.21.2-YDUqZL2TTSsy2lGtfuND/dist=es2019,mode=imports/optimized/google-protobuf.js:5227:32)
    at protobuf_test_messages_proto2_TestAllTypesProto2.serialize (file:///Users/thesayyn/Documents/thesayyn/protoc-gen-ts/target/debug/build/protoc_gen_ts-8cec2bec66276c47/out/test_conformance/test_messages_proto2.ts:879:16)
    at file:///Users/thesayyn/Documents/thesayyn/protoc-gen-ts/tests/conformance/bin/main.ts:31:44

  protobuf_test_messages.proto2.TestAllTypesProto2 1
  Error: Assertion failed
    at Object.jspb.asserts.doAssertFailure (https://cdn.skypack.dev/-/google-protobuf@v3.21.2-YDUqZL2TTSsy2lGtfuND/dist=es2019,mode=imports/optimized/google-protobuf.js:778:11)
    at Object.jspb.asserts.assert (https://cdn.skypack.dev/-/google-protobuf@v3.21.2-YDUqZL2TTSsy2lGtfuND/dist=es2019,mode=imports/optimized/google-protobuf.js:783:23)
    at jspb.BinaryWriter.writeUint32 (https://cdn.skypack.dev/-/google-protobuf@v3.21.2-YDUqZL2TTSsy2lGtfuND/dist=es2019,mode=imports/optimized/google-protobuf.js:5227:32)
    at protobuf_test_messages_proto2_TestAllTypesProto2.serialize (file:///Users/thesayyn/Documents/thesayyn/protoc-gen-ts/target/debug/build/protoc_gen_ts-8cec2bec66276c47/out/test_conformance/test_messages_proto2.ts:948:16)
    at file:///Users/thesayyn/Documents/thesayyn/protoc-gen-ts/tests/conformance/bin/main.ts:31:44

  protobuf_test_messages.proto2.TestAllTypesProto2 1
  Error: Assertion failed
    at Object.jspb.asserts.doAssertFailure (https://cdn.skypack.dev/-/google-protobuf@v3.21.2-YDUqZL2TTSsy2lGtfuND/dist=es2019,mode=imports/optimized/google-protobuf.js:778:11)
    at Object.jspb.asserts.assert (https://cdn.skypack.dev/-/google-protobuf@v3.21.2-YDUqZL2TTSsy2lGtfuND/dist=es2019,mode=imports/optimized/google-protobuf.js:783:23)
    at jspb.BinaryReader.readUint32 (https://cdn.skypack.dev/-/google-protobuf@v3.21.2-YDUqZL2TTSsy2lGtfuND/dist=es2019,mode=imports/optimized/google-protobuf.js:4550:18)
    at Function.deserialize (file:///Users/thesayyn/Documents/thesayyn/protoc-gen-ts/target/debug/build/protoc_gen_ts-8cec2bec66276c47/out/test_conformance/test_messages_proto2.ts:220:53)
    at file:///Users/thesayyn/Documents/thesayyn/protoc-gen-ts/tests/conformance/bin/main.ts:30:78

  protobuf_test_messages.proto2.TestAllTypesProto2 1
  Error: Assertion failed
    at Object.jspb.asserts.doAssertFailure (https://cdn.skypack.dev/-/google-protobuf@v3.21.2-YDUqZL2TTSsy2lGtfuND/dist=es2019,mode=imports/optimized/google-protobuf.js:778:11)
    at Object.jspb.asserts.assert (https://cdn.skypack.dev/-/google-protobuf@v3.21.2-YDUqZL2TTSsy2lGtfuND/dist=es2019,mode=imports/optimized/google-protobuf.js:783:23)
    at jspb.BinaryWriter.writeUint32 (https://cdn.skypack.dev/-/google-protobuf@v3.21.2-YDUqZL2TTSsy2lGtfuND/dist=es2019,mode=imports/optimized/google-protobuf.js:5227:32)
    at protobuf_test_messages_proto2_TestAllTypesProto2.serialize (file:///Users/thesayyn/Documents/thesayyn/protoc-gen-ts/target/debug/build/protoc_gen_ts-8cec2bec66276c47/out/test_conformance/test_messages_proto2.ts:948:16)
    at file:///Users/thesayyn/Documents/thesayyn/protoc-gen-ts/tests/conformance/bin/main.ts:31:44

  protobuf_test_messages.proto2.TestAllTypesProto2 1
  Error: Assertion failed
    at Object.jspb.asserts.doAssertFailure (https://cdn.skypack.dev/-/google-protobuf@v3.21.2-YDUqZL2TTSsy2lGtfuND/dist=es2019,mode=imports/optimized/google-protobuf.js:778:11)
    at Object.jspb.asserts.assert (https://cdn.skypack.dev/-/google-protobuf@v3.21.2-YDUqZL2TTSsy2lGtfuND/dist=es2019,mode=imports/optimized/google-protobuf.js:783:23)
    at jspb.BinaryReader.readUint32 (https://cdn.skypack.dev/-/google-protobuf@v3.21.2-YDUqZL2TTSsy2lGtfuND/dist=es2019,mode=imports/optimized/google-protobuf.js:4550:18)
    at Function.deserialize (file:///Users/thesayyn/Documents/thesayyn/protoc-gen-ts/target/debug/build/protoc_gen_ts-8cec2bec66276c47/out/test_conformance/test_messages_proto2.ts:220:53)
    at file:///Users/thesayyn/Documents/thesayyn/protoc-gen-ts/tests/conformance/bin/main.ts:30:78

  protobuf_test_messages.proto2.TestAllTypesProto2 1
  Error: Assertion failed
    at Object.jspb.asserts.doAssertFailure (https://cdn.skypack.dev/-/google-protobuf@v3.21.2-YDUqZL2TTSsy2lGtfuND/dist=es2019,mode=imports/optimized/google-protobuf.js:778:11)
    at Object.jspb.asserts.assert (https://cdn.skypack.dev/-/google-protobuf@v3.21.2-YDUqZL2TTSsy2lGtfuND/dist=es2019,mode=imports/optimized/google-protobuf.js:783:23)
    at jspb.BinaryEncoder.writeUnsignedVarint32 (https://cdn.skypack.dev/-/google-protobuf@v3.21.2-YDUqZL2TTSsy2lGtfuND/dist=es2019,mode=imports/optimized/google-protobuf.js:4791:23)
    at jspb.BinaryWriter.writePackedUint32 (https://cdn.skypack.dev/-/google-protobuf@v3.21.2-YDUqZL2TTSsy2lGtfuND/dist=es2019,mode=imports/optimized/google-protobuf.js:5575:23)
    at protobuf_test_messages_proto2_TestAllTypesProto2.serialize (file:///Users/thesayyn/Documents/thesayyn/protoc-gen-ts/target/debug/build/protoc_gen_ts-8cec2bec66276c47/out/test_conformance/test_messages_proto2.ts:1013:16)
    at file:///Users/thesayyn/Documents/thesayyn/protoc-gen-ts/tests/conformance/bin/main.ts:31:44

  protobuf_test_messages.proto2.TestAllTypesProto2 1
  Error: Assertion failed
    at Object.jspb.asserts.doAssertFailure (https://cdn.skypack.dev/-/google-protobuf@v3.21.2-YDUqZL2TTSsy2lGtfuND/dist=es2019,mode=imports/optimized/google-protobuf.js:778:11)
    at Object.jspb.asserts.assert (https://cdn.skypack.dev/-/google-protobuf@v3.21.2-YDUqZL2TTSsy2lGtfuND/dist=es2019,mode=imports/optimized/google-protobuf.js:783:23)
    at jspb.BinaryEncoder.writeUnsignedVarint32 (https://cdn.skypack.dev/-/google-protobuf@v3.21.2-YDUqZL2TTSsy2lGtfuND/dist=es2019,mode=imports/optimized/google-protobuf.js:4791:23)
    at jspb.BinaryWriter.writePackedUint32 (https://cdn.skypack.dev/-/google-protobuf@v3.21.2-YDUqZL2TTSsy2lGtfuND/dist=es2019,mode=imports/optimized/google-protobuf.js:5575:23)
    at protobuf_test_messages_proto2_TestAllTypesProto2.serialize (file:///Users/thesayyn/Documents/thesayyn/protoc-gen-ts/target/debug/build/protoc_gen_ts-8cec2bec66276c47/out/test_conformance/test_messages_proto2.ts:1013:16)
    at file:///Users/thesayyn/Documents/thesayyn/protoc-gen-ts/tests/conformance/bin/main.ts:31:44

  protobuf_test_messages.proto2.TestAllTypesProto2 1
  Error: Assertion failed
    at Object.jspb.asserts.doAssertFailure (https://cdn.skypack.dev/-/google-protobuf@v3.21.2-YDUqZL2TTSsy2lGtfuND/dist=es2019,mode=imports/optimized/google-protobuf.js:778:11)
    at Object.jspb.asserts.assert (https://cdn.skypack.dev/-/google-protobuf@v3.21.2-YDUqZL2TTSsy2lGtfuND/dist=es2019,mode=imports/optimized/google-protobuf.js:783:23)
    at jspb.BinaryWriter.writeUint32 (https://cdn.skypack.dev/-/google-protobuf@v3.21.2-YDUqZL2TTSsy2lGtfuND/dist=es2019,mode=imports/optimized/google-protobuf.js:5227:32)
    at protobuf_test_messages_proto2_TestAllTypesProto2.serialize (file:///Users/thesayyn/Documents/thesayyn/protoc-gen-ts/target/debug/build/protoc_gen_ts-8cec2bec66276c47/out/test_conformance/test_messages_proto2.ts:948:16)
    at file:///Users/thesayyn/Documents/thesayyn/protoc-gen-ts/tests/conformance/bin/main.ts:31:44

  protobuf_test_messages.proto2.TestAllTypesProto2 1
  Error: Assertion failed
    at Object.jspb.asserts.doAssertFailure (https://cdn.skypack.dev/-/google-protobuf@v3.21.2-YDUqZL2TTSsy2lGtfuND/dist=es2019,mode=imports/optimized/google-protobuf.js:778:11)
    at Object.jspb.asserts.assert (https://cdn.skypack.dev/-/google-protobuf@v3.21.2-YDUqZL2TTSsy2lGtfuND/dist=es2019,mode=imports/optimized/google-protobuf.js:783:23)
    at jspb.BinaryReader.readUint32 (https://cdn.skypack.dev/-/google-protobuf@v3.21.2-YDUqZL2TTSsy2lGtfuND/dist=es2019,mode=imports/optimized/google-protobuf.js:4550:18)
    at Function.deserialize (file:///Users/thesayyn/Documents/thesayyn/protoc-gen-ts/target/debug/build/protoc_gen_ts-8cec2bec66276c47/out/test_conformance/test_messages_proto2.ts:220:53)
    at file:///Users/thesayyn/Documents/thesayyn/protoc-gen-ts/tests/conformance/bin/main.ts:30:78

  protobuf_test_messages.proto3.TestAllTypesProto3 1
  Error: Assertion failed
    at Object.jspb.asserts.doAssertFailure (https://cdn.skypack.dev/-/google-protobuf@v3.21.2-YDUqZL2TTSsy2lGtfuND/dist=es2019,mode=imports/optimized/google-protobuf.js:778:11)
    at Object.jspb.asserts.assert (https://cdn.skypack.dev/-/google-protobuf@v3.21.2-YDUqZL2TTSsy2lGtfuND/dist=es2019,mode=imports/optimized/google-protobuf.js:783:23)
    at jspb.BinaryWriter.writeUint32 (https://cdn.skypack.dev/-/google-protobuf@v3.21.2-YDUqZL2TTSsy2lGtfuND/dist=es2019,mode=imports/optimized/google-protobuf.js:5227:32)
    at protobuf_test_messages_proto3_TestAllTypesProto3.serialize (file:///Users/thesayyn/Documents/thesayyn/protoc-gen-ts/target/debug/build/protoc_gen_ts-8cec2bec66276c47/out/test_conformance/test_messages_proto3.ts:972:16)
    at file:///Users/thesayyn/Documents/thesayyn/protoc-gen-ts/tests/conformance/bin/main.ts:24:44

  protobuf_test_messages.proto3.TestAllTypesProto3 1
  Error: Assertion failed
    at Object.jspb.asserts.doAssertFailure (https://cdn.skypack.dev/-/google-protobuf@v3.21.2-YDUqZL2TTSsy2lGtfuND/dist=es2019,mode=imports/optimized/google-protobuf.js:778:11)
    at Object.jspb.asserts.assert (https://cdn.skypack.dev/-/google-protobuf@v3.21.2-YDUqZL2TTSsy2lGtfuND/dist=es2019,mode=imports/optimized/google-protobuf.js:783:23)
    at jspb.BinaryWriter.writeUint32 (https://cdn.skypack.dev/-/google-protobuf@v3.21.2-YDUqZL2TTSsy2lGtfuND/dist=es2019,mode=imports/optimized/google-protobuf.js:5227:32)
    at protobuf_test_messages_proto3_TestAllTypesProto3.serialize (file:///Users/thesayyn/Documents/thesayyn/protoc-gen-ts/target/debug/build/protoc_gen_ts-8cec2bec66276c47/out/test_conformance/test_messages_proto3.ts:972:16)
    at file:///Users/thesayyn/Documents/thesayyn/protoc-gen-ts/tests/conformance/bin/main.ts:24:44

  protobuf_test_messages.proto3.TestAllTypesProto3 1
  Error: Assertion failed
    at Object.jspb.asserts.doAssertFailure (https://cdn.skypack.dev/-/google-protobuf@v3.21.2-YDUqZL2TTSsy2lGtfuND/dist=es2019,mode=imports/optimized/google-protobuf.js:778:11)
    at Object.jspb.asserts.assert (https://cdn.skypack.dev/-/google-protobuf@v3.21.2-YDUqZL2TTSsy2lGtfuND/dist=es2019,mode=imports/optimized/google-protobuf.js:783:23)
    at jspb.BinaryEncoder.writeUnsignedVarint32 (https://cdn.skypack.dev/-/google-protobuf@v3.21.2-YDUqZL2TTSsy2lGtfuND/dist=es2019,mode=imports/optimized/google-protobuf.js:4791:23)
    at jspb.BinaryWriter.writePackedUint32 (https://cdn.skypack.dev/-/google-protobuf@v3.21.2-YDUqZL2TTSsy2lGtfuND/dist=es2019,mode=imports/optimized/google-protobuf.js:5575:23)
    at protobuf_test_messages_proto3_TestAllTypesProto3.serialize (file:///Users/thesayyn/Documents/thesayyn/protoc-gen-ts/target/debug/build/protoc_gen_ts-8cec2bec66276c47/out/test_conformance/test_messages_proto3.ts:1044:16)
    at file:///Users/thesayyn/Documents/thesayyn/protoc-gen-ts/tests/conformance/bin/main.ts:24:44

  protobuf_test_messages.proto3.TestAllTypesProto3 1
  Error: Assertion failed
    at Object.jspb.asserts.doAssertFailure (https://cdn.skypack.dev/-/google-protobuf@v3.21.2-YDUqZL2TTSsy2lGtfuND/dist=es2019,mode=imports/optimized/google-protobuf.js:778:11)
    at Object.jspb.asserts.assert (https://cdn.skypack.dev/-/google-protobuf@v3.21.2-YDUqZL2TTSsy2lGtfuND/dist=es2019,mode=imports/optimized/google-protobuf.js:783:23)
    at jspb.BinaryEncoder.writeUnsignedVarint32 (https://cdn.skypack.dev/-/google-protobuf@v3.21.2-YDUqZL2TTSsy2lGtfuND/dist=es2019,mode=imports/optimized/google-protobuf.js:4791:23)
    at jspb.BinaryWriter.writePackedUint32 (https://cdn.skypack.dev/-/google-protobuf@v3.21.2-YDUqZL2TTSsy2lGtfuND/dist=es2019,mode=imports/optimized/google-protobuf.js:5575:23)
    at protobuf_test_messages_proto3_TestAllTypesProto3.serialize (file:///Users/thesayyn/Documents/thesayyn/protoc-gen-ts/target/debug/build/protoc_gen_ts-8cec2bec66276c47/out/test_conformance/test_messages_proto3.ts:1044:16)
    at file:///Users/thesayyn/Documents/thesayyn/protoc-gen-ts/tests/conformance/bin/main.ts:24:44

  protobuf_test_messages.proto3.TestAllTypesProto3 1
  Error: Assertion failed
    at Object.jspb.asserts.doAssertFailure (https://cdn.skypack.dev/-/google-protobuf@v3.21.2-YDUqZL2TTSsy2lGtfuND/dist=es2019,mode=imports/optimized/google-protobuf.js:778:11)
    at Object.jspb.asserts.assert (https://cdn.skypack.dev/-/google-protobuf@v3.21.2-YDUqZL2TTSsy2lGtfuND/dist=es2019,mode=imports/optimized/google-protobuf.js:783:23)
    at jspb.BinaryEncoder.writeUnsignedVarint32 (https://cdn.skypack.dev/-/google-protobuf@v3.21.2-YDUqZL2TTSsy2lGtfuND/dist=es2019,mode=imports/optimized/google-protobuf.js:4791:23)
    at jspb.BinaryWriter.writePackedUint32 (https://cdn.skypack.dev/-/google-protobuf@v3.21.2-YDUqZL2TTSsy2lGtfuND/dist=es2019,mode=imports/optimized/google-protobuf.js:5575:23)
    at protobuf_test_messages_proto3_TestAllTypesProto3.serialize (file:///Users/thesayyn/Documents/thesayyn/protoc-gen-ts/target/debug/build/protoc_gen_ts-8cec2bec66276c47/out/test_conformance/test_messages_proto3.ts:1044:16)
    at file:///Users/thesayyn/Documents/thesayyn/protoc-gen-ts/tests/conformance/bin/main.ts:24:44

  protobuf_test_messages.proto3.TestAllTypesProto3 1
  Error: Assertion failed
    at Object.jspb.asserts.doAssertFailure (https://cdn.skypack.dev/-/google-protobuf@v3.21.2-YDUqZL2TTSsy2lGtfuND/dist=es2019,mode=imports/optimized/google-protobuf.js:778:11)
    at Object.jspb.asserts.assert (https://cdn.skypack.dev/-/google-protobuf@v3.21.2-YDUqZL2TTSsy2lGtfuND/dist=es2019,mode=imports/optimized/google-protobuf.js:783:23)
    at jspb.BinaryEncoder.writeUnsignedVarint32 (https://cdn.skypack.dev/-/google-protobuf@v3.21.2-YDUqZL2TTSsy2lGtfuND/dist=es2019,mode=imports/optimized/google-protobuf.js:4791:23)
    at jspb.BinaryWriter.writePackedUint32 (https://cdn.skypack.dev/-/google-protobuf@v3.21.2-YDUqZL2TTSsy2lGtfuND/dist=es2019,mode=imports/optimized/google-protobuf.js:5575:23)
    at protobuf_test_messages_proto3_TestAllTypesProto3.serialize (file:///Users/thesayyn/Documents/thesayyn/protoc-gen-ts/target/debug/build/protoc_gen_ts-8cec2bec66276c47/out/test_conformance/test_messages_proto3.ts:1044:16)
    at file:///Users/thesayyn/Documents/thesayyn/protoc-gen-ts/tests/conformance/bin/main.ts:24:44

  protobuf_test_messages.proto3.TestAllTypesProto3 1
  Error: Assertion failed
    at Object.jspb.asserts.doAssertFailure (https://cdn.skypack.dev/-/google-protobuf@v3.21.2-YDUqZL2TTSsy2lGtfuND/dist=es2019,mode=imports/optimized/google-protobuf.js:778:11)
    at Object.jspb.asserts.assert (https://cdn.skypack.dev/-/google-protobuf@v3.21.2-YDUqZL2TTSsy2lGtfuND/dist=es2019,mode=imports/optimized/google-protobuf.js:783:23)
    at jspb.BinaryEncoder.writeUnsignedVarint32 (https://cdn.skypack.dev/-/google-protobuf@v3.21.2-YDUqZL2TTSsy2lGtfuND/dist=es2019,mode=imports/optimized/google-protobuf.js:4791:23)
    at jspb.BinaryWriter.writePackedUint32 (https://cdn.skypack.dev/-/google-protobuf@v3.21.2-YDUqZL2TTSsy2lGtfuND/dist=es2019,mode=imports/optimized/google-protobuf.js:5575:23)
    at protobuf_test_messages_proto3_TestAllTypesProto3.serialize (file:///Users/thesayyn/Documents/thesayyn/protoc-gen-ts/target/debug/build/protoc_gen_ts-8cec2bec66276c47/out/test_conformance/test_messages_proto3.ts:1044:16)
    at file:///Users/thesayyn/Documents/thesayyn/protoc-gen-ts/tests/conformance/bin/main.ts:24:44

  protobuf_test_messages.proto3.TestAllTypesProto3 1
  Error: Assertion failed
    at Object.jspb.asserts.doAssertFailure (https://cdn.skypack.dev/-/google-protobuf@v3.21.2-YDUqZL2TTSsy2lGtfuND/dist=es2019,mode=imports/optimized/google-protobuf.js:778:11)
    at Object.jspb.asserts.assert (https://cdn.skypack.dev/-/google-protobuf@v3.21.2-YDUqZL2TTSsy2lGtfuND/dist=es2019,mode=imports/optimized/google-protobuf.js:783:23)
    at jspb.BinaryEncoder.writeUnsignedVarint32 (https://cdn.skypack.dev/-/google-protobuf@v3.21.2-YDUqZL2TTSsy2lGtfuND/dist=es2019,mode=imports/optimized/google-protobuf.js:4791:23)
    at jspb.BinaryWriter.writePackedUint32 (https://cdn.skypack.dev/-/google-protobuf@v3.21.2-YDUqZL2TTSsy2lGtfuND/dist=es2019,mode=imports/optimized/google-protobuf.js:5575:23)
    at protobuf_test_messages_proto3_TestAllTypesProto3.serialize (file:///Users/thesayyn/Documents/thesayyn/protoc-gen-ts/target/debug/build/protoc_gen_ts-8cec2bec66276c47/out/test_conformance/test_messages_proto3.ts:1044:16)
    at file:///Users/thesayyn/Documents/thesayyn/protoc-gen-ts/tests/conformance/bin/main.ts:24:44

  protobuf_test_messages.proto3.TestAllTypesProto3 1
  Error: Assertion failed
    at Object.jspb.asserts.doAssertFailure (https://cdn.skypack.dev/-/google-protobuf@v3.21.2-YDUqZL2TTSsy2lGtfuND/dist=es2019,mode=imports/optimized/google-protobuf.js:778:11)
    at Object.jspb.asserts.assert (https://cdn.skypack.dev/-/google-protobuf@v3.21.2-YDUqZL2TTSsy2lGtfuND/dist=es2019,mode=imports/optimized/google-protobuf.js:783:23)
    at jspb.BinaryWriter.writeUint32 (https://cdn.skypack.dev/-/google-protobuf@v3.21.2-YDUqZL2TTSsy2lGtfuND/dist=es2019,mode=imports/optimized/google-protobuf.js:5227:32)
    at protobuf_test_messages_proto3_TestAllTypesProto3.serialize (file:///Users/thesayyn/Documents/thesayyn/protoc-gen-ts/target/debug/build/protoc_gen_ts-8cec2bec66276c47/out/test_conformance/test_messages_proto3.ts:1151:16)
    at file:///Users/thesayyn/Documents/thesayyn/protoc-gen-ts/tests/conformance/bin/main.ts:24:44

  protobuf_test_messages.proto3.TestAllTypesProto3 1
  Error: Assertion failed
    at Object.jspb.asserts.doAssertFailure (https://cdn.skypack.dev/-/google-protobuf@v3.21.2-YDUqZL2TTSsy2lGtfuND/dist=es2019,mode=imports/optimized/google-protobuf.js:778:11)
    at Object.jspb.asserts.assert (https://cdn.skypack.dev/-/google-protobuf@v3.21.2-YDUqZL2TTSsy2lGtfuND/dist=es2019,mode=imports/optimized/google-protobuf.js:783:23)
    at jspb.BinaryReader.readUint32 (https://cdn.skypack.dev/-/google-protobuf@v3.21.2-YDUqZL2TTSsy2lGtfuND/dist=es2019,mode=imports/optimized/google-protobuf.js:4550:18)
    at Function.deserialize (file:///Users/thesayyn/Documents/thesayyn/protoc-gen-ts/target/debug/build/protoc_gen_ts-8cec2bec66276c47/out/test_conformance/test_messages_proto3.ts:381:53)
    at file:///Users/thesayyn/Documents/thesayyn/protoc-gen-ts/tests/conformance/bin/main.ts:23:78

  protobuf_test_messages.proto2.TestAllTypesProto2 1
  Error: Assertion failed
    at Object.jspb.asserts.doAssertFailure (https://cdn.skypack.dev/-/google-protobuf@v3.21.2-YDUqZL2TTSsy2lGtfuND/dist=es2019,mode=imports/optimized/google-protobuf.js:778:11)
    at Object.jspb.asserts.assert (https://cdn.skypack.dev/-/google-protobuf@v3.21.2-YDUqZL2TTSsy2lGtfuND/dist=es2019,mode=imports/optimized/google-protobuf.js:783:23)
    at jspb.BinaryWriter.writeFixed64 (https://cdn.skypack.dev/-/google-protobuf@v3.21.2-YDUqZL2TTSsy2lGtfuND/dist=es2019,mode=imports/optimized/google-protobuf.js:5259:32)
    at protobuf_test_messages_proto2_TestAllTypesProto2.serialize (file:///Users/thesayyn/Documents/thesayyn/protoc-gen-ts/target/debug/build/protoc_gen_ts-8cec2bec66276c47/out/test_conformance/test_messages_proto2.ts:894:16)
    at file:///Users/thesayyn/Documents/thesayyn/protoc-gen-ts/tests/conformance/bin/main.ts:31:44

  protobuf_test_messages.proto2.TestAllTypesProto2 1
  Error: Assertion failed
    at Object.jspb.asserts.doAssertFailure (https://cdn.skypack.dev/-/google-protobuf@v3.21.2-YDUqZL2TTSsy2lGtfuND/dist=es2019,mode=imports/optimized/google-protobuf.js:778:11)
    at Object.jspb.asserts.assert (https://cdn.skypack.dev/-/google-protobuf@v3.21.2-YDUqZL2TTSsy2lGtfuND/dist=es2019,mode=imports/optimized/google-protobuf.js:783:23)
    at jspb.BinaryWriter.writeFixed64 (https://cdn.skypack.dev/-/google-protobuf@v3.21.2-YDUqZL2TTSsy2lGtfuND/dist=es2019,mode=imports/optimized/google-protobuf.js:5259:32)
    at protobuf_test_messages_proto2_TestAllTypesProto2.serialize (file:///Users/thesayyn/Documents/thesayyn/protoc-gen-ts/target/debug/build/protoc_gen_ts-8cec2bec66276c47/out/test_conformance/test_messages_proto2.ts:894:16)
    at file:///Users/thesayyn/Documents/thesayyn/protoc-gen-ts/tests/conformance/bin/main.ts:31:44

  protobuf_test_messages.proto2.TestAllTypesProto2 1
  Error: Assertion failed
    at Object.jspb.asserts.doAssertFailure (https://cdn.skypack.dev/-/google-protobuf@v3.21.2-YDUqZL2TTSsy2lGtfuND/dist=es2019,mode=imports/optimized/google-protobuf.js:778:11)
    at Object.jspb.asserts.assert (https://cdn.skypack.dev/-/google-protobuf@v3.21.2-YDUqZL2TTSsy2lGtfuND/dist=es2019,mode=imports/optimized/google-protobuf.js:783:23)
    at jspb.BinaryWriter.writeFixed64 (https://cdn.skypack.dev/-/google-protobuf@v3.21.2-YDUqZL2TTSsy2lGtfuND/dist=es2019,mode=imports/optimized/google-protobuf.js:5259:32)
    at protobuf_test_messages_proto2_TestAllTypesProto2.serialize (file:///Users/thesayyn/Documents/thesayyn/protoc-gen-ts/target/debug/build/protoc_gen_ts-8cec2bec66276c47/out/test_conformance/test_messages_proto2.ts:894:16)
    at file:///Users/thesayyn/Documents/thesayyn/protoc-gen-ts/tests/conformance/bin/main.ts:31:44

  protobuf_test_messages.proto2.TestAllTypesProto2 1
  Error: Assertion failed
    at Object.jspb.asserts.doAssertFailure (https://cdn.skypack.dev/-/google-protobuf@v3.21.2-YDUqZL2TTSsy2lGtfuND/dist=es2019,mode=imports/optimized/google-protobuf.js:778:11)
    at Object.jspb.asserts.assert (https://cdn.skypack.dev/-/google-protobuf@v3.21.2-YDUqZL2TTSsy2lGtfuND/dist=es2019,mode=imports/optimized/google-protobuf.js:783:23)
    at jspb.BinaryWriter.writeFixed64 (https://cdn.skypack.dev/-/google-protobuf@v3.21.2-YDUqZL2TTSsy2lGtfuND/dist=es2019,mode=imports/optimized/google-protobuf.js:5259:32)
    at protobuf_test_messages_proto2_TestAllTypesProto2.serialize (file:///Users/thesayyn/Documents/thesayyn/protoc-gen-ts/target/debug/build/protoc_gen_ts-8cec2bec66276c47/out/test_conformance/test_messages_proto2.ts:963:16)
    at file:///Users/thesayyn/Documents/thesayyn/protoc-gen-ts/tests/conformance/bin/main.ts:31:44

  protobuf_test_messages.proto2.TestAllTypesProto2 1
  Error: Assertion failed
    at Object.jspb.asserts.doAssertFailure (https://cdn.skypack.dev/-/google-protobuf@v3.21.2-YDUqZL2TTSsy2lGtfuND/dist=es2019,mode=imports/optimized/google-protobuf.js:778:11)
    at Object.jspb.asserts.assert (https://cdn.skypack.dev/-/google-protobuf@v3.21.2-YDUqZL2TTSsy2lGtfuND/dist=es2019,mode=imports/optimized/google-protobuf.js:783:23)
    at jspb.BinaryReader.readFixed64 (https://cdn.skypack.dev/-/google-protobuf@v3.21.2-YDUqZL2TTSsy2lGtfuND/dist=es2019,mode=imports/optimized/google-protobuf.js:4587:18)
    at Function.deserialize (file:///Users/thesayyn/Documents/thesayyn/protoc-gen-ts/target/debug/build/protoc_gen_ts-8cec2bec66276c47/out/test_conformance/test_messages_proto2.ts:235:54)
    at file:///Users/thesayyn/Documents/thesayyn/protoc-gen-ts/tests/conformance/bin/main.ts:30:78

  protobuf_test_messages.proto2.TestAllTypesProto2 1
  Error: Assertion failed
    at Object.jspb.asserts.doAssertFailure (https://cdn.skypack.dev/-/google-protobuf@v3.21.2-YDUqZL2TTSsy2lGtfuND/dist=es2019,mode=imports/optimized/google-protobuf.js:778:11)
    at Object.jspb.asserts.assert (https://cdn.skypack.dev/-/google-protobuf@v3.21.2-YDUqZL2TTSsy2lGtfuND/dist=es2019,mode=imports/optimized/google-protobuf.js:783:23)
    at jspb.BinaryWriter.writeFixed64 (https://cdn.skypack.dev/-/google-protobuf@v3.21.2-YDUqZL2TTSsy2lGtfuND/dist=es2019,mode=imports/optimized/google-protobuf.js:5259:32)
    at protobuf_test_messages_proto2_TestAllTypesProto2.serialize (file:///Users/thesayyn/Documents/thesayyn/protoc-gen-ts/target/debug/build/protoc_gen_ts-8cec2bec66276c47/out/test_conformance/test_messages_proto2.ts:963:16)
    at file:///Users/thesayyn/Documents/thesayyn/protoc-gen-ts/tests/conformance/bin/main.ts:31:44

  protobuf_test_messages.proto2.TestAllTypesProto2 1
  Error: Assertion failed
    at Object.jspb.asserts.doAssertFailure (https://cdn.skypack.dev/-/google-protobuf@v3.21.2-YDUqZL2TTSsy2lGtfuND/dist=es2019,mode=imports/optimized/google-protobuf.js:778:11)
    at Object.jspb.asserts.assert (https://cdn.skypack.dev/-/google-protobuf@v3.21.2-YDUqZL2TTSsy2lGtfuND/dist=es2019,mode=imports/optimized/google-protobuf.js:783:23)
    at jspb.BinaryReader.readFixed64 (https://cdn.skypack.dev/-/google-protobuf@v3.21.2-YDUqZL2TTSsy2lGtfuND/dist=es2019,mode=imports/optimized/google-protobuf.js:4587:18)
    at Function.deserialize (file:///Users/thesayyn/Documents/thesayyn/protoc-gen-ts/target/debug/build/protoc_gen_ts-8cec2bec66276c47/out/test_conformance/test_messages_proto2.ts:235:54)
    at file:///Users/thesayyn/Documents/thesayyn/protoc-gen-ts/tests/conformance/bin/main.ts:30:78

  protobuf_test_messages.proto2.TestAllTypesProto2 1
  Error: Assertion failed
    at Object.jspb.asserts.doAssertFailure (https://cdn.skypack.dev/-/google-protobuf@v3.21.2-YDUqZL2TTSsy2lGtfuND/dist=es2019,mode=imports/optimized/google-protobuf.js:778:11)
    at Object.jspb.asserts.assert (https://cdn.skypack.dev/-/google-protobuf@v3.21.2-YDUqZL2TTSsy2lGtfuND/dist=es2019,mode=imports/optimized/google-protobuf.js:783:23)
    at jspb.BinaryEncoder.writeUint64 (https://cdn.skypack.dev/-/google-protobuf@v3.21.2-YDUqZL2TTSsy2lGtfuND/dist=es2019,mode=imports/optimized/google-protobuf.js:4860:18)
    at jspb.BinaryWriter.writePackedFixed64 (https://cdn.skypack.dev/-/google-protobuf@v3.21.2-YDUqZL2TTSsy2lGtfuND/dist=es2019,mode=imports/optimized/google-protobuf.js:5650:23)
    at protobuf_test_messages_proto2_TestAllTypesProto2.serialize (file:///Users/thesayyn/Documents/thesayyn/protoc-gen-ts/target/debug/build/protoc_gen_ts-8cec2bec66276c47/out/test_conformance/test_messages_proto2.ts:1028:16)
    at file:///Users/thesayyn/Documents/thesayyn/protoc-gen-ts/tests/conformance/bin/main.ts:31:44

  protobuf_test_messages.proto2.TestAllTypesProto2 1
  Error: Assertion failed
    at Object.jspb.asserts.doAssertFailure (https://cdn.skypack.dev/-/google-protobuf@v3.21.2-YDUqZL2TTSsy2lGtfuND/dist=es2019,mode=imports/optimized/google-protobuf.js:778:11)
    at Object.jspb.asserts.assert (https://cdn.skypack.dev/-/google-protobuf@v3.21.2-YDUqZL2TTSsy2lGtfuND/dist=es2019,mode=imports/optimized/google-protobuf.js:783:23)
    at jspb.BinaryEncoder.writeUint64 (https://cdn.skypack.dev/-/google-protobuf@v3.21.2-YDUqZL2TTSsy2lGtfuND/dist=es2019,mode=imports/optimized/google-protobuf.js:4860:18)
    at jspb.BinaryWriter.writePackedFixed64 (https://cdn.skypack.dev/-/google-protobuf@v3.21.2-YDUqZL2TTSsy2lGtfuND/dist=es2019,mode=imports/optimized/google-protobuf.js:5650:23)
    at protobuf_test_messages_proto2_TestAllTypesProto2.serialize (file:///Users/thesayyn/Documents/thesayyn/protoc-gen-ts/target/debug/build/protoc_gen_ts-8cec2bec66276c47/out/test_conformance/test_messages_proto2.ts:1028:16)
    at file:///Users/thesayyn/Documents/thesayyn/protoc-gen-ts/tests/conformance/bin/main.ts:31:44

  protobuf_test_messages.proto2.TestAllTypesProto2 1
  Error: Assertion failed
    at Object.jspb.asserts.doAssertFailure (https://cdn.skypack.dev/-/google-protobuf@v3.21.2-YDUqZL2TTSsy2lGtfuND/dist=es2019,mode=imports/optimized/google-protobuf.js:778:11)
    at Object.jspb.asserts.assert (https://cdn.skypack.dev/-/google-protobuf@v3.21.2-YDUqZL2TTSsy2lGtfuND/dist=es2019,mode=imports/optimized/google-protobuf.js:783:23)
    at jspb.BinaryWriter.writeFixed64 (https://cdn.skypack.dev/-/google-protobuf@v3.21.2-YDUqZL2TTSsy2lGtfuND/dist=es2019,mode=imports/optimized/google-protobuf.js:5259:32)
    at protobuf_test_messages_proto2_TestAllTypesProto2.serialize (file:///Users/thesayyn/Documents/thesayyn/protoc-gen-ts/target/debug/build/protoc_gen_ts-8cec2bec66276c47/out/test_conformance/test_messages_proto2.ts:963:16)
    at file:///Users/thesayyn/Documents/thesayyn/protoc-gen-ts/tests/conformance/bin/main.ts:31:44

  protobuf_test_messages.proto2.TestAllTypesProto2 1
  Error: Assertion failed
    at Object.jspb.asserts.doAssertFailure (https://cdn.skypack.dev/-/google-protobuf@v3.21.2-YDUqZL2TTSsy2lGtfuND/dist=es2019,mode=imports/optimized/google-protobuf.js:778:11)
    at Object.jspb.asserts.assert (https://cdn.skypack.dev/-/google-protobuf@v3.21.2-YDUqZL2TTSsy2lGtfuND/dist=es2019,mode=imports/optimized/google-protobuf.js:783:23)
    at jspb.BinaryReader.readFixed64 (https://cdn.skypack.dev/-/google-protobuf@v3.21.2-YDUqZL2TTSsy2lGtfuND/dist=es2019,mode=imports/optimized/google-protobuf.js:4587:18)
    at Function.deserialize (file:///Users/thesayyn/Documents/thesayyn/protoc-gen-ts/target/debug/build/protoc_gen_ts-8cec2bec66276c47/out/test_conformance/test_messages_proto2.ts:235:54)
    at file:///Users/thesayyn/Documents/thesayyn/protoc-gen-ts/tests/conformance/bin/main.ts:30:78

  protobuf_test_messages.proto3.TestAllTypesProto3 1
  Error: Assertion failed
    at Object.jspb.asserts.doAssertFailure (https://cdn.skypack.dev/-/google-protobuf@v3.21.2-YDUqZL2TTSsy2lGtfuND/dist=es2019,mode=imports/optimized/google-protobuf.js:778:11)
    at Object.jspb.asserts.assert (https://cdn.skypack.dev/-/google-protobuf@v3.21.2-YDUqZL2TTSsy2lGtfuND/dist=es2019,mode=imports/optimized/google-protobuf.js:783:23)
    at jspb.BinaryWriter.writeFixed64 (https://cdn.skypack.dev/-/google-protobuf@v3.21.2-YDUqZL2TTSsy2lGtfuND/dist=es2019,mode=imports/optimized/google-protobuf.js:5259:32)
    at protobuf_test_messages_proto3_TestAllTypesProto3.serialize (file:///Users/thesayyn/Documents/thesayyn/protoc-gen-ts/target/debug/build/protoc_gen_ts-8cec2bec66276c47/out/test_conformance/test_messages_proto3.ts:987:16)
    at file:///Users/thesayyn/Documents/thesayyn/protoc-gen-ts/tests/conformance/bin/main.ts:24:44

  protobuf_test_messages.proto3.TestAllTypesProto3 1
  Error: Assertion failed
    at Object.jspb.asserts.doAssertFailure (https://cdn.skypack.dev/-/google-protobuf@v3.21.2-YDUqZL2TTSsy2lGtfuND/dist=es2019,mode=imports/optimized/google-protobuf.js:778:11)
    at Object.jspb.asserts.assert (https://cdn.skypack.dev/-/google-protobuf@v3.21.2-YDUqZL2TTSsy2lGtfuND/dist=es2019,mode=imports/optimized/google-protobuf.js:783:23)
    at jspb.BinaryWriter.writeFixed64 (https://cdn.skypack.dev/-/google-protobuf@v3.21.2-YDUqZL2TTSsy2lGtfuND/dist=es2019,mode=imports/optimized/google-protobuf.js:5259:32)
    at protobuf_test_messages_proto3_TestAllTypesProto3.serialize (file:///Users/thesayyn/Documents/thesayyn/protoc-gen-ts/target/debug/build/protoc_gen_ts-8cec2bec66276c47/out/test_conformance/test_messages_proto3.ts:987:16)
    at file:///Users/thesayyn/Documents/thesayyn/protoc-gen-ts/tests/conformance/bin/main.ts:24:44

  protobuf_test_messages.proto3.TestAllTypesProto3 1
  Error: Assertion failed
    at Object.jspb.asserts.doAssertFailure (https://cdn.skypack.dev/-/google-protobuf@v3.21.2-YDUqZL2TTSsy2lGtfuND/dist=es2019,mode=imports/optimized/google-protobuf.js:778:11)
    at Object.jspb.asserts.assert (https://cdn.skypack.dev/-/google-protobuf@v3.21.2-YDUqZL2TTSsy2lGtfuND/dist=es2019,mode=imports/optimized/google-protobuf.js:783:23)
    at jspb.BinaryWriter.writeFixed64 (https://cdn.skypack.dev/-/google-protobuf@v3.21.2-YDUqZL2TTSsy2lGtfuND/dist=es2019,mode=imports/optimized/google-protobuf.js:5259:32)
    at protobuf_test_messages_proto3_TestAllTypesProto3.serialize (file:///Users/thesayyn/Documents/thesayyn/protoc-gen-ts/target/debug/build/protoc_gen_ts-8cec2bec66276c47/out/test_conformance/test_messages_proto3.ts:987:16)
    at file:///Users/thesayyn/Documents/thesayyn/protoc-gen-ts/tests/conformance/bin/main.ts:24:44

  protobuf_test_messages.proto3.TestAllTypesProto3 1
  Error: Assertion failed
    at Object.jspb.asserts.doAssertFailure (https://cdn.skypack.dev/-/google-protobuf@v3.21.2-YDUqZL2TTSsy2lGtfuND/dist=es2019,mode=imports/optimized/google-protobuf.js:778:11)
    at Object.jspb.asserts.assert (https://cdn.skypack.dev/-/google-protobuf@v3.21.2-YDUqZL2TTSsy2lGtfuND/dist=es2019,mode=imports/optimized/google-protobuf.js:783:23)
    at jspb.BinaryEncoder.writeUint64 (https://cdn.skypack.dev/-/google-protobuf@v3.21.2-YDUqZL2TTSsy2lGtfuND/dist=es2019,mode=imports/optimized/google-protobuf.js:4860:18)
    at jspb.BinaryWriter.writePackedFixed64 (https://cdn.skypack.dev/-/google-protobuf@v3.21.2-YDUqZL2TTSsy2lGtfuND/dist=es2019,mode=imports/optimized/google-protobuf.js:5650:23)
    at protobuf_test_messages_proto3_TestAllTypesProto3.serialize (file:///Users/thesayyn/Documents/thesayyn/protoc-gen-ts/target/debug/build/protoc_gen_ts-8cec2bec66276c47/out/test_conformance/test_messages_proto3.ts:1059:16)
    at file:///Users/thesayyn/Documents/thesayyn/protoc-gen-ts/tests/conformance/bin/main.ts:24:44

  protobuf_test_messages.proto3.TestAllTypesProto3 1
  Error: Assertion failed
    at Object.jspb.asserts.doAssertFailure (https://cdn.skypack.dev/-/google-protobuf@v3.21.2-YDUqZL2TTSsy2lGtfuND/dist=es2019,mode=imports/optimized/google-protobuf.js:778:11)
    at Object.jspb.asserts.assert (https://cdn.skypack.dev/-/google-protobuf@v3.21.2-YDUqZL2TTSsy2lGtfuND/dist=es2019,mode=imports/optimized/google-protobuf.js:783:23)
    at jspb.BinaryEncoder.writeUint64 (https://cdn.skypack.dev/-/google-protobuf@v3.21.2-YDUqZL2TTSsy2lGtfuND/dist=es2019,mode=imports/optimized/google-protobuf.js:4860:18)
    at jspb.BinaryWriter.writePackedFixed64 (https://cdn.skypack.dev/-/google-protobuf@v3.21.2-YDUqZL2TTSsy2lGtfuND/dist=es2019,mode=imports/optimized/google-protobuf.js:5650:23)
    at protobuf_test_messages_proto3_TestAllTypesProto3.serialize (file:///Users/thesayyn/Documents/thesayyn/protoc-gen-ts/target/debug/build/protoc_gen_ts-8cec2bec66276c47/out/test_conformance/test_messages_proto3.ts:1059:16)
    at file:///Users/thesayyn/Documents/thesayyn/protoc-gen-ts/tests/conformance/bin/main.ts:24:44

  protobuf_test_messages.proto3.TestAllTypesProto3 1
  Error: Assertion failed
    at Object.jspb.asserts.doAssertFailure (https://cdn.skypack.dev/-/google-protobuf@v3.21.2-YDUqZL2TTSsy2lGtfuND/dist=es2019,mode=imports/optimized/google-protobuf.js:778:11)
    at Object.jspb.asserts.assert (https://cdn.skypack.dev/-/google-protobuf@v3.21.2-YDUqZL2TTSsy2lGtfuND/dist=es2019,mode=imports/optimized/google-protobuf.js:783:23)
    at jspb.BinaryEncoder.writeUint64 (https://cdn.skypack.dev/-/google-protobuf@v3.21.2-YDUqZL2TTSsy2lGtfuND/dist=es2019,mode=imports/optimized/google-protobuf.js:4860:18)
    at jspb.BinaryWriter.writePackedFixed64 (https://cdn.skypack.dev/-/google-protobuf@v3.21.2-YDUqZL2TTSsy2lGtfuND/dist=es2019,mode=imports/optimized/google-protobuf.js:5650:23)
    at protobuf_test_messages_proto3_TestAllTypesProto3.serialize (file:///Users/thesayyn/Documents/thesayyn/protoc-gen-ts/target/debug/build/protoc_gen_ts-8cec2bec66276c47/out/test_conformance/test_messages_proto3.ts:1059:16)
    at file:///Users/thesayyn/Documents/thesayyn/protoc-gen-ts/tests/conformance/bin/main.ts:24:44

  protobuf_test_messages.proto3.TestAllTypesProto3 1
  Error: Assertion failed
    at Object.jspb.asserts.doAssertFailure (https://cdn.skypack.dev/-/google-protobuf@v3.21.2-YDUqZL2TTSsy2lGtfuND/dist=es2019,mode=imports/optimized/google-protobuf.js:778:11)
    at Object.jspb.asserts.assert (https://cdn.skypack.dev/-/google-protobuf@v3.21.2-YDUqZL2TTSsy2lGtfuND/dist=es2019,mode=imports/optimized/google-protobuf.js:783:23)
    at jspb.BinaryEncoder.writeUint64 (https://cdn.skypack.dev/-/google-protobuf@v3.21.2-YDUqZL2TTSsy2lGtfuND/dist=es2019,mode=imports/optimized/google-protobuf.js:4860:18)
    at jspb.BinaryWriter.writePackedFixed64 (https://cdn.skypack.dev/-/google-protobuf@v3.21.2-YDUqZL2TTSsy2lGtfuND/dist=es2019,mode=imports/optimized/google-protobuf.js:5650:23)
    at protobuf_test_messages_proto3_TestAllTypesProto3.serialize (file:///Users/thesayyn/Documents/thesayyn/protoc-gen-ts/target/debug/build/protoc_gen_ts-8cec2bec66276c47/out/test_conformance/test_messages_proto3.ts:1059:16)
    at file:///Users/thesayyn/Documents/thesayyn/protoc-gen-ts/tests/conformance/bin/main.ts:24:44

  protobuf_test_messages.proto3.TestAllTypesProto3 1
  Error: Assertion failed
    at Object.jspb.asserts.doAssertFailure (https://cdn.skypack.dev/-/google-protobuf@v3.21.2-YDUqZL2TTSsy2lGtfuND/dist=es2019,mode=imports/optimized/google-protobuf.js:778:11)
    at Object.jspb.asserts.assert (https://cdn.skypack.dev/-/google-protobuf@v3.21.2-YDUqZL2TTSsy2lGtfuND/dist=es2019,mode=imports/optimized/google-protobuf.js:783:23)
    at jspb.BinaryEncoder.writeUint64 (https://cdn.skypack.dev/-/google-protobuf@v3.21.2-YDUqZL2TTSsy2lGtfuND/dist=es2019,mode=imports/optimized/google-protobuf.js:4860:18)
    at jspb.BinaryWriter.writePackedFixed64 (https://cdn.skypack.dev/-/google-protobuf@v3.21.2-YDUqZL2TTSsy2lGtfuND/dist=es2019,mode=imports/optimized/google-protobuf.js:5650:23)
    at protobuf_test_messages_proto3_TestAllTypesProto3.serialize (file:///Users/thesayyn/Documents/thesayyn/protoc-gen-ts/target/debug/build/protoc_gen_ts-8cec2bec66276c47/out/test_conformance/test_messages_proto3.ts:1059:16)
    at file:///Users/thesayyn/Documents/thesayyn/protoc-gen-ts/tests/conformance/bin/main.ts:24:44

  protobuf_test_messages.proto3.TestAllTypesProto3 1
  Error: Assertion failed
    at Object.jspb.asserts.doAssertFailure (https://cdn.skypack.dev/-/google-protobuf@v3.21.2-YDUqZL2TTSsy2lGtfuND/dist=es2019,mode=imports/optimized/google-protobuf.js:778:11)
    at Object.jspb.asserts.assert (https://cdn.skypack.dev/-/google-protobuf@v3.21.2-YDUqZL2TTSsy2lGtfuND/dist=es2019,mode=imports/optimized/google-protobuf.js:783:23)
    at jspb.BinaryEncoder.writeUint64 (https://cdn.skypack.dev/-/google-protobuf@v3.21.2-YDUqZL2TTSsy2lGtfuND/dist=es2019,mode=imports/optimized/google-protobuf.js:4860:18)
    at jspb.BinaryWriter.writePackedFixed64 (https://cdn.skypack.dev/-/google-protobuf@v3.21.2-YDUqZL2TTSsy2lGtfuND/dist=es2019,mode=imports/optimized/google-protobuf.js:5650:23)
    at protobuf_test_messages_proto3_TestAllTypesProto3.serialize (file:///Users/thesayyn/Documents/thesayyn/protoc-gen-ts/target/debug/build/protoc_gen_ts-8cec2bec66276c47/out/test_conformance/test_messages_proto3.ts:1059:16)
    at file:///Users/thesayyn/Documents/thesayyn/protoc-gen-ts/tests/conformance/bin/main.ts:24:44

  protobuf_test_messages.proto3.TestAllTypesProto3 1
  Error: Assertion failed
    at Object.jspb.asserts.doAssertFailure (https://cdn.skypack.dev/-/google-protobuf@v3.21.2-YDUqZL2TTSsy2lGtfuND/dist=es2019,mode=imports/optimized/google-protobuf.js:778:11)
    at Object.jspb.asserts.assert (https://cdn.skypack.dev/-/google-protobuf@v3.21.2-YDUqZL2TTSsy2lGtfuND/dist=es2019,mode=imports/optimized/google-protobuf.js:783:23)
    at jspb.BinaryWriter.writeFixed64 (https://cdn.skypack.dev/-/google-protobuf@v3.21.2-YDUqZL2TTSsy2lGtfuND/dist=es2019,mode=imports/optimized/google-protobuf.js:5259:32)
    at protobuf_test_messages_proto3_TestAllTypesProto3.serialize (file:///Users/thesayyn/Documents/thesayyn/protoc-gen-ts/target/debug/build/protoc_gen_ts-8cec2bec66276c47/out/test_conformance/test_messages_proto3.ts:1166:16)
    at file:///Users/thesayyn/Documents/thesayyn/protoc-gen-ts/tests/conformance/bin/main.ts:24:44

  protobuf_test_messages.proto3.TestAllTypesProto3 1
  Error: Assertion failed
    at Object.jspb.asserts.doAssertFailure (https://cdn.skypack.dev/-/google-protobuf@v3.21.2-YDUqZL2TTSsy2lGtfuND/dist=es2019,mode=imports/optimized/google-protobuf.js:778:11)
    at Object.jspb.asserts.assert (https://cdn.skypack.dev/-/google-protobuf@v3.21.2-YDUqZL2TTSsy2lGtfuND/dist=es2019,mode=imports/optimized/google-protobuf.js:783:23)
    at jspb.BinaryReader.readFixed64 (https://cdn.skypack.dev/-/google-protobuf@v3.21.2-YDUqZL2TTSsy2lGtfuND/dist=es2019,mode=imports/optimized/google-protobuf.js:4587:18)
    at Function.deserialize (file:///Users/thesayyn/Documents/thesayyn/protoc-gen-ts/target/debug/build/protoc_gen_ts-8cec2bec66276c47/out/test_conformance/test_messages_proto3.ts:396:54)
    at file:///Users/thesayyn/Documents/thesayyn/protoc-gen-ts/tests/conformance/bin/main.ts:23:78

  protobuf_test_messages.proto2.TestAllTypesProto2 1
  Error: Assertion failed
    at Object.jspb.asserts.doAssertFailure (https://cdn.skypack.dev/-/google-protobuf@v3.21.2-YDUqZL2TTSsy2lGtfuND/dist=es2019,mode=imports/optimized/google-protobuf.js:778:11)
    at Object.jspb.asserts.assert (https://cdn.skypack.dev/-/google-protobuf@v3.21.2-YDUqZL2TTSsy2lGtfuND/dist=es2019,mode=imports/optimized/google-protobuf.js:783:23)
    at jspb.BinaryReader.readFixed32 (https://cdn.skypack.dev/-/google-protobuf@v3.21.2-YDUqZL2TTSsy2lGtfuND/dist=es2019,mode=imports/optimized/google-protobuf.js:4582:18)
    at Function.deserialize (file:///Users/thesayyn/Documents/thesayyn/protoc-gen-ts/target/debug/build/protoc_gen_ts-8cec2bec66276c47/out/test_conformance/test_messages_proto2.ts:232:54)
    at file:///Users/thesayyn/Documents/thesayyn/protoc-gen-ts/tests/conformance/bin/main.ts:30:78

  protobuf_test_messages.proto2.TestAllTypesProto2 1
  Error: Assertion failed
    at Object.jspb.asserts.doAssertFailure (https://cdn.skypack.dev/-/google-protobuf@v3.21.2-YDUqZL2TTSsy2lGtfuND/dist=es2019,mode=imports/optimized/google-protobuf.js:778:11)
    at Object.jspb.asserts.assert (https://cdn.skypack.dev/-/google-protobuf@v3.21.2-YDUqZL2TTSsy2lGtfuND/dist=es2019,mode=imports/optimized/google-protobuf.js:783:23)
    at jspb.BinaryReader.readFixed32 (https://cdn.skypack.dev/-/google-protobuf@v3.21.2-YDUqZL2TTSsy2lGtfuND/dist=es2019,mode=imports/optimized/google-protobuf.js:4582:18)
    at Function.deserialize (file:///Users/thesayyn/Documents/thesayyn/protoc-gen-ts/target/debug/build/protoc_gen_ts-8cec2bec66276c47/out/test_conformance/test_messages_proto2.ts:232:54)
    at file:///Users/thesayyn/Documents/thesayyn/protoc-gen-ts/tests/conformance/bin/main.ts:30:78

  protobuf_test_messages.proto2.TestAllTypesProto2 1
  Error: Assertion failed
    at Object.jspb.asserts.doAssertFailure (https://cdn.skypack.dev/-/google-protobuf@v3.21.2-YDUqZL2TTSsy2lGtfuND/dist=es2019,mode=imports/optimized/google-protobuf.js:778:11)
    at Object.jspb.asserts.assert (https://cdn.skypack.dev/-/google-protobuf@v3.21.2-YDUqZL2TTSsy2lGtfuND/dist=es2019,mode=imports/optimized/google-protobuf.js:783:23)
    at jspb.BinaryReader.readFixed32 (https://cdn.skypack.dev/-/google-protobuf@v3.21.2-YDUqZL2TTSsy2lGtfuND/dist=es2019,mode=imports/optimized/google-protobuf.js:4582:18)
    at Function.deserialize (file:///Users/thesayyn/Documents/thesayyn/protoc-gen-ts/target/debug/build/protoc_gen_ts-8cec2bec66276c47/out/test_conformance/test_messages_proto2.ts:232:54)
    at file:///Users/thesayyn/Documents/thesayyn/protoc-gen-ts/tests/conformance/bin/main.ts:30:78

  protobuf_test_messages.proto3.TestAllTypesProto3 1
  Error: Assertion failed
    at Object.jspb.asserts.doAssertFailure (https://cdn.skypack.dev/-/google-protobuf@v3.21.2-YDUqZL2TTSsy2lGtfuND/dist=es2019,mode=imports/optimized/google-protobuf.js:778:11)
    at Object.jspb.asserts.assert (https://cdn.skypack.dev/-/google-protobuf@v3.21.2-YDUqZL2TTSsy2lGtfuND/dist=es2019,mode=imports/optimized/google-protobuf.js:783:23)
    at jspb.BinaryReader.readFixed32 (https://cdn.skypack.dev/-/google-protobuf@v3.21.2-YDUqZL2TTSsy2lGtfuND/dist=es2019,mode=imports/optimized/google-protobuf.js:4582:18)
    at Function.deserialize (file:///Users/thesayyn/Documents/thesayyn/protoc-gen-ts/target/debug/build/protoc_gen_ts-8cec2bec66276c47/out/test_conformance/test_messages_proto3.ts:393:54)
    at file:///Users/thesayyn/Documents/thesayyn/protoc-gen-ts/tests/conformance/bin/main.ts:23:78

  protobuf_test_messages.proto2.TestAllTypesProto2 1
  Error: Assertion failed
    at Object.jspb.asserts.doAssertFailure (https://cdn.skypack.dev/-/google-protobuf@v3.21.2-YDUqZL2TTSsy2lGtfuND/dist=es2019,mode=imports/optimized/google-protobuf.js:778:11)
    at Object.jspb.asserts.assert (https://cdn.skypack.dev/-/google-protobuf@v3.21.2-YDUqZL2TTSsy2lGtfuND/dist=es2019,mode=imports/optimized/google-protobuf.js:783:23)
    at jspb.BinaryWriter.writeSfixed64 (https://cdn.skypack.dev/-/google-protobuf@v3.21.2-YDUqZL2TTSsy2lGtfuND/dist=es2019,mode=imports/optimized/google-protobuf.js:5270:32)
    at protobuf_test_messages_proto2_TestAllTypesProto2.serialize (file:///Users/thesayyn/Documents/thesayyn/protoc-gen-ts/target/debug/build/protoc_gen_ts-8cec2bec66276c47/out/test_conformance/test_messages_proto2.ts:900:16)
    at file:///Users/thesayyn/Documents/thesayyn/protoc-gen-ts/tests/conformance/bin/main.ts:31:44

  protobuf_test_messages.proto2.TestAllTypesProto2 1
  Error: Assertion failed
    at Object.jspb.asserts.doAssertFailure (https://cdn.skypack.dev/-/google-protobuf@v3.21.2-YDUqZL2TTSsy2lGtfuND/dist=es2019,mode=imports/optimized/google-protobuf.js:778:11)
    at Object.jspb.asserts.assert (https://cdn.skypack.dev/-/google-protobuf@v3.21.2-YDUqZL2TTSsy2lGtfuND/dist=es2019,mode=imports/optimized/google-protobuf.js:783:23)
    at jspb.BinaryWriter.writeSfixed64 (https://cdn.skypack.dev/-/google-protobuf@v3.21.2-YDUqZL2TTSsy2lGtfuND/dist=es2019,mode=imports/optimized/google-protobuf.js:5270:32)
    at protobuf_test_messages_proto2_TestAllTypesProto2.serialize (file:///Users/thesayyn/Documents/thesayyn/protoc-gen-ts/target/debug/build/protoc_gen_ts-8cec2bec66276c47/out/test_conformance/test_messages_proto2.ts:900:16)
    at file:///Users/thesayyn/Documents/thesayyn/protoc-gen-ts/tests/conformance/bin/main.ts:31:44

  protobuf_test_messages.proto2.TestAllTypesProto2 1
  Error: Assertion failed
    at Object.jspb.asserts.doAssertFailure (https://cdn.skypack.dev/-/google-protobuf@v3.21.2-YDUqZL2TTSsy2lGtfuND/dist=es2019,mode=imports/optimized/google-protobuf.js:778:11)
    at Object.jspb.asserts.assert (https://cdn.skypack.dev/-/google-protobuf@v3.21.2-YDUqZL2TTSsy2lGtfuND/dist=es2019,mode=imports/optimized/google-protobuf.js:783:23)
    at jspb.BinaryWriter.writeSfixed64 (https://cdn.skypack.dev/-/google-protobuf@v3.21.2-YDUqZL2TTSsy2lGtfuND/dist=es2019,mode=imports/optimized/google-protobuf.js:5270:32)
    at protobuf_test_messages_proto2_TestAllTypesProto2.serialize (file:///Users/thesayyn/Documents/thesayyn/protoc-gen-ts/target/debug/build/protoc_gen_ts-8cec2bec66276c47/out/test_conformance/test_messages_proto2.ts:969:16)
    at file:///Users/thesayyn/Documents/thesayyn/protoc-gen-ts/tests/conformance/bin/main.ts:31:44

  protobuf_test_messages.proto2.TestAllTypesProto2 1
  Error: Assertion failed
    at Object.jspb.asserts.doAssertFailure (https://cdn.skypack.dev/-/google-protobuf@v3.21.2-YDUqZL2TTSsy2lGtfuND/dist=es2019,mode=imports/optimized/google-protobuf.js:778:11)
    at Object.jspb.asserts.assert (https://cdn.skypack.dev/-/google-protobuf@v3.21.2-YDUqZL2TTSsy2lGtfuND/dist=es2019,mode=imports/optimized/google-protobuf.js:783:23)
    at jspb.BinaryReader.readSfixed64 (https://cdn.skypack.dev/-/google-protobuf@v3.21.2-YDUqZL2TTSsy2lGtfuND/dist=es2019,mode=imports/optimized/google-protobuf.js:4605:18)
    at Function.deserialize (file:///Users/thesayyn/Documents/thesayyn/protoc-gen-ts/target/debug/build/protoc_gen_ts-8cec2bec66276c47/out/test_conformance/test_messages_proto2.ts:241:55)
    at file:///Users/thesayyn/Documents/thesayyn/protoc-gen-ts/tests/conformance/bin/main.ts:30:78

  protobuf_test_messages.proto2.TestAllTypesProto2 1
  Error: Assertion failed
    at Object.jspb.asserts.doAssertFailure (https://cdn.skypack.dev/-/google-protobuf@v3.21.2-YDUqZL2TTSsy2lGtfuND/dist=es2019,mode=imports/optimized/google-protobuf.js:778:11)
    at Object.jspb.asserts.assert (https://cdn.skypack.dev/-/google-protobuf@v3.21.2-YDUqZL2TTSsy2lGtfuND/dist=es2019,mode=imports/optimized/google-protobuf.js:783:23)
    at jspb.BinaryWriter.writeSfixed64 (https://cdn.skypack.dev/-/google-protobuf@v3.21.2-YDUqZL2TTSsy2lGtfuND/dist=es2019,mode=imports/optimized/google-protobuf.js:5270:32)
    at protobuf_test_messages_proto2_TestAllTypesProto2.serialize (file:///Users/thesayyn/Documents/thesayyn/protoc-gen-ts/target/debug/build/protoc_gen_ts-8cec2bec66276c47/out/test_conformance/test_messages_proto2.ts:969:16)
    at file:///Users/thesayyn/Documents/thesayyn/protoc-gen-ts/tests/conformance/bin/main.ts:31:44

  protobuf_test_messages.proto2.TestAllTypesProto2 1
  Error: Assertion failed
    at Object.jspb.asserts.doAssertFailure (https://cdn.skypack.dev/-/google-protobuf@v3.21.2-YDUqZL2TTSsy2lGtfuND/dist=es2019,mode=imports/optimized/google-protobuf.js:778:11)
    at Object.jspb.asserts.assert (https://cdn.skypack.dev/-/google-protobuf@v3.21.2-YDUqZL2TTSsy2lGtfuND/dist=es2019,mode=imports/optimized/google-protobuf.js:783:23)
    at jspb.BinaryReader.readSfixed64 (https://cdn.skypack.dev/-/google-protobuf@v3.21.2-YDUqZL2TTSsy2lGtfuND/dist=es2019,mode=imports/optimized/google-protobuf.js:4605:18)
    at Function.deserialize (file:///Users/thesayyn/Documents/thesayyn/protoc-gen-ts/target/debug/build/protoc_gen_ts-8cec2bec66276c47/out/test_conformance/test_messages_proto2.ts:241:55)
    at file:///Users/thesayyn/Documents/thesayyn/protoc-gen-ts/tests/conformance/bin/main.ts:30:78

  protobuf_test_messages.proto2.TestAllTypesProto2 1
  Error: Assertion failed
    at Object.jspb.asserts.doAssertFailure (https://cdn.skypack.dev/-/google-protobuf@v3.21.2-YDUqZL2TTSsy2lGtfuND/dist=es2019,mode=imports/optimized/google-protobuf.js:778:11)
    at Object.jspb.asserts.assert (https://cdn.skypack.dev/-/google-protobuf@v3.21.2-YDUqZL2TTSsy2lGtfuND/dist=es2019,mode=imports/optimized/google-protobuf.js:783:23)
    at jspb.BinaryEncoder.writeInt64 (https://cdn.skypack.dev/-/google-protobuf@v3.21.2-YDUqZL2TTSsy2lGtfuND/dist=es2019,mode=imports/optimized/google-protobuf.js:4886:18)
    at jspb.BinaryWriter.writePackedSfixed64 (https://cdn.skypack.dev/-/google-protobuf@v3.21.2-YDUqZL2TTSsy2lGtfuND/dist=es2019,mode=imports/optimized/google-protobuf.js:5669:23)
    at protobuf_test_messages_proto2_TestAllTypesProto2.serialize (file:///Users/thesayyn/Documents/thesayyn/protoc-gen-ts/target/debug/build/protoc_gen_ts-8cec2bec66276c47/out/test_conformance/test_messages_proto2.ts:1034:16)
    at file:///Users/thesayyn/Documents/thesayyn/protoc-gen-ts/tests/conformance/bin/main.ts:31:44

  protobuf_test_messages.proto2.TestAllTypesProto2 1
  Error: Assertion failed
    at Object.jspb.asserts.doAssertFailure (https://cdn.skypack.dev/-/google-protobuf@v3.21.2-YDUqZL2TTSsy2lGtfuND/dist=es2019,mode=imports/optimized/google-protobuf.js:778:11)
    at Object.jspb.asserts.assert (https://cdn.skypack.dev/-/google-protobuf@v3.21.2-YDUqZL2TTSsy2lGtfuND/dist=es2019,mode=imports/optimized/google-protobuf.js:783:23)
    at jspb.BinaryEncoder.writeInt64 (https://cdn.skypack.dev/-/google-protobuf@v3.21.2-YDUqZL2TTSsy2lGtfuND/dist=es2019,mode=imports/optimized/google-protobuf.js:4886:18)
    at jspb.BinaryWriter.writePackedSfixed64 (https://cdn.skypack.dev/-/google-protobuf@v3.21.2-YDUqZL2TTSsy2lGtfuND/dist=es2019,mode=imports/optimized/google-protobuf.js:5669:23)
    at protobuf_test_messages_proto2_TestAllTypesProto2.serialize (file:///Users/thesayyn/Documents/thesayyn/protoc-gen-ts/target/debug/build/protoc_gen_ts-8cec2bec66276c47/out/test_conformance/test_messages_proto2.ts:1034:16)
    at file:///Users/thesayyn/Documents/thesayyn/protoc-gen-ts/tests/conformance/bin/main.ts:31:44

  protobuf_test_messages.proto2.TestAllTypesProto2 1
  Error: Assertion failed
    at Object.jspb.asserts.doAssertFailure (https://cdn.skypack.dev/-/google-protobuf@v3.21.2-YDUqZL2TTSsy2lGtfuND/dist=es2019,mode=imports/optimized/google-protobuf.js:778:11)
    at Object.jspb.asserts.assert (https://cdn.skypack.dev/-/google-protobuf@v3.21.2-YDUqZL2TTSsy2lGtfuND/dist=es2019,mode=imports/optimized/google-protobuf.js:783:23)
    at jspb.BinaryWriter.writeSfixed64 (https://cdn.skypack.dev/-/google-protobuf@v3.21.2-YDUqZL2TTSsy2lGtfuND/dist=es2019,mode=imports/optimized/google-protobuf.js:5270:32)
    at protobuf_test_messages_proto2_TestAllTypesProto2.serialize (file:///Users/thesayyn/Documents/thesayyn/protoc-gen-ts/target/debug/build/protoc_gen_ts-8cec2bec66276c47/out/test_conformance/test_messages_proto2.ts:969:16)
    at file:///Users/thesayyn/Documents/thesayyn/protoc-gen-ts/tests/conformance/bin/main.ts:31:44

  protobuf_test_messages.proto2.TestAllTypesProto2 1
  Error: Assertion failed
    at Object.jspb.asserts.doAssertFailure (https://cdn.skypack.dev/-/google-protobuf@v3.21.2-YDUqZL2TTSsy2lGtfuND/dist=es2019,mode=imports/optimized/google-protobuf.js:778:11)
    at Object.jspb.asserts.assert (https://cdn.skypack.dev/-/google-protobuf@v3.21.2-YDUqZL2TTSsy2lGtfuND/dist=es2019,mode=imports/optimized/google-protobuf.js:783:23)
    at jspb.BinaryReader.readSfixed64 (https://cdn.skypack.dev/-/google-protobuf@v3.21.2-YDUqZL2TTSsy2lGtfuND/dist=es2019,mode=imports/optimized/google-protobuf.js:4605:18)
    at Function.deserialize (file:///Users/thesayyn/Documents/thesayyn/protoc-gen-ts/target/debug/build/protoc_gen_ts-8cec2bec66276c47/out/test_conformance/test_messages_proto2.ts:241:55)
    at file:///Users/thesayyn/Documents/thesayyn/protoc-gen-ts/tests/conformance/bin/main.ts:30:78

  protobuf_test_messages.proto3.TestAllTypesProto3 1
  Error: Assertion failed
    at Object.jspb.asserts.doAssertFailure (https://cdn.skypack.dev/-/google-protobuf@v3.21.2-YDUqZL2TTSsy2lGtfuND/dist=es2019,mode=imports/optimized/google-protobuf.js:778:11)
    at Object.jspb.asserts.assert (https://cdn.skypack.dev/-/google-protobuf@v3.21.2-YDUqZL2TTSsy2lGtfuND/dist=es2019,mode=imports/optimized/google-protobuf.js:783:23)
    at jspb.BinaryWriter.writeSfixed64 (https://cdn.skypack.dev/-/google-protobuf@v3.21.2-YDUqZL2TTSsy2lGtfuND/dist=es2019,mode=imports/optimized/google-protobuf.js:5270:32)
    at protobuf_test_messages_proto3_TestAllTypesProto3.serialize (file:///Users/thesayyn/Documents/thesayyn/protoc-gen-ts/target/debug/build/protoc_gen_ts-8cec2bec66276c47/out/test_conformance/test_messages_proto3.ts:993:16)
    at file:///Users/thesayyn/Documents/thesayyn/protoc-gen-ts/tests/conformance/bin/main.ts:24:44

  protobuf_test_messages.proto3.TestAllTypesProto3 1
  Error: Assertion failed
    at Object.jspb.asserts.doAssertFailure (https://cdn.skypack.dev/-/google-protobuf@v3.21.2-YDUqZL2TTSsy2lGtfuND/dist=es2019,mode=imports/optimized/google-protobuf.js:778:11)
    at Object.jspb.asserts.assert (https://cdn.skypack.dev/-/google-protobuf@v3.21.2-YDUqZL2TTSsy2lGtfuND/dist=es2019,mode=imports/optimized/google-protobuf.js:783:23)
    at jspb.BinaryWriter.writeSfixed64 (https://cdn.skypack.dev/-/google-protobuf@v3.21.2-YDUqZL2TTSsy2lGtfuND/dist=es2019,mode=imports/optimized/google-protobuf.js:5270:32)
    at protobuf_test_messages_proto3_TestAllTypesProto3.serialize (file:///Users/thesayyn/Documents/thesayyn/protoc-gen-ts/target/debug/build/protoc_gen_ts-8cec2bec66276c47/out/test_conformance/test_messages_proto3.ts:993:16)
    at file:///Users/thesayyn/Documents/thesayyn/protoc-gen-ts/tests/conformance/bin/main.ts:24:44

  protobuf_test_messages.proto3.TestAllTypesProto3 1
  Error: Assertion failed
    at Object.jspb.asserts.doAssertFailure (https://cdn.skypack.dev/-/google-protobuf@v3.21.2-YDUqZL2TTSsy2lGtfuND/dist=es2019,mode=imports/optimized/google-protobuf.js:778:11)
    at Object.jspb.asserts.assert (https://cdn.skypack.dev/-/google-protobuf@v3.21.2-YDUqZL2TTSsy2lGtfuND/dist=es2019,mode=imports/optimized/google-protobuf.js:783:23)
    at jspb.BinaryEncoder.writeInt64 (https://cdn.skypack.dev/-/google-protobuf@v3.21.2-YDUqZL2TTSsy2lGtfuND/dist=es2019,mode=imports/optimized/google-protobuf.js:4886:18)
    at jspb.BinaryWriter.writePackedSfixed64 (https://cdn.skypack.dev/-/google-protobuf@v3.21.2-YDUqZL2TTSsy2lGtfuND/dist=es2019,mode=imports/optimized/google-protobuf.js:5669:23)
    at protobuf_test_messages_proto3_TestAllTypesProto3.serialize (file:///Users/thesayyn/Documents/thesayyn/protoc-gen-ts/target/debug/build/protoc_gen_ts-8cec2bec66276c47/out/test_conformance/test_messages_proto3.ts:1065:16)
    at file:///Users/thesayyn/Documents/thesayyn/protoc-gen-ts/tests/conformance/bin/main.ts:24:44

  protobuf_test_messages.proto3.TestAllTypesProto3 1
  Error: Assertion failed
    at Object.jspb.asserts.doAssertFailure (https://cdn.skypack.dev/-/google-protobuf@v3.21.2-YDUqZL2TTSsy2lGtfuND/dist=es2019,mode=imports/optimized/google-protobuf.js:778:11)
    at Object.jspb.asserts.assert (https://cdn.skypack.dev/-/google-protobuf@v3.21.2-YDUqZL2TTSsy2lGtfuND/dist=es2019,mode=imports/optimized/google-protobuf.js:783:23)
    at jspb.BinaryEncoder.writeInt64 (https://cdn.skypack.dev/-/google-protobuf@v3.21.2-YDUqZL2TTSsy2lGtfuND/dist=es2019,mode=imports/optimized/google-protobuf.js:4886:18)
    at jspb.BinaryWriter.writePackedSfixed64 (https://cdn.skypack.dev/-/google-protobuf@v3.21.2-YDUqZL2TTSsy2lGtfuND/dist=es2019,mode=imports/optimized/google-protobuf.js:5669:23)
    at protobuf_test_messages_proto3_TestAllTypesProto3.serialize (file:///Users/thesayyn/Documents/thesayyn/protoc-gen-ts/target/debug/build/protoc_gen_ts-8cec2bec66276c47/out/test_conformance/test_messages_proto3.ts:1065:16)
    at file:///Users/thesayyn/Documents/thesayyn/protoc-gen-ts/tests/conformance/bin/main.ts:24:44

  protobuf_test_messages.proto3.TestAllTypesProto3 1
  Error: Assertion failed
    at Object.jspb.asserts.doAssertFailure (https://cdn.skypack.dev/-/google-protobuf@v3.21.2-YDUqZL2TTSsy2lGtfuND/dist=es2019,mode=imports/optimized/google-protobuf.js:778:11)
    at Object.jspb.asserts.assert (https://cdn.skypack.dev/-/google-protobuf@v3.21.2-YDUqZL2TTSsy2lGtfuND/dist=es2019,mode=imports/optimized/google-protobuf.js:783:23)
    at jspb.BinaryEncoder.writeInt64 (https://cdn.skypack.dev/-/google-protobuf@v3.21.2-YDUqZL2TTSsy2lGtfuND/dist=es2019,mode=imports/optimized/google-protobuf.js:4886:18)
    at jspb.BinaryWriter.writePackedSfixed64 (https://cdn.skypack.dev/-/google-protobuf@v3.21.2-YDUqZL2TTSsy2lGtfuND/dist=es2019,mode=imports/optimized/google-protobuf.js:5669:23)
    at protobuf_test_messages_proto3_TestAllTypesProto3.serialize (file:///Users/thesayyn/Documents/thesayyn/protoc-gen-ts/target/debug/build/protoc_gen_ts-8cec2bec66276c47/out/test_conformance/test_messages_proto3.ts:1065:16)
    at file:///Users/thesayyn/Documents/thesayyn/protoc-gen-ts/tests/conformance/bin/main.ts:24:44

  protobuf_test_messages.proto3.TestAllTypesProto3 1
  Error: Assertion failed
    at Object.jspb.asserts.doAssertFailure (https://cdn.skypack.dev/-/google-protobuf@v3.21.2-YDUqZL2TTSsy2lGtfuND/dist=es2019,mode=imports/optimized/google-protobuf.js:778:11)
    at Object.jspb.asserts.assert (https://cdn.skypack.dev/-/google-protobuf@v3.21.2-YDUqZL2TTSsy2lGtfuND/dist=es2019,mode=imports/optimized/google-protobuf.js:783:23)
    at jspb.BinaryEncoder.writeInt64 (https://cdn.skypack.dev/-/google-protobuf@v3.21.2-YDUqZL2TTSsy2lGtfuND/dist=es2019,mode=imports/optimized/google-protobuf.js:4886:18)
    at jspb.BinaryWriter.writePackedSfixed64 (https://cdn.skypack.dev/-/google-protobuf@v3.21.2-YDUqZL2TTSsy2lGtfuND/dist=es2019,mode=imports/optimized/google-protobuf.js:5669:23)
    at protobuf_test_messages_proto3_TestAllTypesProto3.serialize (file:///Users/thesayyn/Documents/thesayyn/protoc-gen-ts/target/debug/build/protoc_gen_ts-8cec2bec66276c47/out/test_conformance/test_messages_proto3.ts:1065:16)
    at file:///Users/thesayyn/Documents/thesayyn/protoc-gen-ts/tests/conformance/bin/main.ts:24:44

  protobuf_test_messages.proto3.TestAllTypesProto3 1
  Error: Assertion failed
    at Object.jspb.asserts.doAssertFailure (https://cdn.skypack.dev/-/google-protobuf@v3.21.2-YDUqZL2TTSsy2lGtfuND/dist=es2019,mode=imports/optimized/google-protobuf.js:778:11)
    at Object.jspb.asserts.assert (https://cdn.skypack.dev/-/google-protobuf@v3.21.2-YDUqZL2TTSsy2lGtfuND/dist=es2019,mode=imports/optimized/google-protobuf.js:783:23)
    at jspb.BinaryEncoder.writeInt64 (https://cdn.skypack.dev/-/google-protobuf@v3.21.2-YDUqZL2TTSsy2lGtfuND/dist=es2019,mode=imports/optimized/google-protobuf.js:4886:18)
    at jspb.BinaryWriter.writePackedSfixed64 (https://cdn.skypack.dev/-/google-protobuf@v3.21.2-YDUqZL2TTSsy2lGtfuND/dist=es2019,mode=imports/optimized/google-protobuf.js:5669:23)
    at protobuf_test_messages_proto3_TestAllTypesProto3.serialize (file:///Users/thesayyn/Documents/thesayyn/protoc-gen-ts/target/debug/build/protoc_gen_ts-8cec2bec66276c47/out/test_conformance/test_messages_proto3.ts:1065:16)
    at file:///Users/thesayyn/Documents/thesayyn/protoc-gen-ts/tests/conformance/bin/main.ts:24:44

  protobuf_test_messages.proto3.TestAllTypesProto3 1
  Error: Assertion failed
    at Object.jspb.asserts.doAssertFailure (https://cdn.skypack.dev/-/google-protobuf@v3.21.2-YDUqZL2TTSsy2lGtfuND/dist=es2019,mode=imports/optimized/google-protobuf.js:778:11)
    at Object.jspb.asserts.assert (https://cdn.skypack.dev/-/google-protobuf@v3.21.2-YDUqZL2TTSsy2lGtfuND/dist=es2019,mode=imports/optimized/google-protobuf.js:783:23)
    at jspb.BinaryEncoder.writeInt64 (https://cdn.skypack.dev/-/google-protobuf@v3.21.2-YDUqZL2TTSsy2lGtfuND/dist=es2019,mode=imports/optimized/google-protobuf.js:4886:18)
    at jspb.BinaryWriter.writePackedSfixed64 (https://cdn.skypack.dev/-/google-protobuf@v3.21.2-YDUqZL2TTSsy2lGtfuND/dist=es2019,mode=imports/optimized/google-protobuf.js:5669:23)
    at protobuf_test_messages_proto3_TestAllTypesProto3.serialize (file:///Users/thesayyn/Documents/thesayyn/protoc-gen-ts/target/debug/build/protoc_gen_ts-8cec2bec66276c47/out/test_conformance/test_messages_proto3.ts:1065:16)
    at file:///Users/thesayyn/Documents/thesayyn/protoc-gen-ts/tests/conformance/bin/main.ts:24:44

  protobuf_test_messages.proto3.TestAllTypesProto3 1
  Error: Assertion failed
    at Object.jspb.asserts.doAssertFailure (https://cdn.skypack.dev/-/google-protobuf@v3.21.2-YDUqZL2TTSsy2lGtfuND/dist=es2019,mode=imports/optimized/google-protobuf.js:778:11)
    at Object.jspb.asserts.assert (https://cdn.skypack.dev/-/google-protobuf@v3.21.2-YDUqZL2TTSsy2lGtfuND/dist=es2019,mode=imports/optimized/google-protobuf.js:783:23)
    at jspb.BinaryWriter.writeSfixed64 (https://cdn.skypack.dev/-/google-protobuf@v3.21.2-YDUqZL2TTSsy2lGtfuND/dist=es2019,mode=imports/optimized/google-protobuf.js:5270:32)
    at protobuf_test_messages_proto3_TestAllTypesProto3.serialize (file:///Users/thesayyn/Documents/thesayyn/protoc-gen-ts/target/debug/build/protoc_gen_ts-8cec2bec66276c47/out/test_conformance/test_messages_proto3.ts:1172:16)
    at file:///Users/thesayyn/Documents/thesayyn/protoc-gen-ts/tests/conformance/bin/main.ts:24:44

  protobuf_test_messages.proto3.TestAllTypesProto3 1
  Error: Assertion failed
    at Object.jspb.asserts.doAssertFailure (https://cdn.skypack.dev/-/google-protobuf@v3.21.2-YDUqZL2TTSsy2lGtfuND/dist=es2019,mode=imports/optimized/google-protobuf.js:778:11)
    at Object.jspb.asserts.assert (https://cdn.skypack.dev/-/google-protobuf@v3.21.2-YDUqZL2TTSsy2lGtfuND/dist=es2019,mode=imports/optimized/google-protobuf.js:783:23)
    at jspb.BinaryReader.readSfixed64 (https://cdn.skypack.dev/-/google-protobuf@v3.21.2-YDUqZL2TTSsy2lGtfuND/dist=es2019,mode=imports/optimized/google-protobuf.js:4605:18)
    at Function.deserialize (file:///Users/thesayyn/Documents/thesayyn/protoc-gen-ts/target/debug/build/protoc_gen_ts-8cec2bec66276c47/out/test_conformance/test_messages_proto3.ts:402:55)
    at file:///Users/thesayyn/Documents/thesayyn/protoc-gen-ts/tests/conformance/bin/main.ts:23:78

  protobuf_test_messages.proto2.TestAllTypesProto2 1
  Error: Assertion failed
    at Object.jspb.asserts.doAssertFailure (https://cdn.skypack.dev/-/google-protobuf@v3.21.2-YDUqZL2TTSsy2lGtfuND/dist=es2019,mode=imports/optimized/google-protobuf.js:778:11)
    at Object.jspb.asserts.assert (https://cdn.skypack.dev/-/google-protobuf@v3.21.2-YDUqZL2TTSsy2lGtfuND/dist=es2019,mode=imports/optimized/google-protobuf.js:783:23)
    at jspb.BinaryReader.readSfixed32 (https://cdn.skypack.dev/-/google-protobuf@v3.21.2-YDUqZL2TTSsy2lGtfuND/dist=es2019,mode=imports/optimized/google-protobuf.js:4596:18)
    at Function.deserialize (file:///Users/thesayyn/Documents/thesayyn/protoc-gen-ts/target/debug/build/protoc_gen_ts-8cec2bec66276c47/out/test_conformance/test_messages_proto2.ts:238:55)
    at file:///Users/thesayyn/Documents/thesayyn/protoc-gen-ts/tests/conformance/bin/main.ts:30:78

  protobuf_test_messages.proto2.TestAllTypesProto2 1
  Error: Assertion failed
    at Object.jspb.asserts.doAssertFailure (https://cdn.skypack.dev/-/google-protobuf@v3.21.2-YDUqZL2TTSsy2lGtfuND/dist=es2019,mode=imports/optimized/google-protobuf.js:778:11)
    at Object.jspb.asserts.assert (https://cdn.skypack.dev/-/google-protobuf@v3.21.2-YDUqZL2TTSsy2lGtfuND/dist=es2019,mode=imports/optimized/google-protobuf.js:783:23)
    at jspb.BinaryReader.readSfixed32 (https://cdn.skypack.dev/-/google-protobuf@v3.21.2-YDUqZL2TTSsy2lGtfuND/dist=es2019,mode=imports/optimized/google-protobuf.js:4596:18)
    at Function.deserialize (file:///Users/thesayyn/Documents/thesayyn/protoc-gen-ts/target/debug/build/protoc_gen_ts-8cec2bec66276c47/out/test_conformance/test_messages_proto2.ts:238:55)
    at file:///Users/thesayyn/Documents/thesayyn/protoc-gen-ts/tests/conformance/bin/main.ts:30:78

  protobuf_test_messages.proto2.TestAllTypesProto2 1
  Error: Assertion failed
    at Object.jspb.asserts.doAssertFailure (https://cdn.skypack.dev/-/google-protobuf@v3.21.2-YDUqZL2TTSsy2lGtfuND/dist=es2019,mode=imports/optimized/google-protobuf.js:778:11)
    at Object.jspb.asserts.assert (https://cdn.skypack.dev/-/google-protobuf@v3.21.2-YDUqZL2TTSsy2lGtfuND/dist=es2019,mode=imports/optimized/google-protobuf.js:783:23)
    at jspb.BinaryReader.readSfixed32 (https://cdn.skypack.dev/-/google-protobuf@v3.21.2-YDUqZL2TTSsy2lGtfuND/dist=es2019,mode=imports/optimized/google-protobuf.js:4596:18)
    at Function.deserialize (file:///Users/thesayyn/Documents/thesayyn/protoc-gen-ts/target/debug/build/protoc_gen_ts-8cec2bec66276c47/out/test_conformance/test_messages_proto2.ts:238:55)
    at file:///Users/thesayyn/Documents/thesayyn/protoc-gen-ts/tests/conformance/bin/main.ts:30:78

  protobuf_test_messages.proto3.TestAllTypesProto3 1
  Error: Assertion failed
    at Object.jspb.asserts.doAssertFailure (https://cdn.skypack.dev/-/google-protobuf@v3.21.2-YDUqZL2TTSsy2lGtfuND/dist=es2019,mode=imports/optimized/google-protobuf.js:778:11)
    at Object.jspb.asserts.assert (https://cdn.skypack.dev/-/google-protobuf@v3.21.2-YDUqZL2TTSsy2lGtfuND/dist=es2019,mode=imports/optimized/google-protobuf.js:783:23)
    at jspb.BinaryReader.readSfixed32 (https://cdn.skypack.dev/-/google-protobuf@v3.21.2-YDUqZL2TTSsy2lGtfuND/dist=es2019,mode=imports/optimized/google-protobuf.js:4596:18)
    at Function.deserialize (file:///Users/thesayyn/Documents/thesayyn/protoc-gen-ts/target/debug/build/protoc_gen_ts-8cec2bec66276c47/out/test_conformance/test_messages_proto3.ts:399:55)
    at file:///Users/thesayyn/Documents/thesayyn/protoc-gen-ts/tests/conformance/bin/main.ts:23:78

  protobuf_test_messages.proto2.TestAllTypesProto2 1
  Error: Assertion failed
    at Object.jspb.asserts.doAssertFailure (https://cdn.skypack.dev/-/google-protobuf@v3.21.2-YDUqZL2TTSsy2lGtfuND/dist=es2019,mode=imports/optimized/google-protobuf.js:778:11)
    at Object.jspb.asserts.assert (https://cdn.skypack.dev/-/google-protobuf@v3.21.2-YDUqZL2TTSsy2lGtfuND/dist=es2019,mode=imports/optimized/google-protobuf.js:783:23)
    at jspb.BinaryReader.readBool (https://cdn.skypack.dev/-/google-protobuf@v3.21.2-YDUqZL2TTSsy2lGtfuND/dist=es2019,mode=imports/optimized/google-protobuf.js:4624:18)
    at Function.deserialize (file:///Users/thesayyn/Documents/thesayyn/protoc-gen-ts/target/debug/build/protoc_gen_ts-8cec2bec66276c47/out/test_conformance/test_messages_proto2.ts:250:51)
    at file:///Users/thesayyn/Documents/thesayyn/protoc-gen-ts/tests/conformance/bin/main.ts:30:78

  protobuf_test_messages.proto2.TestAllTypesProto2 1
  Error: Assertion failed
    at Object.jspb.asserts.doAssertFailure (https://cdn.skypack.dev/-/google-protobuf@v3.21.2-YDUqZL2TTSsy2lGtfuND/dist=es2019,mode=imports/optimized/google-protobuf.js:778:11)
    at Object.jspb.asserts.assert (https://cdn.skypack.dev/-/google-protobuf@v3.21.2-YDUqZL2TTSsy2lGtfuND/dist=es2019,mode=imports/optimized/google-protobuf.js:783:23)
    at jspb.BinaryReader.readBool (https://cdn.skypack.dev/-/google-protobuf@v3.21.2-YDUqZL2TTSsy2lGtfuND/dist=es2019,mode=imports/optimized/google-protobuf.js:4624:18)
    at Function.deserialize (file:///Users/thesayyn/Documents/thesayyn/protoc-gen-ts/target/debug/build/protoc_gen_ts-8cec2bec66276c47/out/test_conformance/test_messages_proto2.ts:250:51)
    at file:///Users/thesayyn/Documents/thesayyn/protoc-gen-ts/tests/conformance/bin/main.ts:30:78

  protobuf_test_messages.proto2.TestAllTypesProto2 1
  Error: Assertion failed
    at Object.jspb.asserts.doAssertFailure (https://cdn.skypack.dev/-/google-protobuf@v3.21.2-YDUqZL2TTSsy2lGtfuND/dist=es2019,mode=imports/optimized/google-protobuf.js:778:11)
    at Object.jspb.asserts.assert (https://cdn.skypack.dev/-/google-protobuf@v3.21.2-YDUqZL2TTSsy2lGtfuND/dist=es2019,mode=imports/optimized/google-protobuf.js:783:23)
    at jspb.BinaryReader.readBool (https://cdn.skypack.dev/-/google-protobuf@v3.21.2-YDUqZL2TTSsy2lGtfuND/dist=es2019,mode=imports/optimized/google-protobuf.js:4624:18)
    at Function.deserialize (file:///Users/thesayyn/Documents/thesayyn/protoc-gen-ts/target/debug/build/protoc_gen_ts-8cec2bec66276c47/out/test_conformance/test_messages_proto2.ts:250:51)
    at file:///Users/thesayyn/Documents/thesayyn/protoc-gen-ts/tests/conformance/bin/main.ts:30:78

  protobuf_test_messages.proto3.TestAllTypesProto3 1
  Error: Assertion failed
    at Object.jspb.asserts.doAssertFailure (https://cdn.skypack.dev/-/google-protobuf@v3.21.2-YDUqZL2TTSsy2lGtfuND/dist=es2019,mode=imports/optimized/google-protobuf.js:778:11)
    at Object.jspb.asserts.assert (https://cdn.skypack.dev/-/google-protobuf@v3.21.2-YDUqZL2TTSsy2lGtfuND/dist=es2019,mode=imports/optimized/google-protobuf.js:783:23)
    at jspb.BinaryReader.readBool (https://cdn.skypack.dev/-/google-protobuf@v3.21.2-YDUqZL2TTSsy2lGtfuND/dist=es2019,mode=imports/optimized/google-protobuf.js:4624:18)
    at Function.deserialize (file:///Users/thesayyn/Documents/thesayyn/protoc-gen-ts/target/debug/build/protoc_gen_ts-8cec2bec66276c47/out/test_conformance/test_messages_proto3.ts:411:51)
    at file:///Users/thesayyn/Documents/thesayyn/protoc-gen-ts/tests/conformance/bin/main.ts:23:78

  protobuf_test_messages.proto2.TestAllTypesProto2 1
  Error: Assertion failed
    at Object.jspb.asserts.doAssertFailure (https://cdn.skypack.dev/-/google-protobuf@v3.21.2-YDUqZL2TTSsy2lGtfuND/dist=es2019,mode=imports/optimized/google-protobuf.js:778:11)
    at Object.jspb.asserts.assert (https://cdn.skypack.dev/-/google-protobuf@v3.21.2-YDUqZL2TTSsy2lGtfuND/dist=es2019,mode=imports/optimized/google-protobuf.js:783:23)
    at jspb.BinaryReader.readSint32 (https://cdn.skypack.dev/-/google-protobuf@v3.21.2-YDUqZL2TTSsy2lGtfuND/dist=es2019,mode=imports/optimized/google-protobuf.js:4568:18)
    at Function.deserialize (file:///Users/thesayyn/Documents/thesayyn/protoc-gen-ts/target/debug/build/protoc_gen_ts-8cec2bec66276c47/out/test_conformance/test_messages_proto2.ts:226:53)
    at file:///Users/thesayyn/Documents/thesayyn/protoc-gen-ts/tests/conformance/bin/main.ts:30:78

  protobuf_test_messages.proto2.TestAllTypesProto2 1
  Error: Assertion failed
    at Object.jspb.asserts.doAssertFailure (https://cdn.skypack.dev/-/google-protobuf@v3.21.2-YDUqZL2TTSsy2lGtfuND/dist=es2019,mode=imports/optimized/google-protobuf.js:778:11)
    at Object.jspb.asserts.assert (https://cdn.skypack.dev/-/google-protobuf@v3.21.2-YDUqZL2TTSsy2lGtfuND/dist=es2019,mode=imports/optimized/google-protobuf.js:783:23)
    at jspb.BinaryReader.readSint32 (https://cdn.skypack.dev/-/google-protobuf@v3.21.2-YDUqZL2TTSsy2lGtfuND/dist=es2019,mode=imports/optimized/google-protobuf.js:4568:18)
    at Function.deserialize (file:///Users/thesayyn/Documents/thesayyn/protoc-gen-ts/target/debug/build/protoc_gen_ts-8cec2bec66276c47/out/test_conformance/test_messages_proto2.ts:226:53)
    at file:///Users/thesayyn/Documents/thesayyn/protoc-gen-ts/tests/conformance/bin/main.ts:30:78

  protobuf_test_messages.proto2.TestAllTypesProto2 1
  Error: Assertion failed
    at Object.jspb.asserts.doAssertFailure (https://cdn.skypack.dev/-/google-protobuf@v3.21.2-YDUqZL2TTSsy2lGtfuND/dist=es2019,mode=imports/optimized/google-protobuf.js:778:11)
    at Object.jspb.asserts.assert (https://cdn.skypack.dev/-/google-protobuf@v3.21.2-YDUqZL2TTSsy2lGtfuND/dist=es2019,mode=imports/optimized/google-protobuf.js:783:23)
    at jspb.BinaryReader.readSint32 (https://cdn.skypack.dev/-/google-protobuf@v3.21.2-YDUqZL2TTSsy2lGtfuND/dist=es2019,mode=imports/optimized/google-protobuf.js:4568:18)
    at Function.deserialize (file:///Users/thesayyn/Documents/thesayyn/protoc-gen-ts/target/debug/build/protoc_gen_ts-8cec2bec66276c47/out/test_conformance/test_messages_proto2.ts:226:53)
    at file:///Users/thesayyn/Documents/thesayyn/protoc-gen-ts/tests/conformance/bin/main.ts:30:78

  protobuf_test_messages.proto3.TestAllTypesProto3 1
  Error: Assertion failed
    at Object.jspb.asserts.doAssertFailure (https://cdn.skypack.dev/-/google-protobuf@v3.21.2-YDUqZL2TTSsy2lGtfuND/dist=es2019,mode=imports/optimized/google-protobuf.js:778:11)
    at Object.jspb.asserts.assert (https://cdn.skypack.dev/-/google-protobuf@v3.21.2-YDUqZL2TTSsy2lGtfuND/dist=es2019,mode=imports/optimized/google-protobuf.js:783:23)
    at jspb.BinaryReader.readSint32 (https://cdn.skypack.dev/-/google-protobuf@v3.21.2-YDUqZL2TTSsy2lGtfuND/dist=es2019,mode=imports/optimized/google-protobuf.js:4568:18)
    at Function.deserialize (file:///Users/thesayyn/Documents/thesayyn/protoc-gen-ts/target/debug/build/protoc_gen_ts-8cec2bec66276c47/out/test_conformance/test_messages_proto3.ts:387:53)
    at file:///Users/thesayyn/Documents/thesayyn/protoc-gen-ts/tests/conformance/bin/main.ts:23:78

  protobuf_test_messages.proto2.TestAllTypesProto2 1
  Error: Assertion failed
    at Object.jspb.asserts.doAssertFailure (https://cdn.skypack.dev/-/google-protobuf@v3.21.2-YDUqZL2TTSsy2lGtfuND/dist=es2019,mode=imports/optimized/google-protobuf.js:778:11)
    at Object.jspb.asserts.assert (https://cdn.skypack.dev/-/google-protobuf@v3.21.2-YDUqZL2TTSsy2lGtfuND/dist=es2019,mode=imports/optimized/google-protobuf.js:783:23)
    at jspb.BinaryWriter.writeSint64 (https://cdn.skypack.dev/-/google-protobuf@v3.21.2-YDUqZL2TTSsy2lGtfuND/dist=es2019,mode=imports/optimized/google-protobuf.js:5245:32)
    at protobuf_test_messages_proto2_TestAllTypesProto2.serialize (file:///Users/thesayyn/Documents/thesayyn/protoc-gen-ts/target/debug/build/protoc_gen_ts-8cec2bec66276c47/out/test_conformance/test_messages_proto2.ts:888:16)
    at file:///Users/thesayyn/Documents/thesayyn/protoc-gen-ts/tests/conformance/bin/main.ts:31:44

  protobuf_test_messages.proto2.TestAllTypesProto2 1
  Error: Assertion failed
    at Object.jspb.asserts.doAssertFailure (https://cdn.skypack.dev/-/google-protobuf@v3.21.2-YDUqZL2TTSsy2lGtfuND/dist=es2019,mode=imports/optimized/google-protobuf.js:778:11)
    at Object.jspb.asserts.assert (https://cdn.skypack.dev/-/google-protobuf@v3.21.2-YDUqZL2TTSsy2lGtfuND/dist=es2019,mode=imports/optimized/google-protobuf.js:783:23)
    at jspb.BinaryWriter.writeSint64 (https://cdn.skypack.dev/-/google-protobuf@v3.21.2-YDUqZL2TTSsy2lGtfuND/dist=es2019,mode=imports/optimized/google-protobuf.js:5245:32)
    at protobuf_test_messages_proto2_TestAllTypesProto2.serialize (file:///Users/thesayyn/Documents/thesayyn/protoc-gen-ts/target/debug/build/protoc_gen_ts-8cec2bec66276c47/out/test_conformance/test_messages_proto2.ts:888:16)
    at file:///Users/thesayyn/Documents/thesayyn/protoc-gen-ts/tests/conformance/bin/main.ts:31:44

  protobuf_test_messages.proto2.TestAllTypesProto2 1
  Error: Assertion failed
    at Object.jspb.asserts.doAssertFailure (https://cdn.skypack.dev/-/google-protobuf@v3.21.2-YDUqZL2TTSsy2lGtfuND/dist=es2019,mode=imports/optimized/google-protobuf.js:778:11)
    at Object.jspb.asserts.assert (https://cdn.skypack.dev/-/google-protobuf@v3.21.2-YDUqZL2TTSsy2lGtfuND/dist=es2019,mode=imports/optimized/google-protobuf.js:783:23)
    at jspb.BinaryWriter.writeSint64 (https://cdn.skypack.dev/-/google-protobuf@v3.21.2-YDUqZL2TTSsy2lGtfuND/dist=es2019,mode=imports/optimized/google-protobuf.js:5245:32)
    at protobuf_test_messages_proto2_TestAllTypesProto2.serialize (file:///Users/thesayyn/Documents/thesayyn/protoc-gen-ts/target/debug/build/protoc_gen_ts-8cec2bec66276c47/out/test_conformance/test_messages_proto2.ts:957:16)
    at file:///Users/thesayyn/Documents/thesayyn/protoc-gen-ts/tests/conformance/bin/main.ts:31:44

  protobuf_test_messages.proto2.TestAllTypesProto2 1
  Error: Assertion failed
    at Object.jspb.asserts.doAssertFailure (https://cdn.skypack.dev/-/google-protobuf@v3.21.2-YDUqZL2TTSsy2lGtfuND/dist=es2019,mode=imports/optimized/google-protobuf.js:778:11)
    at Object.jspb.asserts.assert (https://cdn.skypack.dev/-/google-protobuf@v3.21.2-YDUqZL2TTSsy2lGtfuND/dist=es2019,mode=imports/optimized/google-protobuf.js:783:23)
    at jspb.BinaryReader.readSint64 (https://cdn.skypack.dev/-/google-protobuf@v3.21.2-YDUqZL2TTSsy2lGtfuND/dist=es2019,mode=imports/optimized/google-protobuf.js:4573:18)
    at Function.deserialize (file:///Users/thesayyn/Documents/thesayyn/protoc-gen-ts/target/debug/build/protoc_gen_ts-8cec2bec66276c47/out/test_conformance/test_messages_proto2.ts:229:53)
    at file:///Users/thesayyn/Documents/thesayyn/protoc-gen-ts/tests/conformance/bin/main.ts:30:78

  protobuf_test_messages.proto2.TestAllTypesProto2 1
  Error: Assertion failed
    at Object.jspb.asserts.doAssertFailure (https://cdn.skypack.dev/-/google-protobuf@v3.21.2-YDUqZL2TTSsy2lGtfuND/dist=es2019,mode=imports/optimized/google-protobuf.js:778:11)
    at Object.jspb.asserts.assert (https://cdn.skypack.dev/-/google-protobuf@v3.21.2-YDUqZL2TTSsy2lGtfuND/dist=es2019,mode=imports/optimized/google-protobuf.js:783:23)
    at jspb.BinaryWriter.writeSint64 (https://cdn.skypack.dev/-/google-protobuf@v3.21.2-YDUqZL2TTSsy2lGtfuND/dist=es2019,mode=imports/optimized/google-protobuf.js:5245:32)
    at protobuf_test_messages_proto2_TestAllTypesProto2.serialize (file:///Users/thesayyn/Documents/thesayyn/protoc-gen-ts/target/debug/build/protoc_gen_ts-8cec2bec66276c47/out/test_conformance/test_messages_proto2.ts:957:16)
    at file:///Users/thesayyn/Documents/thesayyn/protoc-gen-ts/tests/conformance/bin/main.ts:31:44

  protobuf_test_messages.proto2.TestAllTypesProto2 1
  Error: Assertion failed
    at Object.jspb.asserts.doAssertFailure (https://cdn.skypack.dev/-/google-protobuf@v3.21.2-YDUqZL2TTSsy2lGtfuND/dist=es2019,mode=imports/optimized/google-protobuf.js:778:11)
    at Object.jspb.asserts.assert (https://cdn.skypack.dev/-/google-protobuf@v3.21.2-YDUqZL2TTSsy2lGtfuND/dist=es2019,mode=imports/optimized/google-protobuf.js:783:23)
    at jspb.BinaryReader.readSint64 (https://cdn.skypack.dev/-/google-protobuf@v3.21.2-YDUqZL2TTSsy2lGtfuND/dist=es2019,mode=imports/optimized/google-protobuf.js:4573:18)
    at Function.deserialize (file:///Users/thesayyn/Documents/thesayyn/protoc-gen-ts/target/debug/build/protoc_gen_ts-8cec2bec66276c47/out/test_conformance/test_messages_proto2.ts:229:53)
    at file:///Users/thesayyn/Documents/thesayyn/protoc-gen-ts/tests/conformance/bin/main.ts:30:78

  protobuf_test_messages.proto2.TestAllTypesProto2 1
  Error: Assertion failed
    at Object.jspb.asserts.doAssertFailure (https://cdn.skypack.dev/-/google-protobuf@v3.21.2-YDUqZL2TTSsy2lGtfuND/dist=es2019,mode=imports/optimized/google-protobuf.js:778:11)
    at Object.jspb.asserts.assert (https://cdn.skypack.dev/-/google-protobuf@v3.21.2-YDUqZL2TTSsy2lGtfuND/dist=es2019,mode=imports/optimized/google-protobuf.js:783:23)
    at jspb.BinaryEncoder.writeZigzagVarint64 (https://cdn.skypack.dev/-/google-protobuf@v3.21.2-YDUqZL2TTSsy2lGtfuND/dist=es2019,mode=imports/optimized/google-protobuf.js:4825:18)
    at jspb.BinaryWriter.writePackedSint64 (https://cdn.skypack.dev/-/google-protobuf@v3.21.2-YDUqZL2TTSsy2lGtfuND/dist=es2019,mode=imports/optimized/google-protobuf.js:5620:23)
    at protobuf_test_messages_proto2_TestAllTypesProto2.serialize (file:///Users/thesayyn/Documents/thesayyn/protoc-gen-ts/target/debug/build/protoc_gen_ts-8cec2bec66276c47/out/test_conformance/test_messages_proto2.ts:1022:16)
    at file:///Users/thesayyn/Documents/thesayyn/protoc-gen-ts/tests/conformance/bin/main.ts:31:44

  protobuf_test_messages.proto2.TestAllTypesProto2 1
  Error: Assertion failed
    at Object.jspb.asserts.doAssertFailure (https://cdn.skypack.dev/-/google-protobuf@v3.21.2-YDUqZL2TTSsy2lGtfuND/dist=es2019,mode=imports/optimized/google-protobuf.js:778:11)
    at Object.jspb.asserts.assert (https://cdn.skypack.dev/-/google-protobuf@v3.21.2-YDUqZL2TTSsy2lGtfuND/dist=es2019,mode=imports/optimized/google-protobuf.js:783:23)
    at jspb.BinaryEncoder.writeZigzagVarint64 (https://cdn.skypack.dev/-/google-protobuf@v3.21.2-YDUqZL2TTSsy2lGtfuND/dist=es2019,mode=imports/optimized/google-protobuf.js:4825:18)
    at jspb.BinaryWriter.writePackedSint64 (https://cdn.skypack.dev/-/google-protobuf@v3.21.2-YDUqZL2TTSsy2lGtfuND/dist=es2019,mode=imports/optimized/google-protobuf.js:5620:23)
    at protobuf_test_messages_proto2_TestAllTypesProto2.serialize (file:///Users/thesayyn/Documents/thesayyn/protoc-gen-ts/target/debug/build/protoc_gen_ts-8cec2bec66276c47/out/test_conformance/test_messages_proto2.ts:1022:16)
    at file:///Users/thesayyn/Documents/thesayyn/protoc-gen-ts/tests/conformance/bin/main.ts:31:44

  protobuf_test_messages.proto2.TestAllTypesProto2 1
  Error: Assertion failed
    at Object.jspb.asserts.doAssertFailure (https://cdn.skypack.dev/-/google-protobuf@v3.21.2-YDUqZL2TTSsy2lGtfuND/dist=es2019,mode=imports/optimized/google-protobuf.js:778:11)
    at Object.jspb.asserts.assert (https://cdn.skypack.dev/-/google-protobuf@v3.21.2-YDUqZL2TTSsy2lGtfuND/dist=es2019,mode=imports/optimized/google-protobuf.js:783:23)
    at jspb.BinaryWriter.writeSint64 (https://cdn.skypack.dev/-/google-protobuf@v3.21.2-YDUqZL2TTSsy2lGtfuND/dist=es2019,mode=imports/optimized/google-protobuf.js:5245:32)
    at protobuf_test_messages_proto2_TestAllTypesProto2.serialize (file:///Users/thesayyn/Documents/thesayyn/protoc-gen-ts/target/debug/build/protoc_gen_ts-8cec2bec66276c47/out/test_conformance/test_messages_proto2.ts:957:16)
    at file:///Users/thesayyn/Documents/thesayyn/protoc-gen-ts/tests/conformance/bin/main.ts:31:44

  protobuf_test_messages.proto2.TestAllTypesProto2 1
  Error: Assertion failed
    at Object.jspb.asserts.doAssertFailure (https://cdn.skypack.dev/-/google-protobuf@v3.21.2-YDUqZL2TTSsy2lGtfuND/dist=es2019,mode=imports/optimized/google-protobuf.js:778:11)
    at Object.jspb.asserts.assert (https://cdn.skypack.dev/-/google-protobuf@v3.21.2-YDUqZL2TTSsy2lGtfuND/dist=es2019,mode=imports/optimized/google-protobuf.js:783:23)
    at jspb.BinaryReader.readSint64 (https://cdn.skypack.dev/-/google-protobuf@v3.21.2-YDUqZL2TTSsy2lGtfuND/dist=es2019,mode=imports/optimized/google-protobuf.js:4573:18)
    at Function.deserialize (file:///Users/thesayyn/Documents/thesayyn/protoc-gen-ts/target/debug/build/protoc_gen_ts-8cec2bec66276c47/out/test_conformance/test_messages_proto2.ts:229:53)
    at file:///Users/thesayyn/Documents/thesayyn/protoc-gen-ts/tests/conformance/bin/main.ts:30:78

  protobuf_test_messages.proto3.TestAllTypesProto3 1
  Error: Assertion failed
    at Object.jspb.asserts.doAssertFailure (https://cdn.skypack.dev/-/google-protobuf@v3.21.2-YDUqZL2TTSsy2lGtfuND/dist=es2019,mode=imports/optimized/google-protobuf.js:778:11)
    at Object.jspb.asserts.assert (https://cdn.skypack.dev/-/google-protobuf@v3.21.2-YDUqZL2TTSsy2lGtfuND/dist=es2019,mode=imports/optimized/google-protobuf.js:783:23)
    at jspb.BinaryWriter.writeSint64 (https://cdn.skypack.dev/-/google-protobuf@v3.21.2-YDUqZL2TTSsy2lGtfuND/dist=es2019,mode=imports/optimized/google-protobuf.js:5245:32)
    at protobuf_test_messages_proto3_TestAllTypesProto3.serialize (file:///Users/thesayyn/Documents/thesayyn/protoc-gen-ts/target/debug/build/protoc_gen_ts-8cec2bec66276c47/out/test_conformance/test_messages_proto3.ts:981:16)
    at file:///Users/thesayyn/Documents/thesayyn/protoc-gen-ts/tests/conformance/bin/main.ts:24:44

  protobuf_test_messages.proto3.TestAllTypesProto3 1
  Error: Assertion failed
    at Object.jspb.asserts.doAssertFailure (https://cdn.skypack.dev/-/google-protobuf@v3.21.2-YDUqZL2TTSsy2lGtfuND/dist=es2019,mode=imports/optimized/google-protobuf.js:778:11)
    at Object.jspb.asserts.assert (https://cdn.skypack.dev/-/google-protobuf@v3.21.2-YDUqZL2TTSsy2lGtfuND/dist=es2019,mode=imports/optimized/google-protobuf.js:783:23)
    at jspb.BinaryWriter.writeSint64 (https://cdn.skypack.dev/-/google-protobuf@v3.21.2-YDUqZL2TTSsy2lGtfuND/dist=es2019,mode=imports/optimized/google-protobuf.js:5245:32)
    at protobuf_test_messages_proto3_TestAllTypesProto3.serialize (file:///Users/thesayyn/Documents/thesayyn/protoc-gen-ts/target/debug/build/protoc_gen_ts-8cec2bec66276c47/out/test_conformance/test_messages_proto3.ts:981:16)
    at file:///Users/thesayyn/Documents/thesayyn/protoc-gen-ts/tests/conformance/bin/main.ts:24:44

  protobuf_test_messages.proto3.TestAllTypesProto3 1
  Error: Assertion failed
    at Object.jspb.asserts.doAssertFailure (https://cdn.skypack.dev/-/google-protobuf@v3.21.2-YDUqZL2TTSsy2lGtfuND/dist=es2019,mode=imports/optimized/google-protobuf.js:778:11)
    at Object.jspb.asserts.assert (https://cdn.skypack.dev/-/google-protobuf@v3.21.2-YDUqZL2TTSsy2lGtfuND/dist=es2019,mode=imports/optimized/google-protobuf.js:783:23)
    at jspb.BinaryEncoder.writeZigzagVarint64 (https://cdn.skypack.dev/-/google-protobuf@v3.21.2-YDUqZL2TTSsy2lGtfuND/dist=es2019,mode=imports/optimized/google-protobuf.js:4825:18)
    at jspb.BinaryWriter.writePackedSint64 (https://cdn.skypack.dev/-/google-protobuf@v3.21.2-YDUqZL2TTSsy2lGtfuND/dist=es2019,mode=imports/optimized/google-protobuf.js:5620:23)
    at protobuf_test_messages_proto3_TestAllTypesProto3.serialize (file:///Users/thesayyn/Documents/thesayyn/protoc-gen-ts/target/debug/build/protoc_gen_ts-8cec2bec66276c47/out/test_conformance/test_messages_proto3.ts:1053:16)
    at file:///Users/thesayyn/Documents/thesayyn/protoc-gen-ts/tests/conformance/bin/main.ts:24:44

  protobuf_test_messages.proto3.TestAllTypesProto3 1
  Error: Assertion failed
    at Object.jspb.asserts.doAssertFailure (https://cdn.skypack.dev/-/google-protobuf@v3.21.2-YDUqZL2TTSsy2lGtfuND/dist=es2019,mode=imports/optimized/google-protobuf.js:778:11)
    at Object.jspb.asserts.assert (https://cdn.skypack.dev/-/google-protobuf@v3.21.2-YDUqZL2TTSsy2lGtfuND/dist=es2019,mode=imports/optimized/google-protobuf.js:783:23)
    at jspb.BinaryEncoder.writeZigzagVarint64 (https://cdn.skypack.dev/-/google-protobuf@v3.21.2-YDUqZL2TTSsy2lGtfuND/dist=es2019,mode=imports/optimized/google-protobuf.js:4825:18)
    at jspb.BinaryWriter.writePackedSint64 (https://cdn.skypack.dev/-/google-protobuf@v3.21.2-YDUqZL2TTSsy2lGtfuND/dist=es2019,mode=imports/optimized/google-protobuf.js:5620:23)
    at protobuf_test_messages_proto3_TestAllTypesProto3.serialize (file:///Users/thesayyn/Documents/thesayyn/protoc-gen-ts/target/debug/build/protoc_gen_ts-8cec2bec66276c47/out/test_conformance/test_messages_proto3.ts:1053:16)
    at file:///Users/thesayyn/Documents/thesayyn/protoc-gen-ts/tests/conformance/bin/main.ts:24:44

  protobuf_test_messages.proto3.TestAllTypesProto3 1
  Error: Assertion failed
    at Object.jspb.asserts.doAssertFailure (https://cdn.skypack.dev/-/google-protobuf@v3.21.2-YDUqZL2TTSsy2lGtfuND/dist=es2019,mode=imports/optimized/google-protobuf.js:778:11)
    at Object.jspb.asserts.assert (https://cdn.skypack.dev/-/google-protobuf@v3.21.2-YDUqZL2TTSsy2lGtfuND/dist=es2019,mode=imports/optimized/google-protobuf.js:783:23)
    at jspb.BinaryEncoder.writeZigzagVarint64 (https://cdn.skypack.dev/-/google-protobuf@v3.21.2-YDUqZL2TTSsy2lGtfuND/dist=es2019,mode=imports/optimized/google-protobuf.js:4825:18)
    at jspb.BinaryWriter.writePackedSint64 (https://cdn.skypack.dev/-/google-protobuf@v3.21.2-YDUqZL2TTSsy2lGtfuND/dist=es2019,mode=imports/optimized/google-protobuf.js:5620:23)
    at protobuf_test_messages_proto3_TestAllTypesProto3.serialize (file:///Users/thesayyn/Documents/thesayyn/protoc-gen-ts/target/debug/build/protoc_gen_ts-8cec2bec66276c47/out/test_conformance/test_messages_proto3.ts:1053:16)
    at file:///Users/thesayyn/Documents/thesayyn/protoc-gen-ts/tests/conformance/bin/main.ts:24:44

  protobuf_test_messages.proto3.TestAllTypesProto3 1
  Error: Assertion failed
    at Object.jspb.asserts.doAssertFailure (https://cdn.skypack.dev/-/google-protobuf@v3.21.2-YDUqZL2TTSsy2lGtfuND/dist=es2019,mode=imports/optimized/google-protobuf.js:778:11)
    at Object.jspb.asserts.assert (https://cdn.skypack.dev/-/google-protobuf@v3.21.2-YDUqZL2TTSsy2lGtfuND/dist=es2019,mode=imports/optimized/google-protobuf.js:783:23)
    at jspb.BinaryEncoder.writeZigzagVarint64 (https://cdn.skypack.dev/-/google-protobuf@v3.21.2-YDUqZL2TTSsy2lGtfuND/dist=es2019,mode=imports/optimized/google-protobuf.js:4825:18)
    at jspb.BinaryWriter.writePackedSint64 (https://cdn.skypack.dev/-/google-protobuf@v3.21.2-YDUqZL2TTSsy2lGtfuND/dist=es2019,mode=imports/optimized/google-protobuf.js:5620:23)
    at protobuf_test_messages_proto3_TestAllTypesProto3.serialize (file:///Users/thesayyn/Documents/thesayyn/protoc-gen-ts/target/debug/build/protoc_gen_ts-8cec2bec66276c47/out/test_conformance/test_messages_proto3.ts:1053:16)
    at file:///Users/thesayyn/Documents/thesayyn/protoc-gen-ts/tests/conformance/bin/main.ts:24:44

  protobuf_test_messages.proto3.TestAllTypesProto3 1
  Error: Assertion failed
    at Object.jspb.asserts.doAssertFailure (https://cdn.skypack.dev/-/google-protobuf@v3.21.2-YDUqZL2TTSsy2lGtfuND/dist=es2019,mode=imports/optimized/google-protobuf.js:778:11)
    at Object.jspb.asserts.assert (https://cdn.skypack.dev/-/google-protobuf@v3.21.2-YDUqZL2TTSsy2lGtfuND/dist=es2019,mode=imports/optimized/google-protobuf.js:783:23)
    at jspb.BinaryEncoder.writeZigzagVarint64 (https://cdn.skypack.dev/-/google-protobuf@v3.21.2-YDUqZL2TTSsy2lGtfuND/dist=es2019,mode=imports/optimized/google-protobuf.js:4825:18)
    at jspb.BinaryWriter.writePackedSint64 (https://cdn.skypack.dev/-/google-protobuf@v3.21.2-YDUqZL2TTSsy2lGtfuND/dist=es2019,mode=imports/optimized/google-protobuf.js:5620:23)
    at protobuf_test_messages_proto3_TestAllTypesProto3.serialize (file:///Users/thesayyn/Documents/thesayyn/protoc-gen-ts/target/debug/build/protoc_gen_ts-8cec2bec66276c47/out/test_conformance/test_messages_proto3.ts:1053:16)
    at file:///Users/thesayyn/Documents/thesayyn/protoc-gen-ts/tests/conformance/bin/main.ts:24:44

  protobuf_test_messages.proto3.TestAllTypesProto3 1
  Error: Assertion failed
    at Object.jspb.asserts.doAssertFailure (https://cdn.skypack.dev/-/google-protobuf@v3.21.2-YDUqZL2TTSsy2lGtfuND/dist=es2019,mode=imports/optimized/google-protobuf.js:778:11)
    at Object.jspb.asserts.assert (https://cdn.skypack.dev/-/google-protobuf@v3.21.2-YDUqZL2TTSsy2lGtfuND/dist=es2019,mode=imports/optimized/google-protobuf.js:783:23)
    at jspb.BinaryEncoder.writeZigzagVarint64 (https://cdn.skypack.dev/-/google-protobuf@v3.21.2-YDUqZL2TTSsy2lGtfuND/dist=es2019,mode=imports/optimized/google-protobuf.js:4825:18)
    at jspb.BinaryWriter.writePackedSint64 (https://cdn.skypack.dev/-/google-protobuf@v3.21.2-YDUqZL2TTSsy2lGtfuND/dist=es2019,mode=imports/optimized/google-protobuf.js:5620:23)
    at protobuf_test_messages_proto3_TestAllTypesProto3.serialize (file:///Users/thesayyn/Documents/thesayyn/protoc-gen-ts/target/debug/build/protoc_gen_ts-8cec2bec66276c47/out/test_conformance/test_messages_proto3.ts:1053:16)
    at file:///Users/thesayyn/Documents/thesayyn/protoc-gen-ts/tests/conformance/bin/main.ts:24:44

  protobuf_test_messages.proto3.TestAllTypesProto3 1
  Error: Assertion failed
    at Object.jspb.asserts.doAssertFailure (https://cdn.skypack.dev/-/google-protobuf@v3.21.2-YDUqZL2TTSsy2lGtfuND/dist=es2019,mode=imports/optimized/google-protobuf.js:778:11)
    at Object.jspb.asserts.assert (https://cdn.skypack.dev/-/google-protobuf@v3.21.2-YDUqZL2TTSsy2lGtfuND/dist=es2019,mode=imports/optimized/google-protobuf.js:783:23)
    at jspb.BinaryWriter.writeSint64 (https://cdn.skypack.dev/-/google-protobuf@v3.21.2-YDUqZL2TTSsy2lGtfuND/dist=es2019,mode=imports/optimized/google-protobuf.js:5245:32)
    at protobuf_test_messages_proto3_TestAllTypesProto3.serialize (file:///Users/thesayyn/Documents/thesayyn/protoc-gen-ts/target/debug/build/protoc_gen_ts-8cec2bec66276c47/out/test_conformance/test_messages_proto3.ts:1160:16)
    at file:///Users/thesayyn/Documents/thesayyn/protoc-gen-ts/tests/conformance/bin/main.ts:24:44

  protobuf_test_messages.proto3.TestAllTypesProto3 1
  Error: Assertion failed
    at Object.jspb.asserts.doAssertFailure (https://cdn.skypack.dev/-/google-protobuf@v3.21.2-YDUqZL2TTSsy2lGtfuND/dist=es2019,mode=imports/optimized/google-protobuf.js:778:11)
    at Object.jspb.asserts.assert (https://cdn.skypack.dev/-/google-protobuf@v3.21.2-YDUqZL2TTSsy2lGtfuND/dist=es2019,mode=imports/optimized/google-protobuf.js:783:23)
    at jspb.BinaryReader.readSint64 (https://cdn.skypack.dev/-/google-protobuf@v3.21.2-YDUqZL2TTSsy2lGtfuND/dist=es2019,mode=imports/optimized/google-protobuf.js:4573:18)
    at Function.deserialize (file:///Users/thesayyn/Documents/thesayyn/protoc-gen-ts/target/debug/build/protoc_gen_ts-8cec2bec66276c47/out/test_conformance/test_messages_proto3.ts:390:53)
    at file:///Users/thesayyn/Documents/thesayyn/protoc-gen-ts/tests/conformance/bin/main.ts:23:78

  protobuf_test_messages.proto2.TestAllTypesProto2 1
  Error: Assertion failed
    at Object.jspb.asserts.doAssertFailure (https://cdn.skypack.dev/-/google-protobuf@v3.21.2-YDUqZL2TTSsy2lGtfuND/dist=es2019,mode=imports/optimized/google-protobuf.js:778:11)
    at Object.jspb.asserts.assert (https://cdn.skypack.dev/-/google-protobuf@v3.21.2-YDUqZL2TTSsy2lGtfuND/dist=es2019,mode=imports/optimized/google-protobuf.js:783:23)
    at jspb.BinaryWriter.writeEnum (https://cdn.skypack.dev/-/google-protobuf@v3.21.2-YDUqZL2TTSsy2lGtfuND/dist=es2019,mode=imports/optimized/google-protobuf.js:5289:32)
    at protobuf_test_messages_proto2_TestAllTypesProto2.serialize (file:///Users/thesayyn/Documents/thesayyn/protoc-gen-ts/target/debug/build/protoc_gen_ts-8cec2bec66276c47/out/test_conformance/test_messages_proto2.ts:926:16)
    at file:///Users/thesayyn/Documents/thesayyn/protoc-gen-ts/tests/conformance/bin/main.ts:31:44

  protobuf_test_messages.proto2.TestAllTypesProto2 1
  Error: Assertion failed
    at Object.jspb.asserts.doAssertFailure (https://cdn.skypack.dev/-/google-protobuf@v3.21.2-YDUqZL2TTSsy2lGtfuND/dist=es2019,mode=imports/optimized/google-protobuf.js:778:11)
    at Object.jspb.asserts.assert (https://cdn.skypack.dev/-/google-protobuf@v3.21.2-YDUqZL2TTSsy2lGtfuND/dist=es2019,mode=imports/optimized/google-protobuf.js:783:23)
    at jspb.BinaryWriter.writeEnum (https://cdn.skypack.dev/-/google-protobuf@v3.21.2-YDUqZL2TTSsy2lGtfuND/dist=es2019,mode=imports/optimized/google-protobuf.js:5289:32)
    at protobuf_test_messages_proto2_TestAllTypesProto2.serialize (file:///Users/thesayyn/Documents/thesayyn/protoc-gen-ts/target/debug/build/protoc_gen_ts-8cec2bec66276c47/out/test_conformance/test_messages_proto2.ts:926:16)
    at file:///Users/thesayyn/Documents/thesayyn/protoc-gen-ts/tests/conformance/bin/main.ts:31:44

  protobuf_test_messages.proto2.TestAllTypesProto2 1
  Error: Assertion failed
    at Object.jspb.asserts.doAssertFailure (https://cdn.skypack.dev/-/google-protobuf@v3.21.2-YDUqZL2TTSsy2lGtfuND/dist=es2019,mode=imports/optimized/google-protobuf.js:778:11)
    at Object.jspb.asserts.assert (https://cdn.skypack.dev/-/google-protobuf@v3.21.2-YDUqZL2TTSsy2lGtfuND/dist=es2019,mode=imports/optimized/google-protobuf.js:783:23)
    at jspb.BinaryWriter.writeEnum (https://cdn.skypack.dev/-/google-protobuf@v3.21.2-YDUqZL2TTSsy2lGtfuND/dist=es2019,mode=imports/optimized/google-protobuf.js:5289:32)
    at protobuf_test_messages_proto2_TestAllTypesProto2.serialize (file:///Users/thesayyn/Documents/thesayyn/protoc-gen-ts/target/debug/build/protoc_gen_ts-8cec2bec66276c47/out/test_conformance/test_messages_proto2.ts:926:16)
    at file:///Users/thesayyn/Documents/thesayyn/protoc-gen-ts/tests/conformance/bin/main.ts:31:44

  protobuf_test_messages.proto2.TestAllTypesProto2 1
  Error: Assertion failed
    at Object.jspb.asserts.doAssertFailure (https://cdn.skypack.dev/-/google-protobuf@v3.21.2-YDUqZL2TTSsy2lGtfuND/dist=es2019,mode=imports/optimized/google-protobuf.js:778:11)
    at Object.jspb.asserts.assert (https://cdn.skypack.dev/-/google-protobuf@v3.21.2-YDUqZL2TTSsy2lGtfuND/dist=es2019,mode=imports/optimized/google-protobuf.js:783:23)
    at jspb.BinaryWriter.writeEnum (https://cdn.skypack.dev/-/google-protobuf@v3.21.2-YDUqZL2TTSsy2lGtfuND/dist=es2019,mode=imports/optimized/google-protobuf.js:5289:32)
    at protobuf_test_messages_proto2_TestAllTypesProto2.serialize (file:///Users/thesayyn/Documents/thesayyn/protoc-gen-ts/target/debug/build/protoc_gen_ts-8cec2bec66276c47/out/test_conformance/test_messages_proto2.ts:926:16)
    at file:///Users/thesayyn/Documents/thesayyn/protoc-gen-ts/tests/conformance/bin/main.ts:31:44

  protobuf_test_messages.proto2.TestAllTypesProto2 1
  Error: Assertion failed
    at Object.jspb.asserts.doAssertFailure (https://cdn.skypack.dev/-/google-protobuf@v3.21.2-YDUqZL2TTSsy2lGtfuND/dist=es2019,mode=imports/optimized/google-protobuf.js:778:11)
    at Object.jspb.asserts.assert (https://cdn.skypack.dev/-/google-protobuf@v3.21.2-YDUqZL2TTSsy2lGtfuND/dist=es2019,mode=imports/optimized/google-protobuf.js:783:23)
    at jspb.BinaryWriter.writeEnum (https://cdn.skypack.dev/-/google-protobuf@v3.21.2-YDUqZL2TTSsy2lGtfuND/dist=es2019,mode=imports/optimized/google-protobuf.js:5289:32)
    at protobuf_test_messages_proto2_TestAllTypesProto2.serialize (file:///Users/thesayyn/Documents/thesayyn/protoc-gen-ts/target/debug/build/protoc_gen_ts-8cec2bec66276c47/out/test_conformance/test_messages_proto2.ts:926:16)
    at file:///Users/thesayyn/Documents/thesayyn/protoc-gen-ts/tests/conformance/bin/main.ts:31:44

  protobuf_test_messages.proto2.TestAllTypesProto2 1
  Error: Assertion failed
    at Object.jspb.asserts.doAssertFailure (https://cdn.skypack.dev/-/google-protobuf@v3.21.2-YDUqZL2TTSsy2lGtfuND/dist=es2019,mode=imports/optimized/google-protobuf.js:778:11)
    at Object.jspb.asserts.assert (https://cdn.skypack.dev/-/google-protobuf@v3.21.2-YDUqZL2TTSsy2lGtfuND/dist=es2019,mode=imports/optimized/google-protobuf.js:783:23)
    at jspb.BinaryWriter.writeEnum (https://cdn.skypack.dev/-/google-protobuf@v3.21.2-YDUqZL2TTSsy2lGtfuND/dist=es2019,mode=imports/optimized/google-protobuf.js:5289:32)
    at protobuf_test_messages_proto2_TestAllTypesProto2.serialize (file:///Users/thesayyn/Documents/thesayyn/protoc-gen-ts/target/debug/build/protoc_gen_ts-8cec2bec66276c47/out/test_conformance/test_messages_proto2.ts:995:16)
    at file:///Users/thesayyn/Documents/thesayyn/protoc-gen-ts/tests/conformance/bin/main.ts:31:44

  protobuf_test_messages.proto2.TestAllTypesProto2 1
  Error: Assertion failed
    at Object.jspb.asserts.doAssertFailure (https://cdn.skypack.dev/-/google-protobuf@v3.21.2-YDUqZL2TTSsy2lGtfuND/dist=es2019,mode=imports/optimized/google-protobuf.js:778:11)
    at Object.jspb.asserts.assert (https://cdn.skypack.dev/-/google-protobuf@v3.21.2-YDUqZL2TTSsy2lGtfuND/dist=es2019,mode=imports/optimized/google-protobuf.js:783:23)
    at jspb.BinaryReader.readEnum (https://cdn.skypack.dev/-/google-protobuf@v3.21.2-YDUqZL2TTSsy2lGtfuND/dist=es2019,mode=imports/optimized/google-protobuf.js:4629:18)
    at Function.deserialize (file:///Users/thesayyn/Documents/thesayyn/protoc-gen-ts/target/debug/build/protoc_gen_ts-8cec2bec66276c47/out/test_conformance/test_messages_proto2.ts:265:58)
    at file:///Users/thesayyn/Documents/thesayyn/protoc-gen-ts/tests/conformance/bin/main.ts:30:78

  protobuf_test_messages.proto2.TestAllTypesProto2 1
  Error: Assertion failed
    at Object.jspb.asserts.doAssertFailure (https://cdn.skypack.dev/-/google-protobuf@v3.21.2-YDUqZL2TTSsy2lGtfuND/dist=es2019,mode=imports/optimized/google-protobuf.js:778:11)
    at Object.jspb.asserts.assert (https://cdn.skypack.dev/-/google-protobuf@v3.21.2-YDUqZL2TTSsy2lGtfuND/dist=es2019,mode=imports/optimized/google-protobuf.js:783:23)
    at jspb.BinaryWriter.writeEnum (https://cdn.skypack.dev/-/google-protobuf@v3.21.2-YDUqZL2TTSsy2lGtfuND/dist=es2019,mode=imports/optimized/google-protobuf.js:5289:32)
    at protobuf_test_messages_proto2_TestAllTypesProto2.serialize (file:///Users/thesayyn/Documents/thesayyn/protoc-gen-ts/target/debug/build/protoc_gen_ts-8cec2bec66276c47/out/test_conformance/test_messages_proto2.ts:995:16)
    at file:///Users/thesayyn/Documents/thesayyn/protoc-gen-ts/tests/conformance/bin/main.ts:31:44

  protobuf_test_messages.proto2.TestAllTypesProto2 1
  Error: Assertion failed
    at Object.jspb.asserts.doAssertFailure (https://cdn.skypack.dev/-/google-protobuf@v3.21.2-YDUqZL2TTSsy2lGtfuND/dist=es2019,mode=imports/optimized/google-protobuf.js:778:11)
    at Object.jspb.asserts.assert (https://cdn.skypack.dev/-/google-protobuf@v3.21.2-YDUqZL2TTSsy2lGtfuND/dist=es2019,mode=imports/optimized/google-protobuf.js:783:23)
    at jspb.BinaryReader.readEnum (https://cdn.skypack.dev/-/google-protobuf@v3.21.2-YDUqZL2TTSsy2lGtfuND/dist=es2019,mode=imports/optimized/google-protobuf.js:4629:18)
    at Function.deserialize (file:///Users/thesayyn/Documents/thesayyn/protoc-gen-ts/target/debug/build/protoc_gen_ts-8cec2bec66276c47/out/test_conformance/test_messages_proto2.ts:265:58)
    at file:///Users/thesayyn/Documents/thesayyn/protoc-gen-ts/tests/conformance/bin/main.ts:30:78

  protobuf_test_messages.proto2.TestAllTypesProto2 1
  Error: Assertion failed
    at Object.jspb.asserts.doAssertFailure (https://cdn.skypack.dev/-/google-protobuf@v3.21.2-YDUqZL2TTSsy2lGtfuND/dist=es2019,mode=imports/optimized/google-protobuf.js:778:11)
    at Object.jspb.asserts.assert (https://cdn.skypack.dev/-/google-protobuf@v3.21.2-YDUqZL2TTSsy2lGtfuND/dist=es2019,mode=imports/optimized/google-protobuf.js:783:23)
    at jspb.BinaryEncoder.writeEnum (https://cdn.skypack.dev/-/google-protobuf@v3.21.2-YDUqZL2TTSsy2lGtfuND/dist=es2019,mode=imports/optimized/google-protobuf.js:4913:18)
    at jspb.BinaryWriter.writePackedEnum (https://cdn.skypack.dev/-/google-protobuf@v3.21.2-YDUqZL2TTSsy2lGtfuND/dist=es2019,mode=imports/optimized/google-protobuf.js:5699:23)
    at protobuf_test_messages_proto2_TestAllTypesProto2.serialize (file:///Users/thesayyn/Documents/thesayyn/protoc-gen-ts/target/debug/build/protoc_gen_ts-8cec2bec66276c47/out/test_conformance/test_messages_proto2.ts:1046:16)
    at file:///Users/thesayyn/Documents/thesayyn/protoc-gen-ts/tests/conformance/bin/main.ts:31:44

  protobuf_test_messages.proto2.TestAllTypesProto2 1
  Error: Assertion failed
    at Object.jspb.asserts.doAssertFailure (https://cdn.skypack.dev/-/google-protobuf@v3.21.2-YDUqZL2TTSsy2lGtfuND/dist=es2019,mode=imports/optimized/google-protobuf.js:778:11)
    at Object.jspb.asserts.assert (https://cdn.skypack.dev/-/google-protobuf@v3.21.2-YDUqZL2TTSsy2lGtfuND/dist=es2019,mode=imports/optimized/google-protobuf.js:783:23)
    at jspb.BinaryWriter.writeEnum (https://cdn.skypack.dev/-/google-protobuf@v3.21.2-YDUqZL2TTSsy2lGtfuND/dist=es2019,mode=imports/optimized/google-protobuf.js:5289:32)
    at protobuf_test_messages_proto2_TestAllTypesProto2.serialize (file:///Users/thesayyn/Documents/thesayyn/protoc-gen-ts/target/debug/build/protoc_gen_ts-8cec2bec66276c47/out/test_conformance/test_messages_proto2.ts:995:16)
    at file:///Users/thesayyn/Documents/thesayyn/protoc-gen-ts/tests/conformance/bin/main.ts:31:44

  protobuf_test_messages.proto2.TestAllTypesProto2 1
  Error: Assertion failed
    at Object.jspb.asserts.doAssertFailure (https://cdn.skypack.dev/-/google-protobuf@v3.21.2-YDUqZL2TTSsy2lGtfuND/dist=es2019,mode=imports/optimized/google-protobuf.js:778:11)
    at Object.jspb.asserts.assert (https://cdn.skypack.dev/-/google-protobuf@v3.21.2-YDUqZL2TTSsy2lGtfuND/dist=es2019,mode=imports/optimized/google-protobuf.js:783:23)
    at jspb.BinaryReader.readEnum (https://cdn.skypack.dev/-/google-protobuf@v3.21.2-YDUqZL2TTSsy2lGtfuND/dist=es2019,mode=imports/optimized/google-protobuf.js:4629:18)
    at Function.deserialize (file:///Users/thesayyn/Documents/thesayyn/protoc-gen-ts/target/debug/build/protoc_gen_ts-8cec2bec66276c47/out/test_conformance/test_messages_proto2.ts:265:58)
    at file:///Users/thesayyn/Documents/thesayyn/protoc-gen-ts/tests/conformance/bin/main.ts:30:78

  protobuf_test_messages.proto3.TestAllTypesProto3 1
  Error: Assertion failed
    at Object.jspb.asserts.doAssertFailure (https://cdn.skypack.dev/-/google-protobuf@v3.21.2-YDUqZL2TTSsy2lGtfuND/dist=es2019,mode=imports/optimized/google-protobuf.js:778:11)
    at Object.jspb.asserts.assert (https://cdn.skypack.dev/-/google-protobuf@v3.21.2-YDUqZL2TTSsy2lGtfuND/dist=es2019,mode=imports/optimized/google-protobuf.js:783:23)
    at jspb.BinaryWriter.writeEnum (https://cdn.skypack.dev/-/google-protobuf@v3.21.2-YDUqZL2TTSsy2lGtfuND/dist=es2019,mode=imports/optimized/google-protobuf.js:5289:32)
    at protobuf_test_messages_proto3_TestAllTypesProto3.serialize (file:///Users/thesayyn/Documents/thesayyn/protoc-gen-ts/target/debug/build/protoc_gen_ts-8cec2bec66276c47/out/test_conformance/test_messages_proto3.ts:1019:16)
    at file:///Users/thesayyn/Documents/thesayyn/protoc-gen-ts/tests/conformance/bin/main.ts:24:44

  protobuf_test_messages.proto3.TestAllTypesProto3 1
  Error: Assertion failed
    at Object.jspb.asserts.doAssertFailure (https://cdn.skypack.dev/-/google-protobuf@v3.21.2-YDUqZL2TTSsy2lGtfuND/dist=es2019,mode=imports/optimized/google-protobuf.js:778:11)
    at Object.jspb.asserts.assert (https://cdn.skypack.dev/-/google-protobuf@v3.21.2-YDUqZL2TTSsy2lGtfuND/dist=es2019,mode=imports/optimized/google-protobuf.js:783:23)
    at jspb.BinaryWriter.writeEnum (https://cdn.skypack.dev/-/google-protobuf@v3.21.2-YDUqZL2TTSsy2lGtfuND/dist=es2019,mode=imports/optimized/google-protobuf.js:5289:32)
    at protobuf_test_messages_proto3_TestAllTypesProto3.serialize (file:///Users/thesayyn/Documents/thesayyn/protoc-gen-ts/target/debug/build/protoc_gen_ts-8cec2bec66276c47/out/test_conformance/test_messages_proto3.ts:1019:16)
    at file:///Users/thesayyn/Documents/thesayyn/protoc-gen-ts/tests/conformance/bin/main.ts:24:44

  protobuf_test_messages.proto3.TestAllTypesProto3 1
  Error: Assertion failed
    at Object.jspb.asserts.doAssertFailure (https://cdn.skypack.dev/-/google-protobuf@v3.21.2-YDUqZL2TTSsy2lGtfuND/dist=es2019,mode=imports/optimized/google-protobuf.js:778:11)
    at Object.jspb.asserts.assert (https://cdn.skypack.dev/-/google-protobuf@v3.21.2-YDUqZL2TTSsy2lGtfuND/dist=es2019,mode=imports/optimized/google-protobuf.js:783:23)
    at jspb.BinaryWriter.writeEnum (https://cdn.skypack.dev/-/google-protobuf@v3.21.2-YDUqZL2TTSsy2lGtfuND/dist=es2019,mode=imports/optimized/google-protobuf.js:5289:32)
    at protobuf_test_messages_proto3_TestAllTypesProto3.serialize (file:///Users/thesayyn/Documents/thesayyn/protoc-gen-ts/target/debug/build/protoc_gen_ts-8cec2bec66276c47/out/test_conformance/test_messages_proto3.ts:1019:16)
    at file:///Users/thesayyn/Documents/thesayyn/protoc-gen-ts/tests/conformance/bin/main.ts:24:44

  protobuf_test_messages.proto3.TestAllTypesProto3 1
  Error: Assertion failed
    at Object.jspb.asserts.doAssertFailure (https://cdn.skypack.dev/-/google-protobuf@v3.21.2-YDUqZL2TTSsy2lGtfuND/dist=es2019,mode=imports/optimized/google-protobuf.js:778:11)
    at Object.jspb.asserts.assert (https://cdn.skypack.dev/-/google-protobuf@v3.21.2-YDUqZL2TTSsy2lGtfuND/dist=es2019,mode=imports/optimized/google-protobuf.js:783:23)
    at jspb.BinaryWriter.writeEnum (https://cdn.skypack.dev/-/google-protobuf@v3.21.2-YDUqZL2TTSsy2lGtfuND/dist=es2019,mode=imports/optimized/google-protobuf.js:5289:32)
    at protobuf_test_messages_proto3_TestAllTypesProto3.serialize (file:///Users/thesayyn/Documents/thesayyn/protoc-gen-ts/target/debug/build/protoc_gen_ts-8cec2bec66276c47/out/test_conformance/test_messages_proto3.ts:1019:16)
    at file:///Users/thesayyn/Documents/thesayyn/protoc-gen-ts/tests/conformance/bin/main.ts:24:44

  protobuf_test_messages.proto3.TestAllTypesProto3 1
  Error: Assertion failed
    at Object.jspb.asserts.doAssertFailure (https://cdn.skypack.dev/-/google-protobuf@v3.21.2-YDUqZL2TTSsy2lGtfuND/dist=es2019,mode=imports/optimized/google-protobuf.js:778:11)
    at Object.jspb.asserts.assert (https://cdn.skypack.dev/-/google-protobuf@v3.21.2-YDUqZL2TTSsy2lGtfuND/dist=es2019,mode=imports/optimized/google-protobuf.js:783:23)
    at jspb.BinaryWriter.writeEnum (https://cdn.skypack.dev/-/google-protobuf@v3.21.2-YDUqZL2TTSsy2lGtfuND/dist=es2019,mode=imports/optimized/google-protobuf.js:5289:32)
    at protobuf_test_messages_proto3_TestAllTypesProto3.serialize (file:///Users/thesayyn/Documents/thesayyn/protoc-gen-ts/target/debug/build/protoc_gen_ts-8cec2bec66276c47/out/test_conformance/test_messages_proto3.ts:1019:16)
    at file:///Users/thesayyn/Documents/thesayyn/protoc-gen-ts/tests/conformance/bin/main.ts:24:44

  protobuf_test_messages.proto3.TestAllTypesProto3 1
  Error: Assertion failed
    at Object.jspb.asserts.doAssertFailure (https://cdn.skypack.dev/-/google-protobuf@v3.21.2-YDUqZL2TTSsy2lGtfuND/dist=es2019,mode=imports/optimized/google-protobuf.js:778:11)
    at Object.jspb.asserts.assert (https://cdn.skypack.dev/-/google-protobuf@v3.21.2-YDUqZL2TTSsy2lGtfuND/dist=es2019,mode=imports/optimized/google-protobuf.js:783:23)
    at jspb.BinaryEncoder.writeEnum (https://cdn.skypack.dev/-/google-protobuf@v3.21.2-YDUqZL2TTSsy2lGtfuND/dist=es2019,mode=imports/optimized/google-protobuf.js:4913:18)
    at jspb.BinaryWriter.writePackedEnum (https://cdn.skypack.dev/-/google-protobuf@v3.21.2-YDUqZL2TTSsy2lGtfuND/dist=es2019,mode=imports/optimized/google-protobuf.js:5699:23)
    at protobuf_test_messages_proto3_TestAllTypesProto3.serialize (file:///Users/thesayyn/Documents/thesayyn/protoc-gen-ts/target/debug/build/protoc_gen_ts-8cec2bec66276c47/out/test_conformance/test_messages_proto3.ts:1091:16)
    at file:///Users/thesayyn/Documents/thesayyn/protoc-gen-ts/tests/conformance/bin/main.ts:24:44

  protobuf_test_messages.proto3.TestAllTypesProto3 1
  Error: Assertion failed
    at Object.jspb.asserts.doAssertFailure (https://cdn.skypack.dev/-/google-protobuf@v3.21.2-YDUqZL2TTSsy2lGtfuND/dist=es2019,mode=imports/optimized/google-protobuf.js:778:11)
    at Object.jspb.asserts.assert (https://cdn.skypack.dev/-/google-protobuf@v3.21.2-YDUqZL2TTSsy2lGtfuND/dist=es2019,mode=imports/optimized/google-protobuf.js:783:23)
    at jspb.BinaryEncoder.writeEnum (https://cdn.skypack.dev/-/google-protobuf@v3.21.2-YDUqZL2TTSsy2lGtfuND/dist=es2019,mode=imports/optimized/google-protobuf.js:4913:18)
    at jspb.BinaryWriter.writePackedEnum (https://cdn.skypack.dev/-/google-protobuf@v3.21.2-YDUqZL2TTSsy2lGtfuND/dist=es2019,mode=imports/optimized/google-protobuf.js:5699:23)
    at protobuf_test_messages_proto3_TestAllTypesProto3.serialize (file:///Users/thesayyn/Documents/thesayyn/protoc-gen-ts/target/debug/build/protoc_gen_ts-8cec2bec66276c47/out/test_conformance/test_messages_proto3.ts:1091:16)
    at file:///Users/thesayyn/Documents/thesayyn/protoc-gen-ts/tests/conformance/bin/main.ts:24:44

  protobuf_test_messages.proto3.TestAllTypesProto3 1
  Error: Assertion failed
    at Object.jspb.asserts.doAssertFailure (https://cdn.skypack.dev/-/google-protobuf@v3.21.2-YDUqZL2TTSsy2lGtfuND/dist=es2019,mode=imports/optimized/google-protobuf.js:778:11)
    at Object.jspb.asserts.assert (https://cdn.skypack.dev/-/google-protobuf@v3.21.2-YDUqZL2TTSsy2lGtfuND/dist=es2019,mode=imports/optimized/google-protobuf.js:783:23)
    at jspb.BinaryEncoder.writeEnum (https://cdn.skypack.dev/-/google-protobuf@v3.21.2-YDUqZL2TTSsy2lGtfuND/dist=es2019,mode=imports/optimized/google-protobuf.js:4913:18)
    at jspb.BinaryWriter.writePackedEnum (https://cdn.skypack.dev/-/google-protobuf@v3.21.2-YDUqZL2TTSsy2lGtfuND/dist=es2019,mode=imports/optimized/google-protobuf.js:5699:23)
    at protobuf_test_messages_proto3_TestAllTypesProto3.serialize (file:///Users/thesayyn/Documents/thesayyn/protoc-gen-ts/target/debug/build/protoc_gen_ts-8cec2bec66276c47/out/test_conformance/test_messages_proto3.ts:1091:16)
    at file:///Users/thesayyn/Documents/thesayyn/protoc-gen-ts/tests/conformance/bin/main.ts:24:44

  protobuf_test_messages.proto3.TestAllTypesProto3 1
  Error: Assertion failed
    at Object.jspb.asserts.doAssertFailure (https://cdn.skypack.dev/-/google-protobuf@v3.21.2-YDUqZL2TTSsy2lGtfuND/dist=es2019,mode=imports/optimized/google-protobuf.js:778:11)
    at Object.jspb.asserts.assert (https://cdn.skypack.dev/-/google-protobuf@v3.21.2-YDUqZL2TTSsy2lGtfuND/dist=es2019,mode=imports/optimized/google-protobuf.js:783:23)
    at jspb.BinaryWriter.writeEnum (https://cdn.skypack.dev/-/google-protobuf@v3.21.2-YDUqZL2TTSsy2lGtfuND/dist=es2019,mode=imports/optimized/google-protobuf.js:5289:32)
    at protobuf_test_messages_proto3_TestAllTypesProto3.serialize (file:///Users/thesayyn/Documents/thesayyn/protoc-gen-ts/target/debug/build/protoc_gen_ts-8cec2bec66276c47/out/test_conformance/test_messages_proto3.ts:1184:16)
    at file:///Users/thesayyn/Documents/thesayyn/protoc-gen-ts/tests/conformance/bin/main.ts:24:44

  protobuf_test_messages.proto3.TestAllTypesProto3 1
  Error: Assertion failed
    at Object.jspb.asserts.doAssertFailure (https://cdn.skypack.dev/-/google-protobuf@v3.21.2-YDUqZL2TTSsy2lGtfuND/dist=es2019,mode=imports/optimized/google-protobuf.js:778:11)
    at Object.jspb.asserts.assert (https://cdn.skypack.dev/-/google-protobuf@v3.21.2-YDUqZL2TTSsy2lGtfuND/dist=es2019,mode=imports/optimized/google-protobuf.js:783:23)
    at jspb.BinaryReader.readEnum (https://cdn.skypack.dev/-/google-protobuf@v3.21.2-YDUqZL2TTSsy2lGtfuND/dist=es2019,mode=imports/optimized/google-protobuf.js:4629:18)
    at Function.deserialize (file:///Users/thesayyn/Documents/thesayyn/protoc-gen-ts/target/debug/build/protoc_gen_ts-8cec2bec66276c47/out/test_conformance/test_messages_proto3.ts:414:58)
    at file:///Users/thesayyn/Documents/thesayyn/protoc-gen-ts/tests/conformance/bin/main.ts:23:78

  protobuf_test_messages.proto2.TestAllTypesProto2 1
  TypeError: Cannot read properties of undefined (reading 'serialize')
    at protobuf_test_messages_proto2_TestAllTypesProto2.serialize (file:///Users/thesayyn/Documents/thesayyn/protoc-gen-ts/target/debug/build/protoc_gen_ts-8cec2bec66276c47/out/test_conformance/test_messages_proto2.ts:1246:38)
    at file:///Users/thesayyn/Documents/thesayyn/protoc-gen-ts/tests/conformance/bin/main.ts:31:44

  protobuf_test_messages.proto3.TestAllTypesProto3 1
  TypeError: Cannot read properties of undefined (reading 'serialize')
    at protobuf_test_messages_proto3_TestAllTypesProto3.serialize (file:///Users/thesayyn/Documents/thesayyn/protoc-gen-ts/target/debug/build/protoc_gen_ts-8cec2bec66276c47/out/test_conformance/test_messages_proto3.ts:1342:38)
    at file:///Users/thesayyn/Documents/thesayyn/protoc-gen-ts/tests/conformance/bin/main.ts:24:44

  protobuf_test_messages.proto3.TestAllTypesProto3 1
  Error: Assertion failed
    at Object.jspb.asserts.doAssertFailure (https://cdn.skypack.dev/-/google-protobuf@v3.21.2-YDUqZL2TTSsy2lGtfuND/dist=es2019,mode=imports/optimized/google-protobuf.js:778:11)
    at Object.jspb.asserts.assert (https://cdn.skypack.dev/-/google-protobuf@v3.21.2-YDUqZL2TTSsy2lGtfuND/dist=es2019,mode=imports/optimized/google-protobuf.js:783:23)
    at jspb.BinaryDecoder.readUint32 (https://cdn.skypack.dev/-/google-protobuf@v3.21.2-YDUqZL2TTSsy2lGtfuND/dist=es2019,mode=imports/optimized/google-protobuf.js:4202:18)
    at jspb.BinaryDecoder.readDouble (https://cdn.skypack.dev/-/google-protobuf@v3.21.2-YDUqZL2TTSsy2lGtfuND/dist=es2019,mode=imports/optimized/google-protobuf.js:4244:18)
    at jspb.BinaryReader.readDouble (https://cdn.skypack.dev/-/google-protobuf@v3.21.2-YDUqZL2TTSsy2lGtfuND/dist=es2019,mode=imports/optimized/google-protobuf.js:4620:26)
    at Function.deserialize (file:///Users/thesayyn/Documents/thesayyn/protoc-gen-ts/target/debug/build/protoc_gen_ts-8cec2bec66276c47/out/test_conformance/test_messages_proto3.ts:205:50)
    at file:///Users/thesayyn/Documents/thesayyn/protoc-gen-ts/tests/conformance/bin/main.ts:23:78

  protobuf_test_messages.proto2.TestAllTypesProto2 1
  Error: Assertion failed
    at Object.jspb.asserts.doAssertFailure (https://cdn.skypack.dev/-/google-protobuf@v3.21.2-YDUqZL2TTSsy2lGtfuND/dist=es2019,mode=imports/optimized/google-protobuf.js:778:11)
    at Object.jspb.asserts.assert (https://cdn.skypack.dev/-/google-protobuf@v3.21.2-YDUqZL2TTSsy2lGtfuND/dist=es2019,mode=imports/optimized/google-protobuf.js:783:23)
    at jspb.BinaryDecoder.readUint32 (https://cdn.skypack.dev/-/google-protobuf@v3.21.2-YDUqZL2TTSsy2lGtfuND/dist=es2019,mode=imports/optimized/google-protobuf.js:4202:18)
    at jspb.BinaryDecoder.readDouble (https://cdn.skypack.dev/-/google-protobuf@v3.21.2-YDUqZL2TTSsy2lGtfuND/dist=es2019,mode=imports/optimized/google-protobuf.js:4244:18)
    at jspb.BinaryReader.readDouble (https://cdn.skypack.dev/-/google-protobuf@v3.21.2-YDUqZL2TTSsy2lGtfuND/dist=es2019,mode=imports/optimized/google-protobuf.js:4620:26)
    at Function.deserialize (file:///Users/thesayyn/Documents/thesayyn/protoc-gen-ts/target/debug/build/protoc_gen_ts-8cec2bec66276c47/out/test_conformance/test_messages_proto2.ts:181:50)
    at file:///Users/thesayyn/Documents/thesayyn/protoc-gen-ts/tests/conformance/bin/main.ts:30:78

  protobuf_test_messages.proto3.TestAllTypesProto3 1
  Error: Assertion failed
    at Object.jspb.asserts.doAssertFailure (https://cdn.skypack.dev/-/google-protobuf@v3.21.2-YDUqZL2TTSsy2lGtfuND/dist=es2019,mode=imports/optimized/google-protobuf.js:778:11)
    at Object.jspb.asserts.assert (https://cdn.skypack.dev/-/google-protobuf@v3.21.2-YDUqZL2TTSsy2lGtfuND/dist=es2019,mode=imports/optimized/google-protobuf.js:783:23)
    at jspb.BinaryDecoder.readUint32 (https://cdn.skypack.dev/-/google-protobuf@v3.21.2-YDUqZL2TTSsy2lGtfuND/dist=es2019,mode=imports/optimized/google-protobuf.js:4202:18)
    at jspb.BinaryDecoder.readDouble (https://cdn.skypack.dev/-/google-protobuf@v3.21.2-YDUqZL2TTSsy2lGtfuND/dist=es2019,mode=imports/optimized/google-protobuf.js:4244:18)
    at jspb.BinaryReader.readDouble (https://cdn.skypack.dev/-/google-protobuf@v3.21.2-YDUqZL2TTSsy2lGtfuND/dist=es2019,mode=imports/optimized/google-protobuf.js:4620:26)
    at Function.deserialize (file:///Users/thesayyn/Documents/thesayyn/protoc-gen-ts/target/debug/build/protoc_gen_ts-8cec2bec66276c47/out/test_conformance/test_messages_proto3.ts:286:58)
    at file:///Users/thesayyn/Documents/thesayyn/protoc-gen-ts/tests/conformance/bin/main.ts:23:78

  protobuf_test_messages.proto2.TestAllTypesProto2 1
  Error: Assertion failed
    at Object.jspb.asserts.doAssertFailure (https://cdn.skypack.dev/-/google-protobuf@v3.21.2-YDUqZL2TTSsy2lGtfuND/dist=es2019,mode=imports/optimized/google-protobuf.js:778:11)
    at Object.jspb.asserts.assert (https://cdn.skypack.dev/-/google-protobuf@v3.21.2-YDUqZL2TTSsy2lGtfuND/dist=es2019,mode=imports/optimized/google-protobuf.js:783:23)
    at jspb.BinaryDecoder.readUint32 (https://cdn.skypack.dev/-/google-protobuf@v3.21.2-YDUqZL2TTSsy2lGtfuND/dist=es2019,mode=imports/optimized/google-protobuf.js:4202:18)
    at jspb.BinaryDecoder.readDouble (https://cdn.skypack.dev/-/google-protobuf@v3.21.2-YDUqZL2TTSsy2lGtfuND/dist=es2019,mode=imports/optimized/google-protobuf.js:4244:18)
    at jspb.BinaryReader.readDouble (https://cdn.skypack.dev/-/google-protobuf@v3.21.2-YDUqZL2TTSsy2lGtfuND/dist=es2019,mode=imports/optimized/google-protobuf.js:4620:26)
    at Function.deserialize (file:///Users/thesayyn/Documents/thesayyn/protoc-gen-ts/target/debug/build/protoc_gen_ts-8cec2bec66276c47/out/test_conformance/test_messages_proto2.ts:247:53)
    at file:///Users/thesayyn/Documents/thesayyn/protoc-gen-ts/tests/conformance/bin/main.ts:30:78

  protobuf_test_messages.proto3.TestAllTypesProto3 1
  Error: Assertion failed
    at Object.jspb.asserts.doAssertFailure (https://cdn.skypack.dev/-/google-protobuf@v3.21.2-YDUqZL2TTSsy2lGtfuND/dist=es2019,mode=imports/optimized/google-protobuf.js:778:11)
    at Object.jspb.asserts.assert (https://cdn.skypack.dev/-/google-protobuf@v3.21.2-YDUqZL2TTSsy2lGtfuND/dist=es2019,mode=imports/optimized/google-protobuf.js:783:23)
    at jspb.BinaryDecoder.advance (https://cdn.skypack.dev/-/google-protobuf@v3.21.2-YDUqZL2TTSsy2lGtfuND/dist=es2019,mode=imports/optimized/google-protobuf.js:4081:18)
    at jspb.BinaryReader.skipFixed64Field (https://cdn.skypack.dev/-/google-protobuf@v3.21.2-YDUqZL2TTSsy2lGtfuND/dist=es2019,mode=imports/optimized/google-protobuf.js:4409:163)
    at jspb.BinaryReader.skipField (https://cdn.skypack.dev/-/google-protobuf@v3.21.2-YDUqZL2TTSsy2lGtfuND/dist=es2019,mode=imports/optimized/google-protobuf.js:4432:14)
    at Function.deserialize (file:///Users/thesayyn/Documents/thesayyn/protoc-gen-ts/target/debug/build/protoc_gen_ts-8cec2bec66276c47/out/test_conformance/test_messages_proto3.ts:958:24)
    at file:///Users/thesayyn/Documents/thesayyn/protoc-gen-ts/tests/conformance/bin/main.ts:23:78

  protobuf_test_messages.proto2.TestAllTypesProto2 1
  Error: Assertion failed
    at Object.jspb.asserts.doAssertFailure (https://cdn.skypack.dev/-/google-protobuf@v3.21.2-YDUqZL2TTSsy2lGtfuND/dist=es2019,mode=imports/optimized/google-protobuf.js:778:11)
    at Object.jspb.asserts.assert (https://cdn.skypack.dev/-/google-protobuf@v3.21.2-YDUqZL2TTSsy2lGtfuND/dist=es2019,mode=imports/optimized/google-protobuf.js:783:23)
    at jspb.BinaryDecoder.advance (https://cdn.skypack.dev/-/google-protobuf@v3.21.2-YDUqZL2TTSsy2lGtfuND/dist=es2019,mode=imports/optimized/google-protobuf.js:4081:18)
    at jspb.BinaryReader.skipFixed64Field (https://cdn.skypack.dev/-/google-protobuf@v3.21.2-YDUqZL2TTSsy2lGtfuND/dist=es2019,mode=imports/optimized/google-protobuf.js:4409:163)
    at jspb.BinaryReader.skipField (https://cdn.skypack.dev/-/google-protobuf@v3.21.2-YDUqZL2TTSsy2lGtfuND/dist=es2019,mode=imports/optimized/google-protobuf.js:4432:14)
    at Function.deserialize (file:///Users/thesayyn/Documents/thesayyn/protoc-gen-ts/target/debug/build/protoc_gen_ts-8cec2bec66276c47/out/test_conformance/test_messages_proto2.ts:865:24)
    at file:///Users/thesayyn/Documents/thesayyn/protoc-gen-ts/tests/conformance/bin/main.ts:30:78

  protobuf_test_messages.proto3.TestAllTypesProto3 1
  Error: Assertion failed
    at Object.jspb.asserts.doAssertFailure (https://cdn.skypack.dev/-/google-protobuf@v3.21.2-YDUqZL2TTSsy2lGtfuND/dist=es2019,mode=imports/optimized/google-protobuf.js:778:11)
    at Object.jspb.asserts.assert (https://cdn.skypack.dev/-/google-protobuf@v3.21.2-YDUqZL2TTSsy2lGtfuND/dist=es2019,mode=imports/optimized/google-protobuf.js:783:23)
    at jspb.BinaryDecoder.readUint32 (https://cdn.skypack.dev/-/google-protobuf@v3.21.2-YDUqZL2TTSsy2lGtfuND/dist=es2019,mode=imports/optimized/google-protobuf.js:4202:18)
    at jspb.BinaryDecoder.readDouble (https://cdn.skypack.dev/-/google-protobuf@v3.21.2-YDUqZL2TTSsy2lGtfuND/dist=es2019,mode=imports/optimized/google-protobuf.js:4244:41)
    at jspb.BinaryReader.readDouble (https://cdn.skypack.dev/-/google-protobuf@v3.21.2-YDUqZL2TTSsy2lGtfuND/dist=es2019,mode=imports/optimized/google-protobuf.js:4620:26)
    at Function.deserialize (file:///Users/thesayyn/Documents/thesayyn/protoc-gen-ts/target/debug/build/protoc_gen_ts-8cec2bec66276c47/out/test_conformance/test_messages_proto3.ts:205:50)
    at file:///Users/thesayyn/Documents/thesayyn/protoc-gen-ts/tests/conformance/bin/main.ts:23:78

  protobuf_test_messages.proto2.TestAllTypesProto2 1
  Error: Assertion failed
    at Object.jspb.asserts.doAssertFailure (https://cdn.skypack.dev/-/google-protobuf@v3.21.2-YDUqZL2TTSsy2lGtfuND/dist=es2019,mode=imports/optimized/google-protobuf.js:778:11)
    at Object.jspb.asserts.assert (https://cdn.skypack.dev/-/google-protobuf@v3.21.2-YDUqZL2TTSsy2lGtfuND/dist=es2019,mode=imports/optimized/google-protobuf.js:783:23)
    at jspb.BinaryDecoder.readUint32 (https://cdn.skypack.dev/-/google-protobuf@v3.21.2-YDUqZL2TTSsy2lGtfuND/dist=es2019,mode=imports/optimized/google-protobuf.js:4202:18)
    at jspb.BinaryDecoder.readDouble (https://cdn.skypack.dev/-/google-protobuf@v3.21.2-YDUqZL2TTSsy2lGtfuND/dist=es2019,mode=imports/optimized/google-protobuf.js:4244:41)
    at jspb.BinaryReader.readDouble (https://cdn.skypack.dev/-/google-protobuf@v3.21.2-YDUqZL2TTSsy2lGtfuND/dist=es2019,mode=imports/optimized/google-protobuf.js:4620:26)
    at Function.deserialize (file:///Users/thesayyn/Documents/thesayyn/protoc-gen-ts/target/debug/build/protoc_gen_ts-8cec2bec66276c47/out/test_conformance/test_messages_proto2.ts:181:50)
    at file:///Users/thesayyn/Documents/thesayyn/protoc-gen-ts/tests/conformance/bin/main.ts:30:78

  protobuf_test_messages.proto3.TestAllTypesProto3 1
  Error: Assertion failed
    at Object.jspb.asserts.doAssertFailure (https://cdn.skypack.dev/-/google-protobuf@v3.21.2-YDUqZL2TTSsy2lGtfuND/dist=es2019,mode=imports/optimized/google-protobuf.js:778:11)
    at Object.jspb.asserts.assert (https://cdn.skypack.dev/-/google-protobuf@v3.21.2-YDUqZL2TTSsy2lGtfuND/dist=es2019,mode=imports/optimized/google-protobuf.js:783:23)
    at jspb.BinaryDecoder.readUint32 (https://cdn.skypack.dev/-/google-protobuf@v3.21.2-YDUqZL2TTSsy2lGtfuND/dist=es2019,mode=imports/optimized/google-protobuf.js:4202:18)
    at jspb.BinaryDecoder.readDouble (https://cdn.skypack.dev/-/google-protobuf@v3.21.2-YDUqZL2TTSsy2lGtfuND/dist=es2019,mode=imports/optimized/google-protobuf.js:4244:41)
    at jspb.BinaryReader.readDouble (https://cdn.skypack.dev/-/google-protobuf@v3.21.2-YDUqZL2TTSsy2lGtfuND/dist=es2019,mode=imports/optimized/google-protobuf.js:4620:26)
    at Function.deserialize (file:///Users/thesayyn/Documents/thesayyn/protoc-gen-ts/target/debug/build/protoc_gen_ts-8cec2bec66276c47/out/test_conformance/test_messages_proto3.ts:286:58)
    at file:///Users/thesayyn/Documents/thesayyn/protoc-gen-ts/tests/conformance/bin/main.ts:23:78

  protobuf_test_messages.proto2.TestAllTypesProto2 1
  Error: Assertion failed
    at Object.jspb.asserts.doAssertFailure (https://cdn.skypack.dev/-/google-protobuf@v3.21.2-YDUqZL2TTSsy2lGtfuND/dist=es2019,mode=imports/optimized/google-protobuf.js:778:11)
    at Object.jspb.asserts.assert (https://cdn.skypack.dev/-/google-protobuf@v3.21.2-YDUqZL2TTSsy2lGtfuND/dist=es2019,mode=imports/optimized/google-protobuf.js:783:23)
    at jspb.BinaryDecoder.readUint32 (https://cdn.skypack.dev/-/google-protobuf@v3.21.2-YDUqZL2TTSsy2lGtfuND/dist=es2019,mode=imports/optimized/google-protobuf.js:4202:18)
    at jspb.BinaryDecoder.readDouble (https://cdn.skypack.dev/-/google-protobuf@v3.21.2-YDUqZL2TTSsy2lGtfuND/dist=es2019,mode=imports/optimized/google-protobuf.js:4244:41)
    at jspb.BinaryReader.readDouble (https://cdn.skypack.dev/-/google-protobuf@v3.21.2-YDUqZL2TTSsy2lGtfuND/dist=es2019,mode=imports/optimized/google-protobuf.js:4620:26)
    at Function.deserialize (file:///Users/thesayyn/Documents/thesayyn/protoc-gen-ts/target/debug/build/protoc_gen_ts-8cec2bec66276c47/out/test_conformance/test_messages_proto2.ts:247:53)
    at file:///Users/thesayyn/Documents/thesayyn/protoc-gen-ts/tests/conformance/bin/main.ts:30:78

  protobuf_test_messages.proto3.TestAllTypesProto3 1
  Error: Assertion failed
    at Object.jspb.asserts.doAssertFailure (https://cdn.skypack.dev/-/google-protobuf@v3.21.2-YDUqZL2TTSsy2lGtfuND/dist=es2019,mode=imports/optimized/google-protobuf.js:778:11)
    at Object.jspb.asserts.assert (https://cdn.skypack.dev/-/google-protobuf@v3.21.2-YDUqZL2TTSsy2lGtfuND/dist=es2019,mode=imports/optimized/google-protobuf.js:783:23)
    at jspb.BinaryDecoder.advance (https://cdn.skypack.dev/-/google-protobuf@v3.21.2-YDUqZL2TTSsy2lGtfuND/dist=es2019,mode=imports/optimized/google-protobuf.js:4081:18)
    at jspb.BinaryReader.skipFixed64Field (https://cdn.skypack.dev/-/google-protobuf@v3.21.2-YDUqZL2TTSsy2lGtfuND/dist=es2019,mode=imports/optimized/google-protobuf.js:4409:163)
    at jspb.BinaryReader.skipField (https://cdn.skypack.dev/-/google-protobuf@v3.21.2-YDUqZL2TTSsy2lGtfuND/dist=es2019,mode=imports/optimized/google-protobuf.js:4432:14)
    at Function.deserialize (file:///Users/thesayyn/Documents/thesayyn/protoc-gen-ts/target/debug/build/protoc_gen_ts-8cec2bec66276c47/out/test_conformance/test_messages_proto3.ts:958:24)
    at file:///Users/thesayyn/Documents/thesayyn/protoc-gen-ts/tests/conformance/bin/main.ts:23:78

  protobuf_test_messages.proto2.TestAllTypesProto2 1
  Error: Assertion failed
    at Object.jspb.asserts.doAssertFailure (https://cdn.skypack.dev/-/google-protobuf@v3.21.2-YDUqZL2TTSsy2lGtfuND/dist=es2019,mode=imports/optimized/google-protobuf.js:778:11)
    at Object.jspb.asserts.assert (https://cdn.skypack.dev/-/google-protobuf@v3.21.2-YDUqZL2TTSsy2lGtfuND/dist=es2019,mode=imports/optimized/google-protobuf.js:783:23)
    at jspb.BinaryDecoder.advance (https://cdn.skypack.dev/-/google-protobuf@v3.21.2-YDUqZL2TTSsy2lGtfuND/dist=es2019,mode=imports/optimized/google-protobuf.js:4081:18)
    at jspb.BinaryReader.skipFixed64Field (https://cdn.skypack.dev/-/google-protobuf@v3.21.2-YDUqZL2TTSsy2lGtfuND/dist=es2019,mode=imports/optimized/google-protobuf.js:4409:163)
    at jspb.BinaryReader.skipField (https://cdn.skypack.dev/-/google-protobuf@v3.21.2-YDUqZL2TTSsy2lGtfuND/dist=es2019,mode=imports/optimized/google-protobuf.js:4432:14)
    at Function.deserialize (file:///Users/thesayyn/Documents/thesayyn/protoc-gen-ts/target/debug/build/protoc_gen_ts-8cec2bec66276c47/out/test_conformance/test_messages_proto2.ts:865:24)
    at file:///Users/thesayyn/Documents/thesayyn/protoc-gen-ts/tests/conformance/bin/main.ts:30:78

  protobuf_test_messages.proto3.TestAllTypesProto3 1
  Error: Assertion failed
    at Object.jspb.asserts.doAssertFailure (https://cdn.skypack.dev/-/google-protobuf@v3.21.2-YDUqZL2TTSsy2lGtfuND/dist=es2019,mode=imports/optimized/google-protobuf.js:778:11)
    at Object.jspb.asserts.assert (https://cdn.skypack.dev/-/google-protobuf@v3.21.2-YDUqZL2TTSsy2lGtfuND/dist=es2019,mode=imports/optimized/google-protobuf.js:783:23)
    at jspb.BinaryDecoder.readUint32 (https://cdn.skypack.dev/-/google-protobuf@v3.21.2-YDUqZL2TTSsy2lGtfuND/dist=es2019,mode=imports/optimized/google-protobuf.js:4202:18)
    at jspb.BinaryDecoder.readDouble (https://cdn.skypack.dev/-/google-protobuf@v3.21.2-YDUqZL2TTSsy2lGtfuND/dist=es2019,mode=imports/optimized/google-protobuf.js:4244:41)
    at jspb.BinaryReader.readPackedField_ (https://cdn.skypack.dev/-/google-protobuf@v3.21.2-YDUqZL2TTSsy2lGtfuND/dist=es2019,mode=imports/optimized/google-protobuf.js:4676:16)
    at jspb.BinaryReader.readPackedDouble (https://cdn.skypack.dev/-/google-protobuf@v3.21.2-YDUqZL2TTSsy2lGtfuND/dist=es2019,mode=imports/optimized/google-protobuf.js:4745:17)
    at Function.deserialize (file:///Users/thesayyn/Documents/thesayyn/protoc-gen-ts/target/debug/build/protoc_gen_ts-8cec2bec66276c47/out/test_conformance/test_messages_proto3.ts:285:78)
    at file:///Users/thesayyn/Documents/thesayyn/protoc-gen-ts/tests/conformance/bin/main.ts:23:78

  protobuf_test_messages.proto2.TestAllTypesProto2 1
  Error: Assertion failed
    at Object.jspb.asserts.doAssertFailure (https://cdn.skypack.dev/-/google-protobuf@v3.21.2-YDUqZL2TTSsy2lGtfuND/dist=es2019,mode=imports/optimized/google-protobuf.js:778:11)
    at Object.jspb.asserts.assert (https://cdn.skypack.dev/-/google-protobuf@v3.21.2-YDUqZL2TTSsy2lGtfuND/dist=es2019,mode=imports/optimized/google-protobuf.js:783:23)
    at jspb.BinaryReader.readDouble (https://cdn.skypack.dev/-/google-protobuf@v3.21.2-YDUqZL2TTSsy2lGtfuND/dist=es2019,mode=imports/optimized/google-protobuf.js:4619:18)
    at Function.deserialize (file:///Users/thesayyn/Documents/thesayyn/protoc-gen-ts/target/debug/build/protoc_gen_ts-8cec2bec66276c47/out/test_conformance/test_messages_proto2.ts:247:53)
    at file:///Users/thesayyn/Documents/thesayyn/protoc-gen-ts/tests/conformance/bin/main.ts:30:78

  protobuf_test_messages.proto3.TestAllTypesProto3 1
  Error: Assertion failed
    at Object.jspb.asserts.doAssertFailure (https://cdn.skypack.dev/-/google-protobuf@v3.21.2-YDUqZL2TTSsy2lGtfuND/dist=es2019,mode=imports/optimized/google-protobuf.js:778:11)
    at Object.jspb.asserts.assert (https://cdn.skypack.dev/-/google-protobuf@v3.21.2-YDUqZL2TTSsy2lGtfuND/dist=es2019,mode=imports/optimized/google-protobuf.js:783:23)
    at jspb.BinaryDecoder.readUint32 (https://cdn.skypack.dev/-/google-protobuf@v3.21.2-YDUqZL2TTSsy2lGtfuND/dist=es2019,mode=imports/optimized/google-protobuf.js:4202:18)
    at jspb.BinaryDecoder.readDouble (https://cdn.skypack.dev/-/google-protobuf@v3.21.2-YDUqZL2TTSsy2lGtfuND/dist=es2019,mode=imports/optimized/google-protobuf.js:4244:18)
    at jspb.BinaryReader.readPackedField_ (https://cdn.skypack.dev/-/google-protobuf@v3.21.2-YDUqZL2TTSsy2lGtfuND/dist=es2019,mode=imports/optimized/google-protobuf.js:4676:16)
    at jspb.BinaryReader.readPackedDouble (https://cdn.skypack.dev/-/google-protobuf@v3.21.2-YDUqZL2TTSsy2lGtfuND/dist=es2019,mode=imports/optimized/google-protobuf.js:4745:17)
    at Function.deserialize (file:///Users/thesayyn/Documents/thesayyn/protoc-gen-ts/target/debug/build/protoc_gen_ts-8cec2bec66276c47/out/test_conformance/test_messages_proto3.ts:285:78)
    at file:///Users/thesayyn/Documents/thesayyn/protoc-gen-ts/tests/conformance/bin/main.ts:23:78

  protobuf_test_messages.proto2.TestAllTypesProto2 1
  Error: Assertion failed
    at Object.jspb.asserts.doAssertFailure (https://cdn.skypack.dev/-/google-protobuf@v3.21.2-YDUqZL2TTSsy2lGtfuND/dist=es2019,mode=imports/optimized/google-protobuf.js:778:11)
    at Object.jspb.asserts.assert (https://cdn.skypack.dev/-/google-protobuf@v3.21.2-YDUqZL2TTSsy2lGtfuND/dist=es2019,mode=imports/optimized/google-protobuf.js:783:23)
    at jspb.BinaryReader.readDouble (https://cdn.skypack.dev/-/google-protobuf@v3.21.2-YDUqZL2TTSsy2lGtfuND/dist=es2019,mode=imports/optimized/google-protobuf.js:4619:18)
    at Function.deserialize (file:///Users/thesayyn/Documents/thesayyn/protoc-gen-ts/target/debug/build/protoc_gen_ts-8cec2bec66276c47/out/test_conformance/test_messages_proto2.ts:247:53)
    at file:///Users/thesayyn/Documents/thesayyn/protoc-gen-ts/tests/conformance/bin/main.ts:30:78

  protobuf_test_messages.proto3.TestAllTypesProto3 1
  Error: Assertion failed
    at Object.jspb.asserts.doAssertFailure (https://cdn.skypack.dev/-/google-protobuf@v3.21.2-YDUqZL2TTSsy2lGtfuND/dist=es2019,mode=imports/optimized/google-protobuf.js:778:11)
    at Object.jspb.asserts.assert (https://cdn.skypack.dev/-/google-protobuf@v3.21.2-YDUqZL2TTSsy2lGtfuND/dist=es2019,mode=imports/optimized/google-protobuf.js:783:23)
    at jspb.BinaryDecoder.readUint32 (https://cdn.skypack.dev/-/google-protobuf@v3.21.2-YDUqZL2TTSsy2lGtfuND/dist=es2019,mode=imports/optimized/google-protobuf.js:4202:18)
    at jspb.BinaryDecoder.readFloat (https://cdn.skypack.dev/-/google-protobuf@v3.21.2-YDUqZL2TTSsy2lGtfuND/dist=es2019,mode=imports/optimized/google-protobuf.js:4240:18)
    at jspb.BinaryReader.readFloat (https://cdn.skypack.dev/-/google-protobuf@v3.21.2-YDUqZL2TTSsy2lGtfuND/dist=es2019,mode=imports/optimized/google-protobuf.js:4615:26)
    at Function.deserialize (file:///Users/thesayyn/Documents/thesayyn/protoc-gen-ts/target/debug/build/protoc_gen_ts-8cec2bec66276c47/out/test_conformance/test_messages_proto3.ts:202:49)
    at file:///Users/thesayyn/Documents/thesayyn/protoc-gen-ts/tests/conformance/bin/main.ts:23:78

  protobuf_test_messages.proto2.TestAllTypesProto2 1
  Error: Assertion failed
    at Object.jspb.asserts.doAssertFailure (https://cdn.skypack.dev/-/google-protobuf@v3.21.2-YDUqZL2TTSsy2lGtfuND/dist=es2019,mode=imports/optimized/google-protobuf.js:778:11)
    at Object.jspb.asserts.assert (https://cdn.skypack.dev/-/google-protobuf@v3.21.2-YDUqZL2TTSsy2lGtfuND/dist=es2019,mode=imports/optimized/google-protobuf.js:783:23)
    at jspb.BinaryDecoder.readUint32 (https://cdn.skypack.dev/-/google-protobuf@v3.21.2-YDUqZL2TTSsy2lGtfuND/dist=es2019,mode=imports/optimized/google-protobuf.js:4202:18)
    at jspb.BinaryDecoder.readFloat (https://cdn.skypack.dev/-/google-protobuf@v3.21.2-YDUqZL2TTSsy2lGtfuND/dist=es2019,mode=imports/optimized/google-protobuf.js:4240:18)
    at jspb.BinaryReader.readFloat (https://cdn.skypack.dev/-/google-protobuf@v3.21.2-YDUqZL2TTSsy2lGtfuND/dist=es2019,mode=imports/optimized/google-protobuf.js:4615:26)
    at Function.deserialize (file:///Users/thesayyn/Documents/thesayyn/protoc-gen-ts/target/debug/build/protoc_gen_ts-8cec2bec66276c47/out/test_conformance/test_messages_proto2.ts:178:49)
    at file:///Users/thesayyn/Documents/thesayyn/protoc-gen-ts/tests/conformance/bin/main.ts:30:78

  protobuf_test_messages.proto3.TestAllTypesProto3 1
  Error: Assertion failed
    at Object.jspb.asserts.doAssertFailure (https://cdn.skypack.dev/-/google-protobuf@v3.21.2-YDUqZL2TTSsy2lGtfuND/dist=es2019,mode=imports/optimized/google-protobuf.js:778:11)
    at Object.jspb.asserts.assert (https://cdn.skypack.dev/-/google-protobuf@v3.21.2-YDUqZL2TTSsy2lGtfuND/dist=es2019,mode=imports/optimized/google-protobuf.js:783:23)
    at jspb.BinaryDecoder.readUint32 (https://cdn.skypack.dev/-/google-protobuf@v3.21.2-YDUqZL2TTSsy2lGtfuND/dist=es2019,mode=imports/optimized/google-protobuf.js:4202:18)
    at jspb.BinaryDecoder.readFloat (https://cdn.skypack.dev/-/google-protobuf@v3.21.2-YDUqZL2TTSsy2lGtfuND/dist=es2019,mode=imports/optimized/google-protobuf.js:4240:18)
    at jspb.BinaryReader.readFloat (https://cdn.skypack.dev/-/google-protobuf@v3.21.2-YDUqZL2TTSsy2lGtfuND/dist=es2019,mode=imports/optimized/google-protobuf.js:4615:26)
    at Function.deserialize (file:///Users/thesayyn/Documents/thesayyn/protoc-gen-ts/target/debug/build/protoc_gen_ts-8cec2bec66276c47/out/test_conformance/test_messages_proto3.ts:282:57)
    at file:///Users/thesayyn/Documents/thesayyn/protoc-gen-ts/tests/conformance/bin/main.ts:23:78

  protobuf_test_messages.proto2.TestAllTypesProto2 1
  Error: Assertion failed
    at Object.jspb.asserts.doAssertFailure (https://cdn.skypack.dev/-/google-protobuf@v3.21.2-YDUqZL2TTSsy2lGtfuND/dist=es2019,mode=imports/optimized/google-protobuf.js:778:11)
    at Object.jspb.asserts.assert (https://cdn.skypack.dev/-/google-protobuf@v3.21.2-YDUqZL2TTSsy2lGtfuND/dist=es2019,mode=imports/optimized/google-protobuf.js:783:23)
    at jspb.BinaryDecoder.readUint32 (https://cdn.skypack.dev/-/google-protobuf@v3.21.2-YDUqZL2TTSsy2lGtfuND/dist=es2019,mode=imports/optimized/google-protobuf.js:4202:18)
    at jspb.BinaryDecoder.readFloat (https://cdn.skypack.dev/-/google-protobuf@v3.21.2-YDUqZL2TTSsy2lGtfuND/dist=es2019,mode=imports/optimized/google-protobuf.js:4240:18)
    at jspb.BinaryReader.readFloat (https://cdn.skypack.dev/-/google-protobuf@v3.21.2-YDUqZL2TTSsy2lGtfuND/dist=es2019,mode=imports/optimized/google-protobuf.js:4615:26)
    at Function.deserialize (file:///Users/thesayyn/Documents/thesayyn/protoc-gen-ts/target/debug/build/protoc_gen_ts-8cec2bec66276c47/out/test_conformance/test_messages_proto2.ts:244:52)
    at file:///Users/thesayyn/Documents/thesayyn/protoc-gen-ts/tests/conformance/bin/main.ts:30:78

  protobuf_test_messages.proto3.TestAllTypesProto3 1
  Error: Assertion failed
    at Object.jspb.asserts.doAssertFailure (https://cdn.skypack.dev/-/google-protobuf@v3.21.2-YDUqZL2TTSsy2lGtfuND/dist=es2019,mode=imports/optimized/google-protobuf.js:778:11)
    at Object.jspb.asserts.assert (https://cdn.skypack.dev/-/google-protobuf@v3.21.2-YDUqZL2TTSsy2lGtfuND/dist=es2019,mode=imports/optimized/google-protobuf.js:783:23)
    at jspb.BinaryDecoder.advance (https://cdn.skypack.dev/-/google-protobuf@v3.21.2-YDUqZL2TTSsy2lGtfuND/dist=es2019,mode=imports/optimized/google-protobuf.js:4081:18)
    at jspb.BinaryReader.skipFixed32Field (https://cdn.skypack.dev/-/google-protobuf@v3.21.2-YDUqZL2TTSsy2lGtfuND/dist=es2019,mode=imports/optimized/google-protobuf.js:4406:163)
    at jspb.BinaryReader.skipField (https://cdn.skypack.dev/-/google-protobuf@v3.21.2-YDUqZL2TTSsy2lGtfuND/dist=es2019,mode=imports/optimized/google-protobuf.js:4438:14)
    at Function.deserialize (file:///Users/thesayyn/Documents/thesayyn/protoc-gen-ts/target/debug/build/protoc_gen_ts-8cec2bec66276c47/out/test_conformance/test_messages_proto3.ts:958:24)
    at file:///Users/thesayyn/Documents/thesayyn/protoc-gen-ts/tests/conformance/bin/main.ts:23:78

  protobuf_test_messages.proto2.TestAllTypesProto2 1
  Error: Assertion failed
    at Object.jspb.asserts.doAssertFailure (https://cdn.skypack.dev/-/google-protobuf@v3.21.2-YDUqZL2TTSsy2lGtfuND/dist=es2019,mode=imports/optimized/google-protobuf.js:778:11)
    at Object.jspb.asserts.assert (https://cdn.skypack.dev/-/google-protobuf@v3.21.2-YDUqZL2TTSsy2lGtfuND/dist=es2019,mode=imports/optimized/google-protobuf.js:783:23)
    at jspb.BinaryDecoder.advance (https://cdn.skypack.dev/-/google-protobuf@v3.21.2-YDUqZL2TTSsy2lGtfuND/dist=es2019,mode=imports/optimized/google-protobuf.js:4081:18)
    at jspb.BinaryReader.skipFixed32Field (https://cdn.skypack.dev/-/google-protobuf@v3.21.2-YDUqZL2TTSsy2lGtfuND/dist=es2019,mode=imports/optimized/google-protobuf.js:4406:163)
    at jspb.BinaryReader.skipField (https://cdn.skypack.dev/-/google-protobuf@v3.21.2-YDUqZL2TTSsy2lGtfuND/dist=es2019,mode=imports/optimized/google-protobuf.js:4438:14)
    at Function.deserialize (file:///Users/thesayyn/Documents/thesayyn/protoc-gen-ts/target/debug/build/protoc_gen_ts-8cec2bec66276c47/out/test_conformance/test_messages_proto2.ts:865:24)
    at file:///Users/thesayyn/Documents/thesayyn/protoc-gen-ts/tests/conformance/bin/main.ts:30:78

  protobuf_test_messages.proto3.TestAllTypesProto3 1
  Error: Assertion failed
    at Object.jspb.asserts.doAssertFailure (https://cdn.skypack.dev/-/google-protobuf@v3.21.2-YDUqZL2TTSsy2lGtfuND/dist=es2019,mode=imports/optimized/google-protobuf.js:778:11)
    at Object.jspb.asserts.assert (https://cdn.skypack.dev/-/google-protobuf@v3.21.2-YDUqZL2TTSsy2lGtfuND/dist=es2019,mode=imports/optimized/google-protobuf.js:783:23)
    at jspb.BinaryDecoder.readUint32 (https://cdn.skypack.dev/-/google-protobuf@v3.21.2-YDUqZL2TTSsy2lGtfuND/dist=es2019,mode=imports/optimized/google-protobuf.js:4202:18)
    at jspb.BinaryDecoder.readFloat (https://cdn.skypack.dev/-/google-protobuf@v3.21.2-YDUqZL2TTSsy2lGtfuND/dist=es2019,mode=imports/optimized/google-protobuf.js:4240:18)
    at jspb.BinaryReader.readFloat (https://cdn.skypack.dev/-/google-protobuf@v3.21.2-YDUqZL2TTSsy2lGtfuND/dist=es2019,mode=imports/optimized/google-protobuf.js:4615:26)
    at Function.deserialize (file:///Users/thesayyn/Documents/thesayyn/protoc-gen-ts/target/debug/build/protoc_gen_ts-8cec2bec66276c47/out/test_conformance/test_messages_proto3.ts:202:49)
    at file:///Users/thesayyn/Documents/thesayyn/protoc-gen-ts/tests/conformance/bin/main.ts:23:78

  protobuf_test_messages.proto2.TestAllTypesProto2 1
  Error: Assertion failed
    at Object.jspb.asserts.doAssertFailure (https://cdn.skypack.dev/-/google-protobuf@v3.21.2-YDUqZL2TTSsy2lGtfuND/dist=es2019,mode=imports/optimized/google-protobuf.js:778:11)
    at Object.jspb.asserts.assert (https://cdn.skypack.dev/-/google-protobuf@v3.21.2-YDUqZL2TTSsy2lGtfuND/dist=es2019,mode=imports/optimized/google-protobuf.js:783:23)
    at jspb.BinaryDecoder.readUint32 (https://cdn.skypack.dev/-/google-protobuf@v3.21.2-YDUqZL2TTSsy2lGtfuND/dist=es2019,mode=imports/optimized/google-protobuf.js:4202:18)
    at jspb.BinaryDecoder.readFloat (https://cdn.skypack.dev/-/google-protobuf@v3.21.2-YDUqZL2TTSsy2lGtfuND/dist=es2019,mode=imports/optimized/google-protobuf.js:4240:18)
    at jspb.BinaryReader.readFloat (https://cdn.skypack.dev/-/google-protobuf@v3.21.2-YDUqZL2TTSsy2lGtfuND/dist=es2019,mode=imports/optimized/google-protobuf.js:4615:26)
    at Function.deserialize (file:///Users/thesayyn/Documents/thesayyn/protoc-gen-ts/target/debug/build/protoc_gen_ts-8cec2bec66276c47/out/test_conformance/test_messages_proto2.ts:178:49)
    at file:///Users/thesayyn/Documents/thesayyn/protoc-gen-ts/tests/conformance/bin/main.ts:30:78

  protobuf_test_messages.proto3.TestAllTypesProto3 1
  Error: Assertion failed
    at Object.jspb.asserts.doAssertFailure (https://cdn.skypack.dev/-/google-protobuf@v3.21.2-YDUqZL2TTSsy2lGtfuND/dist=es2019,mode=imports/optimized/google-protobuf.js:778:11)
    at Object.jspb.asserts.assert (https://cdn.skypack.dev/-/google-protobuf@v3.21.2-YDUqZL2TTSsy2lGtfuND/dist=es2019,mode=imports/optimized/google-protobuf.js:783:23)
    at jspb.BinaryDecoder.readUint32 (https://cdn.skypack.dev/-/google-protobuf@v3.21.2-YDUqZL2TTSsy2lGtfuND/dist=es2019,mode=imports/optimized/google-protobuf.js:4202:18)
    at jspb.BinaryDecoder.readFloat (https://cdn.skypack.dev/-/google-protobuf@v3.21.2-YDUqZL2TTSsy2lGtfuND/dist=es2019,mode=imports/optimized/google-protobuf.js:4240:18)
    at jspb.BinaryReader.readFloat (https://cdn.skypack.dev/-/google-protobuf@v3.21.2-YDUqZL2TTSsy2lGtfuND/dist=es2019,mode=imports/optimized/google-protobuf.js:4615:26)
    at Function.deserialize (file:///Users/thesayyn/Documents/thesayyn/protoc-gen-ts/target/debug/build/protoc_gen_ts-8cec2bec66276c47/out/test_conformance/test_messages_proto3.ts:282:57)
    at file:///Users/thesayyn/Documents/thesayyn/protoc-gen-ts/tests/conformance/bin/main.ts:23:78

  protobuf_test_messages.proto2.TestAllTypesProto2 1
  Error: Assertion failed
    at Object.jspb.asserts.doAssertFailure (https://cdn.skypack.dev/-/google-protobuf@v3.21.2-YDUqZL2TTSsy2lGtfuND/dist=es2019,mode=imports/optimized/google-protobuf.js:778:11)
    at Object.jspb.asserts.assert (https://cdn.skypack.dev/-/google-protobuf@v3.21.2-YDUqZL2TTSsy2lGtfuND/dist=es2019,mode=imports/optimized/google-protobuf.js:783:23)
    at jspb.BinaryDecoder.readUint32 (https://cdn.skypack.dev/-/google-protobuf@v3.21.2-YDUqZL2TTSsy2lGtfuND/dist=es2019,mode=imports/optimized/google-protobuf.js:4202:18)
    at jspb.BinaryDecoder.readFloat (https://cdn.skypack.dev/-/google-protobuf@v3.21.2-YDUqZL2TTSsy2lGtfuND/dist=es2019,mode=imports/optimized/google-protobuf.js:4240:18)
    at jspb.BinaryReader.readFloat (https://cdn.skypack.dev/-/google-protobuf@v3.21.2-YDUqZL2TTSsy2lGtfuND/dist=es2019,mode=imports/optimized/google-protobuf.js:4615:26)
    at Function.deserialize (file:///Users/thesayyn/Documents/thesayyn/protoc-gen-ts/target/debug/build/protoc_gen_ts-8cec2bec66276c47/out/test_conformance/test_messages_proto2.ts:244:52)
    at file:///Users/thesayyn/Documents/thesayyn/protoc-gen-ts/tests/conformance/bin/main.ts:30:78

  protobuf_test_messages.proto3.TestAllTypesProto3 1
  Error: Assertion failed
    at Object.jspb.asserts.doAssertFailure (https://cdn.skypack.dev/-/google-protobuf@v3.21.2-YDUqZL2TTSsy2lGtfuND/dist=es2019,mode=imports/optimized/google-protobuf.js:778:11)
    at Object.jspb.asserts.assert (https://cdn.skypack.dev/-/google-protobuf@v3.21.2-YDUqZL2TTSsy2lGtfuND/dist=es2019,mode=imports/optimized/google-protobuf.js:783:23)
    at jspb.BinaryDecoder.advance (https://cdn.skypack.dev/-/google-protobuf@v3.21.2-YDUqZL2TTSsy2lGtfuND/dist=es2019,mode=imports/optimized/google-protobuf.js:4081:18)
    at jspb.BinaryReader.skipFixed32Field (https://cdn.skypack.dev/-/google-protobuf@v3.21.2-YDUqZL2TTSsy2lGtfuND/dist=es2019,mode=imports/optimized/google-protobuf.js:4406:163)
    at jspb.BinaryReader.skipField (https://cdn.skypack.dev/-/google-protobuf@v3.21.2-YDUqZL2TTSsy2lGtfuND/dist=es2019,mode=imports/optimized/google-protobuf.js:4438:14)
    at Function.deserialize (file:///Users/thesayyn/Documents/thesayyn/protoc-gen-ts/target/debug/build/protoc_gen_ts-8cec2bec66276c47/out/test_conformance/test_messages_proto3.ts:958:24)
    at file:///Users/thesayyn/Documents/thesayyn/protoc-gen-ts/tests/conformance/bin/main.ts:23:78

  protobuf_test_messages.proto2.TestAllTypesProto2 1
  Error: Assertion failed
    at Object.jspb.asserts.doAssertFailure (https://cdn.skypack.dev/-/google-protobuf@v3.21.2-YDUqZL2TTSsy2lGtfuND/dist=es2019,mode=imports/optimized/google-protobuf.js:778:11)
    at Object.jspb.asserts.assert (https://cdn.skypack.dev/-/google-protobuf@v3.21.2-YDUqZL2TTSsy2lGtfuND/dist=es2019,mode=imports/optimized/google-protobuf.js:783:23)
    at jspb.BinaryDecoder.advance (https://cdn.skypack.dev/-/google-protobuf@v3.21.2-YDUqZL2TTSsy2lGtfuND/dist=es2019,mode=imports/optimized/google-protobuf.js:4081:18)
    at jspb.BinaryReader.skipFixed32Field (https://cdn.skypack.dev/-/google-protobuf@v3.21.2-YDUqZL2TTSsy2lGtfuND/dist=es2019,mode=imports/optimized/google-protobuf.js:4406:163)
    at jspb.BinaryReader.skipField (https://cdn.skypack.dev/-/google-protobuf@v3.21.2-YDUqZL2TTSsy2lGtfuND/dist=es2019,mode=imports/optimized/google-protobuf.js:4438:14)
    at Function.deserialize (file:///Users/thesayyn/Documents/thesayyn/protoc-gen-ts/target/debug/build/protoc_gen_ts-8cec2bec66276c47/out/test_conformance/test_messages_proto2.ts:865:24)
    at file:///Users/thesayyn/Documents/thesayyn/protoc-gen-ts/tests/conformance/bin/main.ts:30:78

  protobuf_test_messages.proto3.TestAllTypesProto3 1
  Error: Assertion failed
    at Object.jspb.asserts.doAssertFailure (https://cdn.skypack.dev/-/google-protobuf@v3.21.2-YDUqZL2TTSsy2lGtfuND/dist=es2019,mode=imports/optimized/google-protobuf.js:778:11)
    at Object.jspb.asserts.assert (https://cdn.skypack.dev/-/google-protobuf@v3.21.2-YDUqZL2TTSsy2lGtfuND/dist=es2019,mode=imports/optimized/google-protobuf.js:783:23)
    at jspb.BinaryDecoder.readUint32 (https://cdn.skypack.dev/-/google-protobuf@v3.21.2-YDUqZL2TTSsy2lGtfuND/dist=es2019,mode=imports/optimized/google-protobuf.js:4202:18)
    at jspb.BinaryDecoder.readFloat (https://cdn.skypack.dev/-/google-protobuf@v3.21.2-YDUqZL2TTSsy2lGtfuND/dist=es2019,mode=imports/optimized/google-protobuf.js:4240:18)
    at jspb.BinaryReader.readPackedField_ (https://cdn.skypack.dev/-/google-protobuf@v3.21.2-YDUqZL2TTSsy2lGtfuND/dist=es2019,mode=imports/optimized/google-protobuf.js:4676:16)
    at jspb.BinaryReader.readPackedFloat (https://cdn.skypack.dev/-/google-protobuf@v3.21.2-YDUqZL2TTSsy2lGtfuND/dist=es2019,mode=imports/optimized/google-protobuf.js:4741:17)
    at Function.deserialize (file:///Users/thesayyn/Documents/thesayyn/protoc-gen-ts/target/debug/build/protoc_gen_ts-8cec2bec66276c47/out/test_conformance/test_messages_proto3.ts:281:77)
    at file:///Users/thesayyn/Documents/thesayyn/protoc-gen-ts/tests/conformance/bin/main.ts:23:78

  protobuf_test_messages.proto2.TestAllTypesProto2 1
  Error: Assertion failed
    at Object.jspb.asserts.doAssertFailure (https://cdn.skypack.dev/-/google-protobuf@v3.21.2-YDUqZL2TTSsy2lGtfuND/dist=es2019,mode=imports/optimized/google-protobuf.js:778:11)
    at Object.jspb.asserts.assert (https://cdn.skypack.dev/-/google-protobuf@v3.21.2-YDUqZL2TTSsy2lGtfuND/dist=es2019,mode=imports/optimized/google-protobuf.js:783:23)
    at jspb.BinaryReader.readFloat (https://cdn.skypack.dev/-/google-protobuf@v3.21.2-YDUqZL2TTSsy2lGtfuND/dist=es2019,mode=imports/optimized/google-protobuf.js:4614:18)
    at Function.deserialize (file:///Users/thesayyn/Documents/thesayyn/protoc-gen-ts/target/debug/build/protoc_gen_ts-8cec2bec66276c47/out/test_conformance/test_messages_proto2.ts:244:52)
    at file:///Users/thesayyn/Documents/thesayyn/protoc-gen-ts/tests/conformance/bin/main.ts:30:78

  protobuf_test_messages.proto3.TestAllTypesProto3 1
  Error: Assertion failed
    at Object.jspb.asserts.doAssertFailure (https://cdn.skypack.dev/-/google-protobuf@v3.21.2-YDUqZL2TTSsy2lGtfuND/dist=es2019,mode=imports/optimized/google-protobuf.js:778:11)
    at Object.jspb.asserts.assert (https://cdn.skypack.dev/-/google-protobuf@v3.21.2-YDUqZL2TTSsy2lGtfuND/dist=es2019,mode=imports/optimized/google-protobuf.js:783:23)
    at jspb.BinaryDecoder.readUint32 (https://cdn.skypack.dev/-/google-protobuf@v3.21.2-YDUqZL2TTSsy2lGtfuND/dist=es2019,mode=imports/optimized/google-protobuf.js:4202:18)
    at jspb.BinaryDecoder.readFloat (https://cdn.skypack.dev/-/google-protobuf@v3.21.2-YDUqZL2TTSsy2lGtfuND/dist=es2019,mode=imports/optimized/google-protobuf.js:4240:18)
    at jspb.BinaryReader.readPackedField_ (https://cdn.skypack.dev/-/google-protobuf@v3.21.2-YDUqZL2TTSsy2lGtfuND/dist=es2019,mode=imports/optimized/google-protobuf.js:4676:16)
    at jspb.BinaryReader.readPackedFloat (https://cdn.skypack.dev/-/google-protobuf@v3.21.2-YDUqZL2TTSsy2lGtfuND/dist=es2019,mode=imports/optimized/google-protobuf.js:4741:17)
    at Function.deserialize (file:///Users/thesayyn/Documents/thesayyn/protoc-gen-ts/target/debug/build/protoc_gen_ts-8cec2bec66276c47/out/test_conformance/test_messages_proto3.ts:281:77)
    at file:///Users/thesayyn/Documents/thesayyn/protoc-gen-ts/tests/conformance/bin/main.ts:23:78

  protobuf_test_messages.proto2.TestAllTypesProto2 1
  Error: Assertion failed
    at Object.jspb.asserts.doAssertFailure (https://cdn.skypack.dev/-/google-protobuf@v3.21.2-YDUqZL2TTSsy2lGtfuND/dist=es2019,mode=imports/optimized/google-protobuf.js:778:11)
    at Object.jspb.asserts.assert (https://cdn.skypack.dev/-/google-protobuf@v3.21.2-YDUqZL2TTSsy2lGtfuND/dist=es2019,mode=imports/optimized/google-protobuf.js:783:23)
    at jspb.BinaryReader.readFloat (https://cdn.skypack.dev/-/google-protobuf@v3.21.2-YDUqZL2TTSsy2lGtfuND/dist=es2019,mode=imports/optimized/google-protobuf.js:4614:18)
    at Function.deserialize (file:///Users/thesayyn/Documents/thesayyn/protoc-gen-ts/target/debug/build/protoc_gen_ts-8cec2bec66276c47/out/test_conformance/test_messages_proto2.ts:244:52)
    at file:///Users/thesayyn/Documents/thesayyn/protoc-gen-ts/tests/conformance/bin/main.ts:30:78

  protobuf_test_messages.proto3.TestAllTypesProto3 1
  Error: Failure: Failed to read varint, encoding is invalid.
    at Object.jspb.asserts.fail (https://cdn.skypack.dev/-/google-protobuf@v3.21.2-YDUqZL2TTSsy2lGtfuND/dist=es2019,mode=imports/optimized/google-protobuf.js:801:11)
    at jspb.BinaryDecoder.readSplitVarint64 (https://cdn.skypack.dev/-/google-protobuf@v3.21.2-YDUqZL2TTSsy2lGtfuND/dist=es2019,mode=imports/optimized/google-protobuf.js:4101:18)
    at jspb.BinaryDecoder.readSignedVarint64 (https://cdn.skypack.dev/-/google-protobuf@v3.21.2-YDUqZL2TTSsy2lGtfuND/dist=es2019,mode=imports/optimized/google-protobuf.js:4173:17)
    at jspb.BinaryReader.readInt64 (https://cdn.skypack.dev/-/google-protobuf@v3.21.2-YDUqZL2TTSsy2lGtfuND/dist=es2019,mode=imports/optimized/google-protobuf.js:4542:26)
    at Function.deserialize (file:///Users/thesayyn/Documents/thesayyn/protoc-gen-ts/target/debug/build/protoc_gen_ts-8cec2bec66276c47/out/test_conformance/test_messages_proto3.ts:175:49)
    at file:///Users/thesayyn/Documents/thesayyn/protoc-gen-ts/tests/conformance/bin/main.ts:23:78

  protobuf_test_messages.proto2.TestAllTypesProto2 1
  Error: Failure: Failed to read varint, encoding is invalid.
    at Object.jspb.asserts.fail (https://cdn.skypack.dev/-/google-protobuf@v3.21.2-YDUqZL2TTSsy2lGtfuND/dist=es2019,mode=imports/optimized/google-protobuf.js:801:11)
    at jspb.BinaryDecoder.readSplitVarint64 (https://cdn.skypack.dev/-/google-protobuf@v3.21.2-YDUqZL2TTSsy2lGtfuND/dist=es2019,mode=imports/optimized/google-protobuf.js:4101:18)
    at jspb.BinaryDecoder.readSignedVarint64 (https://cdn.skypack.dev/-/google-protobuf@v3.21.2-YDUqZL2TTSsy2lGtfuND/dist=es2019,mode=imports/optimized/google-protobuf.js:4173:17)
    at jspb.BinaryReader.readInt64 (https://cdn.skypack.dev/-/google-protobuf@v3.21.2-YDUqZL2TTSsy2lGtfuND/dist=es2019,mode=imports/optimized/google-protobuf.js:4542:26)
    at Function.deserialize (file:///Users/thesayyn/Documents/thesayyn/protoc-gen-ts/target/debug/build/protoc_gen_ts-8cec2bec66276c47/out/test_conformance/test_messages_proto2.ts:151:49)
    at file:///Users/thesayyn/Documents/thesayyn/protoc-gen-ts/tests/conformance/bin/main.ts:30:78

  protobuf_test_messages.proto3.TestAllTypesProto3 1
  Error: Failure: Failed to read varint, encoding is invalid.
    at Object.jspb.asserts.fail (https://cdn.skypack.dev/-/google-protobuf@v3.21.2-YDUqZL2TTSsy2lGtfuND/dist=es2019,mode=imports/optimized/google-protobuf.js:801:11)
    at jspb.BinaryDecoder.readSplitVarint64 (https://cdn.skypack.dev/-/google-protobuf@v3.21.2-YDUqZL2TTSsy2lGtfuND/dist=es2019,mode=imports/optimized/google-protobuf.js:4101:18)
    at jspb.BinaryDecoder.readSignedVarint64 (https://cdn.skypack.dev/-/google-protobuf@v3.21.2-YDUqZL2TTSsy2lGtfuND/dist=es2019,mode=imports/optimized/google-protobuf.js:4173:17)
    at jspb.BinaryReader.readInt64 (https://cdn.skypack.dev/-/google-protobuf@v3.21.2-YDUqZL2TTSsy2lGtfuND/dist=es2019,mode=imports/optimized/google-protobuf.js:4542:26)
    at Function.deserialize (file:///Users/thesayyn/Documents/thesayyn/protoc-gen-ts/target/debug/build/protoc_gen_ts-8cec2bec66276c47/out/test_conformance/test_messages_proto3.ts:246:57)
    at file:///Users/thesayyn/Documents/thesayyn/protoc-gen-ts/tests/conformance/bin/main.ts:23:78

  protobuf_test_messages.proto2.TestAllTypesProto2 1
  Error: Failure: Failed to read varint, encoding is invalid.
    at Object.jspb.asserts.fail (https://cdn.skypack.dev/-/google-protobuf@v3.21.2-YDUqZL2TTSsy2lGtfuND/dist=es2019,mode=imports/optimized/google-protobuf.js:801:11)
    at jspb.BinaryDecoder.readSplitVarint64 (https://cdn.skypack.dev/-/google-protobuf@v3.21.2-YDUqZL2TTSsy2lGtfuND/dist=es2019,mode=imports/optimized/google-protobuf.js:4101:18)
    at jspb.BinaryDecoder.readSignedVarint64 (https://cdn.skypack.dev/-/google-protobuf@v3.21.2-YDUqZL2TTSsy2lGtfuND/dist=es2019,mode=imports/optimized/google-protobuf.js:4173:17)
    at jspb.BinaryReader.readInt64 (https://cdn.skypack.dev/-/google-protobuf@v3.21.2-YDUqZL2TTSsy2lGtfuND/dist=es2019,mode=imports/optimized/google-protobuf.js:4542:26)
    at Function.deserialize (file:///Users/thesayyn/Documents/thesayyn/protoc-gen-ts/target/debug/build/protoc_gen_ts-8cec2bec66276c47/out/test_conformance/test_messages_proto2.ts:217:52)
    at file:///Users/thesayyn/Documents/thesayyn/protoc-gen-ts/tests/conformance/bin/main.ts:30:78

  protobuf_test_messages.proto3.TestAllTypesProto3 1
  Error: Failure: Decoder hit an error
    at Object.jspb.asserts.fail (https://cdn.skypack.dev/-/google-protobuf@v3.21.2-YDUqZL2TTSsy2lGtfuND/dist=es2019,mode=imports/optimized/google-protobuf.js:801:11)
    at jspb.BinaryReader.nextField (https://cdn.skypack.dev/-/google-protobuf@v3.21.2-YDUqZL2TTSsy2lGtfuND/dist=es2019,mode=imports/optimized/google-protobuf.js:4374:27)
    at Function.deserialize (file:///Users/thesayyn/Documents/thesayyn/protoc-gen-ts/target/debug/build/protoc_gen_ts-8cec2bec66276c47/out/test_conformance/test_messages_proto3.ts:169:18)
    at file:///Users/thesayyn/Documents/thesayyn/protoc-gen-ts/tests/conformance/bin/main.ts:23:78

  protobuf_test_messages.proto2.TestAllTypesProto2 1
  Error: Failure: Decoder hit an error
    at Object.jspb.asserts.fail (https://cdn.skypack.dev/-/google-protobuf@v3.21.2-YDUqZL2TTSsy2lGtfuND/dist=es2019,mode=imports/optimized/google-protobuf.js:801:11)
    at jspb.BinaryReader.nextField (https://cdn.skypack.dev/-/google-protobuf@v3.21.2-YDUqZL2TTSsy2lGtfuND/dist=es2019,mode=imports/optimized/google-protobuf.js:4374:27)
    at Function.deserialize (file:///Users/thesayyn/Documents/thesayyn/protoc-gen-ts/target/debug/build/protoc_gen_ts-8cec2bec66276c47/out/test_conformance/test_messages_proto2.ts:145:18)
    at file:///Users/thesayyn/Documents/thesayyn/protoc-gen-ts/tests/conformance/bin/main.ts:30:78

  protobuf_test_messages.proto3.TestAllTypesProto3 1
  Error: Failure: Failed to read varint, encoding is invalid.
    at Object.jspb.asserts.fail (https://cdn.skypack.dev/-/google-protobuf@v3.21.2-YDUqZL2TTSsy2lGtfuND/dist=es2019,mode=imports/optimized/google-protobuf.js:801:11)
    at jspb.BinaryDecoder.readSplitVarint64 (https://cdn.skypack.dev/-/google-protobuf@v3.21.2-YDUqZL2TTSsy2lGtfuND/dist=es2019,mode=imports/optimized/google-protobuf.js:4101:18)
    at jspb.BinaryDecoder.readSignedVarint64 (https://cdn.skypack.dev/-/google-protobuf@v3.21.2-YDUqZL2TTSsy2lGtfuND/dist=es2019,mode=imports/optimized/google-protobuf.js:4173:17)
    at jspb.BinaryReader.readInt64 (https://cdn.skypack.dev/-/google-protobuf@v3.21.2-YDUqZL2TTSsy2lGtfuND/dist=es2019,mode=imports/optimized/google-protobuf.js:4542:26)
    at Function.deserialize (file:///Users/thesayyn/Documents/thesayyn/protoc-gen-ts/target/debug/build/protoc_gen_ts-8cec2bec66276c47/out/test_conformance/test_messages_proto3.ts:175:49)
    at file:///Users/thesayyn/Documents/thesayyn/protoc-gen-ts/tests/conformance/bin/main.ts:23:78

  protobuf_test_messages.proto2.TestAllTypesProto2 1
  Error: Failure: Failed to read varint, encoding is invalid.
    at Object.jspb.asserts.fail (https://cdn.skypack.dev/-/google-protobuf@v3.21.2-YDUqZL2TTSsy2lGtfuND/dist=es2019,mode=imports/optimized/google-protobuf.js:801:11)
    at jspb.BinaryDecoder.readSplitVarint64 (https://cdn.skypack.dev/-/google-protobuf@v3.21.2-YDUqZL2TTSsy2lGtfuND/dist=es2019,mode=imports/optimized/google-protobuf.js:4101:18)
    at jspb.BinaryDecoder.readSignedVarint64 (https://cdn.skypack.dev/-/google-protobuf@v3.21.2-YDUqZL2TTSsy2lGtfuND/dist=es2019,mode=imports/optimized/google-protobuf.js:4173:17)
    at jspb.BinaryReader.readInt64 (https://cdn.skypack.dev/-/google-protobuf@v3.21.2-YDUqZL2TTSsy2lGtfuND/dist=es2019,mode=imports/optimized/google-protobuf.js:4542:26)
    at Function.deserialize (file:///Users/thesayyn/Documents/thesayyn/protoc-gen-ts/target/debug/build/protoc_gen_ts-8cec2bec66276c47/out/test_conformance/test_messages_proto2.ts:151:49)
    at file:///Users/thesayyn/Documents/thesayyn/protoc-gen-ts/tests/conformance/bin/main.ts:30:78

  protobuf_test_messages.proto3.TestAllTypesProto3 1
  Error: Failure: Failed to read varint, encoding is invalid.
    at Object.jspb.asserts.fail (https://cdn.skypack.dev/-/google-protobuf@v3.21.2-YDUqZL2TTSsy2lGtfuND/dist=es2019,mode=imports/optimized/google-protobuf.js:801:11)
    at jspb.BinaryDecoder.readSplitVarint64 (https://cdn.skypack.dev/-/google-protobuf@v3.21.2-YDUqZL2TTSsy2lGtfuND/dist=es2019,mode=imports/optimized/google-protobuf.js:4101:18)
    at jspb.BinaryDecoder.readSignedVarint64 (https://cdn.skypack.dev/-/google-protobuf@v3.21.2-YDUqZL2TTSsy2lGtfuND/dist=es2019,mode=imports/optimized/google-protobuf.js:4173:17)
    at jspb.BinaryReader.readInt64 (https://cdn.skypack.dev/-/google-protobuf@v3.21.2-YDUqZL2TTSsy2lGtfuND/dist=es2019,mode=imports/optimized/google-protobuf.js:4542:26)
    at Function.deserialize (file:///Users/thesayyn/Documents/thesayyn/protoc-gen-ts/target/debug/build/protoc_gen_ts-8cec2bec66276c47/out/test_conformance/test_messages_proto3.ts:246:57)
    at file:///Users/thesayyn/Documents/thesayyn/protoc-gen-ts/tests/conformance/bin/main.ts:23:78

  protobuf_test_messages.proto2.TestAllTypesProto2 1
  Error: Failure: Failed to read varint, encoding is invalid.
    at Object.jspb.asserts.fail (https://cdn.skypack.dev/-/google-protobuf@v3.21.2-YDUqZL2TTSsy2lGtfuND/dist=es2019,mode=imports/optimized/google-protobuf.js:801:11)
    at jspb.BinaryDecoder.readSplitVarint64 (https://cdn.skypack.dev/-/google-protobuf@v3.21.2-YDUqZL2TTSsy2lGtfuND/dist=es2019,mode=imports/optimized/google-protobuf.js:4101:18)
    at jspb.BinaryDecoder.readSignedVarint64 (https://cdn.skypack.dev/-/google-protobuf@v3.21.2-YDUqZL2TTSsy2lGtfuND/dist=es2019,mode=imports/optimized/google-protobuf.js:4173:17)
    at jspb.BinaryReader.readInt64 (https://cdn.skypack.dev/-/google-protobuf@v3.21.2-YDUqZL2TTSsy2lGtfuND/dist=es2019,mode=imports/optimized/google-protobuf.js:4542:26)
    at Function.deserialize (file:///Users/thesayyn/Documents/thesayyn/protoc-gen-ts/target/debug/build/protoc_gen_ts-8cec2bec66276c47/out/test_conformance/test_messages_proto2.ts:217:52)
    at file:///Users/thesayyn/Documents/thesayyn/protoc-gen-ts/tests/conformance/bin/main.ts:30:78

  protobuf_test_messages.proto3.TestAllTypesProto3 1
  Error: Failure: Decoder hit an error
    at Object.jspb.asserts.fail (https://cdn.skypack.dev/-/google-protobuf@v3.21.2-YDUqZL2TTSsy2lGtfuND/dist=es2019,mode=imports/optimized/google-protobuf.js:801:11)
    at jspb.BinaryReader.nextField (https://cdn.skypack.dev/-/google-protobuf@v3.21.2-YDUqZL2TTSsy2lGtfuND/dist=es2019,mode=imports/optimized/google-protobuf.js:4374:27)
    at Function.deserialize (file:///Users/thesayyn/Documents/thesayyn/protoc-gen-ts/target/debug/build/protoc_gen_ts-8cec2bec66276c47/out/test_conformance/test_messages_proto3.ts:169:18)
    at file:///Users/thesayyn/Documents/thesayyn/protoc-gen-ts/tests/conformance/bin/main.ts:23:78

  protobuf_test_messages.proto2.TestAllTypesProto2 1
  Error: Failure: Decoder hit an error
    at Object.jspb.asserts.fail (https://cdn.skypack.dev/-/google-protobuf@v3.21.2-YDUqZL2TTSsy2lGtfuND/dist=es2019,mode=imports/optimized/google-protobuf.js:801:11)
    at jspb.BinaryReader.nextField (https://cdn.skypack.dev/-/google-protobuf@v3.21.2-YDUqZL2TTSsy2lGtfuND/dist=es2019,mode=imports/optimized/google-protobuf.js:4374:27)
    at Function.deserialize (file:///Users/thesayyn/Documents/thesayyn/protoc-gen-ts/target/debug/build/protoc_gen_ts-8cec2bec66276c47/out/test_conformance/test_messages_proto2.ts:145:18)
    at file:///Users/thesayyn/Documents/thesayyn/protoc-gen-ts/tests/conformance/bin/main.ts:30:78

  protobuf_test_messages.proto3.TestAllTypesProto3 1
  Error: Failure: Failed to read varint, encoding is invalid.
    at Object.jspb.asserts.fail (https://cdn.skypack.dev/-/google-protobuf@v3.21.2-YDUqZL2TTSsy2lGtfuND/dist=es2019,mode=imports/optimized/google-protobuf.js:801:11)
    at jspb.BinaryDecoder.readSplitVarint64 (https://cdn.skypack.dev/-/google-protobuf@v3.21.2-YDUqZL2TTSsy2lGtfuND/dist=es2019,mode=imports/optimized/google-protobuf.js:4101:18)
    at jspb.BinaryDecoder.readSignedVarint64 (https://cdn.skypack.dev/-/google-protobuf@v3.21.2-YDUqZL2TTSsy2lGtfuND/dist=es2019,mode=imports/optimized/google-protobuf.js:4173:17)
    at jspb.BinaryReader.readPackedField_ (https://cdn.skypack.dev/-/google-protobuf@v3.21.2-YDUqZL2TTSsy2lGtfuND/dist=es2019,mode=imports/optimized/google-protobuf.js:4676:16)
    at jspb.BinaryReader.readPackedInt64 (https://cdn.skypack.dev/-/google-protobuf@v3.21.2-YDUqZL2TTSsy2lGtfuND/dist=es2019,mode=imports/optimized/google-protobuf.js:4687:17)
    at Function.deserialize (file:///Users/thesayyn/Documents/thesayyn/protoc-gen-ts/target/debug/build/protoc_gen_ts-8cec2bec66276c47/out/test_conformance/test_messages_proto3.ts:245:77)
    at file:///Users/thesayyn/Documents/thesayyn/protoc-gen-ts/tests/conformance/bin/main.ts:23:78

  protobuf_test_messages.proto2.TestAllTypesProto2 1
  Error: Assertion failed
    at Object.jspb.asserts.doAssertFailure (https://cdn.skypack.dev/-/google-protobuf@v3.21.2-YDUqZL2TTSsy2lGtfuND/dist=es2019,mode=imports/optimized/google-protobuf.js:778:11)
    at Object.jspb.asserts.assert (https://cdn.skypack.dev/-/google-protobuf@v3.21.2-YDUqZL2TTSsy2lGtfuND/dist=es2019,mode=imports/optimized/google-protobuf.js:783:23)
    at jspb.BinaryReader.readInt64 (https://cdn.skypack.dev/-/google-protobuf@v3.21.2-YDUqZL2TTSsy2lGtfuND/dist=es2019,mode=imports/optimized/google-protobuf.js:4541:18)
    at Function.deserialize (file:///Users/thesayyn/Documents/thesayyn/protoc-gen-ts/target/debug/build/protoc_gen_ts-8cec2bec66276c47/out/test_conformance/test_messages_proto2.ts:217:52)
    at file:///Users/thesayyn/Documents/thesayyn/protoc-gen-ts/tests/conformance/bin/main.ts:30:78

  protobuf_test_messages.proto3.TestAllTypesProto3 1
  Error: Failure: Failed to read varint, encoding is invalid.
    at Object.jspb.asserts.fail (https://cdn.skypack.dev/-/google-protobuf@v3.21.2-YDUqZL2TTSsy2lGtfuND/dist=es2019,mode=imports/optimized/google-protobuf.js:801:11)
    at jspb.BinaryDecoder.readSplitVarint64 (https://cdn.skypack.dev/-/google-protobuf@v3.21.2-YDUqZL2TTSsy2lGtfuND/dist=es2019,mode=imports/optimized/google-protobuf.js:4101:18)
    at jspb.BinaryDecoder.readSignedVarint64 (https://cdn.skypack.dev/-/google-protobuf@v3.21.2-YDUqZL2TTSsy2lGtfuND/dist=es2019,mode=imports/optimized/google-protobuf.js:4173:17)
    at jspb.BinaryReader.readPackedField_ (https://cdn.skypack.dev/-/google-protobuf@v3.21.2-YDUqZL2TTSsy2lGtfuND/dist=es2019,mode=imports/optimized/google-protobuf.js:4676:16)
    at jspb.BinaryReader.readPackedInt64 (https://cdn.skypack.dev/-/google-protobuf@v3.21.2-YDUqZL2TTSsy2lGtfuND/dist=es2019,mode=imports/optimized/google-protobuf.js:4687:17)
    at Function.deserialize (file:///Users/thesayyn/Documents/thesayyn/protoc-gen-ts/target/debug/build/protoc_gen_ts-8cec2bec66276c47/out/test_conformance/test_messages_proto3.ts:245:77)
    at file:///Users/thesayyn/Documents/thesayyn/protoc-gen-ts/tests/conformance/bin/main.ts:23:78

  protobuf_test_messages.proto2.TestAllTypesProto2 1
  Error: Assertion failed
    at Object.jspb.asserts.doAssertFailure (https://cdn.skypack.dev/-/google-protobuf@v3.21.2-YDUqZL2TTSsy2lGtfuND/dist=es2019,mode=imports/optimized/google-protobuf.js:778:11)
    at Object.jspb.asserts.assert (https://cdn.skypack.dev/-/google-protobuf@v3.21.2-YDUqZL2TTSsy2lGtfuND/dist=es2019,mode=imports/optimized/google-protobuf.js:783:23)
    at jspb.BinaryReader.readInt64 (https://cdn.skypack.dev/-/google-protobuf@v3.21.2-YDUqZL2TTSsy2lGtfuND/dist=es2019,mode=imports/optimized/google-protobuf.js:4541:18)
    at Function.deserialize (file:///Users/thesayyn/Documents/thesayyn/protoc-gen-ts/target/debug/build/protoc_gen_ts-8cec2bec66276c47/out/test_conformance/test_messages_proto2.ts:217:52)
    at file:///Users/thesayyn/Documents/thesayyn/protoc-gen-ts/tests/conformance/bin/main.ts:30:78

  protobuf_test_messages.proto3.TestAllTypesProto3 1
  Error: Failure: Failed to read varint, encoding is invalid.
    at Object.jspb.asserts.fail (https://cdn.skypack.dev/-/google-protobuf@v3.21.2-YDUqZL2TTSsy2lGtfuND/dist=es2019,mode=imports/optimized/google-protobuf.js:801:11)
    at jspb.BinaryDecoder.readSplitVarint64 (https://cdn.skypack.dev/-/google-protobuf@v3.21.2-YDUqZL2TTSsy2lGtfuND/dist=es2019,mode=imports/optimized/google-protobuf.js:4101:18)
    at jspb.BinaryDecoder.readUnsignedVarint64 (https://cdn.skypack.dev/-/google-protobuf@v3.21.2-YDUqZL2TTSsy2lGtfuND/dist=es2019,mode=imports/optimized/google-protobuf.js:4167:17)
    at jspb.BinaryReader.readUint64 (https://cdn.skypack.dev/-/google-protobuf@v3.21.2-YDUqZL2TTSsy2lGtfuND/dist=es2019,mode=imports/optimized/google-protobuf.js:4560:26)
    at Function.deserialize (file:///Users/thesayyn/Documents/thesayyn/protoc-gen-ts/target/debug/build/protoc_gen_ts-8cec2bec66276c47/out/test_conformance/test_messages_proto3.ts:181:50)
    at file:///Users/thesayyn/Documents/thesayyn/protoc-gen-ts/tests/conformance/bin/main.ts:23:78

  protobuf_test_messages.proto2.TestAllTypesProto2 1
  Error: Failure: Failed to read varint, encoding is invalid.
    at Object.jspb.asserts.fail (https://cdn.skypack.dev/-/google-protobuf@v3.21.2-YDUqZL2TTSsy2lGtfuND/dist=es2019,mode=imports/optimized/google-protobuf.js:801:11)
    at jspb.BinaryDecoder.readSplitVarint64 (https://cdn.skypack.dev/-/google-protobuf@v3.21.2-YDUqZL2TTSsy2lGtfuND/dist=es2019,mode=imports/optimized/google-protobuf.js:4101:18)
    at jspb.BinaryDecoder.readUnsignedVarint64 (https://cdn.skypack.dev/-/google-protobuf@v3.21.2-YDUqZL2TTSsy2lGtfuND/dist=es2019,mode=imports/optimized/google-protobuf.js:4167:17)
    at jspb.BinaryReader.readUint64 (https://cdn.skypack.dev/-/google-protobuf@v3.21.2-YDUqZL2TTSsy2lGtfuND/dist=es2019,mode=imports/optimized/google-protobuf.js:4560:26)
    at Function.deserialize (file:///Users/thesayyn/Documents/thesayyn/protoc-gen-ts/target/debug/build/protoc_gen_ts-8cec2bec66276c47/out/test_conformance/test_messages_proto2.ts:157:50)
    at file:///Users/thesayyn/Documents/thesayyn/protoc-gen-ts/tests/conformance/bin/main.ts:30:78

  protobuf_test_messages.proto3.TestAllTypesProto3 1
  Error: Failure: Failed to read varint, encoding is invalid.
    at Object.jspb.asserts.fail (https://cdn.skypack.dev/-/google-protobuf@v3.21.2-YDUqZL2TTSsy2lGtfuND/dist=es2019,mode=imports/optimized/google-protobuf.js:801:11)
    at jspb.BinaryDecoder.readSplitVarint64 (https://cdn.skypack.dev/-/google-protobuf@v3.21.2-YDUqZL2TTSsy2lGtfuND/dist=es2019,mode=imports/optimized/google-protobuf.js:4101:18)
    at jspb.BinaryDecoder.readUnsignedVarint64 (https://cdn.skypack.dev/-/google-protobuf@v3.21.2-YDUqZL2TTSsy2lGtfuND/dist=es2019,mode=imports/optimized/google-protobuf.js:4167:17)
    at jspb.BinaryReader.readUint64 (https://cdn.skypack.dev/-/google-protobuf@v3.21.2-YDUqZL2TTSsy2lGtfuND/dist=es2019,mode=imports/optimized/google-protobuf.js:4560:26)
    at Function.deserialize (file:///Users/thesayyn/Documents/thesayyn/protoc-gen-ts/target/debug/build/protoc_gen_ts-8cec2bec66276c47/out/test_conformance/test_messages_proto3.ts:254:58)
    at file:///Users/thesayyn/Documents/thesayyn/protoc-gen-ts/tests/conformance/bin/main.ts:23:78

  protobuf_test_messages.proto2.TestAllTypesProto2 1
  Error: Failure: Failed to read varint, encoding is invalid.
    at Object.jspb.asserts.fail (https://cdn.skypack.dev/-/google-protobuf@v3.21.2-YDUqZL2TTSsy2lGtfuND/dist=es2019,mode=imports/optimized/google-protobuf.js:801:11)
    at jspb.BinaryDecoder.readSplitVarint64 (https://cdn.skypack.dev/-/google-protobuf@v3.21.2-YDUqZL2TTSsy2lGtfuND/dist=es2019,mode=imports/optimized/google-protobuf.js:4101:18)
    at jspb.BinaryDecoder.readUnsignedVarint64 (https://cdn.skypack.dev/-/google-protobuf@v3.21.2-YDUqZL2TTSsy2lGtfuND/dist=es2019,mode=imports/optimized/google-protobuf.js:4167:17)
    at jspb.BinaryReader.readUint64 (https://cdn.skypack.dev/-/google-protobuf@v3.21.2-YDUqZL2TTSsy2lGtfuND/dist=es2019,mode=imports/optimized/google-protobuf.js:4560:26)
    at Function.deserialize (file:///Users/thesayyn/Documents/thesayyn/protoc-gen-ts/target/debug/build/protoc_gen_ts-8cec2bec66276c47/out/test_conformance/test_messages_proto2.ts:223:53)
    at file:///Users/thesayyn/Documents/thesayyn/protoc-gen-ts/tests/conformance/bin/main.ts:30:78

  protobuf_test_messages.proto3.TestAllTypesProto3 1
  Error: Failure: Decoder hit an error
    at Object.jspb.asserts.fail (https://cdn.skypack.dev/-/google-protobuf@v3.21.2-YDUqZL2TTSsy2lGtfuND/dist=es2019,mode=imports/optimized/google-protobuf.js:801:11)
    at jspb.BinaryReader.nextField (https://cdn.skypack.dev/-/google-protobuf@v3.21.2-YDUqZL2TTSsy2lGtfuND/dist=es2019,mode=imports/optimized/google-protobuf.js:4374:27)
    at Function.deserialize (file:///Users/thesayyn/Documents/thesayyn/protoc-gen-ts/target/debug/build/protoc_gen_ts-8cec2bec66276c47/out/test_conformance/test_messages_proto3.ts:169:18)
    at file:///Users/thesayyn/Documents/thesayyn/protoc-gen-ts/tests/conformance/bin/main.ts:23:78

  protobuf_test_messages.proto2.TestAllTypesProto2 1
  Error: Failure: Decoder hit an error
    at Object.jspb.asserts.fail (https://cdn.skypack.dev/-/google-protobuf@v3.21.2-YDUqZL2TTSsy2lGtfuND/dist=es2019,mode=imports/optimized/google-protobuf.js:801:11)
    at jspb.BinaryReader.nextField (https://cdn.skypack.dev/-/google-protobuf@v3.21.2-YDUqZL2TTSsy2lGtfuND/dist=es2019,mode=imports/optimized/google-protobuf.js:4374:27)
    at Function.deserialize (file:///Users/thesayyn/Documents/thesayyn/protoc-gen-ts/target/debug/build/protoc_gen_ts-8cec2bec66276c47/out/test_conformance/test_messages_proto2.ts:145:18)
    at file:///Users/thesayyn/Documents/thesayyn/protoc-gen-ts/tests/conformance/bin/main.ts:30:78

  protobuf_test_messages.proto3.TestAllTypesProto3 1
  Error: Failure: Failed to read varint, encoding is invalid.
    at Object.jspb.asserts.fail (https://cdn.skypack.dev/-/google-protobuf@v3.21.2-YDUqZL2TTSsy2lGtfuND/dist=es2019,mode=imports/optimized/google-protobuf.js:801:11)
    at jspb.BinaryDecoder.readSplitVarint64 (https://cdn.skypack.dev/-/google-protobuf@v3.21.2-YDUqZL2TTSsy2lGtfuND/dist=es2019,mode=imports/optimized/google-protobuf.js:4101:18)
    at jspb.BinaryDecoder.readUnsignedVarint64 (https://cdn.skypack.dev/-/google-protobuf@v3.21.2-YDUqZL2TTSsy2lGtfuND/dist=es2019,mode=imports/optimized/google-protobuf.js:4167:17)
    at jspb.BinaryReader.readUint64 (https://cdn.skypack.dev/-/google-protobuf@v3.21.2-YDUqZL2TTSsy2lGtfuND/dist=es2019,mode=imports/optimized/google-protobuf.js:4560:26)
    at Function.deserialize (file:///Users/thesayyn/Documents/thesayyn/protoc-gen-ts/target/debug/build/protoc_gen_ts-8cec2bec66276c47/out/test_conformance/test_messages_proto3.ts:181:50)
    at file:///Users/thesayyn/Documents/thesayyn/protoc-gen-ts/tests/conformance/bin/main.ts:23:78

  protobuf_test_messages.proto2.TestAllTypesProto2 1
  Error: Failure: Failed to read varint, encoding is invalid.
    at Object.jspb.asserts.fail (https://cdn.skypack.dev/-/google-protobuf@v3.21.2-YDUqZL2TTSsy2lGtfuND/dist=es2019,mode=imports/optimized/google-protobuf.js:801:11)
    at jspb.BinaryDecoder.readSplitVarint64 (https://cdn.skypack.dev/-/google-protobuf@v3.21.2-YDUqZL2TTSsy2lGtfuND/dist=es2019,mode=imports/optimized/google-protobuf.js:4101:18)
    at jspb.BinaryDecoder.readUnsignedVarint64 (https://cdn.skypack.dev/-/google-protobuf@v3.21.2-YDUqZL2TTSsy2lGtfuND/dist=es2019,mode=imports/optimized/google-protobuf.js:4167:17)
    at jspb.BinaryReader.readUint64 (https://cdn.skypack.dev/-/google-protobuf@v3.21.2-YDUqZL2TTSsy2lGtfuND/dist=es2019,mode=imports/optimized/google-protobuf.js:4560:26)
    at Function.deserialize (file:///Users/thesayyn/Documents/thesayyn/protoc-gen-ts/target/debug/build/protoc_gen_ts-8cec2bec66276c47/out/test_conformance/test_messages_proto2.ts:157:50)
    at file:///Users/thesayyn/Documents/thesayyn/protoc-gen-ts/tests/conformance/bin/main.ts:30:78

  protobuf_test_messages.proto3.TestAllTypesProto3 1
  Error: Failure: Failed to read varint, encoding is invalid.
    at Object.jspb.asserts.fail (https://cdn.skypack.dev/-/google-protobuf@v3.21.2-YDUqZL2TTSsy2lGtfuND/dist=es2019,mode=imports/optimized/google-protobuf.js:801:11)
    at jspb.BinaryDecoder.readSplitVarint64 (https://cdn.skypack.dev/-/google-protobuf@v3.21.2-YDUqZL2TTSsy2lGtfuND/dist=es2019,mode=imports/optimized/google-protobuf.js:4101:18)
    at jspb.BinaryDecoder.readUnsignedVarint64 (https://cdn.skypack.dev/-/google-protobuf@v3.21.2-YDUqZL2TTSsy2lGtfuND/dist=es2019,mode=imports/optimized/google-protobuf.js:4167:17)
    at jspb.BinaryReader.readUint64 (https://cdn.skypack.dev/-/google-protobuf@v3.21.2-YDUqZL2TTSsy2lGtfuND/dist=es2019,mode=imports/optimized/google-protobuf.js:4560:26)
    at Function.deserialize (file:///Users/thesayyn/Documents/thesayyn/protoc-gen-ts/target/debug/build/protoc_gen_ts-8cec2bec66276c47/out/test_conformance/test_messages_proto3.ts:254:58)
    at file:///Users/thesayyn/Documents/thesayyn/protoc-gen-ts/tests/conformance/bin/main.ts:23:78

  protobuf_test_messages.proto2.TestAllTypesProto2 1
  Error: Failure: Failed to read varint, encoding is invalid.
    at Object.jspb.asserts.fail (https://cdn.skypack.dev/-/google-protobuf@v3.21.2-YDUqZL2TTSsy2lGtfuND/dist=es2019,mode=imports/optimized/google-protobuf.js:801:11)
    at jspb.BinaryDecoder.readSplitVarint64 (https://cdn.skypack.dev/-/google-protobuf@v3.21.2-YDUqZL2TTSsy2lGtfuND/dist=es2019,mode=imports/optimized/google-protobuf.js:4101:18)
    at jspb.BinaryDecoder.readUnsignedVarint64 (https://cdn.skypack.dev/-/google-protobuf@v3.21.2-YDUqZL2TTSsy2lGtfuND/dist=es2019,mode=imports/optimized/google-protobuf.js:4167:17)
    at jspb.BinaryReader.readUint64 (https://cdn.skypack.dev/-/google-protobuf@v3.21.2-YDUqZL2TTSsy2lGtfuND/dist=es2019,mode=imports/optimized/google-protobuf.js:4560:26)
    at Function.deserialize (file:///Users/thesayyn/Documents/thesayyn/protoc-gen-ts/target/debug/build/protoc_gen_ts-8cec2bec66276c47/out/test_conformance/test_messages_proto2.ts:223:53)
    at file:///Users/thesayyn/Documents/thesayyn/protoc-gen-ts/tests/conformance/bin/main.ts:30:78

  protobuf_test_messages.proto3.TestAllTypesProto3 1
  Error: Failure: Decoder hit an error
    at Object.jspb.asserts.fail (https://cdn.skypack.dev/-/google-protobuf@v3.21.2-YDUqZL2TTSsy2lGtfuND/dist=es2019,mode=imports/optimized/google-protobuf.js:801:11)
    at jspb.BinaryReader.nextField (https://cdn.skypack.dev/-/google-protobuf@v3.21.2-YDUqZL2TTSsy2lGtfuND/dist=es2019,mode=imports/optimized/google-protobuf.js:4374:27)
    at Function.deserialize (file:///Users/thesayyn/Documents/thesayyn/protoc-gen-ts/target/debug/build/protoc_gen_ts-8cec2bec66276c47/out/test_conformance/test_messages_proto3.ts:169:18)
    at file:///Users/thesayyn/Documents/thesayyn/protoc-gen-ts/tests/conformance/bin/main.ts:23:78

  protobuf_test_messages.proto2.TestAllTypesProto2 1
  Error: Failure: Decoder hit an error
    at Object.jspb.asserts.fail (https://cdn.skypack.dev/-/google-protobuf@v3.21.2-YDUqZL2TTSsy2lGtfuND/dist=es2019,mode=imports/optimized/google-protobuf.js:801:11)
    at jspb.BinaryReader.nextField (https://cdn.skypack.dev/-/google-protobuf@v3.21.2-YDUqZL2TTSsy2lGtfuND/dist=es2019,mode=imports/optimized/google-protobuf.js:4374:27)
    at Function.deserialize (file:///Users/thesayyn/Documents/thesayyn/protoc-gen-ts/target/debug/build/protoc_gen_ts-8cec2bec66276c47/out/test_conformance/test_messages_proto2.ts:145:18)
    at file:///Users/thesayyn/Documents/thesayyn/protoc-gen-ts/tests/conformance/bin/main.ts:30:78

  protobuf_test_messages.proto3.TestAllTypesProto3 1
  Error: Failure: Failed to read varint, encoding is invalid.
    at Object.jspb.asserts.fail (https://cdn.skypack.dev/-/google-protobuf@v3.21.2-YDUqZL2TTSsy2lGtfuND/dist=es2019,mode=imports/optimized/google-protobuf.js:801:11)
    at jspb.BinaryDecoder.readSplitVarint64 (https://cdn.skypack.dev/-/google-protobuf@v3.21.2-YDUqZL2TTSsy2lGtfuND/dist=es2019,mode=imports/optimized/google-protobuf.js:4101:18)
    at jspb.BinaryDecoder.readUnsignedVarint64 (https://cdn.skypack.dev/-/google-protobuf@v3.21.2-YDUqZL2TTSsy2lGtfuND/dist=es2019,mode=imports/optimized/google-protobuf.js:4167:17)
    at jspb.BinaryReader.readPackedField_ (https://cdn.skypack.dev/-/google-protobuf@v3.21.2-YDUqZL2TTSsy2lGtfuND/dist=es2019,mode=imports/optimized/google-protobuf.js:4676:16)
    at jspb.BinaryReader.readPackedUint64 (https://cdn.skypack.dev/-/google-protobuf@v3.21.2-YDUqZL2TTSsy2lGtfuND/dist=es2019,mode=imports/optimized/google-protobuf.js:4701:17)
    at Function.deserialize (file:///Users/thesayyn/Documents/thesayyn/protoc-gen-ts/target/debug/build/protoc_gen_ts-8cec2bec66276c47/out/test_conformance/test_messages_proto3.ts:253:78)
    at file:///Users/thesayyn/Documents/thesayyn/protoc-gen-ts/tests/conformance/bin/main.ts:23:78

  protobuf_test_messages.proto2.TestAllTypesProto2 1
  Error: Assertion failed
    at Object.jspb.asserts.doAssertFailure (https://cdn.skypack.dev/-/google-protobuf@v3.21.2-YDUqZL2TTSsy2lGtfuND/dist=es2019,mode=imports/optimized/google-protobuf.js:778:11)
    at Object.jspb.asserts.assert (https://cdn.skypack.dev/-/google-protobuf@v3.21.2-YDUqZL2TTSsy2lGtfuND/dist=es2019,mode=imports/optimized/google-protobuf.js:783:23)
    at jspb.BinaryReader.readUint64 (https://cdn.skypack.dev/-/google-protobuf@v3.21.2-YDUqZL2TTSsy2lGtfuND/dist=es2019,mode=imports/optimized/google-protobuf.js:4559:18)
    at Function.deserialize (file:///Users/thesayyn/Documents/thesayyn/protoc-gen-ts/target/debug/build/protoc_gen_ts-8cec2bec66276c47/out/test_conformance/test_messages_proto2.ts:223:53)
    at file:///Users/thesayyn/Documents/thesayyn/protoc-gen-ts/tests/conformance/bin/main.ts:30:78

  protobuf_test_messages.proto3.TestAllTypesProto3 1
  Error: Failure: Failed to read varint, encoding is invalid.
    at Object.jspb.asserts.fail (https://cdn.skypack.dev/-/google-protobuf@v3.21.2-YDUqZL2TTSsy2lGtfuND/dist=es2019,mode=imports/optimized/google-protobuf.js:801:11)
    at jspb.BinaryDecoder.readSplitVarint64 (https://cdn.skypack.dev/-/google-protobuf@v3.21.2-YDUqZL2TTSsy2lGtfuND/dist=es2019,mode=imports/optimized/google-protobuf.js:4101:18)
    at jspb.BinaryDecoder.readUnsignedVarint64 (https://cdn.skypack.dev/-/google-protobuf@v3.21.2-YDUqZL2TTSsy2lGtfuND/dist=es2019,mode=imports/optimized/google-protobuf.js:4167:17)
    at jspb.BinaryReader.readPackedField_ (https://cdn.skypack.dev/-/google-protobuf@v3.21.2-YDUqZL2TTSsy2lGtfuND/dist=es2019,mode=imports/optimized/google-protobuf.js:4676:16)
    at jspb.BinaryReader.readPackedUint64 (https://cdn.skypack.dev/-/google-protobuf@v3.21.2-YDUqZL2TTSsy2lGtfuND/dist=es2019,mode=imports/optimized/google-protobuf.js:4701:17)
    at Function.deserialize (file:///Users/thesayyn/Documents/thesayyn/protoc-gen-ts/target/debug/build/protoc_gen_ts-8cec2bec66276c47/out/test_conformance/test_messages_proto3.ts:253:78)
    at file:///Users/thesayyn/Documents/thesayyn/protoc-gen-ts/tests/conformance/bin/main.ts:23:78

  protobuf_test_messages.proto2.TestAllTypesProto2 1
  Error: Assertion failed
    at Object.jspb.asserts.doAssertFailure (https://cdn.skypack.dev/-/google-protobuf@v3.21.2-YDUqZL2TTSsy2lGtfuND/dist=es2019,mode=imports/optimized/google-protobuf.js:778:11)
    at Object.jspb.asserts.assert (https://cdn.skypack.dev/-/google-protobuf@v3.21.2-YDUqZL2TTSsy2lGtfuND/dist=es2019,mode=imports/optimized/google-protobuf.js:783:23)
    at jspb.BinaryReader.readUint64 (https://cdn.skypack.dev/-/google-protobuf@v3.21.2-YDUqZL2TTSsy2lGtfuND/dist=es2019,mode=imports/optimized/google-protobuf.js:4559:18)
    at Function.deserialize (file:///Users/thesayyn/Documents/thesayyn/protoc-gen-ts/target/debug/build/protoc_gen_ts-8cec2bec66276c47/out/test_conformance/test_messages_proto2.ts:223:53)
    at file:///Users/thesayyn/Documents/thesayyn/protoc-gen-ts/tests/conformance/bin/main.ts:30:78

  protobuf_test_messages.proto3.TestAllTypesProto3 1
  Error: Assertion failed
    at Object.jspb.asserts.doAssertFailure (https://cdn.skypack.dev/-/google-protobuf@v3.21.2-YDUqZL2TTSsy2lGtfuND/dist=es2019,mode=imports/optimized/google-protobuf.js:778:11)
    at Object.jspb.asserts.assert (https://cdn.skypack.dev/-/google-protobuf@v3.21.2-YDUqZL2TTSsy2lGtfuND/dist=es2019,mode=imports/optimized/google-protobuf.js:783:23)
    at jspb.BinaryDecoder.readUnsignedVarint32 (https://cdn.skypack.dev/-/google-protobuf@v3.21.2-YDUqZL2TTSsy2lGtfuND/dist=es2019,mode=imports/optimized/google-protobuf.js:4150:18)
    at jspb.BinaryDecoder.readSignedVarint32 (https://cdn.skypack.dev/-/google-protobuf@v3.21.2-YDUqZL2TTSsy2lGtfuND/dist=es2019,mode=imports/optimized/google-protobuf.js:4154:19)
    at jspb.BinaryReader.readInt32 (https://cdn.skypack.dev/-/google-protobuf@v3.21.2-YDUqZL2TTSsy2lGtfuND/dist=es2019,mode=imports/optimized/google-protobuf.js:4533:26)
    at Function.deserialize (file:///Users/thesayyn/Documents/thesayyn/protoc-gen-ts/target/debug/build/protoc_gen_ts-8cec2bec66276c47/out/test_conformance/test_messages_proto3.ts:172:49)
    at file:///Users/thesayyn/Documents/thesayyn/protoc-gen-ts/tests/conformance/bin/main.ts:23:78

  protobuf_test_messages.proto2.TestAllTypesProto2 1
  Error: Assertion failed
    at Object.jspb.asserts.doAssertFailure (https://cdn.skypack.dev/-/google-protobuf@v3.21.2-YDUqZL2TTSsy2lGtfuND/dist=es2019,mode=imports/optimized/google-protobuf.js:778:11)
    at Object.jspb.asserts.assert (https://cdn.skypack.dev/-/google-protobuf@v3.21.2-YDUqZL2TTSsy2lGtfuND/dist=es2019,mode=imports/optimized/google-protobuf.js:783:23)
    at jspb.BinaryDecoder.readUnsignedVarint32 (https://cdn.skypack.dev/-/google-protobuf@v3.21.2-YDUqZL2TTSsy2lGtfuND/dist=es2019,mode=imports/optimized/google-protobuf.js:4150:18)
    at jspb.BinaryDecoder.readSignedVarint32 (https://cdn.skypack.dev/-/google-protobuf@v3.21.2-YDUqZL2TTSsy2lGtfuND/dist=es2019,mode=imports/optimized/google-protobuf.js:4154:19)
    at jspb.BinaryReader.readInt32 (https://cdn.skypack.dev/-/google-protobuf@v3.21.2-YDUqZL2TTSsy2lGtfuND/dist=es2019,mode=imports/optimized/google-protobuf.js:4533:26)
    at Function.deserialize (file:///Users/thesayyn/Documents/thesayyn/protoc-gen-ts/target/debug/build/protoc_gen_ts-8cec2bec66276c47/out/test_conformance/test_messages_proto2.ts:148:49)
    at file:///Users/thesayyn/Documents/thesayyn/protoc-gen-ts/tests/conformance/bin/main.ts:30:78

  protobuf_test_messages.proto3.TestAllTypesProto3 1
  Error: Assertion failed
    at Object.jspb.asserts.doAssertFailure (https://cdn.skypack.dev/-/google-protobuf@v3.21.2-YDUqZL2TTSsy2lGtfuND/dist=es2019,mode=imports/optimized/google-protobuf.js:778:11)
    at Object.jspb.asserts.assert (https://cdn.skypack.dev/-/google-protobuf@v3.21.2-YDUqZL2TTSsy2lGtfuND/dist=es2019,mode=imports/optimized/google-protobuf.js:783:23)
    at jspb.BinaryDecoder.readUnsignedVarint32 (https://cdn.skypack.dev/-/google-protobuf@v3.21.2-YDUqZL2TTSsy2lGtfuND/dist=es2019,mode=imports/optimized/google-protobuf.js:4150:18)
    at jspb.BinaryDecoder.readSignedVarint32 (https://cdn.skypack.dev/-/google-protobuf@v3.21.2-YDUqZL2TTSsy2lGtfuND/dist=es2019,mode=imports/optimized/google-protobuf.js:4154:19)
    at jspb.BinaryReader.readInt32 (https://cdn.skypack.dev/-/google-protobuf@v3.21.2-YDUqZL2TTSsy2lGtfuND/dist=es2019,mode=imports/optimized/google-protobuf.js:4533:26)
    at Function.deserialize (file:///Users/thesayyn/Documents/thesayyn/protoc-gen-ts/target/debug/build/protoc_gen_ts-8cec2bec66276c47/out/test_conformance/test_messages_proto3.ts:242:57)
    at file:///Users/thesayyn/Documents/thesayyn/protoc-gen-ts/tests/conformance/bin/main.ts:23:78

  protobuf_test_messages.proto2.TestAllTypesProto2 1
  Error: Assertion failed
    at Object.jspb.asserts.doAssertFailure (https://cdn.skypack.dev/-/google-protobuf@v3.21.2-YDUqZL2TTSsy2lGtfuND/dist=es2019,mode=imports/optimized/google-protobuf.js:778:11)
    at Object.jspb.asserts.assert (https://cdn.skypack.dev/-/google-protobuf@v3.21.2-YDUqZL2TTSsy2lGtfuND/dist=es2019,mode=imports/optimized/google-protobuf.js:783:23)
    at jspb.BinaryDecoder.readUnsignedVarint32 (https://cdn.skypack.dev/-/google-protobuf@v3.21.2-YDUqZL2TTSsy2lGtfuND/dist=es2019,mode=imports/optimized/google-protobuf.js:4150:18)
    at jspb.BinaryDecoder.readSignedVarint32 (https://cdn.skypack.dev/-/google-protobuf@v3.21.2-YDUqZL2TTSsy2lGtfuND/dist=es2019,mode=imports/optimized/google-protobuf.js:4154:19)
    at jspb.BinaryReader.readInt32 (https://cdn.skypack.dev/-/google-protobuf@v3.21.2-YDUqZL2TTSsy2lGtfuND/dist=es2019,mode=imports/optimized/google-protobuf.js:4533:26)
    at Function.deserialize (file:///Users/thesayyn/Documents/thesayyn/protoc-gen-ts/target/debug/build/protoc_gen_ts-8cec2bec66276c47/out/test_conformance/test_messages_proto2.ts:214:52)
    at file:///Users/thesayyn/Documents/thesayyn/protoc-gen-ts/tests/conformance/bin/main.ts:30:78

  protobuf_test_messages.proto3.TestAllTypesProto3 1
  Error: Failure: Decoder hit an error
    at Object.jspb.asserts.fail (https://cdn.skypack.dev/-/google-protobuf@v3.21.2-YDUqZL2TTSsy2lGtfuND/dist=es2019,mode=imports/optimized/google-protobuf.js:801:11)
    at jspb.BinaryReader.nextField (https://cdn.skypack.dev/-/google-protobuf@v3.21.2-YDUqZL2TTSsy2lGtfuND/dist=es2019,mode=imports/optimized/google-protobuf.js:4374:27)
    at Function.deserialize (file:///Users/thesayyn/Documents/thesayyn/protoc-gen-ts/target/debug/build/protoc_gen_ts-8cec2bec66276c47/out/test_conformance/test_messages_proto3.ts:169:18)
    at file:///Users/thesayyn/Documents/thesayyn/protoc-gen-ts/tests/conformance/bin/main.ts:23:78

  protobuf_test_messages.proto2.TestAllTypesProto2 1
  Error: Failure: Decoder hit an error
    at Object.jspb.asserts.fail (https://cdn.skypack.dev/-/google-protobuf@v3.21.2-YDUqZL2TTSsy2lGtfuND/dist=es2019,mode=imports/optimized/google-protobuf.js:801:11)
    at jspb.BinaryReader.nextField (https://cdn.skypack.dev/-/google-protobuf@v3.21.2-YDUqZL2TTSsy2lGtfuND/dist=es2019,mode=imports/optimized/google-protobuf.js:4374:27)
    at Function.deserialize (file:///Users/thesayyn/Documents/thesayyn/protoc-gen-ts/target/debug/build/protoc_gen_ts-8cec2bec66276c47/out/test_conformance/test_messages_proto2.ts:145:18)
    at file:///Users/thesayyn/Documents/thesayyn/protoc-gen-ts/tests/conformance/bin/main.ts:30:78

  protobuf_test_messages.proto3.TestAllTypesProto3 1
  Error: Assertion failed
    at Object.jspb.asserts.doAssertFailure (https://cdn.skypack.dev/-/google-protobuf@v3.21.2-YDUqZL2TTSsy2lGtfuND/dist=es2019,mode=imports/optimized/google-protobuf.js:778:11)
    at Object.jspb.asserts.assert (https://cdn.skypack.dev/-/google-protobuf@v3.21.2-YDUqZL2TTSsy2lGtfuND/dist=es2019,mode=imports/optimized/google-protobuf.js:783:23)
    at jspb.BinaryDecoder.readUnsignedVarint32 (https://cdn.skypack.dev/-/google-protobuf@v3.21.2-YDUqZL2TTSsy2lGtfuND/dist=es2019,mode=imports/optimized/google-protobuf.js:4150:18)
    at jspb.BinaryDecoder.readSignedVarint32 (https://cdn.skypack.dev/-/google-protobuf@v3.21.2-YDUqZL2TTSsy2lGtfuND/dist=es2019,mode=imports/optimized/google-protobuf.js:4154:19)
    at jspb.BinaryReader.readInt32 (https://cdn.skypack.dev/-/google-protobuf@v3.21.2-YDUqZL2TTSsy2lGtfuND/dist=es2019,mode=imports/optimized/google-protobuf.js:4533:26)
    at Function.deserialize (file:///Users/thesayyn/Documents/thesayyn/protoc-gen-ts/target/debug/build/protoc_gen_ts-8cec2bec66276c47/out/test_conformance/test_messages_proto3.ts:172:49)
    at file:///Users/thesayyn/Documents/thesayyn/protoc-gen-ts/tests/conformance/bin/main.ts:23:78

  protobuf_test_messages.proto2.TestAllTypesProto2 1
  Error: Assertion failed
    at Object.jspb.asserts.doAssertFailure (https://cdn.skypack.dev/-/google-protobuf@v3.21.2-YDUqZL2TTSsy2lGtfuND/dist=es2019,mode=imports/optimized/google-protobuf.js:778:11)
    at Object.jspb.asserts.assert (https://cdn.skypack.dev/-/google-protobuf@v3.21.2-YDUqZL2TTSsy2lGtfuND/dist=es2019,mode=imports/optimized/google-protobuf.js:783:23)
    at jspb.BinaryDecoder.readUnsignedVarint32 (https://cdn.skypack.dev/-/google-protobuf@v3.21.2-YDUqZL2TTSsy2lGtfuND/dist=es2019,mode=imports/optimized/google-protobuf.js:4150:18)
    at jspb.BinaryDecoder.readSignedVarint32 (https://cdn.skypack.dev/-/google-protobuf@v3.21.2-YDUqZL2TTSsy2lGtfuND/dist=es2019,mode=imports/optimized/google-protobuf.js:4154:19)
    at jspb.BinaryReader.readInt32 (https://cdn.skypack.dev/-/google-protobuf@v3.21.2-YDUqZL2TTSsy2lGtfuND/dist=es2019,mode=imports/optimized/google-protobuf.js:4533:26)
    at Function.deserialize (file:///Users/thesayyn/Documents/thesayyn/protoc-gen-ts/target/debug/build/protoc_gen_ts-8cec2bec66276c47/out/test_conformance/test_messages_proto2.ts:148:49)
    at file:///Users/thesayyn/Documents/thesayyn/protoc-gen-ts/tests/conformance/bin/main.ts:30:78

  protobuf_test_messages.proto3.TestAllTypesProto3 1
  Error: Assertion failed
    at Object.jspb.asserts.doAssertFailure (https://cdn.skypack.dev/-/google-protobuf@v3.21.2-YDUqZL2TTSsy2lGtfuND/dist=es2019,mode=imports/optimized/google-protobuf.js:778:11)
    at Object.jspb.asserts.assert (https://cdn.skypack.dev/-/google-protobuf@v3.21.2-YDUqZL2TTSsy2lGtfuND/dist=es2019,mode=imports/optimized/google-protobuf.js:783:23)
    at jspb.BinaryDecoder.readUnsignedVarint32 (https://cdn.skypack.dev/-/google-protobuf@v3.21.2-YDUqZL2TTSsy2lGtfuND/dist=es2019,mode=imports/optimized/google-protobuf.js:4150:18)
    at jspb.BinaryDecoder.readSignedVarint32 (https://cdn.skypack.dev/-/google-protobuf@v3.21.2-YDUqZL2TTSsy2lGtfuND/dist=es2019,mode=imports/optimized/google-protobuf.js:4154:19)
    at jspb.BinaryReader.readInt32 (https://cdn.skypack.dev/-/google-protobuf@v3.21.2-YDUqZL2TTSsy2lGtfuND/dist=es2019,mode=imports/optimized/google-protobuf.js:4533:26)
    at Function.deserialize (file:///Users/thesayyn/Documents/thesayyn/protoc-gen-ts/target/debug/build/protoc_gen_ts-8cec2bec66276c47/out/test_conformance/test_messages_proto3.ts:242:57)
    at file:///Users/thesayyn/Documents/thesayyn/protoc-gen-ts/tests/conformance/bin/main.ts:23:78

  protobuf_test_messages.proto2.TestAllTypesProto2 1
  Error: Assertion failed
    at Object.jspb.asserts.doAssertFailure (https://cdn.skypack.dev/-/google-protobuf@v3.21.2-YDUqZL2TTSsy2lGtfuND/dist=es2019,mode=imports/optimized/google-protobuf.js:778:11)
    at Object.jspb.asserts.assert (https://cdn.skypack.dev/-/google-protobuf@v3.21.2-YDUqZL2TTSsy2lGtfuND/dist=es2019,mode=imports/optimized/google-protobuf.js:783:23)
    at jspb.BinaryDecoder.readUnsignedVarint32 (https://cdn.skypack.dev/-/google-protobuf@v3.21.2-YDUqZL2TTSsy2lGtfuND/dist=es2019,mode=imports/optimized/google-protobuf.js:4150:18)
    at jspb.BinaryDecoder.readSignedVarint32 (https://cdn.skypack.dev/-/google-protobuf@v3.21.2-YDUqZL2TTSsy2lGtfuND/dist=es2019,mode=imports/optimized/google-protobuf.js:4154:19)
    at jspb.BinaryReader.readInt32 (https://cdn.skypack.dev/-/google-protobuf@v3.21.2-YDUqZL2TTSsy2lGtfuND/dist=es2019,mode=imports/optimized/google-protobuf.js:4533:26)
    at Function.deserialize (file:///Users/thesayyn/Documents/thesayyn/protoc-gen-ts/target/debug/build/protoc_gen_ts-8cec2bec66276c47/out/test_conformance/test_messages_proto2.ts:214:52)
    at file:///Users/thesayyn/Documents/thesayyn/protoc-gen-ts/tests/conformance/bin/main.ts:30:78

  protobuf_test_messages.proto3.TestAllTypesProto3 1
  Error: Failure: Decoder hit an error
    at Object.jspb.asserts.fail (https://cdn.skypack.dev/-/google-protobuf@v3.21.2-YDUqZL2TTSsy2lGtfuND/dist=es2019,mode=imports/optimized/google-protobuf.js:801:11)
    at jspb.BinaryReader.nextField (https://cdn.skypack.dev/-/google-protobuf@v3.21.2-YDUqZL2TTSsy2lGtfuND/dist=es2019,mode=imports/optimized/google-protobuf.js:4374:27)
    at Function.deserialize (file:///Users/thesayyn/Documents/thesayyn/protoc-gen-ts/target/debug/build/protoc_gen_ts-8cec2bec66276c47/out/test_conformance/test_messages_proto3.ts:169:18)
    at file:///Users/thesayyn/Documents/thesayyn/protoc-gen-ts/tests/conformance/bin/main.ts:23:78

  protobuf_test_messages.proto2.TestAllTypesProto2 1
  Error: Failure: Decoder hit an error
    at Object.jspb.asserts.fail (https://cdn.skypack.dev/-/google-protobuf@v3.21.2-YDUqZL2TTSsy2lGtfuND/dist=es2019,mode=imports/optimized/google-protobuf.js:801:11)
    at jspb.BinaryReader.nextField (https://cdn.skypack.dev/-/google-protobuf@v3.21.2-YDUqZL2TTSsy2lGtfuND/dist=es2019,mode=imports/optimized/google-protobuf.js:4374:27)
    at Function.deserialize (file:///Users/thesayyn/Documents/thesayyn/protoc-gen-ts/target/debug/build/protoc_gen_ts-8cec2bec66276c47/out/test_conformance/test_messages_proto2.ts:145:18)
    at file:///Users/thesayyn/Documents/thesayyn/protoc-gen-ts/tests/conformance/bin/main.ts:30:78

  protobuf_test_messages.proto3.TestAllTypesProto3 1
  Error: Assertion failed
    at Object.jspb.asserts.doAssertFailure (https://cdn.skypack.dev/-/google-protobuf@v3.21.2-YDUqZL2TTSsy2lGtfuND/dist=es2019,mode=imports/optimized/google-protobuf.js:778:11)
    at Object.jspb.asserts.assert (https://cdn.skypack.dev/-/google-protobuf@v3.21.2-YDUqZL2TTSsy2lGtfuND/dist=es2019,mode=imports/optimized/google-protobuf.js:783:23)
    at jspb.BinaryDecoder.readUnsignedVarint32 (https://cdn.skypack.dev/-/google-protobuf@v3.21.2-YDUqZL2TTSsy2lGtfuND/dist=es2019,mode=imports/optimized/google-protobuf.js:4150:18)
    at jspb.BinaryDecoder.readSignedVarint32 (https://cdn.skypack.dev/-/google-protobuf@v3.21.2-YDUqZL2TTSsy2lGtfuND/dist=es2019,mode=imports/optimized/google-protobuf.js:4154:19)
    at jspb.BinaryReader.readPackedField_ (https://cdn.skypack.dev/-/google-protobuf@v3.21.2-YDUqZL2TTSsy2lGtfuND/dist=es2019,mode=imports/optimized/google-protobuf.js:4676:16)
    at jspb.BinaryReader.readPackedInt32 (https://cdn.skypack.dev/-/google-protobuf@v3.21.2-YDUqZL2TTSsy2lGtfuND/dist=es2019,mode=imports/optimized/google-protobuf.js:4680:17)
    at Function.deserialize (file:///Users/thesayyn/Documents/thesayyn/protoc-gen-ts/target/debug/build/protoc_gen_ts-8cec2bec66276c47/out/test_conformance/test_messages_proto3.ts:241:77)
    at file:///Users/thesayyn/Documents/thesayyn/protoc-gen-ts/tests/conformance/bin/main.ts:23:78

  protobuf_test_messages.proto2.TestAllTypesProto2 1
  Error: Assertion failed
    at Object.jspb.asserts.doAssertFailure (https://cdn.skypack.dev/-/google-protobuf@v3.21.2-YDUqZL2TTSsy2lGtfuND/dist=es2019,mode=imports/optimized/google-protobuf.js:778:11)
    at Object.jspb.asserts.assert (https://cdn.skypack.dev/-/google-protobuf@v3.21.2-YDUqZL2TTSsy2lGtfuND/dist=es2019,mode=imports/optimized/google-protobuf.js:783:23)
    at jspb.BinaryReader.readInt32 (https://cdn.skypack.dev/-/google-protobuf@v3.21.2-YDUqZL2TTSsy2lGtfuND/dist=es2019,mode=imports/optimized/google-protobuf.js:4532:18)
    at Function.deserialize (file:///Users/thesayyn/Documents/thesayyn/protoc-gen-ts/target/debug/build/protoc_gen_ts-8cec2bec66276c47/out/test_conformance/test_messages_proto2.ts:214:52)
    at file:///Users/thesayyn/Documents/thesayyn/protoc-gen-ts/tests/conformance/bin/main.ts:30:78

  protobuf_test_messages.proto3.TestAllTypesProto3 1
  Error: Assertion failed
    at Object.jspb.asserts.doAssertFailure (https://cdn.skypack.dev/-/google-protobuf@v3.21.2-YDUqZL2TTSsy2lGtfuND/dist=es2019,mode=imports/optimized/google-protobuf.js:778:11)
    at Object.jspb.asserts.assert (https://cdn.skypack.dev/-/google-protobuf@v3.21.2-YDUqZL2TTSsy2lGtfuND/dist=es2019,mode=imports/optimized/google-protobuf.js:783:23)
    at jspb.BinaryDecoder.readUnsignedVarint32 (https://cdn.skypack.dev/-/google-protobuf@v3.21.2-YDUqZL2TTSsy2lGtfuND/dist=es2019,mode=imports/optimized/google-protobuf.js:4150:18)
    at jspb.BinaryDecoder.readSignedVarint32 (https://cdn.skypack.dev/-/google-protobuf@v3.21.2-YDUqZL2TTSsy2lGtfuND/dist=es2019,mode=imports/optimized/google-protobuf.js:4154:19)
    at jspb.BinaryReader.readPackedField_ (https://cdn.skypack.dev/-/google-protobuf@v3.21.2-YDUqZL2TTSsy2lGtfuND/dist=es2019,mode=imports/optimized/google-protobuf.js:4676:16)
    at jspb.BinaryReader.readPackedInt32 (https://cdn.skypack.dev/-/google-protobuf@v3.21.2-YDUqZL2TTSsy2lGtfuND/dist=es2019,mode=imports/optimized/google-protobuf.js:4680:17)
    at Function.deserialize (file:///Users/thesayyn/Documents/thesayyn/protoc-gen-ts/target/debug/build/protoc_gen_ts-8cec2bec66276c47/out/test_conformance/test_messages_proto3.ts:241:77)
    at file:///Users/thesayyn/Documents/thesayyn/protoc-gen-ts/tests/conformance/bin/main.ts:23:78

  protobuf_test_messages.proto2.TestAllTypesProto2 1
  Error: Assertion failed
    at Object.jspb.asserts.doAssertFailure (https://cdn.skypack.dev/-/google-protobuf@v3.21.2-YDUqZL2TTSsy2lGtfuND/dist=es2019,mode=imports/optimized/google-protobuf.js:778:11)
    at Object.jspb.asserts.assert (https://cdn.skypack.dev/-/google-protobuf@v3.21.2-YDUqZL2TTSsy2lGtfuND/dist=es2019,mode=imports/optimized/google-protobuf.js:783:23)
    at jspb.BinaryReader.readInt32 (https://cdn.skypack.dev/-/google-protobuf@v3.21.2-YDUqZL2TTSsy2lGtfuND/dist=es2019,mode=imports/optimized/google-protobuf.js:4532:18)
    at Function.deserialize (file:///Users/thesayyn/Documents/thesayyn/protoc-gen-ts/target/debug/build/protoc_gen_ts-8cec2bec66276c47/out/test_conformance/test_messages_proto2.ts:214:52)
    at file:///Users/thesayyn/Documents/thesayyn/protoc-gen-ts/tests/conformance/bin/main.ts:30:78

  protobuf_test_messages.proto3.TestAllTypesProto3 1
  Error: Assertion failed
    at Object.jspb.asserts.doAssertFailure (https://cdn.skypack.dev/-/google-protobuf@v3.21.2-YDUqZL2TTSsy2lGtfuND/dist=es2019,mode=imports/optimized/google-protobuf.js:778:11)
    at Object.jspb.asserts.assert (https://cdn.skypack.dev/-/google-protobuf@v3.21.2-YDUqZL2TTSsy2lGtfuND/dist=es2019,mode=imports/optimized/google-protobuf.js:783:23)
    at jspb.BinaryDecoder.readUint32 (https://cdn.skypack.dev/-/google-protobuf@v3.21.2-YDUqZL2TTSsy2lGtfuND/dist=es2019,mode=imports/optimized/google-protobuf.js:4202:18)
    at jspb.BinaryDecoder.readUint64 (https://cdn.skypack.dev/-/google-protobuf@v3.21.2-YDUqZL2TTSsy2lGtfuND/dist=es2019,mode=imports/optimized/google-protobuf.js:4206:18)
    at jspb.BinaryReader.readFixed64 (https://cdn.skypack.dev/-/google-protobuf@v3.21.2-YDUqZL2TTSsy2lGtfuND/dist=es2019,mode=imports/optimized/google-protobuf.js:4588:26)
    at Function.deserialize (file:///Users/thesayyn/Documents/thesayyn/protoc-gen-ts/target/debug/build/protoc_gen_ts-8cec2bec66276c47/out/test_conformance/test_messages_proto3.ts:193:51)
    at file:///Users/thesayyn/Documents/thesayyn/protoc-gen-ts/tests/conformance/bin/main.ts:23:78

  protobuf_test_messages.proto2.TestAllTypesProto2 1
  Error: Assertion failed
    at Object.jspb.asserts.doAssertFailure (https://cdn.skypack.dev/-/google-protobuf@v3.21.2-YDUqZL2TTSsy2lGtfuND/dist=es2019,mode=imports/optimized/google-protobuf.js:778:11)
    at Object.jspb.asserts.assert (https://cdn.skypack.dev/-/google-protobuf@v3.21.2-YDUqZL2TTSsy2lGtfuND/dist=es2019,mode=imports/optimized/google-protobuf.js:783:23)
    at jspb.BinaryDecoder.readUint32 (https://cdn.skypack.dev/-/google-protobuf@v3.21.2-YDUqZL2TTSsy2lGtfuND/dist=es2019,mode=imports/optimized/google-protobuf.js:4202:18)
    at jspb.BinaryDecoder.readUint64 (https://cdn.skypack.dev/-/google-protobuf@v3.21.2-YDUqZL2TTSsy2lGtfuND/dist=es2019,mode=imports/optimized/google-protobuf.js:4206:18)
    at jspb.BinaryReader.readFixed64 (https://cdn.skypack.dev/-/google-protobuf@v3.21.2-YDUqZL2TTSsy2lGtfuND/dist=es2019,mode=imports/optimized/google-protobuf.js:4588:26)
    at Function.deserialize (file:///Users/thesayyn/Documents/thesayyn/protoc-gen-ts/target/debug/build/protoc_gen_ts-8cec2bec66276c47/out/test_conformance/test_messages_proto2.ts:169:51)
    at file:///Users/thesayyn/Documents/thesayyn/protoc-gen-ts/tests/conformance/bin/main.ts:30:78

  protobuf_test_messages.proto3.TestAllTypesProto3 1
  Error: Assertion failed
    at Object.jspb.asserts.doAssertFailure (https://cdn.skypack.dev/-/google-protobuf@v3.21.2-YDUqZL2TTSsy2lGtfuND/dist=es2019,mode=imports/optimized/google-protobuf.js:778:11)
    at Object.jspb.asserts.assert (https://cdn.skypack.dev/-/google-protobuf@v3.21.2-YDUqZL2TTSsy2lGtfuND/dist=es2019,mode=imports/optimized/google-protobuf.js:783:23)
    at jspb.BinaryDecoder.readUint32 (https://cdn.skypack.dev/-/google-protobuf@v3.21.2-YDUqZL2TTSsy2lGtfuND/dist=es2019,mode=imports/optimized/google-protobuf.js:4202:18)
    at jspb.BinaryDecoder.readUint64 (https://cdn.skypack.dev/-/google-protobuf@v3.21.2-YDUqZL2TTSsy2lGtfuND/dist=es2019,mode=imports/optimized/google-protobuf.js:4206:18)
    at jspb.BinaryReader.readFixed64 (https://cdn.skypack.dev/-/google-protobuf@v3.21.2-YDUqZL2TTSsy2lGtfuND/dist=es2019,mode=imports/optimized/google-protobuf.js:4588:26)
    at Function.deserialize (file:///Users/thesayyn/Documents/thesayyn/protoc-gen-ts/target/debug/build/protoc_gen_ts-8cec2bec66276c47/out/test_conformance/test_messages_proto3.ts:270:59)
    at file:///Users/thesayyn/Documents/thesayyn/protoc-gen-ts/tests/conformance/bin/main.ts:23:78

  protobuf_test_messages.proto2.TestAllTypesProto2 1
  Error: Assertion failed
    at Object.jspb.asserts.doAssertFailure (https://cdn.skypack.dev/-/google-protobuf@v3.21.2-YDUqZL2TTSsy2lGtfuND/dist=es2019,mode=imports/optimized/google-protobuf.js:778:11)
    at Object.jspb.asserts.assert (https://cdn.skypack.dev/-/google-protobuf@v3.21.2-YDUqZL2TTSsy2lGtfuND/dist=es2019,mode=imports/optimized/google-protobuf.js:783:23)
    at jspb.BinaryDecoder.readUint32 (https://cdn.skypack.dev/-/google-protobuf@v3.21.2-YDUqZL2TTSsy2lGtfuND/dist=es2019,mode=imports/optimized/google-protobuf.js:4202:18)
    at jspb.BinaryDecoder.readUint64 (https://cdn.skypack.dev/-/google-protobuf@v3.21.2-YDUqZL2TTSsy2lGtfuND/dist=es2019,mode=imports/optimized/google-protobuf.js:4206:18)
    at jspb.BinaryReader.readFixed64 (https://cdn.skypack.dev/-/google-protobuf@v3.21.2-YDUqZL2TTSsy2lGtfuND/dist=es2019,mode=imports/optimized/google-protobuf.js:4588:26)
    at Function.deserialize (file:///Users/thesayyn/Documents/thesayyn/protoc-gen-ts/target/debug/build/protoc_gen_ts-8cec2bec66276c47/out/test_conformance/test_messages_proto2.ts:235:54)
    at file:///Users/thesayyn/Documents/thesayyn/protoc-gen-ts/tests/conformance/bin/main.ts:30:78

  protobuf_test_messages.proto3.TestAllTypesProto3 1
  Error: Assertion failed
    at Object.jspb.asserts.doAssertFailure (https://cdn.skypack.dev/-/google-protobuf@v3.21.2-YDUqZL2TTSsy2lGtfuND/dist=es2019,mode=imports/optimized/google-protobuf.js:778:11)
    at Object.jspb.asserts.assert (https://cdn.skypack.dev/-/google-protobuf@v3.21.2-YDUqZL2TTSsy2lGtfuND/dist=es2019,mode=imports/optimized/google-protobuf.js:783:23)
    at jspb.BinaryDecoder.advance (https://cdn.skypack.dev/-/google-protobuf@v3.21.2-YDUqZL2TTSsy2lGtfuND/dist=es2019,mode=imports/optimized/google-protobuf.js:4081:18)
    at jspb.BinaryReader.skipFixed64Field (https://cdn.skypack.dev/-/google-protobuf@v3.21.2-YDUqZL2TTSsy2lGtfuND/dist=es2019,mode=imports/optimized/google-protobuf.js:4409:163)
    at jspb.BinaryReader.skipField (https://cdn.skypack.dev/-/google-protobuf@v3.21.2-YDUqZL2TTSsy2lGtfuND/dist=es2019,mode=imports/optimized/google-protobuf.js:4432:14)
    at Function.deserialize (file:///Users/thesayyn/Documents/thesayyn/protoc-gen-ts/target/debug/build/protoc_gen_ts-8cec2bec66276c47/out/test_conformance/test_messages_proto3.ts:958:24)
    at file:///Users/thesayyn/Documents/thesayyn/protoc-gen-ts/tests/conformance/bin/main.ts:23:78

  protobuf_test_messages.proto2.TestAllTypesProto2 1
  Error: Assertion failed
    at Object.jspb.asserts.doAssertFailure (https://cdn.skypack.dev/-/google-protobuf@v3.21.2-YDUqZL2TTSsy2lGtfuND/dist=es2019,mode=imports/optimized/google-protobuf.js:778:11)
    at Object.jspb.asserts.assert (https://cdn.skypack.dev/-/google-protobuf@v3.21.2-YDUqZL2TTSsy2lGtfuND/dist=es2019,mode=imports/optimized/google-protobuf.js:783:23)
    at jspb.BinaryDecoder.advance (https://cdn.skypack.dev/-/google-protobuf@v3.21.2-YDUqZL2TTSsy2lGtfuND/dist=es2019,mode=imports/optimized/google-protobuf.js:4081:18)
    at jspb.BinaryReader.skipFixed64Field (https://cdn.skypack.dev/-/google-protobuf@v3.21.2-YDUqZL2TTSsy2lGtfuND/dist=es2019,mode=imports/optimized/google-protobuf.js:4409:163)
    at jspb.BinaryReader.skipField (https://cdn.skypack.dev/-/google-protobuf@v3.21.2-YDUqZL2TTSsy2lGtfuND/dist=es2019,mode=imports/optimized/google-protobuf.js:4432:14)
    at Function.deserialize (file:///Users/thesayyn/Documents/thesayyn/protoc-gen-ts/target/debug/build/protoc_gen_ts-8cec2bec66276c47/out/test_conformance/test_messages_proto2.ts:865:24)
    at file:///Users/thesayyn/Documents/thesayyn/protoc-gen-ts/tests/conformance/bin/main.ts:30:78

  protobuf_test_messages.proto3.TestAllTypesProto3 1
  Error: Assertion failed
    at Object.jspb.asserts.doAssertFailure (https://cdn.skypack.dev/-/google-protobuf@v3.21.2-YDUqZL2TTSsy2lGtfuND/dist=es2019,mode=imports/optimized/google-protobuf.js:778:11)
    at Object.jspb.asserts.assert (https://cdn.skypack.dev/-/google-protobuf@v3.21.2-YDUqZL2TTSsy2lGtfuND/dist=es2019,mode=imports/optimized/google-protobuf.js:783:23)
    at jspb.BinaryDecoder.readUint32 (https://cdn.skypack.dev/-/google-protobuf@v3.21.2-YDUqZL2TTSsy2lGtfuND/dist=es2019,mode=imports/optimized/google-protobuf.js:4202:18)
    at jspb.BinaryDecoder.readUint64 (https://cdn.skypack.dev/-/google-protobuf@v3.21.2-YDUqZL2TTSsy2lGtfuND/dist=es2019,mode=imports/optimized/google-protobuf.js:4206:41)
    at jspb.BinaryReader.readFixed64 (https://cdn.skypack.dev/-/google-protobuf@v3.21.2-YDUqZL2TTSsy2lGtfuND/dist=es2019,mode=imports/optimized/google-protobuf.js:4588:26)
    at Function.deserialize (file:///Users/thesayyn/Documents/thesayyn/protoc-gen-ts/target/debug/build/protoc_gen_ts-8cec2bec66276c47/out/test_conformance/test_messages_proto3.ts:193:51)
    at file:///Users/thesayyn/Documents/thesayyn/protoc-gen-ts/tests/conformance/bin/main.ts:23:78

  protobuf_test_messages.proto2.TestAllTypesProto2 1
  Error: Assertion failed
    at Object.jspb.asserts.doAssertFailure (https://cdn.skypack.dev/-/google-protobuf@v3.21.2-YDUqZL2TTSsy2lGtfuND/dist=es2019,mode=imports/optimized/google-protobuf.js:778:11)
    at Object.jspb.asserts.assert (https://cdn.skypack.dev/-/google-protobuf@v3.21.2-YDUqZL2TTSsy2lGtfuND/dist=es2019,mode=imports/optimized/google-protobuf.js:783:23)
    at jspb.BinaryDecoder.readUint32 (https://cdn.skypack.dev/-/google-protobuf@v3.21.2-YDUqZL2TTSsy2lGtfuND/dist=es2019,mode=imports/optimized/google-protobuf.js:4202:18)
    at jspb.BinaryDecoder.readUint64 (https://cdn.skypack.dev/-/google-protobuf@v3.21.2-YDUqZL2TTSsy2lGtfuND/dist=es2019,mode=imports/optimized/google-protobuf.js:4206:41)
    at jspb.BinaryReader.readFixed64 (https://cdn.skypack.dev/-/google-protobuf@v3.21.2-YDUqZL2TTSsy2lGtfuND/dist=es2019,mode=imports/optimized/google-protobuf.js:4588:26)
    at Function.deserialize (file:///Users/thesayyn/Documents/thesayyn/protoc-gen-ts/target/debug/build/protoc_gen_ts-8cec2bec66276c47/out/test_conformance/test_messages_proto2.ts:169:51)
    at file:///Users/thesayyn/Documents/thesayyn/protoc-gen-ts/tests/conformance/bin/main.ts:30:78

  protobuf_test_messages.proto3.TestAllTypesProto3 1
  Error: Assertion failed
    at Object.jspb.asserts.doAssertFailure (https://cdn.skypack.dev/-/google-protobuf@v3.21.2-YDUqZL2TTSsy2lGtfuND/dist=es2019,mode=imports/optimized/google-protobuf.js:778:11)
    at Object.jspb.asserts.assert (https://cdn.skypack.dev/-/google-protobuf@v3.21.2-YDUqZL2TTSsy2lGtfuND/dist=es2019,mode=imports/optimized/google-protobuf.js:783:23)
    at jspb.BinaryDecoder.readUint32 (https://cdn.skypack.dev/-/google-protobuf@v3.21.2-YDUqZL2TTSsy2lGtfuND/dist=es2019,mode=imports/optimized/google-protobuf.js:4202:18)
    at jspb.BinaryDecoder.readUint64 (https://cdn.skypack.dev/-/google-protobuf@v3.21.2-YDUqZL2TTSsy2lGtfuND/dist=es2019,mode=imports/optimized/google-protobuf.js:4206:41)
    at jspb.BinaryReader.readFixed64 (https://cdn.skypack.dev/-/google-protobuf@v3.21.2-YDUqZL2TTSsy2lGtfuND/dist=es2019,mode=imports/optimized/google-protobuf.js:4588:26)
    at Function.deserialize (file:///Users/thesayyn/Documents/thesayyn/protoc-gen-ts/target/debug/build/protoc_gen_ts-8cec2bec66276c47/out/test_conformance/test_messages_proto3.ts:270:59)
    at file:///Users/thesayyn/Documents/thesayyn/protoc-gen-ts/tests/conformance/bin/main.ts:23:78

  protobuf_test_messages.proto2.TestAllTypesProto2 1
  Error: Assertion failed
    at Object.jspb.asserts.doAssertFailure (https://cdn.skypack.dev/-/google-protobuf@v3.21.2-YDUqZL2TTSsy2lGtfuND/dist=es2019,mode=imports/optimized/google-protobuf.js:778:11)
    at Object.jspb.asserts.assert (https://cdn.skypack.dev/-/google-protobuf@v3.21.2-YDUqZL2TTSsy2lGtfuND/dist=es2019,mode=imports/optimized/google-protobuf.js:783:23)
    at jspb.BinaryDecoder.readUint32 (https://cdn.skypack.dev/-/google-protobuf@v3.21.2-YDUqZL2TTSsy2lGtfuND/dist=es2019,mode=imports/optimized/google-protobuf.js:4202:18)
    at jspb.BinaryDecoder.readUint64 (https://cdn.skypack.dev/-/google-protobuf@v3.21.2-YDUqZL2TTSsy2lGtfuND/dist=es2019,mode=imports/optimized/google-protobuf.js:4206:41)
    at jspb.BinaryReader.readFixed64 (https://cdn.skypack.dev/-/google-protobuf@v3.21.2-YDUqZL2TTSsy2lGtfuND/dist=es2019,mode=imports/optimized/google-protobuf.js:4588:26)
    at Function.deserialize (file:///Users/thesayyn/Documents/thesayyn/protoc-gen-ts/target/debug/build/protoc_gen_ts-8cec2bec66276c47/out/test_conformance/test_messages_proto2.ts:235:54)
    at file:///Users/thesayyn/Documents/thesayyn/protoc-gen-ts/tests/conformance/bin/main.ts:30:78

  protobuf_test_messages.proto3.TestAllTypesProto3 1
  Error: Assertion failed
    at Object.jspb.asserts.doAssertFailure (https://cdn.skypack.dev/-/google-protobuf@v3.21.2-YDUqZL2TTSsy2lGtfuND/dist=es2019,mode=imports/optimized/google-protobuf.js:778:11)
    at Object.jspb.asserts.assert (https://cdn.skypack.dev/-/google-protobuf@v3.21.2-YDUqZL2TTSsy2lGtfuND/dist=es2019,mode=imports/optimized/google-protobuf.js:783:23)
    at jspb.BinaryDecoder.advance (https://cdn.skypack.dev/-/google-protobuf@v3.21.2-YDUqZL2TTSsy2lGtfuND/dist=es2019,mode=imports/optimized/google-protobuf.js:4081:18)
    at jspb.BinaryReader.skipFixed64Field (https://cdn.skypack.dev/-/google-protobuf@v3.21.2-YDUqZL2TTSsy2lGtfuND/dist=es2019,mode=imports/optimized/google-protobuf.js:4409:163)
    at jspb.BinaryReader.skipField (https://cdn.skypack.dev/-/google-protobuf@v3.21.2-YDUqZL2TTSsy2lGtfuND/dist=es2019,mode=imports/optimized/google-protobuf.js:4432:14)
    at Function.deserialize (file:///Users/thesayyn/Documents/thesayyn/protoc-gen-ts/target/debug/build/protoc_gen_ts-8cec2bec66276c47/out/test_conformance/test_messages_proto3.ts:958:24)
    at file:///Users/thesayyn/Documents/thesayyn/protoc-gen-ts/tests/conformance/bin/main.ts:23:78

  protobuf_test_messages.proto2.TestAllTypesProto2 1
  Error: Assertion failed
    at Object.jspb.asserts.doAssertFailure (https://cdn.skypack.dev/-/google-protobuf@v3.21.2-YDUqZL2TTSsy2lGtfuND/dist=es2019,mode=imports/optimized/google-protobuf.js:778:11)
    at Object.jspb.asserts.assert (https://cdn.skypack.dev/-/google-protobuf@v3.21.2-YDUqZL2TTSsy2lGtfuND/dist=es2019,mode=imports/optimized/google-protobuf.js:783:23)
    at jspb.BinaryDecoder.advance (https://cdn.skypack.dev/-/google-protobuf@v3.21.2-YDUqZL2TTSsy2lGtfuND/dist=es2019,mode=imports/optimized/google-protobuf.js:4081:18)
    at jspb.BinaryReader.skipFixed64Field (https://cdn.skypack.dev/-/google-protobuf@v3.21.2-YDUqZL2TTSsy2lGtfuND/dist=es2019,mode=imports/optimized/google-protobuf.js:4409:163)
    at jspb.BinaryReader.skipField (https://cdn.skypack.dev/-/google-protobuf@v3.21.2-YDUqZL2TTSsy2lGtfuND/dist=es2019,mode=imports/optimized/google-protobuf.js:4432:14)
    at Function.deserialize (file:///Users/thesayyn/Documents/thesayyn/protoc-gen-ts/target/debug/build/protoc_gen_ts-8cec2bec66276c47/out/test_conformance/test_messages_proto2.ts:865:24)
    at file:///Users/thesayyn/Documents/thesayyn/protoc-gen-ts/tests/conformance/bin/main.ts:30:78

  protobuf_test_messages.proto3.TestAllTypesProto3 1
  Error: Assertion failed
    at Object.jspb.asserts.doAssertFailure (https://cdn.skypack.dev/-/google-protobuf@v3.21.2-YDUqZL2TTSsy2lGtfuND/dist=es2019,mode=imports/optimized/google-protobuf.js:778:11)
    at Object.jspb.asserts.assert (https://cdn.skypack.dev/-/google-protobuf@v3.21.2-YDUqZL2TTSsy2lGtfuND/dist=es2019,mode=imports/optimized/google-protobuf.js:783:23)
    at jspb.BinaryDecoder.readUint32 (https://cdn.skypack.dev/-/google-protobuf@v3.21.2-YDUqZL2TTSsy2lGtfuND/dist=es2019,mode=imports/optimized/google-protobuf.js:4202:18)
    at jspb.BinaryDecoder.readUint64 (https://cdn.skypack.dev/-/google-protobuf@v3.21.2-YDUqZL2TTSsy2lGtfuND/dist=es2019,mode=imports/optimized/google-protobuf.js:4206:41)
    at jspb.BinaryReader.readPackedField_ (https://cdn.skypack.dev/-/google-protobuf@v3.21.2-YDUqZL2TTSsy2lGtfuND/dist=es2019,mode=imports/optimized/google-protobuf.js:4676:16)
    at jspb.BinaryReader.readPackedFixed64 (https://cdn.skypack.dev/-/google-protobuf@v3.21.2-YDUqZL2TTSsy2lGtfuND/dist=es2019,mode=imports/optimized/google-protobuf.js:4723:17)
    at Function.deserialize (file:///Users/thesayyn/Documents/thesayyn/protoc-gen-ts/target/debug/build/protoc_gen_ts-8cec2bec66276c47/out/test_conformance/test_messages_proto3.ts:269:79)
    at file:///Users/thesayyn/Documents/thesayyn/protoc-gen-ts/tests/conformance/bin/main.ts:23:78

  protobuf_test_messages.proto2.TestAllTypesProto2 1
  Error: Assertion failed
    at Object.jspb.asserts.doAssertFailure (https://cdn.skypack.dev/-/google-protobuf@v3.21.2-YDUqZL2TTSsy2lGtfuND/dist=es2019,mode=imports/optimized/google-protobuf.js:778:11)
    at Object.jspb.asserts.assert (https://cdn.skypack.dev/-/google-protobuf@v3.21.2-YDUqZL2TTSsy2lGtfuND/dist=es2019,mode=imports/optimized/google-protobuf.js:783:23)
    at jspb.BinaryReader.readFixed64 (https://cdn.skypack.dev/-/google-protobuf@v3.21.2-YDUqZL2TTSsy2lGtfuND/dist=es2019,mode=imports/optimized/google-protobuf.js:4587:18)
    at Function.deserialize (file:///Users/thesayyn/Documents/thesayyn/protoc-gen-ts/target/debug/build/protoc_gen_ts-8cec2bec66276c47/out/test_conformance/test_messages_proto2.ts:235:54)
    at file:///Users/thesayyn/Documents/thesayyn/protoc-gen-ts/tests/conformance/bin/main.ts:30:78

  protobuf_test_messages.proto3.TestAllTypesProto3 1
  Error: Assertion failed
    at Object.jspb.asserts.doAssertFailure (https://cdn.skypack.dev/-/google-protobuf@v3.21.2-YDUqZL2TTSsy2lGtfuND/dist=es2019,mode=imports/optimized/google-protobuf.js:778:11)
    at Object.jspb.asserts.assert (https://cdn.skypack.dev/-/google-protobuf@v3.21.2-YDUqZL2TTSsy2lGtfuND/dist=es2019,mode=imports/optimized/google-protobuf.js:783:23)
    at jspb.BinaryDecoder.readUint32 (https://cdn.skypack.dev/-/google-protobuf@v3.21.2-YDUqZL2TTSsy2lGtfuND/dist=es2019,mode=imports/optimized/google-protobuf.js:4202:18)
    at jspb.BinaryDecoder.readUint64 (https://cdn.skypack.dev/-/google-protobuf@v3.21.2-YDUqZL2TTSsy2lGtfuND/dist=es2019,mode=imports/optimized/google-protobuf.js:4206:18)
    at jspb.BinaryReader.readPackedField_ (https://cdn.skypack.dev/-/google-protobuf@v3.21.2-YDUqZL2TTSsy2lGtfuND/dist=es2019,mode=imports/optimized/google-protobuf.js:4676:16)
    at jspb.BinaryReader.readPackedFixed64 (https://cdn.skypack.dev/-/google-protobuf@v3.21.2-YDUqZL2TTSsy2lGtfuND/dist=es2019,mode=imports/optimized/google-protobuf.js:4723:17)
    at Function.deserialize (file:///Users/thesayyn/Documents/thesayyn/protoc-gen-ts/target/debug/build/protoc_gen_ts-8cec2bec66276c47/out/test_conformance/test_messages_proto3.ts:269:79)
    at file:///Users/thesayyn/Documents/thesayyn/protoc-gen-ts/tests/conformance/bin/main.ts:23:78

  protobuf_test_messages.proto2.TestAllTypesProto2 1
  Error: Assertion failed
    at Object.jspb.asserts.doAssertFailure (https://cdn.skypack.dev/-/google-protobuf@v3.21.2-YDUqZL2TTSsy2lGtfuND/dist=es2019,mode=imports/optimized/google-protobuf.js:778:11)
    at Object.jspb.asserts.assert (https://cdn.skypack.dev/-/google-protobuf@v3.21.2-YDUqZL2TTSsy2lGtfuND/dist=es2019,mode=imports/optimized/google-protobuf.js:783:23)
    at jspb.BinaryReader.readFixed64 (https://cdn.skypack.dev/-/google-protobuf@v3.21.2-YDUqZL2TTSsy2lGtfuND/dist=es2019,mode=imports/optimized/google-protobuf.js:4587:18)
    at Function.deserialize (file:///Users/thesayyn/Documents/thesayyn/protoc-gen-ts/target/debug/build/protoc_gen_ts-8cec2bec66276c47/out/test_conformance/test_messages_proto2.ts:235:54)
    at file:///Users/thesayyn/Documents/thesayyn/protoc-gen-ts/tests/conformance/bin/main.ts:30:78

  protobuf_test_messages.proto3.TestAllTypesProto3 1
  Error: Assertion failed
    at Object.jspb.asserts.doAssertFailure (https://cdn.skypack.dev/-/google-protobuf@v3.21.2-YDUqZL2TTSsy2lGtfuND/dist=es2019,mode=imports/optimized/google-protobuf.js:778:11)
    at Object.jspb.asserts.assert (https://cdn.skypack.dev/-/google-protobuf@v3.21.2-YDUqZL2TTSsy2lGtfuND/dist=es2019,mode=imports/optimized/google-protobuf.js:783:23)
    at jspb.BinaryDecoder.readUint32 (https://cdn.skypack.dev/-/google-protobuf@v3.21.2-YDUqZL2TTSsy2lGtfuND/dist=es2019,mode=imports/optimized/google-protobuf.js:4202:18)
    at jspb.BinaryReader.readFixed32 (https://cdn.skypack.dev/-/google-protobuf@v3.21.2-YDUqZL2TTSsy2lGtfuND/dist=es2019,mode=imports/optimized/google-protobuf.js:4583:26)
    at Function.deserialize (file:///Users/thesayyn/Documents/thesayyn/protoc-gen-ts/target/debug/build/protoc_gen_ts-8cec2bec66276c47/out/test_conformance/test_messages_proto3.ts:190:51)
    at file:///Users/thesayyn/Documents/thesayyn/protoc-gen-ts/tests/conformance/bin/main.ts:23:78

  protobuf_test_messages.proto2.TestAllTypesProto2 1
  Error: Assertion failed
    at Object.jspb.asserts.doAssertFailure (https://cdn.skypack.dev/-/google-protobuf@v3.21.2-YDUqZL2TTSsy2lGtfuND/dist=es2019,mode=imports/optimized/google-protobuf.js:778:11)
    at Object.jspb.asserts.assert (https://cdn.skypack.dev/-/google-protobuf@v3.21.2-YDUqZL2TTSsy2lGtfuND/dist=es2019,mode=imports/optimized/google-protobuf.js:783:23)
    at jspb.BinaryDecoder.readUint32 (https://cdn.skypack.dev/-/google-protobuf@v3.21.2-YDUqZL2TTSsy2lGtfuND/dist=es2019,mode=imports/optimized/google-protobuf.js:4202:18)
    at jspb.BinaryReader.readFixed32 (https://cdn.skypack.dev/-/google-protobuf@v3.21.2-YDUqZL2TTSsy2lGtfuND/dist=es2019,mode=imports/optimized/google-protobuf.js:4583:26)
    at Function.deserialize (file:///Users/thesayyn/Documents/thesayyn/protoc-gen-ts/target/debug/build/protoc_gen_ts-8cec2bec66276c47/out/test_conformance/test_messages_proto2.ts:166:51)
    at file:///Users/thesayyn/Documents/thesayyn/protoc-gen-ts/tests/conformance/bin/main.ts:30:78

  protobuf_test_messages.proto3.TestAllTypesProto3 1
  Error: Assertion failed
    at Object.jspb.asserts.doAssertFailure (https://cdn.skypack.dev/-/google-protobuf@v3.21.2-YDUqZL2TTSsy2lGtfuND/dist=es2019,mode=imports/optimized/google-protobuf.js:778:11)
    at Object.jspb.asserts.assert (https://cdn.skypack.dev/-/google-protobuf@v3.21.2-YDUqZL2TTSsy2lGtfuND/dist=es2019,mode=imports/optimized/google-protobuf.js:783:23)
    at jspb.BinaryDecoder.readUint32 (https://cdn.skypack.dev/-/google-protobuf@v3.21.2-YDUqZL2TTSsy2lGtfuND/dist=es2019,mode=imports/optimized/google-protobuf.js:4202:18)
    at jspb.BinaryReader.readFixed32 (https://cdn.skypack.dev/-/google-protobuf@v3.21.2-YDUqZL2TTSsy2lGtfuND/dist=es2019,mode=imports/optimized/google-protobuf.js:4583:26)
    at Function.deserialize (file:///Users/thesayyn/Documents/thesayyn/protoc-gen-ts/target/debug/build/protoc_gen_ts-8cec2bec66276c47/out/test_conformance/test_messages_proto3.ts:266:59)
    at file:///Users/thesayyn/Documents/thesayyn/protoc-gen-ts/tests/conformance/bin/main.ts:23:78

  protobuf_test_messages.proto2.TestAllTypesProto2 1
  Error: Assertion failed
    at Object.jspb.asserts.doAssertFailure (https://cdn.skypack.dev/-/google-protobuf@v3.21.2-YDUqZL2TTSsy2lGtfuND/dist=es2019,mode=imports/optimized/google-protobuf.js:778:11)
    at Object.jspb.asserts.assert (https://cdn.skypack.dev/-/google-protobuf@v3.21.2-YDUqZL2TTSsy2lGtfuND/dist=es2019,mode=imports/optimized/google-protobuf.js:783:23)
    at jspb.BinaryDecoder.readUint32 (https://cdn.skypack.dev/-/google-protobuf@v3.21.2-YDUqZL2TTSsy2lGtfuND/dist=es2019,mode=imports/optimized/google-protobuf.js:4202:18)
    at jspb.BinaryReader.readFixed32 (https://cdn.skypack.dev/-/google-protobuf@v3.21.2-YDUqZL2TTSsy2lGtfuND/dist=es2019,mode=imports/optimized/google-protobuf.js:4583:26)
    at Function.deserialize (file:///Users/thesayyn/Documents/thesayyn/protoc-gen-ts/target/debug/build/protoc_gen_ts-8cec2bec66276c47/out/test_conformance/test_messages_proto2.ts:232:54)
    at file:///Users/thesayyn/Documents/thesayyn/protoc-gen-ts/tests/conformance/bin/main.ts:30:78

  protobuf_test_messages.proto3.TestAllTypesProto3 1
  Error: Assertion failed
    at Object.jspb.asserts.doAssertFailure (https://cdn.skypack.dev/-/google-protobuf@v3.21.2-YDUqZL2TTSsy2lGtfuND/dist=es2019,mode=imports/optimized/google-protobuf.js:778:11)
    at Object.jspb.asserts.assert (https://cdn.skypack.dev/-/google-protobuf@v3.21.2-YDUqZL2TTSsy2lGtfuND/dist=es2019,mode=imports/optimized/google-protobuf.js:783:23)
    at jspb.BinaryDecoder.advance (https://cdn.skypack.dev/-/google-protobuf@v3.21.2-YDUqZL2TTSsy2lGtfuND/dist=es2019,mode=imports/optimized/google-protobuf.js:4081:18)
    at jspb.BinaryReader.skipFixed32Field (https://cdn.skypack.dev/-/google-protobuf@v3.21.2-YDUqZL2TTSsy2lGtfuND/dist=es2019,mode=imports/optimized/google-protobuf.js:4406:163)
    at jspb.BinaryReader.skipField (https://cdn.skypack.dev/-/google-protobuf@v3.21.2-YDUqZL2TTSsy2lGtfuND/dist=es2019,mode=imports/optimized/google-protobuf.js:4438:14)
    at Function.deserialize (file:///Users/thesayyn/Documents/thesayyn/protoc-gen-ts/target/debug/build/protoc_gen_ts-8cec2bec66276c47/out/test_conformance/test_messages_proto3.ts:958:24)
    at file:///Users/thesayyn/Documents/thesayyn/protoc-gen-ts/tests/conformance/bin/main.ts:23:78

  protobuf_test_messages.proto2.TestAllTypesProto2 1
  Error: Assertion failed
    at Object.jspb.asserts.doAssertFailure (https://cdn.skypack.dev/-/google-protobuf@v3.21.2-YDUqZL2TTSsy2lGtfuND/dist=es2019,mode=imports/optimized/google-protobuf.js:778:11)
    at Object.jspb.asserts.assert (https://cdn.skypack.dev/-/google-protobuf@v3.21.2-YDUqZL2TTSsy2lGtfuND/dist=es2019,mode=imports/optimized/google-protobuf.js:783:23)
    at jspb.BinaryDecoder.advance (https://cdn.skypack.dev/-/google-protobuf@v3.21.2-YDUqZL2TTSsy2lGtfuND/dist=es2019,mode=imports/optimized/google-protobuf.js:4081:18)
    at jspb.BinaryReader.skipFixed32Field (https://cdn.skypack.dev/-/google-protobuf@v3.21.2-YDUqZL2TTSsy2lGtfuND/dist=es2019,mode=imports/optimized/google-protobuf.js:4406:163)
    at jspb.BinaryReader.skipField (https://cdn.skypack.dev/-/google-protobuf@v3.21.2-YDUqZL2TTSsy2lGtfuND/dist=es2019,mode=imports/optimized/google-protobuf.js:4438:14)
    at Function.deserialize (file:///Users/thesayyn/Documents/thesayyn/protoc-gen-ts/target/debug/build/protoc_gen_ts-8cec2bec66276c47/out/test_conformance/test_messages_proto2.ts:865:24)
    at file:///Users/thesayyn/Documents/thesayyn/protoc-gen-ts/tests/conformance/bin/main.ts:30:78

  protobuf_test_messages.proto3.TestAllTypesProto3 1
  Error: Assertion failed
    at Object.jspb.asserts.doAssertFailure (https://cdn.skypack.dev/-/google-protobuf@v3.21.2-YDUqZL2TTSsy2lGtfuND/dist=es2019,mode=imports/optimized/google-protobuf.js:778:11)
    at Object.jspb.asserts.assert (https://cdn.skypack.dev/-/google-protobuf@v3.21.2-YDUqZL2TTSsy2lGtfuND/dist=es2019,mode=imports/optimized/google-protobuf.js:783:23)
    at jspb.BinaryDecoder.readUint32 (https://cdn.skypack.dev/-/google-protobuf@v3.21.2-YDUqZL2TTSsy2lGtfuND/dist=es2019,mode=imports/optimized/google-protobuf.js:4202:18)
    at jspb.BinaryReader.readFixed32 (https://cdn.skypack.dev/-/google-protobuf@v3.21.2-YDUqZL2TTSsy2lGtfuND/dist=es2019,mode=imports/optimized/google-protobuf.js:4583:26)
    at Function.deserialize (file:///Users/thesayyn/Documents/thesayyn/protoc-gen-ts/target/debug/build/protoc_gen_ts-8cec2bec66276c47/out/test_conformance/test_messages_proto3.ts:190:51)
    at file:///Users/thesayyn/Documents/thesayyn/protoc-gen-ts/tests/conformance/bin/main.ts:23:78

  protobuf_test_messages.proto2.TestAllTypesProto2 1
  Error: Assertion failed
    at Object.jspb.asserts.doAssertFailure (https://cdn.skypack.dev/-/google-protobuf@v3.21.2-YDUqZL2TTSsy2lGtfuND/dist=es2019,mode=imports/optimized/google-protobuf.js:778:11)
    at Object.jspb.asserts.assert (https://cdn.skypack.dev/-/google-protobuf@v3.21.2-YDUqZL2TTSsy2lGtfuND/dist=es2019,mode=imports/optimized/google-protobuf.js:783:23)
    at jspb.BinaryDecoder.readUint32 (https://cdn.skypack.dev/-/google-protobuf@v3.21.2-YDUqZL2TTSsy2lGtfuND/dist=es2019,mode=imports/optimized/google-protobuf.js:4202:18)
    at jspb.BinaryReader.readFixed32 (https://cdn.skypack.dev/-/google-protobuf@v3.21.2-YDUqZL2TTSsy2lGtfuND/dist=es2019,mode=imports/optimized/google-protobuf.js:4583:26)
    at Function.deserialize (file:///Users/thesayyn/Documents/thesayyn/protoc-gen-ts/target/debug/build/protoc_gen_ts-8cec2bec66276c47/out/test_conformance/test_messages_proto2.ts:166:51)
    at file:///Users/thesayyn/Documents/thesayyn/protoc-gen-ts/tests/conformance/bin/main.ts:30:78

  protobuf_test_messages.proto3.TestAllTypesProto3 1
  Error: Assertion failed
    at Object.jspb.asserts.doAssertFailure (https://cdn.skypack.dev/-/google-protobuf@v3.21.2-YDUqZL2TTSsy2lGtfuND/dist=es2019,mode=imports/optimized/google-protobuf.js:778:11)
    at Object.jspb.asserts.assert (https://cdn.skypack.dev/-/google-protobuf@v3.21.2-YDUqZL2TTSsy2lGtfuND/dist=es2019,mode=imports/optimized/google-protobuf.js:783:23)
    at jspb.BinaryDecoder.readUint32 (https://cdn.skypack.dev/-/google-protobuf@v3.21.2-YDUqZL2TTSsy2lGtfuND/dist=es2019,mode=imports/optimized/google-protobuf.js:4202:18)
    at jspb.BinaryReader.readFixed32 (https://cdn.skypack.dev/-/google-protobuf@v3.21.2-YDUqZL2TTSsy2lGtfuND/dist=es2019,mode=imports/optimized/google-protobuf.js:4583:26)
    at Function.deserialize (file:///Users/thesayyn/Documents/thesayyn/protoc-gen-ts/target/debug/build/protoc_gen_ts-8cec2bec66276c47/out/test_conformance/test_messages_proto3.ts:266:59)
    at file:///Users/thesayyn/Documents/thesayyn/protoc-gen-ts/tests/conformance/bin/main.ts:23:78

  protobuf_test_messages.proto2.TestAllTypesProto2 1
  Error: Assertion failed
    at Object.jspb.asserts.doAssertFailure (https://cdn.skypack.dev/-/google-protobuf@v3.21.2-YDUqZL2TTSsy2lGtfuND/dist=es2019,mode=imports/optimized/google-protobuf.js:778:11)
    at Object.jspb.asserts.assert (https://cdn.skypack.dev/-/google-protobuf@v3.21.2-YDUqZL2TTSsy2lGtfuND/dist=es2019,mode=imports/optimized/google-protobuf.js:783:23)
    at jspb.BinaryDecoder.readUint32 (https://cdn.skypack.dev/-/google-protobuf@v3.21.2-YDUqZL2TTSsy2lGtfuND/dist=es2019,mode=imports/optimized/google-protobuf.js:4202:18)
    at jspb.BinaryReader.readFixed32 (https://cdn.skypack.dev/-/google-protobuf@v3.21.2-YDUqZL2TTSsy2lGtfuND/dist=es2019,mode=imports/optimized/google-protobuf.js:4583:26)
    at Function.deserialize (file:///Users/thesayyn/Documents/thesayyn/protoc-gen-ts/target/debug/build/protoc_gen_ts-8cec2bec66276c47/out/test_conformance/test_messages_proto2.ts:232:54)
    at file:///Users/thesayyn/Documents/thesayyn/protoc-gen-ts/tests/conformance/bin/main.ts:30:78

  protobuf_test_messages.proto3.TestAllTypesProto3 1
  Error: Assertion failed
    at Object.jspb.asserts.doAssertFailure (https://cdn.skypack.dev/-/google-protobuf@v3.21.2-YDUqZL2TTSsy2lGtfuND/dist=es2019,mode=imports/optimized/google-protobuf.js:778:11)
    at Object.jspb.asserts.assert (https://cdn.skypack.dev/-/google-protobuf@v3.21.2-YDUqZL2TTSsy2lGtfuND/dist=es2019,mode=imports/optimized/google-protobuf.js:783:23)
    at jspb.BinaryDecoder.advance (https://cdn.skypack.dev/-/google-protobuf@v3.21.2-YDUqZL2TTSsy2lGtfuND/dist=es2019,mode=imports/optimized/google-protobuf.js:4081:18)
    at jspb.BinaryReader.skipFixed32Field (https://cdn.skypack.dev/-/google-protobuf@v3.21.2-YDUqZL2TTSsy2lGtfuND/dist=es2019,mode=imports/optimized/google-protobuf.js:4406:163)
    at jspb.BinaryReader.skipField (https://cdn.skypack.dev/-/google-protobuf@v3.21.2-YDUqZL2TTSsy2lGtfuND/dist=es2019,mode=imports/optimized/google-protobuf.js:4438:14)
    at Function.deserialize (file:///Users/thesayyn/Documents/thesayyn/protoc-gen-ts/target/debug/build/protoc_gen_ts-8cec2bec66276c47/out/test_conformance/test_messages_proto3.ts:958:24)
    at file:///Users/thesayyn/Documents/thesayyn/protoc-gen-ts/tests/conformance/bin/main.ts:23:78

  protobuf_test_messages.proto2.TestAllTypesProto2 1
  Error: Assertion failed
    at Object.jspb.asserts.doAssertFailure (https://cdn.skypack.dev/-/google-protobuf@v3.21.2-YDUqZL2TTSsy2lGtfuND/dist=es2019,mode=imports/optimized/google-protobuf.js:778:11)
    at Object.jspb.asserts.assert (https://cdn.skypack.dev/-/google-protobuf@v3.21.2-YDUqZL2TTSsy2lGtfuND/dist=es2019,mode=imports/optimized/google-protobuf.js:783:23)
    at jspb.BinaryDecoder.advance (https://cdn.skypack.dev/-/google-protobuf@v3.21.2-YDUqZL2TTSsy2lGtfuND/dist=es2019,mode=imports/optimized/google-protobuf.js:4081:18)
    at jspb.BinaryReader.skipFixed32Field (https://cdn.skypack.dev/-/google-protobuf@v3.21.2-YDUqZL2TTSsy2lGtfuND/dist=es2019,mode=imports/optimized/google-protobuf.js:4406:163)
    at jspb.BinaryReader.skipField (https://cdn.skypack.dev/-/google-protobuf@v3.21.2-YDUqZL2TTSsy2lGtfuND/dist=es2019,mode=imports/optimized/google-protobuf.js:4438:14)
    at Function.deserialize (file:///Users/thesayyn/Documents/thesayyn/protoc-gen-ts/target/debug/build/protoc_gen_ts-8cec2bec66276c47/out/test_conformance/test_messages_proto2.ts:865:24)
    at file:///Users/thesayyn/Documents/thesayyn/protoc-gen-ts/tests/conformance/bin/main.ts:30:78

  protobuf_test_messages.proto3.TestAllTypesProto3 1
  Error: Assertion failed
    at Object.jspb.asserts.doAssertFailure (https://cdn.skypack.dev/-/google-protobuf@v3.21.2-YDUqZL2TTSsy2lGtfuND/dist=es2019,mode=imports/optimized/google-protobuf.js:778:11)
    at Object.jspb.asserts.assert (https://cdn.skypack.dev/-/google-protobuf@v3.21.2-YDUqZL2TTSsy2lGtfuND/dist=es2019,mode=imports/optimized/google-protobuf.js:783:23)
    at jspb.BinaryDecoder.readUint32 (https://cdn.skypack.dev/-/google-protobuf@v3.21.2-YDUqZL2TTSsy2lGtfuND/dist=es2019,mode=imports/optimized/google-protobuf.js:4202:18)
    at jspb.BinaryReader.readPackedField_ (https://cdn.skypack.dev/-/google-protobuf@v3.21.2-YDUqZL2TTSsy2lGtfuND/dist=es2019,mode=imports/optimized/google-protobuf.js:4676:16)
    at jspb.BinaryReader.readPackedFixed32 (https://cdn.skypack.dev/-/google-protobuf@v3.21.2-YDUqZL2TTSsy2lGtfuND/dist=es2019,mode=imports/optimized/google-protobuf.js:4719:17)
    at Function.deserialize (file:///Users/thesayyn/Documents/thesayyn/protoc-gen-ts/target/debug/build/protoc_gen_ts-8cec2bec66276c47/out/test_conformance/test_messages_proto3.ts:265:79)
    at file:///Users/thesayyn/Documents/thesayyn/protoc-gen-ts/tests/conformance/bin/main.ts:23:78

  protobuf_test_messages.proto2.TestAllTypesProto2 1
  Error: Assertion failed
    at Object.jspb.asserts.doAssertFailure (https://cdn.skypack.dev/-/google-protobuf@v3.21.2-YDUqZL2TTSsy2lGtfuND/dist=es2019,mode=imports/optimized/google-protobuf.js:778:11)
    at Object.jspb.asserts.assert (https://cdn.skypack.dev/-/google-protobuf@v3.21.2-YDUqZL2TTSsy2lGtfuND/dist=es2019,mode=imports/optimized/google-protobuf.js:783:23)
    at jspb.BinaryReader.readFixed32 (https://cdn.skypack.dev/-/google-protobuf@v3.21.2-YDUqZL2TTSsy2lGtfuND/dist=es2019,mode=imports/optimized/google-protobuf.js:4582:18)
    at Function.deserialize (file:///Users/thesayyn/Documents/thesayyn/protoc-gen-ts/target/debug/build/protoc_gen_ts-8cec2bec66276c47/out/test_conformance/test_messages_proto2.ts:232:54)
    at file:///Users/thesayyn/Documents/thesayyn/protoc-gen-ts/tests/conformance/bin/main.ts:30:78

  protobuf_test_messages.proto3.TestAllTypesProto3 1
  Error: Assertion failed
    at Object.jspb.asserts.doAssertFailure (https://cdn.skypack.dev/-/google-protobuf@v3.21.2-YDUqZL2TTSsy2lGtfuND/dist=es2019,mode=imports/optimized/google-protobuf.js:778:11)
    at Object.jspb.asserts.assert (https://cdn.skypack.dev/-/google-protobuf@v3.21.2-YDUqZL2TTSsy2lGtfuND/dist=es2019,mode=imports/optimized/google-protobuf.js:783:23)
    at jspb.BinaryDecoder.readUint32 (https://cdn.skypack.dev/-/google-protobuf@v3.21.2-YDUqZL2TTSsy2lGtfuND/dist=es2019,mode=imports/optimized/google-protobuf.js:4202:18)
    at jspb.BinaryReader.readPackedField_ (https://cdn.skypack.dev/-/google-protobuf@v3.21.2-YDUqZL2TTSsy2lGtfuND/dist=es2019,mode=imports/optimized/google-protobuf.js:4676:16)
    at jspb.BinaryReader.readPackedFixed32 (https://cdn.skypack.dev/-/google-protobuf@v3.21.2-YDUqZL2TTSsy2lGtfuND/dist=es2019,mode=imports/optimized/google-protobuf.js:4719:17)
    at Function.deserialize (file:///Users/thesayyn/Documents/thesayyn/protoc-gen-ts/target/debug/build/protoc_gen_ts-8cec2bec66276c47/out/test_conformance/test_messages_proto3.ts:265:79)
    at file:///Users/thesayyn/Documents/thesayyn/protoc-gen-ts/tests/conformance/bin/main.ts:23:78

  protobuf_test_messages.proto2.TestAllTypesProto2 1
  Error: Assertion failed
    at Object.jspb.asserts.doAssertFailure (https://cdn.skypack.dev/-/google-protobuf@v3.21.2-YDUqZL2TTSsy2lGtfuND/dist=es2019,mode=imports/optimized/google-protobuf.js:778:11)
    at Object.jspb.asserts.assert (https://cdn.skypack.dev/-/google-protobuf@v3.21.2-YDUqZL2TTSsy2lGtfuND/dist=es2019,mode=imports/optimized/google-protobuf.js:783:23)
    at jspb.BinaryReader.readFixed32 (https://cdn.skypack.dev/-/google-protobuf@v3.21.2-YDUqZL2TTSsy2lGtfuND/dist=es2019,mode=imports/optimized/google-protobuf.js:4582:18)
    at Function.deserialize (file:///Users/thesayyn/Documents/thesayyn/protoc-gen-ts/target/debug/build/protoc_gen_ts-8cec2bec66276c47/out/test_conformance/test_messages_proto2.ts:232:54)
    at file:///Users/thesayyn/Documents/thesayyn/protoc-gen-ts/tests/conformance/bin/main.ts:30:78

  protobuf_test_messages.proto3.TestAllTypesProto3 1
  Error: Assertion failed
    at Object.jspb.asserts.doAssertFailure (https://cdn.skypack.dev/-/google-protobuf@v3.21.2-YDUqZL2TTSsy2lGtfuND/dist=es2019,mode=imports/optimized/google-protobuf.js:778:11)
    at Object.jspb.asserts.assert (https://cdn.skypack.dev/-/google-protobuf@v3.21.2-YDUqZL2TTSsy2lGtfuND/dist=es2019,mode=imports/optimized/google-protobuf.js:783:23)
    at jspb.BinaryDecoder.readUnsignedVarint32 (https://cdn.skypack.dev/-/google-protobuf@v3.21.2-YDUqZL2TTSsy2lGtfuND/dist=es2019,mode=imports/optimized/google-protobuf.js:4150:18)
    at jspb.BinaryReader.readBool (https://cdn.skypack.dev/-/google-protobuf@v3.21.2-YDUqZL2TTSsy2lGtfuND/dist=es2019,mode=imports/optimized/google-protobuf.js:4625:28)
    at Function.deserialize (file:///Users/thesayyn/Documents/thesayyn/protoc-gen-ts/target/debug/build/protoc_gen_ts-8cec2bec66276c47/out/test_conformance/test_messages_proto3.ts:208:48)
    at file:///Users/thesayyn/Documents/thesayyn/protoc-gen-ts/tests/conformance/bin/main.ts:23:78

  protobuf_test_messages.proto2.TestAllTypesProto2 1
  Error: Assertion failed
    at Object.jspb.asserts.doAssertFailure (https://cdn.skypack.dev/-/google-protobuf@v3.21.2-YDUqZL2TTSsy2lGtfuND/dist=es2019,mode=imports/optimized/google-protobuf.js:778:11)
    at Object.jspb.asserts.assert (https://cdn.skypack.dev/-/google-protobuf@v3.21.2-YDUqZL2TTSsy2lGtfuND/dist=es2019,mode=imports/optimized/google-protobuf.js:783:23)
    at jspb.BinaryDecoder.readUnsignedVarint32 (https://cdn.skypack.dev/-/google-protobuf@v3.21.2-YDUqZL2TTSsy2lGtfuND/dist=es2019,mode=imports/optimized/google-protobuf.js:4150:18)
    at jspb.BinaryReader.readBool (https://cdn.skypack.dev/-/google-protobuf@v3.21.2-YDUqZL2TTSsy2lGtfuND/dist=es2019,mode=imports/optimized/google-protobuf.js:4625:28)
    at Function.deserialize (file:///Users/thesayyn/Documents/thesayyn/protoc-gen-ts/target/debug/build/protoc_gen_ts-8cec2bec66276c47/out/test_conformance/test_messages_proto2.ts:184:48)
    at file:///Users/thesayyn/Documents/thesayyn/protoc-gen-ts/tests/conformance/bin/main.ts:30:78

  protobuf_test_messages.proto3.TestAllTypesProto3 1
  Error: Assertion failed
    at Object.jspb.asserts.doAssertFailure (https://cdn.skypack.dev/-/google-protobuf@v3.21.2-YDUqZL2TTSsy2lGtfuND/dist=es2019,mode=imports/optimized/google-protobuf.js:778:11)
    at Object.jspb.asserts.assert (https://cdn.skypack.dev/-/google-protobuf@v3.21.2-YDUqZL2TTSsy2lGtfuND/dist=es2019,mode=imports/optimized/google-protobuf.js:783:23)
    at jspb.BinaryDecoder.readUnsignedVarint32 (https://cdn.skypack.dev/-/google-protobuf@v3.21.2-YDUqZL2TTSsy2lGtfuND/dist=es2019,mode=imports/optimized/google-protobuf.js:4150:18)
    at jspb.BinaryReader.readBool (https://cdn.skypack.dev/-/google-protobuf@v3.21.2-YDUqZL2TTSsy2lGtfuND/dist=es2019,mode=imports/optimized/google-protobuf.js:4625:28)
    at Function.deserialize (file:///Users/thesayyn/Documents/thesayyn/protoc-gen-ts/target/debug/build/protoc_gen_ts-8cec2bec66276c47/out/test_conformance/test_messages_proto3.ts:290:56)
    at file:///Users/thesayyn/Documents/thesayyn/protoc-gen-ts/tests/conformance/bin/main.ts:23:78

  protobuf_test_messages.proto2.TestAllTypesProto2 1
  Error: Assertion failed
    at Object.jspb.asserts.doAssertFailure (https://cdn.skypack.dev/-/google-protobuf@v3.21.2-YDUqZL2TTSsy2lGtfuND/dist=es2019,mode=imports/optimized/google-protobuf.js:778:11)
    at Object.jspb.asserts.assert (https://cdn.skypack.dev/-/google-protobuf@v3.21.2-YDUqZL2TTSsy2lGtfuND/dist=es2019,mode=imports/optimized/google-protobuf.js:783:23)
    at jspb.BinaryDecoder.readUnsignedVarint32 (https://cdn.skypack.dev/-/google-protobuf@v3.21.2-YDUqZL2TTSsy2lGtfuND/dist=es2019,mode=imports/optimized/google-protobuf.js:4150:18)
    at jspb.BinaryReader.readBool (https://cdn.skypack.dev/-/google-protobuf@v3.21.2-YDUqZL2TTSsy2lGtfuND/dist=es2019,mode=imports/optimized/google-protobuf.js:4625:28)
    at Function.deserialize (file:///Users/thesayyn/Documents/thesayyn/protoc-gen-ts/target/debug/build/protoc_gen_ts-8cec2bec66276c47/out/test_conformance/test_messages_proto2.ts:250:51)
    at file:///Users/thesayyn/Documents/thesayyn/protoc-gen-ts/tests/conformance/bin/main.ts:30:78

  protobuf_test_messages.proto3.TestAllTypesProto3 1
  Error: Failure: Decoder hit an error
    at Object.jspb.asserts.fail (https://cdn.skypack.dev/-/google-protobuf@v3.21.2-YDUqZL2TTSsy2lGtfuND/dist=es2019,mode=imports/optimized/google-protobuf.js:801:11)
    at jspb.BinaryReader.nextField (https://cdn.skypack.dev/-/google-protobuf@v3.21.2-YDUqZL2TTSsy2lGtfuND/dist=es2019,mode=imports/optimized/google-protobuf.js:4374:27)
    at Function.deserialize (file:///Users/thesayyn/Documents/thesayyn/protoc-gen-ts/target/debug/build/protoc_gen_ts-8cec2bec66276c47/out/test_conformance/test_messages_proto3.ts:169:18)
    at file:///Users/thesayyn/Documents/thesayyn/protoc-gen-ts/tests/conformance/bin/main.ts:23:78

  protobuf_test_messages.proto2.TestAllTypesProto2 1
  Error: Failure: Decoder hit an error
    at Object.jspb.asserts.fail (https://cdn.skypack.dev/-/google-protobuf@v3.21.2-YDUqZL2TTSsy2lGtfuND/dist=es2019,mode=imports/optimized/google-protobuf.js:801:11)
    at jspb.BinaryReader.nextField (https://cdn.skypack.dev/-/google-protobuf@v3.21.2-YDUqZL2TTSsy2lGtfuND/dist=es2019,mode=imports/optimized/google-protobuf.js:4374:27)
    at Function.deserialize (file:///Users/thesayyn/Documents/thesayyn/protoc-gen-ts/target/debug/build/protoc_gen_ts-8cec2bec66276c47/out/test_conformance/test_messages_proto2.ts:145:18)
    at file:///Users/thesayyn/Documents/thesayyn/protoc-gen-ts/tests/conformance/bin/main.ts:30:78

  protobuf_test_messages.proto3.TestAllTypesProto3 1
  Error: Assertion failed
    at Object.jspb.asserts.doAssertFailure (https://cdn.skypack.dev/-/google-protobuf@v3.21.2-YDUqZL2TTSsy2lGtfuND/dist=es2019,mode=imports/optimized/google-protobuf.js:778:11)
    at Object.jspb.asserts.assert (https://cdn.skypack.dev/-/google-protobuf@v3.21.2-YDUqZL2TTSsy2lGtfuND/dist=es2019,mode=imports/optimized/google-protobuf.js:783:23)
    at jspb.BinaryDecoder.readUnsignedVarint32 (https://cdn.skypack.dev/-/google-protobuf@v3.21.2-YDUqZL2TTSsy2lGtfuND/dist=es2019,mode=imports/optimized/google-protobuf.js:4150:18)
    at jspb.BinaryReader.readBool (https://cdn.skypack.dev/-/google-protobuf@v3.21.2-YDUqZL2TTSsy2lGtfuND/dist=es2019,mode=imports/optimized/google-protobuf.js:4625:28)
    at Function.deserialize (file:///Users/thesayyn/Documents/thesayyn/protoc-gen-ts/target/debug/build/protoc_gen_ts-8cec2bec66276c47/out/test_conformance/test_messages_proto3.ts:208:48)
    at file:///Users/thesayyn/Documents/thesayyn/protoc-gen-ts/tests/conformance/bin/main.ts:23:78

  protobuf_test_messages.proto2.TestAllTypesProto2 1
  Error: Assertion failed
    at Object.jspb.asserts.doAssertFailure (https://cdn.skypack.dev/-/google-protobuf@v3.21.2-YDUqZL2TTSsy2lGtfuND/dist=es2019,mode=imports/optimized/google-protobuf.js:778:11)
    at Object.jspb.asserts.assert (https://cdn.skypack.dev/-/google-protobuf@v3.21.2-YDUqZL2TTSsy2lGtfuND/dist=es2019,mode=imports/optimized/google-protobuf.js:783:23)
    at jspb.BinaryDecoder.readUnsignedVarint32 (https://cdn.skypack.dev/-/google-protobuf@v3.21.2-YDUqZL2TTSsy2lGtfuND/dist=es2019,mode=imports/optimized/google-protobuf.js:4150:18)
    at jspb.BinaryReader.readBool (https://cdn.skypack.dev/-/google-protobuf@v3.21.2-YDUqZL2TTSsy2lGtfuND/dist=es2019,mode=imports/optimized/google-protobuf.js:4625:28)
    at Function.deserialize (file:///Users/thesayyn/Documents/thesayyn/protoc-gen-ts/target/debug/build/protoc_gen_ts-8cec2bec66276c47/out/test_conformance/test_messages_proto2.ts:184:48)
    at file:///Users/thesayyn/Documents/thesayyn/protoc-gen-ts/tests/conformance/bin/main.ts:30:78

  protobuf_test_messages.proto3.TestAllTypesProto3 1
  Error: Assertion failed
    at Object.jspb.asserts.doAssertFailure (https://cdn.skypack.dev/-/google-protobuf@v3.21.2-YDUqZL2TTSsy2lGtfuND/dist=es2019,mode=imports/optimized/google-protobuf.js:778:11)
    at Object.jspb.asserts.assert (https://cdn.skypack.dev/-/google-protobuf@v3.21.2-YDUqZL2TTSsy2lGtfuND/dist=es2019,mode=imports/optimized/google-protobuf.js:783:23)
    at jspb.BinaryDecoder.readUnsignedVarint32 (https://cdn.skypack.dev/-/google-protobuf@v3.21.2-YDUqZL2TTSsy2lGtfuND/dist=es2019,mode=imports/optimized/google-protobuf.js:4150:18)
    at jspb.BinaryReader.readBool (https://cdn.skypack.dev/-/google-protobuf@v3.21.2-YDUqZL2TTSsy2lGtfuND/dist=es2019,mode=imports/optimized/google-protobuf.js:4625:28)
    at Function.deserialize (file:///Users/thesayyn/Documents/thesayyn/protoc-gen-ts/target/debug/build/protoc_gen_ts-8cec2bec66276c47/out/test_conformance/test_messages_proto3.ts:290:56)
    at file:///Users/thesayyn/Documents/thesayyn/protoc-gen-ts/tests/conformance/bin/main.ts:23:78

  protobuf_test_messages.proto2.TestAllTypesProto2 1
  Error: Assertion failed
    at Object.jspb.asserts.doAssertFailure (https://cdn.skypack.dev/-/google-protobuf@v3.21.2-YDUqZL2TTSsy2lGtfuND/dist=es2019,mode=imports/optimized/google-protobuf.js:778:11)
    at Object.jspb.asserts.assert (https://cdn.skypack.dev/-/google-protobuf@v3.21.2-YDUqZL2TTSsy2lGtfuND/dist=es2019,mode=imports/optimized/google-protobuf.js:783:23)
    at jspb.BinaryDecoder.readUnsignedVarint32 (https://cdn.skypack.dev/-/google-protobuf@v3.21.2-YDUqZL2TTSsy2lGtfuND/dist=es2019,mode=imports/optimized/google-protobuf.js:4150:18)
    at jspb.BinaryReader.readBool (https://cdn.skypack.dev/-/google-protobuf@v3.21.2-YDUqZL2TTSsy2lGtfuND/dist=es2019,mode=imports/optimized/google-protobuf.js:4625:28)
    at Function.deserialize (file:///Users/thesayyn/Documents/thesayyn/protoc-gen-ts/target/debug/build/protoc_gen_ts-8cec2bec66276c47/out/test_conformance/test_messages_proto2.ts:250:51)
    at file:///Users/thesayyn/Documents/thesayyn/protoc-gen-ts/tests/conformance/bin/main.ts:30:78

  protobuf_test_messages.proto3.TestAllTypesProto3 1
  Error: Failure: Decoder hit an error
    at Object.jspb.asserts.fail (https://cdn.skypack.dev/-/google-protobuf@v3.21.2-YDUqZL2TTSsy2lGtfuND/dist=es2019,mode=imports/optimized/google-protobuf.js:801:11)
    at jspb.BinaryReader.nextField (https://cdn.skypack.dev/-/google-protobuf@v3.21.2-YDUqZL2TTSsy2lGtfuND/dist=es2019,mode=imports/optimized/google-protobuf.js:4374:27)
    at Function.deserialize (file:///Users/thesayyn/Documents/thesayyn/protoc-gen-ts/target/debug/build/protoc_gen_ts-8cec2bec66276c47/out/test_conformance/test_messages_proto3.ts:169:18)
    at file:///Users/thesayyn/Documents/thesayyn/protoc-gen-ts/tests/conformance/bin/main.ts:23:78

  protobuf_test_messages.proto2.TestAllTypesProto2 1
  Error: Failure: Decoder hit an error
    at Object.jspb.asserts.fail (https://cdn.skypack.dev/-/google-protobuf@v3.21.2-YDUqZL2TTSsy2lGtfuND/dist=es2019,mode=imports/optimized/google-protobuf.js:801:11)
    at jspb.BinaryReader.nextField (https://cdn.skypack.dev/-/google-protobuf@v3.21.2-YDUqZL2TTSsy2lGtfuND/dist=es2019,mode=imports/optimized/google-protobuf.js:4374:27)
    at Function.deserialize (file:///Users/thesayyn/Documents/thesayyn/protoc-gen-ts/target/debug/build/protoc_gen_ts-8cec2bec66276c47/out/test_conformance/test_messages_proto2.ts:145:18)
    at file:///Users/thesayyn/Documents/thesayyn/protoc-gen-ts/tests/conformance/bin/main.ts:30:78

  protobuf_test_messages.proto2.TestAllTypesProto2 1
  Error: Assertion failed
    at Object.jspb.asserts.doAssertFailure (https://cdn.skypack.dev/-/google-protobuf@v3.21.2-YDUqZL2TTSsy2lGtfuND/dist=es2019,mode=imports/optimized/google-protobuf.js:778:11)
    at Object.jspb.asserts.assert (https://cdn.skypack.dev/-/google-protobuf@v3.21.2-YDUqZL2TTSsy2lGtfuND/dist=es2019,mode=imports/optimized/google-protobuf.js:783:23)
    at jspb.BinaryReader.readBool (https://cdn.skypack.dev/-/google-protobuf@v3.21.2-YDUqZL2TTSsy2lGtfuND/dist=es2019,mode=imports/optimized/google-protobuf.js:4624:18)
    at Function.deserialize (file:///Users/thesayyn/Documents/thesayyn/protoc-gen-ts/target/debug/build/protoc_gen_ts-8cec2bec66276c47/out/test_conformance/test_messages_proto2.ts:250:51)
    at file:///Users/thesayyn/Documents/thesayyn/protoc-gen-ts/tests/conformance/bin/main.ts:30:78

  protobuf_test_messages.proto3.TestAllTypesProto3 1
  Error: Failure: Decoder hit an error
    at Object.jspb.asserts.fail (https://cdn.skypack.dev/-/google-protobuf@v3.21.2-YDUqZL2TTSsy2lGtfuND/dist=es2019,mode=imports/optimized/google-protobuf.js:801:11)
    at jspb.BinaryReader.nextField (https://cdn.skypack.dev/-/google-protobuf@v3.21.2-YDUqZL2TTSsy2lGtfuND/dist=es2019,mode=imports/optimized/google-protobuf.js:4374:27)
    at Function.deserialize (file:///Users/thesayyn/Documents/thesayyn/protoc-gen-ts/target/debug/build/protoc_gen_ts-8cec2bec66276c47/out/test_conformance/test_messages_proto3.ts:169:18)
    at file:///Users/thesayyn/Documents/thesayyn/protoc-gen-ts/tests/conformance/bin/main.ts:23:78

  protobuf_test_messages.proto2.TestAllTypesProto2 1
  Error: Assertion failed
    at Object.jspb.asserts.doAssertFailure (https://cdn.skypack.dev/-/google-protobuf@v3.21.2-YDUqZL2TTSsy2lGtfuND/dist=es2019,mode=imports/optimized/google-protobuf.js:778:11)
    at Object.jspb.asserts.assert (https://cdn.skypack.dev/-/google-protobuf@v3.21.2-YDUqZL2TTSsy2lGtfuND/dist=es2019,mode=imports/optimized/google-protobuf.js:783:23)
    at jspb.BinaryReader.readBool (https://cdn.skypack.dev/-/google-protobuf@v3.21.2-YDUqZL2TTSsy2lGtfuND/dist=es2019,mode=imports/optimized/google-protobuf.js:4624:18)
    at Function.deserialize (file:///Users/thesayyn/Documents/thesayyn/protoc-gen-ts/target/debug/build/protoc_gen_ts-8cec2bec66276c47/out/test_conformance/test_messages_proto2.ts:250:51)
    at file:///Users/thesayyn/Documents/thesayyn/protoc-gen-ts/tests/conformance/bin/main.ts:30:78

  protobuf_test_messages.proto3.TestAllTypesProto3 1
  Error: Assertion failed
    at Object.jspb.asserts.doAssertFailure (https://cdn.skypack.dev/-/google-protobuf@v3.21.2-YDUqZL2TTSsy2lGtfuND/dist=es2019,mode=imports/optimized/google-protobuf.js:778:11)
    at Object.jspb.asserts.assert (https://cdn.skypack.dev/-/google-protobuf@v3.21.2-YDUqZL2TTSsy2lGtfuND/dist=es2019,mode=imports/optimized/google-protobuf.js:783:23)
    at jspb.BinaryDecoder.readUnsignedVarint32 (https://cdn.skypack.dev/-/google-protobuf@v3.21.2-YDUqZL2TTSsy2lGtfuND/dist=es2019,mode=imports/optimized/google-protobuf.js:4150:18)
    at jspb.BinaryReader.readString (https://cdn.skypack.dev/-/google-protobuf@v3.21.2-YDUqZL2TTSsy2lGtfuND/dist=es2019,mode=imports/optimized/google-protobuf.js:4635:27)
    at Function.deserialize (file:///Users/thesayyn/Documents/thesayyn/protoc-gen-ts/target/debug/build/protoc_gen_ts-8cec2bec66276c47/out/test_conformance/test_messages_proto3.ts:211:50)
    at file:///Users/thesayyn/Documents/thesayyn/protoc-gen-ts/tests/conformance/bin/main.ts:23:78

  protobuf_test_messages.proto2.TestAllTypesProto2 1
  Error: Assertion failed
    at Object.jspb.asserts.doAssertFailure (https://cdn.skypack.dev/-/google-protobuf@v3.21.2-YDUqZL2TTSsy2lGtfuND/dist=es2019,mode=imports/optimized/google-protobuf.js:778:11)
    at Object.jspb.asserts.assert (https://cdn.skypack.dev/-/google-protobuf@v3.21.2-YDUqZL2TTSsy2lGtfuND/dist=es2019,mode=imports/optimized/google-protobuf.js:783:23)
    at jspb.BinaryDecoder.readUnsignedVarint32 (https://cdn.skypack.dev/-/google-protobuf@v3.21.2-YDUqZL2TTSsy2lGtfuND/dist=es2019,mode=imports/optimized/google-protobuf.js:4150:18)
    at jspb.BinaryReader.readString (https://cdn.skypack.dev/-/google-protobuf@v3.21.2-YDUqZL2TTSsy2lGtfuND/dist=es2019,mode=imports/optimized/google-protobuf.js:4635:27)
    at Function.deserialize (file:///Users/thesayyn/Documents/thesayyn/protoc-gen-ts/target/debug/build/protoc_gen_ts-8cec2bec66276c47/out/test_conformance/test_messages_proto2.ts:187:50)
    at file:///Users/thesayyn/Documents/thesayyn/protoc-gen-ts/tests/conformance/bin/main.ts:30:78

  protobuf_test_messages.proto3.TestAllTypesProto3 1
  Error: Assertion failed
    at Object.jspb.asserts.doAssertFailure (https://cdn.skypack.dev/-/google-protobuf@v3.21.2-YDUqZL2TTSsy2lGtfuND/dist=es2019,mode=imports/optimized/google-protobuf.js:778:11)
    at Object.jspb.asserts.assert (https://cdn.skypack.dev/-/google-protobuf@v3.21.2-YDUqZL2TTSsy2lGtfuND/dist=es2019,mode=imports/optimized/google-protobuf.js:783:23)
    at jspb.BinaryDecoder.readUnsignedVarint32 (https://cdn.skypack.dev/-/google-protobuf@v3.21.2-YDUqZL2TTSsy2lGtfuND/dist=es2019,mode=imports/optimized/google-protobuf.js:4150:18)
    at jspb.BinaryReader.readString (https://cdn.skypack.dev/-/google-protobuf@v3.21.2-YDUqZL2TTSsy2lGtfuND/dist=es2019,mode=imports/optimized/google-protobuf.js:4635:27)
    at Function.deserialize (file:///Users/thesayyn/Documents/thesayyn/protoc-gen-ts/target/debug/build/protoc_gen_ts-8cec2bec66276c47/out/test_conformance/test_messages_proto3.ts:293:53)
    at file:///Users/thesayyn/Documents/thesayyn/protoc-gen-ts/tests/conformance/bin/main.ts:23:78

  protobuf_test_messages.proto2.TestAllTypesProto2 1
  Error: Assertion failed
    at Object.jspb.asserts.doAssertFailure (https://cdn.skypack.dev/-/google-protobuf@v3.21.2-YDUqZL2TTSsy2lGtfuND/dist=es2019,mode=imports/optimized/google-protobuf.js:778:11)
    at Object.jspb.asserts.assert (https://cdn.skypack.dev/-/google-protobuf@v3.21.2-YDUqZL2TTSsy2lGtfuND/dist=es2019,mode=imports/optimized/google-protobuf.js:783:23)
    at jspb.BinaryDecoder.readUnsignedVarint32 (https://cdn.skypack.dev/-/google-protobuf@v3.21.2-YDUqZL2TTSsy2lGtfuND/dist=es2019,mode=imports/optimized/google-protobuf.js:4150:18)
    at jspb.BinaryReader.readString (https://cdn.skypack.dev/-/google-protobuf@v3.21.2-YDUqZL2TTSsy2lGtfuND/dist=es2019,mode=imports/optimized/google-protobuf.js:4635:27)
    at Function.deserialize (file:///Users/thesayyn/Documents/thesayyn/protoc-gen-ts/target/debug/build/protoc_gen_ts-8cec2bec66276c47/out/test_conformance/test_messages_proto2.ts:253:53)
    at file:///Users/thesayyn/Documents/thesayyn/protoc-gen-ts/tests/conformance/bin/main.ts:30:78

  protobuf_test_messages.proto3.TestAllTypesProto3 1
  Error: Assertion failed
    at Object.jspb.asserts.doAssertFailure (https://cdn.skypack.dev/-/google-protobuf@v3.21.2-YDUqZL2TTSsy2lGtfuND/dist=es2019,mode=imports/optimized/google-protobuf.js:778:11)
    at Object.jspb.asserts.assert (https://cdn.skypack.dev/-/google-protobuf@v3.21.2-YDUqZL2TTSsy2lGtfuND/dist=es2019,mode=imports/optimized/google-protobuf.js:783:23)
    at jspb.BinaryDecoder.readUnsignedVarint32 (https://cdn.skypack.dev/-/google-protobuf@v3.21.2-YDUqZL2TTSsy2lGtfuND/dist=es2019,mode=imports/optimized/google-protobuf.js:4150:18)
    at jspb.BinaryReader.skipDelimitedField (https://cdn.skypack.dev/-/google-protobuf@v3.21.2-YDUqZL2TTSsy2lGtfuND/dist=es2019,mode=imports/optimized/google-protobuf.js:4401:29)
    at jspb.BinaryReader.skipField (https://cdn.skypack.dev/-/google-protobuf@v3.21.2-YDUqZL2TTSsy2lGtfuND/dist=es2019,mode=imports/optimized/google-protobuf.js:4435:14)
    at Function.deserialize (file:///Users/thesayyn/Documents/thesayyn/protoc-gen-ts/target/debug/build/protoc_gen_ts-8cec2bec66276c47/out/test_conformance/test_messages_proto3.ts:958:24)
    at file:///Users/thesayyn/Documents/thesayyn/protoc-gen-ts/tests/conformance/bin/main.ts:23:78

  protobuf_test_messages.proto2.TestAllTypesProto2 1
  Error: Assertion failed
    at Object.jspb.asserts.doAssertFailure (https://cdn.skypack.dev/-/google-protobuf@v3.21.2-YDUqZL2TTSsy2lGtfuND/dist=es2019,mode=imports/optimized/google-protobuf.js:778:11)
    at Object.jspb.asserts.assert (https://cdn.skypack.dev/-/google-protobuf@v3.21.2-YDUqZL2TTSsy2lGtfuND/dist=es2019,mode=imports/optimized/google-protobuf.js:783:23)
    at jspb.BinaryDecoder.readUnsignedVarint32 (https://cdn.skypack.dev/-/google-protobuf@v3.21.2-YDUqZL2TTSsy2lGtfuND/dist=es2019,mode=imports/optimized/google-protobuf.js:4150:18)
    at jspb.BinaryReader.skipDelimitedField (https://cdn.skypack.dev/-/google-protobuf@v3.21.2-YDUqZL2TTSsy2lGtfuND/dist=es2019,mode=imports/optimized/google-protobuf.js:4401:29)
    at jspb.BinaryReader.skipField (https://cdn.skypack.dev/-/google-protobuf@v3.21.2-YDUqZL2TTSsy2lGtfuND/dist=es2019,mode=imports/optimized/google-protobuf.js:4435:14)
    at Function.deserialize (file:///Users/thesayyn/Documents/thesayyn/protoc-gen-ts/target/debug/build/protoc_gen_ts-8cec2bec66276c47/out/test_conformance/test_messages_proto2.ts:865:24)
    at file:///Users/thesayyn/Documents/thesayyn/protoc-gen-ts/tests/conformance/bin/main.ts:30:78

  protobuf_test_messages.proto3.TestAllTypesProto3 1
  Error: Assertion failed
    at Object.jspb.asserts.doAssertFailure (https://cdn.skypack.dev/-/google-protobuf@v3.21.2-YDUqZL2TTSsy2lGtfuND/dist=es2019,mode=imports/optimized/google-protobuf.js:778:11)
    at Object.jspb.asserts.assert (https://cdn.skypack.dev/-/google-protobuf@v3.21.2-YDUqZL2TTSsy2lGtfuND/dist=es2019,mode=imports/optimized/google-protobuf.js:783:23)
    at jspb.BinaryDecoder.readUnsignedVarint32 (https://cdn.skypack.dev/-/google-protobuf@v3.21.2-YDUqZL2TTSsy2lGtfuND/dist=es2019,mode=imports/optimized/google-protobuf.js:4150:18)
    at jspb.BinaryReader.readString (https://cdn.skypack.dev/-/google-protobuf@v3.21.2-YDUqZL2TTSsy2lGtfuND/dist=es2019,mode=imports/optimized/google-protobuf.js:4635:27)
    at Function.deserialize (file:///Users/thesayyn/Documents/thesayyn/protoc-gen-ts/target/debug/build/protoc_gen_ts-8cec2bec66276c47/out/test_conformance/test_messages_proto3.ts:211:50)
    at file:///Users/thesayyn/Documents/thesayyn/protoc-gen-ts/tests/conformance/bin/main.ts:23:78

  protobuf_test_messages.proto2.TestAllTypesProto2 1
  Error: Assertion failed
    at Object.jspb.asserts.doAssertFailure (https://cdn.skypack.dev/-/google-protobuf@v3.21.2-YDUqZL2TTSsy2lGtfuND/dist=es2019,mode=imports/optimized/google-protobuf.js:778:11)
    at Object.jspb.asserts.assert (https://cdn.skypack.dev/-/google-protobuf@v3.21.2-YDUqZL2TTSsy2lGtfuND/dist=es2019,mode=imports/optimized/google-protobuf.js:783:23)
    at jspb.BinaryDecoder.readUnsignedVarint32 (https://cdn.skypack.dev/-/google-protobuf@v3.21.2-YDUqZL2TTSsy2lGtfuND/dist=es2019,mode=imports/optimized/google-protobuf.js:4150:18)
    at jspb.BinaryReader.readString (https://cdn.skypack.dev/-/google-protobuf@v3.21.2-YDUqZL2TTSsy2lGtfuND/dist=es2019,mode=imports/optimized/google-protobuf.js:4635:27)
    at Function.deserialize (file:///Users/thesayyn/Documents/thesayyn/protoc-gen-ts/target/debug/build/protoc_gen_ts-8cec2bec66276c47/out/test_conformance/test_messages_proto2.ts:187:50)
    at file:///Users/thesayyn/Documents/thesayyn/protoc-gen-ts/tests/conformance/bin/main.ts:30:78

  protobuf_test_messages.proto3.TestAllTypesProto3 1
  Error: Assertion failed
    at Object.jspb.asserts.doAssertFailure (https://cdn.skypack.dev/-/google-protobuf@v3.21.2-YDUqZL2TTSsy2lGtfuND/dist=es2019,mode=imports/optimized/google-protobuf.js:778:11)
    at Object.jspb.asserts.assert (https://cdn.skypack.dev/-/google-protobuf@v3.21.2-YDUqZL2TTSsy2lGtfuND/dist=es2019,mode=imports/optimized/google-protobuf.js:783:23)
    at jspb.BinaryDecoder.readUnsignedVarint32 (https://cdn.skypack.dev/-/google-protobuf@v3.21.2-YDUqZL2TTSsy2lGtfuND/dist=es2019,mode=imports/optimized/google-protobuf.js:4150:18)
    at jspb.BinaryReader.readString (https://cdn.skypack.dev/-/google-protobuf@v3.21.2-YDUqZL2TTSsy2lGtfuND/dist=es2019,mode=imports/optimized/google-protobuf.js:4635:27)
    at Function.deserialize (file:///Users/thesayyn/Documents/thesayyn/protoc-gen-ts/target/debug/build/protoc_gen_ts-8cec2bec66276c47/out/test_conformance/test_messages_proto3.ts:293:53)
    at file:///Users/thesayyn/Documents/thesayyn/protoc-gen-ts/tests/conformance/bin/main.ts:23:78

  protobuf_test_messages.proto2.TestAllTypesProto2 1
  Error: Assertion failed
    at Object.jspb.asserts.doAssertFailure (https://cdn.skypack.dev/-/google-protobuf@v3.21.2-YDUqZL2TTSsy2lGtfuND/dist=es2019,mode=imports/optimized/google-protobuf.js:778:11)
    at Object.jspb.asserts.assert (https://cdn.skypack.dev/-/google-protobuf@v3.21.2-YDUqZL2TTSsy2lGtfuND/dist=es2019,mode=imports/optimized/google-protobuf.js:783:23)
    at jspb.BinaryDecoder.readUnsignedVarint32 (https://cdn.skypack.dev/-/google-protobuf@v3.21.2-YDUqZL2TTSsy2lGtfuND/dist=es2019,mode=imports/optimized/google-protobuf.js:4150:18)
    at jspb.BinaryReader.readString (https://cdn.skypack.dev/-/google-protobuf@v3.21.2-YDUqZL2TTSsy2lGtfuND/dist=es2019,mode=imports/optimized/google-protobuf.js:4635:27)
    at Function.deserialize (file:///Users/thesayyn/Documents/thesayyn/protoc-gen-ts/target/debug/build/protoc_gen_ts-8cec2bec66276c47/out/test_conformance/test_messages_proto2.ts:253:53)
    at file:///Users/thesayyn/Documents/thesayyn/protoc-gen-ts/tests/conformance/bin/main.ts:30:78

  protobuf_test_messages.proto3.TestAllTypesProto3 1
  Error: Assertion failed
    at Object.jspb.asserts.doAssertFailure (https://cdn.skypack.dev/-/google-protobuf@v3.21.2-YDUqZL2TTSsy2lGtfuND/dist=es2019,mode=imports/optimized/google-protobuf.js:778:11)
    at Object.jspb.asserts.assert (https://cdn.skypack.dev/-/google-protobuf@v3.21.2-YDUqZL2TTSsy2lGtfuND/dist=es2019,mode=imports/optimized/google-protobuf.js:783:23)
    at jspb.BinaryDecoder.readUnsignedVarint32 (https://cdn.skypack.dev/-/google-protobuf@v3.21.2-YDUqZL2TTSsy2lGtfuND/dist=es2019,mode=imports/optimized/google-protobuf.js:4150:18)
    at jspb.BinaryReader.skipDelimitedField (https://cdn.skypack.dev/-/google-protobuf@v3.21.2-YDUqZL2TTSsy2lGtfuND/dist=es2019,mode=imports/optimized/google-protobuf.js:4401:29)
    at jspb.BinaryReader.skipField (https://cdn.skypack.dev/-/google-protobuf@v3.21.2-YDUqZL2TTSsy2lGtfuND/dist=es2019,mode=imports/optimized/google-protobuf.js:4435:14)
    at Function.deserialize (file:///Users/thesayyn/Documents/thesayyn/protoc-gen-ts/target/debug/build/protoc_gen_ts-8cec2bec66276c47/out/test_conformance/test_messages_proto3.ts:958:24)
    at file:///Users/thesayyn/Documents/thesayyn/protoc-gen-ts/tests/conformance/bin/main.ts:23:78

  protobuf_test_messages.proto2.TestAllTypesProto2 1
  Error: Assertion failed
    at Object.jspb.asserts.doAssertFailure (https://cdn.skypack.dev/-/google-protobuf@v3.21.2-YDUqZL2TTSsy2lGtfuND/dist=es2019,mode=imports/optimized/google-protobuf.js:778:11)
    at Object.jspb.asserts.assert (https://cdn.skypack.dev/-/google-protobuf@v3.21.2-YDUqZL2TTSsy2lGtfuND/dist=es2019,mode=imports/optimized/google-protobuf.js:783:23)
    at jspb.BinaryDecoder.readUnsignedVarint32 (https://cdn.skypack.dev/-/google-protobuf@v3.21.2-YDUqZL2TTSsy2lGtfuND/dist=es2019,mode=imports/optimized/google-protobuf.js:4150:18)
    at jspb.BinaryReader.skipDelimitedField (https://cdn.skypack.dev/-/google-protobuf@v3.21.2-YDUqZL2TTSsy2lGtfuND/dist=es2019,mode=imports/optimized/google-protobuf.js:4401:29)
    at jspb.BinaryReader.skipField (https://cdn.skypack.dev/-/google-protobuf@v3.21.2-YDUqZL2TTSsy2lGtfuND/dist=es2019,mode=imports/optimized/google-protobuf.js:4435:14)
    at Function.deserialize (file:///Users/thesayyn/Documents/thesayyn/protoc-gen-ts/target/debug/build/protoc_gen_ts-8cec2bec66276c47/out/test_conformance/test_messages_proto2.ts:865:24)
    at file:///Users/thesayyn/Documents/thesayyn/protoc-gen-ts/tests/conformance/bin/main.ts:30:78

  protobuf_test_messages.proto3.TestAllTypesProto3 1
  Error: Failure: Decoder hit an error
    at Object.jspb.asserts.fail (https://cdn.skypack.dev/-/google-protobuf@v3.21.2-YDUqZL2TTSsy2lGtfuND/dist=es2019,mode=imports/optimized/google-protobuf.js:801:11)
    at jspb.BinaryReader.nextField (https://cdn.skypack.dev/-/google-protobuf@v3.21.2-YDUqZL2TTSsy2lGtfuND/dist=es2019,mode=imports/optimized/google-protobuf.js:4374:27)
    at Function.deserialize (file:///Users/thesayyn/Documents/thesayyn/protoc-gen-ts/target/debug/build/protoc_gen_ts-8cec2bec66276c47/out/test_conformance/test_messages_proto3.ts:169:18)
    at file:///Users/thesayyn/Documents/thesayyn/protoc-gen-ts/tests/conformance/bin/main.ts:23:78

  protobuf_test_messages.proto2.TestAllTypesProto2 1
  Error: Failure: Decoder hit an error
    at Object.jspb.asserts.fail (https://cdn.skypack.dev/-/google-protobuf@v3.21.2-YDUqZL2TTSsy2lGtfuND/dist=es2019,mode=imports/optimized/google-protobuf.js:801:11)
    at jspb.BinaryReader.nextField (https://cdn.skypack.dev/-/google-protobuf@v3.21.2-YDUqZL2TTSsy2lGtfuND/dist=es2019,mode=imports/optimized/google-protobuf.js:4374:27)
    at Function.deserialize (file:///Users/thesayyn/Documents/thesayyn/protoc-gen-ts/target/debug/build/protoc_gen_ts-8cec2bec66276c47/out/test_conformance/test_messages_proto2.ts:145:18)
    at file:///Users/thesayyn/Documents/thesayyn/protoc-gen-ts/tests/conformance/bin/main.ts:30:78

  protobuf_test_messages.proto3.TestAllTypesProto3 1
  Error: Failure: Decoder hit an error
    at Object.jspb.asserts.fail (https://cdn.skypack.dev/-/google-protobuf@v3.21.2-YDUqZL2TTSsy2lGtfuND/dist=es2019,mode=imports/optimized/google-protobuf.js:801:11)
    at jspb.BinaryReader.nextField (https://cdn.skypack.dev/-/google-protobuf@v3.21.2-YDUqZL2TTSsy2lGtfuND/dist=es2019,mode=imports/optimized/google-protobuf.js:4374:27)
    at Function.deserialize (file:///Users/thesayyn/Documents/thesayyn/protoc-gen-ts/target/debug/build/protoc_gen_ts-8cec2bec66276c47/out/test_conformance/test_messages_proto3.ts:169:18)
    at file:///Users/thesayyn/Documents/thesayyn/protoc-gen-ts/tests/conformance/bin/main.ts:23:78

  protobuf_test_messages.proto2.TestAllTypesProto2 1
  Error: Failure: Decoder hit an error
    at Object.jspb.asserts.fail (https://cdn.skypack.dev/-/google-protobuf@v3.21.2-YDUqZL2TTSsy2lGtfuND/dist=es2019,mode=imports/optimized/google-protobuf.js:801:11)
    at jspb.BinaryReader.nextField (https://cdn.skypack.dev/-/google-protobuf@v3.21.2-YDUqZL2TTSsy2lGtfuND/dist=es2019,mode=imports/optimized/google-protobuf.js:4374:27)
    at Function.deserialize (file:///Users/thesayyn/Documents/thesayyn/protoc-gen-ts/target/debug/build/protoc_gen_ts-8cec2bec66276c47/out/test_conformance/test_messages_proto2.ts:145:18)
    at file:///Users/thesayyn/Documents/thesayyn/protoc-gen-ts/tests/conformance/bin/main.ts:30:78

  protobuf_test_messages.proto3.TestAllTypesProto3 1
  Error: Assertion failed
    at Object.jspb.asserts.doAssertFailure (https://cdn.skypack.dev/-/google-protobuf@v3.21.2-YDUqZL2TTSsy2lGtfuND/dist=es2019,mode=imports/optimized/google-protobuf.js:778:11)
    at Object.jspb.asserts.assert (https://cdn.skypack.dev/-/google-protobuf@v3.21.2-YDUqZL2TTSsy2lGtfuND/dist=es2019,mode=imports/optimized/google-protobuf.js:783:23)
    at jspb.BinaryDecoder.advance (https://cdn.skypack.dev/-/google-protobuf@v3.21.2-YDUqZL2TTSsy2lGtfuND/dist=es2019,mode=imports/optimized/google-protobuf.js:4081:18)
    at jspb.BinaryReader.skipDelimitedField (https://cdn.skypack.dev/-/google-protobuf@v3.21.2-YDUqZL2TTSsy2lGtfuND/dist=es2019,mode=imports/optimized/google-protobuf.js:4402:21)
    at jspb.BinaryReader.skipField (https://cdn.skypack.dev/-/google-protobuf@v3.21.2-YDUqZL2TTSsy2lGtfuND/dist=es2019,mode=imports/optimized/google-protobuf.js:4435:14)
    at Function.deserialize (file:///Users/thesayyn/Documents/thesayyn/protoc-gen-ts/target/debug/build/protoc_gen_ts-8cec2bec66276c47/out/test_conformance/test_messages_proto3.ts:958:24)
    at file:///Users/thesayyn/Documents/thesayyn/protoc-gen-ts/tests/conformance/bin/main.ts:23:78

  protobuf_test_messages.proto2.TestAllTypesProto2 1
  Error: Assertion failed
    at Object.jspb.asserts.doAssertFailure (https://cdn.skypack.dev/-/google-protobuf@v3.21.2-YDUqZL2TTSsy2lGtfuND/dist=es2019,mode=imports/optimized/google-protobuf.js:778:11)
    at Object.jspb.asserts.assert (https://cdn.skypack.dev/-/google-protobuf@v3.21.2-YDUqZL2TTSsy2lGtfuND/dist=es2019,mode=imports/optimized/google-protobuf.js:783:23)
    at jspb.BinaryDecoder.advance (https://cdn.skypack.dev/-/google-protobuf@v3.21.2-YDUqZL2TTSsy2lGtfuND/dist=es2019,mode=imports/optimized/google-protobuf.js:4081:18)
    at jspb.BinaryReader.skipDelimitedField (https://cdn.skypack.dev/-/google-protobuf@v3.21.2-YDUqZL2TTSsy2lGtfuND/dist=es2019,mode=imports/optimized/google-protobuf.js:4402:21)
    at jspb.BinaryReader.skipField (https://cdn.skypack.dev/-/google-protobuf@v3.21.2-YDUqZL2TTSsy2lGtfuND/dist=es2019,mode=imports/optimized/google-protobuf.js:4435:14)
    at Function.deserialize (file:///Users/thesayyn/Documents/thesayyn/protoc-gen-ts/target/debug/build/protoc_gen_ts-8cec2bec66276c47/out/test_conformance/test_messages_proto2.ts:865:24)
    at file:///Users/thesayyn/Documents/thesayyn/protoc-gen-ts/tests/conformance/bin/main.ts:30:78

  protobuf_test_messages.proto3.TestAllTypesProto3 1
  Error: Assertion failed
    at Object.jspb.asserts.doAssertFailure (https://cdn.skypack.dev/-/google-protobuf@v3.21.2-YDUqZL2TTSsy2lGtfuND/dist=es2019,mode=imports/optimized/google-protobuf.js:778:11)
    at Object.jspb.asserts.assert (https://cdn.skypack.dev/-/google-protobuf@v3.21.2-YDUqZL2TTSsy2lGtfuND/dist=es2019,mode=imports/optimized/google-protobuf.js:783:23)
    at jspb.BinaryDecoder.readUnsignedVarint32 (https://cdn.skypack.dev/-/google-protobuf@v3.21.2-YDUqZL2TTSsy2lGtfuND/dist=es2019,mode=imports/optimized/google-protobuf.js:4150:18)
    at jspb.BinaryReader.getFieldDecoder (https://cdn.skypack.dev/-/google-protobuf@v3.21.2-YDUqZL2TTSsy2lGtfuND/dist=es2019,mode=imports/optimized/google-protobuf.js:4526:27)
    at Function.deserialize (file:///Users/thesayyn/Documents/thesayyn/protoc-gen-ts/target/debug/build/protoc_gen_ts-8cec2bec66276c47/out/test_conformance/test_messages_proto3.ts:217:133)
    at file:///Users/thesayyn/Documents/thesayyn/protoc-gen-ts/tests/conformance/bin/main.ts:23:78

  protobuf_test_messages.proto2.TestAllTypesProto2 1
  Error: Assertion failed
    at Object.jspb.asserts.doAssertFailure (https://cdn.skypack.dev/-/google-protobuf@v3.21.2-YDUqZL2TTSsy2lGtfuND/dist=es2019,mode=imports/optimized/google-protobuf.js:778:11)
    at Object.jspb.asserts.assert (https://cdn.skypack.dev/-/google-protobuf@v3.21.2-YDUqZL2TTSsy2lGtfuND/dist=es2019,mode=imports/optimized/google-protobuf.js:783:23)
    at jspb.BinaryDecoder.readUnsignedVarint32 (https://cdn.skypack.dev/-/google-protobuf@v3.21.2-YDUqZL2TTSsy2lGtfuND/dist=es2019,mode=imports/optimized/google-protobuf.js:4150:18)
    at jspb.BinaryReader.getFieldDecoder (https://cdn.skypack.dev/-/google-protobuf@v3.21.2-YDUqZL2TTSsy2lGtfuND/dist=es2019,mode=imports/optimized/google-protobuf.js:4526:27)
    at Function.deserialize (file:///Users/thesayyn/Documents/thesayyn/protoc-gen-ts/target/debug/build/protoc_gen_ts-8cec2bec66276c47/out/test_conformance/test_messages_proto2.ts:193:133)
    at file:///Users/thesayyn/Documents/thesayyn/protoc-gen-ts/tests/conformance/bin/main.ts:30:78

  protobuf_test_messages.proto3.TestAllTypesProto3 1
  Error: Assertion failed
    at Object.jspb.asserts.doAssertFailure (https://cdn.skypack.dev/-/google-protobuf@v3.21.2-YDUqZL2TTSsy2lGtfuND/dist=es2019,mode=imports/optimized/google-protobuf.js:778:11)
    at Object.jspb.asserts.assert (https://cdn.skypack.dev/-/google-protobuf@v3.21.2-YDUqZL2TTSsy2lGtfuND/dist=es2019,mode=imports/optimized/google-protobuf.js:783:23)
    at jspb.BinaryDecoder.readUnsignedVarint32 (https://cdn.skypack.dev/-/google-protobuf@v3.21.2-YDUqZL2TTSsy2lGtfuND/dist=es2019,mode=imports/optimized/google-protobuf.js:4150:18)
    at jspb.BinaryReader.getFieldDecoder (https://cdn.skypack.dev/-/google-protobuf@v3.21.2-YDUqZL2TTSsy2lGtfuND/dist=es2019,mode=imports/optimized/google-protobuf.js:4526:27)
    at Function.deserialize (file:///Users/thesayyn/Documents/thesayyn/protoc-gen-ts/target/debug/build/protoc_gen_ts-8cec2bec66276c47/out/test_conformance/test_messages_proto3.ts:299:136)
    at file:///Users/thesayyn/Documents/thesayyn/protoc-gen-ts/tests/conformance/bin/main.ts:23:78

  protobuf_test_messages.proto2.TestAllTypesProto2 1
  Error: Assertion failed
    at Object.jspb.asserts.doAssertFailure (https://cdn.skypack.dev/-/google-protobuf@v3.21.2-YDUqZL2TTSsy2lGtfuND/dist=es2019,mode=imports/optimized/google-protobuf.js:778:11)
    at Object.jspb.asserts.assert (https://cdn.skypack.dev/-/google-protobuf@v3.21.2-YDUqZL2TTSsy2lGtfuND/dist=es2019,mode=imports/optimized/google-protobuf.js:783:23)
    at jspb.BinaryDecoder.readUnsignedVarint32 (https://cdn.skypack.dev/-/google-protobuf@v3.21.2-YDUqZL2TTSsy2lGtfuND/dist=es2019,mode=imports/optimized/google-protobuf.js:4150:18)
    at jspb.BinaryReader.getFieldDecoder (https://cdn.skypack.dev/-/google-protobuf@v3.21.2-YDUqZL2TTSsy2lGtfuND/dist=es2019,mode=imports/optimized/google-protobuf.js:4526:27)
    at Function.deserialize (file:///Users/thesayyn/Documents/thesayyn/protoc-gen-ts/target/debug/build/protoc_gen_ts-8cec2bec66276c47/out/test_conformance/test_messages_proto2.ts:259:136)
    at file:///Users/thesayyn/Documents/thesayyn/protoc-gen-ts/tests/conformance/bin/main.ts:30:78

  protobuf_test_messages.proto3.TestAllTypesProto3 1
  Error: Assertion failed
    at Object.jspb.asserts.doAssertFailure (https://cdn.skypack.dev/-/google-protobuf@v3.21.2-YDUqZL2TTSsy2lGtfuND/dist=es2019,mode=imports/optimized/google-protobuf.js:778:11)
    at Object.jspb.asserts.assert (https://cdn.skypack.dev/-/google-protobuf@v3.21.2-YDUqZL2TTSsy2lGtfuND/dist=es2019,mode=imports/optimized/google-protobuf.js:783:23)
    at jspb.BinaryDecoder.readUnsignedVarint32 (https://cdn.skypack.dev/-/google-protobuf@v3.21.2-YDUqZL2TTSsy2lGtfuND/dist=es2019,mode=imports/optimized/google-protobuf.js:4150:18)
    at jspb.BinaryReader.skipDelimitedField (https://cdn.skypack.dev/-/google-protobuf@v3.21.2-YDUqZL2TTSsy2lGtfuND/dist=es2019,mode=imports/optimized/google-protobuf.js:4401:29)
    at jspb.BinaryReader.skipField (https://cdn.skypack.dev/-/google-protobuf@v3.21.2-YDUqZL2TTSsy2lGtfuND/dist=es2019,mode=imports/optimized/google-protobuf.js:4435:14)
    at Function.deserialize (file:///Users/thesayyn/Documents/thesayyn/protoc-gen-ts/target/debug/build/protoc_gen_ts-8cec2bec66276c47/out/test_conformance/test_messages_proto3.ts:958:24)
    at file:///Users/thesayyn/Documents/thesayyn/protoc-gen-ts/tests/conformance/bin/main.ts:23:78

  protobuf_test_messages.proto2.TestAllTypesProto2 1
  Error: Assertion failed
    at Object.jspb.asserts.doAssertFailure (https://cdn.skypack.dev/-/google-protobuf@v3.21.2-YDUqZL2TTSsy2lGtfuND/dist=es2019,mode=imports/optimized/google-protobuf.js:778:11)
    at Object.jspb.asserts.assert (https://cdn.skypack.dev/-/google-protobuf@v3.21.2-YDUqZL2TTSsy2lGtfuND/dist=es2019,mode=imports/optimized/google-protobuf.js:783:23)
    at jspb.BinaryDecoder.readUnsignedVarint32 (https://cdn.skypack.dev/-/google-protobuf@v3.21.2-YDUqZL2TTSsy2lGtfuND/dist=es2019,mode=imports/optimized/google-protobuf.js:4150:18)
    at jspb.BinaryReader.skipDelimitedField (https://cdn.skypack.dev/-/google-protobuf@v3.21.2-YDUqZL2TTSsy2lGtfuND/dist=es2019,mode=imports/optimized/google-protobuf.js:4401:29)
    at jspb.BinaryReader.skipField (https://cdn.skypack.dev/-/google-protobuf@v3.21.2-YDUqZL2TTSsy2lGtfuND/dist=es2019,mode=imports/optimized/google-protobuf.js:4435:14)
    at Function.deserialize (file:///Users/thesayyn/Documents/thesayyn/protoc-gen-ts/target/debug/build/protoc_gen_ts-8cec2bec66276c47/out/test_conformance/test_messages_proto2.ts:865:24)
    at file:///Users/thesayyn/Documents/thesayyn/protoc-gen-ts/tests/conformance/bin/main.ts:30:78

  protobuf_test_messages.proto3.TestAllTypesProto3 1
  Error: Assertion failed
    at Object.jspb.asserts.doAssertFailure (https://cdn.skypack.dev/-/google-protobuf@v3.21.2-YDUqZL2TTSsy2lGtfuND/dist=es2019,mode=imports/optimized/google-protobuf.js:778:11)
    at Object.jspb.asserts.assert (https://cdn.skypack.dev/-/google-protobuf@v3.21.2-YDUqZL2TTSsy2lGtfuND/dist=es2019,mode=imports/optimized/google-protobuf.js:783:23)
    at jspb.BinaryDecoder.readUnsignedVarint32 (https://cdn.skypack.dev/-/google-protobuf@v3.21.2-YDUqZL2TTSsy2lGtfuND/dist=es2019,mode=imports/optimized/google-protobuf.js:4150:18)
    at jspb.BinaryReader.getFieldDecoder (https://cdn.skypack.dev/-/google-protobuf@v3.21.2-YDUqZL2TTSsy2lGtfuND/dist=es2019,mode=imports/optimized/google-protobuf.js:4526:27)
    at Function.deserialize (file:///Users/thesayyn/Documents/thesayyn/protoc-gen-ts/target/debug/build/protoc_gen_ts-8cec2bec66276c47/out/test_conformance/test_messages_proto3.ts:217:133)
    at file:///Users/thesayyn/Documents/thesayyn/protoc-gen-ts/tests/conformance/bin/main.ts:23:78

  protobuf_test_messages.proto2.TestAllTypesProto2 1
  Error: Assertion failed
    at Object.jspb.asserts.doAssertFailure (https://cdn.skypack.dev/-/google-protobuf@v3.21.2-YDUqZL2TTSsy2lGtfuND/dist=es2019,mode=imports/optimized/google-protobuf.js:778:11)
    at Object.jspb.asserts.assert (https://cdn.skypack.dev/-/google-protobuf@v3.21.2-YDUqZL2TTSsy2lGtfuND/dist=es2019,mode=imports/optimized/google-protobuf.js:783:23)
    at jspb.BinaryDecoder.readUnsignedVarint32 (https://cdn.skypack.dev/-/google-protobuf@v3.21.2-YDUqZL2TTSsy2lGtfuND/dist=es2019,mode=imports/optimized/google-protobuf.js:4150:18)
    at jspb.BinaryReader.getFieldDecoder (https://cdn.skypack.dev/-/google-protobuf@v3.21.2-YDUqZL2TTSsy2lGtfuND/dist=es2019,mode=imports/optimized/google-protobuf.js:4526:27)
    at Function.deserialize (file:///Users/thesayyn/Documents/thesayyn/protoc-gen-ts/target/debug/build/protoc_gen_ts-8cec2bec66276c47/out/test_conformance/test_messages_proto2.ts:193:133)
    at file:///Users/thesayyn/Documents/thesayyn/protoc-gen-ts/tests/conformance/bin/main.ts:30:78

  protobuf_test_messages.proto3.TestAllTypesProto3 1
  Error: Assertion failed
    at Object.jspb.asserts.doAssertFailure (https://cdn.skypack.dev/-/google-protobuf@v3.21.2-YDUqZL2TTSsy2lGtfuND/dist=es2019,mode=imports/optimized/google-protobuf.js:778:11)
    at Object.jspb.asserts.assert (https://cdn.skypack.dev/-/google-protobuf@v3.21.2-YDUqZL2TTSsy2lGtfuND/dist=es2019,mode=imports/optimized/google-protobuf.js:783:23)
    at jspb.BinaryDecoder.readUnsignedVarint32 (https://cdn.skypack.dev/-/google-protobuf@v3.21.2-YDUqZL2TTSsy2lGtfuND/dist=es2019,mode=imports/optimized/google-protobuf.js:4150:18)
    at jspb.BinaryReader.getFieldDecoder (https://cdn.skypack.dev/-/google-protobuf@v3.21.2-YDUqZL2TTSsy2lGtfuND/dist=es2019,mode=imports/optimized/google-protobuf.js:4526:27)
    at Function.deserialize (file:///Users/thesayyn/Documents/thesayyn/protoc-gen-ts/target/debug/build/protoc_gen_ts-8cec2bec66276c47/out/test_conformance/test_messages_proto3.ts:299:136)
    at file:///Users/thesayyn/Documents/thesayyn/protoc-gen-ts/tests/conformance/bin/main.ts:23:78

  protobuf_test_messages.proto2.TestAllTypesProto2 1
  Error: Assertion failed
    at Object.jspb.asserts.doAssertFailure (https://cdn.skypack.dev/-/google-protobuf@v3.21.2-YDUqZL2TTSsy2lGtfuND/dist=es2019,mode=imports/optimized/google-protobuf.js:778:11)
    at Object.jspb.asserts.assert (https://cdn.skypack.dev/-/google-protobuf@v3.21.2-YDUqZL2TTSsy2lGtfuND/dist=es2019,mode=imports/optimized/google-protobuf.js:783:23)
    at jspb.BinaryDecoder.readUnsignedVarint32 (https://cdn.skypack.dev/-/google-protobuf@v3.21.2-YDUqZL2TTSsy2lGtfuND/dist=es2019,mode=imports/optimized/google-protobuf.js:4150:18)
    at jspb.BinaryReader.getFieldDecoder (https://cdn.skypack.dev/-/google-protobuf@v3.21.2-YDUqZL2TTSsy2lGtfuND/dist=es2019,mode=imports/optimized/google-protobuf.js:4526:27)
    at Function.deserialize (file:///Users/thesayyn/Documents/thesayyn/protoc-gen-ts/target/debug/build/protoc_gen_ts-8cec2bec66276c47/out/test_conformance/test_messages_proto2.ts:259:136)
    at file:///Users/thesayyn/Documents/thesayyn/protoc-gen-ts/tests/conformance/bin/main.ts:30:78

  protobuf_test_messages.proto3.TestAllTypesProto3 1
  Error: Assertion failed
    at Object.jspb.asserts.doAssertFailure (https://cdn.skypack.dev/-/google-protobuf@v3.21.2-YDUqZL2TTSsy2lGtfuND/dist=es2019,mode=imports/optimized/google-protobuf.js:778:11)
    at Object.jspb.asserts.assert (https://cdn.skypack.dev/-/google-protobuf@v3.21.2-YDUqZL2TTSsy2lGtfuND/dist=es2019,mode=imports/optimized/google-protobuf.js:783:23)
    at jspb.BinaryDecoder.readUnsignedVarint32 (https://cdn.skypack.dev/-/google-protobuf@v3.21.2-YDUqZL2TTSsy2lGtfuND/dist=es2019,mode=imports/optimized/google-protobuf.js:4150:18)
    at jspb.BinaryReader.skipDelimitedField (https://cdn.skypack.dev/-/google-protobuf@v3.21.2-YDUqZL2TTSsy2lGtfuND/dist=es2019,mode=imports/optimized/google-protobuf.js:4401:29)
    at jspb.BinaryReader.skipField (https://cdn.skypack.dev/-/google-protobuf@v3.21.2-YDUqZL2TTSsy2lGtfuND/dist=es2019,mode=imports/optimized/google-protobuf.js:4435:14)
    at Function.deserialize (file:///Users/thesayyn/Documents/thesayyn/protoc-gen-ts/target/debug/build/protoc_gen_ts-8cec2bec66276c47/out/test_conformance/test_messages_proto3.ts:958:24)
    at file:///Users/thesayyn/Documents/thesayyn/protoc-gen-ts/tests/conformance/bin/main.ts:23:78

  protobuf_test_messages.proto2.TestAllTypesProto2 1
  Error: Assertion failed
    at Object.jspb.asserts.doAssertFailure (https://cdn.skypack.dev/-/google-protobuf@v3.21.2-YDUqZL2TTSsy2lGtfuND/dist=es2019,mode=imports/optimized/google-protobuf.js:778:11)
    at Object.jspb.asserts.assert (https://cdn.skypack.dev/-/google-protobuf@v3.21.2-YDUqZL2TTSsy2lGtfuND/dist=es2019,mode=imports/optimized/google-protobuf.js:783:23)
    at jspb.BinaryDecoder.readUnsignedVarint32 (https://cdn.skypack.dev/-/google-protobuf@v3.21.2-YDUqZL2TTSsy2lGtfuND/dist=es2019,mode=imports/optimized/google-protobuf.js:4150:18)
    at jspb.BinaryReader.skipDelimitedField (https://cdn.skypack.dev/-/google-protobuf@v3.21.2-YDUqZL2TTSsy2lGtfuND/dist=es2019,mode=imports/optimized/google-protobuf.js:4401:29)
    at jspb.BinaryReader.skipField (https://cdn.skypack.dev/-/google-protobuf@v3.21.2-YDUqZL2TTSsy2lGtfuND/dist=es2019,mode=imports/optimized/google-protobuf.js:4435:14)
    at Function.deserialize (file:///Users/thesayyn/Documents/thesayyn/protoc-gen-ts/target/debug/build/protoc_gen_ts-8cec2bec66276c47/out/test_conformance/test_messages_proto2.ts:865:24)
    at file:///Users/thesayyn/Documents/thesayyn/protoc-gen-ts/tests/conformance/bin/main.ts:30:78

  protobuf_test_messages.proto3.TestAllTypesProto3 1
  Error: Assertion failed
    at Object.jspb.asserts.doAssertFailure (https://cdn.skypack.dev/-/google-protobuf@v3.21.2-YDUqZL2TTSsy2lGtfuND/dist=es2019,mode=imports/optimized/google-protobuf.js:778:11)
    at Object.jspb.asserts.assert (https://cdn.skypack.dev/-/google-protobuf@v3.21.2-YDUqZL2TTSsy2lGtfuND/dist=es2019,mode=imports/optimized/google-protobuf.js:783:23)
    at jspb.BinaryDecoder.advance (https://cdn.skypack.dev/-/google-protobuf@v3.21.2-YDUqZL2TTSsy2lGtfuND/dist=es2019,mode=imports/optimized/google-protobuf.js:4081:18)
    at jspb.BinaryReader.skipDelimitedField (https://cdn.skypack.dev/-/google-protobuf@v3.21.2-YDUqZL2TTSsy2lGtfuND/dist=es2019,mode=imports/optimized/google-protobuf.js:4402:21)
    at jspb.BinaryReader.skipField (https://cdn.skypack.dev/-/google-protobuf@v3.21.2-YDUqZL2TTSsy2lGtfuND/dist=es2019,mode=imports/optimized/google-protobuf.js:4435:14)
    at Function.deserialize (file:///Users/thesayyn/Documents/thesayyn/protoc-gen-ts/target/debug/build/protoc_gen_ts-8cec2bec66276c47/out/test_conformance/test_messages_proto3.ts:1608:24)
    at Function.deserialize (file:///Users/thesayyn/Documents/thesayyn/protoc-gen-ts/target/debug/build/protoc_gen_ts-8cec2bec66276c47/out/test_conformance/test_messages_proto3.ts:217:118)
    at file:///Users/thesayyn/Documents/thesayyn/protoc-gen-ts/tests/conformance/bin/main.ts:23:78

  protobuf_test_messages.proto2.TestAllTypesProto2 1
  Error: Assertion failed
    at Object.jspb.asserts.doAssertFailure (https://cdn.skypack.dev/-/google-protobuf@v3.21.2-YDUqZL2TTSsy2lGtfuND/dist=es2019,mode=imports/optimized/google-protobuf.js:778:11)
    at Object.jspb.asserts.assert (https://cdn.skypack.dev/-/google-protobuf@v3.21.2-YDUqZL2TTSsy2lGtfuND/dist=es2019,mode=imports/optimized/google-protobuf.js:783:23)
    at jspb.BinaryDecoder.advance (https://cdn.skypack.dev/-/google-protobuf@v3.21.2-YDUqZL2TTSsy2lGtfuND/dist=es2019,mode=imports/optimized/google-protobuf.js:4081:18)
    at jspb.BinaryReader.skipDelimitedField (https://cdn.skypack.dev/-/google-protobuf@v3.21.2-YDUqZL2TTSsy2lGtfuND/dist=es2019,mode=imports/optimized/google-protobuf.js:4402:21)
    at jspb.BinaryReader.skipField (https://cdn.skypack.dev/-/google-protobuf@v3.21.2-YDUqZL2TTSsy2lGtfuND/dist=es2019,mode=imports/optimized/google-protobuf.js:4435:14)
    at Function.deserialize (file:///Users/thesayyn/Documents/thesayyn/protoc-gen-ts/target/debug/build/protoc_gen_ts-8cec2bec66276c47/out/test_conformance/test_messages_proto2.ts:1430:24)
    at Function.deserialize (file:///Users/thesayyn/Documents/thesayyn/protoc-gen-ts/target/debug/build/protoc_gen_ts-8cec2bec66276c47/out/test_conformance/test_messages_proto2.ts:193:118)
    at file:///Users/thesayyn/Documents/thesayyn/protoc-gen-ts/tests/conformance/bin/main.ts:30:78

  protobuf_test_messages.proto3.TestAllTypesProto3 1
  Error: Assertion failed
    at Object.jspb.asserts.doAssertFailure (https://cdn.skypack.dev/-/google-protobuf@v3.21.2-YDUqZL2TTSsy2lGtfuND/dist=es2019,mode=imports/optimized/google-protobuf.js:778:11)
    at Object.jspb.asserts.assert (https://cdn.skypack.dev/-/google-protobuf@v3.21.2-YDUqZL2TTSsy2lGtfuND/dist=es2019,mode=imports/optimized/google-protobuf.js:783:23)
    at jspb.BinaryDecoder.advance (https://cdn.skypack.dev/-/google-protobuf@v3.21.2-YDUqZL2TTSsy2lGtfuND/dist=es2019,mode=imports/optimized/google-protobuf.js:4081:18)
    at jspb.BinaryReader.skipDelimitedField (https://cdn.skypack.dev/-/google-protobuf@v3.21.2-YDUqZL2TTSsy2lGtfuND/dist=es2019,mode=imports/optimized/google-protobuf.js:4402:21)
    at jspb.BinaryReader.skipField (https://cdn.skypack.dev/-/google-protobuf@v3.21.2-YDUqZL2TTSsy2lGtfuND/dist=es2019,mode=imports/optimized/google-protobuf.js:4435:14)
    at Function.deserialize (file:///Users/thesayyn/Documents/thesayyn/protoc-gen-ts/target/debug/build/protoc_gen_ts-8cec2bec66276c47/out/test_conformance/test_messages_proto3.ts:1608:24)
    at Function.deserialize (file:///Users/thesayyn/Documents/thesayyn/protoc-gen-ts/target/debug/build/protoc_gen_ts-8cec2bec66276c47/out/test_conformance/test_messages_proto3.ts:299:121)
    at file:///Users/thesayyn/Documents/thesayyn/protoc-gen-ts/tests/conformance/bin/main.ts:23:78

  protobuf_test_messages.proto2.TestAllTypesProto2 1
  Error: Assertion failed
    at Object.jspb.asserts.doAssertFailure (https://cdn.skypack.dev/-/google-protobuf@v3.21.2-YDUqZL2TTSsy2lGtfuND/dist=es2019,mode=imports/optimized/google-protobuf.js:778:11)
    at Object.jspb.asserts.assert (https://cdn.skypack.dev/-/google-protobuf@v3.21.2-YDUqZL2TTSsy2lGtfuND/dist=es2019,mode=imports/optimized/google-protobuf.js:783:23)
    at jspb.BinaryDecoder.advance (https://cdn.skypack.dev/-/google-protobuf@v3.21.2-YDUqZL2TTSsy2lGtfuND/dist=es2019,mode=imports/optimized/google-protobuf.js:4081:18)
    at jspb.BinaryReader.skipDelimitedField (https://cdn.skypack.dev/-/google-protobuf@v3.21.2-YDUqZL2TTSsy2lGtfuND/dist=es2019,mode=imports/optimized/google-protobuf.js:4402:21)
    at jspb.BinaryReader.skipField (https://cdn.skypack.dev/-/google-protobuf@v3.21.2-YDUqZL2TTSsy2lGtfuND/dist=es2019,mode=imports/optimized/google-protobuf.js:4435:14)
    at Function.deserialize (file:///Users/thesayyn/Documents/thesayyn/protoc-gen-ts/target/debug/build/protoc_gen_ts-8cec2bec66276c47/out/test_conformance/test_messages_proto2.ts:1430:24)
    at Function.deserialize (file:///Users/thesayyn/Documents/thesayyn/protoc-gen-ts/target/debug/build/protoc_gen_ts-8cec2bec66276c47/out/test_conformance/test_messages_proto2.ts:259:121)
    at file:///Users/thesayyn/Documents/thesayyn/protoc-gen-ts/tests/conformance/bin/main.ts:30:78

  protobuf_test_messages.proto3.TestAllTypesProto3 1
  Error: Assertion failed
    at Object.jspb.asserts.doAssertFailure (https://cdn.skypack.dev/-/google-protobuf@v3.21.2-YDUqZL2TTSsy2lGtfuND/dist=es2019,mode=imports/optimized/google-protobuf.js:778:11)
    at Object.jspb.asserts.assert (https://cdn.skypack.dev/-/google-protobuf@v3.21.2-YDUqZL2TTSsy2lGtfuND/dist=es2019,mode=imports/optimized/google-protobuf.js:783:23)
    at jspb.BinaryDecoder.advance (https://cdn.skypack.dev/-/google-protobuf@v3.21.2-YDUqZL2TTSsy2lGtfuND/dist=es2019,mode=imports/optimized/google-protobuf.js:4081:18)
    at jspb.BinaryReader.skipDelimitedField (https://cdn.skypack.dev/-/google-protobuf@v3.21.2-YDUqZL2TTSsy2lGtfuND/dist=es2019,mode=imports/optimized/google-protobuf.js:4402:21)
    at jspb.BinaryReader.skipField (https://cdn.skypack.dev/-/google-protobuf@v3.21.2-YDUqZL2TTSsy2lGtfuND/dist=es2019,mode=imports/optimized/google-protobuf.js:4435:14)
    at Function.deserialize (file:///Users/thesayyn/Documents/thesayyn/protoc-gen-ts/target/debug/build/protoc_gen_ts-8cec2bec66276c47/out/test_conformance/test_messages_proto3.ts:958:24)
    at file:///Users/thesayyn/Documents/thesayyn/protoc-gen-ts/tests/conformance/bin/main.ts:23:78

  protobuf_test_messages.proto2.TestAllTypesProto2 1
  Error: Assertion failed
    at Object.jspb.asserts.doAssertFailure (https://cdn.skypack.dev/-/google-protobuf@v3.21.2-YDUqZL2TTSsy2lGtfuND/dist=es2019,mode=imports/optimized/google-protobuf.js:778:11)
    at Object.jspb.asserts.assert (https://cdn.skypack.dev/-/google-protobuf@v3.21.2-YDUqZL2TTSsy2lGtfuND/dist=es2019,mode=imports/optimized/google-protobuf.js:783:23)
    at jspb.BinaryDecoder.advance (https://cdn.skypack.dev/-/google-protobuf@v3.21.2-YDUqZL2TTSsy2lGtfuND/dist=es2019,mode=imports/optimized/google-protobuf.js:4081:18)
    at jspb.BinaryReader.skipDelimitedField (https://cdn.skypack.dev/-/google-protobuf@v3.21.2-YDUqZL2TTSsy2lGtfuND/dist=es2019,mode=imports/optimized/google-protobuf.js:4402:21)
    at jspb.BinaryReader.skipField (https://cdn.skypack.dev/-/google-protobuf@v3.21.2-YDUqZL2TTSsy2lGtfuND/dist=es2019,mode=imports/optimized/google-protobuf.js:4435:14)
    at Function.deserialize (file:///Users/thesayyn/Documents/thesayyn/protoc-gen-ts/target/debug/build/protoc_gen_ts-8cec2bec66276c47/out/test_conformance/test_messages_proto2.ts:865:24)
    at file:///Users/thesayyn/Documents/thesayyn/protoc-gen-ts/tests/conformance/bin/main.ts:30:78

  protobuf_test_messages.proto3.TestAllTypesProto3 1
  Error: Assertion failed
    at Object.jspb.asserts.doAssertFailure (https://cdn.skypack.dev/-/google-protobuf@v3.21.2-YDUqZL2TTSsy2lGtfuND/dist=es2019,mode=imports/optimized/google-protobuf.js:778:11)
    at Object.jspb.asserts.assert (https://cdn.skypack.dev/-/google-protobuf@v3.21.2-YDUqZL2TTSsy2lGtfuND/dist=es2019,mode=imports/optimized/google-protobuf.js:783:23)
    at jspb.BinaryDecoder.readUnsignedVarint32 (https://cdn.skypack.dev/-/google-protobuf@v3.21.2-YDUqZL2TTSsy2lGtfuND/dist=es2019,mode=imports/optimized/google-protobuf.js:4150:18)
    at jspb.BinaryReader.readBytes (https://cdn.skypack.dev/-/google-protobuf@v3.21.2-YDUqZL2TTSsy2lGtfuND/dist=es2019,mode=imports/optimized/google-protobuf.js:4641:27)
    at Function.deserialize (file:///Users/thesayyn/Documents/thesayyn/protoc-gen-ts/target/debug/build/protoc_gen_ts-8cec2bec66276c47/out/test_conformance/test_messages_proto3.ts:214:49)
    at file:///Users/thesayyn/Documents/thesayyn/protoc-gen-ts/tests/conformance/bin/main.ts:23:78

  protobuf_test_messages.proto2.TestAllTypesProto2 1
  Error: Assertion failed
    at Object.jspb.asserts.doAssertFailure (https://cdn.skypack.dev/-/google-protobuf@v3.21.2-YDUqZL2TTSsy2lGtfuND/dist=es2019,mode=imports/optimized/google-protobuf.js:778:11)
    at Object.jspb.asserts.assert (https://cdn.skypack.dev/-/google-protobuf@v3.21.2-YDUqZL2TTSsy2lGtfuND/dist=es2019,mode=imports/optimized/google-protobuf.js:783:23)
    at jspb.BinaryDecoder.readUnsignedVarint32 (https://cdn.skypack.dev/-/google-protobuf@v3.21.2-YDUqZL2TTSsy2lGtfuND/dist=es2019,mode=imports/optimized/google-protobuf.js:4150:18)
    at jspb.BinaryReader.readBytes (https://cdn.skypack.dev/-/google-protobuf@v3.21.2-YDUqZL2TTSsy2lGtfuND/dist=es2019,mode=imports/optimized/google-protobuf.js:4641:27)
    at Function.deserialize (file:///Users/thesayyn/Documents/thesayyn/protoc-gen-ts/target/debug/build/protoc_gen_ts-8cec2bec66276c47/out/test_conformance/test_messages_proto2.ts:190:49)
    at file:///Users/thesayyn/Documents/thesayyn/protoc-gen-ts/tests/conformance/bin/main.ts:30:78

  protobuf_test_messages.proto3.TestAllTypesProto3 1
  Error: Assertion failed
    at Object.jspb.asserts.doAssertFailure (https://cdn.skypack.dev/-/google-protobuf@v3.21.2-YDUqZL2TTSsy2lGtfuND/dist=es2019,mode=imports/optimized/google-protobuf.js:778:11)
    at Object.jspb.asserts.assert (https://cdn.skypack.dev/-/google-protobuf@v3.21.2-YDUqZL2TTSsy2lGtfuND/dist=es2019,mode=imports/optimized/google-protobuf.js:783:23)
    at jspb.BinaryDecoder.readUnsignedVarint32 (https://cdn.skypack.dev/-/google-protobuf@v3.21.2-YDUqZL2TTSsy2lGtfuND/dist=es2019,mode=imports/optimized/google-protobuf.js:4150:18)
    at jspb.BinaryReader.readBytes (https://cdn.skypack.dev/-/google-protobuf@v3.21.2-YDUqZL2TTSsy2lGtfuND/dist=es2019,mode=imports/optimized/google-protobuf.js:4641:27)
    at Function.deserialize (file:///Users/thesayyn/Documents/thesayyn/protoc-gen-ts/target/debug/build/protoc_gen_ts-8cec2bec66276c47/out/test_conformance/test_messages_proto3.ts:296:52)
    at file:///Users/thesayyn/Documents/thesayyn/protoc-gen-ts/tests/conformance/bin/main.ts:23:78

  protobuf_test_messages.proto2.TestAllTypesProto2 1
  Error: Assertion failed
    at Object.jspb.asserts.doAssertFailure (https://cdn.skypack.dev/-/google-protobuf@v3.21.2-YDUqZL2TTSsy2lGtfuND/dist=es2019,mode=imports/optimized/google-protobuf.js:778:11)
    at Object.jspb.asserts.assert (https://cdn.skypack.dev/-/google-protobuf@v3.21.2-YDUqZL2TTSsy2lGtfuND/dist=es2019,mode=imports/optimized/google-protobuf.js:783:23)
    at jspb.BinaryDecoder.readUnsignedVarint32 (https://cdn.skypack.dev/-/google-protobuf@v3.21.2-YDUqZL2TTSsy2lGtfuND/dist=es2019,mode=imports/optimized/google-protobuf.js:4150:18)
    at jspb.BinaryReader.readBytes (https://cdn.skypack.dev/-/google-protobuf@v3.21.2-YDUqZL2TTSsy2lGtfuND/dist=es2019,mode=imports/optimized/google-protobuf.js:4641:27)
    at Function.deserialize (file:///Users/thesayyn/Documents/thesayyn/protoc-gen-ts/target/debug/build/protoc_gen_ts-8cec2bec66276c47/out/test_conformance/test_messages_proto2.ts:256:52)
    at file:///Users/thesayyn/Documents/thesayyn/protoc-gen-ts/tests/conformance/bin/main.ts:30:78

  protobuf_test_messages.proto3.TestAllTypesProto3 1
  Error: Assertion failed
    at Object.jspb.asserts.doAssertFailure (https://cdn.skypack.dev/-/google-protobuf@v3.21.2-YDUqZL2TTSsy2lGtfuND/dist=es2019,mode=imports/optimized/google-protobuf.js:778:11)
    at Object.jspb.asserts.assert (https://cdn.skypack.dev/-/google-protobuf@v3.21.2-YDUqZL2TTSsy2lGtfuND/dist=es2019,mode=imports/optimized/google-protobuf.js:783:23)
    at jspb.BinaryDecoder.readUnsignedVarint32 (https://cdn.skypack.dev/-/google-protobuf@v3.21.2-YDUqZL2TTSsy2lGtfuND/dist=es2019,mode=imports/optimized/google-protobuf.js:4150:18)
    at jspb.BinaryReader.skipDelimitedField (https://cdn.skypack.dev/-/google-protobuf@v3.21.2-YDUqZL2TTSsy2lGtfuND/dist=es2019,mode=imports/optimized/google-protobuf.js:4401:29)
    at jspb.BinaryReader.skipField (https://cdn.skypack.dev/-/google-protobuf@v3.21.2-YDUqZL2TTSsy2lGtfuND/dist=es2019,mode=imports/optimized/google-protobuf.js:4435:14)
    at Function.deserialize (file:///Users/thesayyn/Documents/thesayyn/protoc-gen-ts/target/debug/build/protoc_gen_ts-8cec2bec66276c47/out/test_conformance/test_messages_proto3.ts:958:24)
    at file:///Users/thesayyn/Documents/thesayyn/protoc-gen-ts/tests/conformance/bin/main.ts:23:78

  protobuf_test_messages.proto2.TestAllTypesProto2 1
  Error: Assertion failed
    at Object.jspb.asserts.doAssertFailure (https://cdn.skypack.dev/-/google-protobuf@v3.21.2-YDUqZL2TTSsy2lGtfuND/dist=es2019,mode=imports/optimized/google-protobuf.js:778:11)
    at Object.jspb.asserts.assert (https://cdn.skypack.dev/-/google-protobuf@v3.21.2-YDUqZL2TTSsy2lGtfuND/dist=es2019,mode=imports/optimized/google-protobuf.js:783:23)
    at jspb.BinaryDecoder.readUnsignedVarint32 (https://cdn.skypack.dev/-/google-protobuf@v3.21.2-YDUqZL2TTSsy2lGtfuND/dist=es2019,mode=imports/optimized/google-protobuf.js:4150:18)
    at jspb.BinaryReader.skipDelimitedField (https://cdn.skypack.dev/-/google-protobuf@v3.21.2-YDUqZL2TTSsy2lGtfuND/dist=es2019,mode=imports/optimized/google-protobuf.js:4401:29)
    at jspb.BinaryReader.skipField (https://cdn.skypack.dev/-/google-protobuf@v3.21.2-YDUqZL2TTSsy2lGtfuND/dist=es2019,mode=imports/optimized/google-protobuf.js:4435:14)
    at Function.deserialize (file:///Users/thesayyn/Documents/thesayyn/protoc-gen-ts/target/debug/build/protoc_gen_ts-8cec2bec66276c47/out/test_conformance/test_messages_proto2.ts:865:24)
    at file:///Users/thesayyn/Documents/thesayyn/protoc-gen-ts/tests/conformance/bin/main.ts:30:78

  protobuf_test_messages.proto3.TestAllTypesProto3 1
  Error: Assertion failed
    at Object.jspb.asserts.doAssertFailure (https://cdn.skypack.dev/-/google-protobuf@v3.21.2-YDUqZL2TTSsy2lGtfuND/dist=es2019,mode=imports/optimized/google-protobuf.js:778:11)
    at Object.jspb.asserts.assert (https://cdn.skypack.dev/-/google-protobuf@v3.21.2-YDUqZL2TTSsy2lGtfuND/dist=es2019,mode=imports/optimized/google-protobuf.js:783:23)
    at jspb.BinaryDecoder.readUnsignedVarint32 (https://cdn.skypack.dev/-/google-protobuf@v3.21.2-YDUqZL2TTSsy2lGtfuND/dist=es2019,mode=imports/optimized/google-protobuf.js:4150:18)
    at jspb.BinaryReader.readBytes (https://cdn.skypack.dev/-/google-protobuf@v3.21.2-YDUqZL2TTSsy2lGtfuND/dist=es2019,mode=imports/optimized/google-protobuf.js:4641:27)
    at Function.deserialize (file:///Users/thesayyn/Documents/thesayyn/protoc-gen-ts/target/debug/build/protoc_gen_ts-8cec2bec66276c47/out/test_conformance/test_messages_proto3.ts:214:49)
    at file:///Users/thesayyn/Documents/thesayyn/protoc-gen-ts/tests/conformance/bin/main.ts:23:78

  protobuf_test_messages.proto2.TestAllTypesProto2 1
  Error: Assertion failed
    at Object.jspb.asserts.doAssertFailure (https://cdn.skypack.dev/-/google-protobuf@v3.21.2-YDUqZL2TTSsy2lGtfuND/dist=es2019,mode=imports/optimized/google-protobuf.js:778:11)
    at Object.jspb.asserts.assert (https://cdn.skypack.dev/-/google-protobuf@v3.21.2-YDUqZL2TTSsy2lGtfuND/dist=es2019,mode=imports/optimized/google-protobuf.js:783:23)
    at jspb.BinaryDecoder.readUnsignedVarint32 (https://cdn.skypack.dev/-/google-protobuf@v3.21.2-YDUqZL2TTSsy2lGtfuND/dist=es2019,mode=imports/optimized/google-protobuf.js:4150:18)
    at jspb.BinaryReader.readBytes (https://cdn.skypack.dev/-/google-protobuf@v3.21.2-YDUqZL2TTSsy2lGtfuND/dist=es2019,mode=imports/optimized/google-protobuf.js:4641:27)
    at Function.deserialize (file:///Users/thesayyn/Documents/thesayyn/protoc-gen-ts/target/debug/build/protoc_gen_ts-8cec2bec66276c47/out/test_conformance/test_messages_proto2.ts:190:49)
    at file:///Users/thesayyn/Documents/thesayyn/protoc-gen-ts/tests/conformance/bin/main.ts:30:78

  protobuf_test_messages.proto3.TestAllTypesProto3 1
  Error: Assertion failed
    at Object.jspb.asserts.doAssertFailure (https://cdn.skypack.dev/-/google-protobuf@v3.21.2-YDUqZL2TTSsy2lGtfuND/dist=es2019,mode=imports/optimized/google-protobuf.js:778:11)
    at Object.jspb.asserts.assert (https://cdn.skypack.dev/-/google-protobuf@v3.21.2-YDUqZL2TTSsy2lGtfuND/dist=es2019,mode=imports/optimized/google-protobuf.js:783:23)
    at jspb.BinaryDecoder.readUnsignedVarint32 (https://cdn.skypack.dev/-/google-protobuf@v3.21.2-YDUqZL2TTSsy2lGtfuND/dist=es2019,mode=imports/optimized/google-protobuf.js:4150:18)
    at jspb.BinaryReader.readBytes (https://cdn.skypack.dev/-/google-protobuf@v3.21.2-YDUqZL2TTSsy2lGtfuND/dist=es2019,mode=imports/optimized/google-protobuf.js:4641:27)
    at Function.deserialize (file:///Users/thesayyn/Documents/thesayyn/protoc-gen-ts/target/debug/build/protoc_gen_ts-8cec2bec66276c47/out/test_conformance/test_messages_proto3.ts:296:52)
    at file:///Users/thesayyn/Documents/thesayyn/protoc-gen-ts/tests/conformance/bin/main.ts:23:78

  protobuf_test_messages.proto2.TestAllTypesProto2 1
  Error: Assertion failed
    at Object.jspb.asserts.doAssertFailure (https://cdn.skypack.dev/-/google-protobuf@v3.21.2-YDUqZL2TTSsy2lGtfuND/dist=es2019,mode=imports/optimized/google-protobuf.js:778:11)
    at Object.jspb.asserts.assert (https://cdn.skypack.dev/-/google-protobuf@v3.21.2-YDUqZL2TTSsy2lGtfuND/dist=es2019,mode=imports/optimized/google-protobuf.js:783:23)
    at jspb.BinaryDecoder.readUnsignedVarint32 (https://cdn.skypack.dev/-/google-protobuf@v3.21.2-YDUqZL2TTSsy2lGtfuND/dist=es2019,mode=imports/optimized/google-protobuf.js:4150:18)
    at jspb.BinaryReader.readBytes (https://cdn.skypack.dev/-/google-protobuf@v3.21.2-YDUqZL2TTSsy2lGtfuND/dist=es2019,mode=imports/optimized/google-protobuf.js:4641:27)
    at Function.deserialize (file:///Users/thesayyn/Documents/thesayyn/protoc-gen-ts/target/debug/build/protoc_gen_ts-8cec2bec66276c47/out/test_conformance/test_messages_proto2.ts:256:52)
    at file:///Users/thesayyn/Documents/thesayyn/protoc-gen-ts/tests/conformance/bin/main.ts:30:78

  protobuf_test_messages.proto3.TestAllTypesProto3 1
  Error: Assertion failed
    at Object.jspb.asserts.doAssertFailure (https://cdn.skypack.dev/-/google-protobuf@v3.21.2-YDUqZL2TTSsy2lGtfuND/dist=es2019,mode=imports/optimized/google-protobuf.js:778:11)
    at Object.jspb.asserts.assert (https://cdn.skypack.dev/-/google-protobuf@v3.21.2-YDUqZL2TTSsy2lGtfuND/dist=es2019,mode=imports/optimized/google-protobuf.js:783:23)
    at jspb.BinaryDecoder.readUnsignedVarint32 (https://cdn.skypack.dev/-/google-protobuf@v3.21.2-YDUqZL2TTSsy2lGtfuND/dist=es2019,mode=imports/optimized/google-protobuf.js:4150:18)
    at jspb.BinaryReader.skipDelimitedField (https://cdn.skypack.dev/-/google-protobuf@v3.21.2-YDUqZL2TTSsy2lGtfuND/dist=es2019,mode=imports/optimized/google-protobuf.js:4401:29)
    at jspb.BinaryReader.skipField (https://cdn.skypack.dev/-/google-protobuf@v3.21.2-YDUqZL2TTSsy2lGtfuND/dist=es2019,mode=imports/optimized/google-protobuf.js:4435:14)
    at Function.deserialize (file:///Users/thesayyn/Documents/thesayyn/protoc-gen-ts/target/debug/build/protoc_gen_ts-8cec2bec66276c47/out/test_conformance/test_messages_proto3.ts:958:24)
    at file:///Users/thesayyn/Documents/thesayyn/protoc-gen-ts/tests/conformance/bin/main.ts:23:78

  protobuf_test_messages.proto2.TestAllTypesProto2 1
  Error: Assertion failed
    at Object.jspb.asserts.doAssertFailure (https://cdn.skypack.dev/-/google-protobuf@v3.21.2-YDUqZL2TTSsy2lGtfuND/dist=es2019,mode=imports/optimized/google-protobuf.js:778:11)
    at Object.jspb.asserts.assert (https://cdn.skypack.dev/-/google-protobuf@v3.21.2-YDUqZL2TTSsy2lGtfuND/dist=es2019,mode=imports/optimized/google-protobuf.js:783:23)
    at jspb.BinaryDecoder.readUnsignedVarint32 (https://cdn.skypack.dev/-/google-protobuf@v3.21.2-YDUqZL2TTSsy2lGtfuND/dist=es2019,mode=imports/optimized/google-protobuf.js:4150:18)
    at jspb.BinaryReader.skipDelimitedField (https://cdn.skypack.dev/-/google-protobuf@v3.21.2-YDUqZL2TTSsy2lGtfuND/dist=es2019,mode=imports/optimized/google-protobuf.js:4401:29)
    at jspb.BinaryReader.skipField (https://cdn.skypack.dev/-/google-protobuf@v3.21.2-YDUqZL2TTSsy2lGtfuND/dist=es2019,mode=imports/optimized/google-protobuf.js:4435:14)
    at Function.deserialize (file:///Users/thesayyn/Documents/thesayyn/protoc-gen-ts/target/debug/build/protoc_gen_ts-8cec2bec66276c47/out/test_conformance/test_messages_proto2.ts:865:24)
    at file:///Users/thesayyn/Documents/thesayyn/protoc-gen-ts/tests/conformance/bin/main.ts:30:78

  protobuf_test_messages.proto3.TestAllTypesProto3 1
  Error: Failure: Invalid byte length!
    at Object.jspb.asserts.fail (https://cdn.skypack.dev/-/google-protobuf@v3.21.2-YDUqZL2TTSsy2lGtfuND/dist=es2019,mode=imports/optimized/google-protobuf.js:801:11)
    at jspb.BinaryDecoder.readBytes (https://cdn.skypack.dev/-/google-protobuf@v3.21.2-YDUqZL2TTSsy2lGtfuND/dist=es2019,mode=imports/optimized/google-protobuf.js:4289:47)
    at jspb.BinaryReader.readBytes (https://cdn.skypack.dev/-/google-protobuf@v3.21.2-YDUqZL2TTSsy2lGtfuND/dist=es2019,mode=imports/optimized/google-protobuf.js:4642:26)
    at Function.deserialize (file:///Users/thesayyn/Documents/thesayyn/protoc-gen-ts/target/debug/build/protoc_gen_ts-8cec2bec66276c47/out/test_conformance/test_messages_proto3.ts:214:49)
    at file:///Users/thesayyn/Documents/thesayyn/protoc-gen-ts/tests/conformance/bin/main.ts:23:78

  protobuf_test_messages.proto2.TestAllTypesProto2 1
  Error: Failure: Invalid byte length!
    at Object.jspb.asserts.fail (https://cdn.skypack.dev/-/google-protobuf@v3.21.2-YDUqZL2TTSsy2lGtfuND/dist=es2019,mode=imports/optimized/google-protobuf.js:801:11)
    at jspb.BinaryDecoder.readBytes (https://cdn.skypack.dev/-/google-protobuf@v3.21.2-YDUqZL2TTSsy2lGtfuND/dist=es2019,mode=imports/optimized/google-protobuf.js:4289:47)
    at jspb.BinaryReader.readBytes (https://cdn.skypack.dev/-/google-protobuf@v3.21.2-YDUqZL2TTSsy2lGtfuND/dist=es2019,mode=imports/optimized/google-protobuf.js:4642:26)
    at Function.deserialize (file:///Users/thesayyn/Documents/thesayyn/protoc-gen-ts/target/debug/build/protoc_gen_ts-8cec2bec66276c47/out/test_conformance/test_messages_proto2.ts:190:49)
    at file:///Users/thesayyn/Documents/thesayyn/protoc-gen-ts/tests/conformance/bin/main.ts:30:78

  protobuf_test_messages.proto3.TestAllTypesProto3 1
  Error: Failure: Invalid byte length!
    at Object.jspb.asserts.fail (https://cdn.skypack.dev/-/google-protobuf@v3.21.2-YDUqZL2TTSsy2lGtfuND/dist=es2019,mode=imports/optimized/google-protobuf.js:801:11)
    at jspb.BinaryDecoder.readBytes (https://cdn.skypack.dev/-/google-protobuf@v3.21.2-YDUqZL2TTSsy2lGtfuND/dist=es2019,mode=imports/optimized/google-protobuf.js:4289:47)
    at jspb.BinaryReader.readBytes (https://cdn.skypack.dev/-/google-protobuf@v3.21.2-YDUqZL2TTSsy2lGtfuND/dist=es2019,mode=imports/optimized/google-protobuf.js:4642:26)
    at Function.deserialize (file:///Users/thesayyn/Documents/thesayyn/protoc-gen-ts/target/debug/build/protoc_gen_ts-8cec2bec66276c47/out/test_conformance/test_messages_proto3.ts:296:52)
    at file:///Users/thesayyn/Documents/thesayyn/protoc-gen-ts/tests/conformance/bin/main.ts:23:78

  protobuf_test_messages.proto2.TestAllTypesProto2 1
  Error: Failure: Invalid byte length!
    at Object.jspb.asserts.fail (https://cdn.skypack.dev/-/google-protobuf@v3.21.2-YDUqZL2TTSsy2lGtfuND/dist=es2019,mode=imports/optimized/google-protobuf.js:801:11)
    at jspb.BinaryDecoder.readBytes (https://cdn.skypack.dev/-/google-protobuf@v3.21.2-YDUqZL2TTSsy2lGtfuND/dist=es2019,mode=imports/optimized/google-protobuf.js:4289:47)
    at jspb.BinaryReader.readBytes (https://cdn.skypack.dev/-/google-protobuf@v3.21.2-YDUqZL2TTSsy2lGtfuND/dist=es2019,mode=imports/optimized/google-protobuf.js:4642:26)
    at Function.deserialize (file:///Users/thesayyn/Documents/thesayyn/protoc-gen-ts/target/debug/build/protoc_gen_ts-8cec2bec66276c47/out/test_conformance/test_messages_proto2.ts:256:52)
    at file:///Users/thesayyn/Documents/thesayyn/protoc-gen-ts/tests/conformance/bin/main.ts:30:78

  protobuf_test_messages.proto3.TestAllTypesProto3 1
  Error: Assertion failed
    at Object.jspb.asserts.doAssertFailure (https://cdn.skypack.dev/-/google-protobuf@v3.21.2-YDUqZL2TTSsy2lGtfuND/dist=es2019,mode=imports/optimized/google-protobuf.js:778:11)
    at Object.jspb.asserts.assert (https://cdn.skypack.dev/-/google-protobuf@v3.21.2-YDUqZL2TTSsy2lGtfuND/dist=es2019,mode=imports/optimized/google-protobuf.js:783:23)
    at jspb.BinaryDecoder.advance (https://cdn.skypack.dev/-/google-protobuf@v3.21.2-YDUqZL2TTSsy2lGtfuND/dist=es2019,mode=imports/optimized/google-protobuf.js:4081:18)
    at jspb.BinaryReader.skipDelimitedField (https://cdn.skypack.dev/-/google-protobuf@v3.21.2-YDUqZL2TTSsy2lGtfuND/dist=es2019,mode=imports/optimized/google-protobuf.js:4402:21)
    at jspb.BinaryReader.skipField (https://cdn.skypack.dev/-/google-protobuf@v3.21.2-YDUqZL2TTSsy2lGtfuND/dist=es2019,mode=imports/optimized/google-protobuf.js:4435:14)
    at Function.deserialize (file:///Users/thesayyn/Documents/thesayyn/protoc-gen-ts/target/debug/build/protoc_gen_ts-8cec2bec66276c47/out/test_conformance/test_messages_proto3.ts:958:24)
    at file:///Users/thesayyn/Documents/thesayyn/protoc-gen-ts/tests/conformance/bin/main.ts:23:78

  protobuf_test_messages.proto2.TestAllTypesProto2 1
  Error: Assertion failed
    at Object.jspb.asserts.doAssertFailure (https://cdn.skypack.dev/-/google-protobuf@v3.21.2-YDUqZL2TTSsy2lGtfuND/dist=es2019,mode=imports/optimized/google-protobuf.js:778:11)
    at Object.jspb.asserts.assert (https://cdn.skypack.dev/-/google-protobuf@v3.21.2-YDUqZL2TTSsy2lGtfuND/dist=es2019,mode=imports/optimized/google-protobuf.js:783:23)
    at jspb.BinaryDecoder.advance (https://cdn.skypack.dev/-/google-protobuf@v3.21.2-YDUqZL2TTSsy2lGtfuND/dist=es2019,mode=imports/optimized/google-protobuf.js:4081:18)
    at jspb.BinaryReader.skipDelimitedField (https://cdn.skypack.dev/-/google-protobuf@v3.21.2-YDUqZL2TTSsy2lGtfuND/dist=es2019,mode=imports/optimized/google-protobuf.js:4402:21)
    at jspb.BinaryReader.skipField (https://cdn.skypack.dev/-/google-protobuf@v3.21.2-YDUqZL2TTSsy2lGtfuND/dist=es2019,mode=imports/optimized/google-protobuf.js:4435:14)
    at Function.deserialize (file:///Users/thesayyn/Documents/thesayyn/protoc-gen-ts/target/debug/build/protoc_gen_ts-8cec2bec66276c47/out/test_conformance/test_messages_proto2.ts:865:24)
    at file:///Users/thesayyn/Documents/thesayyn/protoc-gen-ts/tests/conformance/bin/main.ts:30:78

  protobuf_test_messages.proto3.TestAllTypesProto3 1
  Error: Assertion failed
    at Object.jspb.asserts.doAssertFailure (https://cdn.skypack.dev/-/google-protobuf@v3.21.2-YDUqZL2TTSsy2lGtfuND/dist=es2019,mode=imports/optimized/google-protobuf.js:778:11)
    at Object.jspb.asserts.assert (https://cdn.skypack.dev/-/google-protobuf@v3.21.2-YDUqZL2TTSsy2lGtfuND/dist=es2019,mode=imports/optimized/google-protobuf.js:783:23)
    at jspb.BinaryDecoder.readUnsignedVarint32 (https://cdn.skypack.dev/-/google-protobuf@v3.21.2-YDUqZL2TTSsy2lGtfuND/dist=es2019,mode=imports/optimized/google-protobuf.js:4150:18)
    at jspb.BinaryReader.readUint32 (https://cdn.skypack.dev/-/google-protobuf@v3.21.2-YDUqZL2TTSsy2lGtfuND/dist=es2019,mode=imports/optimized/google-protobuf.js:4551:26)
    at Function.deserialize (file:///Users/thesayyn/Documents/thesayyn/protoc-gen-ts/target/debug/build/protoc_gen_ts-8cec2bec66276c47/out/test_conformance/test_messages_proto3.ts:178:50)
    at file:///Users/thesayyn/Documents/thesayyn/protoc-gen-ts/tests/conformance/bin/main.ts:23:78

  protobuf_test_messages.proto2.TestAllTypesProto2 1
  Error: Assertion failed
    at Object.jspb.asserts.doAssertFailure (https://cdn.skypack.dev/-/google-protobuf@v3.21.2-YDUqZL2TTSsy2lGtfuND/dist=es2019,mode=imports/optimized/google-protobuf.js:778:11)
    at Object.jspb.asserts.assert (https://cdn.skypack.dev/-/google-protobuf@v3.21.2-YDUqZL2TTSsy2lGtfuND/dist=es2019,mode=imports/optimized/google-protobuf.js:783:23)
    at jspb.BinaryDecoder.readUnsignedVarint32 (https://cdn.skypack.dev/-/google-protobuf@v3.21.2-YDUqZL2TTSsy2lGtfuND/dist=es2019,mode=imports/optimized/google-protobuf.js:4150:18)
    at jspb.BinaryReader.readUint32 (https://cdn.skypack.dev/-/google-protobuf@v3.21.2-YDUqZL2TTSsy2lGtfuND/dist=es2019,mode=imports/optimized/google-protobuf.js:4551:26)
    at Function.deserialize (file:///Users/thesayyn/Documents/thesayyn/protoc-gen-ts/target/debug/build/protoc_gen_ts-8cec2bec66276c47/out/test_conformance/test_messages_proto2.ts:154:50)
    at file:///Users/thesayyn/Documents/thesayyn/protoc-gen-ts/tests/conformance/bin/main.ts:30:78

  protobuf_test_messages.proto3.TestAllTypesProto3 1
  Error: Assertion failed
    at Object.jspb.asserts.doAssertFailure (https://cdn.skypack.dev/-/google-protobuf@v3.21.2-YDUqZL2TTSsy2lGtfuND/dist=es2019,mode=imports/optimized/google-protobuf.js:778:11)
    at Object.jspb.asserts.assert (https://cdn.skypack.dev/-/google-protobuf@v3.21.2-YDUqZL2TTSsy2lGtfuND/dist=es2019,mode=imports/optimized/google-protobuf.js:783:23)
    at jspb.BinaryDecoder.readUnsignedVarint32 (https://cdn.skypack.dev/-/google-protobuf@v3.21.2-YDUqZL2TTSsy2lGtfuND/dist=es2019,mode=imports/optimized/google-protobuf.js:4150:18)
    at jspb.BinaryReader.readUint32 (https://cdn.skypack.dev/-/google-protobuf@v3.21.2-YDUqZL2TTSsy2lGtfuND/dist=es2019,mode=imports/optimized/google-protobuf.js:4551:26)
    at Function.deserialize (file:///Users/thesayyn/Documents/thesayyn/protoc-gen-ts/target/debug/build/protoc_gen_ts-8cec2bec66276c47/out/test_conformance/test_messages_proto3.ts:250:58)
    at file:///Users/thesayyn/Documents/thesayyn/protoc-gen-ts/tests/conformance/bin/main.ts:23:78

  protobuf_test_messages.proto2.TestAllTypesProto2 1
  Error: Assertion failed
    at Object.jspb.asserts.doAssertFailure (https://cdn.skypack.dev/-/google-protobuf@v3.21.2-YDUqZL2TTSsy2lGtfuND/dist=es2019,mode=imports/optimized/google-protobuf.js:778:11)
    at Object.jspb.asserts.assert (https://cdn.skypack.dev/-/google-protobuf@v3.21.2-YDUqZL2TTSsy2lGtfuND/dist=es2019,mode=imports/optimized/google-protobuf.js:783:23)
    at jspb.BinaryDecoder.readUnsignedVarint32 (https://cdn.skypack.dev/-/google-protobuf@v3.21.2-YDUqZL2TTSsy2lGtfuND/dist=es2019,mode=imports/optimized/google-protobuf.js:4150:18)
    at jspb.BinaryReader.readUint32 (https://cdn.skypack.dev/-/google-protobuf@v3.21.2-YDUqZL2TTSsy2lGtfuND/dist=es2019,mode=imports/optimized/google-protobuf.js:4551:26)
    at Function.deserialize (file:///Users/thesayyn/Documents/thesayyn/protoc-gen-ts/target/debug/build/protoc_gen_ts-8cec2bec66276c47/out/test_conformance/test_messages_proto2.ts:220:53)
    at file:///Users/thesayyn/Documents/thesayyn/protoc-gen-ts/tests/conformance/bin/main.ts:30:78

  protobuf_test_messages.proto3.TestAllTypesProto3 1
  Error: Failure: Decoder hit an error
    at Object.jspb.asserts.fail (https://cdn.skypack.dev/-/google-protobuf@v3.21.2-YDUqZL2TTSsy2lGtfuND/dist=es2019,mode=imports/optimized/google-protobuf.js:801:11)
    at jspb.BinaryReader.nextField (https://cdn.skypack.dev/-/google-protobuf@v3.21.2-YDUqZL2TTSsy2lGtfuND/dist=es2019,mode=imports/optimized/google-protobuf.js:4374:27)
    at Function.deserialize (file:///Users/thesayyn/Documents/thesayyn/protoc-gen-ts/target/debug/build/protoc_gen_ts-8cec2bec66276c47/out/test_conformance/test_messages_proto3.ts:169:18)
    at file:///Users/thesayyn/Documents/thesayyn/protoc-gen-ts/tests/conformance/bin/main.ts:23:78

  protobuf_test_messages.proto2.TestAllTypesProto2 1
  Error: Failure: Decoder hit an error
    at Object.jspb.asserts.fail (https://cdn.skypack.dev/-/google-protobuf@v3.21.2-YDUqZL2TTSsy2lGtfuND/dist=es2019,mode=imports/optimized/google-protobuf.js:801:11)
    at jspb.BinaryReader.nextField (https://cdn.skypack.dev/-/google-protobuf@v3.21.2-YDUqZL2TTSsy2lGtfuND/dist=es2019,mode=imports/optimized/google-protobuf.js:4374:27)
    at Function.deserialize (file:///Users/thesayyn/Documents/thesayyn/protoc-gen-ts/target/debug/build/protoc_gen_ts-8cec2bec66276c47/out/test_conformance/test_messages_proto2.ts:145:18)
    at file:///Users/thesayyn/Documents/thesayyn/protoc-gen-ts/tests/conformance/bin/main.ts:30:78

  protobuf_test_messages.proto3.TestAllTypesProto3 1
  Error: Assertion failed
    at Object.jspb.asserts.doAssertFailure (https://cdn.skypack.dev/-/google-protobuf@v3.21.2-YDUqZL2TTSsy2lGtfuND/dist=es2019,mode=imports/optimized/google-protobuf.js:778:11)
    at Object.jspb.asserts.assert (https://cdn.skypack.dev/-/google-protobuf@v3.21.2-YDUqZL2TTSsy2lGtfuND/dist=es2019,mode=imports/optimized/google-protobuf.js:783:23)
    at jspb.BinaryDecoder.readUnsignedVarint32 (https://cdn.skypack.dev/-/google-protobuf@v3.21.2-YDUqZL2TTSsy2lGtfuND/dist=es2019,mode=imports/optimized/google-protobuf.js:4150:18)
    at jspb.BinaryReader.readUint32 (https://cdn.skypack.dev/-/google-protobuf@v3.21.2-YDUqZL2TTSsy2lGtfuND/dist=es2019,mode=imports/optimized/google-protobuf.js:4551:26)
    at Function.deserialize (file:///Users/thesayyn/Documents/thesayyn/protoc-gen-ts/target/debug/build/protoc_gen_ts-8cec2bec66276c47/out/test_conformance/test_messages_proto3.ts:178:50)
    at file:///Users/thesayyn/Documents/thesayyn/protoc-gen-ts/tests/conformance/bin/main.ts:23:78

  protobuf_test_messages.proto2.TestAllTypesProto2 1
  Error: Assertion failed
    at Object.jspb.asserts.doAssertFailure (https://cdn.skypack.dev/-/google-protobuf@v3.21.2-YDUqZL2TTSsy2lGtfuND/dist=es2019,mode=imports/optimized/google-protobuf.js:778:11)
    at Object.jspb.asserts.assert (https://cdn.skypack.dev/-/google-protobuf@v3.21.2-YDUqZL2TTSsy2lGtfuND/dist=es2019,mode=imports/optimized/google-protobuf.js:783:23)
    at jspb.BinaryDecoder.readUnsignedVarint32 (https://cdn.skypack.dev/-/google-protobuf@v3.21.2-YDUqZL2TTSsy2lGtfuND/dist=es2019,mode=imports/optimized/google-protobuf.js:4150:18)
    at jspb.BinaryReader.readUint32 (https://cdn.skypack.dev/-/google-protobuf@v3.21.2-YDUqZL2TTSsy2lGtfuND/dist=es2019,mode=imports/optimized/google-protobuf.js:4551:26)
    at Function.deserialize (file:///Users/thesayyn/Documents/thesayyn/protoc-gen-ts/target/debug/build/protoc_gen_ts-8cec2bec66276c47/out/test_conformance/test_messages_proto2.ts:154:50)
    at file:///Users/thesayyn/Documents/thesayyn/protoc-gen-ts/tests/conformance/bin/main.ts:30:78

  protobuf_test_messages.proto3.TestAllTypesProto3 1
  Error: Assertion failed
    at Object.jspb.asserts.doAssertFailure (https://cdn.skypack.dev/-/google-protobuf@v3.21.2-YDUqZL2TTSsy2lGtfuND/dist=es2019,mode=imports/optimized/google-protobuf.js:778:11)
    at Object.jspb.asserts.assert (https://cdn.skypack.dev/-/google-protobuf@v3.21.2-YDUqZL2TTSsy2lGtfuND/dist=es2019,mode=imports/optimized/google-protobuf.js:783:23)
    at jspb.BinaryDecoder.readUnsignedVarint32 (https://cdn.skypack.dev/-/google-protobuf@v3.21.2-YDUqZL2TTSsy2lGtfuND/dist=es2019,mode=imports/optimized/google-protobuf.js:4150:18)
    at jspb.BinaryReader.readUint32 (https://cdn.skypack.dev/-/google-protobuf@v3.21.2-YDUqZL2TTSsy2lGtfuND/dist=es2019,mode=imports/optimized/google-protobuf.js:4551:26)
    at Function.deserialize (file:///Users/thesayyn/Documents/thesayyn/protoc-gen-ts/target/debug/build/protoc_gen_ts-8cec2bec66276c47/out/test_conformance/test_messages_proto3.ts:250:58)
    at file:///Users/thesayyn/Documents/thesayyn/protoc-gen-ts/tests/conformance/bin/main.ts:23:78

  protobuf_test_messages.proto2.TestAllTypesProto2 1
  Error: Assertion failed
    at Object.jspb.asserts.doAssertFailure (https://cdn.skypack.dev/-/google-protobuf@v3.21.2-YDUqZL2TTSsy2lGtfuND/dist=es2019,mode=imports/optimized/google-protobuf.js:778:11)
    at Object.jspb.asserts.assert (https://cdn.skypack.dev/-/google-protobuf@v3.21.2-YDUqZL2TTSsy2lGtfuND/dist=es2019,mode=imports/optimized/google-protobuf.js:783:23)
    at jspb.BinaryDecoder.readUnsignedVarint32 (https://cdn.skypack.dev/-/google-protobuf@v3.21.2-YDUqZL2TTSsy2lGtfuND/dist=es2019,mode=imports/optimized/google-protobuf.js:4150:18)
    at jspb.BinaryReader.readUint32 (https://cdn.skypack.dev/-/google-protobuf@v3.21.2-YDUqZL2TTSsy2lGtfuND/dist=es2019,mode=imports/optimized/google-protobuf.js:4551:26)
    at Function.deserialize (file:///Users/thesayyn/Documents/thesayyn/protoc-gen-ts/target/debug/build/protoc_gen_ts-8cec2bec66276c47/out/test_conformance/test_messages_proto2.ts:220:53)
    at file:///Users/thesayyn/Documents/thesayyn/protoc-gen-ts/tests/conformance/bin/main.ts:30:78

  protobuf_test_messages.proto3.TestAllTypesProto3 1
  Error: Failure: Decoder hit an error
    at Object.jspb.asserts.fail (https://cdn.skypack.dev/-/google-protobuf@v3.21.2-YDUqZL2TTSsy2lGtfuND/dist=es2019,mode=imports/optimized/google-protobuf.js:801:11)
    at jspb.BinaryReader.nextField (https://cdn.skypack.dev/-/google-protobuf@v3.21.2-YDUqZL2TTSsy2lGtfuND/dist=es2019,mode=imports/optimized/google-protobuf.js:4374:27)
    at Function.deserialize (file:///Users/thesayyn/Documents/thesayyn/protoc-gen-ts/target/debug/build/protoc_gen_ts-8cec2bec66276c47/out/test_conformance/test_messages_proto3.ts:169:18)
    at file:///Users/thesayyn/Documents/thesayyn/protoc-gen-ts/tests/conformance/bin/main.ts:23:78

  protobuf_test_messages.proto2.TestAllTypesProto2 1
  Error: Failure: Decoder hit an error
    at Object.jspb.asserts.fail (https://cdn.skypack.dev/-/google-protobuf@v3.21.2-YDUqZL2TTSsy2lGtfuND/dist=es2019,mode=imports/optimized/google-protobuf.js:801:11)
    at jspb.BinaryReader.nextField (https://cdn.skypack.dev/-/google-protobuf@v3.21.2-YDUqZL2TTSsy2lGtfuND/dist=es2019,mode=imports/optimized/google-protobuf.js:4374:27)
    at Function.deserialize (file:///Users/thesayyn/Documents/thesayyn/protoc-gen-ts/target/debug/build/protoc_gen_ts-8cec2bec66276c47/out/test_conformance/test_messages_proto2.ts:145:18)
    at file:///Users/thesayyn/Documents/thesayyn/protoc-gen-ts/tests/conformance/bin/main.ts:30:78

  protobuf_test_messages.proto3.TestAllTypesProto3 1
  Error: Assertion failed
    at Object.jspb.asserts.doAssertFailure (https://cdn.skypack.dev/-/google-protobuf@v3.21.2-YDUqZL2TTSsy2lGtfuND/dist=es2019,mode=imports/optimized/google-protobuf.js:778:11)
    at Object.jspb.asserts.assert (https://cdn.skypack.dev/-/google-protobuf@v3.21.2-YDUqZL2TTSsy2lGtfuND/dist=es2019,mode=imports/optimized/google-protobuf.js:783:23)
    at jspb.BinaryDecoder.readUnsignedVarint32 (https://cdn.skypack.dev/-/google-protobuf@v3.21.2-YDUqZL2TTSsy2lGtfuND/dist=es2019,mode=imports/optimized/google-protobuf.js:4150:18)
    at jspb.BinaryReader.readPackedField_ (https://cdn.skypack.dev/-/google-protobuf@v3.21.2-YDUqZL2TTSsy2lGtfuND/dist=es2019,mode=imports/optimized/google-protobuf.js:4676:16)
    at jspb.BinaryReader.readPackedUint32 (https://cdn.skypack.dev/-/google-protobuf@v3.21.2-YDUqZL2TTSsy2lGtfuND/dist=es2019,mode=imports/optimized/google-protobuf.js:4694:17)
    at Function.deserialize (file:///Users/thesayyn/Documents/thesayyn/protoc-gen-ts/target/debug/build/protoc_gen_ts-8cec2bec66276c47/out/test_conformance/test_messages_proto3.ts:249:78)
    at file:///Users/thesayyn/Documents/thesayyn/protoc-gen-ts/tests/conformance/bin/main.ts:23:78

  protobuf_test_messages.proto2.TestAllTypesProto2 1
  Error: Assertion failed
    at Object.jspb.asserts.doAssertFailure (https://cdn.skypack.dev/-/google-protobuf@v3.21.2-YDUqZL2TTSsy2lGtfuND/dist=es2019,mode=imports/optimized/google-protobuf.js:778:11)
    at Object.jspb.asserts.assert (https://cdn.skypack.dev/-/google-protobuf@v3.21.2-YDUqZL2TTSsy2lGtfuND/dist=es2019,mode=imports/optimized/google-protobuf.js:783:23)
    at jspb.BinaryReader.readUint32 (https://cdn.skypack.dev/-/google-protobuf@v3.21.2-YDUqZL2TTSsy2lGtfuND/dist=es2019,mode=imports/optimized/google-protobuf.js:4550:18)
    at Function.deserialize (file:///Users/thesayyn/Documents/thesayyn/protoc-gen-ts/target/debug/build/protoc_gen_ts-8cec2bec66276c47/out/test_conformance/test_messages_proto2.ts:220:53)
    at file:///Users/thesayyn/Documents/thesayyn/protoc-gen-ts/tests/conformance/bin/main.ts:30:78

  protobuf_test_messages.proto3.TestAllTypesProto3 1
  Error: Assertion failed
    at Object.jspb.asserts.doAssertFailure (https://cdn.skypack.dev/-/google-protobuf@v3.21.2-YDUqZL2TTSsy2lGtfuND/dist=es2019,mode=imports/optimized/google-protobuf.js:778:11)
    at Object.jspb.asserts.assert (https://cdn.skypack.dev/-/google-protobuf@v3.21.2-YDUqZL2TTSsy2lGtfuND/dist=es2019,mode=imports/optimized/google-protobuf.js:783:23)
    at jspb.BinaryDecoder.readUnsignedVarint32 (https://cdn.skypack.dev/-/google-protobuf@v3.21.2-YDUqZL2TTSsy2lGtfuND/dist=es2019,mode=imports/optimized/google-protobuf.js:4150:18)
    at jspb.BinaryReader.readPackedField_ (https://cdn.skypack.dev/-/google-protobuf@v3.21.2-YDUqZL2TTSsy2lGtfuND/dist=es2019,mode=imports/optimized/google-protobuf.js:4676:16)
    at jspb.BinaryReader.readPackedUint32 (https://cdn.skypack.dev/-/google-protobuf@v3.21.2-YDUqZL2TTSsy2lGtfuND/dist=es2019,mode=imports/optimized/google-protobuf.js:4694:17)
    at Function.deserialize (file:///Users/thesayyn/Documents/thesayyn/protoc-gen-ts/target/debug/build/protoc_gen_ts-8cec2bec66276c47/out/test_conformance/test_messages_proto3.ts:249:78)
    at file:///Users/thesayyn/Documents/thesayyn/protoc-gen-ts/tests/conformance/bin/main.ts:23:78

  protobuf_test_messages.proto2.TestAllTypesProto2 1
  Error: Assertion failed
    at Object.jspb.asserts.doAssertFailure (https://cdn.skypack.dev/-/google-protobuf@v3.21.2-YDUqZL2TTSsy2lGtfuND/dist=es2019,mode=imports/optimized/google-protobuf.js:778:11)
    at Object.jspb.asserts.assert (https://cdn.skypack.dev/-/google-protobuf@v3.21.2-YDUqZL2TTSsy2lGtfuND/dist=es2019,mode=imports/optimized/google-protobuf.js:783:23)
    at jspb.BinaryReader.readUint32 (https://cdn.skypack.dev/-/google-protobuf@v3.21.2-YDUqZL2TTSsy2lGtfuND/dist=es2019,mode=imports/optimized/google-protobuf.js:4550:18)
    at Function.deserialize (file:///Users/thesayyn/Documents/thesayyn/protoc-gen-ts/target/debug/build/protoc_gen_ts-8cec2bec66276c47/out/test_conformance/test_messages_proto2.ts:220:53)
    at file:///Users/thesayyn/Documents/thesayyn/protoc-gen-ts/tests/conformance/bin/main.ts:30:78

  protobuf_test_messages.proto3.TestAllTypesProto3 1
  Error: Failure: Failed to read varint, encoding is invalid.
    at Object.jspb.asserts.fail (https://cdn.skypack.dev/-/google-protobuf@v3.21.2-YDUqZL2TTSsy2lGtfuND/dist=es2019,mode=imports/optimized/google-protobuf.js:801:11)
    at jspb.BinaryDecoder.readSplitVarint64 (https://cdn.skypack.dev/-/google-protobuf@v3.21.2-YDUqZL2TTSsy2lGtfuND/dist=es2019,mode=imports/optimized/google-protobuf.js:4101:18)
    at jspb.BinaryDecoder.readSignedVarint64 (https://cdn.skypack.dev/-/google-protobuf@v3.21.2-YDUqZL2TTSsy2lGtfuND/dist=es2019,mode=imports/optimized/google-protobuf.js:4173:17)
    at jspb.BinaryReader.readEnum (https://cdn.skypack.dev/-/google-protobuf@v3.21.2-YDUqZL2TTSsy2lGtfuND/dist=es2019,mode=imports/optimized/google-protobuf.js:4630:26)
    at Function.deserialize (file:///Users/thesayyn/Documents/thesayyn/protoc-gen-ts/target/debug/build/protoc_gen_ts-8cec2bec66276c47/out/test_conformance/test_messages_proto3.ts:223:55)
    at file:///Users/thesayyn/Documents/thesayyn/protoc-gen-ts/tests/conformance/bin/main.ts:23:78

  protobuf_test_messages.proto2.TestAllTypesProto2 1
  Error: Failure: Failed to read varint, encoding is invalid.
    at Object.jspb.asserts.fail (https://cdn.skypack.dev/-/google-protobuf@v3.21.2-YDUqZL2TTSsy2lGtfuND/dist=es2019,mode=imports/optimized/google-protobuf.js:801:11)
    at jspb.BinaryDecoder.readSplitVarint64 (https://cdn.skypack.dev/-/google-protobuf@v3.21.2-YDUqZL2TTSsy2lGtfuND/dist=es2019,mode=imports/optimized/google-protobuf.js:4101:18)
    at jspb.BinaryDecoder.readSignedVarint64 (https://cdn.skypack.dev/-/google-protobuf@v3.21.2-YDUqZL2TTSsy2lGtfuND/dist=es2019,mode=imports/optimized/google-protobuf.js:4173:17)
    at jspb.BinaryReader.readEnum (https://cdn.skypack.dev/-/google-protobuf@v3.21.2-YDUqZL2TTSsy2lGtfuND/dist=es2019,mode=imports/optimized/google-protobuf.js:4630:26)
    at Function.deserialize (file:///Users/thesayyn/Documents/thesayyn/protoc-gen-ts/target/debug/build/protoc_gen_ts-8cec2bec66276c47/out/test_conformance/test_messages_proto2.ts:199:55)
    at file:///Users/thesayyn/Documents/thesayyn/protoc-gen-ts/tests/conformance/bin/main.ts:30:78

  protobuf_test_messages.proto3.TestAllTypesProto3 1
  Error: Failure: Failed to read varint, encoding is invalid.
    at Object.jspb.asserts.fail (https://cdn.skypack.dev/-/google-protobuf@v3.21.2-YDUqZL2TTSsy2lGtfuND/dist=es2019,mode=imports/optimized/google-protobuf.js:801:11)
    at jspb.BinaryDecoder.readSplitVarint64 (https://cdn.skypack.dev/-/google-protobuf@v3.21.2-YDUqZL2TTSsy2lGtfuND/dist=es2019,mode=imports/optimized/google-protobuf.js:4101:18)
    at jspb.BinaryDecoder.readSignedVarint64 (https://cdn.skypack.dev/-/google-protobuf@v3.21.2-YDUqZL2TTSsy2lGtfuND/dist=es2019,mode=imports/optimized/google-protobuf.js:4173:17)
    at jspb.BinaryReader.readEnum (https://cdn.skypack.dev/-/google-protobuf@v3.21.2-YDUqZL2TTSsy2lGtfuND/dist=es2019,mode=imports/optimized/google-protobuf.js:4630:26)
    at Function.deserialize (file:///Users/thesayyn/Documents/thesayyn/protoc-gen-ts/target/debug/build/protoc_gen_ts-8cec2bec66276c47/out/test_conformance/test_messages_proto3.ts:306:63)
    at file:///Users/thesayyn/Documents/thesayyn/protoc-gen-ts/tests/conformance/bin/main.ts:23:78

  protobuf_test_messages.proto2.TestAllTypesProto2 1
  Error: Failure: Failed to read varint, encoding is invalid.
    at Object.jspb.asserts.fail (https://cdn.skypack.dev/-/google-protobuf@v3.21.2-YDUqZL2TTSsy2lGtfuND/dist=es2019,mode=imports/optimized/google-protobuf.js:801:11)
    at jspb.BinaryDecoder.readSplitVarint64 (https://cdn.skypack.dev/-/google-protobuf@v3.21.2-YDUqZL2TTSsy2lGtfuND/dist=es2019,mode=imports/optimized/google-protobuf.js:4101:18)
    at jspb.BinaryDecoder.readSignedVarint64 (https://cdn.skypack.dev/-/google-protobuf@v3.21.2-YDUqZL2TTSsy2lGtfuND/dist=es2019,mode=imports/optimized/google-protobuf.js:4173:17)
    at jspb.BinaryReader.readEnum (https://cdn.skypack.dev/-/google-protobuf@v3.21.2-YDUqZL2TTSsy2lGtfuND/dist=es2019,mode=imports/optimized/google-protobuf.js:4630:26)
    at Function.deserialize (file:///Users/thesayyn/Documents/thesayyn/protoc-gen-ts/target/debug/build/protoc_gen_ts-8cec2bec66276c47/out/test_conformance/test_messages_proto2.ts:265:58)
    at file:///Users/thesayyn/Documents/thesayyn/protoc-gen-ts/tests/conformance/bin/main.ts:30:78

  protobuf_test_messages.proto3.TestAllTypesProto3 1
  Error: Failure: Decoder hit an error
    at Object.jspb.asserts.fail (https://cdn.skypack.dev/-/google-protobuf@v3.21.2-YDUqZL2TTSsy2lGtfuND/dist=es2019,mode=imports/optimized/google-protobuf.js:801:11)
    at jspb.BinaryReader.nextField (https://cdn.skypack.dev/-/google-protobuf@v3.21.2-YDUqZL2TTSsy2lGtfuND/dist=es2019,mode=imports/optimized/google-protobuf.js:4374:27)
    at Function.deserialize (file:///Users/thesayyn/Documents/thesayyn/protoc-gen-ts/target/debug/build/protoc_gen_ts-8cec2bec66276c47/out/test_conformance/test_messages_proto3.ts:169:18)
    at file:///Users/thesayyn/Documents/thesayyn/protoc-gen-ts/tests/conformance/bin/main.ts:23:78

  protobuf_test_messages.proto2.TestAllTypesProto2 1
  Error: Failure: Decoder hit an error
    at Object.jspb.asserts.fail (https://cdn.skypack.dev/-/google-protobuf@v3.21.2-YDUqZL2TTSsy2lGtfuND/dist=es2019,mode=imports/optimized/google-protobuf.js:801:11)
    at jspb.BinaryReader.nextField (https://cdn.skypack.dev/-/google-protobuf@v3.21.2-YDUqZL2TTSsy2lGtfuND/dist=es2019,mode=imports/optimized/google-protobuf.js:4374:27)
    at Function.deserialize (file:///Users/thesayyn/Documents/thesayyn/protoc-gen-ts/target/debug/build/protoc_gen_ts-8cec2bec66276c47/out/test_conformance/test_messages_proto2.ts:145:18)
    at file:///Users/thesayyn/Documents/thesayyn/protoc-gen-ts/tests/conformance/bin/main.ts:30:78

  protobuf_test_messages.proto3.TestAllTypesProto3 1
  Error: Failure: Failed to read varint, encoding is invalid.
    at Object.jspb.asserts.fail (https://cdn.skypack.dev/-/google-protobuf@v3.21.2-YDUqZL2TTSsy2lGtfuND/dist=es2019,mode=imports/optimized/google-protobuf.js:801:11)
    at jspb.BinaryDecoder.readSplitVarint64 (https://cdn.skypack.dev/-/google-protobuf@v3.21.2-YDUqZL2TTSsy2lGtfuND/dist=es2019,mode=imports/optimized/google-protobuf.js:4101:18)
    at jspb.BinaryDecoder.readSignedVarint64 (https://cdn.skypack.dev/-/google-protobuf@v3.21.2-YDUqZL2TTSsy2lGtfuND/dist=es2019,mode=imports/optimized/google-protobuf.js:4173:17)
    at jspb.BinaryReader.readEnum (https://cdn.skypack.dev/-/google-protobuf@v3.21.2-YDUqZL2TTSsy2lGtfuND/dist=es2019,mode=imports/optimized/google-protobuf.js:4630:26)
    at Function.deserialize (file:///Users/thesayyn/Documents/thesayyn/protoc-gen-ts/target/debug/build/protoc_gen_ts-8cec2bec66276c47/out/test_conformance/test_messages_proto3.ts:223:55)
    at file:///Users/thesayyn/Documents/thesayyn/protoc-gen-ts/tests/conformance/bin/main.ts:23:78

  protobuf_test_messages.proto2.TestAllTypesProto2 1
  Error: Failure: Failed to read varint, encoding is invalid.
    at Object.jspb.asserts.fail (https://cdn.skypack.dev/-/google-protobuf@v3.21.2-YDUqZL2TTSsy2lGtfuND/dist=es2019,mode=imports/optimized/google-protobuf.js:801:11)
    at jspb.BinaryDecoder.readSplitVarint64 (https://cdn.skypack.dev/-/google-protobuf@v3.21.2-YDUqZL2TTSsy2lGtfuND/dist=es2019,mode=imports/optimized/google-protobuf.js:4101:18)
    at jspb.BinaryDecoder.readSignedVarint64 (https://cdn.skypack.dev/-/google-protobuf@v3.21.2-YDUqZL2TTSsy2lGtfuND/dist=es2019,mode=imports/optimized/google-protobuf.js:4173:17)
    at jspb.BinaryReader.readEnum (https://cdn.skypack.dev/-/google-protobuf@v3.21.2-YDUqZL2TTSsy2lGtfuND/dist=es2019,mode=imports/optimized/google-protobuf.js:4630:26)
    at Function.deserialize (file:///Users/thesayyn/Documents/thesayyn/protoc-gen-ts/target/debug/build/protoc_gen_ts-8cec2bec66276c47/out/test_conformance/test_messages_proto2.ts:199:55)
    at file:///Users/thesayyn/Documents/thesayyn/protoc-gen-ts/tests/conformance/bin/main.ts:30:78

  protobuf_test_messages.proto3.TestAllTypesProto3 1
  Error: Failure: Failed to read varint, encoding is invalid.
    at Object.jspb.asserts.fail (https://cdn.skypack.dev/-/google-protobuf@v3.21.2-YDUqZL2TTSsy2lGtfuND/dist=es2019,mode=imports/optimized/google-protobuf.js:801:11)
    at jspb.BinaryDecoder.readSplitVarint64 (https://cdn.skypack.dev/-/google-protobuf@v3.21.2-YDUqZL2TTSsy2lGtfuND/dist=es2019,mode=imports/optimized/google-protobuf.js:4101:18)
    at jspb.BinaryDecoder.readSignedVarint64 (https://cdn.skypack.dev/-/google-protobuf@v3.21.2-YDUqZL2TTSsy2lGtfuND/dist=es2019,mode=imports/optimized/google-protobuf.js:4173:17)
    at jspb.BinaryReader.readEnum (https://cdn.skypack.dev/-/google-protobuf@v3.21.2-YDUqZL2TTSsy2lGtfuND/dist=es2019,mode=imports/optimized/google-protobuf.js:4630:26)
    at Function.deserialize (file:///Users/thesayyn/Documents/thesayyn/protoc-gen-ts/target/debug/build/protoc_gen_ts-8cec2bec66276c47/out/test_conformance/test_messages_proto3.ts:306:63)
    at file:///Users/thesayyn/Documents/thesayyn/protoc-gen-ts/tests/conformance/bin/main.ts:23:78

  protobuf_test_messages.proto2.TestAllTypesProto2 1
  Error: Failure: Failed to read varint, encoding is invalid.
    at Object.jspb.asserts.fail (https://cdn.skypack.dev/-/google-protobuf@v3.21.2-YDUqZL2TTSsy2lGtfuND/dist=es2019,mode=imports/optimized/google-protobuf.js:801:11)
    at jspb.BinaryDecoder.readSplitVarint64 (https://cdn.skypack.dev/-/google-protobuf@v3.21.2-YDUqZL2TTSsy2lGtfuND/dist=es2019,mode=imports/optimized/google-protobuf.js:4101:18)
    at jspb.BinaryDecoder.readSignedVarint64 (https://cdn.skypack.dev/-/google-protobuf@v3.21.2-YDUqZL2TTSsy2lGtfuND/dist=es2019,mode=imports/optimized/google-protobuf.js:4173:17)
    at jspb.BinaryReader.readEnum (https://cdn.skypack.dev/-/google-protobuf@v3.21.2-YDUqZL2TTSsy2lGtfuND/dist=es2019,mode=imports/optimized/google-protobuf.js:4630:26)
    at Function.deserialize (file:///Users/thesayyn/Documents/thesayyn/protoc-gen-ts/target/debug/build/protoc_gen_ts-8cec2bec66276c47/out/test_conformance/test_messages_proto2.ts:265:58)
    at file:///Users/thesayyn/Documents/thesayyn/protoc-gen-ts/tests/conformance/bin/main.ts:30:78

  protobuf_test_messages.proto3.TestAllTypesProto3 1
  Error: Failure: Decoder hit an error
    at Object.jspb.asserts.fail (https://cdn.skypack.dev/-/google-protobuf@v3.21.2-YDUqZL2TTSsy2lGtfuND/dist=es2019,mode=imports/optimized/google-protobuf.js:801:11)
    at jspb.BinaryReader.nextField (https://cdn.skypack.dev/-/google-protobuf@v3.21.2-YDUqZL2TTSsy2lGtfuND/dist=es2019,mode=imports/optimized/google-protobuf.js:4374:27)
    at Function.deserialize (file:///Users/thesayyn/Documents/thesayyn/protoc-gen-ts/target/debug/build/protoc_gen_ts-8cec2bec66276c47/out/test_conformance/test_messages_proto3.ts:169:18)
    at file:///Users/thesayyn/Documents/thesayyn/protoc-gen-ts/tests/conformance/bin/main.ts:23:78

  protobuf_test_messages.proto2.TestAllTypesProto2 1
  Error: Failure: Decoder hit an error
    at Object.jspb.asserts.fail (https://cdn.skypack.dev/-/google-protobuf@v3.21.2-YDUqZL2TTSsy2lGtfuND/dist=es2019,mode=imports/optimized/google-protobuf.js:801:11)
    at jspb.BinaryReader.nextField (https://cdn.skypack.dev/-/google-protobuf@v3.21.2-YDUqZL2TTSsy2lGtfuND/dist=es2019,mode=imports/optimized/google-protobuf.js:4374:27)
    at Function.deserialize (file:///Users/thesayyn/Documents/thesayyn/protoc-gen-ts/target/debug/build/protoc_gen_ts-8cec2bec66276c47/out/test_conformance/test_messages_proto2.ts:145:18)
    at file:///Users/thesayyn/Documents/thesayyn/protoc-gen-ts/tests/conformance/bin/main.ts:30:78

  protobuf_test_messages.proto3.TestAllTypesProto3 1
  Error: Assertion failed
    at Object.jspb.asserts.doAssertFailure (https://cdn.skypack.dev/-/google-protobuf@v3.21.2-YDUqZL2TTSsy2lGtfuND/dist=es2019,mode=imports/optimized/google-protobuf.js:778:11)
    at Object.jspb.asserts.assert (https://cdn.skypack.dev/-/google-protobuf@v3.21.2-YDUqZL2TTSsy2lGtfuND/dist=es2019,mode=imports/optimized/google-protobuf.js:783:23)
    at jspb.BinaryDecoder.readUnsignedVarint32 (https://cdn.skypack.dev/-/google-protobuf@v3.21.2-YDUqZL2TTSsy2lGtfuND/dist=es2019,mode=imports/optimized/google-protobuf.js:4150:18)
    at jspb.BinaryDecoder.readSignedVarint32 (https://cdn.skypack.dev/-/google-protobuf@v3.21.2-YDUqZL2TTSsy2lGtfuND/dist=es2019,mode=imports/optimized/google-protobuf.js:4154:19)
    at jspb.BinaryDecoder.readEnum (https://cdn.skypack.dev/-/google-protobuf@v3.21.2-YDUqZL2TTSsy2lGtfuND/dist=es2019,mode=imports/optimized/google-protobuf.js:4251:17)
    at jspb.BinaryReader.readPackedField_ (https://cdn.skypack.dev/-/google-protobuf@v3.21.2-YDUqZL2TTSsy2lGtfuND/dist=es2019,mode=imports/optimized/google-protobuf.js:4676:16)
    at jspb.BinaryReader.readPackedEnum (https://cdn.skypack.dev/-/google-protobuf@v3.21.2-YDUqZL2TTSsy2lGtfuND/dist=es2019,mode=imports/optimized/google-protobuf.js:4753:17)
    at Function.deserialize (file:///Users/thesayyn/Documents/thesayyn/protoc-gen-ts/target/debug/build/protoc_gen_ts-8cec2bec66276c47/out/test_conformance/test_messages_proto3.ts:305:83)
    at file:///Users/thesayyn/Documents/thesayyn/protoc-gen-ts/tests/conformance/bin/main.ts:23:78

  protobuf_test_messages.proto2.TestAllTypesProto2 1
  Error: Assertion failed
    at Object.jspb.asserts.doAssertFailure (https://cdn.skypack.dev/-/google-protobuf@v3.21.2-YDUqZL2TTSsy2lGtfuND/dist=es2019,mode=imports/optimized/google-protobuf.js:778:11)
    at Object.jspb.asserts.assert (https://cdn.skypack.dev/-/google-protobuf@v3.21.2-YDUqZL2TTSsy2lGtfuND/dist=es2019,mode=imports/optimized/google-protobuf.js:783:23)
    at jspb.BinaryReader.readEnum (https://cdn.skypack.dev/-/google-protobuf@v3.21.2-YDUqZL2TTSsy2lGtfuND/dist=es2019,mode=imports/optimized/google-protobuf.js:4629:18)
    at Function.deserialize (file:///Users/thesayyn/Documents/thesayyn/protoc-gen-ts/target/debug/build/protoc_gen_ts-8cec2bec66276c47/out/test_conformance/test_messages_proto2.ts:265:58)
    at file:///Users/thesayyn/Documents/thesayyn/protoc-gen-ts/tests/conformance/bin/main.ts:30:78

  protobuf_test_messages.proto3.TestAllTypesProto3 1
  Error: Assertion failed
    at Object.jspb.asserts.doAssertFailure (https://cdn.skypack.dev/-/google-protobuf@v3.21.2-YDUqZL2TTSsy2lGtfuND/dist=es2019,mode=imports/optimized/google-protobuf.js:778:11)
    at Object.jspb.asserts.assert (https://cdn.skypack.dev/-/google-protobuf@v3.21.2-YDUqZL2TTSsy2lGtfuND/dist=es2019,mode=imports/optimized/google-protobuf.js:783:23)
    at jspb.BinaryDecoder.readUnsignedVarint32 (https://cdn.skypack.dev/-/google-protobuf@v3.21.2-YDUqZL2TTSsy2lGtfuND/dist=es2019,mode=imports/optimized/google-protobuf.js:4150:18)
    at jspb.BinaryDecoder.readSignedVarint32 (https://cdn.skypack.dev/-/google-protobuf@v3.21.2-YDUqZL2TTSsy2lGtfuND/dist=es2019,mode=imports/optimized/google-protobuf.js:4154:19)
    at jspb.BinaryDecoder.readEnum (https://cdn.skypack.dev/-/google-protobuf@v3.21.2-YDUqZL2TTSsy2lGtfuND/dist=es2019,mode=imports/optimized/google-protobuf.js:4251:17)
    at jspb.BinaryReader.readPackedField_ (https://cdn.skypack.dev/-/google-protobuf@v3.21.2-YDUqZL2TTSsy2lGtfuND/dist=es2019,mode=imports/optimized/google-protobuf.js:4676:16)
    at jspb.BinaryReader.readPackedEnum (https://cdn.skypack.dev/-/google-protobuf@v3.21.2-YDUqZL2TTSsy2lGtfuND/dist=es2019,mode=imports/optimized/google-protobuf.js:4753:17)
    at Function.deserialize (file:///Users/thesayyn/Documents/thesayyn/protoc-gen-ts/target/debug/build/protoc_gen_ts-8cec2bec66276c47/out/test_conformance/test_messages_proto3.ts:305:83)
    at file:///Users/thesayyn/Documents/thesayyn/protoc-gen-ts/tests/conformance/bin/main.ts:23:78

  protobuf_test_messages.proto2.TestAllTypesProto2 1
  Error: Assertion failed
    at Object.jspb.asserts.doAssertFailure (https://cdn.skypack.dev/-/google-protobuf@v3.21.2-YDUqZL2TTSsy2lGtfuND/dist=es2019,mode=imports/optimized/google-protobuf.js:778:11)
    at Object.jspb.asserts.assert (https://cdn.skypack.dev/-/google-protobuf@v3.21.2-YDUqZL2TTSsy2lGtfuND/dist=es2019,mode=imports/optimized/google-protobuf.js:783:23)
    at jspb.BinaryReader.readEnum (https://cdn.skypack.dev/-/google-protobuf@v3.21.2-YDUqZL2TTSsy2lGtfuND/dist=es2019,mode=imports/optimized/google-protobuf.js:4629:18)
    at Function.deserialize (file:///Users/thesayyn/Documents/thesayyn/protoc-gen-ts/target/debug/build/protoc_gen_ts-8cec2bec66276c47/out/test_conformance/test_messages_proto2.ts:265:58)
    at file:///Users/thesayyn/Documents/thesayyn/protoc-gen-ts/tests/conformance/bin/main.ts:30:78

  protobuf_test_messages.proto3.TestAllTypesProto3 1
  Error: Assertion failed
    at Object.jspb.asserts.doAssertFailure (https://cdn.skypack.dev/-/google-protobuf@v3.21.2-YDUqZL2TTSsy2lGtfuND/dist=es2019,mode=imports/optimized/google-protobuf.js:778:11)
    at Object.jspb.asserts.assert (https://cdn.skypack.dev/-/google-protobuf@v3.21.2-YDUqZL2TTSsy2lGtfuND/dist=es2019,mode=imports/optimized/google-protobuf.js:783:23)
    at jspb.BinaryDecoder.readInt32 (https://cdn.skypack.dev/-/google-protobuf@v3.21.2-YDUqZL2TTSsy2lGtfuND/dist=es2019,mode=imports/optimized/google-protobuf.js:4228:18)
    at jspb.BinaryReader.readSfixed32 (https://cdn.skypack.dev/-/google-protobuf@v3.21.2-YDUqZL2TTSsy2lGtfuND/dist=es2019,mode=imports/optimized/google-protobuf.js:4597:26)
    at Function.deserialize (file:///Users/thesayyn/Documents/thesayyn/protoc-gen-ts/target/debug/build/protoc_gen_ts-8cec2bec66276c47/out/test_conformance/test_messages_proto3.ts:196:52)
    at file:///Users/thesayyn/Documents/thesayyn/protoc-gen-ts/tests/conformance/bin/main.ts:23:78

  protobuf_test_messages.proto2.TestAllTypesProto2 1
  Error: Assertion failed
    at Object.jspb.asserts.doAssertFailure (https://cdn.skypack.dev/-/google-protobuf@v3.21.2-YDUqZL2TTSsy2lGtfuND/dist=es2019,mode=imports/optimized/google-protobuf.js:778:11)
    at Object.jspb.asserts.assert (https://cdn.skypack.dev/-/google-protobuf@v3.21.2-YDUqZL2TTSsy2lGtfuND/dist=es2019,mode=imports/optimized/google-protobuf.js:783:23)
    at jspb.BinaryDecoder.readInt32 (https://cdn.skypack.dev/-/google-protobuf@v3.21.2-YDUqZL2TTSsy2lGtfuND/dist=es2019,mode=imports/optimized/google-protobuf.js:4228:18)
    at jspb.BinaryReader.readSfixed32 (https://cdn.skypack.dev/-/google-protobuf@v3.21.2-YDUqZL2TTSsy2lGtfuND/dist=es2019,mode=imports/optimized/google-protobuf.js:4597:26)
    at Function.deserialize (file:///Users/thesayyn/Documents/thesayyn/protoc-gen-ts/target/debug/build/protoc_gen_ts-8cec2bec66276c47/out/test_conformance/test_messages_proto2.ts:172:52)
    at file:///Users/thesayyn/Documents/thesayyn/protoc-gen-ts/tests/conformance/bin/main.ts:30:78

  protobuf_test_messages.proto3.TestAllTypesProto3 1
  Error: Assertion failed
    at Object.jspb.asserts.doAssertFailure (https://cdn.skypack.dev/-/google-protobuf@v3.21.2-YDUqZL2TTSsy2lGtfuND/dist=es2019,mode=imports/optimized/google-protobuf.js:778:11)
    at Object.jspb.asserts.assert (https://cdn.skypack.dev/-/google-protobuf@v3.21.2-YDUqZL2TTSsy2lGtfuND/dist=es2019,mode=imports/optimized/google-protobuf.js:783:23)
    at jspb.BinaryDecoder.readInt32 (https://cdn.skypack.dev/-/google-protobuf@v3.21.2-YDUqZL2TTSsy2lGtfuND/dist=es2019,mode=imports/optimized/google-protobuf.js:4228:18)
    at jspb.BinaryReader.readSfixed32 (https://cdn.skypack.dev/-/google-protobuf@v3.21.2-YDUqZL2TTSsy2lGtfuND/dist=es2019,mode=imports/optimized/google-protobuf.js:4597:26)
    at Function.deserialize (file:///Users/thesayyn/Documents/thesayyn/protoc-gen-ts/target/debug/build/protoc_gen_ts-8cec2bec66276c47/out/test_conformance/test_messages_proto3.ts:274:60)
    at file:///Users/thesayyn/Documents/thesayyn/protoc-gen-ts/tests/conformance/bin/main.ts:23:78

  protobuf_test_messages.proto2.TestAllTypesProto2 1
  Error: Assertion failed
    at Object.jspb.asserts.doAssertFailure (https://cdn.skypack.dev/-/google-protobuf@v3.21.2-YDUqZL2TTSsy2lGtfuND/dist=es2019,mode=imports/optimized/google-protobuf.js:778:11)
    at Object.jspb.asserts.assert (https://cdn.skypack.dev/-/google-protobuf@v3.21.2-YDUqZL2TTSsy2lGtfuND/dist=es2019,mode=imports/optimized/google-protobuf.js:783:23)
    at jspb.BinaryDecoder.readInt32 (https://cdn.skypack.dev/-/google-protobuf@v3.21.2-YDUqZL2TTSsy2lGtfuND/dist=es2019,mode=imports/optimized/google-protobuf.js:4228:18)
    at jspb.BinaryReader.readSfixed32 (https://cdn.skypack.dev/-/google-protobuf@v3.21.2-YDUqZL2TTSsy2lGtfuND/dist=es2019,mode=imports/optimized/google-protobuf.js:4597:26)
    at Function.deserialize (file:///Users/thesayyn/Documents/thesayyn/protoc-gen-ts/target/debug/build/protoc_gen_ts-8cec2bec66276c47/out/test_conformance/test_messages_proto2.ts:238:55)
    at file:///Users/thesayyn/Documents/thesayyn/protoc-gen-ts/tests/conformance/bin/main.ts:30:78

  protobuf_test_messages.proto3.TestAllTypesProto3 1
  Error: Assertion failed
    at Object.jspb.asserts.doAssertFailure (https://cdn.skypack.dev/-/google-protobuf@v3.21.2-YDUqZL2TTSsy2lGtfuND/dist=es2019,mode=imports/optimized/google-protobuf.js:778:11)
    at Object.jspb.asserts.assert (https://cdn.skypack.dev/-/google-protobuf@v3.21.2-YDUqZL2TTSsy2lGtfuND/dist=es2019,mode=imports/optimized/google-protobuf.js:783:23)
    at jspb.BinaryDecoder.advance (https://cdn.skypack.dev/-/google-protobuf@v3.21.2-YDUqZL2TTSsy2lGtfuND/dist=es2019,mode=imports/optimized/google-protobuf.js:4081:18)
    at jspb.BinaryReader.skipFixed32Field (https://cdn.skypack.dev/-/google-protobuf@v3.21.2-YDUqZL2TTSsy2lGtfuND/dist=es2019,mode=imports/optimized/google-protobuf.js:4406:163)
    at jspb.BinaryReader.skipField (https://cdn.skypack.dev/-/google-protobuf@v3.21.2-YDUqZL2TTSsy2lGtfuND/dist=es2019,mode=imports/optimized/google-protobuf.js:4438:14)
    at Function.deserialize (file:///Users/thesayyn/Documents/thesayyn/protoc-gen-ts/target/debug/build/protoc_gen_ts-8cec2bec66276c47/out/test_conformance/test_messages_proto3.ts:958:24)
    at file:///Users/thesayyn/Documents/thesayyn/protoc-gen-ts/tests/conformance/bin/main.ts:23:78

  protobuf_test_messages.proto2.TestAllTypesProto2 1
  Error: Assertion failed
    at Object.jspb.asserts.doAssertFailure (https://cdn.skypack.dev/-/google-protobuf@v3.21.2-YDUqZL2TTSsy2lGtfuND/dist=es2019,mode=imports/optimized/google-protobuf.js:778:11)
    at Object.jspb.asserts.assert (https://cdn.skypack.dev/-/google-protobuf@v3.21.2-YDUqZL2TTSsy2lGtfuND/dist=es2019,mode=imports/optimized/google-protobuf.js:783:23)
    at jspb.BinaryDecoder.advance (https://cdn.skypack.dev/-/google-protobuf@v3.21.2-YDUqZL2TTSsy2lGtfuND/dist=es2019,mode=imports/optimized/google-protobuf.js:4081:18)
    at jspb.BinaryReader.skipFixed32Field (https://cdn.skypack.dev/-/google-protobuf@v3.21.2-YDUqZL2TTSsy2lGtfuND/dist=es2019,mode=imports/optimized/google-protobuf.js:4406:163)
    at jspb.BinaryReader.skipField (https://cdn.skypack.dev/-/google-protobuf@v3.21.2-YDUqZL2TTSsy2lGtfuND/dist=es2019,mode=imports/optimized/google-protobuf.js:4438:14)
    at Function.deserialize (file:///Users/thesayyn/Documents/thesayyn/protoc-gen-ts/target/debug/build/protoc_gen_ts-8cec2bec66276c47/out/test_conformance/test_messages_proto2.ts:865:24)
    at file:///Users/thesayyn/Documents/thesayyn/protoc-gen-ts/tests/conformance/bin/main.ts:30:78

  protobuf_test_messages.proto3.TestAllTypesProto3 1
  Error: Assertion failed
    at Object.jspb.asserts.doAssertFailure (https://cdn.skypack.dev/-/google-protobuf@v3.21.2-YDUqZL2TTSsy2lGtfuND/dist=es2019,mode=imports/optimized/google-protobuf.js:778:11)
    at Object.jspb.asserts.assert (https://cdn.skypack.dev/-/google-protobuf@v3.21.2-YDUqZL2TTSsy2lGtfuND/dist=es2019,mode=imports/optimized/google-protobuf.js:783:23)
    at jspb.BinaryDecoder.readInt32 (https://cdn.skypack.dev/-/google-protobuf@v3.21.2-YDUqZL2TTSsy2lGtfuND/dist=es2019,mode=imports/optimized/google-protobuf.js:4228:18)
    at jspb.BinaryReader.readSfixed32 (https://cdn.skypack.dev/-/google-protobuf@v3.21.2-YDUqZL2TTSsy2lGtfuND/dist=es2019,mode=imports/optimized/google-protobuf.js:4597:26)
    at Function.deserialize (file:///Users/thesayyn/Documents/thesayyn/protoc-gen-ts/target/debug/build/protoc_gen_ts-8cec2bec66276c47/out/test_conformance/test_messages_proto3.ts:196:52)
    at file:///Users/thesayyn/Documents/thesayyn/protoc-gen-ts/tests/conformance/bin/main.ts:23:78

  protobuf_test_messages.proto2.TestAllTypesProto2 1
  Error: Assertion failed
    at Object.jspb.asserts.doAssertFailure (https://cdn.skypack.dev/-/google-protobuf@v3.21.2-YDUqZL2TTSsy2lGtfuND/dist=es2019,mode=imports/optimized/google-protobuf.js:778:11)
    at Object.jspb.asserts.assert (https://cdn.skypack.dev/-/google-protobuf@v3.21.2-YDUqZL2TTSsy2lGtfuND/dist=es2019,mode=imports/optimized/google-protobuf.js:783:23)
    at jspb.BinaryDecoder.readInt32 (https://cdn.skypack.dev/-/google-protobuf@v3.21.2-YDUqZL2TTSsy2lGtfuND/dist=es2019,mode=imports/optimized/google-protobuf.js:4228:18)
    at jspb.BinaryReader.readSfixed32 (https://cdn.skypack.dev/-/google-protobuf@v3.21.2-YDUqZL2TTSsy2lGtfuND/dist=es2019,mode=imports/optimized/google-protobuf.js:4597:26)
    at Function.deserialize (file:///Users/thesayyn/Documents/thesayyn/protoc-gen-ts/target/debug/build/protoc_gen_ts-8cec2bec66276c47/out/test_conformance/test_messages_proto2.ts:172:52)
    at file:///Users/thesayyn/Documents/thesayyn/protoc-gen-ts/tests/conformance/bin/main.ts:30:78

  protobuf_test_messages.proto3.TestAllTypesProto3 1
  Error: Assertion failed
    at Object.jspb.asserts.doAssertFailure (https://cdn.skypack.dev/-/google-protobuf@v3.21.2-YDUqZL2TTSsy2lGtfuND/dist=es2019,mode=imports/optimized/google-protobuf.js:778:11)
    at Object.jspb.asserts.assert (https://cdn.skypack.dev/-/google-protobuf@v3.21.2-YDUqZL2TTSsy2lGtfuND/dist=es2019,mode=imports/optimized/google-protobuf.js:783:23)
    at jspb.BinaryDecoder.readInt32 (https://cdn.skypack.dev/-/google-protobuf@v3.21.2-YDUqZL2TTSsy2lGtfuND/dist=es2019,mode=imports/optimized/google-protobuf.js:4228:18)
    at jspb.BinaryReader.readSfixed32 (https://cdn.skypack.dev/-/google-protobuf@v3.21.2-YDUqZL2TTSsy2lGtfuND/dist=es2019,mode=imports/optimized/google-protobuf.js:4597:26)
    at Function.deserialize (file:///Users/thesayyn/Documents/thesayyn/protoc-gen-ts/target/debug/build/protoc_gen_ts-8cec2bec66276c47/out/test_conformance/test_messages_proto3.ts:274:60)
    at file:///Users/thesayyn/Documents/thesayyn/protoc-gen-ts/tests/conformance/bin/main.ts:23:78

  protobuf_test_messages.proto2.TestAllTypesProto2 1
  Error: Assertion failed
    at Object.jspb.asserts.doAssertFailure (https://cdn.skypack.dev/-/google-protobuf@v3.21.2-YDUqZL2TTSsy2lGtfuND/dist=es2019,mode=imports/optimized/google-protobuf.js:778:11)
    at Object.jspb.asserts.assert (https://cdn.skypack.dev/-/google-protobuf@v3.21.2-YDUqZL2TTSsy2lGtfuND/dist=es2019,mode=imports/optimized/google-protobuf.js:783:23)
    at jspb.BinaryDecoder.readInt32 (https://cdn.skypack.dev/-/google-protobuf@v3.21.2-YDUqZL2TTSsy2lGtfuND/dist=es2019,mode=imports/optimized/google-protobuf.js:4228:18)
    at jspb.BinaryReader.readSfixed32 (https://cdn.skypack.dev/-/google-protobuf@v3.21.2-YDUqZL2TTSsy2lGtfuND/dist=es2019,mode=imports/optimized/google-protobuf.js:4597:26)
    at Function.deserialize (file:///Users/thesayyn/Documents/thesayyn/protoc-gen-ts/target/debug/build/protoc_gen_ts-8cec2bec66276c47/out/test_conformance/test_messages_proto2.ts:238:55)
    at file:///Users/thesayyn/Documents/thesayyn/protoc-gen-ts/tests/conformance/bin/main.ts:30:78

  protobuf_test_messages.proto3.TestAllTypesProto3 1
  Error: Assertion failed
    at Object.jspb.asserts.doAssertFailure (https://cdn.skypack.dev/-/google-protobuf@v3.21.2-YDUqZL2TTSsy2lGtfuND/dist=es2019,mode=imports/optimized/google-protobuf.js:778:11)
    at Object.jspb.asserts.assert (https://cdn.skypack.dev/-/google-protobuf@v3.21.2-YDUqZL2TTSsy2lGtfuND/dist=es2019,mode=imports/optimized/google-protobuf.js:783:23)
    at jspb.BinaryDecoder.advance (https://cdn.skypack.dev/-/google-protobuf@v3.21.2-YDUqZL2TTSsy2lGtfuND/dist=es2019,mode=imports/optimized/google-protobuf.js:4081:18)
    at jspb.BinaryReader.skipFixed32Field (https://cdn.skypack.dev/-/google-protobuf@v3.21.2-YDUqZL2TTSsy2lGtfuND/dist=es2019,mode=imports/optimized/google-protobuf.js:4406:163)
    at jspb.BinaryReader.skipField (https://cdn.skypack.dev/-/google-protobuf@v3.21.2-YDUqZL2TTSsy2lGtfuND/dist=es2019,mode=imports/optimized/google-protobuf.js:4438:14)
    at Function.deserialize (file:///Users/thesayyn/Documents/thesayyn/protoc-gen-ts/target/debug/build/protoc_gen_ts-8cec2bec66276c47/out/test_conformance/test_messages_proto3.ts:958:24)
    at file:///Users/thesayyn/Documents/thesayyn/protoc-gen-ts/tests/conformance/bin/main.ts:23:78

  protobuf_test_messages.proto2.TestAllTypesProto2 1
  Error: Assertion failed
    at Object.jspb.asserts.doAssertFailure (https://cdn.skypack.dev/-/google-protobuf@v3.21.2-YDUqZL2TTSsy2lGtfuND/dist=es2019,mode=imports/optimized/google-protobuf.js:778:11)
    at Object.jspb.asserts.assert (https://cdn.skypack.dev/-/google-protobuf@v3.21.2-YDUqZL2TTSsy2lGtfuND/dist=es2019,mode=imports/optimized/google-protobuf.js:783:23)
    at jspb.BinaryDecoder.advance (https://cdn.skypack.dev/-/google-protobuf@v3.21.2-YDUqZL2TTSsy2lGtfuND/dist=es2019,mode=imports/optimized/google-protobuf.js:4081:18)
    at jspb.BinaryReader.skipFixed32Field (https://cdn.skypack.dev/-/google-protobuf@v3.21.2-YDUqZL2TTSsy2lGtfuND/dist=es2019,mode=imports/optimized/google-protobuf.js:4406:163)
    at jspb.BinaryReader.skipField (https://cdn.skypack.dev/-/google-protobuf@v3.21.2-YDUqZL2TTSsy2lGtfuND/dist=es2019,mode=imports/optimized/google-protobuf.js:4438:14)
    at Function.deserialize (file:///Users/thesayyn/Documents/thesayyn/protoc-gen-ts/target/debug/build/protoc_gen_ts-8cec2bec66276c47/out/test_conformance/test_messages_proto2.ts:865:24)
    at file:///Users/thesayyn/Documents/thesayyn/protoc-gen-ts/tests/conformance/bin/main.ts:30:78

  protobuf_test_messages.proto3.TestAllTypesProto3 1
  Error: Assertion failed
    at Object.jspb.asserts.doAssertFailure (https://cdn.skypack.dev/-/google-protobuf@v3.21.2-YDUqZL2TTSsy2lGtfuND/dist=es2019,mode=imports/optimized/google-protobuf.js:778:11)
    at Object.jspb.asserts.assert (https://cdn.skypack.dev/-/google-protobuf@v3.21.2-YDUqZL2TTSsy2lGtfuND/dist=es2019,mode=imports/optimized/google-protobuf.js:783:23)
    at jspb.BinaryDecoder.readInt32 (https://cdn.skypack.dev/-/google-protobuf@v3.21.2-YDUqZL2TTSsy2lGtfuND/dist=es2019,mode=imports/optimized/google-protobuf.js:4228:18)
    at jspb.BinaryReader.readPackedField_ (https://cdn.skypack.dev/-/google-protobuf@v3.21.2-YDUqZL2TTSsy2lGtfuND/dist=es2019,mode=imports/optimized/google-protobuf.js:4676:16)
    at jspb.BinaryReader.readPackedSfixed32 (https://cdn.skypack.dev/-/google-protobuf@v3.21.2-YDUqZL2TTSsy2lGtfuND/dist=es2019,mode=imports/optimized/google-protobuf.js:4730:17)
    at Function.deserialize (file:///Users/thesayyn/Documents/thesayyn/protoc-gen-ts/target/debug/build/protoc_gen_ts-8cec2bec66276c47/out/test_conformance/test_messages_proto3.ts:273:80)
    at file:///Users/thesayyn/Documents/thesayyn/protoc-gen-ts/tests/conformance/bin/main.ts:23:78

  protobuf_test_messages.proto2.TestAllTypesProto2 1
  Error: Assertion failed
    at Object.jspb.asserts.doAssertFailure (https://cdn.skypack.dev/-/google-protobuf@v3.21.2-YDUqZL2TTSsy2lGtfuND/dist=es2019,mode=imports/optimized/google-protobuf.js:778:11)
    at Object.jspb.asserts.assert (https://cdn.skypack.dev/-/google-protobuf@v3.21.2-YDUqZL2TTSsy2lGtfuND/dist=es2019,mode=imports/optimized/google-protobuf.js:783:23)
    at jspb.BinaryReader.readSfixed32 (https://cdn.skypack.dev/-/google-protobuf@v3.21.2-YDUqZL2TTSsy2lGtfuND/dist=es2019,mode=imports/optimized/google-protobuf.js:4596:18)
    at Function.deserialize (file:///Users/thesayyn/Documents/thesayyn/protoc-gen-ts/target/debug/build/protoc_gen_ts-8cec2bec66276c47/out/test_conformance/test_messages_proto2.ts:238:55)
    at file:///Users/thesayyn/Documents/thesayyn/protoc-gen-ts/tests/conformance/bin/main.ts:30:78

  protobuf_test_messages.proto3.TestAllTypesProto3 1
  Error: Assertion failed
    at Object.jspb.asserts.doAssertFailure (https://cdn.skypack.dev/-/google-protobuf@v3.21.2-YDUqZL2TTSsy2lGtfuND/dist=es2019,mode=imports/optimized/google-protobuf.js:778:11)
    at Object.jspb.asserts.assert (https://cdn.skypack.dev/-/google-protobuf@v3.21.2-YDUqZL2TTSsy2lGtfuND/dist=es2019,mode=imports/optimized/google-protobuf.js:783:23)
    at jspb.BinaryDecoder.readInt32 (https://cdn.skypack.dev/-/google-protobuf@v3.21.2-YDUqZL2TTSsy2lGtfuND/dist=es2019,mode=imports/optimized/google-protobuf.js:4228:18)
    at jspb.BinaryReader.readPackedField_ (https://cdn.skypack.dev/-/google-protobuf@v3.21.2-YDUqZL2TTSsy2lGtfuND/dist=es2019,mode=imports/optimized/google-protobuf.js:4676:16)
    at jspb.BinaryReader.readPackedSfixed32 (https://cdn.skypack.dev/-/google-protobuf@v3.21.2-YDUqZL2TTSsy2lGtfuND/dist=es2019,mode=imports/optimized/google-protobuf.js:4730:17)
    at Function.deserialize (file:///Users/thesayyn/Documents/thesayyn/protoc-gen-ts/target/debug/build/protoc_gen_ts-8cec2bec66276c47/out/test_conformance/test_messages_proto3.ts:273:80)
    at file:///Users/thesayyn/Documents/thesayyn/protoc-gen-ts/tests/conformance/bin/main.ts:23:78

  protobuf_test_messages.proto2.TestAllTypesProto2 1
  Error: Assertion failed
    at Object.jspb.asserts.doAssertFailure (https://cdn.skypack.dev/-/google-protobuf@v3.21.2-YDUqZL2TTSsy2lGtfuND/dist=es2019,mode=imports/optimized/google-protobuf.js:778:11)
    at Object.jspb.asserts.assert (https://cdn.skypack.dev/-/google-protobuf@v3.21.2-YDUqZL2TTSsy2lGtfuND/dist=es2019,mode=imports/optimized/google-protobuf.js:783:23)
    at jspb.BinaryReader.readSfixed32 (https://cdn.skypack.dev/-/google-protobuf@v3.21.2-YDUqZL2TTSsy2lGtfuND/dist=es2019,mode=imports/optimized/google-protobuf.js:4596:18)
    at Function.deserialize (file:///Users/thesayyn/Documents/thesayyn/protoc-gen-ts/target/debug/build/protoc_gen_ts-8cec2bec66276c47/out/test_conformance/test_messages_proto2.ts:238:55)
    at file:///Users/thesayyn/Documents/thesayyn/protoc-gen-ts/tests/conformance/bin/main.ts:30:78

  protobuf_test_messages.proto3.TestAllTypesProto3 1
  Error: Assertion failed
    at Object.jspb.asserts.doAssertFailure (https://cdn.skypack.dev/-/google-protobuf@v3.21.2-YDUqZL2TTSsy2lGtfuND/dist=es2019,mode=imports/optimized/google-protobuf.js:778:11)
    at Object.jspb.asserts.assert (https://cdn.skypack.dev/-/google-protobuf@v3.21.2-YDUqZL2TTSsy2lGtfuND/dist=es2019,mode=imports/optimized/google-protobuf.js:783:23)
    at jspb.BinaryDecoder.readUint32 (https://cdn.skypack.dev/-/google-protobuf@v3.21.2-YDUqZL2TTSsy2lGtfuND/dist=es2019,mode=imports/optimized/google-protobuf.js:4202:18)
    at jspb.BinaryDecoder.readInt64 (https://cdn.skypack.dev/-/google-protobuf@v3.21.2-YDUqZL2TTSsy2lGtfuND/dist=es2019,mode=imports/optimized/google-protobuf.js:4232:18)
    at jspb.BinaryReader.readSfixed64 (https://cdn.skypack.dev/-/google-protobuf@v3.21.2-YDUqZL2TTSsy2lGtfuND/dist=es2019,mode=imports/optimized/google-protobuf.js:4606:26)
    at Function.deserialize (file:///Users/thesayyn/Documents/thesayyn/protoc-gen-ts/target/debug/build/protoc_gen_ts-8cec2bec66276c47/out/test_conformance/test_messages_proto3.ts:199:52)
    at file:///Users/thesayyn/Documents/thesayyn/protoc-gen-ts/tests/conformance/bin/main.ts:23:78

  protobuf_test_messages.proto2.TestAllTypesProto2 1
  Error: Assertion failed
    at Object.jspb.asserts.doAssertFailure (https://cdn.skypack.dev/-/google-protobuf@v3.21.2-YDUqZL2TTSsy2lGtfuND/dist=es2019,mode=imports/optimized/google-protobuf.js:778:11)
    at Object.jspb.asserts.assert (https://cdn.skypack.dev/-/google-protobuf@v3.21.2-YDUqZL2TTSsy2lGtfuND/dist=es2019,mode=imports/optimized/google-protobuf.js:783:23)
    at jspb.BinaryDecoder.readUint32 (https://cdn.skypack.dev/-/google-protobuf@v3.21.2-YDUqZL2TTSsy2lGtfuND/dist=es2019,mode=imports/optimized/google-protobuf.js:4202:18)
    at jspb.BinaryDecoder.readInt64 (https://cdn.skypack.dev/-/google-protobuf@v3.21.2-YDUqZL2TTSsy2lGtfuND/dist=es2019,mode=imports/optimized/google-protobuf.js:4232:18)
    at jspb.BinaryReader.readSfixed64 (https://cdn.skypack.dev/-/google-protobuf@v3.21.2-YDUqZL2TTSsy2lGtfuND/dist=es2019,mode=imports/optimized/google-protobuf.js:4606:26)
    at Function.deserialize (file:///Users/thesayyn/Documents/thesayyn/protoc-gen-ts/target/debug/build/protoc_gen_ts-8cec2bec66276c47/out/test_conformance/test_messages_proto2.ts:175:52)
    at file:///Users/thesayyn/Documents/thesayyn/protoc-gen-ts/tests/conformance/bin/main.ts:30:78

  protobuf_test_messages.proto3.TestAllTypesProto3 1
  Error: Assertion failed
    at Object.jspb.asserts.doAssertFailure (https://cdn.skypack.dev/-/google-protobuf@v3.21.2-YDUqZL2TTSsy2lGtfuND/dist=es2019,mode=imports/optimized/google-protobuf.js:778:11)
    at Object.jspb.asserts.assert (https://cdn.skypack.dev/-/google-protobuf@v3.21.2-YDUqZL2TTSsy2lGtfuND/dist=es2019,mode=imports/optimized/google-protobuf.js:783:23)
    at jspb.BinaryDecoder.readUint32 (https://cdn.skypack.dev/-/google-protobuf@v3.21.2-YDUqZL2TTSsy2lGtfuND/dist=es2019,mode=imports/optimized/google-protobuf.js:4202:18)
    at jspb.BinaryDecoder.readInt64 (https://cdn.skypack.dev/-/google-protobuf@v3.21.2-YDUqZL2TTSsy2lGtfuND/dist=es2019,mode=imports/optimized/google-protobuf.js:4232:18)
    at jspb.BinaryReader.readSfixed64 (https://cdn.skypack.dev/-/google-protobuf@v3.21.2-YDUqZL2TTSsy2lGtfuND/dist=es2019,mode=imports/optimized/google-protobuf.js:4606:26)
    at Function.deserialize (file:///Users/thesayyn/Documents/thesayyn/protoc-gen-ts/target/debug/build/protoc_gen_ts-8cec2bec66276c47/out/test_conformance/test_messages_proto3.ts:278:60)
    at file:///Users/thesayyn/Documents/thesayyn/protoc-gen-ts/tests/conformance/bin/main.ts:23:78

  protobuf_test_messages.proto2.TestAllTypesProto2 1
  Error: Assertion failed
    at Object.jspb.asserts.doAssertFailure (https://cdn.skypack.dev/-/google-protobuf@v3.21.2-YDUqZL2TTSsy2lGtfuND/dist=es2019,mode=imports/optimized/google-protobuf.js:778:11)
    at Object.jspb.asserts.assert (https://cdn.skypack.dev/-/google-protobuf@v3.21.2-YDUqZL2TTSsy2lGtfuND/dist=es2019,mode=imports/optimized/google-protobuf.js:783:23)
    at jspb.BinaryDecoder.readUint32 (https://cdn.skypack.dev/-/google-protobuf@v3.21.2-YDUqZL2TTSsy2lGtfuND/dist=es2019,mode=imports/optimized/google-protobuf.js:4202:18)
    at jspb.BinaryDecoder.readInt64 (https://cdn.skypack.dev/-/google-protobuf@v3.21.2-YDUqZL2TTSsy2lGtfuND/dist=es2019,mode=imports/optimized/google-protobuf.js:4232:18)
    at jspb.BinaryReader.readSfixed64 (https://cdn.skypack.dev/-/google-protobuf@v3.21.2-YDUqZL2TTSsy2lGtfuND/dist=es2019,mode=imports/optimized/google-protobuf.js:4606:26)
    at Function.deserialize (file:///Users/thesayyn/Documents/thesayyn/protoc-gen-ts/target/debug/build/protoc_gen_ts-8cec2bec66276c47/out/test_conformance/test_messages_proto2.ts:241:55)
    at file:///Users/thesayyn/Documents/thesayyn/protoc-gen-ts/tests/conformance/bin/main.ts:30:78

  protobuf_test_messages.proto3.TestAllTypesProto3 1
  Error: Assertion failed
    at Object.jspb.asserts.doAssertFailure (https://cdn.skypack.dev/-/google-protobuf@v3.21.2-YDUqZL2TTSsy2lGtfuND/dist=es2019,mode=imports/optimized/google-protobuf.js:778:11)
    at Object.jspb.asserts.assert (https://cdn.skypack.dev/-/google-protobuf@v3.21.2-YDUqZL2TTSsy2lGtfuND/dist=es2019,mode=imports/optimized/google-protobuf.js:783:23)
    at jspb.BinaryDecoder.advance (https://cdn.skypack.dev/-/google-protobuf@v3.21.2-YDUqZL2TTSsy2lGtfuND/dist=es2019,mode=imports/optimized/google-protobuf.js:4081:18)
    at jspb.BinaryReader.skipFixed64Field (https://cdn.skypack.dev/-/google-protobuf@v3.21.2-YDUqZL2TTSsy2lGtfuND/dist=es2019,mode=imports/optimized/google-protobuf.js:4409:163)
    at jspb.BinaryReader.skipField (https://cdn.skypack.dev/-/google-protobuf@v3.21.2-YDUqZL2TTSsy2lGtfuND/dist=es2019,mode=imports/optimized/google-protobuf.js:4432:14)
    at Function.deserialize (file:///Users/thesayyn/Documents/thesayyn/protoc-gen-ts/target/debug/build/protoc_gen_ts-8cec2bec66276c47/out/test_conformance/test_messages_proto3.ts:958:24)
    at file:///Users/thesayyn/Documents/thesayyn/protoc-gen-ts/tests/conformance/bin/main.ts:23:78

  protobuf_test_messages.proto2.TestAllTypesProto2 1
  Error: Assertion failed
    at Object.jspb.asserts.doAssertFailure (https://cdn.skypack.dev/-/google-protobuf@v3.21.2-YDUqZL2TTSsy2lGtfuND/dist=es2019,mode=imports/optimized/google-protobuf.js:778:11)
    at Object.jspb.asserts.assert (https://cdn.skypack.dev/-/google-protobuf@v3.21.2-YDUqZL2TTSsy2lGtfuND/dist=es2019,mode=imports/optimized/google-protobuf.js:783:23)
    at jspb.BinaryDecoder.advance (https://cdn.skypack.dev/-/google-protobuf@v3.21.2-YDUqZL2TTSsy2lGtfuND/dist=es2019,mode=imports/optimized/google-protobuf.js:4081:18)
    at jspb.BinaryReader.skipFixed64Field (https://cdn.skypack.dev/-/google-protobuf@v3.21.2-YDUqZL2TTSsy2lGtfuND/dist=es2019,mode=imports/optimized/google-protobuf.js:4409:163)
    at jspb.BinaryReader.skipField (https://cdn.skypack.dev/-/google-protobuf@v3.21.2-YDUqZL2TTSsy2lGtfuND/dist=es2019,mode=imports/optimized/google-protobuf.js:4432:14)
    at Function.deserialize (file:///Users/thesayyn/Documents/thesayyn/protoc-gen-ts/target/debug/build/protoc_gen_ts-8cec2bec66276c47/out/test_conformance/test_messages_proto2.ts:865:24)
    at file:///Users/thesayyn/Documents/thesayyn/protoc-gen-ts/tests/conformance/bin/main.ts:30:78

  protobuf_test_messages.proto3.TestAllTypesProto3 1
  Error: Assertion failed
    at Object.jspb.asserts.doAssertFailure (https://cdn.skypack.dev/-/google-protobuf@v3.21.2-YDUqZL2TTSsy2lGtfuND/dist=es2019,mode=imports/optimized/google-protobuf.js:778:11)
    at Object.jspb.asserts.assert (https://cdn.skypack.dev/-/google-protobuf@v3.21.2-YDUqZL2TTSsy2lGtfuND/dist=es2019,mode=imports/optimized/google-protobuf.js:783:23)
    at jspb.BinaryDecoder.readUint32 (https://cdn.skypack.dev/-/google-protobuf@v3.21.2-YDUqZL2TTSsy2lGtfuND/dist=es2019,mode=imports/optimized/google-protobuf.js:4202:18)
    at jspb.BinaryDecoder.readInt64 (https://cdn.skypack.dev/-/google-protobuf@v3.21.2-YDUqZL2TTSsy2lGtfuND/dist=es2019,mode=imports/optimized/google-protobuf.js:4232:41)
    at jspb.BinaryReader.readSfixed64 (https://cdn.skypack.dev/-/google-protobuf@v3.21.2-YDUqZL2TTSsy2lGtfuND/dist=es2019,mode=imports/optimized/google-protobuf.js:4606:26)
    at Function.deserialize (file:///Users/thesayyn/Documents/thesayyn/protoc-gen-ts/target/debug/build/protoc_gen_ts-8cec2bec66276c47/out/test_conformance/test_messages_proto3.ts:199:52)
    at file:///Users/thesayyn/Documents/thesayyn/protoc-gen-ts/tests/conformance/bin/main.ts:23:78

  protobuf_test_messages.proto2.TestAllTypesProto2 1
  Error: Assertion failed
    at Object.jspb.asserts.doAssertFailure (https://cdn.skypack.dev/-/google-protobuf@v3.21.2-YDUqZL2TTSsy2lGtfuND/dist=es2019,mode=imports/optimized/google-protobuf.js:778:11)
    at Object.jspb.asserts.assert (https://cdn.skypack.dev/-/google-protobuf@v3.21.2-YDUqZL2TTSsy2lGtfuND/dist=es2019,mode=imports/optimized/google-protobuf.js:783:23)
    at jspb.BinaryDecoder.readUint32 (https://cdn.skypack.dev/-/google-protobuf@v3.21.2-YDUqZL2TTSsy2lGtfuND/dist=es2019,mode=imports/optimized/google-protobuf.js:4202:18)
    at jspb.BinaryDecoder.readInt64 (https://cdn.skypack.dev/-/google-protobuf@v3.21.2-YDUqZL2TTSsy2lGtfuND/dist=es2019,mode=imports/optimized/google-protobuf.js:4232:41)
    at jspb.BinaryReader.readSfixed64 (https://cdn.skypack.dev/-/google-protobuf@v3.21.2-YDUqZL2TTSsy2lGtfuND/dist=es2019,mode=imports/optimized/google-protobuf.js:4606:26)
    at Function.deserialize (file:///Users/thesayyn/Documents/thesayyn/protoc-gen-ts/target/debug/build/protoc_gen_ts-8cec2bec66276c47/out/test_conformance/test_messages_proto2.ts:175:52)
    at file:///Users/thesayyn/Documents/thesayyn/protoc-gen-ts/tests/conformance/bin/main.ts:30:78

  protobuf_test_messages.proto3.TestAllTypesProto3 1
  Error: Assertion failed
    at Object.jspb.asserts.doAssertFailure (https://cdn.skypack.dev/-/google-protobuf@v3.21.2-YDUqZL2TTSsy2lGtfuND/dist=es2019,mode=imports/optimized/google-protobuf.js:778:11)
    at Object.jspb.asserts.assert (https://cdn.skypack.dev/-/google-protobuf@v3.21.2-YDUqZL2TTSsy2lGtfuND/dist=es2019,mode=imports/optimized/google-protobuf.js:783:23)
    at jspb.BinaryDecoder.readUint32 (https://cdn.skypack.dev/-/google-protobuf@v3.21.2-YDUqZL2TTSsy2lGtfuND/dist=es2019,mode=imports/optimized/google-protobuf.js:4202:18)
    at jspb.BinaryDecoder.readInt64 (https://cdn.skypack.dev/-/google-protobuf@v3.21.2-YDUqZL2TTSsy2lGtfuND/dist=es2019,mode=imports/optimized/google-protobuf.js:4232:41)
    at jspb.BinaryReader.readSfixed64 (https://cdn.skypack.dev/-/google-protobuf@v3.21.2-YDUqZL2TTSsy2lGtfuND/dist=es2019,mode=imports/optimized/google-protobuf.js:4606:26)
    at Function.deserialize (file:///Users/thesayyn/Documents/thesayyn/protoc-gen-ts/target/debug/build/protoc_gen_ts-8cec2bec66276c47/out/test_conformance/test_messages_proto3.ts:278:60)
    at file:///Users/thesayyn/Documents/thesayyn/protoc-gen-ts/tests/conformance/bin/main.ts:23:78

  protobuf_test_messages.proto2.TestAllTypesProto2 1
  Error: Assertion failed
    at Object.jspb.asserts.doAssertFailure (https://cdn.skypack.dev/-/google-protobuf@v3.21.2-YDUqZL2TTSsy2lGtfuND/dist=es2019,mode=imports/optimized/google-protobuf.js:778:11)
    at Object.jspb.asserts.assert (https://cdn.skypack.dev/-/google-protobuf@v3.21.2-YDUqZL2TTSsy2lGtfuND/dist=es2019,mode=imports/optimized/google-protobuf.js:783:23)
    at jspb.BinaryDecoder.readUint32 (https://cdn.skypack.dev/-/google-protobuf@v3.21.2-YDUqZL2TTSsy2lGtfuND/dist=es2019,mode=imports/optimized/google-protobuf.js:4202:18)
    at jspb.BinaryDecoder.readInt64 (https://cdn.skypack.dev/-/google-protobuf@v3.21.2-YDUqZL2TTSsy2lGtfuND/dist=es2019,mode=imports/optimized/google-protobuf.js:4232:41)
    at jspb.BinaryReader.readSfixed64 (https://cdn.skypack.dev/-/google-protobuf@v3.21.2-YDUqZL2TTSsy2lGtfuND/dist=es2019,mode=imports/optimized/google-protobuf.js:4606:26)
    at Function.deserialize (file:///Users/thesayyn/Documents/thesayyn/protoc-gen-ts/target/debug/build/protoc_gen_ts-8cec2bec66276c47/out/test_conformance/test_messages_proto2.ts:241:55)
    at file:///Users/thesayyn/Documents/thesayyn/protoc-gen-ts/tests/conformance/bin/main.ts:30:78

  protobuf_test_messages.proto3.TestAllTypesProto3 1
  Error: Assertion failed
    at Object.jspb.asserts.doAssertFailure (https://cdn.skypack.dev/-/google-protobuf@v3.21.2-YDUqZL2TTSsy2lGtfuND/dist=es2019,mode=imports/optimized/google-protobuf.js:778:11)
    at Object.jspb.asserts.assert (https://cdn.skypack.dev/-/google-protobuf@v3.21.2-YDUqZL2TTSsy2lGtfuND/dist=es2019,mode=imports/optimized/google-protobuf.js:783:23)
    at jspb.BinaryDecoder.advance (https://cdn.skypack.dev/-/google-protobuf@v3.21.2-YDUqZL2TTSsy2lGtfuND/dist=es2019,mode=imports/optimized/google-protobuf.js:4081:18)
    at jspb.BinaryReader.skipFixed64Field (https://cdn.skypack.dev/-/google-protobuf@v3.21.2-YDUqZL2TTSsy2lGtfuND/dist=es2019,mode=imports/optimized/google-protobuf.js:4409:163)
    at jspb.BinaryReader.skipField (https://cdn.skypack.dev/-/google-protobuf@v3.21.2-YDUqZL2TTSsy2lGtfuND/dist=es2019,mode=imports/optimized/google-protobuf.js:4432:14)
    at Function.deserialize (file:///Users/thesayyn/Documents/thesayyn/protoc-gen-ts/target/debug/build/protoc_gen_ts-8cec2bec66276c47/out/test_conformance/test_messages_proto3.ts:958:24)
    at file:///Users/thesayyn/Documents/thesayyn/protoc-gen-ts/tests/conformance/bin/main.ts:23:78

  protobuf_test_messages.proto2.TestAllTypesProto2 1
  Error: Assertion failed
    at Object.jspb.asserts.doAssertFailure (https://cdn.skypack.dev/-/google-protobuf@v3.21.2-YDUqZL2TTSsy2lGtfuND/dist=es2019,mode=imports/optimized/google-protobuf.js:778:11)
    at Object.jspb.asserts.assert (https://cdn.skypack.dev/-/google-protobuf@v3.21.2-YDUqZL2TTSsy2lGtfuND/dist=es2019,mode=imports/optimized/google-protobuf.js:783:23)
    at jspb.BinaryDecoder.advance (https://cdn.skypack.dev/-/google-protobuf@v3.21.2-YDUqZL2TTSsy2lGtfuND/dist=es2019,mode=imports/optimized/google-protobuf.js:4081:18)
    at jspb.BinaryReader.skipFixed64Field (https://cdn.skypack.dev/-/google-protobuf@v3.21.2-YDUqZL2TTSsy2lGtfuND/dist=es2019,mode=imports/optimized/google-protobuf.js:4409:163)
    at jspb.BinaryReader.skipField (https://cdn.skypack.dev/-/google-protobuf@v3.21.2-YDUqZL2TTSsy2lGtfuND/dist=es2019,mode=imports/optimized/google-protobuf.js:4432:14)
    at Function.deserialize (file:///Users/thesayyn/Documents/thesayyn/protoc-gen-ts/target/debug/build/protoc_gen_ts-8cec2bec66276c47/out/test_conformance/test_messages_proto2.ts:865:24)
    at file:///Users/thesayyn/Documents/thesayyn/protoc-gen-ts/tests/conformance/bin/main.ts:30:78

  protobuf_test_messages.proto3.TestAllTypesProto3 1
  Error: Assertion failed
    at Object.jspb.asserts.doAssertFailure (https://cdn.skypack.dev/-/google-protobuf@v3.21.2-YDUqZL2TTSsy2lGtfuND/dist=es2019,mode=imports/optimized/google-protobuf.js:778:11)
    at Object.jspb.asserts.assert (https://cdn.skypack.dev/-/google-protobuf@v3.21.2-YDUqZL2TTSsy2lGtfuND/dist=es2019,mode=imports/optimized/google-protobuf.js:783:23)
    at jspb.BinaryDecoder.readUint32 (https://cdn.skypack.dev/-/google-protobuf@v3.21.2-YDUqZL2TTSsy2lGtfuND/dist=es2019,mode=imports/optimized/google-protobuf.js:4202:18)
    at jspb.BinaryDecoder.readInt64 (https://cdn.skypack.dev/-/google-protobuf@v3.21.2-YDUqZL2TTSsy2lGtfuND/dist=es2019,mode=imports/optimized/google-protobuf.js:4232:41)
    at jspb.BinaryReader.readPackedField_ (https://cdn.skypack.dev/-/google-protobuf@v3.21.2-YDUqZL2TTSsy2lGtfuND/dist=es2019,mode=imports/optimized/google-protobuf.js:4676:16)
    at jspb.BinaryReader.readPackedSfixed64 (https://cdn.skypack.dev/-/google-protobuf@v3.21.2-YDUqZL2TTSsy2lGtfuND/dist=es2019,mode=imports/optimized/google-protobuf.js:4734:17)
    at Function.deserialize (file:///Users/thesayyn/Documents/thesayyn/protoc-gen-ts/target/debug/build/protoc_gen_ts-8cec2bec66276c47/out/test_conformance/test_messages_proto3.ts:277:80)
    at file:///Users/thesayyn/Documents/thesayyn/protoc-gen-ts/tests/conformance/bin/main.ts:23:78

  protobuf_test_messages.proto2.TestAllTypesProto2 1
  Error: Assertion failed
    at Object.jspb.asserts.doAssertFailure (https://cdn.skypack.dev/-/google-protobuf@v3.21.2-YDUqZL2TTSsy2lGtfuND/dist=es2019,mode=imports/optimized/google-protobuf.js:778:11)
    at Object.jspb.asserts.assert (https://cdn.skypack.dev/-/google-protobuf@v3.21.2-YDUqZL2TTSsy2lGtfuND/dist=es2019,mode=imports/optimized/google-protobuf.js:783:23)
    at jspb.BinaryReader.readSfixed64 (https://cdn.skypack.dev/-/google-protobuf@v3.21.2-YDUqZL2TTSsy2lGtfuND/dist=es2019,mode=imports/optimized/google-protobuf.js:4605:18)
    at Function.deserialize (file:///Users/thesayyn/Documents/thesayyn/protoc-gen-ts/target/debug/build/protoc_gen_ts-8cec2bec66276c47/out/test_conformance/test_messages_proto2.ts:241:55)
    at file:///Users/thesayyn/Documents/thesayyn/protoc-gen-ts/tests/conformance/bin/main.ts:30:78

  protobuf_test_messages.proto3.TestAllTypesProto3 1
  Error: Assertion failed
    at Object.jspb.asserts.doAssertFailure (https://cdn.skypack.dev/-/google-protobuf@v3.21.2-YDUqZL2TTSsy2lGtfuND/dist=es2019,mode=imports/optimized/google-protobuf.js:778:11)
    at Object.jspb.asserts.assert (https://cdn.skypack.dev/-/google-protobuf@v3.21.2-YDUqZL2TTSsy2lGtfuND/dist=es2019,mode=imports/optimized/google-protobuf.js:783:23)
    at jspb.BinaryDecoder.readUint32 (https://cdn.skypack.dev/-/google-protobuf@v3.21.2-YDUqZL2TTSsy2lGtfuND/dist=es2019,mode=imports/optimized/google-protobuf.js:4202:18)
    at jspb.BinaryDecoder.readInt64 (https://cdn.skypack.dev/-/google-protobuf@v3.21.2-YDUqZL2TTSsy2lGtfuND/dist=es2019,mode=imports/optimized/google-protobuf.js:4232:18)
    at jspb.BinaryReader.readPackedField_ (https://cdn.skypack.dev/-/google-protobuf@v3.21.2-YDUqZL2TTSsy2lGtfuND/dist=es2019,mode=imports/optimized/google-protobuf.js:4676:16)
    at jspb.BinaryReader.readPackedSfixed64 (https://cdn.skypack.dev/-/google-protobuf@v3.21.2-YDUqZL2TTSsy2lGtfuND/dist=es2019,mode=imports/optimized/google-protobuf.js:4734:17)
    at Function.deserialize (file:///Users/thesayyn/Documents/thesayyn/protoc-gen-ts/target/debug/build/protoc_gen_ts-8cec2bec66276c47/out/test_conformance/test_messages_proto3.ts:277:80)
    at file:///Users/thesayyn/Documents/thesayyn/protoc-gen-ts/tests/conformance/bin/main.ts:23:78

  protobuf_test_messages.proto2.TestAllTypesProto2 1
  Error: Assertion failed
    at Object.jspb.asserts.doAssertFailure (https://cdn.skypack.dev/-/google-protobuf@v3.21.2-YDUqZL2TTSsy2lGtfuND/dist=es2019,mode=imports/optimized/google-protobuf.js:778:11)
    at Object.jspb.asserts.assert (https://cdn.skypack.dev/-/google-protobuf@v3.21.2-YDUqZL2TTSsy2lGtfuND/dist=es2019,mode=imports/optimized/google-protobuf.js:783:23)
    at jspb.BinaryReader.readSfixed64 (https://cdn.skypack.dev/-/google-protobuf@v3.21.2-YDUqZL2TTSsy2lGtfuND/dist=es2019,mode=imports/optimized/google-protobuf.js:4605:18)
    at Function.deserialize (file:///Users/thesayyn/Documents/thesayyn/protoc-gen-ts/target/debug/build/protoc_gen_ts-8cec2bec66276c47/out/test_conformance/test_messages_proto2.ts:241:55)
    at file:///Users/thesayyn/Documents/thesayyn/protoc-gen-ts/tests/conformance/bin/main.ts:30:78

  protobuf_test_messages.proto3.TestAllTypesProto3 1
  Error: Assertion failed
    at Object.jspb.asserts.doAssertFailure (https://cdn.skypack.dev/-/google-protobuf@v3.21.2-YDUqZL2TTSsy2lGtfuND/dist=es2019,mode=imports/optimized/google-protobuf.js:778:11)
    at Object.jspb.asserts.assert (https://cdn.skypack.dev/-/google-protobuf@v3.21.2-YDUqZL2TTSsy2lGtfuND/dist=es2019,mode=imports/optimized/google-protobuf.js:783:23)
    at jspb.BinaryDecoder.readUnsignedVarint32 (https://cdn.skypack.dev/-/google-protobuf@v3.21.2-YDUqZL2TTSsy2lGtfuND/dist=es2019,mode=imports/optimized/google-protobuf.js:4150:18)
    at jspb.BinaryDecoder.readZigzagVarint32 (https://cdn.skypack.dev/-/google-protobuf@v3.21.2-YDUqZL2TTSsy2lGtfuND/dist=es2019,mode=imports/optimized/google-protobuf.js:4163:18)
    at jspb.BinaryReader.readSint32 (https://cdn.skypack.dev/-/google-protobuf@v3.21.2-YDUqZL2TTSsy2lGtfuND/dist=es2019,mode=imports/optimized/google-protobuf.js:4569:26)
    at Function.deserialize (file:///Users/thesayyn/Documents/thesayyn/protoc-gen-ts/target/debug/build/protoc_gen_ts-8cec2bec66276c47/out/test_conformance/test_messages_proto3.ts:184:50)
    at file:///Users/thesayyn/Documents/thesayyn/protoc-gen-ts/tests/conformance/bin/main.ts:23:78

  protobuf_test_messages.proto2.TestAllTypesProto2 1
  Error: Assertion failed
    at Object.jspb.asserts.doAssertFailure (https://cdn.skypack.dev/-/google-protobuf@v3.21.2-YDUqZL2TTSsy2lGtfuND/dist=es2019,mode=imports/optimized/google-protobuf.js:778:11)
    at Object.jspb.asserts.assert (https://cdn.skypack.dev/-/google-protobuf@v3.21.2-YDUqZL2TTSsy2lGtfuND/dist=es2019,mode=imports/optimized/google-protobuf.js:783:23)
    at jspb.BinaryDecoder.readUnsignedVarint32 (https://cdn.skypack.dev/-/google-protobuf@v3.21.2-YDUqZL2TTSsy2lGtfuND/dist=es2019,mode=imports/optimized/google-protobuf.js:4150:18)
    at jspb.BinaryDecoder.readZigzagVarint32 (https://cdn.skypack.dev/-/google-protobuf@v3.21.2-YDUqZL2TTSsy2lGtfuND/dist=es2019,mode=imports/optimized/google-protobuf.js:4163:18)
    at jspb.BinaryReader.readSint32 (https://cdn.skypack.dev/-/google-protobuf@v3.21.2-YDUqZL2TTSsy2lGtfuND/dist=es2019,mode=imports/optimized/google-protobuf.js:4569:26)
    at Function.deserialize (file:///Users/thesayyn/Documents/thesayyn/protoc-gen-ts/target/debug/build/protoc_gen_ts-8cec2bec66276c47/out/test_conformance/test_messages_proto2.ts:160:50)
    at file:///Users/thesayyn/Documents/thesayyn/protoc-gen-ts/tests/conformance/bin/main.ts:30:78

  protobuf_test_messages.proto3.TestAllTypesProto3 1
  Error: Assertion failed
    at Object.jspb.asserts.doAssertFailure (https://cdn.skypack.dev/-/google-protobuf@v3.21.2-YDUqZL2TTSsy2lGtfuND/dist=es2019,mode=imports/optimized/google-protobuf.js:778:11)
    at Object.jspb.asserts.assert (https://cdn.skypack.dev/-/google-protobuf@v3.21.2-YDUqZL2TTSsy2lGtfuND/dist=es2019,mode=imports/optimized/google-protobuf.js:783:23)
    at jspb.BinaryDecoder.readUnsignedVarint32 (https://cdn.skypack.dev/-/google-protobuf@v3.21.2-YDUqZL2TTSsy2lGtfuND/dist=es2019,mode=imports/optimized/google-protobuf.js:4150:18)
    at jspb.BinaryDecoder.readZigzagVarint32 (https://cdn.skypack.dev/-/google-protobuf@v3.21.2-YDUqZL2TTSsy2lGtfuND/dist=es2019,mode=imports/optimized/google-protobuf.js:4163:18)
    at jspb.BinaryReader.readSint32 (https://cdn.skypack.dev/-/google-protobuf@v3.21.2-YDUqZL2TTSsy2lGtfuND/dist=es2019,mode=imports/optimized/google-protobuf.js:4569:26)
    at Function.deserialize (file:///Users/thesayyn/Documents/thesayyn/protoc-gen-ts/target/debug/build/protoc_gen_ts-8cec2bec66276c47/out/test_conformance/test_messages_proto3.ts:258:58)
    at file:///Users/thesayyn/Documents/thesayyn/protoc-gen-ts/tests/conformance/bin/main.ts:23:78

  protobuf_test_messages.proto2.TestAllTypesProto2 1
  Error: Assertion failed
    at Object.jspb.asserts.doAssertFailure (https://cdn.skypack.dev/-/google-protobuf@v3.21.2-YDUqZL2TTSsy2lGtfuND/dist=es2019,mode=imports/optimized/google-protobuf.js:778:11)
    at Object.jspb.asserts.assert (https://cdn.skypack.dev/-/google-protobuf@v3.21.2-YDUqZL2TTSsy2lGtfuND/dist=es2019,mode=imports/optimized/google-protobuf.js:783:23)
    at jspb.BinaryDecoder.readUnsignedVarint32 (https://cdn.skypack.dev/-/google-protobuf@v3.21.2-YDUqZL2TTSsy2lGtfuND/dist=es2019,mode=imports/optimized/google-protobuf.js:4150:18)
    at jspb.BinaryDecoder.readZigzagVarint32 (https://cdn.skypack.dev/-/google-protobuf@v3.21.2-YDUqZL2TTSsy2lGtfuND/dist=es2019,mode=imports/optimized/google-protobuf.js:4163:18)
    at jspb.BinaryReader.readSint32 (https://cdn.skypack.dev/-/google-protobuf@v3.21.2-YDUqZL2TTSsy2lGtfuND/dist=es2019,mode=imports/optimized/google-protobuf.js:4569:26)
    at Function.deserialize (file:///Users/thesayyn/Documents/thesayyn/protoc-gen-ts/target/debug/build/protoc_gen_ts-8cec2bec66276c47/out/test_conformance/test_messages_proto2.ts:226:53)
    at file:///Users/thesayyn/Documents/thesayyn/protoc-gen-ts/tests/conformance/bin/main.ts:30:78

  protobuf_test_messages.proto3.TestAllTypesProto3 1
  Error: Failure: Decoder hit an error
    at Object.jspb.asserts.fail (https://cdn.skypack.dev/-/google-protobuf@v3.21.2-YDUqZL2TTSsy2lGtfuND/dist=es2019,mode=imports/optimized/google-protobuf.js:801:11)
    at jspb.BinaryReader.nextField (https://cdn.skypack.dev/-/google-protobuf@v3.21.2-YDUqZL2TTSsy2lGtfuND/dist=es2019,mode=imports/optimized/google-protobuf.js:4374:27)
    at Function.deserialize (file:///Users/thesayyn/Documents/thesayyn/protoc-gen-ts/target/debug/build/protoc_gen_ts-8cec2bec66276c47/out/test_conformance/test_messages_proto3.ts:169:18)
    at file:///Users/thesayyn/Documents/thesayyn/protoc-gen-ts/tests/conformance/bin/main.ts:23:78

  protobuf_test_messages.proto2.TestAllTypesProto2 1
  Error: Failure: Decoder hit an error
    at Object.jspb.asserts.fail (https://cdn.skypack.dev/-/google-protobuf@v3.21.2-YDUqZL2TTSsy2lGtfuND/dist=es2019,mode=imports/optimized/google-protobuf.js:801:11)
    at jspb.BinaryReader.nextField (https://cdn.skypack.dev/-/google-protobuf@v3.21.2-YDUqZL2TTSsy2lGtfuND/dist=es2019,mode=imports/optimized/google-protobuf.js:4374:27)
    at Function.deserialize (file:///Users/thesayyn/Documents/thesayyn/protoc-gen-ts/target/debug/build/protoc_gen_ts-8cec2bec66276c47/out/test_conformance/test_messages_proto2.ts:145:18)
    at file:///Users/thesayyn/Documents/thesayyn/protoc-gen-ts/tests/conformance/bin/main.ts:30:78

  protobuf_test_messages.proto3.TestAllTypesProto3 1
  Error: Assertion failed
    at Object.jspb.asserts.doAssertFailure (https://cdn.skypack.dev/-/google-protobuf@v3.21.2-YDUqZL2TTSsy2lGtfuND/dist=es2019,mode=imports/optimized/google-protobuf.js:778:11)
    at Object.jspb.asserts.assert (https://cdn.skypack.dev/-/google-protobuf@v3.21.2-YDUqZL2TTSsy2lGtfuND/dist=es2019,mode=imports/optimized/google-protobuf.js:783:23)
    at jspb.BinaryDecoder.readUnsignedVarint32 (https://cdn.skypack.dev/-/google-protobuf@v3.21.2-YDUqZL2TTSsy2lGtfuND/dist=es2019,mode=imports/optimized/google-protobuf.js:4150:18)
    at jspb.BinaryDecoder.readZigzagVarint32 (https://cdn.skypack.dev/-/google-protobuf@v3.21.2-YDUqZL2TTSsy2lGtfuND/dist=es2019,mode=imports/optimized/google-protobuf.js:4163:18)
    at jspb.BinaryReader.readSint32 (https://cdn.skypack.dev/-/google-protobuf@v3.21.2-YDUqZL2TTSsy2lGtfuND/dist=es2019,mode=imports/optimized/google-protobuf.js:4569:26)
    at Function.deserialize (file:///Users/thesayyn/Documents/thesayyn/protoc-gen-ts/target/debug/build/protoc_gen_ts-8cec2bec66276c47/out/test_conformance/test_messages_proto3.ts:184:50)
    at file:///Users/thesayyn/Documents/thesayyn/protoc-gen-ts/tests/conformance/bin/main.ts:23:78

  protobuf_test_messages.proto2.TestAllTypesProto2 1
  Error: Assertion failed
    at Object.jspb.asserts.doAssertFailure (https://cdn.skypack.dev/-/google-protobuf@v3.21.2-YDUqZL2TTSsy2lGtfuND/dist=es2019,mode=imports/optimized/google-protobuf.js:778:11)
    at Object.jspb.asserts.assert (https://cdn.skypack.dev/-/google-protobuf@v3.21.2-YDUqZL2TTSsy2lGtfuND/dist=es2019,mode=imports/optimized/google-protobuf.js:783:23)
    at jspb.BinaryDecoder.readUnsignedVarint32 (https://cdn.skypack.dev/-/google-protobuf@v3.21.2-YDUqZL2TTSsy2lGtfuND/dist=es2019,mode=imports/optimized/google-protobuf.js:4150:18)
    at jspb.BinaryDecoder.readZigzagVarint32 (https://cdn.skypack.dev/-/google-protobuf@v3.21.2-YDUqZL2TTSsy2lGtfuND/dist=es2019,mode=imports/optimized/google-protobuf.js:4163:18)
    at jspb.BinaryReader.readSint32 (https://cdn.skypack.dev/-/google-protobuf@v3.21.2-YDUqZL2TTSsy2lGtfuND/dist=es2019,mode=imports/optimized/google-protobuf.js:4569:26)
    at Function.deserialize (file:///Users/thesayyn/Documents/thesayyn/protoc-gen-ts/target/debug/build/protoc_gen_ts-8cec2bec66276c47/out/test_conformance/test_messages_proto2.ts:160:50)
    at file:///Users/thesayyn/Documents/thesayyn/protoc-gen-ts/tests/conformance/bin/main.ts:30:78

  protobuf_test_messages.proto3.TestAllTypesProto3 1
  Error: Assertion failed
    at Object.jspb.asserts.doAssertFailure (https://cdn.skypack.dev/-/google-protobuf@v3.21.2-YDUqZL2TTSsy2lGtfuND/dist=es2019,mode=imports/optimized/google-protobuf.js:778:11)
    at Object.jspb.asserts.assert (https://cdn.skypack.dev/-/google-protobuf@v3.21.2-YDUqZL2TTSsy2lGtfuND/dist=es2019,mode=imports/optimized/google-protobuf.js:783:23)
    at jspb.BinaryDecoder.readUnsignedVarint32 (https://cdn.skypack.dev/-/google-protobuf@v3.21.2-YDUqZL2TTSsy2lGtfuND/dist=es2019,mode=imports/optimized/google-protobuf.js:4150:18)
    at jspb.BinaryDecoder.readZigzagVarint32 (https://cdn.skypack.dev/-/google-protobuf@v3.21.2-YDUqZL2TTSsy2lGtfuND/dist=es2019,mode=imports/optimized/google-protobuf.js:4163:18)
    at jspb.BinaryReader.readSint32 (https://cdn.skypack.dev/-/google-protobuf@v3.21.2-YDUqZL2TTSsy2lGtfuND/dist=es2019,mode=imports/optimized/google-protobuf.js:4569:26)
    at Function.deserialize (file:///Users/thesayyn/Documents/thesayyn/protoc-gen-ts/target/debug/build/protoc_gen_ts-8cec2bec66276c47/out/test_conformance/test_messages_proto3.ts:258:58)
    at file:///Users/thesayyn/Documents/thesayyn/protoc-gen-ts/tests/conformance/bin/main.ts:23:78

  protobuf_test_messages.proto2.TestAllTypesProto2 1
  Error: Assertion failed
    at Object.jspb.asserts.doAssertFailure (https://cdn.skypack.dev/-/google-protobuf@v3.21.2-YDUqZL2TTSsy2lGtfuND/dist=es2019,mode=imports/optimized/google-protobuf.js:778:11)
    at Object.jspb.asserts.assert (https://cdn.skypack.dev/-/google-protobuf@v3.21.2-YDUqZL2TTSsy2lGtfuND/dist=es2019,mode=imports/optimized/google-protobuf.js:783:23)
    at jspb.BinaryDecoder.readUnsignedVarint32 (https://cdn.skypack.dev/-/google-protobuf@v3.21.2-YDUqZL2TTSsy2lGtfuND/dist=es2019,mode=imports/optimized/google-protobuf.js:4150:18)
    at jspb.BinaryDecoder.readZigzagVarint32 (https://cdn.skypack.dev/-/google-protobuf@v3.21.2-YDUqZL2TTSsy2lGtfuND/dist=es2019,mode=imports/optimized/google-protobuf.js:4163:18)
    at jspb.BinaryReader.readSint32 (https://cdn.skypack.dev/-/google-protobuf@v3.21.2-YDUqZL2TTSsy2lGtfuND/dist=es2019,mode=imports/optimized/google-protobuf.js:4569:26)
    at Function.deserialize (file:///Users/thesayyn/Documents/thesayyn/protoc-gen-ts/target/debug/build/protoc_gen_ts-8cec2bec66276c47/out/test_conformance/test_messages_proto2.ts:226:53)
    at file:///Users/thesayyn/Documents/thesayyn/protoc-gen-ts/tests/conformance/bin/main.ts:30:78

  protobuf_test_messages.proto3.TestAllTypesProto3 1
  Error: Failure: Decoder hit an error
    at Object.jspb.asserts.fail (https://cdn.skypack.dev/-/google-protobuf@v3.21.2-YDUqZL2TTSsy2lGtfuND/dist=es2019,mode=imports/optimized/google-protobuf.js:801:11)
    at jspb.BinaryReader.nextField (https://cdn.skypack.dev/-/google-protobuf@v3.21.2-YDUqZL2TTSsy2lGtfuND/dist=es2019,mode=imports/optimized/google-protobuf.js:4374:27)
    at Function.deserialize (file:///Users/thesayyn/Documents/thesayyn/protoc-gen-ts/target/debug/build/protoc_gen_ts-8cec2bec66276c47/out/test_conformance/test_messages_proto3.ts:169:18)
    at file:///Users/thesayyn/Documents/thesayyn/protoc-gen-ts/tests/conformance/bin/main.ts:23:78

  protobuf_test_messages.proto2.TestAllTypesProto2 1
  Error: Failure: Decoder hit an error
    at Object.jspb.asserts.fail (https://cdn.skypack.dev/-/google-protobuf@v3.21.2-YDUqZL2TTSsy2lGtfuND/dist=es2019,mode=imports/optimized/google-protobuf.js:801:11)
    at jspb.BinaryReader.nextField (https://cdn.skypack.dev/-/google-protobuf@v3.21.2-YDUqZL2TTSsy2lGtfuND/dist=es2019,mode=imports/optimized/google-protobuf.js:4374:27)
    at Function.deserialize (file:///Users/thesayyn/Documents/thesayyn/protoc-gen-ts/target/debug/build/protoc_gen_ts-8cec2bec66276c47/out/test_conformance/test_messages_proto2.ts:145:18)
    at file:///Users/thesayyn/Documents/thesayyn/protoc-gen-ts/tests/conformance/bin/main.ts:30:78

  protobuf_test_messages.proto3.TestAllTypesProto3 1
  Error: Assertion failed
    at Object.jspb.asserts.doAssertFailure (https://cdn.skypack.dev/-/google-protobuf@v3.21.2-YDUqZL2TTSsy2lGtfuND/dist=es2019,mode=imports/optimized/google-protobuf.js:778:11)
    at Object.jspb.asserts.assert (https://cdn.skypack.dev/-/google-protobuf@v3.21.2-YDUqZL2TTSsy2lGtfuND/dist=es2019,mode=imports/optimized/google-protobuf.js:783:23)
    at jspb.BinaryDecoder.readUnsignedVarint32 (https://cdn.skypack.dev/-/google-protobuf@v3.21.2-YDUqZL2TTSsy2lGtfuND/dist=es2019,mode=imports/optimized/google-protobuf.js:4150:18)
    at jspb.BinaryDecoder.readZigzagVarint32 (https://cdn.skypack.dev/-/google-protobuf@v3.21.2-YDUqZL2TTSsy2lGtfuND/dist=es2019,mode=imports/optimized/google-protobuf.js:4163:18)
    at jspb.BinaryReader.readPackedField_ (https://cdn.skypack.dev/-/google-protobuf@v3.21.2-YDUqZL2TTSsy2lGtfuND/dist=es2019,mode=imports/optimized/google-protobuf.js:4676:16)
    at jspb.BinaryReader.readPackedSint32 (https://cdn.skypack.dev/-/google-protobuf@v3.21.2-YDUqZL2TTSsy2lGtfuND/dist=es2019,mode=imports/optimized/google-protobuf.js:4708:17)
    at Function.deserialize (file:///Users/thesayyn/Documents/thesayyn/protoc-gen-ts/target/debug/build/protoc_gen_ts-8cec2bec66276c47/out/test_conformance/test_messages_proto3.ts:257:78)
    at file:///Users/thesayyn/Documents/thesayyn/protoc-gen-ts/tests/conformance/bin/main.ts:23:78

  protobuf_test_messages.proto2.TestAllTypesProto2 1
  Error: Assertion failed
    at Object.jspb.asserts.doAssertFailure (https://cdn.skypack.dev/-/google-protobuf@v3.21.2-YDUqZL2TTSsy2lGtfuND/dist=es2019,mode=imports/optimized/google-protobuf.js:778:11)
    at Object.jspb.asserts.assert (https://cdn.skypack.dev/-/google-protobuf@v3.21.2-YDUqZL2TTSsy2lGtfuND/dist=es2019,mode=imports/optimized/google-protobuf.js:783:23)
    at jspb.BinaryReader.readSint32 (https://cdn.skypack.dev/-/google-protobuf@v3.21.2-YDUqZL2TTSsy2lGtfuND/dist=es2019,mode=imports/optimized/google-protobuf.js:4568:18)
    at Function.deserialize (file:///Users/thesayyn/Documents/thesayyn/protoc-gen-ts/target/debug/build/protoc_gen_ts-8cec2bec66276c47/out/test_conformance/test_messages_proto2.ts:226:53)
    at file:///Users/thesayyn/Documents/thesayyn/protoc-gen-ts/tests/conformance/bin/main.ts:30:78

  protobuf_test_messages.proto3.TestAllTypesProto3 1
  Error: Assertion failed
    at Object.jspb.asserts.doAssertFailure (https://cdn.skypack.dev/-/google-protobuf@v3.21.2-YDUqZL2TTSsy2lGtfuND/dist=es2019,mode=imports/optimized/google-protobuf.js:778:11)
    at Object.jspb.asserts.assert (https://cdn.skypack.dev/-/google-protobuf@v3.21.2-YDUqZL2TTSsy2lGtfuND/dist=es2019,mode=imports/optimized/google-protobuf.js:783:23)
    at jspb.BinaryDecoder.readUnsignedVarint32 (https://cdn.skypack.dev/-/google-protobuf@v3.21.2-YDUqZL2TTSsy2lGtfuND/dist=es2019,mode=imports/optimized/google-protobuf.js:4150:18)
    at jspb.BinaryDecoder.readZigzagVarint32 (https://cdn.skypack.dev/-/google-protobuf@v3.21.2-YDUqZL2TTSsy2lGtfuND/dist=es2019,mode=imports/optimized/google-protobuf.js:4163:18)
    at jspb.BinaryReader.readPackedField_ (https://cdn.skypack.dev/-/google-protobuf@v3.21.2-YDUqZL2TTSsy2lGtfuND/dist=es2019,mode=imports/optimized/google-protobuf.js:4676:16)
    at jspb.BinaryReader.readPackedSint32 (https://cdn.skypack.dev/-/google-protobuf@v3.21.2-YDUqZL2TTSsy2lGtfuND/dist=es2019,mode=imports/optimized/google-protobuf.js:4708:17)
    at Function.deserialize (file:///Users/thesayyn/Documents/thesayyn/protoc-gen-ts/target/debug/build/protoc_gen_ts-8cec2bec66276c47/out/test_conformance/test_messages_proto3.ts:257:78)
    at file:///Users/thesayyn/Documents/thesayyn/protoc-gen-ts/tests/conformance/bin/main.ts:23:78

  protobuf_test_messages.proto2.TestAllTypesProto2 1
  Error: Assertion failed
    at Object.jspb.asserts.doAssertFailure (https://cdn.skypack.dev/-/google-protobuf@v3.21.2-YDUqZL2TTSsy2lGtfuND/dist=es2019,mode=imports/optimized/google-protobuf.js:778:11)
    at Object.jspb.asserts.assert (https://cdn.skypack.dev/-/google-protobuf@v3.21.2-YDUqZL2TTSsy2lGtfuND/dist=es2019,mode=imports/optimized/google-protobuf.js:783:23)
    at jspb.BinaryReader.readSint32 (https://cdn.skypack.dev/-/google-protobuf@v3.21.2-YDUqZL2TTSsy2lGtfuND/dist=es2019,mode=imports/optimized/google-protobuf.js:4568:18)
    at Function.deserialize (file:///Users/thesayyn/Documents/thesayyn/protoc-gen-ts/target/debug/build/protoc_gen_ts-8cec2bec66276c47/out/test_conformance/test_messages_proto2.ts:226:53)
    at file:///Users/thesayyn/Documents/thesayyn/protoc-gen-ts/tests/conformance/bin/main.ts:30:78

  protobuf_test_messages.proto3.TestAllTypesProto3 1
  Error: Failure: Failed to read varint, encoding is invalid.
    at Object.jspb.asserts.fail (https://cdn.skypack.dev/-/google-protobuf@v3.21.2-YDUqZL2TTSsy2lGtfuND/dist=es2019,mode=imports/optimized/google-protobuf.js:801:11)
    at jspb.BinaryDecoder.readSplitVarint64 (https://cdn.skypack.dev/-/google-protobuf@v3.21.2-YDUqZL2TTSsy2lGtfuND/dist=es2019,mode=imports/optimized/google-protobuf.js:4101:18)
    at jspb.BinaryDecoder.readZigzagVarint64 (https://cdn.skypack.dev/-/google-protobuf@v3.21.2-YDUqZL2TTSsy2lGtfuND/dist=es2019,mode=imports/optimized/google-protobuf.js:4179:17)
    at jspb.BinaryReader.readSint64 (https://cdn.skypack.dev/-/google-protobuf@v3.21.2-YDUqZL2TTSsy2lGtfuND/dist=es2019,mode=imports/optimized/google-protobuf.js:4574:26)
    at Function.deserialize (file:///Users/thesayyn/Documents/thesayyn/protoc-gen-ts/target/debug/build/protoc_gen_ts-8cec2bec66276c47/out/test_conformance/test_messages_proto3.ts:187:50)
    at file:///Users/thesayyn/Documents/thesayyn/protoc-gen-ts/tests/conformance/bin/main.ts:23:78

  protobuf_test_messages.proto2.TestAllTypesProto2 1
  Error: Failure: Failed to read varint, encoding is invalid.
    at Object.jspb.asserts.fail (https://cdn.skypack.dev/-/google-protobuf@v3.21.2-YDUqZL2TTSsy2lGtfuND/dist=es2019,mode=imports/optimized/google-protobuf.js:801:11)
    at jspb.BinaryDecoder.readSplitVarint64 (https://cdn.skypack.dev/-/google-protobuf@v3.21.2-YDUqZL2TTSsy2lGtfuND/dist=es2019,mode=imports/optimized/google-protobuf.js:4101:18)
    at jspb.BinaryDecoder.readZigzagVarint64 (https://cdn.skypack.dev/-/google-protobuf@v3.21.2-YDUqZL2TTSsy2lGtfuND/dist=es2019,mode=imports/optimized/google-protobuf.js:4179:17)
    at jspb.BinaryReader.readSint64 (https://cdn.skypack.dev/-/google-protobuf@v3.21.2-YDUqZL2TTSsy2lGtfuND/dist=es2019,mode=imports/optimized/google-protobuf.js:4574:26)
    at Function.deserialize (file:///Users/thesayyn/Documents/thesayyn/protoc-gen-ts/target/debug/build/protoc_gen_ts-8cec2bec66276c47/out/test_conformance/test_messages_proto2.ts:163:50)
    at file:///Users/thesayyn/Documents/thesayyn/protoc-gen-ts/tests/conformance/bin/main.ts:30:78

  protobuf_test_messages.proto3.TestAllTypesProto3 1
  Error: Failure: Failed to read varint, encoding is invalid.
    at Object.jspb.asserts.fail (https://cdn.skypack.dev/-/google-protobuf@v3.21.2-YDUqZL2TTSsy2lGtfuND/dist=es2019,mode=imports/optimized/google-protobuf.js:801:11)
    at jspb.BinaryDecoder.readSplitVarint64 (https://cdn.skypack.dev/-/google-protobuf@v3.21.2-YDUqZL2TTSsy2lGtfuND/dist=es2019,mode=imports/optimized/google-protobuf.js:4101:18)
    at jspb.BinaryDecoder.readZigzagVarint64 (https://cdn.skypack.dev/-/google-protobuf@v3.21.2-YDUqZL2TTSsy2lGtfuND/dist=es2019,mode=imports/optimized/google-protobuf.js:4179:17)
    at jspb.BinaryReader.readSint64 (https://cdn.skypack.dev/-/google-protobuf@v3.21.2-YDUqZL2TTSsy2lGtfuND/dist=es2019,mode=imports/optimized/google-protobuf.js:4574:26)
    at Function.deserialize (file:///Users/thesayyn/Documents/thesayyn/protoc-gen-ts/target/debug/build/protoc_gen_ts-8cec2bec66276c47/out/test_conformance/test_messages_proto3.ts:262:58)
    at file:///Users/thesayyn/Documents/thesayyn/protoc-gen-ts/tests/conformance/bin/main.ts:23:78

  protobuf_test_messages.proto2.TestAllTypesProto2 1
  Error: Failure: Failed to read varint, encoding is invalid.
    at Object.jspb.asserts.fail (https://cdn.skypack.dev/-/google-protobuf@v3.21.2-YDUqZL2TTSsy2lGtfuND/dist=es2019,mode=imports/optimized/google-protobuf.js:801:11)
    at jspb.BinaryDecoder.readSplitVarint64 (https://cdn.skypack.dev/-/google-protobuf@v3.21.2-YDUqZL2TTSsy2lGtfuND/dist=es2019,mode=imports/optimized/google-protobuf.js:4101:18)
    at jspb.BinaryDecoder.readZigzagVarint64 (https://cdn.skypack.dev/-/google-protobuf@v3.21.2-YDUqZL2TTSsy2lGtfuND/dist=es2019,mode=imports/optimized/google-protobuf.js:4179:17)
    at jspb.BinaryReader.readSint64 (https://cdn.skypack.dev/-/google-protobuf@v3.21.2-YDUqZL2TTSsy2lGtfuND/dist=es2019,mode=imports/optimized/google-protobuf.js:4574:26)
    at Function.deserialize (file:///Users/thesayyn/Documents/thesayyn/protoc-gen-ts/target/debug/build/protoc_gen_ts-8cec2bec66276c47/out/test_conformance/test_messages_proto2.ts:229:53)
    at file:///Users/thesayyn/Documents/thesayyn/protoc-gen-ts/tests/conformance/bin/main.ts:30:78

  protobuf_test_messages.proto3.TestAllTypesProto3 1
  Error: Failure: Decoder hit an error
    at Object.jspb.asserts.fail (https://cdn.skypack.dev/-/google-protobuf@v3.21.2-YDUqZL2TTSsy2lGtfuND/dist=es2019,mode=imports/optimized/google-protobuf.js:801:11)
    at jspb.BinaryReader.nextField (https://cdn.skypack.dev/-/google-protobuf@v3.21.2-YDUqZL2TTSsy2lGtfuND/dist=es2019,mode=imports/optimized/google-protobuf.js:4374:27)
    at Function.deserialize (file:///Users/thesayyn/Documents/thesayyn/protoc-gen-ts/target/debug/build/protoc_gen_ts-8cec2bec66276c47/out/test_conformance/test_messages_proto3.ts:169:18)
    at file:///Users/thesayyn/Documents/thesayyn/protoc-gen-ts/tests/conformance/bin/main.ts:23:78

  protobuf_test_messages.proto2.TestAllTypesProto2 1
  Error: Failure: Decoder hit an error
    at Object.jspb.asserts.fail (https://cdn.skypack.dev/-/google-protobuf@v3.21.2-YDUqZL2TTSsy2lGtfuND/dist=es2019,mode=imports/optimized/google-protobuf.js:801:11)
    at jspb.BinaryReader.nextField (https://cdn.skypack.dev/-/google-protobuf@v3.21.2-YDUqZL2TTSsy2lGtfuND/dist=es2019,mode=imports/optimized/google-protobuf.js:4374:27)
    at Function.deserialize (file:///Users/thesayyn/Documents/thesayyn/protoc-gen-ts/target/debug/build/protoc_gen_ts-8cec2bec66276c47/out/test_conformance/test_messages_proto2.ts:145:18)
    at file:///Users/thesayyn/Documents/thesayyn/protoc-gen-ts/tests/conformance/bin/main.ts:30:78

  protobuf_test_messages.proto3.TestAllTypesProto3 1
  Error: Failure: Failed to read varint, encoding is invalid.
    at Object.jspb.asserts.fail (https://cdn.skypack.dev/-/google-protobuf@v3.21.2-YDUqZL2TTSsy2lGtfuND/dist=es2019,mode=imports/optimized/google-protobuf.js:801:11)
    at jspb.BinaryDecoder.readSplitVarint64 (https://cdn.skypack.dev/-/google-protobuf@v3.21.2-YDUqZL2TTSsy2lGtfuND/dist=es2019,mode=imports/optimized/google-protobuf.js:4101:18)
    at jspb.BinaryDecoder.readZigzagVarint64 (https://cdn.skypack.dev/-/google-protobuf@v3.21.2-YDUqZL2TTSsy2lGtfuND/dist=es2019,mode=imports/optimized/google-protobuf.js:4179:17)
    at jspb.BinaryReader.readSint64 (https://cdn.skypack.dev/-/google-protobuf@v3.21.2-YDUqZL2TTSsy2lGtfuND/dist=es2019,mode=imports/optimized/google-protobuf.js:4574:26)
    at Function.deserialize (file:///Users/thesayyn/Documents/thesayyn/protoc-gen-ts/target/debug/build/protoc_gen_ts-8cec2bec66276c47/out/test_conformance/test_messages_proto3.ts:187:50)
    at file:///Users/thesayyn/Documents/thesayyn/protoc-gen-ts/tests/conformance/bin/main.ts:23:78

  protobuf_test_messages.proto2.TestAllTypesProto2 1
  Error: Failure: Failed to read varint, encoding is invalid.
    at Object.jspb.asserts.fail (https://cdn.skypack.dev/-/google-protobuf@v3.21.2-YDUqZL2TTSsy2lGtfuND/dist=es2019,mode=imports/optimized/google-protobuf.js:801:11)
    at jspb.BinaryDecoder.readSplitVarint64 (https://cdn.skypack.dev/-/google-protobuf@v3.21.2-YDUqZL2TTSsy2lGtfuND/dist=es2019,mode=imports/optimized/google-protobuf.js:4101:18)
    at jspb.BinaryDecoder.readZigzagVarint64 (https://cdn.skypack.dev/-/google-protobuf@v3.21.2-YDUqZL2TTSsy2lGtfuND/dist=es2019,mode=imports/optimized/google-protobuf.js:4179:17)
    at jspb.BinaryReader.readSint64 (https://cdn.skypack.dev/-/google-protobuf@v3.21.2-YDUqZL2TTSsy2lGtfuND/dist=es2019,mode=imports/optimized/google-protobuf.js:4574:26)
    at Function.deserialize (file:///Users/thesayyn/Documents/thesayyn/protoc-gen-ts/target/debug/build/protoc_gen_ts-8cec2bec66276c47/out/test_conformance/test_messages_proto2.ts:163:50)
    at file:///Users/thesayyn/Documents/thesayyn/protoc-gen-ts/tests/conformance/bin/main.ts:30:78

  protobuf_test_messages.proto3.TestAllTypesProto3 1
  Error: Failure: Failed to read varint, encoding is invalid.
    at Object.jspb.asserts.fail (https://cdn.skypack.dev/-/google-protobuf@v3.21.2-YDUqZL2TTSsy2lGtfuND/dist=es2019,mode=imports/optimized/google-protobuf.js:801:11)
    at jspb.BinaryDecoder.readSplitVarint64 (https://cdn.skypack.dev/-/google-protobuf@v3.21.2-YDUqZL2TTSsy2lGtfuND/dist=es2019,mode=imports/optimized/google-protobuf.js:4101:18)
    at jspb.BinaryDecoder.readZigzagVarint64 (https://cdn.skypack.dev/-/google-protobuf@v3.21.2-YDUqZL2TTSsy2lGtfuND/dist=es2019,mode=imports/optimized/google-protobuf.js:4179:17)
    at jspb.BinaryReader.readSint64 (https://cdn.skypack.dev/-/google-protobuf@v3.21.2-YDUqZL2TTSsy2lGtfuND/dist=es2019,mode=imports/optimized/google-protobuf.js:4574:26)
    at Function.deserialize (file:///Users/thesayyn/Documents/thesayyn/protoc-gen-ts/target/debug/build/protoc_gen_ts-8cec2bec66276c47/out/test_conformance/test_messages_proto3.ts:262:58)
    at file:///Users/thesayyn/Documents/thesayyn/protoc-gen-ts/tests/conformance/bin/main.ts:23:78

  protobuf_test_messages.proto2.TestAllTypesProto2 1
  Error: Failure: Failed to read varint, encoding is invalid.
    at Object.jspb.asserts.fail (https://cdn.skypack.dev/-/google-protobuf@v3.21.2-YDUqZL2TTSsy2lGtfuND/dist=es2019,mode=imports/optimized/google-protobuf.js:801:11)
    at jspb.BinaryDecoder.readSplitVarint64 (https://cdn.skypack.dev/-/google-protobuf@v3.21.2-YDUqZL2TTSsy2lGtfuND/dist=es2019,mode=imports/optimized/google-protobuf.js:4101:18)
    at jspb.BinaryDecoder.readZigzagVarint64 (https://cdn.skypack.dev/-/google-protobuf@v3.21.2-YDUqZL2TTSsy2lGtfuND/dist=es2019,mode=imports/optimized/google-protobuf.js:4179:17)
    at jspb.BinaryReader.readSint64 (https://cdn.skypack.dev/-/google-protobuf@v3.21.2-YDUqZL2TTSsy2lGtfuND/dist=es2019,mode=imports/optimized/google-protobuf.js:4574:26)
    at Function.deserialize (file:///Users/thesayyn/Documents/thesayyn/protoc-gen-ts/target/debug/build/protoc_gen_ts-8cec2bec66276c47/out/test_conformance/test_messages_proto2.ts:229:53)
    at file:///Users/thesayyn/Documents/thesayyn/protoc-gen-ts/tests/conformance/bin/main.ts:30:78

  protobuf_test_messages.proto3.TestAllTypesProto3 1
  Error: Failure: Decoder hit an error
    at Object.jspb.asserts.fail (https://cdn.skypack.dev/-/google-protobuf@v3.21.2-YDUqZL2TTSsy2lGtfuND/dist=es2019,mode=imports/optimized/google-protobuf.js:801:11)
    at jspb.BinaryReader.nextField (https://cdn.skypack.dev/-/google-protobuf@v3.21.2-YDUqZL2TTSsy2lGtfuND/dist=es2019,mode=imports/optimized/google-protobuf.js:4374:27)
    at Function.deserialize (file:///Users/thesayyn/Documents/thesayyn/protoc-gen-ts/target/debug/build/protoc_gen_ts-8cec2bec66276c47/out/test_conformance/test_messages_proto3.ts:169:18)
    at file:///Users/thesayyn/Documents/thesayyn/protoc-gen-ts/tests/conformance/bin/main.ts:23:78

  protobuf_test_messages.proto2.TestAllTypesProto2 1
  Error: Failure: Decoder hit an error
    at Object.jspb.asserts.fail (https://cdn.skypack.dev/-/google-protobuf@v3.21.2-YDUqZL2TTSsy2lGtfuND/dist=es2019,mode=imports/optimized/google-protobuf.js:801:11)
    at jspb.BinaryReader.nextField (https://cdn.skypack.dev/-/google-protobuf@v3.21.2-YDUqZL2TTSsy2lGtfuND/dist=es2019,mode=imports/optimized/google-protobuf.js:4374:27)
    at Function.deserialize (file:///Users/thesayyn/Documents/thesayyn/protoc-gen-ts/target/debug/build/protoc_gen_ts-8cec2bec66276c47/out/test_conformance/test_messages_proto2.ts:145:18)
    at file:///Users/thesayyn/Documents/thesayyn/protoc-gen-ts/tests/conformance/bin/main.ts:30:78

  protobuf_test_messages.proto3.TestAllTypesProto3 1
  Error: Failure: Failed to read varint, encoding is invalid.
    at Object.jspb.asserts.fail (https://cdn.skypack.dev/-/google-protobuf@v3.21.2-YDUqZL2TTSsy2lGtfuND/dist=es2019,mode=imports/optimized/google-protobuf.js:801:11)
    at jspb.BinaryDecoder.readSplitVarint64 (https://cdn.skypack.dev/-/google-protobuf@v3.21.2-YDUqZL2TTSsy2lGtfuND/dist=es2019,mode=imports/optimized/google-protobuf.js:4101:18)
    at jspb.BinaryDecoder.readZigzagVarint64 (https://cdn.skypack.dev/-/google-protobuf@v3.21.2-YDUqZL2TTSsy2lGtfuND/dist=es2019,mode=imports/optimized/google-protobuf.js:4179:17)
    at jspb.BinaryReader.readPackedField_ (https://cdn.skypack.dev/-/google-protobuf@v3.21.2-YDUqZL2TTSsy2lGtfuND/dist=es2019,mode=imports/optimized/google-protobuf.js:4676:16)
    at jspb.BinaryReader.readPackedSint64 (https://cdn.skypack.dev/-/google-protobuf@v3.21.2-YDUqZL2TTSsy2lGtfuND/dist=es2019,mode=imports/optimized/google-protobuf.js:4712:17)
    at Function.deserialize (file:///Users/thesayyn/Documents/thesayyn/protoc-gen-ts/target/debug/build/protoc_gen_ts-8cec2bec66276c47/out/test_conformance/test_messages_proto3.ts:261:78)
    at file:///Users/thesayyn/Documents/thesayyn/protoc-gen-ts/tests/conformance/bin/main.ts:23:78

  protobuf_test_messages.proto2.TestAllTypesProto2 1
  Error: Assertion failed
    at Object.jspb.asserts.doAssertFailure (https://cdn.skypack.dev/-/google-protobuf@v3.21.2-YDUqZL2TTSsy2lGtfuND/dist=es2019,mode=imports/optimized/google-protobuf.js:778:11)
    at Object.jspb.asserts.assert (https://cdn.skypack.dev/-/google-protobuf@v3.21.2-YDUqZL2TTSsy2lGtfuND/dist=es2019,mode=imports/optimized/google-protobuf.js:783:23)
    at jspb.BinaryReader.readSint64 (https://cdn.skypack.dev/-/google-protobuf@v3.21.2-YDUqZL2TTSsy2lGtfuND/dist=es2019,mode=imports/optimized/google-protobuf.js:4573:18)
    at Function.deserialize (file:///Users/thesayyn/Documents/thesayyn/protoc-gen-ts/target/debug/build/protoc_gen_ts-8cec2bec66276c47/out/test_conformance/test_messages_proto2.ts:229:53)
    at file:///Users/thesayyn/Documents/thesayyn/protoc-gen-ts/tests/conformance/bin/main.ts:30:78

  protobuf_test_messages.proto3.TestAllTypesProto3 1
  Error: Failure: Failed to read varint, encoding is invalid.
    at Object.jspb.asserts.fail (https://cdn.skypack.dev/-/google-protobuf@v3.21.2-YDUqZL2TTSsy2lGtfuND/dist=es2019,mode=imports/optimized/google-protobuf.js:801:11)
    at jspb.BinaryDecoder.readSplitVarint64 (https://cdn.skypack.dev/-/google-protobuf@v3.21.2-YDUqZL2TTSsy2lGtfuND/dist=es2019,mode=imports/optimized/google-protobuf.js:4101:18)
    at jspb.BinaryDecoder.readZigzagVarint64 (https://cdn.skypack.dev/-/google-protobuf@v3.21.2-YDUqZL2TTSsy2lGtfuND/dist=es2019,mode=imports/optimized/google-protobuf.js:4179:17)
    at jspb.BinaryReader.readPackedField_ (https://cdn.skypack.dev/-/google-protobuf@v3.21.2-YDUqZL2TTSsy2lGtfuND/dist=es2019,mode=imports/optimized/google-protobuf.js:4676:16)
    at jspb.BinaryReader.readPackedSint64 (https://cdn.skypack.dev/-/google-protobuf@v3.21.2-YDUqZL2TTSsy2lGtfuND/dist=es2019,mode=imports/optimized/google-protobuf.js:4712:17)
    at Function.deserialize (file:///Users/thesayyn/Documents/thesayyn/protoc-gen-ts/target/debug/build/protoc_gen_ts-8cec2bec66276c47/out/test_conformance/test_messages_proto3.ts:261:78)
    at file:///Users/thesayyn/Documents/thesayyn/protoc-gen-ts/tests/conformance/bin/main.ts:23:78

  protobuf_test_messages.proto2.TestAllTypesProto2 1
  Error: Assertion failed
    at Object.jspb.asserts.doAssertFailure (https://cdn.skypack.dev/-/google-protobuf@v3.21.2-YDUqZL2TTSsy2lGtfuND/dist=es2019,mode=imports/optimized/google-protobuf.js:778:11)
    at Object.jspb.asserts.assert (https://cdn.skypack.dev/-/google-protobuf@v3.21.2-YDUqZL2TTSsy2lGtfuND/dist=es2019,mode=imports/optimized/google-protobuf.js:783:23)
    at jspb.BinaryReader.readSint64 (https://cdn.skypack.dev/-/google-protobuf@v3.21.2-YDUqZL2TTSsy2lGtfuND/dist=es2019,mode=imports/optimized/google-protobuf.js:4573:18)
    at Function.deserialize (file:///Users/thesayyn/Documents/thesayyn/protoc-gen-ts/target/debug/build/protoc_gen_ts-8cec2bec66276c47/out/test_conformance/test_messages_proto2.ts:229:53)
    at file:///Users/thesayyn/Documents/thesayyn/protoc-gen-ts/tests/conformance/bin/main.ts:30:78

  protobuf_test_messages.proto2.TestAllTypesProto2 1
  Error: Assertion failed
    at Object.jspb.asserts.doAssertFailure (https://cdn.skypack.dev/-/google-protobuf@v3.21.2-YDUqZL2TTSsy2lGtfuND/dist=es2019,mode=imports/optimized/google-protobuf.js:778:11)
    at Object.jspb.asserts.assert (https://cdn.skypack.dev/-/google-protobuf@v3.21.2-YDUqZL2TTSsy2lGtfuND/dist=es2019,mode=imports/optimized/google-protobuf.js:783:23)
    at jspb.BinaryReader.readDouble (https://cdn.skypack.dev/-/google-protobuf@v3.21.2-YDUqZL2TTSsy2lGtfuND/dist=es2019,mode=imports/optimized/google-protobuf.js:4619:18)
    at Function.deserialize (file:///Users/thesayyn/Documents/thesayyn/protoc-gen-ts/target/debug/build/protoc_gen_ts-8cec2bec66276c47/out/test_conformance/test_messages_proto2.ts:247:53)
    at file:///Users/thesayyn/Documents/thesayyn/protoc-gen-ts/tests/conformance/bin/main.ts:30:78

  protobuf_test_messages.proto2.TestAllTypesProto2 1
  Error: Assertion failed
    at Object.jspb.asserts.doAssertFailure (https://cdn.skypack.dev/-/google-protobuf@v3.21.2-YDUqZL2TTSsy2lGtfuND/dist=es2019,mode=imports/optimized/google-protobuf.js:778:11)
    at Object.jspb.asserts.assert (https://cdn.skypack.dev/-/google-protobuf@v3.21.2-YDUqZL2TTSsy2lGtfuND/dist=es2019,mode=imports/optimized/google-protobuf.js:783:23)
    at jspb.BinaryReader.readDouble (https://cdn.skypack.dev/-/google-protobuf@v3.21.2-YDUqZL2TTSsy2lGtfuND/dist=es2019,mode=imports/optimized/google-protobuf.js:4619:18)
    at Function.deserialize (file:///Users/thesayyn/Documents/thesayyn/protoc-gen-ts/target/debug/build/protoc_gen_ts-8cec2bec66276c47/out/test_conformance/test_messages_proto2.ts:247:53)
    at file:///Users/thesayyn/Documents/thesayyn/protoc-gen-ts/tests/conformance/bin/main.ts:30:78

  protobuf_test_messages.proto2.TestAllTypesProto2 1
  Error: Assertion failed
    at Object.jspb.asserts.doAssertFailure (https://cdn.skypack.dev/-/google-protobuf@v3.21.2-YDUqZL2TTSsy2lGtfuND/dist=es2019,mode=imports/optimized/google-protobuf.js:778:11)
    at Object.jspb.asserts.assert (https://cdn.skypack.dev/-/google-protobuf@v3.21.2-YDUqZL2TTSsy2lGtfuND/dist=es2019,mode=imports/optimized/google-protobuf.js:783:23)
    at jspb.BinaryReader.readDouble (https://cdn.skypack.dev/-/google-protobuf@v3.21.2-YDUqZL2TTSsy2lGtfuND/dist=es2019,mode=imports/optimized/google-protobuf.js:4619:18)
    at Function.deserialize (file:///Users/thesayyn/Documents/thesayyn/protoc-gen-ts/target/debug/build/protoc_gen_ts-8cec2bec66276c47/out/test_conformance/test_messages_proto2.ts:247:53)
    at file:///Users/thesayyn/Documents/thesayyn/protoc-gen-ts/tests/conformance/bin/main.ts:30:78

  protobuf_test_messages.proto3.TestAllTypesProto3 1
  Error: Assertion failed
    at Object.jspb.asserts.doAssertFailure (https://cdn.skypack.dev/-/google-protobuf@v3.21.2-YDUqZL2TTSsy2lGtfuND/dist=es2019,mode=imports/optimized/google-protobuf.js:778:11)
    at Object.jspb.asserts.assert (https://cdn.skypack.dev/-/google-protobuf@v3.21.2-YDUqZL2TTSsy2lGtfuND/dist=es2019,mode=imports/optimized/google-protobuf.js:783:23)
    at jspb.BinaryReader.readDouble (https://cdn.skypack.dev/-/google-protobuf@v3.21.2-YDUqZL2TTSsy2lGtfuND/dist=es2019,mode=imports/optimized/google-protobuf.js:4619:18)
    at Function.deserialize (file:///Users/thesayyn/Documents/thesayyn/protoc-gen-ts/target/debug/build/protoc_gen_ts-8cec2bec66276c47/out/test_conformance/test_messages_proto3.ts:408:53)
    at file:///Users/thesayyn/Documents/thesayyn/protoc-gen-ts/tests/conformance/bin/main.ts:23:78

  protobuf_test_messages.proto2.TestAllTypesProto2 1
  Error: Assertion failed
    at Object.jspb.asserts.doAssertFailure (https://cdn.skypack.dev/-/google-protobuf@v3.21.2-YDUqZL2TTSsy2lGtfuND/dist=es2019,mode=imports/optimized/google-protobuf.js:778:11)
    at Object.jspb.asserts.assert (https://cdn.skypack.dev/-/google-protobuf@v3.21.2-YDUqZL2TTSsy2lGtfuND/dist=es2019,mode=imports/optimized/google-protobuf.js:783:23)
    at jspb.BinaryReader.readFloat (https://cdn.skypack.dev/-/google-protobuf@v3.21.2-YDUqZL2TTSsy2lGtfuND/dist=es2019,mode=imports/optimized/google-protobuf.js:4614:18)
    at Function.deserialize (file:///Users/thesayyn/Documents/thesayyn/protoc-gen-ts/target/debug/build/protoc_gen_ts-8cec2bec66276c47/out/test_conformance/test_messages_proto2.ts:244:52)
    at file:///Users/thesayyn/Documents/thesayyn/protoc-gen-ts/tests/conformance/bin/main.ts:30:78

  protobuf_test_messages.proto2.TestAllTypesProto2 1
  Error: Assertion failed
    at Object.jspb.asserts.doAssertFailure (https://cdn.skypack.dev/-/google-protobuf@v3.21.2-YDUqZL2TTSsy2lGtfuND/dist=es2019,mode=imports/optimized/google-protobuf.js:778:11)
    at Object.jspb.asserts.assert (https://cdn.skypack.dev/-/google-protobuf@v3.21.2-YDUqZL2TTSsy2lGtfuND/dist=es2019,mode=imports/optimized/google-protobuf.js:783:23)
    at jspb.BinaryReader.readFloat (https://cdn.skypack.dev/-/google-protobuf@v3.21.2-YDUqZL2TTSsy2lGtfuND/dist=es2019,mode=imports/optimized/google-protobuf.js:4614:18)
    at Function.deserialize (file:///Users/thesayyn/Documents/thesayyn/protoc-gen-ts/target/debug/build/protoc_gen_ts-8cec2bec66276c47/out/test_conformance/test_messages_proto2.ts:244:52)
    at file:///Users/thesayyn/Documents/thesayyn/protoc-gen-ts/tests/conformance/bin/main.ts:30:78

  protobuf_test_messages.proto2.TestAllTypesProto2 1
  Error: Assertion failed
    at Object.jspb.asserts.doAssertFailure (https://cdn.skypack.dev/-/google-protobuf@v3.21.2-YDUqZL2TTSsy2lGtfuND/dist=es2019,mode=imports/optimized/google-protobuf.js:778:11)
    at Object.jspb.asserts.assert (https://cdn.skypack.dev/-/google-protobuf@v3.21.2-YDUqZL2TTSsy2lGtfuND/dist=es2019,mode=imports/optimized/google-protobuf.js:783:23)
    at jspb.BinaryReader.readFloat (https://cdn.skypack.dev/-/google-protobuf@v3.21.2-YDUqZL2TTSsy2lGtfuND/dist=es2019,mode=imports/optimized/google-protobuf.js:4614:18)
    at Function.deserialize (file:///Users/thesayyn/Documents/thesayyn/protoc-gen-ts/target/debug/build/protoc_gen_ts-8cec2bec66276c47/out/test_conformance/test_messages_proto2.ts:244:52)
    at file:///Users/thesayyn/Documents/thesayyn/protoc-gen-ts/tests/conformance/bin/main.ts:30:78

  protobuf_test_messages.proto3.TestAllTypesProto3 1
  Error: Assertion failed
    at Object.jspb.asserts.doAssertFailure (https://cdn.skypack.dev/-/google-protobuf@v3.21.2-YDUqZL2TTSsy2lGtfuND/dist=es2019,mode=imports/optimized/google-protobuf.js:778:11)
    at Object.jspb.asserts.assert (https://cdn.skypack.dev/-/google-protobuf@v3.21.2-YDUqZL2TTSsy2lGtfuND/dist=es2019,mode=imports/optimized/google-protobuf.js:783:23)
    at jspb.BinaryReader.readFloat (https://cdn.skypack.dev/-/google-protobuf@v3.21.2-YDUqZL2TTSsy2lGtfuND/dist=es2019,mode=imports/optimized/google-protobuf.js:4614:18)
    at Function.deserialize (file:///Users/thesayyn/Documents/thesayyn/protoc-gen-ts/target/debug/build/protoc_gen_ts-8cec2bec66276c47/out/test_conformance/test_messages_proto3.ts:405:52)
    at file:///Users/thesayyn/Documents/thesayyn/protoc-gen-ts/tests/conformance/bin/main.ts:23:78

  protobuf_test_messages.proto2.TestAllTypesProto2 1
  Error: Assertion failed
    at Object.jspb.asserts.doAssertFailure (https://cdn.skypack.dev/-/google-protobuf@v3.21.2-YDUqZL2TTSsy2lGtfuND/dist=es2019,mode=imports/optimized/google-protobuf.js:778:11)
    at Object.jspb.asserts.assert (https://cdn.skypack.dev/-/google-protobuf@v3.21.2-YDUqZL2TTSsy2lGtfuND/dist=es2019,mode=imports/optimized/google-protobuf.js:783:23)
    at jspb.BinaryWriter.writeInt64 (https://cdn.skypack.dev/-/google-protobuf@v3.21.2-YDUqZL2TTSsy2lGtfuND/dist=es2019,mode=imports/optimized/google-protobuf.js:5220:32)
    at protobuf_test_messages_proto2_TestAllTypesProto2.serialize (file:///Users/thesayyn/Documents/thesayyn/protoc-gen-ts/target/debug/build/protoc_gen_ts-8cec2bec66276c47/out/test_conformance/test_messages_proto2.ts:876:16)
    at file:///Users/thesayyn/Documents/thesayyn/protoc-gen-ts/tests/conformance/bin/main.ts:31:44

  protobuf_test_messages.proto2.TestAllTypesProto2 1
  Error: Assertion failed
    at Object.jspb.asserts.doAssertFailure (https://cdn.skypack.dev/-/google-protobuf@v3.21.2-YDUqZL2TTSsy2lGtfuND/dist=es2019,mode=imports/optimized/google-protobuf.js:778:11)
    at Object.jspb.asserts.assert (https://cdn.skypack.dev/-/google-protobuf@v3.21.2-YDUqZL2TTSsy2lGtfuND/dist=es2019,mode=imports/optimized/google-protobuf.js:783:23)
    at jspb.BinaryWriter.writeInt64 (https://cdn.skypack.dev/-/google-protobuf@v3.21.2-YDUqZL2TTSsy2lGtfuND/dist=es2019,mode=imports/optimized/google-protobuf.js:5220:32)
    at protobuf_test_messages_proto2_TestAllTypesProto2.serialize (file:///Users/thesayyn/Documents/thesayyn/protoc-gen-ts/target/debug/build/protoc_gen_ts-8cec2bec66276c47/out/test_conformance/test_messages_proto2.ts:876:16)
    at file:///Users/thesayyn/Documents/thesayyn/protoc-gen-ts/tests/conformance/bin/main.ts:31:44

  protobuf_test_messages.proto2.TestAllTypesProto2 1
  Error: Assertion failed
    at Object.jspb.asserts.doAssertFailure (https://cdn.skypack.dev/-/google-protobuf@v3.21.2-YDUqZL2TTSsy2lGtfuND/dist=es2019,mode=imports/optimized/google-protobuf.js:778:11)
    at Object.jspb.asserts.assert (https://cdn.skypack.dev/-/google-protobuf@v3.21.2-YDUqZL2TTSsy2lGtfuND/dist=es2019,mode=imports/optimized/google-protobuf.js:783:23)
    at jspb.BinaryWriter.writeInt64 (https://cdn.skypack.dev/-/google-protobuf@v3.21.2-YDUqZL2TTSsy2lGtfuND/dist=es2019,mode=imports/optimized/google-protobuf.js:5220:32)
    at protobuf_test_messages_proto2_TestAllTypesProto2.serialize (file:///Users/thesayyn/Documents/thesayyn/protoc-gen-ts/target/debug/build/protoc_gen_ts-8cec2bec66276c47/out/test_conformance/test_messages_proto2.ts:945:16)
    at file:///Users/thesayyn/Documents/thesayyn/protoc-gen-ts/tests/conformance/bin/main.ts:31:44

  protobuf_test_messages.proto2.TestAllTypesProto2 1
  Error: Assertion failed
    at Object.jspb.asserts.doAssertFailure (https://cdn.skypack.dev/-/google-protobuf@v3.21.2-YDUqZL2TTSsy2lGtfuND/dist=es2019,mode=imports/optimized/google-protobuf.js:778:11)
    at Object.jspb.asserts.assert (https://cdn.skypack.dev/-/google-protobuf@v3.21.2-YDUqZL2TTSsy2lGtfuND/dist=es2019,mode=imports/optimized/google-protobuf.js:783:23)
    at jspb.BinaryReader.readInt64 (https://cdn.skypack.dev/-/google-protobuf@v3.21.2-YDUqZL2TTSsy2lGtfuND/dist=es2019,mode=imports/optimized/google-protobuf.js:4541:18)
    at Function.deserialize (file:///Users/thesayyn/Documents/thesayyn/protoc-gen-ts/target/debug/build/protoc_gen_ts-8cec2bec66276c47/out/test_conformance/test_messages_proto2.ts:217:52)
    at file:///Users/thesayyn/Documents/thesayyn/protoc-gen-ts/tests/conformance/bin/main.ts:30:78

  protobuf_test_messages.proto2.TestAllTypesProto2 1
  Error: Assertion failed
    at Object.jspb.asserts.doAssertFailure (https://cdn.skypack.dev/-/google-protobuf@v3.21.2-YDUqZL2TTSsy2lGtfuND/dist=es2019,mode=imports/optimized/google-protobuf.js:778:11)
    at Object.jspb.asserts.assert (https://cdn.skypack.dev/-/google-protobuf@v3.21.2-YDUqZL2TTSsy2lGtfuND/dist=es2019,mode=imports/optimized/google-protobuf.js:783:23)
    at jspb.BinaryWriter.writeInt64 (https://cdn.skypack.dev/-/google-protobuf@v3.21.2-YDUqZL2TTSsy2lGtfuND/dist=es2019,mode=imports/optimized/google-protobuf.js:5220:32)
    at protobuf_test_messages_proto2_TestAllTypesProto2.serialize (file:///Users/thesayyn/Documents/thesayyn/protoc-gen-ts/target/debug/build/protoc_gen_ts-8cec2bec66276c47/out/test_conformance/test_messages_proto2.ts:945:16)
    at file:///Users/thesayyn/Documents/thesayyn/protoc-gen-ts/tests/conformance/bin/main.ts:31:44

  protobuf_test_messages.proto2.TestAllTypesProto2 1
  Error: Assertion failed
    at Object.jspb.asserts.doAssertFailure (https://cdn.skypack.dev/-/google-protobuf@v3.21.2-YDUqZL2TTSsy2lGtfuND/dist=es2019,mode=imports/optimized/google-protobuf.js:778:11)
    at Object.jspb.asserts.assert (https://cdn.skypack.dev/-/google-protobuf@v3.21.2-YDUqZL2TTSsy2lGtfuND/dist=es2019,mode=imports/optimized/google-protobuf.js:783:23)
    at jspb.BinaryReader.readInt64 (https://cdn.skypack.dev/-/google-protobuf@v3.21.2-YDUqZL2TTSsy2lGtfuND/dist=es2019,mode=imports/optimized/google-protobuf.js:4541:18)
    at Function.deserialize (file:///Users/thesayyn/Documents/thesayyn/protoc-gen-ts/target/debug/build/protoc_gen_ts-8cec2bec66276c47/out/test_conformance/test_messages_proto2.ts:217:52)
    at file:///Users/thesayyn/Documents/thesayyn/protoc-gen-ts/tests/conformance/bin/main.ts:30:78

  protobuf_test_messages.proto2.TestAllTypesProto2 1
  Error: Assertion failed
    at Object.jspb.asserts.doAssertFailure (https://cdn.skypack.dev/-/google-protobuf@v3.21.2-YDUqZL2TTSsy2lGtfuND/dist=es2019,mode=imports/optimized/google-protobuf.js:778:11)
    at Object.jspb.asserts.assert (https://cdn.skypack.dev/-/google-protobuf@v3.21.2-YDUqZL2TTSsy2lGtfuND/dist=es2019,mode=imports/optimized/google-protobuf.js:783:23)
    at jspb.BinaryEncoder.writeSignedVarint64 (https://cdn.skypack.dev/-/google-protobuf@v3.21.2-YDUqZL2TTSsy2lGtfuND/dist=es2019,mode=imports/optimized/google-protobuf.js:4814:18)
    at jspb.BinaryWriter.writePackedInt64 (https://cdn.skypack.dev/-/google-protobuf@v3.21.2-YDUqZL2TTSsy2lGtfuND/dist=es2019,mode=imports/optimized/google-protobuf.js:5530:23)
    at protobuf_test_messages_proto2_TestAllTypesProto2.serialize (file:///Users/thesayyn/Documents/thesayyn/protoc-gen-ts/target/debug/build/protoc_gen_ts-8cec2bec66276c47/out/test_conformance/test_messages_proto2.ts:1010:16)
    at file:///Users/thesayyn/Documents/thesayyn/protoc-gen-ts/tests/conformance/bin/main.ts:31:44

  protobuf_test_messages.proto2.TestAllTypesProto2 1
  Error: Assertion failed
    at Object.jspb.asserts.doAssertFailure (https://cdn.skypack.dev/-/google-protobuf@v3.21.2-YDUqZL2TTSsy2lGtfuND/dist=es2019,mode=imports/optimized/google-protobuf.js:778:11)
    at Object.jspb.asserts.assert (https://cdn.skypack.dev/-/google-protobuf@v3.21.2-YDUqZL2TTSsy2lGtfuND/dist=es2019,mode=imports/optimized/google-protobuf.js:783:23)
    at jspb.BinaryEncoder.writeSignedVarint64 (https://cdn.skypack.dev/-/google-protobuf@v3.21.2-YDUqZL2TTSsy2lGtfuND/dist=es2019,mode=imports/optimized/google-protobuf.js:4814:18)
    at jspb.BinaryWriter.writePackedInt64 (https://cdn.skypack.dev/-/google-protobuf@v3.21.2-YDUqZL2TTSsy2lGtfuND/dist=es2019,mode=imports/optimized/google-protobuf.js:5530:23)
    at protobuf_test_messages_proto2_TestAllTypesProto2.serialize (file:///Users/thesayyn/Documents/thesayyn/protoc-gen-ts/target/debug/build/protoc_gen_ts-8cec2bec66276c47/out/test_conformance/test_messages_proto2.ts:1010:16)
    at file:///Users/thesayyn/Documents/thesayyn/protoc-gen-ts/tests/conformance/bin/main.ts:31:44

  protobuf_test_messages.proto2.TestAllTypesProto2 1
  Error: Assertion failed
    at Object.jspb.asserts.doAssertFailure (https://cdn.skypack.dev/-/google-protobuf@v3.21.2-YDUqZL2TTSsy2lGtfuND/dist=es2019,mode=imports/optimized/google-protobuf.js:778:11)
    at Object.jspb.asserts.assert (https://cdn.skypack.dev/-/google-protobuf@v3.21.2-YDUqZL2TTSsy2lGtfuND/dist=es2019,mode=imports/optimized/google-protobuf.js:783:23)
    at jspb.BinaryWriter.writeInt64 (https://cdn.skypack.dev/-/google-protobuf@v3.21.2-YDUqZL2TTSsy2lGtfuND/dist=es2019,mode=imports/optimized/google-protobuf.js:5220:32)
    at protobuf_test_messages_proto2_TestAllTypesProto2.serialize (file:///Users/thesayyn/Documents/thesayyn/protoc-gen-ts/target/debug/build/protoc_gen_ts-8cec2bec66276c47/out/test_conformance/test_messages_proto2.ts:945:16)
    at file:///Users/thesayyn/Documents/thesayyn/protoc-gen-ts/tests/conformance/bin/main.ts:31:44

  protobuf_test_messages.proto2.TestAllTypesProto2 1
  Error: Assertion failed
    at Object.jspb.asserts.doAssertFailure (https://cdn.skypack.dev/-/google-protobuf@v3.21.2-YDUqZL2TTSsy2lGtfuND/dist=es2019,mode=imports/optimized/google-protobuf.js:778:11)
    at Object.jspb.asserts.assert (https://cdn.skypack.dev/-/google-protobuf@v3.21.2-YDUqZL2TTSsy2lGtfuND/dist=es2019,mode=imports/optimized/google-protobuf.js:783:23)
    at jspb.BinaryReader.readInt64 (https://cdn.skypack.dev/-/google-protobuf@v3.21.2-YDUqZL2TTSsy2lGtfuND/dist=es2019,mode=imports/optimized/google-protobuf.js:4541:18)
    at Function.deserialize (file:///Users/thesayyn/Documents/thesayyn/protoc-gen-ts/target/debug/build/protoc_gen_ts-8cec2bec66276c47/out/test_conformance/test_messages_proto2.ts:217:52)
    at file:///Users/thesayyn/Documents/thesayyn/protoc-gen-ts/tests/conformance/bin/main.ts:30:78

  protobuf_test_messages.proto3.TestAllTypesProto3 1
  Error: Assertion failed
    at Object.jspb.asserts.doAssertFailure (https://cdn.skypack.dev/-/google-protobuf@v3.21.2-YDUqZL2TTSsy2lGtfuND/dist=es2019,mode=imports/optimized/google-protobuf.js:778:11)
    at Object.jspb.asserts.assert (https://cdn.skypack.dev/-/google-protobuf@v3.21.2-YDUqZL2TTSsy2lGtfuND/dist=es2019,mode=imports/optimized/google-protobuf.js:783:23)
    at jspb.BinaryWriter.writeInt64 (https://cdn.skypack.dev/-/google-protobuf@v3.21.2-YDUqZL2TTSsy2lGtfuND/dist=es2019,mode=imports/optimized/google-protobuf.js:5220:32)
    at protobuf_test_messages_proto3_TestAllTypesProto3.serialize (file:///Users/thesayyn/Documents/thesayyn/protoc-gen-ts/target/debug/build/protoc_gen_ts-8cec2bec66276c47/out/test_conformance/test_messages_proto3.ts:969:16)
    at file:///Users/thesayyn/Documents/thesayyn/protoc-gen-ts/tests/conformance/bin/main.ts:24:44

  protobuf_test_messages.proto3.TestAllTypesProto3 1
  Error: Assertion failed
    at Object.jspb.asserts.doAssertFailure (https://cdn.skypack.dev/-/google-protobuf@v3.21.2-YDUqZL2TTSsy2lGtfuND/dist=es2019,mode=imports/optimized/google-protobuf.js:778:11)
    at Object.jspb.asserts.assert (https://cdn.skypack.dev/-/google-protobuf@v3.21.2-YDUqZL2TTSsy2lGtfuND/dist=es2019,mode=imports/optimized/google-protobuf.js:783:23)
    at jspb.BinaryWriter.writeInt64 (https://cdn.skypack.dev/-/google-protobuf@v3.21.2-YDUqZL2TTSsy2lGtfuND/dist=es2019,mode=imports/optimized/google-protobuf.js:5220:32)
    at protobuf_test_messages_proto3_TestAllTypesProto3.serialize (file:///Users/thesayyn/Documents/thesayyn/protoc-gen-ts/target/debug/build/protoc_gen_ts-8cec2bec66276c47/out/test_conformance/test_messages_proto3.ts:969:16)
    at file:///Users/thesayyn/Documents/thesayyn/protoc-gen-ts/tests/conformance/bin/main.ts:24:44

  protobuf_test_messages.proto3.TestAllTypesProto3 1
  Error: Assertion failed
    at Object.jspb.asserts.doAssertFailure (https://cdn.skypack.dev/-/google-protobuf@v3.21.2-YDUqZL2TTSsy2lGtfuND/dist=es2019,mode=imports/optimized/google-protobuf.js:778:11)
    at Object.jspb.asserts.assert (https://cdn.skypack.dev/-/google-protobuf@v3.21.2-YDUqZL2TTSsy2lGtfuND/dist=es2019,mode=imports/optimized/google-protobuf.js:783:23)
    at jspb.BinaryEncoder.writeSignedVarint64 (https://cdn.skypack.dev/-/google-protobuf@v3.21.2-YDUqZL2TTSsy2lGtfuND/dist=es2019,mode=imports/optimized/google-protobuf.js:4814:18)
    at jspb.BinaryWriter.writePackedInt64 (https://cdn.skypack.dev/-/google-protobuf@v3.21.2-YDUqZL2TTSsy2lGtfuND/dist=es2019,mode=imports/optimized/google-protobuf.js:5530:23)
    at protobuf_test_messages_proto3_TestAllTypesProto3.serialize (file:///Users/thesayyn/Documents/thesayyn/protoc-gen-ts/target/debug/build/protoc_gen_ts-8cec2bec66276c47/out/test_conformance/test_messages_proto3.ts:1041:16)
    at file:///Users/thesayyn/Documents/thesayyn/protoc-gen-ts/tests/conformance/bin/main.ts:24:44

  protobuf_test_messages.proto3.TestAllTypesProto3 1
  Error: Assertion failed
    at Object.jspb.asserts.doAssertFailure (https://cdn.skypack.dev/-/google-protobuf@v3.21.2-YDUqZL2TTSsy2lGtfuND/dist=es2019,mode=imports/optimized/google-protobuf.js:778:11)
    at Object.jspb.asserts.assert (https://cdn.skypack.dev/-/google-protobuf@v3.21.2-YDUqZL2TTSsy2lGtfuND/dist=es2019,mode=imports/optimized/google-protobuf.js:783:23)
    at jspb.BinaryEncoder.writeSignedVarint64 (https://cdn.skypack.dev/-/google-protobuf@v3.21.2-YDUqZL2TTSsy2lGtfuND/dist=es2019,mode=imports/optimized/google-protobuf.js:4814:18)
    at jspb.BinaryWriter.writePackedInt64 (https://cdn.skypack.dev/-/google-protobuf@v3.21.2-YDUqZL2TTSsy2lGtfuND/dist=es2019,mode=imports/optimized/google-protobuf.js:5530:23)
    at protobuf_test_messages_proto3_TestAllTypesProto3.serialize (file:///Users/thesayyn/Documents/thesayyn/protoc-gen-ts/target/debug/build/protoc_gen_ts-8cec2bec66276c47/out/test_conformance/test_messages_proto3.ts:1041:16)
    at file:///Users/thesayyn/Documents/thesayyn/protoc-gen-ts/tests/conformance/bin/main.ts:24:44

  protobuf_test_messages.proto3.TestAllTypesProto3 1
  Error: Assertion failed
    at Object.jspb.asserts.doAssertFailure (https://cdn.skypack.dev/-/google-protobuf@v3.21.2-YDUqZL2TTSsy2lGtfuND/dist=es2019,mode=imports/optimized/google-protobuf.js:778:11)
    at Object.jspb.asserts.assert (https://cdn.skypack.dev/-/google-protobuf@v3.21.2-YDUqZL2TTSsy2lGtfuND/dist=es2019,mode=imports/optimized/google-protobuf.js:783:23)
    at jspb.BinaryEncoder.writeSignedVarint64 (https://cdn.skypack.dev/-/google-protobuf@v3.21.2-YDUqZL2TTSsy2lGtfuND/dist=es2019,mode=imports/optimized/google-protobuf.js:4814:18)
    at jspb.BinaryWriter.writePackedInt64 (https://cdn.skypack.dev/-/google-protobuf@v3.21.2-YDUqZL2TTSsy2lGtfuND/dist=es2019,mode=imports/optimized/google-protobuf.js:5530:23)
    at protobuf_test_messages_proto3_TestAllTypesProto3.serialize (file:///Users/thesayyn/Documents/thesayyn/protoc-gen-ts/target/debug/build/protoc_gen_ts-8cec2bec66276c47/out/test_conformance/test_messages_proto3.ts:1041:16)
    at file:///Users/thesayyn/Documents/thesayyn/protoc-gen-ts/tests/conformance/bin/main.ts:24:44

  protobuf_test_messages.proto3.TestAllTypesProto3 1
  Error: Assertion failed
    at Object.jspb.asserts.doAssertFailure (https://cdn.skypack.dev/-/google-protobuf@v3.21.2-YDUqZL2TTSsy2lGtfuND/dist=es2019,mode=imports/optimized/google-protobuf.js:778:11)
    at Object.jspb.asserts.assert (https://cdn.skypack.dev/-/google-protobuf@v3.21.2-YDUqZL2TTSsy2lGtfuND/dist=es2019,mode=imports/optimized/google-protobuf.js:783:23)
    at jspb.BinaryEncoder.writeSignedVarint64 (https://cdn.skypack.dev/-/google-protobuf@v3.21.2-YDUqZL2TTSsy2lGtfuND/dist=es2019,mode=imports/optimized/google-protobuf.js:4814:18)
    at jspb.BinaryWriter.writePackedInt64 (https://cdn.skypack.dev/-/google-protobuf@v3.21.2-YDUqZL2TTSsy2lGtfuND/dist=es2019,mode=imports/optimized/google-protobuf.js:5530:23)
    at protobuf_test_messages_proto3_TestAllTypesProto3.serialize (file:///Users/thesayyn/Documents/thesayyn/protoc-gen-ts/target/debug/build/protoc_gen_ts-8cec2bec66276c47/out/test_conformance/test_messages_proto3.ts:1041:16)
    at file:///Users/thesayyn/Documents/thesayyn/protoc-gen-ts/tests/conformance/bin/main.ts:24:44

  protobuf_test_messages.proto3.TestAllTypesProto3 1
  Error: Assertion failed
    at Object.jspb.asserts.doAssertFailure (https://cdn.skypack.dev/-/google-protobuf@v3.21.2-YDUqZL2TTSsy2lGtfuND/dist=es2019,mode=imports/optimized/google-protobuf.js:778:11)
    at Object.jspb.asserts.assert (https://cdn.skypack.dev/-/google-protobuf@v3.21.2-YDUqZL2TTSsy2lGtfuND/dist=es2019,mode=imports/optimized/google-protobuf.js:783:23)
    at jspb.BinaryEncoder.writeSignedVarint64 (https://cdn.skypack.dev/-/google-protobuf@v3.21.2-YDUqZL2TTSsy2lGtfuND/dist=es2019,mode=imports/optimized/google-protobuf.js:4814:18)
    at jspb.BinaryWriter.writePackedInt64 (https://cdn.skypack.dev/-/google-protobuf@v3.21.2-YDUqZL2TTSsy2lGtfuND/dist=es2019,mode=imports/optimized/google-protobuf.js:5530:23)
    at protobuf_test_messages_proto3_TestAllTypesProto3.serialize (file:///Users/thesayyn/Documents/thesayyn/protoc-gen-ts/target/debug/build/protoc_gen_ts-8cec2bec66276c47/out/test_conformance/test_messages_proto3.ts:1041:16)
    at file:///Users/thesayyn/Documents/thesayyn/protoc-gen-ts/tests/conformance/bin/main.ts:24:44

  protobuf_test_messages.proto3.TestAllTypesProto3 1
  Error: Assertion failed
    at Object.jspb.asserts.doAssertFailure (https://cdn.skypack.dev/-/google-protobuf@v3.21.2-YDUqZL2TTSsy2lGtfuND/dist=es2019,mode=imports/optimized/google-protobuf.js:778:11)
    at Object.jspb.asserts.assert (https://cdn.skypack.dev/-/google-protobuf@v3.21.2-YDUqZL2TTSsy2lGtfuND/dist=es2019,mode=imports/optimized/google-protobuf.js:783:23)
    at jspb.BinaryEncoder.writeSignedVarint64 (https://cdn.skypack.dev/-/google-protobuf@v3.21.2-YDUqZL2TTSsy2lGtfuND/dist=es2019,mode=imports/optimized/google-protobuf.js:4814:18)
    at jspb.BinaryWriter.writePackedInt64 (https://cdn.skypack.dev/-/google-protobuf@v3.21.2-YDUqZL2TTSsy2lGtfuND/dist=es2019,mode=imports/optimized/google-protobuf.js:5530:23)
    at protobuf_test_messages_proto3_TestAllTypesProto3.serialize (file:///Users/thesayyn/Documents/thesayyn/protoc-gen-ts/target/debug/build/protoc_gen_ts-8cec2bec66276c47/out/test_conformance/test_messages_proto3.ts:1041:16)
    at file:///Users/thesayyn/Documents/thesayyn/protoc-gen-ts/tests/conformance/bin/main.ts:24:44

  protobuf_test_messages.proto3.TestAllTypesProto3 1
  Error: Assertion failed
    at Object.jspb.asserts.doAssertFailure (https://cdn.skypack.dev/-/google-protobuf@v3.21.2-YDUqZL2TTSsy2lGtfuND/dist=es2019,mode=imports/optimized/google-protobuf.js:778:11)
    at Object.jspb.asserts.assert (https://cdn.skypack.dev/-/google-protobuf@v3.21.2-YDUqZL2TTSsy2lGtfuND/dist=es2019,mode=imports/optimized/google-protobuf.js:783:23)
    at jspb.BinaryWriter.writeInt64 (https://cdn.skypack.dev/-/google-protobuf@v3.21.2-YDUqZL2TTSsy2lGtfuND/dist=es2019,mode=imports/optimized/google-protobuf.js:5220:32)
    at protobuf_test_messages_proto3_TestAllTypesProto3.serialize (file:///Users/thesayyn/Documents/thesayyn/protoc-gen-ts/target/debug/build/protoc_gen_ts-8cec2bec66276c47/out/test_conformance/test_messages_proto3.ts:1148:16)
    at file:///Users/thesayyn/Documents/thesayyn/protoc-gen-ts/tests/conformance/bin/main.ts:24:44

  protobuf_test_messages.proto3.TestAllTypesProto3 1
  Error: Assertion failed
    at Object.jspb.asserts.doAssertFailure (https://cdn.skypack.dev/-/google-protobuf@v3.21.2-YDUqZL2TTSsy2lGtfuND/dist=es2019,mode=imports/optimized/google-protobuf.js:778:11)
    at Object.jspb.asserts.assert (https://cdn.skypack.dev/-/google-protobuf@v3.21.2-YDUqZL2TTSsy2lGtfuND/dist=es2019,mode=imports/optimized/google-protobuf.js:783:23)
    at jspb.BinaryReader.readInt64 (https://cdn.skypack.dev/-/google-protobuf@v3.21.2-YDUqZL2TTSsy2lGtfuND/dist=es2019,mode=imports/optimized/google-protobuf.js:4541:18)
    at Function.deserialize (file:///Users/thesayyn/Documents/thesayyn/protoc-gen-ts/target/debug/build/protoc_gen_ts-8cec2bec66276c47/out/test_conformance/test_messages_proto3.ts:378:52)
    at file:///Users/thesayyn/Documents/thesayyn/protoc-gen-ts/tests/conformance/bin/main.ts:23:78

  protobuf_test_messages.proto2.TestAllTypesProto2 1
  Error: Assertion failed
    at Object.jspb.asserts.doAssertFailure (https://cdn.skypack.dev/-/google-protobuf@v3.21.2-YDUqZL2TTSsy2lGtfuND/dist=es2019,mode=imports/optimized/google-protobuf.js:778:11)
    at Object.jspb.asserts.assert (https://cdn.skypack.dev/-/google-protobuf@v3.21.2-YDUqZL2TTSsy2lGtfuND/dist=es2019,mode=imports/optimized/google-protobuf.js:783:23)
    at jspb.BinaryWriter.writeUint64 (https://cdn.skypack.dev/-/google-protobuf@v3.21.2-YDUqZL2TTSsy2lGtfuND/dist=es2019,mode=imports/optimized/google-protobuf.js:5234:32)
    at protobuf_test_messages_proto2_TestAllTypesProto2.serialize (file:///Users/thesayyn/Documents/thesayyn/protoc-gen-ts/target/debug/build/protoc_gen_ts-8cec2bec66276c47/out/test_conformance/test_messages_proto2.ts:882:16)
    at file:///Users/thesayyn/Documents/thesayyn/protoc-gen-ts/tests/conformance/bin/main.ts:31:44

  protobuf_test_messages.proto2.TestAllTypesProto2 1
  Error: Assertion failed
    at Object.jspb.asserts.doAssertFailure (https://cdn.skypack.dev/-/google-protobuf@v3.21.2-YDUqZL2TTSsy2lGtfuND/dist=es2019,mode=imports/optimized/google-protobuf.js:778:11)
    at Object.jspb.asserts.assert (https://cdn.skypack.dev/-/google-protobuf@v3.21.2-YDUqZL2TTSsy2lGtfuND/dist=es2019,mode=imports/optimized/google-protobuf.js:783:23)
    at jspb.BinaryWriter.writeUint64 (https://cdn.skypack.dev/-/google-protobuf@v3.21.2-YDUqZL2TTSsy2lGtfuND/dist=es2019,mode=imports/optimized/google-protobuf.js:5234:32)
    at protobuf_test_messages_proto2_TestAllTypesProto2.serialize (file:///Users/thesayyn/Documents/thesayyn/protoc-gen-ts/target/debug/build/protoc_gen_ts-8cec2bec66276c47/out/test_conformance/test_messages_proto2.ts:882:16)
    at file:///Users/thesayyn/Documents/thesayyn/protoc-gen-ts/tests/conformance/bin/main.ts:31:44

  protobuf_test_messages.proto2.TestAllTypesProto2 1
  Error: Assertion failed
    at Object.jspb.asserts.doAssertFailure (https://cdn.skypack.dev/-/google-protobuf@v3.21.2-YDUqZL2TTSsy2lGtfuND/dist=es2019,mode=imports/optimized/google-protobuf.js:778:11)
    at Object.jspb.asserts.assert (https://cdn.skypack.dev/-/google-protobuf@v3.21.2-YDUqZL2TTSsy2lGtfuND/dist=es2019,mode=imports/optimized/google-protobuf.js:783:23)
    at jspb.BinaryWriter.writeUint64 (https://cdn.skypack.dev/-/google-protobuf@v3.21.2-YDUqZL2TTSsy2lGtfuND/dist=es2019,mode=imports/optimized/google-protobuf.js:5234:32)
    at protobuf_test_messages_proto2_TestAllTypesProto2.serialize (file:///Users/thesayyn/Documents/thesayyn/protoc-gen-ts/target/debug/build/protoc_gen_ts-8cec2bec66276c47/out/test_conformance/test_messages_proto2.ts:882:16)
    at file:///Users/thesayyn/Documents/thesayyn/protoc-gen-ts/tests/conformance/bin/main.ts:31:44

  protobuf_test_messages.proto2.TestAllTypesProto2 1
  Error: Assertion failed
    at Object.jspb.asserts.doAssertFailure (https://cdn.skypack.dev/-/google-protobuf@v3.21.2-YDUqZL2TTSsy2lGtfuND/dist=es2019,mode=imports/optimized/google-protobuf.js:778:11)
    at Object.jspb.asserts.assert (https://cdn.skypack.dev/-/google-protobuf@v3.21.2-YDUqZL2TTSsy2lGtfuND/dist=es2019,mode=imports/optimized/google-protobuf.js:783:23)
    at jspb.BinaryWriter.writeUint64 (https://cdn.skypack.dev/-/google-protobuf@v3.21.2-YDUqZL2TTSsy2lGtfuND/dist=es2019,mode=imports/optimized/google-protobuf.js:5234:32)
    at protobuf_test_messages_proto2_TestAllTypesProto2.serialize (file:///Users/thesayyn/Documents/thesayyn/protoc-gen-ts/target/debug/build/protoc_gen_ts-8cec2bec66276c47/out/test_conformance/test_messages_proto2.ts:951:16)
    at file:///Users/thesayyn/Documents/thesayyn/protoc-gen-ts/tests/conformance/bin/main.ts:31:44

  protobuf_test_messages.proto2.TestAllTypesProto2 1
  Error: Assertion failed
    at Object.jspb.asserts.doAssertFailure (https://cdn.skypack.dev/-/google-protobuf@v3.21.2-YDUqZL2TTSsy2lGtfuND/dist=es2019,mode=imports/optimized/google-protobuf.js:778:11)
    at Object.jspb.asserts.assert (https://cdn.skypack.dev/-/google-protobuf@v3.21.2-YDUqZL2TTSsy2lGtfuND/dist=es2019,mode=imports/optimized/google-protobuf.js:783:23)
    at jspb.BinaryReader.readUint64 (https://cdn.skypack.dev/-/google-protobuf@v3.21.2-YDUqZL2TTSsy2lGtfuND/dist=es2019,mode=imports/optimized/google-protobuf.js:4559:18)
    at Function.deserialize (file:///Users/thesayyn/Documents/thesayyn/protoc-gen-ts/target/debug/build/protoc_gen_ts-8cec2bec66276c47/out/test_conformance/test_messages_proto2.ts:223:53)
    at file:///Users/thesayyn/Documents/thesayyn/protoc-gen-ts/tests/conformance/bin/main.ts:30:78

  protobuf_test_messages.proto2.TestAllTypesProto2 1
  Error: Assertion failed
    at Object.jspb.asserts.doAssertFailure (https://cdn.skypack.dev/-/google-protobuf@v3.21.2-YDUqZL2TTSsy2lGtfuND/dist=es2019,mode=imports/optimized/google-protobuf.js:778:11)
    at Object.jspb.asserts.assert (https://cdn.skypack.dev/-/google-protobuf@v3.21.2-YDUqZL2TTSsy2lGtfuND/dist=es2019,mode=imports/optimized/google-protobuf.js:783:23)
    at jspb.BinaryWriter.writeUint64 (https://cdn.skypack.dev/-/google-protobuf@v3.21.2-YDUqZL2TTSsy2lGtfuND/dist=es2019,mode=imports/optimized/google-protobuf.js:5234:32)
    at protobuf_test_messages_proto2_TestAllTypesProto2.serialize (file:///Users/thesayyn/Documents/thesayyn/protoc-gen-ts/target/debug/build/protoc_gen_ts-8cec2bec66276c47/out/test_conformance/test_messages_proto2.ts:951:16)
    at file:///Users/thesayyn/Documents/thesayyn/protoc-gen-ts/tests/conformance/bin/main.ts:31:44

  protobuf_test_messages.proto2.TestAllTypesProto2 1
  Error: Assertion failed
    at Object.jspb.asserts.doAssertFailure (https://cdn.skypack.dev/-/google-protobuf@v3.21.2-YDUqZL2TTSsy2lGtfuND/dist=es2019,mode=imports/optimized/google-protobuf.js:778:11)
    at Object.jspb.asserts.assert (https://cdn.skypack.dev/-/google-protobuf@v3.21.2-YDUqZL2TTSsy2lGtfuND/dist=es2019,mode=imports/optimized/google-protobuf.js:783:23)
    at jspb.BinaryReader.readUint64 (https://cdn.skypack.dev/-/google-protobuf@v3.21.2-YDUqZL2TTSsy2lGtfuND/dist=es2019,mode=imports/optimized/google-protobuf.js:4559:18)
    at Function.deserialize (file:///Users/thesayyn/Documents/thesayyn/protoc-gen-ts/target/debug/build/protoc_gen_ts-8cec2bec66276c47/out/test_conformance/test_messages_proto2.ts:223:53)
    at file:///Users/thesayyn/Documents/thesayyn/protoc-gen-ts/tests/conformance/bin/main.ts:30:78

  protobuf_test_messages.proto2.TestAllTypesProto2 1
  Error: Assertion failed
    at Object.jspb.asserts.doAssertFailure (https://cdn.skypack.dev/-/google-protobuf@v3.21.2-YDUqZL2TTSsy2lGtfuND/dist=es2019,mode=imports/optimized/google-protobuf.js:778:11)
    at Object.jspb.asserts.assert (https://cdn.skypack.dev/-/google-protobuf@v3.21.2-YDUqZL2TTSsy2lGtfuND/dist=es2019,mode=imports/optimized/google-protobuf.js:783:23)
    at jspb.BinaryEncoder.writeUnsignedVarint64 (https://cdn.skypack.dev/-/google-protobuf@v3.21.2-YDUqZL2TTSsy2lGtfuND/dist=es2019,mode=imports/optimized/google-protobuf.js:4808:18)
    at jspb.BinaryWriter.writePackedUint64 (https://cdn.skypack.dev/-/google-protobuf@v3.21.2-YDUqZL2TTSsy2lGtfuND/dist=es2019,mode=imports/optimized/google-protobuf.js:5592:23)
    at protobuf_test_messages_proto2_TestAllTypesProto2.serialize (file:///Users/thesayyn/Documents/thesayyn/protoc-gen-ts/target/debug/build/protoc_gen_ts-8cec2bec66276c47/out/test_conformance/test_messages_proto2.ts:1016:16)
    at file:///Users/thesayyn/Documents/thesayyn/protoc-gen-ts/tests/conformance/bin/main.ts:31:44

  protobuf_test_messages.proto2.TestAllTypesProto2 1
  Error: Assertion failed
    at Object.jspb.asserts.doAssertFailure (https://cdn.skypack.dev/-/google-protobuf@v3.21.2-YDUqZL2TTSsy2lGtfuND/dist=es2019,mode=imports/optimized/google-protobuf.js:778:11)
    at Object.jspb.asserts.assert (https://cdn.skypack.dev/-/google-protobuf@v3.21.2-YDUqZL2TTSsy2lGtfuND/dist=es2019,mode=imports/optimized/google-protobuf.js:783:23)
    at jspb.BinaryEncoder.writeUnsignedVarint64 (https://cdn.skypack.dev/-/google-protobuf@v3.21.2-YDUqZL2TTSsy2lGtfuND/dist=es2019,mode=imports/optimized/google-protobuf.js:4808:18)
    at jspb.BinaryWriter.writePackedUint64 (https://cdn.skypack.dev/-/google-protobuf@v3.21.2-YDUqZL2TTSsy2lGtfuND/dist=es2019,mode=imports/optimized/google-protobuf.js:5592:23)
    at protobuf_test_messages_proto2_TestAllTypesProto2.serialize (file:///Users/thesayyn/Documents/thesayyn/protoc-gen-ts/target/debug/build/protoc_gen_ts-8cec2bec66276c47/out/test_conformance/test_messages_proto2.ts:1016:16)
    at file:///Users/thesayyn/Documents/thesayyn/protoc-gen-ts/tests/conformance/bin/main.ts:31:44

  protobuf_test_messages.proto2.TestAllTypesProto2 1
  Error: Assertion failed
    at Object.jspb.asserts.doAssertFailure (https://cdn.skypack.dev/-/google-protobuf@v3.21.2-YDUqZL2TTSsy2lGtfuND/dist=es2019,mode=imports/optimized/google-protobuf.js:778:11)
    at Object.jspb.asserts.assert (https://cdn.skypack.dev/-/google-protobuf@v3.21.2-YDUqZL2TTSsy2lGtfuND/dist=es2019,mode=imports/optimized/google-protobuf.js:783:23)
    at jspb.BinaryWriter.writeUint64 (https://cdn.skypack.dev/-/google-protobuf@v3.21.2-YDUqZL2TTSsy2lGtfuND/dist=es2019,mode=imports/optimized/google-protobuf.js:5234:32)
    at protobuf_test_messages_proto2_TestAllTypesProto2.serialize (file:///Users/thesayyn/Documents/thesayyn/protoc-gen-ts/target/debug/build/protoc_gen_ts-8cec2bec66276c47/out/test_conformance/test_messages_proto2.ts:951:16)
    at file:///Users/thesayyn/Documents/thesayyn/protoc-gen-ts/tests/conformance/bin/main.ts:31:44

  protobuf_test_messages.proto2.TestAllTypesProto2 1
  Error: Assertion failed
    at Object.jspb.asserts.doAssertFailure (https://cdn.skypack.dev/-/google-protobuf@v3.21.2-YDUqZL2TTSsy2lGtfuND/dist=es2019,mode=imports/optimized/google-protobuf.js:778:11)
    at Object.jspb.asserts.assert (https://cdn.skypack.dev/-/google-protobuf@v3.21.2-YDUqZL2TTSsy2lGtfuND/dist=es2019,mode=imports/optimized/google-protobuf.js:783:23)
    at jspb.BinaryReader.readUint64 (https://cdn.skypack.dev/-/google-protobuf@v3.21.2-YDUqZL2TTSsy2lGtfuND/dist=es2019,mode=imports/optimized/google-protobuf.js:4559:18)
    at Function.deserialize (file:///Users/thesayyn/Documents/thesayyn/protoc-gen-ts/target/debug/build/protoc_gen_ts-8cec2bec66276c47/out/test_conformance/test_messages_proto2.ts:223:53)
    at file:///Users/thesayyn/Documents/thesayyn/protoc-gen-ts/tests/conformance/bin/main.ts:30:78

  protobuf_test_messages.proto3.TestAllTypesProto3 1
  Error: Assertion failed
    at Object.jspb.asserts.doAssertFailure (https://cdn.skypack.dev/-/google-protobuf@v3.21.2-YDUqZL2TTSsy2lGtfuND/dist=es2019,mode=imports/optimized/google-protobuf.js:778:11)
    at Object.jspb.asserts.assert (https://cdn.skypack.dev/-/google-protobuf@v3.21.2-YDUqZL2TTSsy2lGtfuND/dist=es2019,mode=imports/optimized/google-protobuf.js:783:23)
    at jspb.BinaryWriter.writeUint64 (https://cdn.skypack.dev/-/google-protobuf@v3.21.2-YDUqZL2TTSsy2lGtfuND/dist=es2019,mode=imports/optimized/google-protobuf.js:5234:32)
    at protobuf_test_messages_proto3_TestAllTypesProto3.serialize (file:///Users/thesayyn/Documents/thesayyn/protoc-gen-ts/target/debug/build/protoc_gen_ts-8cec2bec66276c47/out/test_conformance/test_messages_proto3.ts:975:16)
    at file:///Users/thesayyn/Documents/thesayyn/protoc-gen-ts/tests/conformance/bin/main.ts:24:44

  protobuf_test_messages.proto3.TestAllTypesProto3 1
  Error: Assertion failed
    at Object.jspb.asserts.doAssertFailure (https://cdn.skypack.dev/-/google-protobuf@v3.21.2-YDUqZL2TTSsy2lGtfuND/dist=es2019,mode=imports/optimized/google-protobuf.js:778:11)
    at Object.jspb.asserts.assert (https://cdn.skypack.dev/-/google-protobuf@v3.21.2-YDUqZL2TTSsy2lGtfuND/dist=es2019,mode=imports/optimized/google-protobuf.js:783:23)
    at jspb.BinaryWriter.writeUint64 (https://cdn.skypack.dev/-/google-protobuf@v3.21.2-YDUqZL2TTSsy2lGtfuND/dist=es2019,mode=imports/optimized/google-protobuf.js:5234:32)
    at protobuf_test_messages_proto3_TestAllTypesProto3.serialize (file:///Users/thesayyn/Documents/thesayyn/protoc-gen-ts/target/debug/build/protoc_gen_ts-8cec2bec66276c47/out/test_conformance/test_messages_proto3.ts:975:16)
    at file:///Users/thesayyn/Documents/thesayyn/protoc-gen-ts/tests/conformance/bin/main.ts:24:44

  protobuf_test_messages.proto3.TestAllTypesProto3 1
  Error: Assertion failed
    at Object.jspb.asserts.doAssertFailure (https://cdn.skypack.dev/-/google-protobuf@v3.21.2-YDUqZL2TTSsy2lGtfuND/dist=es2019,mode=imports/optimized/google-protobuf.js:778:11)
    at Object.jspb.asserts.assert (https://cdn.skypack.dev/-/google-protobuf@v3.21.2-YDUqZL2TTSsy2lGtfuND/dist=es2019,mode=imports/optimized/google-protobuf.js:783:23)
    at jspb.BinaryWriter.writeUint64 (https://cdn.skypack.dev/-/google-protobuf@v3.21.2-YDUqZL2TTSsy2lGtfuND/dist=es2019,mode=imports/optimized/google-protobuf.js:5234:32)
    at protobuf_test_messages_proto3_TestAllTypesProto3.serialize (file:///Users/thesayyn/Documents/thesayyn/protoc-gen-ts/target/debug/build/protoc_gen_ts-8cec2bec66276c47/out/test_conformance/test_messages_proto3.ts:975:16)
    at file:///Users/thesayyn/Documents/thesayyn/protoc-gen-ts/tests/conformance/bin/main.ts:24:44

  protobuf_test_messages.proto3.TestAllTypesProto3 1
  Error: Assertion failed
    at Object.jspb.asserts.doAssertFailure (https://cdn.skypack.dev/-/google-protobuf@v3.21.2-YDUqZL2TTSsy2lGtfuND/dist=es2019,mode=imports/optimized/google-protobuf.js:778:11)
    at Object.jspb.asserts.assert (https://cdn.skypack.dev/-/google-protobuf@v3.21.2-YDUqZL2TTSsy2lGtfuND/dist=es2019,mode=imports/optimized/google-protobuf.js:783:23)
    at jspb.BinaryEncoder.writeUnsignedVarint64 (https://cdn.skypack.dev/-/google-protobuf@v3.21.2-YDUqZL2TTSsy2lGtfuND/dist=es2019,mode=imports/optimized/google-protobuf.js:4808:18)
    at jspb.BinaryWriter.writePackedUint64 (https://cdn.skypack.dev/-/google-protobuf@v3.21.2-YDUqZL2TTSsy2lGtfuND/dist=es2019,mode=imports/optimized/google-protobuf.js:5592:23)
    at protobuf_test_messages_proto3_TestAllTypesProto3.serialize (file:///Users/thesayyn/Documents/thesayyn/protoc-gen-ts/target/debug/build/protoc_gen_ts-8cec2bec66276c47/out/test_conformance/test_messages_proto3.ts:1047:16)
    at file:///Users/thesayyn/Documents/thesayyn/protoc-gen-ts/tests/conformance/bin/main.ts:24:44

  protobuf_test_messages.proto3.TestAllTypesProto3 1
  Error: Assertion failed
    at Object.jspb.asserts.doAssertFailure (https://cdn.skypack.dev/-/google-protobuf@v3.21.2-YDUqZL2TTSsy2lGtfuND/dist=es2019,mode=imports/optimized/google-protobuf.js:778:11)
    at Object.jspb.asserts.assert (https://cdn.skypack.dev/-/google-protobuf@v3.21.2-YDUqZL2TTSsy2lGtfuND/dist=es2019,mode=imports/optimized/google-protobuf.js:783:23)
    at jspb.BinaryEncoder.writeUnsignedVarint64 (https://cdn.skypack.dev/-/google-protobuf@v3.21.2-YDUqZL2TTSsy2lGtfuND/dist=es2019,mode=imports/optimized/google-protobuf.js:4808:18)
    at jspb.BinaryWriter.writePackedUint64 (https://cdn.skypack.dev/-/google-protobuf@v3.21.2-YDUqZL2TTSsy2lGtfuND/dist=es2019,mode=imports/optimized/google-protobuf.js:5592:23)
    at protobuf_test_messages_proto3_TestAllTypesProto3.serialize (file:///Users/thesayyn/Documents/thesayyn/protoc-gen-ts/target/debug/build/protoc_gen_ts-8cec2bec66276c47/out/test_conformance/test_messages_proto3.ts:1047:16)
    at file:///Users/thesayyn/Documents/thesayyn/protoc-gen-ts/tests/conformance/bin/main.ts:24:44

  protobuf_test_messages.proto3.TestAllTypesProto3 1
  Error: Assertion failed
    at Object.jspb.asserts.doAssertFailure (https://cdn.skypack.dev/-/google-protobuf@v3.21.2-YDUqZL2TTSsy2lGtfuND/dist=es2019,mode=imports/optimized/google-protobuf.js:778:11)
    at Object.jspb.asserts.assert (https://cdn.skypack.dev/-/google-protobuf@v3.21.2-YDUqZL2TTSsy2lGtfuND/dist=es2019,mode=imports/optimized/google-protobuf.js:783:23)
    at jspb.BinaryEncoder.writeUnsignedVarint64 (https://cdn.skypack.dev/-/google-protobuf@v3.21.2-YDUqZL2TTSsy2lGtfuND/dist=es2019,mode=imports/optimized/google-protobuf.js:4808:18)
    at jspb.BinaryWriter.writePackedUint64 (https://cdn.skypack.dev/-/google-protobuf@v3.21.2-YDUqZL2TTSsy2lGtfuND/dist=es2019,mode=imports/optimized/google-protobuf.js:5592:23)
    at protobuf_test_messages_proto3_TestAllTypesProto3.serialize (file:///Users/thesayyn/Documents/thesayyn/protoc-gen-ts/target/debug/build/protoc_gen_ts-8cec2bec66276c47/out/test_conformance/test_messages_proto3.ts:1047:16)
    at file:///Users/thesayyn/Documents/thesayyn/protoc-gen-ts/tests/conformance/bin/main.ts:24:44

  protobuf_test_messages.proto3.TestAllTypesProto3 1
  Error: Assertion failed
    at Object.jspb.asserts.doAssertFailure (https://cdn.skypack.dev/-/google-protobuf@v3.21.2-YDUqZL2TTSsy2lGtfuND/dist=es2019,mode=imports/optimized/google-protobuf.js:778:11)
    at Object.jspb.asserts.assert (https://cdn.skypack.dev/-/google-protobuf@v3.21.2-YDUqZL2TTSsy2lGtfuND/dist=es2019,mode=imports/optimized/google-protobuf.js:783:23)
    at jspb.BinaryEncoder.writeUnsignedVarint64 (https://cdn.skypack.dev/-/google-protobuf@v3.21.2-YDUqZL2TTSsy2lGtfuND/dist=es2019,mode=imports/optimized/google-protobuf.js:4808:18)
    at jspb.BinaryWriter.writePackedUint64 (https://cdn.skypack.dev/-/google-protobuf@v3.21.2-YDUqZL2TTSsy2lGtfuND/dist=es2019,mode=imports/optimized/google-protobuf.js:5592:23)
    at protobuf_test_messages_proto3_TestAllTypesProto3.serialize (file:///Users/thesayyn/Documents/thesayyn/protoc-gen-ts/target/debug/build/protoc_gen_ts-8cec2bec66276c47/out/test_conformance/test_messages_proto3.ts:1047:16)
    at file:///Users/thesayyn/Documents/thesayyn/protoc-gen-ts/tests/conformance/bin/main.ts:24:44

  protobuf_test_messages.proto3.TestAllTypesProto3 1
  Error: Assertion failed
    at Object.jspb.asserts.doAssertFailure (https://cdn.skypack.dev/-/google-protobuf@v3.21.2-YDUqZL2TTSsy2lGtfuND/dist=es2019,mode=imports/optimized/google-protobuf.js:778:11)
    at Object.jspb.asserts.assert (https://cdn.skypack.dev/-/google-protobuf@v3.21.2-YDUqZL2TTSsy2lGtfuND/dist=es2019,mode=imports/optimized/google-protobuf.js:783:23)
    at jspb.BinaryEncoder.writeUnsignedVarint64 (https://cdn.skypack.dev/-/google-protobuf@v3.21.2-YDUqZL2TTSsy2lGtfuND/dist=es2019,mode=imports/optimized/google-protobuf.js:4808:18)
    at jspb.BinaryWriter.writePackedUint64 (https://cdn.skypack.dev/-/google-protobuf@v3.21.2-YDUqZL2TTSsy2lGtfuND/dist=es2019,mode=imports/optimized/google-protobuf.js:5592:23)
    at protobuf_test_messages_proto3_TestAllTypesProto3.serialize (file:///Users/thesayyn/Documents/thesayyn/protoc-gen-ts/target/debug/build/protoc_gen_ts-8cec2bec66276c47/out/test_conformance/test_messages_proto3.ts:1047:16)
    at file:///Users/thesayyn/Documents/thesayyn/protoc-gen-ts/tests/conformance/bin/main.ts:24:44

  protobuf_test_messages.proto3.TestAllTypesProto3 1
  Error: Assertion failed
    at Object.jspb.asserts.doAssertFailure (https://cdn.skypack.dev/-/google-protobuf@v3.21.2-YDUqZL2TTSsy2lGtfuND/dist=es2019,mode=imports/optimized/google-protobuf.js:778:11)
    at Object.jspb.asserts.assert (https://cdn.skypack.dev/-/google-protobuf@v3.21.2-YDUqZL2TTSsy2lGtfuND/dist=es2019,mode=imports/optimized/google-protobuf.js:783:23)
    at jspb.BinaryEncoder.writeUnsignedVarint64 (https://cdn.skypack.dev/-/google-protobuf@v3.21.2-YDUqZL2TTSsy2lGtfuND/dist=es2019,mode=imports/optimized/google-protobuf.js:4808:18)
    at jspb.BinaryWriter.writePackedUint64 (https://cdn.skypack.dev/-/google-protobuf@v3.21.2-YDUqZL2TTSsy2lGtfuND/dist=es2019,mode=imports/optimized/google-protobuf.js:5592:23)
    at protobuf_test_messages_proto3_TestAllTypesProto3.serialize (file:///Users/thesayyn/Documents/thesayyn/protoc-gen-ts/target/debug/build/protoc_gen_ts-8cec2bec66276c47/out/test_conformance/test_messages_proto3.ts:1047:16)
    at file:///Users/thesayyn/Documents/thesayyn/protoc-gen-ts/tests/conformance/bin/main.ts:24:44

  protobuf_test_messages.proto3.TestAllTypesProto3 1
  Error: Assertion failed
    at Object.jspb.asserts.doAssertFailure (https://cdn.skypack.dev/-/google-protobuf@v3.21.2-YDUqZL2TTSsy2lGtfuND/dist=es2019,mode=imports/optimized/google-protobuf.js:778:11)
    at Object.jspb.asserts.assert (https://cdn.skypack.dev/-/google-protobuf@v3.21.2-YDUqZL2TTSsy2lGtfuND/dist=es2019,mode=imports/optimized/google-protobuf.js:783:23)
    at jspb.BinaryWriter.writeUint64 (https://cdn.skypack.dev/-/google-protobuf@v3.21.2-YDUqZL2TTSsy2lGtfuND/dist=es2019,mode=imports/optimized/google-protobuf.js:5234:32)
    at protobuf_test_messages_proto3_TestAllTypesProto3.serialize (file:///Users/thesayyn/Documents/thesayyn/protoc-gen-ts/target/debug/build/protoc_gen_ts-8cec2bec66276c47/out/test_conformance/test_messages_proto3.ts:1154:16)
    at file:///Users/thesayyn/Documents/thesayyn/protoc-gen-ts/tests/conformance/bin/main.ts:24:44

  protobuf_test_messages.proto3.TestAllTypesProto3 1
  Error: Assertion failed
    at Object.jspb.asserts.doAssertFailure (https://cdn.skypack.dev/-/google-protobuf@v3.21.2-YDUqZL2TTSsy2lGtfuND/dist=es2019,mode=imports/optimized/google-protobuf.js:778:11)
    at Object.jspb.asserts.assert (https://cdn.skypack.dev/-/google-protobuf@v3.21.2-YDUqZL2TTSsy2lGtfuND/dist=es2019,mode=imports/optimized/google-protobuf.js:783:23)
    at jspb.BinaryReader.readUint64 (https://cdn.skypack.dev/-/google-protobuf@v3.21.2-YDUqZL2TTSsy2lGtfuND/dist=es2019,mode=imports/optimized/google-protobuf.js:4559:18)
    at Function.deserialize (file:///Users/thesayyn/Documents/thesayyn/protoc-gen-ts/target/debug/build/protoc_gen_ts-8cec2bec66276c47/out/test_conformance/test_messages_proto3.ts:384:53)
    at file:///Users/thesayyn/Documents/thesayyn/protoc-gen-ts/tests/conformance/bin/main.ts:23:78

  protobuf_test_messages.proto2.TestAllTypesProto2 1
  Error: Assertion failed
    at Object.jspb.asserts.doAssertFailure (https://cdn.skypack.dev/-/google-protobuf@v3.21.2-YDUqZL2TTSsy2lGtfuND/dist=es2019,mode=imports/optimized/google-protobuf.js:778:11)
    at Object.jspb.asserts.assert (https://cdn.skypack.dev/-/google-protobuf@v3.21.2-YDUqZL2TTSsy2lGtfuND/dist=es2019,mode=imports/optimized/google-protobuf.js:783:23)
    at jspb.BinaryReader.readInt32 (https://cdn.skypack.dev/-/google-protobuf@v3.21.2-YDUqZL2TTSsy2lGtfuND/dist=es2019,mode=imports/optimized/google-protobuf.js:4532:18)
    at Function.deserialize (file:///Users/thesayyn/Documents/thesayyn/protoc-gen-ts/target/debug/build/protoc_gen_ts-8cec2bec66276c47/out/test_conformance/test_messages_proto2.ts:214:52)
    at file:///Users/thesayyn/Documents/thesayyn/protoc-gen-ts/tests/conformance/bin/main.ts:30:78

  protobuf_test_messages.proto2.TestAllTypesProto2 1
  Error: Assertion failed
    at Object.jspb.asserts.doAssertFailure (https://cdn.skypack.dev/-/google-protobuf@v3.21.2-YDUqZL2TTSsy2lGtfuND/dist=es2019,mode=imports/optimized/google-protobuf.js:778:11)
    at Object.jspb.asserts.assert (https://cdn.skypack.dev/-/google-protobuf@v3.21.2-YDUqZL2TTSsy2lGtfuND/dist=es2019,mode=imports/optimized/google-protobuf.js:783:23)
    at jspb.BinaryReader.readInt32 (https://cdn.skypack.dev/-/google-protobuf@v3.21.2-YDUqZL2TTSsy2lGtfuND/dist=es2019,mode=imports/optimized/google-protobuf.js:4532:18)
    at Function.deserialize (file:///Users/thesayyn/Documents/thesayyn/protoc-gen-ts/target/debug/build/protoc_gen_ts-8cec2bec66276c47/out/test_conformance/test_messages_proto2.ts:214:52)
    at file:///Users/thesayyn/Documents/thesayyn/protoc-gen-ts/tests/conformance/bin/main.ts:30:78

  protobuf_test_messages.proto2.TestAllTypesProto2 1
  Error: Assertion failed
    at Object.jspb.asserts.doAssertFailure (https://cdn.skypack.dev/-/google-protobuf@v3.21.2-YDUqZL2TTSsy2lGtfuND/dist=es2019,mode=imports/optimized/google-protobuf.js:778:11)
    at Object.jspb.asserts.assert (https://cdn.skypack.dev/-/google-protobuf@v3.21.2-YDUqZL2TTSsy2lGtfuND/dist=es2019,mode=imports/optimized/google-protobuf.js:783:23)
    at jspb.BinaryReader.readInt32 (https://cdn.skypack.dev/-/google-protobuf@v3.21.2-YDUqZL2TTSsy2lGtfuND/dist=es2019,mode=imports/optimized/google-protobuf.js:4532:18)
    at Function.deserialize (file:///Users/thesayyn/Documents/thesayyn/protoc-gen-ts/target/debug/build/protoc_gen_ts-8cec2bec66276c47/out/test_conformance/test_messages_proto2.ts:214:52)
    at file:///Users/thesayyn/Documents/thesayyn/protoc-gen-ts/tests/conformance/bin/main.ts:30:78

  protobuf_test_messages.proto3.TestAllTypesProto3 1
  Error: Assertion failed
    at Object.jspb.asserts.doAssertFailure (https://cdn.skypack.dev/-/google-protobuf@v3.21.2-YDUqZL2TTSsy2lGtfuND/dist=es2019,mode=imports/optimized/google-protobuf.js:778:11)
    at Object.jspb.asserts.assert (https://cdn.skypack.dev/-/google-protobuf@v3.21.2-YDUqZL2TTSsy2lGtfuND/dist=es2019,mode=imports/optimized/google-protobuf.js:783:23)
    at jspb.BinaryReader.readInt32 (https://cdn.skypack.dev/-/google-protobuf@v3.21.2-YDUqZL2TTSsy2lGtfuND/dist=es2019,mode=imports/optimized/google-protobuf.js:4532:18)
    at Function.deserialize (file:///Users/thesayyn/Documents/thesayyn/protoc-gen-ts/target/debug/build/protoc_gen_ts-8cec2bec66276c47/out/test_conformance/test_messages_proto3.ts:375:52)
    at file:///Users/thesayyn/Documents/thesayyn/protoc-gen-ts/tests/conformance/bin/main.ts:23:78

  protobuf_test_messages.proto2.TestAllTypesProto2 1
  Error: Assertion failed
    at Object.jspb.asserts.doAssertFailure (https://cdn.skypack.dev/-/google-protobuf@v3.21.2-YDUqZL2TTSsy2lGtfuND/dist=es2019,mode=imports/optimized/google-protobuf.js:778:11)
    at Object.jspb.asserts.assert (https://cdn.skypack.dev/-/google-protobuf@v3.21.2-YDUqZL2TTSsy2lGtfuND/dist=es2019,mode=imports/optimized/google-protobuf.js:783:23)
    at jspb.BinaryWriter.writeUint32 (https://cdn.skypack.dev/-/google-protobuf@v3.21.2-YDUqZL2TTSsy2lGtfuND/dist=es2019,mode=imports/optimized/google-protobuf.js:5227:32)
    at protobuf_test_messages_proto2_TestAllTypesProto2.serialize (file:///Users/thesayyn/Documents/thesayyn/protoc-gen-ts/target/debug/build/protoc_gen_ts-8cec2bec66276c47/out/test_conformance/test_messages_proto2.ts:879:16)
    at file:///Users/thesayyn/Documents/thesayyn/protoc-gen-ts/tests/conformance/bin/main.ts:31:44

  protobuf_test_messages.proto2.TestAllTypesProto2 1
  Error: Assertion failed
    at Object.jspb.asserts.doAssertFailure (https://cdn.skypack.dev/-/google-protobuf@v3.21.2-YDUqZL2TTSsy2lGtfuND/dist=es2019,mode=imports/optimized/google-protobuf.js:778:11)
    at Object.jspb.asserts.assert (https://cdn.skypack.dev/-/google-protobuf@v3.21.2-YDUqZL2TTSsy2lGtfuND/dist=es2019,mode=imports/optimized/google-protobuf.js:783:23)
    at jspb.BinaryWriter.writeUint32 (https://cdn.skypack.dev/-/google-protobuf@v3.21.2-YDUqZL2TTSsy2lGtfuND/dist=es2019,mode=imports/optimized/google-protobuf.js:5227:32)
    at protobuf_test_messages_proto2_TestAllTypesProto2.serialize (file:///Users/thesayyn/Documents/thesayyn/protoc-gen-ts/target/debug/build/protoc_gen_ts-8cec2bec66276c47/out/test_conformance/test_messages_proto2.ts:879:16)
    at file:///Users/thesayyn/Documents/thesayyn/protoc-gen-ts/tests/conformance/bin/main.ts:31:44

  protobuf_test_messages.proto2.TestAllTypesProto2 1
  Error: Assertion failed
    at Object.jspb.asserts.doAssertFailure (https://cdn.skypack.dev/-/google-protobuf@v3.21.2-YDUqZL2TTSsy2lGtfuND/dist=es2019,mode=imports/optimized/google-protobuf.js:778:11)
    at Object.jspb.asserts.assert (https://cdn.skypack.dev/-/google-protobuf@v3.21.2-YDUqZL2TTSsy2lGtfuND/dist=es2019,mode=imports/optimized/google-protobuf.js:783:23)
    at jspb.BinaryWriter.writeUint32 (https://cdn.skypack.dev/-/google-protobuf@v3.21.2-YDUqZL2TTSsy2lGtfuND/dist=es2019,mode=imports/optimized/google-protobuf.js:5227:32)
    at protobuf_test_messages_proto2_TestAllTypesProto2.serialize (file:///Users/thesayyn/Documents/thesayyn/protoc-gen-ts/target/debug/build/protoc_gen_ts-8cec2bec66276c47/out/test_conformance/test_messages_proto2.ts:948:16)
    at file:///Users/thesayyn/Documents/thesayyn/protoc-gen-ts/tests/conformance/bin/main.ts:31:44

  protobuf_test_messages.proto2.TestAllTypesProto2 1
  Error: Assertion failed
    at Object.jspb.asserts.doAssertFailure (https://cdn.skypack.dev/-/google-protobuf@v3.21.2-YDUqZL2TTSsy2lGtfuND/dist=es2019,mode=imports/optimized/google-protobuf.js:778:11)
    at Object.jspb.asserts.assert (https://cdn.skypack.dev/-/google-protobuf@v3.21.2-YDUqZL2TTSsy2lGtfuND/dist=es2019,mode=imports/optimized/google-protobuf.js:783:23)
    at jspb.BinaryReader.readUint32 (https://cdn.skypack.dev/-/google-protobuf@v3.21.2-YDUqZL2TTSsy2lGtfuND/dist=es2019,mode=imports/optimized/google-protobuf.js:4550:18)
    at Function.deserialize (file:///Users/thesayyn/Documents/thesayyn/protoc-gen-ts/target/debug/build/protoc_gen_ts-8cec2bec66276c47/out/test_conformance/test_messages_proto2.ts:220:53)
    at file:///Users/thesayyn/Documents/thesayyn/protoc-gen-ts/tests/conformance/bin/main.ts:30:78

  protobuf_test_messages.proto2.TestAllTypesProto2 1
  Error: Assertion failed
    at Object.jspb.asserts.doAssertFailure (https://cdn.skypack.dev/-/google-protobuf@v3.21.2-YDUqZL2TTSsy2lGtfuND/dist=es2019,mode=imports/optimized/google-protobuf.js:778:11)
    at Object.jspb.asserts.assert (https://cdn.skypack.dev/-/google-protobuf@v3.21.2-YDUqZL2TTSsy2lGtfuND/dist=es2019,mode=imports/optimized/google-protobuf.js:783:23)
    at jspb.BinaryWriter.writeUint32 (https://cdn.skypack.dev/-/google-protobuf@v3.21.2-YDUqZL2TTSsy2lGtfuND/dist=es2019,mode=imports/optimized/google-protobuf.js:5227:32)
    at protobuf_test_messages_proto2_TestAllTypesProto2.serialize (file:///Users/thesayyn/Documents/thesayyn/protoc-gen-ts/target/debug/build/protoc_gen_ts-8cec2bec66276c47/out/test_conformance/test_messages_proto2.ts:948:16)
    at file:///Users/thesayyn/Documents/thesayyn/protoc-gen-ts/tests/conformance/bin/main.ts:31:44

  protobuf_test_messages.proto2.TestAllTypesProto2 1
  Error: Assertion failed
    at Object.jspb.asserts.doAssertFailure (https://cdn.skypack.dev/-/google-protobuf@v3.21.2-YDUqZL2TTSsy2lGtfuND/dist=es2019,mode=imports/optimized/google-protobuf.js:778:11)
    at Object.jspb.asserts.assert (https://cdn.skypack.dev/-/google-protobuf@v3.21.2-YDUqZL2TTSsy2lGtfuND/dist=es2019,mode=imports/optimized/google-protobuf.js:783:23)
    at jspb.BinaryReader.readUint32 (https://cdn.skypack.dev/-/google-protobuf@v3.21.2-YDUqZL2TTSsy2lGtfuND/dist=es2019,mode=imports/optimized/google-protobuf.js:4550:18)
    at Function.deserialize (file:///Users/thesayyn/Documents/thesayyn/protoc-gen-ts/target/debug/build/protoc_gen_ts-8cec2bec66276c47/out/test_conformance/test_messages_proto2.ts:220:53)
    at file:///Users/thesayyn/Documents/thesayyn/protoc-gen-ts/tests/conformance/bin/main.ts:30:78

  protobuf_test_messages.proto2.TestAllTypesProto2 1
  Error: Assertion failed
    at Object.jspb.asserts.doAssertFailure (https://cdn.skypack.dev/-/google-protobuf@v3.21.2-YDUqZL2TTSsy2lGtfuND/dist=es2019,mode=imports/optimized/google-protobuf.js:778:11)
    at Object.jspb.asserts.assert (https://cdn.skypack.dev/-/google-protobuf@v3.21.2-YDUqZL2TTSsy2lGtfuND/dist=es2019,mode=imports/optimized/google-protobuf.js:783:23)
    at jspb.BinaryEncoder.writeUnsignedVarint32 (https://cdn.skypack.dev/-/google-protobuf@v3.21.2-YDUqZL2TTSsy2lGtfuND/dist=es2019,mode=imports/optimized/google-protobuf.js:4791:23)
    at jspb.BinaryWriter.writePackedUint32 (https://cdn.skypack.dev/-/google-protobuf@v3.21.2-YDUqZL2TTSsy2lGtfuND/dist=es2019,mode=imports/optimized/google-protobuf.js:5575:23)
    at protobuf_test_messages_proto2_TestAllTypesProto2.serialize (file:///Users/thesayyn/Documents/thesayyn/protoc-gen-ts/target/debug/build/protoc_gen_ts-8cec2bec66276c47/out/test_conformance/test_messages_proto2.ts:1013:16)
    at file:///Users/thesayyn/Documents/thesayyn/protoc-gen-ts/tests/conformance/bin/main.ts:31:44

  protobuf_test_messages.proto2.TestAllTypesProto2 1
  Error: Assertion failed
    at Object.jspb.asserts.doAssertFailure (https://cdn.skypack.dev/-/google-protobuf@v3.21.2-YDUqZL2TTSsy2lGtfuND/dist=es2019,mode=imports/optimized/google-protobuf.js:778:11)
    at Object.jspb.asserts.assert (https://cdn.skypack.dev/-/google-protobuf@v3.21.2-YDUqZL2TTSsy2lGtfuND/dist=es2019,mode=imports/optimized/google-protobuf.js:783:23)
    at jspb.BinaryEncoder.writeUnsignedVarint32 (https://cdn.skypack.dev/-/google-protobuf@v3.21.2-YDUqZL2TTSsy2lGtfuND/dist=es2019,mode=imports/optimized/google-protobuf.js:4791:23)
    at jspb.BinaryWriter.writePackedUint32 (https://cdn.skypack.dev/-/google-protobuf@v3.21.2-YDUqZL2TTSsy2lGtfuND/dist=es2019,mode=imports/optimized/google-protobuf.js:5575:23)
    at protobuf_test_messages_proto2_TestAllTypesProto2.serialize (file:///Users/thesayyn/Documents/thesayyn/protoc-gen-ts/target/debug/build/protoc_gen_ts-8cec2bec66276c47/out/test_conformance/test_messages_proto2.ts:1013:16)
    at file:///Users/thesayyn/Documents/thesayyn/protoc-gen-ts/tests/conformance/bin/main.ts:31:44

  protobuf_test_messages.proto2.TestAllTypesProto2 1
  Error: Assertion failed
    at Object.jspb.asserts.doAssertFailure (https://cdn.skypack.dev/-/google-protobuf@v3.21.2-YDUqZL2TTSsy2lGtfuND/dist=es2019,mode=imports/optimized/google-protobuf.js:778:11)
    at Object.jspb.asserts.assert (https://cdn.skypack.dev/-/google-protobuf@v3.21.2-YDUqZL2TTSsy2lGtfuND/dist=es2019,mode=imports/optimized/google-protobuf.js:783:23)
    at jspb.BinaryWriter.writeUint32 (https://cdn.skypack.dev/-/google-protobuf@v3.21.2-YDUqZL2TTSsy2lGtfuND/dist=es2019,mode=imports/optimized/google-protobuf.js:5227:32)
    at protobuf_test_messages_proto2_TestAllTypesProto2.serialize (file:///Users/thesayyn/Documents/thesayyn/protoc-gen-ts/target/debug/build/protoc_gen_ts-8cec2bec66276c47/out/test_conformance/test_messages_proto2.ts:948:16)
    at file:///Users/thesayyn/Documents/thesayyn/protoc-gen-ts/tests/conformance/bin/main.ts:31:44

  protobuf_test_messages.proto2.TestAllTypesProto2 1
  Error: Assertion failed
    at Object.jspb.asserts.doAssertFailure (https://cdn.skypack.dev/-/google-protobuf@v3.21.2-YDUqZL2TTSsy2lGtfuND/dist=es2019,mode=imports/optimized/google-protobuf.js:778:11)
    at Object.jspb.asserts.assert (https://cdn.skypack.dev/-/google-protobuf@v3.21.2-YDUqZL2TTSsy2lGtfuND/dist=es2019,mode=imports/optimized/google-protobuf.js:783:23)
    at jspb.BinaryReader.readUint32 (https://cdn.skypack.dev/-/google-protobuf@v3.21.2-YDUqZL2TTSsy2lGtfuND/dist=es2019,mode=imports/optimized/google-protobuf.js:4550:18)
    at Function.deserialize (file:///Users/thesayyn/Documents/thesayyn/protoc-gen-ts/target/debug/build/protoc_gen_ts-8cec2bec66276c47/out/test_conformance/test_messages_proto2.ts:220:53)
    at file:///Users/thesayyn/Documents/thesayyn/protoc-gen-ts/tests/conformance/bin/main.ts:30:78

  protobuf_test_messages.proto3.TestAllTypesProto3 1
  Error: Assertion failed
    at Object.jspb.asserts.doAssertFailure (https://cdn.skypack.dev/-/google-protobuf@v3.21.2-YDUqZL2TTSsy2lGtfuND/dist=es2019,mode=imports/optimized/google-protobuf.js:778:11)
    at Object.jspb.asserts.assert (https://cdn.skypack.dev/-/google-protobuf@v3.21.2-YDUqZL2TTSsy2lGtfuND/dist=es2019,mode=imports/optimized/google-protobuf.js:783:23)
    at jspb.BinaryWriter.writeUint32 (https://cdn.skypack.dev/-/google-protobuf@v3.21.2-YDUqZL2TTSsy2lGtfuND/dist=es2019,mode=imports/optimized/google-protobuf.js:5227:32)
    at protobuf_test_messages_proto3_TestAllTypesProto3.serialize (file:///Users/thesayyn/Documents/thesayyn/protoc-gen-ts/target/debug/build/protoc_gen_ts-8cec2bec66276c47/out/test_conformance/test_messages_proto3.ts:972:16)
    at file:///Users/thesayyn/Documents/thesayyn/protoc-gen-ts/tests/conformance/bin/main.ts:24:44

  protobuf_test_messages.proto3.TestAllTypesProto3 1
  Error: Assertion failed
    at Object.jspb.asserts.doAssertFailure (https://cdn.skypack.dev/-/google-protobuf@v3.21.2-YDUqZL2TTSsy2lGtfuND/dist=es2019,mode=imports/optimized/google-protobuf.js:778:11)
    at Object.jspb.asserts.assert (https://cdn.skypack.dev/-/google-protobuf@v3.21.2-YDUqZL2TTSsy2lGtfuND/dist=es2019,mode=imports/optimized/google-protobuf.js:783:23)
    at jspb.BinaryWriter.writeUint32 (https://cdn.skypack.dev/-/google-protobuf@v3.21.2-YDUqZL2TTSsy2lGtfuND/dist=es2019,mode=imports/optimized/google-protobuf.js:5227:32)
    at protobuf_test_messages_proto3_TestAllTypesProto3.serialize (file:///Users/thesayyn/Documents/thesayyn/protoc-gen-ts/target/debug/build/protoc_gen_ts-8cec2bec66276c47/out/test_conformance/test_messages_proto3.ts:972:16)
    at file:///Users/thesayyn/Documents/thesayyn/protoc-gen-ts/tests/conformance/bin/main.ts:24:44

  protobuf_test_messages.proto3.TestAllTypesProto3 1
  Error: Assertion failed
    at Object.jspb.asserts.doAssertFailure (https://cdn.skypack.dev/-/google-protobuf@v3.21.2-YDUqZL2TTSsy2lGtfuND/dist=es2019,mode=imports/optimized/google-protobuf.js:778:11)
    at Object.jspb.asserts.assert (https://cdn.skypack.dev/-/google-protobuf@v3.21.2-YDUqZL2TTSsy2lGtfuND/dist=es2019,mode=imports/optimized/google-protobuf.js:783:23)
    at jspb.BinaryEncoder.writeUnsignedVarint32 (https://cdn.skypack.dev/-/google-protobuf@v3.21.2-YDUqZL2TTSsy2lGtfuND/dist=es2019,mode=imports/optimized/google-protobuf.js:4791:23)
    at jspb.BinaryWriter.writePackedUint32 (https://cdn.skypack.dev/-/google-protobuf@v3.21.2-YDUqZL2TTSsy2lGtfuND/dist=es2019,mode=imports/optimized/google-protobuf.js:5575:23)
    at protobuf_test_messages_proto3_TestAllTypesProto3.serialize (file:///Users/thesayyn/Documents/thesayyn/protoc-gen-ts/target/debug/build/protoc_gen_ts-8cec2bec66276c47/out/test_conformance/test_messages_proto3.ts:1044:16)
    at file:///Users/thesayyn/Documents/thesayyn/protoc-gen-ts/tests/conformance/bin/main.ts:24:44

  protobuf_test_messages.proto3.TestAllTypesProto3 1
  Error: Assertion failed
    at Object.jspb.asserts.doAssertFailure (https://cdn.skypack.dev/-/google-protobuf@v3.21.2-YDUqZL2TTSsy2lGtfuND/dist=es2019,mode=imports/optimized/google-protobuf.js:778:11)
    at Object.jspb.asserts.assert (https://cdn.skypack.dev/-/google-protobuf@v3.21.2-YDUqZL2TTSsy2lGtfuND/dist=es2019,mode=imports/optimized/google-protobuf.js:783:23)
    at jspb.BinaryEncoder.writeUnsignedVarint32 (https://cdn.skypack.dev/-/google-protobuf@v3.21.2-YDUqZL2TTSsy2lGtfuND/dist=es2019,mode=imports/optimized/google-protobuf.js:4791:23)
    at jspb.BinaryWriter.writePackedUint32 (https://cdn.skypack.dev/-/google-protobuf@v3.21.2-YDUqZL2TTSsy2lGtfuND/dist=es2019,mode=imports/optimized/google-protobuf.js:5575:23)
    at protobuf_test_messages_proto3_TestAllTypesProto3.serialize (file:///Users/thesayyn/Documents/thesayyn/protoc-gen-ts/target/debug/build/protoc_gen_ts-8cec2bec66276c47/out/test_conformance/test_messages_proto3.ts:1044:16)
    at file:///Users/thesayyn/Documents/thesayyn/protoc-gen-ts/tests/conformance/bin/main.ts:24:44

  protobuf_test_messages.proto3.TestAllTypesProto3 1
  Error: Assertion failed
    at Object.jspb.asserts.doAssertFailure (https://cdn.skypack.dev/-/google-protobuf@v3.21.2-YDUqZL2TTSsy2lGtfuND/dist=es2019,mode=imports/optimized/google-protobuf.js:778:11)
    at Object.jspb.asserts.assert (https://cdn.skypack.dev/-/google-protobuf@v3.21.2-YDUqZL2TTSsy2lGtfuND/dist=es2019,mode=imports/optimized/google-protobuf.js:783:23)
    at jspb.BinaryEncoder.writeUnsignedVarint32 (https://cdn.skypack.dev/-/google-protobuf@v3.21.2-YDUqZL2TTSsy2lGtfuND/dist=es2019,mode=imports/optimized/google-protobuf.js:4791:23)
    at jspb.BinaryWriter.writePackedUint32 (https://cdn.skypack.dev/-/google-protobuf@v3.21.2-YDUqZL2TTSsy2lGtfuND/dist=es2019,mode=imports/optimized/google-protobuf.js:5575:23)
    at protobuf_test_messages_proto3_TestAllTypesProto3.serialize (file:///Users/thesayyn/Documents/thesayyn/protoc-gen-ts/target/debug/build/protoc_gen_ts-8cec2bec66276c47/out/test_conformance/test_messages_proto3.ts:1044:16)
    at file:///Users/thesayyn/Documents/thesayyn/protoc-gen-ts/tests/conformance/bin/main.ts:24:44

  protobuf_test_messages.proto3.TestAllTypesProto3 1
  Error: Assertion failed
    at Object.jspb.asserts.doAssertFailure (https://cdn.skypack.dev/-/google-protobuf@v3.21.2-YDUqZL2TTSsy2lGtfuND/dist=es2019,mode=imports/optimized/google-protobuf.js:778:11)
    at Object.jspb.asserts.assert (https://cdn.skypack.dev/-/google-protobuf@v3.21.2-YDUqZL2TTSsy2lGtfuND/dist=es2019,mode=imports/optimized/google-protobuf.js:783:23)
    at jspb.BinaryEncoder.writeUnsignedVarint32 (https://cdn.skypack.dev/-/google-protobuf@v3.21.2-YDUqZL2TTSsy2lGtfuND/dist=es2019,mode=imports/optimized/google-protobuf.js:4791:23)
    at jspb.BinaryWriter.writePackedUint32 (https://cdn.skypack.dev/-/google-protobuf@v3.21.2-YDUqZL2TTSsy2lGtfuND/dist=es2019,mode=imports/optimized/google-protobuf.js:5575:23)
    at protobuf_test_messages_proto3_TestAllTypesProto3.serialize (file:///Users/thesayyn/Documents/thesayyn/protoc-gen-ts/target/debug/build/protoc_gen_ts-8cec2bec66276c47/out/test_conformance/test_messages_proto3.ts:1044:16)
    at file:///Users/thesayyn/Documents/thesayyn/protoc-gen-ts/tests/conformance/bin/main.ts:24:44

  protobuf_test_messages.proto3.TestAllTypesProto3 1
  Error: Assertion failed
    at Object.jspb.asserts.doAssertFailure (https://cdn.skypack.dev/-/google-protobuf@v3.21.2-YDUqZL2TTSsy2lGtfuND/dist=es2019,mode=imports/optimized/google-protobuf.js:778:11)
    at Object.jspb.asserts.assert (https://cdn.skypack.dev/-/google-protobuf@v3.21.2-YDUqZL2TTSsy2lGtfuND/dist=es2019,mode=imports/optimized/google-protobuf.js:783:23)
    at jspb.BinaryEncoder.writeUnsignedVarint32 (https://cdn.skypack.dev/-/google-protobuf@v3.21.2-YDUqZL2TTSsy2lGtfuND/dist=es2019,mode=imports/optimized/google-protobuf.js:4791:23)
    at jspb.BinaryWriter.writePackedUint32 (https://cdn.skypack.dev/-/google-protobuf@v3.21.2-YDUqZL2TTSsy2lGtfuND/dist=es2019,mode=imports/optimized/google-protobuf.js:5575:23)
    at protobuf_test_messages_proto3_TestAllTypesProto3.serialize (file:///Users/thesayyn/Documents/thesayyn/protoc-gen-ts/target/debug/build/protoc_gen_ts-8cec2bec66276c47/out/test_conformance/test_messages_proto3.ts:1044:16)
    at file:///Users/thesayyn/Documents/thesayyn/protoc-gen-ts/tests/conformance/bin/main.ts:24:44

  protobuf_test_messages.proto3.TestAllTypesProto3 1
  Error: Assertion failed
    at Object.jspb.asserts.doAssertFailure (https://cdn.skypack.dev/-/google-protobuf@v3.21.2-YDUqZL2TTSsy2lGtfuND/dist=es2019,mode=imports/optimized/google-protobuf.js:778:11)
    at Object.jspb.asserts.assert (https://cdn.skypack.dev/-/google-protobuf@v3.21.2-YDUqZL2TTSsy2lGtfuND/dist=es2019,mode=imports/optimized/google-protobuf.js:783:23)
    at jspb.BinaryEncoder.writeUnsignedVarint32 (https://cdn.skypack.dev/-/google-protobuf@v3.21.2-YDUqZL2TTSsy2lGtfuND/dist=es2019,mode=imports/optimized/google-protobuf.js:4791:23)
    at jspb.BinaryWriter.writePackedUint32 (https://cdn.skypack.dev/-/google-protobuf@v3.21.2-YDUqZL2TTSsy2lGtfuND/dist=es2019,mode=imports/optimized/google-protobuf.js:5575:23)
    at protobuf_test_messages_proto3_TestAllTypesProto3.serialize (file:///Users/thesayyn/Documents/thesayyn/protoc-gen-ts/target/debug/build/protoc_gen_ts-8cec2bec66276c47/out/test_conformance/test_messages_proto3.ts:1044:16)
    at file:///Users/thesayyn/Documents/thesayyn/protoc-gen-ts/tests/conformance/bin/main.ts:24:44

  protobuf_test_messages.proto3.TestAllTypesProto3 1
  Error: Assertion failed
    at Object.jspb.asserts.doAssertFailure (https://cdn.skypack.dev/-/google-protobuf@v3.21.2-YDUqZL2TTSsy2lGtfuND/dist=es2019,mode=imports/optimized/google-protobuf.js:778:11)
    at Object.jspb.asserts.assert (https://cdn.skypack.dev/-/google-protobuf@v3.21.2-YDUqZL2TTSsy2lGtfuND/dist=es2019,mode=imports/optimized/google-protobuf.js:783:23)
    at jspb.BinaryWriter.writeUint32 (https://cdn.skypack.dev/-/google-protobuf@v3.21.2-YDUqZL2TTSsy2lGtfuND/dist=es2019,mode=imports/optimized/google-protobuf.js:5227:32)
    at protobuf_test_messages_proto3_TestAllTypesProto3.serialize (file:///Users/thesayyn/Documents/thesayyn/protoc-gen-ts/target/debug/build/protoc_gen_ts-8cec2bec66276c47/out/test_conformance/test_messages_proto3.ts:1151:16)
    at file:///Users/thesayyn/Documents/thesayyn/protoc-gen-ts/tests/conformance/bin/main.ts:24:44

  protobuf_test_messages.proto3.TestAllTypesProto3 1
  Error: Assertion failed
    at Object.jspb.asserts.doAssertFailure (https://cdn.skypack.dev/-/google-protobuf@v3.21.2-YDUqZL2TTSsy2lGtfuND/dist=es2019,mode=imports/optimized/google-protobuf.js:778:11)
    at Object.jspb.asserts.assert (https://cdn.skypack.dev/-/google-protobuf@v3.21.2-YDUqZL2TTSsy2lGtfuND/dist=es2019,mode=imports/optimized/google-protobuf.js:783:23)
    at jspb.BinaryReader.readUint32 (https://cdn.skypack.dev/-/google-protobuf@v3.21.2-YDUqZL2TTSsy2lGtfuND/dist=es2019,mode=imports/optimized/google-protobuf.js:4550:18)
    at Function.deserialize (file:///Users/thesayyn/Documents/thesayyn/protoc-gen-ts/target/debug/build/protoc_gen_ts-8cec2bec66276c47/out/test_conformance/test_messages_proto3.ts:381:53)
    at file:///Users/thesayyn/Documents/thesayyn/protoc-gen-ts/tests/conformance/bin/main.ts:23:78

  protobuf_test_messages.proto2.TestAllTypesProto2 1
  Error: Assertion failed
    at Object.jspb.asserts.doAssertFailure (https://cdn.skypack.dev/-/google-protobuf@v3.21.2-YDUqZL2TTSsy2lGtfuND/dist=es2019,mode=imports/optimized/google-protobuf.js:778:11)
    at Object.jspb.asserts.assert (https://cdn.skypack.dev/-/google-protobuf@v3.21.2-YDUqZL2TTSsy2lGtfuND/dist=es2019,mode=imports/optimized/google-protobuf.js:783:23)
    at jspb.BinaryWriter.writeFixed64 (https://cdn.skypack.dev/-/google-protobuf@v3.21.2-YDUqZL2TTSsy2lGtfuND/dist=es2019,mode=imports/optimized/google-protobuf.js:5259:32)
    at protobuf_test_messages_proto2_TestAllTypesProto2.serialize (file:///Users/thesayyn/Documents/thesayyn/protoc-gen-ts/target/debug/build/protoc_gen_ts-8cec2bec66276c47/out/test_conformance/test_messages_proto2.ts:894:16)
    at file:///Users/thesayyn/Documents/thesayyn/protoc-gen-ts/tests/conformance/bin/main.ts:31:44

  protobuf_test_messages.proto2.TestAllTypesProto2 1
  Error: Assertion failed
    at Object.jspb.asserts.doAssertFailure (https://cdn.skypack.dev/-/google-protobuf@v3.21.2-YDUqZL2TTSsy2lGtfuND/dist=es2019,mode=imports/optimized/google-protobuf.js:778:11)
    at Object.jspb.asserts.assert (https://cdn.skypack.dev/-/google-protobuf@v3.21.2-YDUqZL2TTSsy2lGtfuND/dist=es2019,mode=imports/optimized/google-protobuf.js:783:23)
    at jspb.BinaryWriter.writeFixed64 (https://cdn.skypack.dev/-/google-protobuf@v3.21.2-YDUqZL2TTSsy2lGtfuND/dist=es2019,mode=imports/optimized/google-protobuf.js:5259:32)
    at protobuf_test_messages_proto2_TestAllTypesProto2.serialize (file:///Users/thesayyn/Documents/thesayyn/protoc-gen-ts/target/debug/build/protoc_gen_ts-8cec2bec66276c47/out/test_conformance/test_messages_proto2.ts:894:16)
    at file:///Users/thesayyn/Documents/thesayyn/protoc-gen-ts/tests/conformance/bin/main.ts:31:44

  protobuf_test_messages.proto2.TestAllTypesProto2 1
  Error: Assertion failed
    at Object.jspb.asserts.doAssertFailure (https://cdn.skypack.dev/-/google-protobuf@v3.21.2-YDUqZL2TTSsy2lGtfuND/dist=es2019,mode=imports/optimized/google-protobuf.js:778:11)
    at Object.jspb.asserts.assert (https://cdn.skypack.dev/-/google-protobuf@v3.21.2-YDUqZL2TTSsy2lGtfuND/dist=es2019,mode=imports/optimized/google-protobuf.js:783:23)
    at jspb.BinaryWriter.writeFixed64 (https://cdn.skypack.dev/-/google-protobuf@v3.21.2-YDUqZL2TTSsy2lGtfuND/dist=es2019,mode=imports/optimized/google-protobuf.js:5259:32)
    at protobuf_test_messages_proto2_TestAllTypesProto2.serialize (file:///Users/thesayyn/Documents/thesayyn/protoc-gen-ts/target/debug/build/protoc_gen_ts-8cec2bec66276c47/out/test_conformance/test_messages_proto2.ts:894:16)
    at file:///Users/thesayyn/Documents/thesayyn/protoc-gen-ts/tests/conformance/bin/main.ts:31:44

  protobuf_test_messages.proto2.TestAllTypesProto2 1
  Error: Assertion failed
    at Object.jspb.asserts.doAssertFailure (https://cdn.skypack.dev/-/google-protobuf@v3.21.2-YDUqZL2TTSsy2lGtfuND/dist=es2019,mode=imports/optimized/google-protobuf.js:778:11)
    at Object.jspb.asserts.assert (https://cdn.skypack.dev/-/google-protobuf@v3.21.2-YDUqZL2TTSsy2lGtfuND/dist=es2019,mode=imports/optimized/google-protobuf.js:783:23)
    at jspb.BinaryWriter.writeFixed64 (https://cdn.skypack.dev/-/google-protobuf@v3.21.2-YDUqZL2TTSsy2lGtfuND/dist=es2019,mode=imports/optimized/google-protobuf.js:5259:32)
    at protobuf_test_messages_proto2_TestAllTypesProto2.serialize (file:///Users/thesayyn/Documents/thesayyn/protoc-gen-ts/target/debug/build/protoc_gen_ts-8cec2bec66276c47/out/test_conformance/test_messages_proto2.ts:963:16)
    at file:///Users/thesayyn/Documents/thesayyn/protoc-gen-ts/tests/conformance/bin/main.ts:31:44

  protobuf_test_messages.proto2.TestAllTypesProto2 1
  Error: Assertion failed
    at Object.jspb.asserts.doAssertFailure (https://cdn.skypack.dev/-/google-protobuf@v3.21.2-YDUqZL2TTSsy2lGtfuND/dist=es2019,mode=imports/optimized/google-protobuf.js:778:11)
    at Object.jspb.asserts.assert (https://cdn.skypack.dev/-/google-protobuf@v3.21.2-YDUqZL2TTSsy2lGtfuND/dist=es2019,mode=imports/optimized/google-protobuf.js:783:23)
    at jspb.BinaryReader.readFixed64 (https://cdn.skypack.dev/-/google-protobuf@v3.21.2-YDUqZL2TTSsy2lGtfuND/dist=es2019,mode=imports/optimized/google-protobuf.js:4587:18)
    at Function.deserialize (file:///Users/thesayyn/Documents/thesayyn/protoc-gen-ts/target/debug/build/protoc_gen_ts-8cec2bec66276c47/out/test_conformance/test_messages_proto2.ts:235:54)
    at file:///Users/thesayyn/Documents/thesayyn/protoc-gen-ts/tests/conformance/bin/main.ts:30:78

  protobuf_test_messages.proto2.TestAllTypesProto2 1
  Error: Assertion failed
    at Object.jspb.asserts.doAssertFailure (https://cdn.skypack.dev/-/google-protobuf@v3.21.2-YDUqZL2TTSsy2lGtfuND/dist=es2019,mode=imports/optimized/google-protobuf.js:778:11)
    at Object.jspb.asserts.assert (https://cdn.skypack.dev/-/google-protobuf@v3.21.2-YDUqZL2TTSsy2lGtfuND/dist=es2019,mode=imports/optimized/google-protobuf.js:783:23)
    at jspb.BinaryWriter.writeFixed64 (https://cdn.skypack.dev/-/google-protobuf@v3.21.2-YDUqZL2TTSsy2lGtfuND/dist=es2019,mode=imports/optimized/google-protobuf.js:5259:32)
    at protobuf_test_messages_proto2_TestAllTypesProto2.serialize (file:///Users/thesayyn/Documents/thesayyn/protoc-gen-ts/target/debug/build/protoc_gen_ts-8cec2bec66276c47/out/test_conformance/test_messages_proto2.ts:963:16)
    at file:///Users/thesayyn/Documents/thesayyn/protoc-gen-ts/tests/conformance/bin/main.ts:31:44

  protobuf_test_messages.proto2.TestAllTypesProto2 1
  Error: Assertion failed
    at Object.jspb.asserts.doAssertFailure (https://cdn.skypack.dev/-/google-protobuf@v3.21.2-YDUqZL2TTSsy2lGtfuND/dist=es2019,mode=imports/optimized/google-protobuf.js:778:11)
    at Object.jspb.asserts.assert (https://cdn.skypack.dev/-/google-protobuf@v3.21.2-YDUqZL2TTSsy2lGtfuND/dist=es2019,mode=imports/optimized/google-protobuf.js:783:23)
    at jspb.BinaryReader.readFixed64 (https://cdn.skypack.dev/-/google-protobuf@v3.21.2-YDUqZL2TTSsy2lGtfuND/dist=es2019,mode=imports/optimized/google-protobuf.js:4587:18)
    at Function.deserialize (file:///Users/thesayyn/Documents/thesayyn/protoc-gen-ts/target/debug/build/protoc_gen_ts-8cec2bec66276c47/out/test_conformance/test_messages_proto2.ts:235:54)
    at file:///Users/thesayyn/Documents/thesayyn/protoc-gen-ts/tests/conformance/bin/main.ts:30:78

  protobuf_test_messages.proto2.TestAllTypesProto2 1
  Error: Assertion failed
    at Object.jspb.asserts.doAssertFailure (https://cdn.skypack.dev/-/google-protobuf@v3.21.2-YDUqZL2TTSsy2lGtfuND/dist=es2019,mode=imports/optimized/google-protobuf.js:778:11)
    at Object.jspb.asserts.assert (https://cdn.skypack.dev/-/google-protobuf@v3.21.2-YDUqZL2TTSsy2lGtfuND/dist=es2019,mode=imports/optimized/google-protobuf.js:783:23)
    at jspb.BinaryEncoder.writeUint64 (https://cdn.skypack.dev/-/google-protobuf@v3.21.2-YDUqZL2TTSsy2lGtfuND/dist=es2019,mode=imports/optimized/google-protobuf.js:4860:18)
    at jspb.BinaryWriter.writePackedFixed64 (https://cdn.skypack.dev/-/google-protobuf@v3.21.2-YDUqZL2TTSsy2lGtfuND/dist=es2019,mode=imports/optimized/google-protobuf.js:5650:23)
    at protobuf_test_messages_proto2_TestAllTypesProto2.serialize (file:///Users/thesayyn/Documents/thesayyn/protoc-gen-ts/target/debug/build/protoc_gen_ts-8cec2bec66276c47/out/test_conformance/test_messages_proto2.ts:1028:16)
    at file:///Users/thesayyn/Documents/thesayyn/protoc-gen-ts/tests/conformance/bin/main.ts:31:44

  protobuf_test_messages.proto2.TestAllTypesProto2 1
  Error: Assertion failed
    at Object.jspb.asserts.doAssertFailure (https://cdn.skypack.dev/-/google-protobuf@v3.21.2-YDUqZL2TTSsy2lGtfuND/dist=es2019,mode=imports/optimized/google-protobuf.js:778:11)
    at Object.jspb.asserts.assert (https://cdn.skypack.dev/-/google-protobuf@v3.21.2-YDUqZL2TTSsy2lGtfuND/dist=es2019,mode=imports/optimized/google-protobuf.js:783:23)
    at jspb.BinaryEncoder.writeUint64 (https://cdn.skypack.dev/-/google-protobuf@v3.21.2-YDUqZL2TTSsy2lGtfuND/dist=es2019,mode=imports/optimized/google-protobuf.js:4860:18)
    at jspb.BinaryWriter.writePackedFixed64 (https://cdn.skypack.dev/-/google-protobuf@v3.21.2-YDUqZL2TTSsy2lGtfuND/dist=es2019,mode=imports/optimized/google-protobuf.js:5650:23)
    at protobuf_test_messages_proto2_TestAllTypesProto2.serialize (file:///Users/thesayyn/Documents/thesayyn/protoc-gen-ts/target/debug/build/protoc_gen_ts-8cec2bec66276c47/out/test_conformance/test_messages_proto2.ts:1028:16)
    at file:///Users/thesayyn/Documents/thesayyn/protoc-gen-ts/tests/conformance/bin/main.ts:31:44

  protobuf_test_messages.proto2.TestAllTypesProto2 1
  Error: Assertion failed
    at Object.jspb.asserts.doAssertFailure (https://cdn.skypack.dev/-/google-protobuf@v3.21.2-YDUqZL2TTSsy2lGtfuND/dist=es2019,mode=imports/optimized/google-protobuf.js:778:11)
    at Object.jspb.asserts.assert (https://cdn.skypack.dev/-/google-protobuf@v3.21.2-YDUqZL2TTSsy2lGtfuND/dist=es2019,mode=imports/optimized/google-protobuf.js:783:23)
    at jspb.BinaryWriter.writeFixed64 (https://cdn.skypack.dev/-/google-protobuf@v3.21.2-YDUqZL2TTSsy2lGtfuND/dist=es2019,mode=imports/optimized/google-protobuf.js:5259:32)
    at protobuf_test_messages_proto2_TestAllTypesProto2.serialize (file:///Users/thesayyn/Documents/thesayyn/protoc-gen-ts/target/debug/build/protoc_gen_ts-8cec2bec66276c47/out/test_conformance/test_messages_proto2.ts:963:16)
    at file:///Users/thesayyn/Documents/thesayyn/protoc-gen-ts/tests/conformance/bin/main.ts:31:44

  protobuf_test_messages.proto2.TestAllTypesProto2 1
  Error: Assertion failed
    at Object.jspb.asserts.doAssertFailure (https://cdn.skypack.dev/-/google-protobuf@v3.21.2-YDUqZL2TTSsy2lGtfuND/dist=es2019,mode=imports/optimized/google-protobuf.js:778:11)
    at Object.jspb.asserts.assert (https://cdn.skypack.dev/-/google-protobuf@v3.21.2-YDUqZL2TTSsy2lGtfuND/dist=es2019,mode=imports/optimized/google-protobuf.js:783:23)
    at jspb.BinaryReader.readFixed64 (https://cdn.skypack.dev/-/google-protobuf@v3.21.2-YDUqZL2TTSsy2lGtfuND/dist=es2019,mode=imports/optimized/google-protobuf.js:4587:18)
    at Function.deserialize (file:///Users/thesayyn/Documents/thesayyn/protoc-gen-ts/target/debug/build/protoc_gen_ts-8cec2bec66276c47/out/test_conformance/test_messages_proto2.ts:235:54)
    at file:///Users/thesayyn/Documents/thesayyn/protoc-gen-ts/tests/conformance/bin/main.ts:30:78

  protobuf_test_messages.proto3.TestAllTypesProto3 1
  Error: Assertion failed
    at Object.jspb.asserts.doAssertFailure (https://cdn.skypack.dev/-/google-protobuf@v3.21.2-YDUqZL2TTSsy2lGtfuND/dist=es2019,mode=imports/optimized/google-protobuf.js:778:11)
    at Object.jspb.asserts.assert (https://cdn.skypack.dev/-/google-protobuf@v3.21.2-YDUqZL2TTSsy2lGtfuND/dist=es2019,mode=imports/optimized/google-protobuf.js:783:23)
    at jspb.BinaryWriter.writeFixed64 (https://cdn.skypack.dev/-/google-protobuf@v3.21.2-YDUqZL2TTSsy2lGtfuND/dist=es2019,mode=imports/optimized/google-protobuf.js:5259:32)
    at protobuf_test_messages_proto3_TestAllTypesProto3.serialize (file:///Users/thesayyn/Documents/thesayyn/protoc-gen-ts/target/debug/build/protoc_gen_ts-8cec2bec66276c47/out/test_conformance/test_messages_proto3.ts:987:16)
    at file:///Users/thesayyn/Documents/thesayyn/protoc-gen-ts/tests/conformance/bin/main.ts:24:44

  protobuf_test_messages.proto3.TestAllTypesProto3 1
  Error: Assertion failed
    at Object.jspb.asserts.doAssertFailure (https://cdn.skypack.dev/-/google-protobuf@v3.21.2-YDUqZL2TTSsy2lGtfuND/dist=es2019,mode=imports/optimized/google-protobuf.js:778:11)
    at Object.jspb.asserts.assert (https://cdn.skypack.dev/-/google-protobuf@v3.21.2-YDUqZL2TTSsy2lGtfuND/dist=es2019,mode=imports/optimized/google-protobuf.js:783:23)
    at jspb.BinaryWriter.writeFixed64 (https://cdn.skypack.dev/-/google-protobuf@v3.21.2-YDUqZL2TTSsy2lGtfuND/dist=es2019,mode=imports/optimized/google-protobuf.js:5259:32)
    at protobuf_test_messages_proto3_TestAllTypesProto3.serialize (file:///Users/thesayyn/Documents/thesayyn/protoc-gen-ts/target/debug/build/protoc_gen_ts-8cec2bec66276c47/out/test_conformance/test_messages_proto3.ts:987:16)
    at file:///Users/thesayyn/Documents/thesayyn/protoc-gen-ts/tests/conformance/bin/main.ts:24:44

  protobuf_test_messages.proto3.TestAllTypesProto3 1
  Error: Assertion failed
    at Object.jspb.asserts.doAssertFailure (https://cdn.skypack.dev/-/google-protobuf@v3.21.2-YDUqZL2TTSsy2lGtfuND/dist=es2019,mode=imports/optimized/google-protobuf.js:778:11)
    at Object.jspb.asserts.assert (https://cdn.skypack.dev/-/google-protobuf@v3.21.2-YDUqZL2TTSsy2lGtfuND/dist=es2019,mode=imports/optimized/google-protobuf.js:783:23)
    at jspb.BinaryWriter.writeFixed64 (https://cdn.skypack.dev/-/google-protobuf@v3.21.2-YDUqZL2TTSsy2lGtfuND/dist=es2019,mode=imports/optimized/google-protobuf.js:5259:32)
    at protobuf_test_messages_proto3_TestAllTypesProto3.serialize (file:///Users/thesayyn/Documents/thesayyn/protoc-gen-ts/target/debug/build/protoc_gen_ts-8cec2bec66276c47/out/test_conformance/test_messages_proto3.ts:987:16)
    at file:///Users/thesayyn/Documents/thesayyn/protoc-gen-ts/tests/conformance/bin/main.ts:24:44

  protobuf_test_messages.proto3.TestAllTypesProto3 1
  Error: Assertion failed
    at Object.jspb.asserts.doAssertFailure (https://cdn.skypack.dev/-/google-protobuf@v3.21.2-YDUqZL2TTSsy2lGtfuND/dist=es2019,mode=imports/optimized/google-protobuf.js:778:11)
    at Object.jspb.asserts.assert (https://cdn.skypack.dev/-/google-protobuf@v3.21.2-YDUqZL2TTSsy2lGtfuND/dist=es2019,mode=imports/optimized/google-protobuf.js:783:23)
    at jspb.BinaryEncoder.writeUint64 (https://cdn.skypack.dev/-/google-protobuf@v3.21.2-YDUqZL2TTSsy2lGtfuND/dist=es2019,mode=imports/optimized/google-protobuf.js:4860:18)
    at jspb.BinaryWriter.writePackedFixed64 (https://cdn.skypack.dev/-/google-protobuf@v3.21.2-YDUqZL2TTSsy2lGtfuND/dist=es2019,mode=imports/optimized/google-protobuf.js:5650:23)
    at protobuf_test_messages_proto3_TestAllTypesProto3.serialize (file:///Users/thesayyn/Documents/thesayyn/protoc-gen-ts/target/debug/build/protoc_gen_ts-8cec2bec66276c47/out/test_conformance/test_messages_proto3.ts:1059:16)
    at file:///Users/thesayyn/Documents/thesayyn/protoc-gen-ts/tests/conformance/bin/main.ts:24:44

  protobuf_test_messages.proto3.TestAllTypesProto3 1
  Error: Assertion failed
    at Object.jspb.asserts.doAssertFailure (https://cdn.skypack.dev/-/google-protobuf@v3.21.2-YDUqZL2TTSsy2lGtfuND/dist=es2019,mode=imports/optimized/google-protobuf.js:778:11)
    at Object.jspb.asserts.assert (https://cdn.skypack.dev/-/google-protobuf@v3.21.2-YDUqZL2TTSsy2lGtfuND/dist=es2019,mode=imports/optimized/google-protobuf.js:783:23)
    at jspb.BinaryEncoder.writeUint64 (https://cdn.skypack.dev/-/google-protobuf@v3.21.2-YDUqZL2TTSsy2lGtfuND/dist=es2019,mode=imports/optimized/google-protobuf.js:4860:18)
    at jspb.BinaryWriter.writePackedFixed64 (https://cdn.skypack.dev/-/google-protobuf@v3.21.2-YDUqZL2TTSsy2lGtfuND/dist=es2019,mode=imports/optimized/google-protobuf.js:5650:23)
    at protobuf_test_messages_proto3_TestAllTypesProto3.serialize (file:///Users/thesayyn/Documents/thesayyn/protoc-gen-ts/target/debug/build/protoc_gen_ts-8cec2bec66276c47/out/test_conformance/test_messages_proto3.ts:1059:16)
    at file:///Users/thesayyn/Documents/thesayyn/protoc-gen-ts/tests/conformance/bin/main.ts:24:44

  protobuf_test_messages.proto3.TestAllTypesProto3 1
  Error: Assertion failed
    at Object.jspb.asserts.doAssertFailure (https://cdn.skypack.dev/-/google-protobuf@v3.21.2-YDUqZL2TTSsy2lGtfuND/dist=es2019,mode=imports/optimized/google-protobuf.js:778:11)
    at Object.jspb.asserts.assert (https://cdn.skypack.dev/-/google-protobuf@v3.21.2-YDUqZL2TTSsy2lGtfuND/dist=es2019,mode=imports/optimized/google-protobuf.js:783:23)
    at jspb.BinaryEncoder.writeUint64 (https://cdn.skypack.dev/-/google-protobuf@v3.21.2-YDUqZL2TTSsy2lGtfuND/dist=es2019,mode=imports/optimized/google-protobuf.js:4860:18)
    at jspb.BinaryWriter.writePackedFixed64 (https://cdn.skypack.dev/-/google-protobuf@v3.21.2-YDUqZL2TTSsy2lGtfuND/dist=es2019,mode=imports/optimized/google-protobuf.js:5650:23)
    at protobuf_test_messages_proto3_TestAllTypesProto3.serialize (file:///Users/thesayyn/Documents/thesayyn/protoc-gen-ts/target/debug/build/protoc_gen_ts-8cec2bec66276c47/out/test_conformance/test_messages_proto3.ts:1059:16)
    at file:///Users/thesayyn/Documents/thesayyn/protoc-gen-ts/tests/conformance/bin/main.ts:24:44

  protobuf_test_messages.proto3.TestAllTypesProto3 1
  Error: Assertion failed
    at Object.jspb.asserts.doAssertFailure (https://cdn.skypack.dev/-/google-protobuf@v3.21.2-YDUqZL2TTSsy2lGtfuND/dist=es2019,mode=imports/optimized/google-protobuf.js:778:11)
    at Object.jspb.asserts.assert (https://cdn.skypack.dev/-/google-protobuf@v3.21.2-YDUqZL2TTSsy2lGtfuND/dist=es2019,mode=imports/optimized/google-protobuf.js:783:23)
    at jspb.BinaryEncoder.writeUint64 (https://cdn.skypack.dev/-/google-protobuf@v3.21.2-YDUqZL2TTSsy2lGtfuND/dist=es2019,mode=imports/optimized/google-protobuf.js:4860:18)
    at jspb.BinaryWriter.writePackedFixed64 (https://cdn.skypack.dev/-/google-protobuf@v3.21.2-YDUqZL2TTSsy2lGtfuND/dist=es2019,mode=imports/optimized/google-protobuf.js:5650:23)
    at protobuf_test_messages_proto3_TestAllTypesProto3.serialize (file:///Users/thesayyn/Documents/thesayyn/protoc-gen-ts/target/debug/build/protoc_gen_ts-8cec2bec66276c47/out/test_conformance/test_messages_proto3.ts:1059:16)
    at file:///Users/thesayyn/Documents/thesayyn/protoc-gen-ts/tests/conformance/bin/main.ts:24:44

  protobuf_test_messages.proto3.TestAllTypesProto3 1
  Error: Assertion failed
    at Object.jspb.asserts.doAssertFailure (https://cdn.skypack.dev/-/google-protobuf@v3.21.2-YDUqZL2TTSsy2lGtfuND/dist=es2019,mode=imports/optimized/google-protobuf.js:778:11)
    at Object.jspb.asserts.assert (https://cdn.skypack.dev/-/google-protobuf@v3.21.2-YDUqZL2TTSsy2lGtfuND/dist=es2019,mode=imports/optimized/google-protobuf.js:783:23)
    at jspb.BinaryEncoder.writeUint64 (https://cdn.skypack.dev/-/google-protobuf@v3.21.2-YDUqZL2TTSsy2lGtfuND/dist=es2019,mode=imports/optimized/google-protobuf.js:4860:18)
    at jspb.BinaryWriter.writePackedFixed64 (https://cdn.skypack.dev/-/google-protobuf@v3.21.2-YDUqZL2TTSsy2lGtfuND/dist=es2019,mode=imports/optimized/google-protobuf.js:5650:23)
    at protobuf_test_messages_proto3_TestAllTypesProto3.serialize (file:///Users/thesayyn/Documents/thesayyn/protoc-gen-ts/target/debug/build/protoc_gen_ts-8cec2bec66276c47/out/test_conformance/test_messages_proto3.ts:1059:16)
    at file:///Users/thesayyn/Documents/thesayyn/protoc-gen-ts/tests/conformance/bin/main.ts:24:44

  protobuf_test_messages.proto3.TestAllTypesProto3 1
  Error: Assertion failed
    at Object.jspb.asserts.doAssertFailure (https://cdn.skypack.dev/-/google-protobuf@v3.21.2-YDUqZL2TTSsy2lGtfuND/dist=es2019,mode=imports/optimized/google-protobuf.js:778:11)
    at Object.jspb.asserts.assert (https://cdn.skypack.dev/-/google-protobuf@v3.21.2-YDUqZL2TTSsy2lGtfuND/dist=es2019,mode=imports/optimized/google-protobuf.js:783:23)
    at jspb.BinaryEncoder.writeUint64 (https://cdn.skypack.dev/-/google-protobuf@v3.21.2-YDUqZL2TTSsy2lGtfuND/dist=es2019,mode=imports/optimized/google-protobuf.js:4860:18)
    at jspb.BinaryWriter.writePackedFixed64 (https://cdn.skypack.dev/-/google-protobuf@v3.21.2-YDUqZL2TTSsy2lGtfuND/dist=es2019,mode=imports/optimized/google-protobuf.js:5650:23)
    at protobuf_test_messages_proto3_TestAllTypesProto3.serialize (file:///Users/thesayyn/Documents/thesayyn/protoc-gen-ts/target/debug/build/protoc_gen_ts-8cec2bec66276c47/out/test_conformance/test_messages_proto3.ts:1059:16)
    at file:///Users/thesayyn/Documents/thesayyn/protoc-gen-ts/tests/conformance/bin/main.ts:24:44

  protobuf_test_messages.proto3.TestAllTypesProto3 1
  Error: Assertion failed
    at Object.jspb.asserts.doAssertFailure (https://cdn.skypack.dev/-/google-protobuf@v3.21.2-YDUqZL2TTSsy2lGtfuND/dist=es2019,mode=imports/optimized/google-protobuf.js:778:11)
    at Object.jspb.asserts.assert (https://cdn.skypack.dev/-/google-protobuf@v3.21.2-YDUqZL2TTSsy2lGtfuND/dist=es2019,mode=imports/optimized/google-protobuf.js:783:23)
    at jspb.BinaryWriter.writeFixed64 (https://cdn.skypack.dev/-/google-protobuf@v3.21.2-YDUqZL2TTSsy2lGtfuND/dist=es2019,mode=imports/optimized/google-protobuf.js:5259:32)
    at protobuf_test_messages_proto3_TestAllTypesProto3.serialize (file:///Users/thesayyn/Documents/thesayyn/protoc-gen-ts/target/debug/build/protoc_gen_ts-8cec2bec66276c47/out/test_conformance/test_messages_proto3.ts:1166:16)
    at file:///Users/thesayyn/Documents/thesayyn/protoc-gen-ts/tests/conformance/bin/main.ts:24:44

  protobuf_test_messages.proto3.TestAllTypesProto3 1
  Error: Assertion failed
    at Object.jspb.asserts.doAssertFailure (https://cdn.skypack.dev/-/google-protobuf@v3.21.2-YDUqZL2TTSsy2lGtfuND/dist=es2019,mode=imports/optimized/google-protobuf.js:778:11)
    at Object.jspb.asserts.assert (https://cdn.skypack.dev/-/google-protobuf@v3.21.2-YDUqZL2TTSsy2lGtfuND/dist=es2019,mode=imports/optimized/google-protobuf.js:783:23)
    at jspb.BinaryReader.readFixed64 (https://cdn.skypack.dev/-/google-protobuf@v3.21.2-YDUqZL2TTSsy2lGtfuND/dist=es2019,mode=imports/optimized/google-protobuf.js:4587:18)
    at Function.deserialize (file:///Users/thesayyn/Documents/thesayyn/protoc-gen-ts/target/debug/build/protoc_gen_ts-8cec2bec66276c47/out/test_conformance/test_messages_proto3.ts:396:54)
    at file:///Users/thesayyn/Documents/thesayyn/protoc-gen-ts/tests/conformance/bin/main.ts:23:78

  protobuf_test_messages.proto2.TestAllTypesProto2 1
  Error: Assertion failed
    at Object.jspb.asserts.doAssertFailure (https://cdn.skypack.dev/-/google-protobuf@v3.21.2-YDUqZL2TTSsy2lGtfuND/dist=es2019,mode=imports/optimized/google-protobuf.js:778:11)
    at Object.jspb.asserts.assert (https://cdn.skypack.dev/-/google-protobuf@v3.21.2-YDUqZL2TTSsy2lGtfuND/dist=es2019,mode=imports/optimized/google-protobuf.js:783:23)
    at jspb.BinaryReader.readFixed32 (https://cdn.skypack.dev/-/google-protobuf@v3.21.2-YDUqZL2TTSsy2lGtfuND/dist=es2019,mode=imports/optimized/google-protobuf.js:4582:18)
    at Function.deserialize (file:///Users/thesayyn/Documents/thesayyn/protoc-gen-ts/target/debug/build/protoc_gen_ts-8cec2bec66276c47/out/test_conformance/test_messages_proto2.ts:232:54)
    at file:///Users/thesayyn/Documents/thesayyn/protoc-gen-ts/tests/conformance/bin/main.ts:30:78

  protobuf_test_messages.proto2.TestAllTypesProto2 1
  Error: Assertion failed
    at Object.jspb.asserts.doAssertFailure (https://cdn.skypack.dev/-/google-protobuf@v3.21.2-YDUqZL2TTSsy2lGtfuND/dist=es2019,mode=imports/optimized/google-protobuf.js:778:11)
    at Object.jspb.asserts.assert (https://cdn.skypack.dev/-/google-protobuf@v3.21.2-YDUqZL2TTSsy2lGtfuND/dist=es2019,mode=imports/optimized/google-protobuf.js:783:23)
    at jspb.BinaryReader.readFixed32 (https://cdn.skypack.dev/-/google-protobuf@v3.21.2-YDUqZL2TTSsy2lGtfuND/dist=es2019,mode=imports/optimized/google-protobuf.js:4582:18)
    at Function.deserialize (file:///Users/thesayyn/Documents/thesayyn/protoc-gen-ts/target/debug/build/protoc_gen_ts-8cec2bec66276c47/out/test_conformance/test_messages_proto2.ts:232:54)
    at file:///Users/thesayyn/Documents/thesayyn/protoc-gen-ts/tests/conformance/bin/main.ts:30:78

  protobuf_test_messages.proto2.TestAllTypesProto2 1
  Error: Assertion failed
    at Object.jspb.asserts.doAssertFailure (https://cdn.skypack.dev/-/google-protobuf@v3.21.2-YDUqZL2TTSsy2lGtfuND/dist=es2019,mode=imports/optimized/google-protobuf.js:778:11)
    at Object.jspb.asserts.assert (https://cdn.skypack.dev/-/google-protobuf@v3.21.2-YDUqZL2TTSsy2lGtfuND/dist=es2019,mode=imports/optimized/google-protobuf.js:783:23)
    at jspb.BinaryReader.readFixed32 (https://cdn.skypack.dev/-/google-protobuf@v3.21.2-YDUqZL2TTSsy2lGtfuND/dist=es2019,mode=imports/optimized/google-protobuf.js:4582:18)
    at Function.deserialize (file:///Users/thesayyn/Documents/thesayyn/protoc-gen-ts/target/debug/build/protoc_gen_ts-8cec2bec66276c47/out/test_conformance/test_messages_proto2.ts:232:54)
    at file:///Users/thesayyn/Documents/thesayyn/protoc-gen-ts/tests/conformance/bin/main.ts:30:78

  protobuf_test_messages.proto3.TestAllTypesProto3 1
  Error: Assertion failed
    at Object.jspb.asserts.doAssertFailure (https://cdn.skypack.dev/-/google-protobuf@v3.21.2-YDUqZL2TTSsy2lGtfuND/dist=es2019,mode=imports/optimized/google-protobuf.js:778:11)
    at Object.jspb.asserts.assert (https://cdn.skypack.dev/-/google-protobuf@v3.21.2-YDUqZL2TTSsy2lGtfuND/dist=es2019,mode=imports/optimized/google-protobuf.js:783:23)
    at jspb.BinaryReader.readFixed32 (https://cdn.skypack.dev/-/google-protobuf@v3.21.2-YDUqZL2TTSsy2lGtfuND/dist=es2019,mode=imports/optimized/google-protobuf.js:4582:18)
    at Function.deserialize (file:///Users/thesayyn/Documents/thesayyn/protoc-gen-ts/target/debug/build/protoc_gen_ts-8cec2bec66276c47/out/test_conformance/test_messages_proto3.ts:393:54)
    at file:///Users/thesayyn/Documents/thesayyn/protoc-gen-ts/tests/conformance/bin/main.ts:23:78

  protobuf_test_messages.proto2.TestAllTypesProto2 1
  Error: Assertion failed
    at Object.jspb.asserts.doAssertFailure (https://cdn.skypack.dev/-/google-protobuf@v3.21.2-YDUqZL2TTSsy2lGtfuND/dist=es2019,mode=imports/optimized/google-protobuf.js:778:11)
    at Object.jspb.asserts.assert (https://cdn.skypack.dev/-/google-protobuf@v3.21.2-YDUqZL2TTSsy2lGtfuND/dist=es2019,mode=imports/optimized/google-protobuf.js:783:23)
    at jspb.BinaryWriter.writeSfixed64 (https://cdn.skypack.dev/-/google-protobuf@v3.21.2-YDUqZL2TTSsy2lGtfuND/dist=es2019,mode=imports/optimized/google-protobuf.js:5270:32)
    at protobuf_test_messages_proto2_TestAllTypesProto2.serialize (file:///Users/thesayyn/Documents/thesayyn/protoc-gen-ts/target/debug/build/protoc_gen_ts-8cec2bec66276c47/out/test_conformance/test_messages_proto2.ts:900:16)
    at file:///Users/thesayyn/Documents/thesayyn/protoc-gen-ts/tests/conformance/bin/main.ts:31:44

  protobuf_test_messages.proto2.TestAllTypesProto2 1
  Error: Assertion failed
    at Object.jspb.asserts.doAssertFailure (https://cdn.skypack.dev/-/google-protobuf@v3.21.2-YDUqZL2TTSsy2lGtfuND/dist=es2019,mode=imports/optimized/google-protobuf.js:778:11)
    at Object.jspb.asserts.assert (https://cdn.skypack.dev/-/google-protobuf@v3.21.2-YDUqZL2TTSsy2lGtfuND/dist=es2019,mode=imports/optimized/google-protobuf.js:783:23)
    at jspb.BinaryWriter.writeSfixed64 (https://cdn.skypack.dev/-/google-protobuf@v3.21.2-YDUqZL2TTSsy2lGtfuND/dist=es2019,mode=imports/optimized/google-protobuf.js:5270:32)
    at protobuf_test_messages_proto2_TestAllTypesProto2.serialize (file:///Users/thesayyn/Documents/thesayyn/protoc-gen-ts/target/debug/build/protoc_gen_ts-8cec2bec66276c47/out/test_conformance/test_messages_proto2.ts:900:16)
    at file:///Users/thesayyn/Documents/thesayyn/protoc-gen-ts/tests/conformance/bin/main.ts:31:44

  protobuf_test_messages.proto2.TestAllTypesProto2 1
  Error: Assertion failed
    at Object.jspb.asserts.doAssertFailure (https://cdn.skypack.dev/-/google-protobuf@v3.21.2-YDUqZL2TTSsy2lGtfuND/dist=es2019,mode=imports/optimized/google-protobuf.js:778:11)
    at Object.jspb.asserts.assert (https://cdn.skypack.dev/-/google-protobuf@v3.21.2-YDUqZL2TTSsy2lGtfuND/dist=es2019,mode=imports/optimized/google-protobuf.js:783:23)
    at jspb.BinaryWriter.writeSfixed64 (https://cdn.skypack.dev/-/google-protobuf@v3.21.2-YDUqZL2TTSsy2lGtfuND/dist=es2019,mode=imports/optimized/google-protobuf.js:5270:32)
    at protobuf_test_messages_proto2_TestAllTypesProto2.serialize (file:///Users/thesayyn/Documents/thesayyn/protoc-gen-ts/target/debug/build/protoc_gen_ts-8cec2bec66276c47/out/test_conformance/test_messages_proto2.ts:969:16)
    at file:///Users/thesayyn/Documents/thesayyn/protoc-gen-ts/tests/conformance/bin/main.ts:31:44

  protobuf_test_messages.proto2.TestAllTypesProto2 1
  Error: Assertion failed
    at Object.jspb.asserts.doAssertFailure (https://cdn.skypack.dev/-/google-protobuf@v3.21.2-YDUqZL2TTSsy2lGtfuND/dist=es2019,mode=imports/optimized/google-protobuf.js:778:11)
    at Object.jspb.asserts.assert (https://cdn.skypack.dev/-/google-protobuf@v3.21.2-YDUqZL2TTSsy2lGtfuND/dist=es2019,mode=imports/optimized/google-protobuf.js:783:23)
    at jspb.BinaryReader.readSfixed64 (https://cdn.skypack.dev/-/google-protobuf@v3.21.2-YDUqZL2TTSsy2lGtfuND/dist=es2019,mode=imports/optimized/google-protobuf.js:4605:18)
    at Function.deserialize (file:///Users/thesayyn/Documents/thesayyn/protoc-gen-ts/target/debug/build/protoc_gen_ts-8cec2bec66276c47/out/test_conformance/test_messages_proto2.ts:241:55)
    at file:///Users/thesayyn/Documents/thesayyn/protoc-gen-ts/tests/conformance/bin/main.ts:30:78

  protobuf_test_messages.proto2.TestAllTypesProto2 1
  Error: Assertion failed
    at Object.jspb.asserts.doAssertFailure (https://cdn.skypack.dev/-/google-protobuf@v3.21.2-YDUqZL2TTSsy2lGtfuND/dist=es2019,mode=imports/optimized/google-protobuf.js:778:11)
    at Object.jspb.asserts.assert (https://cdn.skypack.dev/-/google-protobuf@v3.21.2-YDUqZL2TTSsy2lGtfuND/dist=es2019,mode=imports/optimized/google-protobuf.js:783:23)
    at jspb.BinaryWriter.writeSfixed64 (https://cdn.skypack.dev/-/google-protobuf@v3.21.2-YDUqZL2TTSsy2lGtfuND/dist=es2019,mode=imports/optimized/google-protobuf.js:5270:32)
    at protobuf_test_messages_proto2_TestAllTypesProto2.serialize (file:///Users/thesayyn/Documents/thesayyn/protoc-gen-ts/target/debug/build/protoc_gen_ts-8cec2bec66276c47/out/test_conformance/test_messages_proto2.ts:969:16)
    at file:///Users/thesayyn/Documents/thesayyn/protoc-gen-ts/tests/conformance/bin/main.ts:31:44

  protobuf_test_messages.proto2.TestAllTypesProto2 1
  Error: Assertion failed
    at Object.jspb.asserts.doAssertFailure (https://cdn.skypack.dev/-/google-protobuf@v3.21.2-YDUqZL2TTSsy2lGtfuND/dist=es2019,mode=imports/optimized/google-protobuf.js:778:11)
    at Object.jspb.asserts.assert (https://cdn.skypack.dev/-/google-protobuf@v3.21.2-YDUqZL2TTSsy2lGtfuND/dist=es2019,mode=imports/optimized/google-protobuf.js:783:23)
    at jspb.BinaryReader.readSfixed64 (https://cdn.skypack.dev/-/google-protobuf@v3.21.2-YDUqZL2TTSsy2lGtfuND/dist=es2019,mode=imports/optimized/google-protobuf.js:4605:18)
    at Function.deserialize (file:///Users/thesayyn/Documents/thesayyn/protoc-gen-ts/target/debug/build/protoc_gen_ts-8cec2bec66276c47/out/test_conformance/test_messages_proto2.ts:241:55)
    at file:///Users/thesayyn/Documents/thesayyn/protoc-gen-ts/tests/conformance/bin/main.ts:30:78

  protobuf_test_messages.proto2.TestAllTypesProto2 1
  Error: Assertion failed
    at Object.jspb.asserts.doAssertFailure (https://cdn.skypack.dev/-/google-protobuf@v3.21.2-YDUqZL2TTSsy2lGtfuND/dist=es2019,mode=imports/optimized/google-protobuf.js:778:11)
    at Object.jspb.asserts.assert (https://cdn.skypack.dev/-/google-protobuf@v3.21.2-YDUqZL2TTSsy2lGtfuND/dist=es2019,mode=imports/optimized/google-protobuf.js:783:23)
    at jspb.BinaryEncoder.writeInt64 (https://cdn.skypack.dev/-/google-protobuf@v3.21.2-YDUqZL2TTSsy2lGtfuND/dist=es2019,mode=imports/optimized/google-protobuf.js:4886:18)
    at jspb.BinaryWriter.writePackedSfixed64 (https://cdn.skypack.dev/-/google-protobuf@v3.21.2-YDUqZL2TTSsy2lGtfuND/dist=es2019,mode=imports/optimized/google-protobuf.js:5669:23)
    at protobuf_test_messages_proto2_TestAllTypesProto2.serialize (file:///Users/thesayyn/Documents/thesayyn/protoc-gen-ts/target/debug/build/protoc_gen_ts-8cec2bec66276c47/out/test_conformance/test_messages_proto2.ts:1034:16)
    at file:///Users/thesayyn/Documents/thesayyn/protoc-gen-ts/tests/conformance/bin/main.ts:31:44

  protobuf_test_messages.proto2.TestAllTypesProto2 1
  Error: Assertion failed
    at Object.jspb.asserts.doAssertFailure (https://cdn.skypack.dev/-/google-protobuf@v3.21.2-YDUqZL2TTSsy2lGtfuND/dist=es2019,mode=imports/optimized/google-protobuf.js:778:11)
    at Object.jspb.asserts.assert (https://cdn.skypack.dev/-/google-protobuf@v3.21.2-YDUqZL2TTSsy2lGtfuND/dist=es2019,mode=imports/optimized/google-protobuf.js:783:23)
    at jspb.BinaryEncoder.writeInt64 (https://cdn.skypack.dev/-/google-protobuf@v3.21.2-YDUqZL2TTSsy2lGtfuND/dist=es2019,mode=imports/optimized/google-protobuf.js:4886:18)
    at jspb.BinaryWriter.writePackedSfixed64 (https://cdn.skypack.dev/-/google-protobuf@v3.21.2-YDUqZL2TTSsy2lGtfuND/dist=es2019,mode=imports/optimized/google-protobuf.js:5669:23)
    at protobuf_test_messages_proto2_TestAllTypesProto2.serialize (file:///Users/thesayyn/Documents/thesayyn/protoc-gen-ts/target/debug/build/protoc_gen_ts-8cec2bec66276c47/out/test_conformance/test_messages_proto2.ts:1034:16)
    at file:///Users/thesayyn/Documents/thesayyn/protoc-gen-ts/tests/conformance/bin/main.ts:31:44

  protobuf_test_messages.proto2.TestAllTypesProto2 1
  Error: Assertion failed
    at Object.jspb.asserts.doAssertFailure (https://cdn.skypack.dev/-/google-protobuf@v3.21.2-YDUqZL2TTSsy2lGtfuND/dist=es2019,mode=imports/optimized/google-protobuf.js:778:11)
    at Object.jspb.asserts.assert (https://cdn.skypack.dev/-/google-protobuf@v3.21.2-YDUqZL2TTSsy2lGtfuND/dist=es2019,mode=imports/optimized/google-protobuf.js:783:23)
    at jspb.BinaryWriter.writeSfixed64 (https://cdn.skypack.dev/-/google-protobuf@v3.21.2-YDUqZL2TTSsy2lGtfuND/dist=es2019,mode=imports/optimized/google-protobuf.js:5270:32)
    at protobuf_test_messages_proto2_TestAllTypesProto2.serialize (file:///Users/thesayyn/Documents/thesayyn/protoc-gen-ts/target/debug/build/protoc_gen_ts-8cec2bec66276c47/out/test_conformance/test_messages_proto2.ts:969:16)
    at file:///Users/thesayyn/Documents/thesayyn/protoc-gen-ts/tests/conformance/bin/main.ts:31:44

  protobuf_test_messages.proto2.TestAllTypesProto2 1
  Error: Assertion failed
    at Object.jspb.asserts.doAssertFailure (https://cdn.skypack.dev/-/google-protobuf@v3.21.2-YDUqZL2TTSsy2lGtfuND/dist=es2019,mode=imports/optimized/google-protobuf.js:778:11)
    at Object.jspb.asserts.assert (https://cdn.skypack.dev/-/google-protobuf@v3.21.2-YDUqZL2TTSsy2lGtfuND/dist=es2019,mode=imports/optimized/google-protobuf.js:783:23)
    at jspb.BinaryReader.readSfixed64 (https://cdn.skypack.dev/-/google-protobuf@v3.21.2-YDUqZL2TTSsy2lGtfuND/dist=es2019,mode=imports/optimized/google-protobuf.js:4605:18)
    at Function.deserialize (file:///Users/thesayyn/Documents/thesayyn/protoc-gen-ts/target/debug/build/protoc_gen_ts-8cec2bec66276c47/out/test_conformance/test_messages_proto2.ts:241:55)
    at file:///Users/thesayyn/Documents/thesayyn/protoc-gen-ts/tests/conformance/bin/main.ts:30:78

  protobuf_test_messages.proto3.TestAllTypesProto3 1
  Error: Assertion failed
    at Object.jspb.asserts.doAssertFailure (https://cdn.skypack.dev/-/google-protobuf@v3.21.2-YDUqZL2TTSsy2lGtfuND/dist=es2019,mode=imports/optimized/google-protobuf.js:778:11)
    at Object.jspb.asserts.assert (https://cdn.skypack.dev/-/google-protobuf@v3.21.2-YDUqZL2TTSsy2lGtfuND/dist=es2019,mode=imports/optimized/google-protobuf.js:783:23)
    at jspb.BinaryWriter.writeSfixed64 (https://cdn.skypack.dev/-/google-protobuf@v3.21.2-YDUqZL2TTSsy2lGtfuND/dist=es2019,mode=imports/optimized/google-protobuf.js:5270:32)
    at protobuf_test_messages_proto3_TestAllTypesProto3.serialize (file:///Users/thesayyn/Documents/thesayyn/protoc-gen-ts/target/debug/build/protoc_gen_ts-8cec2bec66276c47/out/test_conformance/test_messages_proto3.ts:993:16)
    at file:///Users/thesayyn/Documents/thesayyn/protoc-gen-ts/tests/conformance/bin/main.ts:24:44

  protobuf_test_messages.proto3.TestAllTypesProto3 1
  Error: Assertion failed
    at Object.jspb.asserts.doAssertFailure (https://cdn.skypack.dev/-/google-protobuf@v3.21.2-YDUqZL2TTSsy2lGtfuND/dist=es2019,mode=imports/optimized/google-protobuf.js:778:11)
    at Object.jspb.asserts.assert (https://cdn.skypack.dev/-/google-protobuf@v3.21.2-YDUqZL2TTSsy2lGtfuND/dist=es2019,mode=imports/optimized/google-protobuf.js:783:23)
    at jspb.BinaryWriter.writeSfixed64 (https://cdn.skypack.dev/-/google-protobuf@v3.21.2-YDUqZL2TTSsy2lGtfuND/dist=es2019,mode=imports/optimized/google-protobuf.js:5270:32)
    at protobuf_test_messages_proto3_TestAllTypesProto3.serialize (file:///Users/thesayyn/Documents/thesayyn/protoc-gen-ts/target/debug/build/protoc_gen_ts-8cec2bec66276c47/out/test_conformance/test_messages_proto3.ts:993:16)
    at file:///Users/thesayyn/Documents/thesayyn/protoc-gen-ts/tests/conformance/bin/main.ts:24:44

  protobuf_test_messages.proto3.TestAllTypesProto3 1
  Error: Assertion failed
    at Object.jspb.asserts.doAssertFailure (https://cdn.skypack.dev/-/google-protobuf@v3.21.2-YDUqZL2TTSsy2lGtfuND/dist=es2019,mode=imports/optimized/google-protobuf.js:778:11)
    at Object.jspb.asserts.assert (https://cdn.skypack.dev/-/google-protobuf@v3.21.2-YDUqZL2TTSsy2lGtfuND/dist=es2019,mode=imports/optimized/google-protobuf.js:783:23)
    at jspb.BinaryEncoder.writeInt64 (https://cdn.skypack.dev/-/google-protobuf@v3.21.2-YDUqZL2TTSsy2lGtfuND/dist=es2019,mode=imports/optimized/google-protobuf.js:4886:18)
    at jspb.BinaryWriter.writePackedSfixed64 (https://cdn.skypack.dev/-/google-protobuf@v3.21.2-YDUqZL2TTSsy2lGtfuND/dist=es2019,mode=imports/optimized/google-protobuf.js:5669:23)
    at protobuf_test_messages_proto3_TestAllTypesProto3.serialize (file:///Users/thesayyn/Documents/thesayyn/protoc-gen-ts/target/debug/build/protoc_gen_ts-8cec2bec66276c47/out/test_conformance/test_messages_proto3.ts:1065:16)
    at file:///Users/thesayyn/Documents/thesayyn/protoc-gen-ts/tests/conformance/bin/main.ts:24:44

  protobuf_test_messages.proto3.TestAllTypesProto3 1
  Error: Assertion failed
    at Object.jspb.asserts.doAssertFailure (https://cdn.skypack.dev/-/google-protobuf@v3.21.2-YDUqZL2TTSsy2lGtfuND/dist=es2019,mode=imports/optimized/google-protobuf.js:778:11)
    at Object.jspb.asserts.assert (https://cdn.skypack.dev/-/google-protobuf@v3.21.2-YDUqZL2TTSsy2lGtfuND/dist=es2019,mode=imports/optimized/google-protobuf.js:783:23)
    at jspb.BinaryEncoder.writeInt64 (https://cdn.skypack.dev/-/google-protobuf@v3.21.2-YDUqZL2TTSsy2lGtfuND/dist=es2019,mode=imports/optimized/google-protobuf.js:4886:18)
    at jspb.BinaryWriter.writePackedSfixed64 (https://cdn.skypack.dev/-/google-protobuf@v3.21.2-YDUqZL2TTSsy2lGtfuND/dist=es2019,mode=imports/optimized/google-protobuf.js:5669:23)
    at protobuf_test_messages_proto3_TestAllTypesProto3.serialize (file:///Users/thesayyn/Documents/thesayyn/protoc-gen-ts/target/debug/build/protoc_gen_ts-8cec2bec66276c47/out/test_conformance/test_messages_proto3.ts:1065:16)
    at file:///Users/thesayyn/Documents/thesayyn/protoc-gen-ts/tests/conformance/bin/main.ts:24:44

  protobuf_test_messages.proto3.TestAllTypesProto3 1
  Error: Assertion failed
    at Object.jspb.asserts.doAssertFailure (https://cdn.skypack.dev/-/google-protobuf@v3.21.2-YDUqZL2TTSsy2lGtfuND/dist=es2019,mode=imports/optimized/google-protobuf.js:778:11)
    at Object.jspb.asserts.assert (https://cdn.skypack.dev/-/google-protobuf@v3.21.2-YDUqZL2TTSsy2lGtfuND/dist=es2019,mode=imports/optimized/google-protobuf.js:783:23)
    at jspb.BinaryEncoder.writeInt64 (https://cdn.skypack.dev/-/google-protobuf@v3.21.2-YDUqZL2TTSsy2lGtfuND/dist=es2019,mode=imports/optimized/google-protobuf.js:4886:18)
    at jspb.BinaryWriter.writePackedSfixed64 (https://cdn.skypack.dev/-/google-protobuf@v3.21.2-YDUqZL2TTSsy2lGtfuND/dist=es2019,mode=imports/optimized/google-protobuf.js:5669:23)
    at protobuf_test_messages_proto3_TestAllTypesProto3.serialize (file:///Users/thesayyn/Documents/thesayyn/protoc-gen-ts/target/debug/build/protoc_gen_ts-8cec2bec66276c47/out/test_conformance/test_messages_proto3.ts:1065:16)
    at file:///Users/thesayyn/Documents/thesayyn/protoc-gen-ts/tests/conformance/bin/main.ts:24:44

  protobuf_test_messages.proto3.TestAllTypesProto3 1
  Error: Assertion failed
    at Object.jspb.asserts.doAssertFailure (https://cdn.skypack.dev/-/google-protobuf@v3.21.2-YDUqZL2TTSsy2lGtfuND/dist=es2019,mode=imports/optimized/google-protobuf.js:778:11)
    at Object.jspb.asserts.assert (https://cdn.skypack.dev/-/google-protobuf@v3.21.2-YDUqZL2TTSsy2lGtfuND/dist=es2019,mode=imports/optimized/google-protobuf.js:783:23)
    at jspb.BinaryEncoder.writeInt64 (https://cdn.skypack.dev/-/google-protobuf@v3.21.2-YDUqZL2TTSsy2lGtfuND/dist=es2019,mode=imports/optimized/google-protobuf.js:4886:18)
    at jspb.BinaryWriter.writePackedSfixed64 (https://cdn.skypack.dev/-/google-protobuf@v3.21.2-YDUqZL2TTSsy2lGtfuND/dist=es2019,mode=imports/optimized/google-protobuf.js:5669:23)
    at protobuf_test_messages_proto3_TestAllTypesProto3.serialize (file:///Users/thesayyn/Documents/thesayyn/protoc-gen-ts/target/debug/build/protoc_gen_ts-8cec2bec66276c47/out/test_conformance/test_messages_proto3.ts:1065:16)
    at file:///Users/thesayyn/Documents/thesayyn/protoc-gen-ts/tests/conformance/bin/main.ts:24:44

  protobuf_test_messages.proto3.TestAllTypesProto3 1
  Error: Assertion failed
    at Object.jspb.asserts.doAssertFailure (https://cdn.skypack.dev/-/google-protobuf@v3.21.2-YDUqZL2TTSsy2lGtfuND/dist=es2019,mode=imports/optimized/google-protobuf.js:778:11)
    at Object.jspb.asserts.assert (https://cdn.skypack.dev/-/google-protobuf@v3.21.2-YDUqZL2TTSsy2lGtfuND/dist=es2019,mode=imports/optimized/google-protobuf.js:783:23)
    at jspb.BinaryEncoder.writeInt64 (https://cdn.skypack.dev/-/google-protobuf@v3.21.2-YDUqZL2TTSsy2lGtfuND/dist=es2019,mode=imports/optimized/google-protobuf.js:4886:18)
    at jspb.BinaryWriter.writePackedSfixed64 (https://cdn.skypack.dev/-/google-protobuf@v3.21.2-YDUqZL2TTSsy2lGtfuND/dist=es2019,mode=imports/optimized/google-protobuf.js:5669:23)
    at protobuf_test_messages_proto3_TestAllTypesProto3.serialize (file:///Users/thesayyn/Documents/thesayyn/protoc-gen-ts/target/debug/build/protoc_gen_ts-8cec2bec66276c47/out/test_conformance/test_messages_proto3.ts:1065:16)
    at file:///Users/thesayyn/Documents/thesayyn/protoc-gen-ts/tests/conformance/bin/main.ts:24:44

  protobuf_test_messages.proto3.TestAllTypesProto3 1
  Error: Assertion failed
    at Object.jspb.asserts.doAssertFailure (https://cdn.skypack.dev/-/google-protobuf@v3.21.2-YDUqZL2TTSsy2lGtfuND/dist=es2019,mode=imports/optimized/google-protobuf.js:778:11)
    at Object.jspb.asserts.assert (https://cdn.skypack.dev/-/google-protobuf@v3.21.2-YDUqZL2TTSsy2lGtfuND/dist=es2019,mode=imports/optimized/google-protobuf.js:783:23)
    at jspb.BinaryEncoder.writeInt64 (https://cdn.skypack.dev/-/google-protobuf@v3.21.2-YDUqZL2TTSsy2lGtfuND/dist=es2019,mode=imports/optimized/google-protobuf.js:4886:18)
    at jspb.BinaryWriter.writePackedSfixed64 (https://cdn.skypack.dev/-/google-protobuf@v3.21.2-YDUqZL2TTSsy2lGtfuND/dist=es2019,mode=imports/optimized/google-protobuf.js:5669:23)
    at protobuf_test_messages_proto3_TestAllTypesProto3.serialize (file:///Users/thesayyn/Documents/thesayyn/protoc-gen-ts/target/debug/build/protoc_gen_ts-8cec2bec66276c47/out/test_conformance/test_messages_proto3.ts:1065:16)
    at file:///Users/thesayyn/Documents/thesayyn/protoc-gen-ts/tests/conformance/bin/main.ts:24:44

  protobuf_test_messages.proto3.TestAllTypesProto3 1
  Error: Assertion failed
    at Object.jspb.asserts.doAssertFailure (https://cdn.skypack.dev/-/google-protobuf@v3.21.2-YDUqZL2TTSsy2lGtfuND/dist=es2019,mode=imports/optimized/google-protobuf.js:778:11)
    at Object.jspb.asserts.assert (https://cdn.skypack.dev/-/google-protobuf@v3.21.2-YDUqZL2TTSsy2lGtfuND/dist=es2019,mode=imports/optimized/google-protobuf.js:783:23)
    at jspb.BinaryWriter.writeSfixed64 (https://cdn.skypack.dev/-/google-protobuf@v3.21.2-YDUqZL2TTSsy2lGtfuND/dist=es2019,mode=imports/optimized/google-protobuf.js:5270:32)
    at protobuf_test_messages_proto3_TestAllTypesProto3.serialize (file:///Users/thesayyn/Documents/thesayyn/protoc-gen-ts/target/debug/build/protoc_gen_ts-8cec2bec66276c47/out/test_conformance/test_messages_proto3.ts:1172:16)
    at file:///Users/thesayyn/Documents/thesayyn/protoc-gen-ts/tests/conformance/bin/main.ts:24:44

  protobuf_test_messages.proto3.TestAllTypesProto3 1
  Error: Assertion failed
    at Object.jspb.asserts.doAssertFailure (https://cdn.skypack.dev/-/google-protobuf@v3.21.2-YDUqZL2TTSsy2lGtfuND/dist=es2019,mode=imports/optimized/google-protobuf.js:778:11)
    at Object.jspb.asserts.assert (https://cdn.skypack.dev/-/google-protobuf@v3.21.2-YDUqZL2TTSsy2lGtfuND/dist=es2019,mode=imports/optimized/google-protobuf.js:783:23)
    at jspb.BinaryReader.readSfixed64 (https://cdn.skypack.dev/-/google-protobuf@v3.21.2-YDUqZL2TTSsy2lGtfuND/dist=es2019,mode=imports/optimized/google-protobuf.js:4605:18)
    at Function.deserialize (file:///Users/thesayyn/Documents/thesayyn/protoc-gen-ts/target/debug/build/protoc_gen_ts-8cec2bec66276c47/out/test_conformance/test_messages_proto3.ts:402:55)
    at file:///Users/thesayyn/Documents/thesayyn/protoc-gen-ts/tests/conformance/bin/main.ts:23:78

  protobuf_test_messages.proto2.TestAllTypesProto2 1
  Error: Assertion failed
    at Object.jspb.asserts.doAssertFailure (https://cdn.skypack.dev/-/google-protobuf@v3.21.2-YDUqZL2TTSsy2lGtfuND/dist=es2019,mode=imports/optimized/google-protobuf.js:778:11)
    at Object.jspb.asserts.assert (https://cdn.skypack.dev/-/google-protobuf@v3.21.2-YDUqZL2TTSsy2lGtfuND/dist=es2019,mode=imports/optimized/google-protobuf.js:783:23)
    at jspb.BinaryReader.readSfixed32 (https://cdn.skypack.dev/-/google-protobuf@v3.21.2-YDUqZL2TTSsy2lGtfuND/dist=es2019,mode=imports/optimized/google-protobuf.js:4596:18)
    at Function.deserialize (file:///Users/thesayyn/Documents/thesayyn/protoc-gen-ts/target/debug/build/protoc_gen_ts-8cec2bec66276c47/out/test_conformance/test_messages_proto2.ts:238:55)
    at file:///Users/thesayyn/Documents/thesayyn/protoc-gen-ts/tests/conformance/bin/main.ts:30:78

  protobuf_test_messages.proto2.TestAllTypesProto2 1
  Error: Assertion failed
    at Object.jspb.asserts.doAssertFailure (https://cdn.skypack.dev/-/google-protobuf@v3.21.2-YDUqZL2TTSsy2lGtfuND/dist=es2019,mode=imports/optimized/google-protobuf.js:778:11)
    at Object.jspb.asserts.assert (https://cdn.skypack.dev/-/google-protobuf@v3.21.2-YDUqZL2TTSsy2lGtfuND/dist=es2019,mode=imports/optimized/google-protobuf.js:783:23)
    at jspb.BinaryReader.readSfixed32 (https://cdn.skypack.dev/-/google-protobuf@v3.21.2-YDUqZL2TTSsy2lGtfuND/dist=es2019,mode=imports/optimized/google-protobuf.js:4596:18)
    at Function.deserialize (file:///Users/thesayyn/Documents/thesayyn/protoc-gen-ts/target/debug/build/protoc_gen_ts-8cec2bec66276c47/out/test_conformance/test_messages_proto2.ts:238:55)
    at file:///Users/thesayyn/Documents/thesayyn/protoc-gen-ts/tests/conformance/bin/main.ts:30:78

  protobuf_test_messages.proto2.TestAllTypesProto2 1
  Error: Assertion failed
    at Object.jspb.asserts.doAssertFailure (https://cdn.skypack.dev/-/google-protobuf@v3.21.2-YDUqZL2TTSsy2lGtfuND/dist=es2019,mode=imports/optimized/google-protobuf.js:778:11)
    at Object.jspb.asserts.assert (https://cdn.skypack.dev/-/google-protobuf@v3.21.2-YDUqZL2TTSsy2lGtfuND/dist=es2019,mode=imports/optimized/google-protobuf.js:783:23)
    at jspb.BinaryReader.readSfixed32 (https://cdn.skypack.dev/-/google-protobuf@v3.21.2-YDUqZL2TTSsy2lGtfuND/dist=es2019,mode=imports/optimized/google-protobuf.js:4596:18)
    at Function.deserialize (file:///Users/thesayyn/Documents/thesayyn/protoc-gen-ts/target/debug/build/protoc_gen_ts-8cec2bec66276c47/out/test_conformance/test_messages_proto2.ts:238:55)
    at file:///Users/thesayyn/Documents/thesayyn/protoc-gen-ts/tests/conformance/bin/main.ts:30:78

  protobuf_test_messages.proto3.TestAllTypesProto3 1
  Error: Assertion failed
    at Object.jspb.asserts.doAssertFailure (https://cdn.skypack.dev/-/google-protobuf@v3.21.2-YDUqZL2TTSsy2lGtfuND/dist=es2019,mode=imports/optimized/google-protobuf.js:778:11)
    at Object.jspb.asserts.assert (https://cdn.skypack.dev/-/google-protobuf@v3.21.2-YDUqZL2TTSsy2lGtfuND/dist=es2019,mode=imports/optimized/google-protobuf.js:783:23)
    at jspb.BinaryReader.readSfixed32 (https://cdn.skypack.dev/-/google-protobuf@v3.21.2-YDUqZL2TTSsy2lGtfuND/dist=es2019,mode=imports/optimized/google-protobuf.js:4596:18)
    at Function.deserialize (file:///Users/thesayyn/Documents/thesayyn/protoc-gen-ts/target/debug/build/protoc_gen_ts-8cec2bec66276c47/out/test_conformance/test_messages_proto3.ts:399:55)
    at file:///Users/thesayyn/Documents/thesayyn/protoc-gen-ts/tests/conformance/bin/main.ts:23:78

  protobuf_test_messages.proto2.TestAllTypesProto2 1
  Error: Assertion failed
    at Object.jspb.asserts.doAssertFailure (https://cdn.skypack.dev/-/google-protobuf@v3.21.2-YDUqZL2TTSsy2lGtfuND/dist=es2019,mode=imports/optimized/google-protobuf.js:778:11)
    at Object.jspb.asserts.assert (https://cdn.skypack.dev/-/google-protobuf@v3.21.2-YDUqZL2TTSsy2lGtfuND/dist=es2019,mode=imports/optimized/google-protobuf.js:783:23)
    at jspb.BinaryReader.readBool (https://cdn.skypack.dev/-/google-protobuf@v3.21.2-YDUqZL2TTSsy2lGtfuND/dist=es2019,mode=imports/optimized/google-protobuf.js:4624:18)
    at Function.deserialize (file:///Users/thesayyn/Documents/thesayyn/protoc-gen-ts/target/debug/build/protoc_gen_ts-8cec2bec66276c47/out/test_conformance/test_messages_proto2.ts:250:51)
    at file:///Users/thesayyn/Documents/thesayyn/protoc-gen-ts/tests/conformance/bin/main.ts:30:78

  protobuf_test_messages.proto2.TestAllTypesProto2 1
  Error: Assertion failed
    at Object.jspb.asserts.doAssertFailure (https://cdn.skypack.dev/-/google-protobuf@v3.21.2-YDUqZL2TTSsy2lGtfuND/dist=es2019,mode=imports/optimized/google-protobuf.js:778:11)
    at Object.jspb.asserts.assert (https://cdn.skypack.dev/-/google-protobuf@v3.21.2-YDUqZL2TTSsy2lGtfuND/dist=es2019,mode=imports/optimized/google-protobuf.js:783:23)
    at jspb.BinaryReader.readBool (https://cdn.skypack.dev/-/google-protobuf@v3.21.2-YDUqZL2TTSsy2lGtfuND/dist=es2019,mode=imports/optimized/google-protobuf.js:4624:18)
    at Function.deserialize (file:///Users/thesayyn/Documents/thesayyn/protoc-gen-ts/target/debug/build/protoc_gen_ts-8cec2bec66276c47/out/test_conformance/test_messages_proto2.ts:250:51)
    at file:///Users/thesayyn/Documents/thesayyn/protoc-gen-ts/tests/conformance/bin/main.ts:30:78

  protobuf_test_messages.proto2.TestAllTypesProto2 1
  Error: Assertion failed
    at Object.jspb.asserts.doAssertFailure (https://cdn.skypack.dev/-/google-protobuf@v3.21.2-YDUqZL2TTSsy2lGtfuND/dist=es2019,mode=imports/optimized/google-protobuf.js:778:11)
    at Object.jspb.asserts.assert (https://cdn.skypack.dev/-/google-protobuf@v3.21.2-YDUqZL2TTSsy2lGtfuND/dist=es2019,mode=imports/optimized/google-protobuf.js:783:23)
    at jspb.BinaryReader.readBool (https://cdn.skypack.dev/-/google-protobuf@v3.21.2-YDUqZL2TTSsy2lGtfuND/dist=es2019,mode=imports/optimized/google-protobuf.js:4624:18)
    at Function.deserialize (file:///Users/thesayyn/Documents/thesayyn/protoc-gen-ts/target/debug/build/protoc_gen_ts-8cec2bec66276c47/out/test_conformance/test_messages_proto2.ts:250:51)
    at file:///Users/thesayyn/Documents/thesayyn/protoc-gen-ts/tests/conformance/bin/main.ts:30:78

  protobuf_test_messages.proto3.TestAllTypesProto3 1
  Error: Assertion failed
    at Object.jspb.asserts.doAssertFailure (https://cdn.skypack.dev/-/google-protobuf@v3.21.2-YDUqZL2TTSsy2lGtfuND/dist=es2019,mode=imports/optimized/google-protobuf.js:778:11)
    at Object.jspb.asserts.assert (https://cdn.skypack.dev/-/google-protobuf@v3.21.2-YDUqZL2TTSsy2lGtfuND/dist=es2019,mode=imports/optimized/google-protobuf.js:783:23)
    at jspb.BinaryReader.readBool (https://cdn.skypack.dev/-/google-protobuf@v3.21.2-YDUqZL2TTSsy2lGtfuND/dist=es2019,mode=imports/optimized/google-protobuf.js:4624:18)
    at Function.deserialize (file:///Users/thesayyn/Documents/thesayyn/protoc-gen-ts/target/debug/build/protoc_gen_ts-8cec2bec66276c47/out/test_conformance/test_messages_proto3.ts:411:51)
    at file:///Users/thesayyn/Documents/thesayyn/protoc-gen-ts/tests/conformance/bin/main.ts:23:78

  protobuf_test_messages.proto2.TestAllTypesProto2 1
  Error: Assertion failed
    at Object.jspb.asserts.doAssertFailure (https://cdn.skypack.dev/-/google-protobuf@v3.21.2-YDUqZL2TTSsy2lGtfuND/dist=es2019,mode=imports/optimized/google-protobuf.js:778:11)
    at Object.jspb.asserts.assert (https://cdn.skypack.dev/-/google-protobuf@v3.21.2-YDUqZL2TTSsy2lGtfuND/dist=es2019,mode=imports/optimized/google-protobuf.js:783:23)
    at jspb.BinaryReader.readSint32 (https://cdn.skypack.dev/-/google-protobuf@v3.21.2-YDUqZL2TTSsy2lGtfuND/dist=es2019,mode=imports/optimized/google-protobuf.js:4568:18)
    at Function.deserialize (file:///Users/thesayyn/Documents/thesayyn/protoc-gen-ts/target/debug/build/protoc_gen_ts-8cec2bec66276c47/out/test_conformance/test_messages_proto2.ts:226:53)
    at file:///Users/thesayyn/Documents/thesayyn/protoc-gen-ts/tests/conformance/bin/main.ts:30:78

  protobuf_test_messages.proto2.TestAllTypesProto2 1
  Error: Assertion failed
    at Object.jspb.asserts.doAssertFailure (https://cdn.skypack.dev/-/google-protobuf@v3.21.2-YDUqZL2TTSsy2lGtfuND/dist=es2019,mode=imports/optimized/google-protobuf.js:778:11)
    at Object.jspb.asserts.assert (https://cdn.skypack.dev/-/google-protobuf@v3.21.2-YDUqZL2TTSsy2lGtfuND/dist=es2019,mode=imports/optimized/google-protobuf.js:783:23)
    at jspb.BinaryReader.readSint32 (https://cdn.skypack.dev/-/google-protobuf@v3.21.2-YDUqZL2TTSsy2lGtfuND/dist=es2019,mode=imports/optimized/google-protobuf.js:4568:18)
    at Function.deserialize (file:///Users/thesayyn/Documents/thesayyn/protoc-gen-ts/target/debug/build/protoc_gen_ts-8cec2bec66276c47/out/test_conformance/test_messages_proto2.ts:226:53)
    at file:///Users/thesayyn/Documents/thesayyn/protoc-gen-ts/tests/conformance/bin/main.ts:30:78

  protobuf_test_messages.proto2.TestAllTypesProto2 1
  Error: Assertion failed
    at Object.jspb.asserts.doAssertFailure (https://cdn.skypack.dev/-/google-protobuf@v3.21.2-YDUqZL2TTSsy2lGtfuND/dist=es2019,mode=imports/optimized/google-protobuf.js:778:11)
    at Object.jspb.asserts.assert (https://cdn.skypack.dev/-/google-protobuf@v3.21.2-YDUqZL2TTSsy2lGtfuND/dist=es2019,mode=imports/optimized/google-protobuf.js:783:23)
    at jspb.BinaryReader.readSint32 (https://cdn.skypack.dev/-/google-protobuf@v3.21.2-YDUqZL2TTSsy2lGtfuND/dist=es2019,mode=imports/optimized/google-protobuf.js:4568:18)
    at Function.deserialize (file:///Users/thesayyn/Documents/thesayyn/protoc-gen-ts/target/debug/build/protoc_gen_ts-8cec2bec66276c47/out/test_conformance/test_messages_proto2.ts:226:53)
    at file:///Users/thesayyn/Documents/thesayyn/protoc-gen-ts/tests/conformance/bin/main.ts:30:78

  protobuf_test_messages.proto3.TestAllTypesProto3 1
  Error: Assertion failed
    at Object.jspb.asserts.doAssertFailure (https://cdn.skypack.dev/-/google-protobuf@v3.21.2-YDUqZL2TTSsy2lGtfuND/dist=es2019,mode=imports/optimized/google-protobuf.js:778:11)
    at Object.jspb.asserts.assert (https://cdn.skypack.dev/-/google-protobuf@v3.21.2-YDUqZL2TTSsy2lGtfuND/dist=es2019,mode=imports/optimized/google-protobuf.js:783:23)
    at jspb.BinaryReader.readSint32 (https://cdn.skypack.dev/-/google-protobuf@v3.21.2-YDUqZL2TTSsy2lGtfuND/dist=es2019,mode=imports/optimized/google-protobuf.js:4568:18)
    at Function.deserialize (file:///Users/thesayyn/Documents/thesayyn/protoc-gen-ts/target/debug/build/protoc_gen_ts-8cec2bec66276c47/out/test_conformance/test_messages_proto3.ts:387:53)
    at file:///Users/thesayyn/Documents/thesayyn/protoc-gen-ts/tests/conformance/bin/main.ts:23:78

  protobuf_test_messages.proto2.TestAllTypesProto2 1
  Error: Assertion failed
    at Object.jspb.asserts.doAssertFailure (https://cdn.skypack.dev/-/google-protobuf@v3.21.2-YDUqZL2TTSsy2lGtfuND/dist=es2019,mode=imports/optimized/google-protobuf.js:778:11)
    at Object.jspb.asserts.assert (https://cdn.skypack.dev/-/google-protobuf@v3.21.2-YDUqZL2TTSsy2lGtfuND/dist=es2019,mode=imports/optimized/google-protobuf.js:783:23)
    at jspb.BinaryWriter.writeSint64 (https://cdn.skypack.dev/-/google-protobuf@v3.21.2-YDUqZL2TTSsy2lGtfuND/dist=es2019,mode=imports/optimized/google-protobuf.js:5245:32)
    at protobuf_test_messages_proto2_TestAllTypesProto2.serialize (file:///Users/thesayyn/Documents/thesayyn/protoc-gen-ts/target/debug/build/protoc_gen_ts-8cec2bec66276c47/out/test_conformance/test_messages_proto2.ts:888:16)
    at file:///Users/thesayyn/Documents/thesayyn/protoc-gen-ts/tests/conformance/bin/main.ts:31:44

  protobuf_test_messages.proto2.TestAllTypesProto2 1
  Error: Assertion failed
    at Object.jspb.asserts.doAssertFailure (https://cdn.skypack.dev/-/google-protobuf@v3.21.2-YDUqZL2TTSsy2lGtfuND/dist=es2019,mode=imports/optimized/google-protobuf.js:778:11)
    at Object.jspb.asserts.assert (https://cdn.skypack.dev/-/google-protobuf@v3.21.2-YDUqZL2TTSsy2lGtfuND/dist=es2019,mode=imports/optimized/google-protobuf.js:783:23)
    at jspb.BinaryWriter.writeSint64 (https://cdn.skypack.dev/-/google-protobuf@v3.21.2-YDUqZL2TTSsy2lGtfuND/dist=es2019,mode=imports/optimized/google-protobuf.js:5245:32)
    at protobuf_test_messages_proto2_TestAllTypesProto2.serialize (file:///Users/thesayyn/Documents/thesayyn/protoc-gen-ts/target/debug/build/protoc_gen_ts-8cec2bec66276c47/out/test_conformance/test_messages_proto2.ts:888:16)
    at file:///Users/thesayyn/Documents/thesayyn/protoc-gen-ts/tests/conformance/bin/main.ts:31:44

  protobuf_test_messages.proto2.TestAllTypesProto2 1
  Error: Assertion failed
    at Object.jspb.asserts.doAssertFailure (https://cdn.skypack.dev/-/google-protobuf@v3.21.2-YDUqZL2TTSsy2lGtfuND/dist=es2019,mode=imports/optimized/google-protobuf.js:778:11)
    at Object.jspb.asserts.assert (https://cdn.skypack.dev/-/google-protobuf@v3.21.2-YDUqZL2TTSsy2lGtfuND/dist=es2019,mode=imports/optimized/google-protobuf.js:783:23)
    at jspb.BinaryWriter.writeSint64 (https://cdn.skypack.dev/-/google-protobuf@v3.21.2-YDUqZL2TTSsy2lGtfuND/dist=es2019,mode=imports/optimized/google-protobuf.js:5245:32)
    at protobuf_test_messages_proto2_TestAllTypesProto2.serialize (file:///Users/thesayyn/Documents/thesayyn/protoc-gen-ts/target/debug/build/protoc_gen_ts-8cec2bec66276c47/out/test_conformance/test_messages_proto2.ts:957:16)
    at file:///Users/thesayyn/Documents/thesayyn/protoc-gen-ts/tests/conformance/bin/main.ts:31:44

  protobuf_test_messages.proto2.TestAllTypesProto2 1
  Error: Assertion failed
    at Object.jspb.asserts.doAssertFailure (https://cdn.skypack.dev/-/google-protobuf@v3.21.2-YDUqZL2TTSsy2lGtfuND/dist=es2019,mode=imports/optimized/google-protobuf.js:778:11)
    at Object.jspb.asserts.assert (https://cdn.skypack.dev/-/google-protobuf@v3.21.2-YDUqZL2TTSsy2lGtfuND/dist=es2019,mode=imports/optimized/google-protobuf.js:783:23)
    at jspb.BinaryReader.readSint64 (https://cdn.skypack.dev/-/google-protobuf@v3.21.2-YDUqZL2TTSsy2lGtfuND/dist=es2019,mode=imports/optimized/google-protobuf.js:4573:18)
    at Function.deserialize (file:///Users/thesayyn/Documents/thesayyn/protoc-gen-ts/target/debug/build/protoc_gen_ts-8cec2bec66276c47/out/test_conformance/test_messages_proto2.ts:229:53)
    at file:///Users/thesayyn/Documents/thesayyn/protoc-gen-ts/tests/conformance/bin/main.ts:30:78

  protobuf_test_messages.proto2.TestAllTypesProto2 1
  Error: Assertion failed
    at Object.jspb.asserts.doAssertFailure (https://cdn.skypack.dev/-/google-protobuf@v3.21.2-YDUqZL2TTSsy2lGtfuND/dist=es2019,mode=imports/optimized/google-protobuf.js:778:11)
    at Object.jspb.asserts.assert (https://cdn.skypack.dev/-/google-protobuf@v3.21.2-YDUqZL2TTSsy2lGtfuND/dist=es2019,mode=imports/optimized/google-protobuf.js:783:23)
    at jspb.BinaryWriter.writeSint64 (https://cdn.skypack.dev/-/google-protobuf@v3.21.2-YDUqZL2TTSsy2lGtfuND/dist=es2019,mode=imports/optimized/google-protobuf.js:5245:32)
    at protobuf_test_messages_proto2_TestAllTypesProto2.serialize (file:///Users/thesayyn/Documents/thesayyn/protoc-gen-ts/target/debug/build/protoc_gen_ts-8cec2bec66276c47/out/test_conformance/test_messages_proto2.ts:957:16)
    at file:///Users/thesayyn/Documents/thesayyn/protoc-gen-ts/tests/conformance/bin/main.ts:31:44

  protobuf_test_messages.proto2.TestAllTypesProto2 1
  Error: Assertion failed
    at Object.jspb.asserts.doAssertFailure (https://cdn.skypack.dev/-/google-protobuf@v3.21.2-YDUqZL2TTSsy2lGtfuND/dist=es2019,mode=imports/optimized/google-protobuf.js:778:11)
    at Object.jspb.asserts.assert (https://cdn.skypack.dev/-/google-protobuf@v3.21.2-YDUqZL2TTSsy2lGtfuND/dist=es2019,mode=imports/optimized/google-protobuf.js:783:23)
    at jspb.BinaryReader.readSint64 (https://cdn.skypack.dev/-/google-protobuf@v3.21.2-YDUqZL2TTSsy2lGtfuND/dist=es2019,mode=imports/optimized/google-protobuf.js:4573:18)
    at Function.deserialize (file:///Users/thesayyn/Documents/thesayyn/protoc-gen-ts/target/debug/build/protoc_gen_ts-8cec2bec66276c47/out/test_conformance/test_messages_proto2.ts:229:53)
    at file:///Users/thesayyn/Documents/thesayyn/protoc-gen-ts/tests/conformance/bin/main.ts:30:78

  protobuf_test_messages.proto2.TestAllTypesProto2 1
  Error: Assertion failed
    at Object.jspb.asserts.doAssertFailure (https://cdn.skypack.dev/-/google-protobuf@v3.21.2-YDUqZL2TTSsy2lGtfuND/dist=es2019,mode=imports/optimized/google-protobuf.js:778:11)
    at Object.jspb.asserts.assert (https://cdn.skypack.dev/-/google-protobuf@v3.21.2-YDUqZL2TTSsy2lGtfuND/dist=es2019,mode=imports/optimized/google-protobuf.js:783:23)
    at jspb.BinaryEncoder.writeZigzagVarint64 (https://cdn.skypack.dev/-/google-protobuf@v3.21.2-YDUqZL2TTSsy2lGtfuND/dist=es2019,mode=imports/optimized/google-protobuf.js:4825:18)
    at jspb.BinaryWriter.writePackedSint64 (https://cdn.skypack.dev/-/google-protobuf@v3.21.2-YDUqZL2TTSsy2lGtfuND/dist=es2019,mode=imports/optimized/google-protobuf.js:5620:23)
    at protobuf_test_messages_proto2_TestAllTypesProto2.serialize (file:///Users/thesayyn/Documents/thesayyn/protoc-gen-ts/target/debug/build/protoc_gen_ts-8cec2bec66276c47/out/test_conformance/test_messages_proto2.ts:1022:16)
    at file:///Users/thesayyn/Documents/thesayyn/protoc-gen-ts/tests/conformance/bin/main.ts:31:44

  protobuf_test_messages.proto2.TestAllTypesProto2 1
  Error: Assertion failed
    at Object.jspb.asserts.doAssertFailure (https://cdn.skypack.dev/-/google-protobuf@v3.21.2-YDUqZL2TTSsy2lGtfuND/dist=es2019,mode=imports/optimized/google-protobuf.js:778:11)
    at Object.jspb.asserts.assert (https://cdn.skypack.dev/-/google-protobuf@v3.21.2-YDUqZL2TTSsy2lGtfuND/dist=es2019,mode=imports/optimized/google-protobuf.js:783:23)
    at jspb.BinaryEncoder.writeZigzagVarint64 (https://cdn.skypack.dev/-/google-protobuf@v3.21.2-YDUqZL2TTSsy2lGtfuND/dist=es2019,mode=imports/optimized/google-protobuf.js:4825:18)
    at jspb.BinaryWriter.writePackedSint64 (https://cdn.skypack.dev/-/google-protobuf@v3.21.2-YDUqZL2TTSsy2lGtfuND/dist=es2019,mode=imports/optimized/google-protobuf.js:5620:23)
    at protobuf_test_messages_proto2_TestAllTypesProto2.serialize (file:///Users/thesayyn/Documents/thesayyn/protoc-gen-ts/target/debug/build/protoc_gen_ts-8cec2bec66276c47/out/test_conformance/test_messages_proto2.ts:1022:16)
    at file:///Users/thesayyn/Documents/thesayyn/protoc-gen-ts/tests/conformance/bin/main.ts:31:44

  protobuf_test_messages.proto2.TestAllTypesProto2 1
  Error: Assertion failed
    at Object.jspb.asserts.doAssertFailure (https://cdn.skypack.dev/-/google-protobuf@v3.21.2-YDUqZL2TTSsy2lGtfuND/dist=es2019,mode=imports/optimized/google-protobuf.js:778:11)
    at Object.jspb.asserts.assert (https://cdn.skypack.dev/-/google-protobuf@v3.21.2-YDUqZL2TTSsy2lGtfuND/dist=es2019,mode=imports/optimized/google-protobuf.js:783:23)
    at jspb.BinaryWriter.writeSint64 (https://cdn.skypack.dev/-/google-protobuf@v3.21.2-YDUqZL2TTSsy2lGtfuND/dist=es2019,mode=imports/optimized/google-protobuf.js:5245:32)
    at protobuf_test_messages_proto2_TestAllTypesProto2.serialize (file:///Users/thesayyn/Documents/thesayyn/protoc-gen-ts/target/debug/build/protoc_gen_ts-8cec2bec66276c47/out/test_conformance/test_messages_proto2.ts:957:16)
    at file:///Users/thesayyn/Documents/thesayyn/protoc-gen-ts/tests/conformance/bin/main.ts:31:44

  protobuf_test_messages.proto2.TestAllTypesProto2 1
  Error: Assertion failed
    at Object.jspb.asserts.doAssertFailure (https://cdn.skypack.dev/-/google-protobuf@v3.21.2-YDUqZL2TTSsy2lGtfuND/dist=es2019,mode=imports/optimized/google-protobuf.js:778:11)
    at Object.jspb.asserts.assert (https://cdn.skypack.dev/-/google-protobuf@v3.21.2-YDUqZL2TTSsy2lGtfuND/dist=es2019,mode=imports/optimized/google-protobuf.js:783:23)
    at jspb.BinaryReader.readSint64 (https://cdn.skypack.dev/-/google-protobuf@v3.21.2-YDUqZL2TTSsy2lGtfuND/dist=es2019,mode=imports/optimized/google-protobuf.js:4573:18)
    at Function.deserialize (file:///Users/thesayyn/Documents/thesayyn/protoc-gen-ts/target/debug/build/protoc_gen_ts-8cec2bec66276c47/out/test_conformance/test_messages_proto2.ts:229:53)
    at file:///Users/thesayyn/Documents/thesayyn/protoc-gen-ts/tests/conformance/bin/main.ts:30:78

  protobuf_test_messages.proto3.TestAllTypesProto3 1
  Error: Assertion failed
    at Object.jspb.asserts.doAssertFailure (https://cdn.skypack.dev/-/google-protobuf@v3.21.2-YDUqZL2TTSsy2lGtfuND/dist=es2019,mode=imports/optimized/google-protobuf.js:778:11)
    at Object.jspb.asserts.assert (https://cdn.skypack.dev/-/google-protobuf@v3.21.2-YDUqZL2TTSsy2lGtfuND/dist=es2019,mode=imports/optimized/google-protobuf.js:783:23)
    at jspb.BinaryWriter.writeSint64 (https://cdn.skypack.dev/-/google-protobuf@v3.21.2-YDUqZL2TTSsy2lGtfuND/dist=es2019,mode=imports/optimized/google-protobuf.js:5245:32)
    at protobuf_test_messages_proto3_TestAllTypesProto3.serialize (file:///Users/thesayyn/Documents/thesayyn/protoc-gen-ts/target/debug/build/protoc_gen_ts-8cec2bec66276c47/out/test_conformance/test_messages_proto3.ts:981:16)
    at file:///Users/thesayyn/Documents/thesayyn/protoc-gen-ts/tests/conformance/bin/main.ts:24:44

  protobuf_test_messages.proto3.TestAllTypesProto3 1
  Error: Assertion failed
    at Object.jspb.asserts.doAssertFailure (https://cdn.skypack.dev/-/google-protobuf@v3.21.2-YDUqZL2TTSsy2lGtfuND/dist=es2019,mode=imports/optimized/google-protobuf.js:778:11)
    at Object.jspb.asserts.assert (https://cdn.skypack.dev/-/google-protobuf@v3.21.2-YDUqZL2TTSsy2lGtfuND/dist=es2019,mode=imports/optimized/google-protobuf.js:783:23)
    at jspb.BinaryWriter.writeSint64 (https://cdn.skypack.dev/-/google-protobuf@v3.21.2-YDUqZL2TTSsy2lGtfuND/dist=es2019,mode=imports/optimized/google-protobuf.js:5245:32)
    at protobuf_test_messages_proto3_TestAllTypesProto3.serialize (file:///Users/thesayyn/Documents/thesayyn/protoc-gen-ts/target/debug/build/protoc_gen_ts-8cec2bec66276c47/out/test_conformance/test_messages_proto3.ts:981:16)
    at file:///Users/thesayyn/Documents/thesayyn/protoc-gen-ts/tests/conformance/bin/main.ts:24:44

  protobuf_test_messages.proto3.TestAllTypesProto3 1
  Error: Assertion failed
    at Object.jspb.asserts.doAssertFailure (https://cdn.skypack.dev/-/google-protobuf@v3.21.2-YDUqZL2TTSsy2lGtfuND/dist=es2019,mode=imports/optimized/google-protobuf.js:778:11)
    at Object.jspb.asserts.assert (https://cdn.skypack.dev/-/google-protobuf@v3.21.2-YDUqZL2TTSsy2lGtfuND/dist=es2019,mode=imports/optimized/google-protobuf.js:783:23)
    at jspb.BinaryEncoder.writeZigzagVarint64 (https://cdn.skypack.dev/-/google-protobuf@v3.21.2-YDUqZL2TTSsy2lGtfuND/dist=es2019,mode=imports/optimized/google-protobuf.js:4825:18)
    at jspb.BinaryWriter.writePackedSint64 (https://cdn.skypack.dev/-/google-protobuf@v3.21.2-YDUqZL2TTSsy2lGtfuND/dist=es2019,mode=imports/optimized/google-protobuf.js:5620:23)
    at protobuf_test_messages_proto3_TestAllTypesProto3.serialize (file:///Users/thesayyn/Documents/thesayyn/protoc-gen-ts/target/debug/build/protoc_gen_ts-8cec2bec66276c47/out/test_conformance/test_messages_proto3.ts:1053:16)
    at file:///Users/thesayyn/Documents/thesayyn/protoc-gen-ts/tests/conformance/bin/main.ts:24:44

  protobuf_test_messages.proto3.TestAllTypesProto3 1
  Error: Assertion failed
    at Object.jspb.asserts.doAssertFailure (https://cdn.skypack.dev/-/google-protobuf@v3.21.2-YDUqZL2TTSsy2lGtfuND/dist=es2019,mode=imports/optimized/google-protobuf.js:778:11)
    at Object.jspb.asserts.assert (https://cdn.skypack.dev/-/google-protobuf@v3.21.2-YDUqZL2TTSsy2lGtfuND/dist=es2019,mode=imports/optimized/google-protobuf.js:783:23)
    at jspb.BinaryEncoder.writeZigzagVarint64 (https://cdn.skypack.dev/-/google-protobuf@v3.21.2-YDUqZL2TTSsy2lGtfuND/dist=es2019,mode=imports/optimized/google-protobuf.js:4825:18)
    at jspb.BinaryWriter.writePackedSint64 (https://cdn.skypack.dev/-/google-protobuf@v3.21.2-YDUqZL2TTSsy2lGtfuND/dist=es2019,mode=imports/optimized/google-protobuf.js:5620:23)
    at protobuf_test_messages_proto3_TestAllTypesProto3.serialize (file:///Users/thesayyn/Documents/thesayyn/protoc-gen-ts/target/debug/build/protoc_gen_ts-8cec2bec66276c47/out/test_conformance/test_messages_proto3.ts:1053:16)
    at file:///Users/thesayyn/Documents/thesayyn/protoc-gen-ts/tests/conformance/bin/main.ts:24:44

  protobuf_test_messages.proto3.TestAllTypesProto3 1
  Error: Assertion failed
    at Object.jspb.asserts.doAssertFailure (https://cdn.skypack.dev/-/google-protobuf@v3.21.2-YDUqZL2TTSsy2lGtfuND/dist=es2019,mode=imports/optimized/google-protobuf.js:778:11)
    at Object.jspb.asserts.assert (https://cdn.skypack.dev/-/google-protobuf@v3.21.2-YDUqZL2TTSsy2lGtfuND/dist=es2019,mode=imports/optimized/google-protobuf.js:783:23)
    at jspb.BinaryEncoder.writeZigzagVarint64 (https://cdn.skypack.dev/-/google-protobuf@v3.21.2-YDUqZL2TTSsy2lGtfuND/dist=es2019,mode=imports/optimized/google-protobuf.js:4825:18)
    at jspb.BinaryWriter.writePackedSint64 (https://cdn.skypack.dev/-/google-protobuf@v3.21.2-YDUqZL2TTSsy2lGtfuND/dist=es2019,mode=imports/optimized/google-protobuf.js:5620:23)
    at protobuf_test_messages_proto3_TestAllTypesProto3.serialize (file:///Users/thesayyn/Documents/thesayyn/protoc-gen-ts/target/debug/build/protoc_gen_ts-8cec2bec66276c47/out/test_conformance/test_messages_proto3.ts:1053:16)
    at file:///Users/thesayyn/Documents/thesayyn/protoc-gen-ts/tests/conformance/bin/main.ts:24:44

  protobuf_test_messages.proto3.TestAllTypesProto3 1
  Error: Assertion failed
    at Object.jspb.asserts.doAssertFailure (https://cdn.skypack.dev/-/google-protobuf@v3.21.2-YDUqZL2TTSsy2lGtfuND/dist=es2019,mode=imports/optimized/google-protobuf.js:778:11)
    at Object.jspb.asserts.assert (https://cdn.skypack.dev/-/google-protobuf@v3.21.2-YDUqZL2TTSsy2lGtfuND/dist=es2019,mode=imports/optimized/google-protobuf.js:783:23)
    at jspb.BinaryEncoder.writeZigzagVarint64 (https://cdn.skypack.dev/-/google-protobuf@v3.21.2-YDUqZL2TTSsy2lGtfuND/dist=es2019,mode=imports/optimized/google-protobuf.js:4825:18)
    at jspb.BinaryWriter.writePackedSint64 (https://cdn.skypack.dev/-/google-protobuf@v3.21.2-YDUqZL2TTSsy2lGtfuND/dist=es2019,mode=imports/optimized/google-protobuf.js:5620:23)
    at protobuf_test_messages_proto3_TestAllTypesProto3.serialize (file:///Users/thesayyn/Documents/thesayyn/protoc-gen-ts/target/debug/build/protoc_gen_ts-8cec2bec66276c47/out/test_conformance/test_messages_proto3.ts:1053:16)
    at file:///Users/thesayyn/Documents/thesayyn/protoc-gen-ts/tests/conformance/bin/main.ts:24:44

  protobuf_test_messages.proto3.TestAllTypesProto3 1
  Error: Assertion failed
    at Object.jspb.asserts.doAssertFailure (https://cdn.skypack.dev/-/google-protobuf@v3.21.2-YDUqZL2TTSsy2lGtfuND/dist=es2019,mode=imports/optimized/google-protobuf.js:778:11)
    at Object.jspb.asserts.assert (https://cdn.skypack.dev/-/google-protobuf@v3.21.2-YDUqZL2TTSsy2lGtfuND/dist=es2019,mode=imports/optimized/google-protobuf.js:783:23)
    at jspb.BinaryEncoder.writeZigzagVarint64 (https://cdn.skypack.dev/-/google-protobuf@v3.21.2-YDUqZL2TTSsy2lGtfuND/dist=es2019,mode=imports/optimized/google-protobuf.js:4825:18)
    at jspb.BinaryWriter.writePackedSint64 (https://cdn.skypack.dev/-/google-protobuf@v3.21.2-YDUqZL2TTSsy2lGtfuND/dist=es2019,mode=imports/optimized/google-protobuf.js:5620:23)
    at protobuf_test_messages_proto3_TestAllTypesProto3.serialize (file:///Users/thesayyn/Documents/thesayyn/protoc-gen-ts/target/debug/build/protoc_gen_ts-8cec2bec66276c47/out/test_conformance/test_messages_proto3.ts:1053:16)
    at file:///Users/thesayyn/Documents/thesayyn/protoc-gen-ts/tests/conformance/bin/main.ts:24:44

  protobuf_test_messages.proto3.TestAllTypesProto3 1
  Error: Assertion failed
    at Object.jspb.asserts.doAssertFailure (https://cdn.skypack.dev/-/google-protobuf@v3.21.2-YDUqZL2TTSsy2lGtfuND/dist=es2019,mode=imports/optimized/google-protobuf.js:778:11)
    at Object.jspb.asserts.assert (https://cdn.skypack.dev/-/google-protobuf@v3.21.2-YDUqZL2TTSsy2lGtfuND/dist=es2019,mode=imports/optimized/google-protobuf.js:783:23)
    at jspb.BinaryEncoder.writeZigzagVarint64 (https://cdn.skypack.dev/-/google-protobuf@v3.21.2-YDUqZL2TTSsy2lGtfuND/dist=es2019,mode=imports/optimized/google-protobuf.js:4825:18)
    at jspb.BinaryWriter.writePackedSint64 (https://cdn.skypack.dev/-/google-protobuf@v3.21.2-YDUqZL2TTSsy2lGtfuND/dist=es2019,mode=imports/optimized/google-protobuf.js:5620:23)
    at protobuf_test_messages_proto3_TestAllTypesProto3.serialize (file:///Users/thesayyn/Documents/thesayyn/protoc-gen-ts/target/debug/build/protoc_gen_ts-8cec2bec66276c47/out/test_conformance/test_messages_proto3.ts:1053:16)
    at file:///Users/thesayyn/Documents/thesayyn/protoc-gen-ts/tests/conformance/bin/main.ts:24:44

  protobuf_test_messages.proto3.TestAllTypesProto3 1
  Error: Assertion failed
    at Object.jspb.asserts.doAssertFailure (https://cdn.skypack.dev/-/google-protobuf@v3.21.2-YDUqZL2TTSsy2lGtfuND/dist=es2019,mode=imports/optimized/google-protobuf.js:778:11)
    at Object.jspb.asserts.assert (https://cdn.skypack.dev/-/google-protobuf@v3.21.2-YDUqZL2TTSsy2lGtfuND/dist=es2019,mode=imports/optimized/google-protobuf.js:783:23)
    at jspb.BinaryWriter.writeSint64 (https://cdn.skypack.dev/-/google-protobuf@v3.21.2-YDUqZL2TTSsy2lGtfuND/dist=es2019,mode=imports/optimized/google-protobuf.js:5245:32)
    at protobuf_test_messages_proto3_TestAllTypesProto3.serialize (file:///Users/thesayyn/Documents/thesayyn/protoc-gen-ts/target/debug/build/protoc_gen_ts-8cec2bec66276c47/out/test_conformance/test_messages_proto3.ts:1160:16)
    at file:///Users/thesayyn/Documents/thesayyn/protoc-gen-ts/tests/conformance/bin/main.ts:24:44

  protobuf_test_messages.proto3.TestAllTypesProto3 1
  Error: Assertion failed
    at Object.jspb.asserts.doAssertFailure (https://cdn.skypack.dev/-/google-protobuf@v3.21.2-YDUqZL2TTSsy2lGtfuND/dist=es2019,mode=imports/optimized/google-protobuf.js:778:11)
    at Object.jspb.asserts.assert (https://cdn.skypack.dev/-/google-protobuf@v3.21.2-YDUqZL2TTSsy2lGtfuND/dist=es2019,mode=imports/optimized/google-protobuf.js:783:23)
    at jspb.BinaryReader.readSint64 (https://cdn.skypack.dev/-/google-protobuf@v3.21.2-YDUqZL2TTSsy2lGtfuND/dist=es2019,mode=imports/optimized/google-protobuf.js:4573:18)
    at Function.deserialize (file:///Users/thesayyn/Documents/thesayyn/protoc-gen-ts/target/debug/build/protoc_gen_ts-8cec2bec66276c47/out/test_conformance/test_messages_proto3.ts:390:53)
    at file:///Users/thesayyn/Documents/thesayyn/protoc-gen-ts/tests/conformance/bin/main.ts:23:78

  protobuf_test_messages.proto2.TestAllTypesProto2 1
  Error: Assertion failed
    at Object.jspb.asserts.doAssertFailure (https://cdn.skypack.dev/-/google-protobuf@v3.21.2-YDUqZL2TTSsy2lGtfuND/dist=es2019,mode=imports/optimized/google-protobuf.js:778:11)
    at Object.jspb.asserts.assert (https://cdn.skypack.dev/-/google-protobuf@v3.21.2-YDUqZL2TTSsy2lGtfuND/dist=es2019,mode=imports/optimized/google-protobuf.js:783:23)
    at jspb.BinaryWriter.writeEnum (https://cdn.skypack.dev/-/google-protobuf@v3.21.2-YDUqZL2TTSsy2lGtfuND/dist=es2019,mode=imports/optimized/google-protobuf.js:5289:32)
    at protobuf_test_messages_proto2_TestAllTypesProto2.serialize (file:///Users/thesayyn/Documents/thesayyn/protoc-gen-ts/target/debug/build/protoc_gen_ts-8cec2bec66276c47/out/test_conformance/test_messages_proto2.ts:926:16)
    at file:///Users/thesayyn/Documents/thesayyn/protoc-gen-ts/tests/conformance/bin/main.ts:31:44

  protobuf_test_messages.proto2.TestAllTypesProto2 1
  Error: Assertion failed
    at Object.jspb.asserts.doAssertFailure (https://cdn.skypack.dev/-/google-protobuf@v3.21.2-YDUqZL2TTSsy2lGtfuND/dist=es2019,mode=imports/optimized/google-protobuf.js:778:11)
    at Object.jspb.asserts.assert (https://cdn.skypack.dev/-/google-protobuf@v3.21.2-YDUqZL2TTSsy2lGtfuND/dist=es2019,mode=imports/optimized/google-protobuf.js:783:23)
    at jspb.BinaryWriter.writeEnum (https://cdn.skypack.dev/-/google-protobuf@v3.21.2-YDUqZL2TTSsy2lGtfuND/dist=es2019,mode=imports/optimized/google-protobuf.js:5289:32)
    at protobuf_test_messages_proto2_TestAllTypesProto2.serialize (file:///Users/thesayyn/Documents/thesayyn/protoc-gen-ts/target/debug/build/protoc_gen_ts-8cec2bec66276c47/out/test_conformance/test_messages_proto2.ts:926:16)
    at file:///Users/thesayyn/Documents/thesayyn/protoc-gen-ts/tests/conformance/bin/main.ts:31:44

  protobuf_test_messages.proto2.TestAllTypesProto2 1
  Error: Assertion failed
    at Object.jspb.asserts.doAssertFailure (https://cdn.skypack.dev/-/google-protobuf@v3.21.2-YDUqZL2TTSsy2lGtfuND/dist=es2019,mode=imports/optimized/google-protobuf.js:778:11)
    at Object.jspb.asserts.assert (https://cdn.skypack.dev/-/google-protobuf@v3.21.2-YDUqZL2TTSsy2lGtfuND/dist=es2019,mode=imports/optimized/google-protobuf.js:783:23)
    at jspb.BinaryWriter.writeEnum (https://cdn.skypack.dev/-/google-protobuf@v3.21.2-YDUqZL2TTSsy2lGtfuND/dist=es2019,mode=imports/optimized/google-protobuf.js:5289:32)
    at protobuf_test_messages_proto2_TestAllTypesProto2.serialize (file:///Users/thesayyn/Documents/thesayyn/protoc-gen-ts/target/debug/build/protoc_gen_ts-8cec2bec66276c47/out/test_conformance/test_messages_proto2.ts:926:16)
    at file:///Users/thesayyn/Documents/thesayyn/protoc-gen-ts/tests/conformance/bin/main.ts:31:44

  protobuf_test_messages.proto2.TestAllTypesProto2 1
  Error: Assertion failed
    at Object.jspb.asserts.doAssertFailure (https://cdn.skypack.dev/-/google-protobuf@v3.21.2-YDUqZL2TTSsy2lGtfuND/dist=es2019,mode=imports/optimized/google-protobuf.js:778:11)
    at Object.jspb.asserts.assert (https://cdn.skypack.dev/-/google-protobuf@v3.21.2-YDUqZL2TTSsy2lGtfuND/dist=es2019,mode=imports/optimized/google-protobuf.js:783:23)
    at jspb.BinaryWriter.writeEnum (https://cdn.skypack.dev/-/google-protobuf@v3.21.2-YDUqZL2TTSsy2lGtfuND/dist=es2019,mode=imports/optimized/google-protobuf.js:5289:32)
    at protobuf_test_messages_proto2_TestAllTypesProto2.serialize (file:///Users/thesayyn/Documents/thesayyn/protoc-gen-ts/target/debug/build/protoc_gen_ts-8cec2bec66276c47/out/test_conformance/test_messages_proto2.ts:926:16)
    at file:///Users/thesayyn/Documents/thesayyn/protoc-gen-ts/tests/conformance/bin/main.ts:31:44

  protobuf_test_messages.proto2.TestAllTypesProto2 1
  Error: Assertion failed
    at Object.jspb.asserts.doAssertFailure (https://cdn.skypack.dev/-/google-protobuf@v3.21.2-YDUqZL2TTSsy2lGtfuND/dist=es2019,mode=imports/optimized/google-protobuf.js:778:11)
    at Object.jspb.asserts.assert (https://cdn.skypack.dev/-/google-protobuf@v3.21.2-YDUqZL2TTSsy2lGtfuND/dist=es2019,mode=imports/optimized/google-protobuf.js:783:23)
    at jspb.BinaryWriter.writeEnum (https://cdn.skypack.dev/-/google-protobuf@v3.21.2-YDUqZL2TTSsy2lGtfuND/dist=es2019,mode=imports/optimized/google-protobuf.js:5289:32)
    at protobuf_test_messages_proto2_TestAllTypesProto2.serialize (file:///Users/thesayyn/Documents/thesayyn/protoc-gen-ts/target/debug/build/protoc_gen_ts-8cec2bec66276c47/out/test_conformance/test_messages_proto2.ts:926:16)
    at file:///Users/thesayyn/Documents/thesayyn/protoc-gen-ts/tests/conformance/bin/main.ts:31:44

  protobuf_test_messages.proto2.TestAllTypesProto2 1
  Error: Assertion failed
    at Object.jspb.asserts.doAssertFailure (https://cdn.skypack.dev/-/google-protobuf@v3.21.2-YDUqZL2TTSsy2lGtfuND/dist=es2019,mode=imports/optimized/google-protobuf.js:778:11)
    at Object.jspb.asserts.assert (https://cdn.skypack.dev/-/google-protobuf@v3.21.2-YDUqZL2TTSsy2lGtfuND/dist=es2019,mode=imports/optimized/google-protobuf.js:783:23)
    at jspb.BinaryWriter.writeEnum (https://cdn.skypack.dev/-/google-protobuf@v3.21.2-YDUqZL2TTSsy2lGtfuND/dist=es2019,mode=imports/optimized/google-protobuf.js:5289:32)
    at protobuf_test_messages_proto2_TestAllTypesProto2.serialize (file:///Users/thesayyn/Documents/thesayyn/protoc-gen-ts/target/debug/build/protoc_gen_ts-8cec2bec66276c47/out/test_conformance/test_messages_proto2.ts:995:16)
    at file:///Users/thesayyn/Documents/thesayyn/protoc-gen-ts/tests/conformance/bin/main.ts:31:44

  protobuf_test_messages.proto2.TestAllTypesProto2 1
  Error: Assertion failed
    at Object.jspb.asserts.doAssertFailure (https://cdn.skypack.dev/-/google-protobuf@v3.21.2-YDUqZL2TTSsy2lGtfuND/dist=es2019,mode=imports/optimized/google-protobuf.js:778:11)
    at Object.jspb.asserts.assert (https://cdn.skypack.dev/-/google-protobuf@v3.21.2-YDUqZL2TTSsy2lGtfuND/dist=es2019,mode=imports/optimized/google-protobuf.js:783:23)
    at jspb.BinaryReader.readEnum (https://cdn.skypack.dev/-/google-protobuf@v3.21.2-YDUqZL2TTSsy2lGtfuND/dist=es2019,mode=imports/optimized/google-protobuf.js:4629:18)
    at Function.deserialize (file:///Users/thesayyn/Documents/thesayyn/protoc-gen-ts/target/debug/build/protoc_gen_ts-8cec2bec66276c47/out/test_conformance/test_messages_proto2.ts:265:58)
    at file:///Users/thesayyn/Documents/thesayyn/protoc-gen-ts/tests/conformance/bin/main.ts:30:78

  protobuf_test_messages.proto2.TestAllTypesProto2 1
  Error: Assertion failed
    at Object.jspb.asserts.doAssertFailure (https://cdn.skypack.dev/-/google-protobuf@v3.21.2-YDUqZL2TTSsy2lGtfuND/dist=es2019,mode=imports/optimized/google-protobuf.js:778:11)
    at Object.jspb.asserts.assert (https://cdn.skypack.dev/-/google-protobuf@v3.21.2-YDUqZL2TTSsy2lGtfuND/dist=es2019,mode=imports/optimized/google-protobuf.js:783:23)
    at jspb.BinaryWriter.writeEnum (https://cdn.skypack.dev/-/google-protobuf@v3.21.2-YDUqZL2TTSsy2lGtfuND/dist=es2019,mode=imports/optimized/google-protobuf.js:5289:32)
    at protobuf_test_messages_proto2_TestAllTypesProto2.serialize (file:///Users/thesayyn/Documents/thesayyn/protoc-gen-ts/target/debug/build/protoc_gen_ts-8cec2bec66276c47/out/test_conformance/test_messages_proto2.ts:995:16)
    at file:///Users/thesayyn/Documents/thesayyn/protoc-gen-ts/tests/conformance/bin/main.ts:31:44

  protobuf_test_messages.proto2.TestAllTypesProto2 1
  Error: Assertion failed
    at Object.jspb.asserts.doAssertFailure (https://cdn.skypack.dev/-/google-protobuf@v3.21.2-YDUqZL2TTSsy2lGtfuND/dist=es2019,mode=imports/optimized/google-protobuf.js:778:11)
    at Object.jspb.asserts.assert (https://cdn.skypack.dev/-/google-protobuf@v3.21.2-YDUqZL2TTSsy2lGtfuND/dist=es2019,mode=imports/optimized/google-protobuf.js:783:23)
    at jspb.BinaryReader.readEnum (https://cdn.skypack.dev/-/google-protobuf@v3.21.2-YDUqZL2TTSsy2lGtfuND/dist=es2019,mode=imports/optimized/google-protobuf.js:4629:18)
    at Function.deserialize (file:///Users/thesayyn/Documents/thesayyn/protoc-gen-ts/target/debug/build/protoc_gen_ts-8cec2bec66276c47/out/test_conformance/test_messages_proto2.ts:265:58)
    at file:///Users/thesayyn/Documents/thesayyn/protoc-gen-ts/tests/conformance/bin/main.ts:30:78

  protobuf_test_messages.proto2.TestAllTypesProto2 1
  Error: Assertion failed
    at Object.jspb.asserts.doAssertFailure (https://cdn.skypack.dev/-/google-protobuf@v3.21.2-YDUqZL2TTSsy2lGtfuND/dist=es2019,mode=imports/optimized/google-protobuf.js:778:11)
    at Object.jspb.asserts.assert (https://cdn.skypack.dev/-/google-protobuf@v3.21.2-YDUqZL2TTSsy2lGtfuND/dist=es2019,mode=imports/optimized/google-protobuf.js:783:23)
    at jspb.BinaryEncoder.writeEnum (https://cdn.skypack.dev/-/google-protobuf@v3.21.2-YDUqZL2TTSsy2lGtfuND/dist=es2019,mode=imports/optimized/google-protobuf.js:4913:18)
    at jspb.BinaryWriter.writePackedEnum (https://cdn.skypack.dev/-/google-protobuf@v3.21.2-YDUqZL2TTSsy2lGtfuND/dist=es2019,mode=imports/optimized/google-protobuf.js:5699:23)
    at protobuf_test_messages_proto2_TestAllTypesProto2.serialize (file:///Users/thesayyn/Documents/thesayyn/protoc-gen-ts/target/debug/build/protoc_gen_ts-8cec2bec66276c47/out/test_conformance/test_messages_proto2.ts:1046:16)
    at file:///Users/thesayyn/Documents/thesayyn/protoc-gen-ts/tests/conformance/bin/main.ts:31:44

  protobuf_test_messages.proto2.TestAllTypesProto2 1
  Error: Assertion failed
    at Object.jspb.asserts.doAssertFailure (https://cdn.skypack.dev/-/google-protobuf@v3.21.2-YDUqZL2TTSsy2lGtfuND/dist=es2019,mode=imports/optimized/google-protobuf.js:778:11)
    at Object.jspb.asserts.assert (https://cdn.skypack.dev/-/google-protobuf@v3.21.2-YDUqZL2TTSsy2lGtfuND/dist=es2019,mode=imports/optimized/google-protobuf.js:783:23)
    at jspb.BinaryWriter.writeEnum (https://cdn.skypack.dev/-/google-protobuf@v3.21.2-YDUqZL2TTSsy2lGtfuND/dist=es2019,mode=imports/optimized/google-protobuf.js:5289:32)
    at protobuf_test_messages_proto2_TestAllTypesProto2.serialize (file:///Users/thesayyn/Documents/thesayyn/protoc-gen-ts/target/debug/build/protoc_gen_ts-8cec2bec66276c47/out/test_conformance/test_messages_proto2.ts:995:16)
    at file:///Users/thesayyn/Documents/thesayyn/protoc-gen-ts/tests/conformance/bin/main.ts:31:44

  protobuf_test_messages.proto2.TestAllTypesProto2 1
  Error: Assertion failed
    at Object.jspb.asserts.doAssertFailure (https://cdn.skypack.dev/-/google-protobuf@v3.21.2-YDUqZL2TTSsy2lGtfuND/dist=es2019,mode=imports/optimized/google-protobuf.js:778:11)
    at Object.jspb.asserts.assert (https://cdn.skypack.dev/-/google-protobuf@v3.21.2-YDUqZL2TTSsy2lGtfuND/dist=es2019,mode=imports/optimized/google-protobuf.js:783:23)
    at jspb.BinaryReader.readEnum (https://cdn.skypack.dev/-/google-protobuf@v3.21.2-YDUqZL2TTSsy2lGtfuND/dist=es2019,mode=imports/optimized/google-protobuf.js:4629:18)
    at Function.deserialize (file:///Users/thesayyn/Documents/thesayyn/protoc-gen-ts/target/debug/build/protoc_gen_ts-8cec2bec66276c47/out/test_conformance/test_messages_proto2.ts:265:58)
    at file:///Users/thesayyn/Documents/thesayyn/protoc-gen-ts/tests/conformance/bin/main.ts:30:78

  protobuf_test_messages.proto3.TestAllTypesProto3 1
  Error: Assertion failed
    at Object.jspb.asserts.doAssertFailure (https://cdn.skypack.dev/-/google-protobuf@v3.21.2-YDUqZL2TTSsy2lGtfuND/dist=es2019,mode=imports/optimized/google-protobuf.js:778:11)
    at Object.jspb.asserts.assert (https://cdn.skypack.dev/-/google-protobuf@v3.21.2-YDUqZL2TTSsy2lGtfuND/dist=es2019,mode=imports/optimized/google-protobuf.js:783:23)
    at jspb.BinaryWriter.writeEnum (https://cdn.skypack.dev/-/google-protobuf@v3.21.2-YDUqZL2TTSsy2lGtfuND/dist=es2019,mode=imports/optimized/google-protobuf.js:5289:32)
    at protobuf_test_messages_proto3_TestAllTypesProto3.serialize (file:///Users/thesayyn/Documents/thesayyn/protoc-gen-ts/target/debug/build/protoc_gen_ts-8cec2bec66276c47/out/test_conformance/test_messages_proto3.ts:1019:16)
    at file:///Users/thesayyn/Documents/thesayyn/protoc-gen-ts/tests/conformance/bin/main.ts:24:44

  protobuf_test_messages.proto3.TestAllTypesProto3 1
  Error: Assertion failed
    at Object.jspb.asserts.doAssertFailure (https://cdn.skypack.dev/-/google-protobuf@v3.21.2-YDUqZL2TTSsy2lGtfuND/dist=es2019,mode=imports/optimized/google-protobuf.js:778:11)
    at Object.jspb.asserts.assert (https://cdn.skypack.dev/-/google-protobuf@v3.21.2-YDUqZL2TTSsy2lGtfuND/dist=es2019,mode=imports/optimized/google-protobuf.js:783:23)
    at jspb.BinaryWriter.writeEnum (https://cdn.skypack.dev/-/google-protobuf@v3.21.2-YDUqZL2TTSsy2lGtfuND/dist=es2019,mode=imports/optimized/google-protobuf.js:5289:32)
    at protobuf_test_messages_proto3_TestAllTypesProto3.serialize (file:///Users/thesayyn/Documents/thesayyn/protoc-gen-ts/target/debug/build/protoc_gen_ts-8cec2bec66276c47/out/test_conformance/test_messages_proto3.ts:1019:16)
    at file:///Users/thesayyn/Documents/thesayyn/protoc-gen-ts/tests/conformance/bin/main.ts:24:44

  protobuf_test_messages.proto3.TestAllTypesProto3 1
  Error: Assertion failed
    at Object.jspb.asserts.doAssertFailure (https://cdn.skypack.dev/-/google-protobuf@v3.21.2-YDUqZL2TTSsy2lGtfuND/dist=es2019,mode=imports/optimized/google-protobuf.js:778:11)
    at Object.jspb.asserts.assert (https://cdn.skypack.dev/-/google-protobuf@v3.21.2-YDUqZL2TTSsy2lGtfuND/dist=es2019,mode=imports/optimized/google-protobuf.js:783:23)
    at jspb.BinaryWriter.writeEnum (https://cdn.skypack.dev/-/google-protobuf@v3.21.2-YDUqZL2TTSsy2lGtfuND/dist=es2019,mode=imports/optimized/google-protobuf.js:5289:32)
    at protobuf_test_messages_proto3_TestAllTypesProto3.serialize (file:///Users/thesayyn/Documents/thesayyn/protoc-gen-ts/target/debug/build/protoc_gen_ts-8cec2bec66276c47/out/test_conformance/test_messages_proto3.ts:1019:16)
    at file:///Users/thesayyn/Documents/thesayyn/protoc-gen-ts/tests/conformance/bin/main.ts:24:44

  protobuf_test_messages.proto3.TestAllTypesProto3 1
  Error: Assertion failed
    at Object.jspb.asserts.doAssertFailure (https://cdn.skypack.dev/-/google-protobuf@v3.21.2-YDUqZL2TTSsy2lGtfuND/dist=es2019,mode=imports/optimized/google-protobuf.js:778:11)
    at Object.jspb.asserts.assert (https://cdn.skypack.dev/-/google-protobuf@v3.21.2-YDUqZL2TTSsy2lGtfuND/dist=es2019,mode=imports/optimized/google-protobuf.js:783:23)
    at jspb.BinaryWriter.writeEnum (https://cdn.skypack.dev/-/google-protobuf@v3.21.2-YDUqZL2TTSsy2lGtfuND/dist=es2019,mode=imports/optimized/google-protobuf.js:5289:32)
    at protobuf_test_messages_proto3_TestAllTypesProto3.serialize (file:///Users/thesayyn/Documents/thesayyn/protoc-gen-ts/target/debug/build/protoc_gen_ts-8cec2bec66276c47/out/test_conformance/test_messages_proto3.ts:1019:16)
    at file:///Users/thesayyn/Documents/thesayyn/protoc-gen-ts/tests/conformance/bin/main.ts:24:44

  protobuf_test_messages.proto3.TestAllTypesProto3 1
  Error: Assertion failed
    at Object.jspb.asserts.doAssertFailure (https://cdn.skypack.dev/-/google-protobuf@v3.21.2-YDUqZL2TTSsy2lGtfuND/dist=es2019,mode=imports/optimized/google-protobuf.js:778:11)
    at Object.jspb.asserts.assert (https://cdn.skypack.dev/-/google-protobuf@v3.21.2-YDUqZL2TTSsy2lGtfuND/dist=es2019,mode=imports/optimized/google-protobuf.js:783:23)
    at jspb.BinaryWriter.writeEnum (https://cdn.skypack.dev/-/google-protobuf@v3.21.2-YDUqZL2TTSsy2lGtfuND/dist=es2019,mode=imports/optimized/google-protobuf.js:5289:32)
    at protobuf_test_messages_proto3_TestAllTypesProto3.serialize (file:///Users/thesayyn/Documents/thesayyn/protoc-gen-ts/target/debug/build/protoc_gen_ts-8cec2bec66276c47/out/test_conformance/test_messages_proto3.ts:1019:16)
    at file:///Users/thesayyn/Documents/thesayyn/protoc-gen-ts/tests/conformance/bin/main.ts:24:44

  protobuf_test_messages.proto3.TestAllTypesProto3 1
  Error: Assertion failed
    at Object.jspb.asserts.doAssertFailure (https://cdn.skypack.dev/-/google-protobuf@v3.21.2-YDUqZL2TTSsy2lGtfuND/dist=es2019,mode=imports/optimized/google-protobuf.js:778:11)
    at Object.jspb.asserts.assert (https://cdn.skypack.dev/-/google-protobuf@v3.21.2-YDUqZL2TTSsy2lGtfuND/dist=es2019,mode=imports/optimized/google-protobuf.js:783:23)
    at jspb.BinaryEncoder.writeEnum (https://cdn.skypack.dev/-/google-protobuf@v3.21.2-YDUqZL2TTSsy2lGtfuND/dist=es2019,mode=imports/optimized/google-protobuf.js:4913:18)
    at jspb.BinaryWriter.writePackedEnum (https://cdn.skypack.dev/-/google-protobuf@v3.21.2-YDUqZL2TTSsy2lGtfuND/dist=es2019,mode=imports/optimized/google-protobuf.js:5699:23)
    at protobuf_test_messages_proto3_TestAllTypesProto3.serialize (file:///Users/thesayyn/Documents/thesayyn/protoc-gen-ts/target/debug/build/protoc_gen_ts-8cec2bec66276c47/out/test_conformance/test_messages_proto3.ts:1091:16)
    at file:///Users/thesayyn/Documents/thesayyn/protoc-gen-ts/tests/conformance/bin/main.ts:24:44

  protobuf_test_messages.proto3.TestAllTypesProto3 1
  Error: Assertion failed
    at Object.jspb.asserts.doAssertFailure (https://cdn.skypack.dev/-/google-protobuf@v3.21.2-YDUqZL2TTSsy2lGtfuND/dist=es2019,mode=imports/optimized/google-protobuf.js:778:11)
    at Object.jspb.asserts.assert (https://cdn.skypack.dev/-/google-protobuf@v3.21.2-YDUqZL2TTSsy2lGtfuND/dist=es2019,mode=imports/optimized/google-protobuf.js:783:23)
    at jspb.BinaryEncoder.writeEnum (https://cdn.skypack.dev/-/google-protobuf@v3.21.2-YDUqZL2TTSsy2lGtfuND/dist=es2019,mode=imports/optimized/google-protobuf.js:4913:18)
    at jspb.BinaryWriter.writePackedEnum (https://cdn.skypack.dev/-/google-protobuf@v3.21.2-YDUqZL2TTSsy2lGtfuND/dist=es2019,mode=imports/optimized/google-protobuf.js:5699:23)
    at protobuf_test_messages_proto3_TestAllTypesProto3.serialize (file:///Users/thesayyn/Documents/thesayyn/protoc-gen-ts/target/debug/build/protoc_gen_ts-8cec2bec66276c47/out/test_conformance/test_messages_proto3.ts:1091:16)
    at file:///Users/thesayyn/Documents/thesayyn/protoc-gen-ts/tests/conformance/bin/main.ts:24:44

  protobuf_test_messages.proto3.TestAllTypesProto3 1
  Error: Assertion failed
    at Object.jspb.asserts.doAssertFailure (https://cdn.skypack.dev/-/google-protobuf@v3.21.2-YDUqZL2TTSsy2lGtfuND/dist=es2019,mode=imports/optimized/google-protobuf.js:778:11)
    at Object.jspb.asserts.assert (https://cdn.skypack.dev/-/google-protobuf@v3.21.2-YDUqZL2TTSsy2lGtfuND/dist=es2019,mode=imports/optimized/google-protobuf.js:783:23)
    at jspb.BinaryEncoder.writeEnum (https://cdn.skypack.dev/-/google-protobuf@v3.21.2-YDUqZL2TTSsy2lGtfuND/dist=es2019,mode=imports/optimized/google-protobuf.js:4913:18)
    at jspb.BinaryWriter.writePackedEnum (https://cdn.skypack.dev/-/google-protobuf@v3.21.2-YDUqZL2TTSsy2lGtfuND/dist=es2019,mode=imports/optimized/google-protobuf.js:5699:23)
    at protobuf_test_messages_proto3_TestAllTypesProto3.serialize (file:///Users/thesayyn/Documents/thesayyn/protoc-gen-ts/target/debug/build/protoc_gen_ts-8cec2bec66276c47/out/test_conformance/test_messages_proto3.ts:1091:16)
    at file:///Users/thesayyn/Documents/thesayyn/protoc-gen-ts/tests/conformance/bin/main.ts:24:44

  protobuf_test_messages.proto3.TestAllTypesProto3 1
  Error: Assertion failed
    at Object.jspb.asserts.doAssertFailure (https://cdn.skypack.dev/-/google-protobuf@v3.21.2-YDUqZL2TTSsy2lGtfuND/dist=es2019,mode=imports/optimized/google-protobuf.js:778:11)
    at Object.jspb.asserts.assert (https://cdn.skypack.dev/-/google-protobuf@v3.21.2-YDUqZL2TTSsy2lGtfuND/dist=es2019,mode=imports/optimized/google-protobuf.js:783:23)
    at jspb.BinaryWriter.writeEnum (https://cdn.skypack.dev/-/google-protobuf@v3.21.2-YDUqZL2TTSsy2lGtfuND/dist=es2019,mode=imports/optimized/google-protobuf.js:5289:32)
    at protobuf_test_messages_proto3_TestAllTypesProto3.serialize (file:///Users/thesayyn/Documents/thesayyn/protoc-gen-ts/target/debug/build/protoc_gen_ts-8cec2bec66276c47/out/test_conformance/test_messages_proto3.ts:1184:16)
    at file:///Users/thesayyn/Documents/thesayyn/protoc-gen-ts/tests/conformance/bin/main.ts:24:44

  protobuf_test_messages.proto3.TestAllTypesProto3 1
  Error: Assertion failed
    at Object.jspb.asserts.doAssertFailure (https://cdn.skypack.dev/-/google-protobuf@v3.21.2-YDUqZL2TTSsy2lGtfuND/dist=es2019,mode=imports/optimized/google-protobuf.js:778:11)
    at Object.jspb.asserts.assert (https://cdn.skypack.dev/-/google-protobuf@v3.21.2-YDUqZL2TTSsy2lGtfuND/dist=es2019,mode=imports/optimized/google-protobuf.js:783:23)
    at jspb.BinaryReader.readEnum (https://cdn.skypack.dev/-/google-protobuf@v3.21.2-YDUqZL2TTSsy2lGtfuND/dist=es2019,mode=imports/optimized/google-protobuf.js:4629:18)
    at Function.deserialize (file:///Users/thesayyn/Documents/thesayyn/protoc-gen-ts/target/debug/build/protoc_gen_ts-8cec2bec66276c47/out/test_conformance/test_messages_proto3.ts:414:58)
    at file:///Users/thesayyn/Documents/thesayyn/protoc-gen-ts/tests/conformance/bin/main.ts:23:78

  protobuf_test_messages.proto2.TestAllTypesProto2 1
  TypeError: Cannot read properties of undefined (reading 'serialize')
    at protobuf_test_messages_proto2_TestAllTypesProto2.serialize (file:///Users/thesayyn/Documents/thesayyn/protoc-gen-ts/target/debug/build/protoc_gen_ts-8cec2bec66276c47/out/test_conformance/test_messages_proto2.ts:1246:38)
    at file:///Users/thesayyn/Documents/thesayyn/protoc-gen-ts/tests/conformance/bin/main.ts:31:44

  protobuf_test_messages.proto3.TestAllTypesProto3 1
  TypeError: Cannot read properties of undefined (reading 'serialize')
    at protobuf_test_messages_proto3_TestAllTypesProto3.serialize (file:///Users/thesayyn/Documents/thesayyn/protoc-gen-ts/target/debug/build/protoc_gen_ts-8cec2bec66276c47/out/test_conformance/test_messages_proto3.ts:1342:38)
    at file:///Users/thesayyn/Documents/thesayyn/protoc-gen-ts/tests/conformance/bin/main.ts:24:44

  protobuf_test_messages.proto3.TestAllTypesProto3 1
  Error: Assertion failed
    at Object.jspb.asserts.doAssertFailure (https://cdn.skypack.dev/-/google-protobuf@v3.21.2-YDUqZL2TTSsy2lGtfuND/dist=es2019,mode=imports/optimized/google-protobuf.js:778:11)
    at Object.jspb.asserts.assert (https://cdn.skypack.dev/-/google-protobuf@v3.21.2-YDUqZL2TTSsy2lGtfuND/dist=es2019,mode=imports/optimized/google-protobuf.js:783:23)
    at jspb.BinaryDecoder.readUint32 (https://cdn.skypack.dev/-/google-protobuf@v3.21.2-YDUqZL2TTSsy2lGtfuND/dist=es2019,mode=imports/optimized/google-protobuf.js:4202:18)
    at jspb.BinaryDecoder.readDouble (https://cdn.skypack.dev/-/google-protobuf@v3.21.2-YDUqZL2TTSsy2lGtfuND/dist=es2019,mode=imports/optimized/google-protobuf.js:4244:18)
    at jspb.BinaryReader.readDouble (https://cdn.skypack.dev/-/google-protobuf@v3.21.2-YDUqZL2TTSsy2lGtfuND/dist=es2019,mode=imports/optimized/google-protobuf.js:4620:26)
    at Function.deserialize (file:///Users/thesayyn/Documents/thesayyn/protoc-gen-ts/target/debug/build/protoc_gen_ts-8cec2bec66276c47/out/test_conformance/test_messages_proto3.ts:205:50)
    at file:///Users/thesayyn/Documents/thesayyn/protoc-gen-ts/tests/conformance/bin/main.ts:23:78

  protobuf_test_messages.proto2.TestAllTypesProto2 1
  Error: Assertion failed
    at Object.jspb.asserts.doAssertFailure (https://cdn.skypack.dev/-/google-protobuf@v3.21.2-YDUqZL2TTSsy2lGtfuND/dist=es2019,mode=imports/optimized/google-protobuf.js:778:11)
    at Object.jspb.asserts.assert (https://cdn.skypack.dev/-/google-protobuf@v3.21.2-YDUqZL2TTSsy2lGtfuND/dist=es2019,mode=imports/optimized/google-protobuf.js:783:23)
    at jspb.BinaryDecoder.readUint32 (https://cdn.skypack.dev/-/google-protobuf@v3.21.2-YDUqZL2TTSsy2lGtfuND/dist=es2019,mode=imports/optimized/google-protobuf.js:4202:18)
    at jspb.BinaryDecoder.readDouble (https://cdn.skypack.dev/-/google-protobuf@v3.21.2-YDUqZL2TTSsy2lGtfuND/dist=es2019,mode=imports/optimized/google-protobuf.js:4244:18)
    at jspb.BinaryReader.readDouble (https://cdn.skypack.dev/-/google-protobuf@v3.21.2-YDUqZL2TTSsy2lGtfuND/dist=es2019,mode=imports/optimized/google-protobuf.js:4620:26)
    at Function.deserialize (file:///Users/thesayyn/Documents/thesayyn/protoc-gen-ts/target/debug/build/protoc_gen_ts-8cec2bec66276c47/out/test_conformance/test_messages_proto2.ts:181:50)
    at file:///Users/thesayyn/Documents/thesayyn/protoc-gen-ts/tests/conformance/bin/main.ts:30:78

  protobuf_test_messages.proto3.TestAllTypesProto3 1
  Error: Assertion failed
    at Object.jspb.asserts.doAssertFailure (https://cdn.skypack.dev/-/google-protobuf@v3.21.2-YDUqZL2TTSsy2lGtfuND/dist=es2019,mode=imports/optimized/google-protobuf.js:778:11)
    at Object.jspb.asserts.assert (https://cdn.skypack.dev/-/google-protobuf@v3.21.2-YDUqZL2TTSsy2lGtfuND/dist=es2019,mode=imports/optimized/google-protobuf.js:783:23)
    at jspb.BinaryDecoder.readUint32 (https://cdn.skypack.dev/-/google-protobuf@v3.21.2-YDUqZL2TTSsy2lGtfuND/dist=es2019,mode=imports/optimized/google-protobuf.js:4202:18)
    at jspb.BinaryDecoder.readDouble (https://cdn.skypack.dev/-/google-protobuf@v3.21.2-YDUqZL2TTSsy2lGtfuND/dist=es2019,mode=imports/optimized/google-protobuf.js:4244:18)
    at jspb.BinaryReader.readDouble (https://cdn.skypack.dev/-/google-protobuf@v3.21.2-YDUqZL2TTSsy2lGtfuND/dist=es2019,mode=imports/optimized/google-protobuf.js:4620:26)
    at Function.deserialize (file:///Users/thesayyn/Documents/thesayyn/protoc-gen-ts/target/debug/build/protoc_gen_ts-8cec2bec66276c47/out/test_conformance/test_messages_proto3.ts:286:58)
    at file:///Users/thesayyn/Documents/thesayyn/protoc-gen-ts/tests/conformance/bin/main.ts:23:78

  protobuf_test_messages.proto2.TestAllTypesProto2 1
  Error: Assertion failed
    at Object.jspb.asserts.doAssertFailure (https://cdn.skypack.dev/-/google-protobuf@v3.21.2-YDUqZL2TTSsy2lGtfuND/dist=es2019,mode=imports/optimized/google-protobuf.js:778:11)
    at Object.jspb.asserts.assert (https://cdn.skypack.dev/-/google-protobuf@v3.21.2-YDUqZL2TTSsy2lGtfuND/dist=es2019,mode=imports/optimized/google-protobuf.js:783:23)
    at jspb.BinaryDecoder.readUint32 (https://cdn.skypack.dev/-/google-protobuf@v3.21.2-YDUqZL2TTSsy2lGtfuND/dist=es2019,mode=imports/optimized/google-protobuf.js:4202:18)
    at jspb.BinaryDecoder.readDouble (https://cdn.skypack.dev/-/google-protobuf@v3.21.2-YDUqZL2TTSsy2lGtfuND/dist=es2019,mode=imports/optimized/google-protobuf.js:4244:18)
    at jspb.BinaryReader.readDouble (https://cdn.skypack.dev/-/google-protobuf@v3.21.2-YDUqZL2TTSsy2lGtfuND/dist=es2019,mode=imports/optimized/google-protobuf.js:4620:26)
    at Function.deserialize (file:///Users/thesayyn/Documents/thesayyn/protoc-gen-ts/target/debug/build/protoc_gen_ts-8cec2bec66276c47/out/test_conformance/test_messages_proto2.ts:247:53)
    at file:///Users/thesayyn/Documents/thesayyn/protoc-gen-ts/tests/conformance/bin/main.ts:30:78

  protobuf_test_messages.proto3.TestAllTypesProto3 1
  Error: Assertion failed
    at Object.jspb.asserts.doAssertFailure (https://cdn.skypack.dev/-/google-protobuf@v3.21.2-YDUqZL2TTSsy2lGtfuND/dist=es2019,mode=imports/optimized/google-protobuf.js:778:11)
    at Object.jspb.asserts.assert (https://cdn.skypack.dev/-/google-protobuf@v3.21.2-YDUqZL2TTSsy2lGtfuND/dist=es2019,mode=imports/optimized/google-protobuf.js:783:23)
    at jspb.BinaryDecoder.advance (https://cdn.skypack.dev/-/google-protobuf@v3.21.2-YDUqZL2TTSsy2lGtfuND/dist=es2019,mode=imports/optimized/google-protobuf.js:4081:18)
    at jspb.BinaryReader.skipFixed64Field (https://cdn.skypack.dev/-/google-protobuf@v3.21.2-YDUqZL2TTSsy2lGtfuND/dist=es2019,mode=imports/optimized/google-protobuf.js:4409:163)
    at jspb.BinaryReader.skipField (https://cdn.skypack.dev/-/google-protobuf@v3.21.2-YDUqZL2TTSsy2lGtfuND/dist=es2019,mode=imports/optimized/google-protobuf.js:4432:14)
    at Function.deserialize (file:///Users/thesayyn/Documents/thesayyn/protoc-gen-ts/target/debug/build/protoc_gen_ts-8cec2bec66276c47/out/test_conformance/test_messages_proto3.ts:958:24)
    at file:///Users/thesayyn/Documents/thesayyn/protoc-gen-ts/tests/conformance/bin/main.ts:23:78

  protobuf_test_messages.proto2.TestAllTypesProto2 1
  Error: Assertion failed
    at Object.jspb.asserts.doAssertFailure (https://cdn.skypack.dev/-/google-protobuf@v3.21.2-YDUqZL2TTSsy2lGtfuND/dist=es2019,mode=imports/optimized/google-protobuf.js:778:11)
    at Object.jspb.asserts.assert (https://cdn.skypack.dev/-/google-protobuf@v3.21.2-YDUqZL2TTSsy2lGtfuND/dist=es2019,mode=imports/optimized/google-protobuf.js:783:23)
    at jspb.BinaryDecoder.advance (https://cdn.skypack.dev/-/google-protobuf@v3.21.2-YDUqZL2TTSsy2lGtfuND/dist=es2019,mode=imports/optimized/google-protobuf.js:4081:18)
    at jspb.BinaryReader.skipFixed64Field (https://cdn.skypack.dev/-/google-protobuf@v3.21.2-YDUqZL2TTSsy2lGtfuND/dist=es2019,mode=imports/optimized/google-protobuf.js:4409:163)
    at jspb.BinaryReader.skipField (https://cdn.skypack.dev/-/google-protobuf@v3.21.2-YDUqZL2TTSsy2lGtfuND/dist=es2019,mode=imports/optimized/google-protobuf.js:4432:14)
    at Function.deserialize (file:///Users/thesayyn/Documents/thesayyn/protoc-gen-ts/target/debug/build/protoc_gen_ts-8cec2bec66276c47/out/test_conformance/test_messages_proto2.ts:865:24)
    at file:///Users/thesayyn/Documents/thesayyn/protoc-gen-ts/tests/conformance/bin/main.ts:30:78

  protobuf_test_messages.proto3.TestAllTypesProto3 1
  Error: Assertion failed
    at Object.jspb.asserts.doAssertFailure (https://cdn.skypack.dev/-/google-protobuf@v3.21.2-YDUqZL2TTSsy2lGtfuND/dist=es2019,mode=imports/optimized/google-protobuf.js:778:11)
    at Object.jspb.asserts.assert (https://cdn.skypack.dev/-/google-protobuf@v3.21.2-YDUqZL2TTSsy2lGtfuND/dist=es2019,mode=imports/optimized/google-protobuf.js:783:23)
    at jspb.BinaryDecoder.readUint32 (https://cdn.skypack.dev/-/google-protobuf@v3.21.2-YDUqZL2TTSsy2lGtfuND/dist=es2019,mode=imports/optimized/google-protobuf.js:4202:18)
    at jspb.BinaryDecoder.readDouble (https://cdn.skypack.dev/-/google-protobuf@v3.21.2-YDUqZL2TTSsy2lGtfuND/dist=es2019,mode=imports/optimized/google-protobuf.js:4244:41)
    at jspb.BinaryReader.readDouble (https://cdn.skypack.dev/-/google-protobuf@v3.21.2-YDUqZL2TTSsy2lGtfuND/dist=es2019,mode=imports/optimized/google-protobuf.js:4620:26)
    at Function.deserialize (file:///Users/thesayyn/Documents/thesayyn/protoc-gen-ts/target/debug/build/protoc_gen_ts-8cec2bec66276c47/out/test_conformance/test_messages_proto3.ts:205:50)
    at file:///Users/thesayyn/Documents/thesayyn/protoc-gen-ts/tests/conformance/bin/main.ts:23:78

  protobuf_test_messages.proto2.TestAllTypesProto2 1
  Error: Assertion failed
    at Object.jspb.asserts.doAssertFailure (https://cdn.skypack.dev/-/google-protobuf@v3.21.2-YDUqZL2TTSsy2lGtfuND/dist=es2019,mode=imports/optimized/google-protobuf.js:778:11)
    at Object.jspb.asserts.assert (https://cdn.skypack.dev/-/google-protobuf@v3.21.2-YDUqZL2TTSsy2lGtfuND/dist=es2019,mode=imports/optimized/google-protobuf.js:783:23)
    at jspb.BinaryDecoder.readUint32 (https://cdn.skypack.dev/-/google-protobuf@v3.21.2-YDUqZL2TTSsy2lGtfuND/dist=es2019,mode=imports/optimized/google-protobuf.js:4202:18)
    at jspb.BinaryDecoder.readDouble (https://cdn.skypack.dev/-/google-protobuf@v3.21.2-YDUqZL2TTSsy2lGtfuND/dist=es2019,mode=imports/optimized/google-protobuf.js:4244:41)
    at jspb.BinaryReader.readDouble (https://cdn.skypack.dev/-/google-protobuf@v3.21.2-YDUqZL2TTSsy2lGtfuND/dist=es2019,mode=imports/optimized/google-protobuf.js:4620:26)
    at Function.deserialize (file:///Users/thesayyn/Documents/thesayyn/protoc-gen-ts/target/debug/build/protoc_gen_ts-8cec2bec66276c47/out/test_conformance/test_messages_proto2.ts:181:50)
    at file:///Users/thesayyn/Documents/thesayyn/protoc-gen-ts/tests/conformance/bin/main.ts:30:78

  protobuf_test_messages.proto3.TestAllTypesProto3 1
  Error: Assertion failed
    at Object.jspb.asserts.doAssertFailure (https://cdn.skypack.dev/-/google-protobuf@v3.21.2-YDUqZL2TTSsy2lGtfuND/dist=es2019,mode=imports/optimized/google-protobuf.js:778:11)
    at Object.jspb.asserts.assert (https://cdn.skypack.dev/-/google-protobuf@v3.21.2-YDUqZL2TTSsy2lGtfuND/dist=es2019,mode=imports/optimized/google-protobuf.js:783:23)
    at jspb.BinaryDecoder.readUint32 (https://cdn.skypack.dev/-/google-protobuf@v3.21.2-YDUqZL2TTSsy2lGtfuND/dist=es2019,mode=imports/optimized/google-protobuf.js:4202:18)
    at jspb.BinaryDecoder.readDouble (https://cdn.skypack.dev/-/google-protobuf@v3.21.2-YDUqZL2TTSsy2lGtfuND/dist=es2019,mode=imports/optimized/google-protobuf.js:4244:41)
    at jspb.BinaryReader.readDouble (https://cdn.skypack.dev/-/google-protobuf@v3.21.2-YDUqZL2TTSsy2lGtfuND/dist=es2019,mode=imports/optimized/google-protobuf.js:4620:26)
    at Function.deserialize (file:///Users/thesayyn/Documents/thesayyn/protoc-gen-ts/target/debug/build/protoc_gen_ts-8cec2bec66276c47/out/test_conformance/test_messages_proto3.ts:286:58)
    at file:///Users/thesayyn/Documents/thesayyn/protoc-gen-ts/tests/conformance/bin/main.ts:23:78

  protobuf_test_messages.proto2.TestAllTypesProto2 1
  Error: Assertion failed
    at Object.jspb.asserts.doAssertFailure (https://cdn.skypack.dev/-/google-protobuf@v3.21.2-YDUqZL2TTSsy2lGtfuND/dist=es2019,mode=imports/optimized/google-protobuf.js:778:11)
    at Object.jspb.asserts.assert (https://cdn.skypack.dev/-/google-protobuf@v3.21.2-YDUqZL2TTSsy2lGtfuND/dist=es2019,mode=imports/optimized/google-protobuf.js:783:23)
    at jspb.BinaryDecoder.readUint32 (https://cdn.skypack.dev/-/google-protobuf@v3.21.2-YDUqZL2TTSsy2lGtfuND/dist=es2019,mode=imports/optimized/google-protobuf.js:4202:18)
    at jspb.BinaryDecoder.readDouble (https://cdn.skypack.dev/-/google-protobuf@v3.21.2-YDUqZL2TTSsy2lGtfuND/dist=es2019,mode=imports/optimized/google-protobuf.js:4244:41)
    at jspb.BinaryReader.readDouble (https://cdn.skypack.dev/-/google-protobuf@v3.21.2-YDUqZL2TTSsy2lGtfuND/dist=es2019,mode=imports/optimized/google-protobuf.js:4620:26)
    at Function.deserialize (file:///Users/thesayyn/Documents/thesayyn/protoc-gen-ts/target/debug/build/protoc_gen_ts-8cec2bec66276c47/out/test_conformance/test_messages_proto2.ts:247:53)
    at file:///Users/thesayyn/Documents/thesayyn/protoc-gen-ts/tests/conformance/bin/main.ts:30:78

  protobuf_test_messages.proto3.TestAllTypesProto3 1
  Error: Assertion failed
    at Object.jspb.asserts.doAssertFailure (https://cdn.skypack.dev/-/google-protobuf@v3.21.2-YDUqZL2TTSsy2lGtfuND/dist=es2019,mode=imports/optimized/google-protobuf.js:778:11)
    at Object.jspb.asserts.assert (https://cdn.skypack.dev/-/google-protobuf@v3.21.2-YDUqZL2TTSsy2lGtfuND/dist=es2019,mode=imports/optimized/google-protobuf.js:783:23)
    at jspb.BinaryDecoder.advance (https://cdn.skypack.dev/-/google-protobuf@v3.21.2-YDUqZL2TTSsy2lGtfuND/dist=es2019,mode=imports/optimized/google-protobuf.js:4081:18)
    at jspb.BinaryReader.skipFixed64Field (https://cdn.skypack.dev/-/google-protobuf@v3.21.2-YDUqZL2TTSsy2lGtfuND/dist=es2019,mode=imports/optimized/google-protobuf.js:4409:163)
    at jspb.BinaryReader.skipField (https://cdn.skypack.dev/-/google-protobuf@v3.21.2-YDUqZL2TTSsy2lGtfuND/dist=es2019,mode=imports/optimized/google-protobuf.js:4432:14)
    at Function.deserialize (file:///Users/thesayyn/Documents/thesayyn/protoc-gen-ts/target/debug/build/protoc_gen_ts-8cec2bec66276c47/out/test_conformance/test_messages_proto3.ts:958:24)
    at file:///Users/thesayyn/Documents/thesayyn/protoc-gen-ts/tests/conformance/bin/main.ts:23:78

  protobuf_test_messages.proto2.TestAllTypesProto2 1
  Error: Assertion failed
    at Object.jspb.asserts.doAssertFailure (https://cdn.skypack.dev/-/google-protobuf@v3.21.2-YDUqZL2TTSsy2lGtfuND/dist=es2019,mode=imports/optimized/google-protobuf.js:778:11)
    at Object.jspb.asserts.assert (https://cdn.skypack.dev/-/google-protobuf@v3.21.2-YDUqZL2TTSsy2lGtfuND/dist=es2019,mode=imports/optimized/google-protobuf.js:783:23)
    at jspb.BinaryDecoder.advance (https://cdn.skypack.dev/-/google-protobuf@v3.21.2-YDUqZL2TTSsy2lGtfuND/dist=es2019,mode=imports/optimized/google-protobuf.js:4081:18)
    at jspb.BinaryReader.skipFixed64Field (https://cdn.skypack.dev/-/google-protobuf@v3.21.2-YDUqZL2TTSsy2lGtfuND/dist=es2019,mode=imports/optimized/google-protobuf.js:4409:163)
    at jspb.BinaryReader.skipField (https://cdn.skypack.dev/-/google-protobuf@v3.21.2-YDUqZL2TTSsy2lGtfuND/dist=es2019,mode=imports/optimized/google-protobuf.js:4432:14)
    at Function.deserialize (file:///Users/thesayyn/Documents/thesayyn/protoc-gen-ts/target/debug/build/protoc_gen_ts-8cec2bec66276c47/out/test_conformance/test_messages_proto2.ts:865:24)
    at file:///Users/thesayyn/Documents/thesayyn/protoc-gen-ts/tests/conformance/bin/main.ts:30:78

  protobuf_test_messages.proto3.TestAllTypesProto3 1
  Error: Assertion failed
    at Object.jspb.asserts.doAssertFailure (https://cdn.skypack.dev/-/google-protobuf@v3.21.2-YDUqZL2TTSsy2lGtfuND/dist=es2019,mode=imports/optimized/google-protobuf.js:778:11)
    at Object.jspb.asserts.assert (https://cdn.skypack.dev/-/google-protobuf@v3.21.2-YDUqZL2TTSsy2lGtfuND/dist=es2019,mode=imports/optimized/google-protobuf.js:783:23)
    at jspb.BinaryDecoder.readUint32 (https://cdn.skypack.dev/-/google-protobuf@v3.21.2-YDUqZL2TTSsy2lGtfuND/dist=es2019,mode=imports/optimized/google-protobuf.js:4202:18)
    at jspb.BinaryDecoder.readDouble (https://cdn.skypack.dev/-/google-protobuf@v3.21.2-YDUqZL2TTSsy2lGtfuND/dist=es2019,mode=imports/optimized/google-protobuf.js:4244:41)
    at jspb.BinaryReader.readPackedField_ (https://cdn.skypack.dev/-/google-protobuf@v3.21.2-YDUqZL2TTSsy2lGtfuND/dist=es2019,mode=imports/optimized/google-protobuf.js:4676:16)
    at jspb.BinaryReader.readPackedDouble (https://cdn.skypack.dev/-/google-protobuf@v3.21.2-YDUqZL2TTSsy2lGtfuND/dist=es2019,mode=imports/optimized/google-protobuf.js:4745:17)
    at Function.deserialize (file:///Users/thesayyn/Documents/thesayyn/protoc-gen-ts/target/debug/build/protoc_gen_ts-8cec2bec66276c47/out/test_conformance/test_messages_proto3.ts:285:78)
    at file:///Users/thesayyn/Documents/thesayyn/protoc-gen-ts/tests/conformance/bin/main.ts:23:78

  protobuf_test_messages.proto2.TestAllTypesProto2 1
  Error: Assertion failed
    at Object.jspb.asserts.doAssertFailure (https://cdn.skypack.dev/-/google-protobuf@v3.21.2-YDUqZL2TTSsy2lGtfuND/dist=es2019,mode=imports/optimized/google-protobuf.js:778:11)
    at Object.jspb.asserts.assert (https://cdn.skypack.dev/-/google-protobuf@v3.21.2-YDUqZL2TTSsy2lGtfuND/dist=es2019,mode=imports/optimized/google-protobuf.js:783:23)
    at jspb.BinaryReader.readDouble (https://cdn.skypack.dev/-/google-protobuf@v3.21.2-YDUqZL2TTSsy2lGtfuND/dist=es2019,mode=imports/optimized/google-protobuf.js:4619:18)
    at Function.deserialize (file:///Users/thesayyn/Documents/thesayyn/protoc-gen-ts/target/debug/build/protoc_gen_ts-8cec2bec66276c47/out/test_conformance/test_messages_proto2.ts:247:53)
    at file:///Users/thesayyn/Documents/thesayyn/protoc-gen-ts/tests/conformance/bin/main.ts:30:78

  protobuf_test_messages.proto3.TestAllTypesProto3 1
  Error: Assertion failed
    at Object.jspb.asserts.doAssertFailure (https://cdn.skypack.dev/-/google-protobuf@v3.21.2-YDUqZL2TTSsy2lGtfuND/dist=es2019,mode=imports/optimized/google-protobuf.js:778:11)
    at Object.jspb.asserts.assert (https://cdn.skypack.dev/-/google-protobuf@v3.21.2-YDUqZL2TTSsy2lGtfuND/dist=es2019,mode=imports/optimized/google-protobuf.js:783:23)
    at jspb.BinaryDecoder.readUint32 (https://cdn.skypack.dev/-/google-protobuf@v3.21.2-YDUqZL2TTSsy2lGtfuND/dist=es2019,mode=imports/optimized/google-protobuf.js:4202:18)
    at jspb.BinaryDecoder.readDouble (https://cdn.skypack.dev/-/google-protobuf@v3.21.2-YDUqZL2TTSsy2lGtfuND/dist=es2019,mode=imports/optimized/google-protobuf.js:4244:18)
    at jspb.BinaryReader.readPackedField_ (https://cdn.skypack.dev/-/google-protobuf@v3.21.2-YDUqZL2TTSsy2lGtfuND/dist=es2019,mode=imports/optimized/google-protobuf.js:4676:16)
    at jspb.BinaryReader.readPackedDouble (https://cdn.skypack.dev/-/google-protobuf@v3.21.2-YDUqZL2TTSsy2lGtfuND/dist=es2019,mode=imports/optimized/google-protobuf.js:4745:17)
    at Function.deserialize (file:///Users/thesayyn/Documents/thesayyn/protoc-gen-ts/target/debug/build/protoc_gen_ts-8cec2bec66276c47/out/test_conformance/test_messages_proto3.ts:285:78)
    at file:///Users/thesayyn/Documents/thesayyn/protoc-gen-ts/tests/conformance/bin/main.ts:23:78

  protobuf_test_messages.proto2.TestAllTypesProto2 1
  Error: Assertion failed
    at Object.jspb.asserts.doAssertFailure (https://cdn.skypack.dev/-/google-protobuf@v3.21.2-YDUqZL2TTSsy2lGtfuND/dist=es2019,mode=imports/optimized/google-protobuf.js:778:11)
    at Object.jspb.asserts.assert (https://cdn.skypack.dev/-/google-protobuf@v3.21.2-YDUqZL2TTSsy2lGtfuND/dist=es2019,mode=imports/optimized/google-protobuf.js:783:23)
    at jspb.BinaryReader.readDouble (https://cdn.skypack.dev/-/google-protobuf@v3.21.2-YDUqZL2TTSsy2lGtfuND/dist=es2019,mode=imports/optimized/google-protobuf.js:4619:18)
    at Function.deserialize (file:///Users/thesayyn/Documents/thesayyn/protoc-gen-ts/target/debug/build/protoc_gen_ts-8cec2bec66276c47/out/test_conformance/test_messages_proto2.ts:247:53)
    at file:///Users/thesayyn/Documents/thesayyn/protoc-gen-ts/tests/conformance/bin/main.ts:30:78

  protobuf_test_messages.proto3.TestAllTypesProto3 1
  Error: Assertion failed
    at Object.jspb.asserts.doAssertFailure (https://cdn.skypack.dev/-/google-protobuf@v3.21.2-YDUqZL2TTSsy2lGtfuND/dist=es2019,mode=imports/optimized/google-protobuf.js:778:11)
    at Object.jspb.asserts.assert (https://cdn.skypack.dev/-/google-protobuf@v3.21.2-YDUqZL2TTSsy2lGtfuND/dist=es2019,mode=imports/optimized/google-protobuf.js:783:23)
    at jspb.BinaryDecoder.readUint32 (https://cdn.skypack.dev/-/google-protobuf@v3.21.2-YDUqZL2TTSsy2lGtfuND/dist=es2019,mode=imports/optimized/google-protobuf.js:4202:18)
    at jspb.BinaryDecoder.readFloat (https://cdn.skypack.dev/-/google-protobuf@v3.21.2-YDUqZL2TTSsy2lGtfuND/dist=es2019,mode=imports/optimized/google-protobuf.js:4240:18)
    at jspb.BinaryReader.readFloat (https://cdn.skypack.dev/-/google-protobuf@v3.21.2-YDUqZL2TTSsy2lGtfuND/dist=es2019,mode=imports/optimized/google-protobuf.js:4615:26)
    at Function.deserialize (file:///Users/thesayyn/Documents/thesayyn/protoc-gen-ts/target/debug/build/protoc_gen_ts-8cec2bec66276c47/out/test_conformance/test_messages_proto3.ts:202:49)
    at file:///Users/thesayyn/Documents/thesayyn/protoc-gen-ts/tests/conformance/bin/main.ts:23:78

  protobuf_test_messages.proto2.TestAllTypesProto2 1
  Error: Assertion failed
    at Object.jspb.asserts.doAssertFailure (https://cdn.skypack.dev/-/google-protobuf@v3.21.2-YDUqZL2TTSsy2lGtfuND/dist=es2019,mode=imports/optimized/google-protobuf.js:778:11)
    at Object.jspb.asserts.assert (https://cdn.skypack.dev/-/google-protobuf@v3.21.2-YDUqZL2TTSsy2lGtfuND/dist=es2019,mode=imports/optimized/google-protobuf.js:783:23)
    at jspb.BinaryDecoder.readUint32 (https://cdn.skypack.dev/-/google-protobuf@v3.21.2-YDUqZL2TTSsy2lGtfuND/dist=es2019,mode=imports/optimized/google-protobuf.js:4202:18)
    at jspb.BinaryDecoder.readFloat (https://cdn.skypack.dev/-/google-protobuf@v3.21.2-YDUqZL2TTSsy2lGtfuND/dist=es2019,mode=imports/optimized/google-protobuf.js:4240:18)
    at jspb.BinaryReader.readFloat (https://cdn.skypack.dev/-/google-protobuf@v3.21.2-YDUqZL2TTSsy2lGtfuND/dist=es2019,mode=imports/optimized/google-protobuf.js:4615:26)
    at Function.deserialize (file:///Users/thesayyn/Documents/thesayyn/protoc-gen-ts/target/debug/build/protoc_gen_ts-8cec2bec66276c47/out/test_conformance/test_messages_proto2.ts:178:49)
    at file:///Users/thesayyn/Documents/thesayyn/protoc-gen-ts/tests/conformance/bin/main.ts:30:78

  protobuf_test_messages.proto3.TestAllTypesProto3 1
  Error: Assertion failed
    at Object.jspb.asserts.doAssertFailure (https://cdn.skypack.dev/-/google-protobuf@v3.21.2-YDUqZL2TTSsy2lGtfuND/dist=es2019,mode=imports/optimized/google-protobuf.js:778:11)
    at Object.jspb.asserts.assert (https://cdn.skypack.dev/-/google-protobuf@v3.21.2-YDUqZL2TTSsy2lGtfuND/dist=es2019,mode=imports/optimized/google-protobuf.js:783:23)
    at jspb.BinaryDecoder.readUint32 (https://cdn.skypack.dev/-/google-protobuf@v3.21.2-YDUqZL2TTSsy2lGtfuND/dist=es2019,mode=imports/optimized/google-protobuf.js:4202:18)
    at jspb.BinaryDecoder.readFloat (https://cdn.skypack.dev/-/google-protobuf@v3.21.2-YDUqZL2TTSsy2lGtfuND/dist=es2019,mode=imports/optimized/google-protobuf.js:4240:18)
    at jspb.BinaryReader.readFloat (https://cdn.skypack.dev/-/google-protobuf@v3.21.2-YDUqZL2TTSsy2lGtfuND/dist=es2019,mode=imports/optimized/google-protobuf.js:4615:26)
    at Function.deserialize (file:///Users/thesayyn/Documents/thesayyn/protoc-gen-ts/target/debug/build/protoc_gen_ts-8cec2bec66276c47/out/test_conformance/test_messages_proto3.ts:282:57)
    at file:///Users/thesayyn/Documents/thesayyn/protoc-gen-ts/tests/conformance/bin/main.ts:23:78

  protobuf_test_messages.proto2.TestAllTypesProto2 1
  Error: Assertion failed
    at Object.jspb.asserts.doAssertFailure (https://cdn.skypack.dev/-/google-protobuf@v3.21.2-YDUqZL2TTSsy2lGtfuND/dist=es2019,mode=imports/optimized/google-protobuf.js:778:11)
    at Object.jspb.asserts.assert (https://cdn.skypack.dev/-/google-protobuf@v3.21.2-YDUqZL2TTSsy2lGtfuND/dist=es2019,mode=imports/optimized/google-protobuf.js:783:23)
    at jspb.BinaryDecoder.readUint32 (https://cdn.skypack.dev/-/google-protobuf@v3.21.2-YDUqZL2TTSsy2lGtfuND/dist=es2019,mode=imports/optimized/google-protobuf.js:4202:18)
    at jspb.BinaryDecoder.readFloat (https://cdn.skypack.dev/-/google-protobuf@v3.21.2-YDUqZL2TTSsy2lGtfuND/dist=es2019,mode=imports/optimized/google-protobuf.js:4240:18)
    at jspb.BinaryReader.readFloat (https://cdn.skypack.dev/-/google-protobuf@v3.21.2-YDUqZL2TTSsy2lGtfuND/dist=es2019,mode=imports/optimized/google-protobuf.js:4615:26)
    at Function.deserialize (file:///Users/thesayyn/Documents/thesayyn/protoc-gen-ts/target/debug/build/protoc_gen_ts-8cec2bec66276c47/out/test_conformance/test_messages_proto2.ts:244:52)
    at file:///Users/thesayyn/Documents/thesayyn/protoc-gen-ts/tests/conformance/bin/main.ts:30:78

  protobuf_test_messages.proto3.TestAllTypesProto3 1
  Error: Assertion failed
    at Object.jspb.asserts.doAssertFailure (https://cdn.skypack.dev/-/google-protobuf@v3.21.2-YDUqZL2TTSsy2lGtfuND/dist=es2019,mode=imports/optimized/google-protobuf.js:778:11)
    at Object.jspb.asserts.assert (https://cdn.skypack.dev/-/google-protobuf@v3.21.2-YDUqZL2TTSsy2lGtfuND/dist=es2019,mode=imports/optimized/google-protobuf.js:783:23)
    at jspb.BinaryDecoder.advance (https://cdn.skypack.dev/-/google-protobuf@v3.21.2-YDUqZL2TTSsy2lGtfuND/dist=es2019,mode=imports/optimized/google-protobuf.js:4081:18)
    at jspb.BinaryReader.skipFixed32Field (https://cdn.skypack.dev/-/google-protobuf@v3.21.2-YDUqZL2TTSsy2lGtfuND/dist=es2019,mode=imports/optimized/google-protobuf.js:4406:163)
    at jspb.BinaryReader.skipField (https://cdn.skypack.dev/-/google-protobuf@v3.21.2-YDUqZL2TTSsy2lGtfuND/dist=es2019,mode=imports/optimized/google-protobuf.js:4438:14)
    at Function.deserialize (file:///Users/thesayyn/Documents/thesayyn/protoc-gen-ts/target/debug/build/protoc_gen_ts-8cec2bec66276c47/out/test_conformance/test_messages_proto3.ts:958:24)
    at file:///Users/thesayyn/Documents/thesayyn/protoc-gen-ts/tests/conformance/bin/main.ts:23:78

  protobuf_test_messages.proto2.TestAllTypesProto2 1
  Error: Assertion failed
    at Object.jspb.asserts.doAssertFailure (https://cdn.skypack.dev/-/google-protobuf@v3.21.2-YDUqZL2TTSsy2lGtfuND/dist=es2019,mode=imports/optimized/google-protobuf.js:778:11)
    at Object.jspb.asserts.assert (https://cdn.skypack.dev/-/google-protobuf@v3.21.2-YDUqZL2TTSsy2lGtfuND/dist=es2019,mode=imports/optimized/google-protobuf.js:783:23)
    at jspb.BinaryDecoder.advance (https://cdn.skypack.dev/-/google-protobuf@v3.21.2-YDUqZL2TTSsy2lGtfuND/dist=es2019,mode=imports/optimized/google-protobuf.js:4081:18)
    at jspb.BinaryReader.skipFixed32Field (https://cdn.skypack.dev/-/google-protobuf@v3.21.2-YDUqZL2TTSsy2lGtfuND/dist=es2019,mode=imports/optimized/google-protobuf.js:4406:163)
    at jspb.BinaryReader.skipField (https://cdn.skypack.dev/-/google-protobuf@v3.21.2-YDUqZL2TTSsy2lGtfuND/dist=es2019,mode=imports/optimized/google-protobuf.js:4438:14)
    at Function.deserialize (file:///Users/thesayyn/Documents/thesayyn/protoc-gen-ts/target/debug/build/protoc_gen_ts-8cec2bec66276c47/out/test_conformance/test_messages_proto2.ts:865:24)
    at file:///Users/thesayyn/Documents/thesayyn/protoc-gen-ts/tests/conformance/bin/main.ts:30:78

  protobuf_test_messages.proto3.TestAllTypesProto3 1
  Error: Assertion failed
    at Object.jspb.asserts.doAssertFailure (https://cdn.skypack.dev/-/google-protobuf@v3.21.2-YDUqZL2TTSsy2lGtfuND/dist=es2019,mode=imports/optimized/google-protobuf.js:778:11)
    at Object.jspb.asserts.assert (https://cdn.skypack.dev/-/google-protobuf@v3.21.2-YDUqZL2TTSsy2lGtfuND/dist=es2019,mode=imports/optimized/google-protobuf.js:783:23)
    at jspb.BinaryDecoder.readUint32 (https://cdn.skypack.dev/-/google-protobuf@v3.21.2-YDUqZL2TTSsy2lGtfuND/dist=es2019,mode=imports/optimized/google-protobuf.js:4202:18)
    at jspb.BinaryDecoder.readFloat (https://cdn.skypack.dev/-/google-protobuf@v3.21.2-YDUqZL2TTSsy2lGtfuND/dist=es2019,mode=imports/optimized/google-protobuf.js:4240:18)
    at jspb.BinaryReader.readFloat (https://cdn.skypack.dev/-/google-protobuf@v3.21.2-YDUqZL2TTSsy2lGtfuND/dist=es2019,mode=imports/optimized/google-protobuf.js:4615:26)
    at Function.deserialize (file:///Users/thesayyn/Documents/thesayyn/protoc-gen-ts/target/debug/build/protoc_gen_ts-8cec2bec66276c47/out/test_conformance/test_messages_proto3.ts:202:49)
    at file:///Users/thesayyn/Documents/thesayyn/protoc-gen-ts/tests/conformance/bin/main.ts:23:78

  protobuf_test_messages.proto2.TestAllTypesProto2 1
  Error: Assertion failed
    at Object.jspb.asserts.doAssertFailure (https://cdn.skypack.dev/-/google-protobuf@v3.21.2-YDUqZL2TTSsy2lGtfuND/dist=es2019,mode=imports/optimized/google-protobuf.js:778:11)
    at Object.jspb.asserts.assert (https://cdn.skypack.dev/-/google-protobuf@v3.21.2-YDUqZL2TTSsy2lGtfuND/dist=es2019,mode=imports/optimized/google-protobuf.js:783:23)
    at jspb.BinaryDecoder.readUint32 (https://cdn.skypack.dev/-/google-protobuf@v3.21.2-YDUqZL2TTSsy2lGtfuND/dist=es2019,mode=imports/optimized/google-protobuf.js:4202:18)
    at jspb.BinaryDecoder.readFloat (https://cdn.skypack.dev/-/google-protobuf@v3.21.2-YDUqZL2TTSsy2lGtfuND/dist=es2019,mode=imports/optimized/google-protobuf.js:4240:18)
    at jspb.BinaryReader.readFloat (https://cdn.skypack.dev/-/google-protobuf@v3.21.2-YDUqZL2TTSsy2lGtfuND/dist=es2019,mode=imports/optimized/google-protobuf.js:4615:26)
    at Function.deserialize (file:///Users/thesayyn/Documents/thesayyn/protoc-gen-ts/target/debug/build/protoc_gen_ts-8cec2bec66276c47/out/test_conformance/test_messages_proto2.ts:178:49)
    at file:///Users/thesayyn/Documents/thesayyn/protoc-gen-ts/tests/conformance/bin/main.ts:30:78

  protobuf_test_messages.proto3.TestAllTypesProto3 1
  Error: Assertion failed
    at Object.jspb.asserts.doAssertFailure (https://cdn.skypack.dev/-/google-protobuf@v3.21.2-YDUqZL2TTSsy2lGtfuND/dist=es2019,mode=imports/optimized/google-protobuf.js:778:11)
    at Object.jspb.asserts.assert (https://cdn.skypack.dev/-/google-protobuf@v3.21.2-YDUqZL2TTSsy2lGtfuND/dist=es2019,mode=imports/optimized/google-protobuf.js:783:23)
    at jspb.BinaryDecoder.readUint32 (https://cdn.skypack.dev/-/google-protobuf@v3.21.2-YDUqZL2TTSsy2lGtfuND/dist=es2019,mode=imports/optimized/google-protobuf.js:4202:18)
    at jspb.BinaryDecoder.readFloat (https://cdn.skypack.dev/-/google-protobuf@v3.21.2-YDUqZL2TTSsy2lGtfuND/dist=es2019,mode=imports/optimized/google-protobuf.js:4240:18)
    at jspb.BinaryReader.readFloat (https://cdn.skypack.dev/-/google-protobuf@v3.21.2-YDUqZL2TTSsy2lGtfuND/dist=es2019,mode=imports/optimized/google-protobuf.js:4615:26)
    at Function.deserialize (file:///Users/thesayyn/Documents/thesayyn/protoc-gen-ts/target/debug/build/protoc_gen_ts-8cec2bec66276c47/out/test_conformance/test_messages_proto3.ts:282:57)
    at file:///Users/thesayyn/Documents/thesayyn/protoc-gen-ts/tests/conformance/bin/main.ts:23:78

  protobuf_test_messages.proto2.TestAllTypesProto2 1
  Error: Assertion failed
    at Object.jspb.asserts.doAssertFailure (https://cdn.skypack.dev/-/google-protobuf@v3.21.2-YDUqZL2TTSsy2lGtfuND/dist=es2019,mode=imports/optimized/google-protobuf.js:778:11)
    at Object.jspb.asserts.assert (https://cdn.skypack.dev/-/google-protobuf@v3.21.2-YDUqZL2TTSsy2lGtfuND/dist=es2019,mode=imports/optimized/google-protobuf.js:783:23)
    at jspb.BinaryDecoder.readUint32 (https://cdn.skypack.dev/-/google-protobuf@v3.21.2-YDUqZL2TTSsy2lGtfuND/dist=es2019,mode=imports/optimized/google-protobuf.js:4202:18)
    at jspb.BinaryDecoder.readFloat (https://cdn.skypack.dev/-/google-protobuf@v3.21.2-YDUqZL2TTSsy2lGtfuND/dist=es2019,mode=imports/optimized/google-protobuf.js:4240:18)
    at jspb.BinaryReader.readFloat (https://cdn.skypack.dev/-/google-protobuf@v3.21.2-YDUqZL2TTSsy2lGtfuND/dist=es2019,mode=imports/optimized/google-protobuf.js:4615:26)
    at Function.deserialize (file:///Users/thesayyn/Documents/thesayyn/protoc-gen-ts/target/debug/build/protoc_gen_ts-8cec2bec66276c47/out/test_conformance/test_messages_proto2.ts:244:52)
    at file:///Users/thesayyn/Documents/thesayyn/protoc-gen-ts/tests/conformance/bin/main.ts:30:78

  protobuf_test_messages.proto3.TestAllTypesProto3 1
  Error: Assertion failed
    at Object.jspb.asserts.doAssertFailure (https://cdn.skypack.dev/-/google-protobuf@v3.21.2-YDUqZL2TTSsy2lGtfuND/dist=es2019,mode=imports/optimized/google-protobuf.js:778:11)
    at Object.jspb.asserts.assert (https://cdn.skypack.dev/-/google-protobuf@v3.21.2-YDUqZL2TTSsy2lGtfuND/dist=es2019,mode=imports/optimized/google-protobuf.js:783:23)
    at jspb.BinaryDecoder.advance (https://cdn.skypack.dev/-/google-protobuf@v3.21.2-YDUqZL2TTSsy2lGtfuND/dist=es2019,mode=imports/optimized/google-protobuf.js:4081:18)
    at jspb.BinaryReader.skipFixed32Field (https://cdn.skypack.dev/-/google-protobuf@v3.21.2-YDUqZL2TTSsy2lGtfuND/dist=es2019,mode=imports/optimized/google-protobuf.js:4406:163)
    at jspb.BinaryReader.skipField (https://cdn.skypack.dev/-/google-protobuf@v3.21.2-YDUqZL2TTSsy2lGtfuND/dist=es2019,mode=imports/optimized/google-protobuf.js:4438:14)
    at Function.deserialize (file:///Users/thesayyn/Documents/thesayyn/protoc-gen-ts/target/debug/build/protoc_gen_ts-8cec2bec66276c47/out/test_conformance/test_messages_proto3.ts:958:24)
    at file:///Users/thesayyn/Documents/thesayyn/protoc-gen-ts/tests/conformance/bin/main.ts:23:78

  protobuf_test_messages.proto2.TestAllTypesProto2 1
  Error: Assertion failed
    at Object.jspb.asserts.doAssertFailure (https://cdn.skypack.dev/-/google-protobuf@v3.21.2-YDUqZL2TTSsy2lGtfuND/dist=es2019,mode=imports/optimized/google-protobuf.js:778:11)
    at Object.jspb.asserts.assert (https://cdn.skypack.dev/-/google-protobuf@v3.21.2-YDUqZL2TTSsy2lGtfuND/dist=es2019,mode=imports/optimized/google-protobuf.js:783:23)
    at jspb.BinaryDecoder.advance (https://cdn.skypack.dev/-/google-protobuf@v3.21.2-YDUqZL2TTSsy2lGtfuND/dist=es2019,mode=imports/optimized/google-protobuf.js:4081:18)
    at jspb.BinaryReader.skipFixed32Field (https://cdn.skypack.dev/-/google-protobuf@v3.21.2-YDUqZL2TTSsy2lGtfuND/dist=es2019,mode=imports/optimized/google-protobuf.js:4406:163)
    at jspb.BinaryReader.skipField (https://cdn.skypack.dev/-/google-protobuf@v3.21.2-YDUqZL2TTSsy2lGtfuND/dist=es2019,mode=imports/optimized/google-protobuf.js:4438:14)
    at Function.deserialize (file:///Users/thesayyn/Documents/thesayyn/protoc-gen-ts/target/debug/build/protoc_gen_ts-8cec2bec66276c47/out/test_conformance/test_messages_proto2.ts:865:24)
    at file:///Users/thesayyn/Documents/thesayyn/protoc-gen-ts/tests/conformance/bin/main.ts:30:78

  protobuf_test_messages.proto3.TestAllTypesProto3 1
  Error: Assertion failed
    at Object.jspb.asserts.doAssertFailure (https://cdn.skypack.dev/-/google-protobuf@v3.21.2-YDUqZL2TTSsy2lGtfuND/dist=es2019,mode=imports/optimized/google-protobuf.js:778:11)
    at Object.jspb.asserts.assert (https://cdn.skypack.dev/-/google-protobuf@v3.21.2-YDUqZL2TTSsy2lGtfuND/dist=es2019,mode=imports/optimized/google-protobuf.js:783:23)
    at jspb.BinaryDecoder.readUint32 (https://cdn.skypack.dev/-/google-protobuf@v3.21.2-YDUqZL2TTSsy2lGtfuND/dist=es2019,mode=imports/optimized/google-protobuf.js:4202:18)
    at jspb.BinaryDecoder.readFloat (https://cdn.skypack.dev/-/google-protobuf@v3.21.2-YDUqZL2TTSsy2lGtfuND/dist=es2019,mode=imports/optimized/google-protobuf.js:4240:18)
    at jspb.BinaryReader.readPackedField_ (https://cdn.skypack.dev/-/google-protobuf@v3.21.2-YDUqZL2TTSsy2lGtfuND/dist=es2019,mode=imports/optimized/google-protobuf.js:4676:16)
    at jspb.BinaryReader.readPackedFloat (https://cdn.skypack.dev/-/google-protobuf@v3.21.2-YDUqZL2TTSsy2lGtfuND/dist=es2019,mode=imports/optimized/google-protobuf.js:4741:17)
    at Function.deserialize (file:///Users/thesayyn/Documents/thesayyn/protoc-gen-ts/target/debug/build/protoc_gen_ts-8cec2bec66276c47/out/test_conformance/test_messages_proto3.ts:281:77)
    at file:///Users/thesayyn/Documents/thesayyn/protoc-gen-ts/tests/conformance/bin/main.ts:23:78

  protobuf_test_messages.proto2.TestAllTypesProto2 1
  Error: Assertion failed
    at Object.jspb.asserts.doAssertFailure (https://cdn.skypack.dev/-/google-protobuf@v3.21.2-YDUqZL2TTSsy2lGtfuND/dist=es2019,mode=imports/optimized/google-protobuf.js:778:11)
    at Object.jspb.asserts.assert (https://cdn.skypack.dev/-/google-protobuf@v3.21.2-YDUqZL2TTSsy2lGtfuND/dist=es2019,mode=imports/optimized/google-protobuf.js:783:23)
    at jspb.BinaryReader.readFloat (https://cdn.skypack.dev/-/google-protobuf@v3.21.2-YDUqZL2TTSsy2lGtfuND/dist=es2019,mode=imports/optimized/google-protobuf.js:4614:18)
    at Function.deserialize (file:///Users/thesayyn/Documents/thesayyn/protoc-gen-ts/target/debug/build/protoc_gen_ts-8cec2bec66276c47/out/test_conformance/test_messages_proto2.ts:244:52)
    at file:///Users/thesayyn/Documents/thesayyn/protoc-gen-ts/tests/conformance/bin/main.ts:30:78

  protobuf_test_messages.proto3.TestAllTypesProto3 1
  Error: Assertion failed
    at Object.jspb.asserts.doAssertFailure (https://cdn.skypack.dev/-/google-protobuf@v3.21.2-YDUqZL2TTSsy2lGtfuND/dist=es2019,mode=imports/optimized/google-protobuf.js:778:11)
    at Object.jspb.asserts.assert (https://cdn.skypack.dev/-/google-protobuf@v3.21.2-YDUqZL2TTSsy2lGtfuND/dist=es2019,mode=imports/optimized/google-protobuf.js:783:23)
    at jspb.BinaryDecoder.readUint32 (https://cdn.skypack.dev/-/google-protobuf@v3.21.2-YDUqZL2TTSsy2lGtfuND/dist=es2019,mode=imports/optimized/google-protobuf.js:4202:18)
    at jspb.BinaryDecoder.readFloat (https://cdn.skypack.dev/-/google-protobuf@v3.21.2-YDUqZL2TTSsy2lGtfuND/dist=es2019,mode=imports/optimized/google-protobuf.js:4240:18)
    at jspb.BinaryReader.readPackedField_ (https://cdn.skypack.dev/-/google-protobuf@v3.21.2-YDUqZL2TTSsy2lGtfuND/dist=es2019,mode=imports/optimized/google-protobuf.js:4676:16)
    at jspb.BinaryReader.readPackedFloat (https://cdn.skypack.dev/-/google-protobuf@v3.21.2-YDUqZL2TTSsy2lGtfuND/dist=es2019,mode=imports/optimized/google-protobuf.js:4741:17)
    at Function.deserialize (file:///Users/thesayyn/Documents/thesayyn/protoc-gen-ts/target/debug/build/protoc_gen_ts-8cec2bec66276c47/out/test_conformance/test_messages_proto3.ts:281:77)
    at file:///Users/thesayyn/Documents/thesayyn/protoc-gen-ts/tests/conformance/bin/main.ts:23:78

  protobuf_test_messages.proto2.TestAllTypesProto2 1
  Error: Assertion failed
    at Object.jspb.asserts.doAssertFailure (https://cdn.skypack.dev/-/google-protobuf@v3.21.2-YDUqZL2TTSsy2lGtfuND/dist=es2019,mode=imports/optimized/google-protobuf.js:778:11)
    at Object.jspb.asserts.assert (https://cdn.skypack.dev/-/google-protobuf@v3.21.2-YDUqZL2TTSsy2lGtfuND/dist=es2019,mode=imports/optimized/google-protobuf.js:783:23)
    at jspb.BinaryReader.readFloat (https://cdn.skypack.dev/-/google-protobuf@v3.21.2-YDUqZL2TTSsy2lGtfuND/dist=es2019,mode=imports/optimized/google-protobuf.js:4614:18)
    at Function.deserialize (file:///Users/thesayyn/Documents/thesayyn/protoc-gen-ts/target/debug/build/protoc_gen_ts-8cec2bec66276c47/out/test_conformance/test_messages_proto2.ts:244:52)
    at file:///Users/thesayyn/Documents/thesayyn/protoc-gen-ts/tests/conformance/bin/main.ts:30:78

  protobuf_test_messages.proto3.TestAllTypesProto3 1
  Error: Failure: Failed to read varint, encoding is invalid.
    at Object.jspb.asserts.fail (https://cdn.skypack.dev/-/google-protobuf@v3.21.2-YDUqZL2TTSsy2lGtfuND/dist=es2019,mode=imports/optimized/google-protobuf.js:801:11)
    at jspb.BinaryDecoder.readSplitVarint64 (https://cdn.skypack.dev/-/google-protobuf@v3.21.2-YDUqZL2TTSsy2lGtfuND/dist=es2019,mode=imports/optimized/google-protobuf.js:4101:18)
    at jspb.BinaryDecoder.readSignedVarint64 (https://cdn.skypack.dev/-/google-protobuf@v3.21.2-YDUqZL2TTSsy2lGtfuND/dist=es2019,mode=imports/optimized/google-protobuf.js:4173:17)
    at jspb.BinaryReader.readInt64 (https://cdn.skypack.dev/-/google-protobuf@v3.21.2-YDUqZL2TTSsy2lGtfuND/dist=es2019,mode=imports/optimized/google-protobuf.js:4542:26)
    at Function.deserialize (file:///Users/thesayyn/Documents/thesayyn/protoc-gen-ts/target/debug/build/protoc_gen_ts-8cec2bec66276c47/out/test_conformance/test_messages_proto3.ts:175:49)
    at file:///Users/thesayyn/Documents/thesayyn/protoc-gen-ts/tests/conformance/bin/main.ts:23:78

  protobuf_test_messages.proto2.TestAllTypesProto2 1
  Error: Failure: Failed to read varint, encoding is invalid.
    at Object.jspb.asserts.fail (https://cdn.skypack.dev/-/google-protobuf@v3.21.2-YDUqZL2TTSsy2lGtfuND/dist=es2019,mode=imports/optimized/google-protobuf.js:801:11)
    at jspb.BinaryDecoder.readSplitVarint64 (https://cdn.skypack.dev/-/google-protobuf@v3.21.2-YDUqZL2TTSsy2lGtfuND/dist=es2019,mode=imports/optimized/google-protobuf.js:4101:18)
    at jspb.BinaryDecoder.readSignedVarint64 (https://cdn.skypack.dev/-/google-protobuf@v3.21.2-YDUqZL2TTSsy2lGtfuND/dist=es2019,mode=imports/optimized/google-protobuf.js:4173:17)
    at jspb.BinaryReader.readInt64 (https://cdn.skypack.dev/-/google-protobuf@v3.21.2-YDUqZL2TTSsy2lGtfuND/dist=es2019,mode=imports/optimized/google-protobuf.js:4542:26)
    at Function.deserialize (file:///Users/thesayyn/Documents/thesayyn/protoc-gen-ts/target/debug/build/protoc_gen_ts-8cec2bec66276c47/out/test_conformance/test_messages_proto2.ts:151:49)
    at file:///Users/thesayyn/Documents/thesayyn/protoc-gen-ts/tests/conformance/bin/main.ts:30:78

  protobuf_test_messages.proto3.TestAllTypesProto3 1
  Error: Failure: Failed to read varint, encoding is invalid.
    at Object.jspb.asserts.fail (https://cdn.skypack.dev/-/google-protobuf@v3.21.2-YDUqZL2TTSsy2lGtfuND/dist=es2019,mode=imports/optimized/google-protobuf.js:801:11)
    at jspb.BinaryDecoder.readSplitVarint64 (https://cdn.skypack.dev/-/google-protobuf@v3.21.2-YDUqZL2TTSsy2lGtfuND/dist=es2019,mode=imports/optimized/google-protobuf.js:4101:18)
    at jspb.BinaryDecoder.readSignedVarint64 (https://cdn.skypack.dev/-/google-protobuf@v3.21.2-YDUqZL2TTSsy2lGtfuND/dist=es2019,mode=imports/optimized/google-protobuf.js:4173:17)
    at jspb.BinaryReader.readInt64 (https://cdn.skypack.dev/-/google-protobuf@v3.21.2-YDUqZL2TTSsy2lGtfuND/dist=es2019,mode=imports/optimized/google-protobuf.js:4542:26)
    at Function.deserialize (file:///Users/thesayyn/Documents/thesayyn/protoc-gen-ts/target/debug/build/protoc_gen_ts-8cec2bec66276c47/out/test_conformance/test_messages_proto3.ts:246:57)
    at file:///Users/thesayyn/Documents/thesayyn/protoc-gen-ts/tests/conformance/bin/main.ts:23:78

  protobuf_test_messages.proto2.TestAllTypesProto2 1
  Error: Failure: Failed to read varint, encoding is invalid.
    at Object.jspb.asserts.fail (https://cdn.skypack.dev/-/google-protobuf@v3.21.2-YDUqZL2TTSsy2lGtfuND/dist=es2019,mode=imports/optimized/google-protobuf.js:801:11)
    at jspb.BinaryDecoder.readSplitVarint64 (https://cdn.skypack.dev/-/google-protobuf@v3.21.2-YDUqZL2TTSsy2lGtfuND/dist=es2019,mode=imports/optimized/google-protobuf.js:4101:18)
    at jspb.BinaryDecoder.readSignedVarint64 (https://cdn.skypack.dev/-/google-protobuf@v3.21.2-YDUqZL2TTSsy2lGtfuND/dist=es2019,mode=imports/optimized/google-protobuf.js:4173:17)
    at jspb.BinaryReader.readInt64 (https://cdn.skypack.dev/-/google-protobuf@v3.21.2-YDUqZL2TTSsy2lGtfuND/dist=es2019,mode=imports/optimized/google-protobuf.js:4542:26)
    at Function.deserialize (file:///Users/thesayyn/Documents/thesayyn/protoc-gen-ts/target/debug/build/protoc_gen_ts-8cec2bec66276c47/out/test_conformance/test_messages_proto2.ts:217:52)
    at file:///Users/thesayyn/Documents/thesayyn/protoc-gen-ts/tests/conformance/bin/main.ts:30:78

  protobuf_test_messages.proto3.TestAllTypesProto3 1
  Error: Failure: Decoder hit an error
    at Object.jspb.asserts.fail (https://cdn.skypack.dev/-/google-protobuf@v3.21.2-YDUqZL2TTSsy2lGtfuND/dist=es2019,mode=imports/optimized/google-protobuf.js:801:11)
    at jspb.BinaryReader.nextField (https://cdn.skypack.dev/-/google-protobuf@v3.21.2-YDUqZL2TTSsy2lGtfuND/dist=es2019,mode=imports/optimized/google-protobuf.js:4374:27)
    at Function.deserialize (file:///Users/thesayyn/Documents/thesayyn/protoc-gen-ts/target/debug/build/protoc_gen_ts-8cec2bec66276c47/out/test_conformance/test_messages_proto3.ts:169:18)
    at file:///Users/thesayyn/Documents/thesayyn/protoc-gen-ts/tests/conformance/bin/main.ts:23:78

  protobuf_test_messages.proto2.TestAllTypesProto2 1
  Error: Failure: Decoder hit an error
    at Object.jspb.asserts.fail (https://cdn.skypack.dev/-/google-protobuf@v3.21.2-YDUqZL2TTSsy2lGtfuND/dist=es2019,mode=imports/optimized/google-protobuf.js:801:11)
    at jspb.BinaryReader.nextField (https://cdn.skypack.dev/-/google-protobuf@v3.21.2-YDUqZL2TTSsy2lGtfuND/dist=es2019,mode=imports/optimized/google-protobuf.js:4374:27)
    at Function.deserialize (file:///Users/thesayyn/Documents/thesayyn/protoc-gen-ts/target/debug/build/protoc_gen_ts-8cec2bec66276c47/out/test_conformance/test_messages_proto2.ts:145:18)
    at file:///Users/thesayyn/Documents/thesayyn/protoc-gen-ts/tests/conformance/bin/main.ts:30:78

  protobuf_test_messages.proto3.TestAllTypesProto3 1
  Error: Failure: Failed to read varint, encoding is invalid.
    at Object.jspb.asserts.fail (https://cdn.skypack.dev/-/google-protobuf@v3.21.2-YDUqZL2TTSsy2lGtfuND/dist=es2019,mode=imports/optimized/google-protobuf.js:801:11)
    at jspb.BinaryDecoder.readSplitVarint64 (https://cdn.skypack.dev/-/google-protobuf@v3.21.2-YDUqZL2TTSsy2lGtfuND/dist=es2019,mode=imports/optimized/google-protobuf.js:4101:18)
    at jspb.BinaryDecoder.readSignedVarint64 (https://cdn.skypack.dev/-/google-protobuf@v3.21.2-YDUqZL2TTSsy2lGtfuND/dist=es2019,mode=imports/optimized/google-protobuf.js:4173:17)
    at jspb.BinaryReader.readInt64 (https://cdn.skypack.dev/-/google-protobuf@v3.21.2-YDUqZL2TTSsy2lGtfuND/dist=es2019,mode=imports/optimized/google-protobuf.js:4542:26)
    at Function.deserialize (file:///Users/thesayyn/Documents/thesayyn/protoc-gen-ts/target/debug/build/protoc_gen_ts-8cec2bec66276c47/out/test_conformance/test_messages_proto3.ts:175:49)
    at file:///Users/thesayyn/Documents/thesayyn/protoc-gen-ts/tests/conformance/bin/main.ts:23:78

  protobuf_test_messages.proto2.TestAllTypesProto2 1
  Error: Failure: Failed to read varint, encoding is invalid.
    at Object.jspb.asserts.fail (https://cdn.skypack.dev/-/google-protobuf@v3.21.2-YDUqZL2TTSsy2lGtfuND/dist=es2019,mode=imports/optimized/google-protobuf.js:801:11)
    at jspb.BinaryDecoder.readSplitVarint64 (https://cdn.skypack.dev/-/google-protobuf@v3.21.2-YDUqZL2TTSsy2lGtfuND/dist=es2019,mode=imports/optimized/google-protobuf.js:4101:18)
    at jspb.BinaryDecoder.readSignedVarint64 (https://cdn.skypack.dev/-/google-protobuf@v3.21.2-YDUqZL2TTSsy2lGtfuND/dist=es2019,mode=imports/optimized/google-protobuf.js:4173:17)
    at jspb.BinaryReader.readInt64 (https://cdn.skypack.dev/-/google-protobuf@v3.21.2-YDUqZL2TTSsy2lGtfuND/dist=es2019,mode=imports/optimized/google-protobuf.js:4542:26)
    at Function.deserialize (file:///Users/thesayyn/Documents/thesayyn/protoc-gen-ts/target/debug/build/protoc_gen_ts-8cec2bec66276c47/out/test_conformance/test_messages_proto2.ts:151:49)
    at file:///Users/thesayyn/Documents/thesayyn/protoc-gen-ts/tests/conformance/bin/main.ts:30:78

  protobuf_test_messages.proto3.TestAllTypesProto3 1
  Error: Failure: Failed to read varint, encoding is invalid.
    at Object.jspb.asserts.fail (https://cdn.skypack.dev/-/google-protobuf@v3.21.2-YDUqZL2TTSsy2lGtfuND/dist=es2019,mode=imports/optimized/google-protobuf.js:801:11)
    at jspb.BinaryDecoder.readSplitVarint64 (https://cdn.skypack.dev/-/google-protobuf@v3.21.2-YDUqZL2TTSsy2lGtfuND/dist=es2019,mode=imports/optimized/google-protobuf.js:4101:18)
    at jspb.BinaryDecoder.readSignedVarint64 (https://cdn.skypack.dev/-/google-protobuf@v3.21.2-YDUqZL2TTSsy2lGtfuND/dist=es2019,mode=imports/optimized/google-protobuf.js:4173:17)
    at jspb.BinaryReader.readInt64 (https://cdn.skypack.dev/-/google-protobuf@v3.21.2-YDUqZL2TTSsy2lGtfuND/dist=es2019,mode=imports/optimized/google-protobuf.js:4542:26)
    at Function.deserialize (file:///Users/thesayyn/Documents/thesayyn/protoc-gen-ts/target/debug/build/protoc_gen_ts-8cec2bec66276c47/out/test_conformance/test_messages_proto3.ts:246:57)
    at file:///Users/thesayyn/Documents/thesayyn/protoc-gen-ts/tests/conformance/bin/main.ts:23:78

  protobuf_test_messages.proto2.TestAllTypesProto2 1
  Error: Failure: Failed to read varint, encoding is invalid.
    at Object.jspb.asserts.fail (https://cdn.skypack.dev/-/google-protobuf@v3.21.2-YDUqZL2TTSsy2lGtfuND/dist=es2019,mode=imports/optimized/google-protobuf.js:801:11)
    at jspb.BinaryDecoder.readSplitVarint64 (https://cdn.skypack.dev/-/google-protobuf@v3.21.2-YDUqZL2TTSsy2lGtfuND/dist=es2019,mode=imports/optimized/google-protobuf.js:4101:18)
    at jspb.BinaryDecoder.readSignedVarint64 (https://cdn.skypack.dev/-/google-protobuf@v3.21.2-YDUqZL2TTSsy2lGtfuND/dist=es2019,mode=imports/optimized/google-protobuf.js:4173:17)
    at jspb.BinaryReader.readInt64 (https://cdn.skypack.dev/-/google-protobuf@v3.21.2-YDUqZL2TTSsy2lGtfuND/dist=es2019,mode=imports/optimized/google-protobuf.js:4542:26)
    at Function.deserialize (file:///Users/thesayyn/Documents/thesayyn/protoc-gen-ts/target/debug/build/protoc_gen_ts-8cec2bec66276c47/out/test_conformance/test_messages_proto2.ts:217:52)
    at file:///Users/thesayyn/Documents/thesayyn/protoc-gen-ts/tests/conformance/bin/main.ts:30:78

  protobuf_test_messages.proto3.TestAllTypesProto3 1
  Error: Failure: Decoder hit an error
    at Object.jspb.asserts.fail (https://cdn.skypack.dev/-/google-protobuf@v3.21.2-YDUqZL2TTSsy2lGtfuND/dist=es2019,mode=imports/optimized/google-protobuf.js:801:11)
    at jspb.BinaryReader.nextField (https://cdn.skypack.dev/-/google-protobuf@v3.21.2-YDUqZL2TTSsy2lGtfuND/dist=es2019,mode=imports/optimized/google-protobuf.js:4374:27)
    at Function.deserialize (file:///Users/thesayyn/Documents/thesayyn/protoc-gen-ts/target/debug/build/protoc_gen_ts-8cec2bec66276c47/out/test_conformance/test_messages_proto3.ts:169:18)
    at file:///Users/thesayyn/Documents/thesayyn/protoc-gen-ts/tests/conformance/bin/main.ts:23:78

  protobuf_test_messages.proto2.TestAllTypesProto2 1
  Error: Failure: Decoder hit an error
    at Object.jspb.asserts.fail (https://cdn.skypack.dev/-/google-protobuf@v3.21.2-YDUqZL2TTSsy2lGtfuND/dist=es2019,mode=imports/optimized/google-protobuf.js:801:11)
    at jspb.BinaryReader.nextField (https://cdn.skypack.dev/-/google-protobuf@v3.21.2-YDUqZL2TTSsy2lGtfuND/dist=es2019,mode=imports/optimized/google-protobuf.js:4374:27)
    at Function.deserialize (file:///Users/thesayyn/Documents/thesayyn/protoc-gen-ts/target/debug/build/protoc_gen_ts-8cec2bec66276c47/out/test_conformance/test_messages_proto2.ts:145:18)
    at file:///Users/thesayyn/Documents/thesayyn/protoc-gen-ts/tests/conformance/bin/main.ts:30:78

  protobuf_test_messages.proto3.TestAllTypesProto3 1
  Error: Failure: Failed to read varint, encoding is invalid.
    at Object.jspb.asserts.fail (https://cdn.skypack.dev/-/google-protobuf@v3.21.2-YDUqZL2TTSsy2lGtfuND/dist=es2019,mode=imports/optimized/google-protobuf.js:801:11)
    at jspb.BinaryDecoder.readSplitVarint64 (https://cdn.skypack.dev/-/google-protobuf@v3.21.2-YDUqZL2TTSsy2lGtfuND/dist=es2019,mode=imports/optimized/google-protobuf.js:4101:18)
    at jspb.BinaryDecoder.readSignedVarint64 (https://cdn.skypack.dev/-/google-protobuf@v3.21.2-YDUqZL2TTSsy2lGtfuND/dist=es2019,mode=imports/optimized/google-protobuf.js:4173:17)
    at jspb.BinaryReader.readPackedField_ (https://cdn.skypack.dev/-/google-protobuf@v3.21.2-YDUqZL2TTSsy2lGtfuND/dist=es2019,mode=imports/optimized/google-protobuf.js:4676:16)
    at jspb.BinaryReader.readPackedInt64 (https://cdn.skypack.dev/-/google-protobuf@v3.21.2-YDUqZL2TTSsy2lGtfuND/dist=es2019,mode=imports/optimized/google-protobuf.js:4687:17)
    at Function.deserialize (file:///Users/thesayyn/Documents/thesayyn/protoc-gen-ts/target/debug/build/protoc_gen_ts-8cec2bec66276c47/out/test_conformance/test_messages_proto3.ts:245:77)
    at file:///Users/thesayyn/Documents/thesayyn/protoc-gen-ts/tests/conformance/bin/main.ts:23:78

  protobuf_test_messages.proto2.TestAllTypesProto2 1
  Error: Assertion failed
    at Object.jspb.asserts.doAssertFailure (https://cdn.skypack.dev/-/google-protobuf@v3.21.2-YDUqZL2TTSsy2lGtfuND/dist=es2019,mode=imports/optimized/google-protobuf.js:778:11)
    at Object.jspb.asserts.assert (https://cdn.skypack.dev/-/google-protobuf@v3.21.2-YDUqZL2TTSsy2lGtfuND/dist=es2019,mode=imports/optimized/google-protobuf.js:783:23)
    at jspb.BinaryReader.readInt64 (https://cdn.skypack.dev/-/google-protobuf@v3.21.2-YDUqZL2TTSsy2lGtfuND/dist=es2019,mode=imports/optimized/google-protobuf.js:4541:18)
    at Function.deserialize (file:///Users/thesayyn/Documents/thesayyn/protoc-gen-ts/target/debug/build/protoc_gen_ts-8cec2bec66276c47/out/test_conformance/test_messages_proto2.ts:217:52)
    at file:///Users/thesayyn/Documents/thesayyn/protoc-gen-ts/tests/conformance/bin/main.ts:30:78

  protobuf_test_messages.proto3.TestAllTypesProto3 1
  Error: Failure: Failed to read varint, encoding is invalid.
    at Object.jspb.asserts.fail (https://cdn.skypack.dev/-/google-protobuf@v3.21.2-YDUqZL2TTSsy2lGtfuND/dist=es2019,mode=imports/optimized/google-protobuf.js:801:11)
    at jspb.BinaryDecoder.readSplitVarint64 (https://cdn.skypack.dev/-/google-protobuf@v3.21.2-YDUqZL2TTSsy2lGtfuND/dist=es2019,mode=imports/optimized/google-protobuf.js:4101:18)
    at jspb.BinaryDecoder.readSignedVarint64 (https://cdn.skypack.dev/-/google-protobuf@v3.21.2-YDUqZL2TTSsy2lGtfuND/dist=es2019,mode=imports/optimized/google-protobuf.js:4173:17)
    at jspb.BinaryReader.readPackedField_ (https://cdn.skypack.dev/-/google-protobuf@v3.21.2-YDUqZL2TTSsy2lGtfuND/dist=es2019,mode=imports/optimized/google-protobuf.js:4676:16)
    at jspb.BinaryReader.readPackedInt64 (https://cdn.skypack.dev/-/google-protobuf@v3.21.2-YDUqZL2TTSsy2lGtfuND/dist=es2019,mode=imports/optimized/google-protobuf.js:4687:17)
    at Function.deserialize (file:///Users/thesayyn/Documents/thesayyn/protoc-gen-ts/target/debug/build/protoc_gen_ts-8cec2bec66276c47/out/test_conformance/test_messages_proto3.ts:245:77)
    at file:///Users/thesayyn/Documents/thesayyn/protoc-gen-ts/tests/conformance/bin/main.ts:23:78

  protobuf_test_messages.proto2.TestAllTypesProto2 1
  Error: Assertion failed
    at Object.jspb.asserts.doAssertFailure (https://cdn.skypack.dev/-/google-protobuf@v3.21.2-YDUqZL2TTSsy2lGtfuND/dist=es2019,mode=imports/optimized/google-protobuf.js:778:11)
    at Object.jspb.asserts.assert (https://cdn.skypack.dev/-/google-protobuf@v3.21.2-YDUqZL2TTSsy2lGtfuND/dist=es2019,mode=imports/optimized/google-protobuf.js:783:23)
    at jspb.BinaryReader.readInt64 (https://cdn.skypack.dev/-/google-protobuf@v3.21.2-YDUqZL2TTSsy2lGtfuND/dist=es2019,mode=imports/optimized/google-protobuf.js:4541:18)
    at Function.deserialize (file:///Users/thesayyn/Documents/thesayyn/protoc-gen-ts/target/debug/build/protoc_gen_ts-8cec2bec66276c47/out/test_conformance/test_messages_proto2.ts:217:52)
    at file:///Users/thesayyn/Documents/thesayyn/protoc-gen-ts/tests/conformance/bin/main.ts:30:78

  protobuf_test_messages.proto3.TestAllTypesProto3 1
  Error: Failure: Failed to read varint, encoding is invalid.
    at Object.jspb.asserts.fail (https://cdn.skypack.dev/-/google-protobuf@v3.21.2-YDUqZL2TTSsy2lGtfuND/dist=es2019,mode=imports/optimized/google-protobuf.js:801:11)
    at jspb.BinaryDecoder.readSplitVarint64 (https://cdn.skypack.dev/-/google-protobuf@v3.21.2-YDUqZL2TTSsy2lGtfuND/dist=es2019,mode=imports/optimized/google-protobuf.js:4101:18)
    at jspb.BinaryDecoder.readUnsignedVarint64 (https://cdn.skypack.dev/-/google-protobuf@v3.21.2-YDUqZL2TTSsy2lGtfuND/dist=es2019,mode=imports/optimized/google-protobuf.js:4167:17)
    at jspb.BinaryReader.readUint64 (https://cdn.skypack.dev/-/google-protobuf@v3.21.2-YDUqZL2TTSsy2lGtfuND/dist=es2019,mode=imports/optimized/google-protobuf.js:4560:26)
    at Function.deserialize (file:///Users/thesayyn/Documents/thesayyn/protoc-gen-ts/target/debug/build/protoc_gen_ts-8cec2bec66276c47/out/test_conformance/test_messages_proto3.ts:181:50)
    at file:///Users/thesayyn/Documents/thesayyn/protoc-gen-ts/tests/conformance/bin/main.ts:23:78

  protobuf_test_messages.proto2.TestAllTypesProto2 1
  Error: Failure: Failed to read varint, encoding is invalid.
    at Object.jspb.asserts.fail (https://cdn.skypack.dev/-/google-protobuf@v3.21.2-YDUqZL2TTSsy2lGtfuND/dist=es2019,mode=imports/optimized/google-protobuf.js:801:11)
    at jspb.BinaryDecoder.readSplitVarint64 (https://cdn.skypack.dev/-/google-protobuf@v3.21.2-YDUqZL2TTSsy2lGtfuND/dist=es2019,mode=imports/optimized/google-protobuf.js:4101:18)
    at jspb.BinaryDecoder.readUnsignedVarint64 (https://cdn.skypack.dev/-/google-protobuf@v3.21.2-YDUqZL2TTSsy2lGtfuND/dist=es2019,mode=imports/optimized/google-protobuf.js:4167:17)
    at jspb.BinaryReader.readUint64 (https://cdn.skypack.dev/-/google-protobuf@v3.21.2-YDUqZL2TTSsy2lGtfuND/dist=es2019,mode=imports/optimized/google-protobuf.js:4560:26)
    at Function.deserialize (file:///Users/thesayyn/Documents/thesayyn/protoc-gen-ts/target/debug/build/protoc_gen_ts-8cec2bec66276c47/out/test_conformance/test_messages_proto2.ts:157:50)
    at file:///Users/thesayyn/Documents/thesayyn/protoc-gen-ts/tests/conformance/bin/main.ts:30:78

  protobuf_test_messages.proto3.TestAllTypesProto3 1
  Error: Failure: Failed to read varint, encoding is invalid.
    at Object.jspb.asserts.fail (https://cdn.skypack.dev/-/google-protobuf@v3.21.2-YDUqZL2TTSsy2lGtfuND/dist=es2019,mode=imports/optimized/google-protobuf.js:801:11)
    at jspb.BinaryDecoder.readSplitVarint64 (https://cdn.skypack.dev/-/google-protobuf@v3.21.2-YDUqZL2TTSsy2lGtfuND/dist=es2019,mode=imports/optimized/google-protobuf.js:4101:18)
    at jspb.BinaryDecoder.readUnsignedVarint64 (https://cdn.skypack.dev/-/google-protobuf@v3.21.2-YDUqZL2TTSsy2lGtfuND/dist=es2019,mode=imports/optimized/google-protobuf.js:4167:17)
    at jspb.BinaryReader.readUint64 (https://cdn.skypack.dev/-/google-protobuf@v3.21.2-YDUqZL2TTSsy2lGtfuND/dist=es2019,mode=imports/optimized/google-protobuf.js:4560:26)
    at Function.deserialize (file:///Users/thesayyn/Documents/thesayyn/protoc-gen-ts/target/debug/build/protoc_gen_ts-8cec2bec66276c47/out/test_conformance/test_messages_proto3.ts:254:58)
    at file:///Users/thesayyn/Documents/thesayyn/protoc-gen-ts/tests/conformance/bin/main.ts:23:78

  protobuf_test_messages.proto2.TestAllTypesProto2 1
  Error: Failure: Failed to read varint, encoding is invalid.
    at Object.jspb.asserts.fail (https://cdn.skypack.dev/-/google-protobuf@v3.21.2-YDUqZL2TTSsy2lGtfuND/dist=es2019,mode=imports/optimized/google-protobuf.js:801:11)
    at jspb.BinaryDecoder.readSplitVarint64 (https://cdn.skypack.dev/-/google-protobuf@v3.21.2-YDUqZL2TTSsy2lGtfuND/dist=es2019,mode=imports/optimized/google-protobuf.js:4101:18)
    at jspb.BinaryDecoder.readUnsignedVarint64 (https://cdn.skypack.dev/-/google-protobuf@v3.21.2-YDUqZL2TTSsy2lGtfuND/dist=es2019,mode=imports/optimized/google-protobuf.js:4167:17)
    at jspb.BinaryReader.readUint64 (https://cdn.skypack.dev/-/google-protobuf@v3.21.2-YDUqZL2TTSsy2lGtfuND/dist=es2019,mode=imports/optimized/google-protobuf.js:4560:26)
    at Function.deserialize (file:///Users/thesayyn/Documents/thesayyn/protoc-gen-ts/target/debug/build/protoc_gen_ts-8cec2bec66276c47/out/test_conformance/test_messages_proto2.ts:223:53)
    at file:///Users/thesayyn/Documents/thesayyn/protoc-gen-ts/tests/conformance/bin/main.ts:30:78

  protobuf_test_messages.proto3.TestAllTypesProto3 1
  Error: Failure: Decoder hit an error
    at Object.jspb.asserts.fail (https://cdn.skypack.dev/-/google-protobuf@v3.21.2-YDUqZL2TTSsy2lGtfuND/dist=es2019,mode=imports/optimized/google-protobuf.js:801:11)
    at jspb.BinaryReader.nextField (https://cdn.skypack.dev/-/google-protobuf@v3.21.2-YDUqZL2TTSsy2lGtfuND/dist=es2019,mode=imports/optimized/google-protobuf.js:4374:27)
    at Function.deserialize (file:///Users/thesayyn/Documents/thesayyn/protoc-gen-ts/target/debug/build/protoc_gen_ts-8cec2bec66276c47/out/test_conformance/test_messages_proto3.ts:169:18)
    at file:///Users/thesayyn/Documents/thesayyn/protoc-gen-ts/tests/conformance/bin/main.ts:23:78

  protobuf_test_messages.proto2.TestAllTypesProto2 1
  Error: Failure: Decoder hit an error
    at Object.jspb.asserts.fail (https://cdn.skypack.dev/-/google-protobuf@v3.21.2-YDUqZL2TTSsy2lGtfuND/dist=es2019,mode=imports/optimized/google-protobuf.js:801:11)
    at jspb.BinaryReader.nextField (https://cdn.skypack.dev/-/google-protobuf@v3.21.2-YDUqZL2TTSsy2lGtfuND/dist=es2019,mode=imports/optimized/google-protobuf.js:4374:27)
    at Function.deserialize (file:///Users/thesayyn/Documents/thesayyn/protoc-gen-ts/target/debug/build/protoc_gen_ts-8cec2bec66276c47/out/test_conformance/test_messages_proto2.ts:145:18)
    at file:///Users/thesayyn/Documents/thesayyn/protoc-gen-ts/tests/conformance/bin/main.ts:30:78

  protobuf_test_messages.proto3.TestAllTypesProto3 1
  Error: Failure: Failed to read varint, encoding is invalid.
    at Object.jspb.asserts.fail (https://cdn.skypack.dev/-/google-protobuf@v3.21.2-YDUqZL2TTSsy2lGtfuND/dist=es2019,mode=imports/optimized/google-protobuf.js:801:11)
    at jspb.BinaryDecoder.readSplitVarint64 (https://cdn.skypack.dev/-/google-protobuf@v3.21.2-YDUqZL2TTSsy2lGtfuND/dist=es2019,mode=imports/optimized/google-protobuf.js:4101:18)
    at jspb.BinaryDecoder.readUnsignedVarint64 (https://cdn.skypack.dev/-/google-protobuf@v3.21.2-YDUqZL2TTSsy2lGtfuND/dist=es2019,mode=imports/optimized/google-protobuf.js:4167:17)
    at jspb.BinaryReader.readUint64 (https://cdn.skypack.dev/-/google-protobuf@v3.21.2-YDUqZL2TTSsy2lGtfuND/dist=es2019,mode=imports/optimized/google-protobuf.js:4560:26)
    at Function.deserialize (file:///Users/thesayyn/Documents/thesayyn/protoc-gen-ts/target/debug/build/protoc_gen_ts-8cec2bec66276c47/out/test_conformance/test_messages_proto3.ts:181:50)
    at file:///Users/thesayyn/Documents/thesayyn/protoc-gen-ts/tests/conformance/bin/main.ts:23:78

  protobuf_test_messages.proto2.TestAllTypesProto2 1
  Error: Failure: Failed to read varint, encoding is invalid.
    at Object.jspb.asserts.fail (https://cdn.skypack.dev/-/google-protobuf@v3.21.2-YDUqZL2TTSsy2lGtfuND/dist=es2019,mode=imports/optimized/google-protobuf.js:801:11)
    at jspb.BinaryDecoder.readSplitVarint64 (https://cdn.skypack.dev/-/google-protobuf@v3.21.2-YDUqZL2TTSsy2lGtfuND/dist=es2019,mode=imports/optimized/google-protobuf.js:4101:18)
    at jspb.BinaryDecoder.readUnsignedVarint64 (https://cdn.skypack.dev/-/google-protobuf@v3.21.2-YDUqZL2TTSsy2lGtfuND/dist=es2019,mode=imports/optimized/google-protobuf.js:4167:17)
    at jspb.BinaryReader.readUint64 (https://cdn.skypack.dev/-/google-protobuf@v3.21.2-YDUqZL2TTSsy2lGtfuND/dist=es2019,mode=imports/optimized/google-protobuf.js:4560:26)
    at Function.deserialize (file:///Users/thesayyn/Documents/thesayyn/protoc-gen-ts/target/debug/build/protoc_gen_ts-8cec2bec66276c47/out/test_conformance/test_messages_proto2.ts:157:50)
    at file:///Users/thesayyn/Documents/thesayyn/protoc-gen-ts/tests/conformance/bin/main.ts:30:78

  protobuf_test_messages.proto3.TestAllTypesProto3 1
  Error: Failure: Failed to read varint, encoding is invalid.
    at Object.jspb.asserts.fail (https://cdn.skypack.dev/-/google-protobuf@v3.21.2-YDUqZL2TTSsy2lGtfuND/dist=es2019,mode=imports/optimized/google-protobuf.js:801:11)
    at jspb.BinaryDecoder.readSplitVarint64 (https://cdn.skypack.dev/-/google-protobuf@v3.21.2-YDUqZL2TTSsy2lGtfuND/dist=es2019,mode=imports/optimized/google-protobuf.js:4101:18)
    at jspb.BinaryDecoder.readUnsignedVarint64 (https://cdn.skypack.dev/-/google-protobuf@v3.21.2-YDUqZL2TTSsy2lGtfuND/dist=es2019,mode=imports/optimized/google-protobuf.js:4167:17)
    at jspb.BinaryReader.readUint64 (https://cdn.skypack.dev/-/google-protobuf@v3.21.2-YDUqZL2TTSsy2lGtfuND/dist=es2019,mode=imports/optimized/google-protobuf.js:4560:26)
    at Function.deserialize (file:///Users/thesayyn/Documents/thesayyn/protoc-gen-ts/target/debug/build/protoc_gen_ts-8cec2bec66276c47/out/test_conformance/test_messages_proto3.ts:254:58)
    at file:///Users/thesayyn/Documents/thesayyn/protoc-gen-ts/tests/conformance/bin/main.ts:23:78

  protobuf_test_messages.proto2.TestAllTypesProto2 1
  Error: Failure: Failed to read varint, encoding is invalid.
    at Object.jspb.asserts.fail (https://cdn.skypack.dev/-/google-protobuf@v3.21.2-YDUqZL2TTSsy2lGtfuND/dist=es2019,mode=imports/optimized/google-protobuf.js:801:11)
    at jspb.BinaryDecoder.readSplitVarint64 (https://cdn.skypack.dev/-/google-protobuf@v3.21.2-YDUqZL2TTSsy2lGtfuND/dist=es2019,mode=imports/optimized/google-protobuf.js:4101:18)
    at jspb.BinaryDecoder.readUnsignedVarint64 (https://cdn.skypack.dev/-/google-protobuf@v3.21.2-YDUqZL2TTSsy2lGtfuND/dist=es2019,mode=imports/optimized/google-protobuf.js:4167:17)
    at jspb.BinaryReader.readUint64 (https://cdn.skypack.dev/-/google-protobuf@v3.21.2-YDUqZL2TTSsy2lGtfuND/dist=es2019,mode=imports/optimized/google-protobuf.js:4560:26)
    at Function.deserialize (file:///Users/thesayyn/Documents/thesayyn/protoc-gen-ts/target/debug/build/protoc_gen_ts-8cec2bec66276c47/out/test_conformance/test_messages_proto2.ts:223:53)
    at file:///Users/thesayyn/Documents/thesayyn/protoc-gen-ts/tests/conformance/bin/main.ts:30:78

  protobuf_test_messages.proto3.TestAllTypesProto3 1
  Error: Failure: Decoder hit an error
    at Object.jspb.asserts.fail (https://cdn.skypack.dev/-/google-protobuf@v3.21.2-YDUqZL2TTSsy2lGtfuND/dist=es2019,mode=imports/optimized/google-protobuf.js:801:11)
    at jspb.BinaryReader.nextField (https://cdn.skypack.dev/-/google-protobuf@v3.21.2-YDUqZL2TTSsy2lGtfuND/dist=es2019,mode=imports/optimized/google-protobuf.js:4374:27)
    at Function.deserialize (file:///Users/thesayyn/Documents/thesayyn/protoc-gen-ts/target/debug/build/protoc_gen_ts-8cec2bec66276c47/out/test_conformance/test_messages_proto3.ts:169:18)
    at file:///Users/thesayyn/Documents/thesayyn/protoc-gen-ts/tests/conformance/bin/main.ts:23:78

  protobuf_test_messages.proto2.TestAllTypesProto2 1
  Error: Failure: Decoder hit an error
    at Object.jspb.asserts.fail (https://cdn.skypack.dev/-/google-protobuf@v3.21.2-YDUqZL2TTSsy2lGtfuND/dist=es2019,mode=imports/optimized/google-protobuf.js:801:11)
    at jspb.BinaryReader.nextField (https://cdn.skypack.dev/-/google-protobuf@v3.21.2-YDUqZL2TTSsy2lGtfuND/dist=es2019,mode=imports/optimized/google-protobuf.js:4374:27)
    at Function.deserialize (file:///Users/thesayyn/Documents/thesayyn/protoc-gen-ts/target/debug/build/protoc_gen_ts-8cec2bec66276c47/out/test_conformance/test_messages_proto2.ts:145:18)
    at file:///Users/thesayyn/Documents/thesayyn/protoc-gen-ts/tests/conformance/bin/main.ts:30:78

  protobuf_test_messages.proto3.TestAllTypesProto3 1
  Error: Failure: Failed to read varint, encoding is invalid.
    at Object.jspb.asserts.fail (https://cdn.skypack.dev/-/google-protobuf@v3.21.2-YDUqZL2TTSsy2lGtfuND/dist=es2019,mode=imports/optimized/google-protobuf.js:801:11)
    at jspb.BinaryDecoder.readSplitVarint64 (https://cdn.skypack.dev/-/google-protobuf@v3.21.2-YDUqZL2TTSsy2lGtfuND/dist=es2019,mode=imports/optimized/google-protobuf.js:4101:18)
    at jspb.BinaryDecoder.readUnsignedVarint64 (https://cdn.skypack.dev/-/google-protobuf@v3.21.2-YDUqZL2TTSsy2lGtfuND/dist=es2019,mode=imports/optimized/google-protobuf.js:4167:17)
    at jspb.BinaryReader.readPackedField_ (https://cdn.skypack.dev/-/google-protobuf@v3.21.2-YDUqZL2TTSsy2lGtfuND/dist=es2019,mode=imports/optimized/google-protobuf.js:4676:16)
    at jspb.BinaryReader.readPackedUint64 (https://cdn.skypack.dev/-/google-protobuf@v3.21.2-YDUqZL2TTSsy2lGtfuND/dist=es2019,mode=imports/optimized/google-protobuf.js:4701:17)
    at Function.deserialize (file:///Users/thesayyn/Documents/thesayyn/protoc-gen-ts/target/debug/build/protoc_gen_ts-8cec2bec66276c47/out/test_conformance/test_messages_proto3.ts:253:78)
    at file:///Users/thesayyn/Documents/thesayyn/protoc-gen-ts/tests/conformance/bin/main.ts:23:78

  protobuf_test_messages.proto2.TestAllTypesProto2 1
  Error: Assertion failed
    at Object.jspb.asserts.doAssertFailure (https://cdn.skypack.dev/-/google-protobuf@v3.21.2-YDUqZL2TTSsy2lGtfuND/dist=es2019,mode=imports/optimized/google-protobuf.js:778:11)
    at Object.jspb.asserts.assert (https://cdn.skypack.dev/-/google-protobuf@v3.21.2-YDUqZL2TTSsy2lGtfuND/dist=es2019,mode=imports/optimized/google-protobuf.js:783:23)
    at jspb.BinaryReader.readUint64 (https://cdn.skypack.dev/-/google-protobuf@v3.21.2-YDUqZL2TTSsy2lGtfuND/dist=es2019,mode=imports/optimized/google-protobuf.js:4559:18)
    at Function.deserialize (file:///Users/thesayyn/Documents/thesayyn/protoc-gen-ts/target/debug/build/protoc_gen_ts-8cec2bec66276c47/out/test_conformance/test_messages_proto2.ts:223:53)
    at file:///Users/thesayyn/Documents/thesayyn/protoc-gen-ts/tests/conformance/bin/main.ts:30:78

  protobuf_test_messages.proto3.TestAllTypesProto3 1
  Error: Failure: Failed to read varint, encoding is invalid.
    at Object.jspb.asserts.fail (https://cdn.skypack.dev/-/google-protobuf@v3.21.2-YDUqZL2TTSsy2lGtfuND/dist=es2019,mode=imports/optimized/google-protobuf.js:801:11)
    at jspb.BinaryDecoder.readSplitVarint64 (https://cdn.skypack.dev/-/google-protobuf@v3.21.2-YDUqZL2TTSsy2lGtfuND/dist=es2019,mode=imports/optimized/google-protobuf.js:4101:18)
    at jspb.BinaryDecoder.readUnsignedVarint64 (https://cdn.skypack.dev/-/google-protobuf@v3.21.2-YDUqZL2TTSsy2lGtfuND/dist=es2019,mode=imports/optimized/google-protobuf.js:4167:17)
    at jspb.BinaryReader.readPackedField_ (https://cdn.skypack.dev/-/google-protobuf@v3.21.2-YDUqZL2TTSsy2lGtfuND/dist=es2019,mode=imports/optimized/google-protobuf.js:4676:16)
    at jspb.BinaryReader.readPackedUint64 (https://cdn.skypack.dev/-/google-protobuf@v3.21.2-YDUqZL2TTSsy2lGtfuND/dist=es2019,mode=imports/optimized/google-protobuf.js:4701:17)
    at Function.deserialize (file:///Users/thesayyn/Documents/thesayyn/protoc-gen-ts/target/debug/build/protoc_gen_ts-8cec2bec66276c47/out/test_conformance/test_messages_proto3.ts:253:78)
    at file:///Users/thesayyn/Documents/thesayyn/protoc-gen-ts/tests/conformance/bin/main.ts:23:78

  protobuf_test_messages.proto2.TestAllTypesProto2 1
  Error: Assertion failed
    at Object.jspb.asserts.doAssertFailure (https://cdn.skypack.dev/-/google-protobuf@v3.21.2-YDUqZL2TTSsy2lGtfuND/dist=es2019,mode=imports/optimized/google-protobuf.js:778:11)
    at Object.jspb.asserts.assert (https://cdn.skypack.dev/-/google-protobuf@v3.21.2-YDUqZL2TTSsy2lGtfuND/dist=es2019,mode=imports/optimized/google-protobuf.js:783:23)
    at jspb.BinaryReader.readUint64 (https://cdn.skypack.dev/-/google-protobuf@v3.21.2-YDUqZL2TTSsy2lGtfuND/dist=es2019,mode=imports/optimized/google-protobuf.js:4559:18)
    at Function.deserialize (file:///Users/thesayyn/Documents/thesayyn/protoc-gen-ts/target/debug/build/protoc_gen_ts-8cec2bec66276c47/out/test_conformance/test_messages_proto2.ts:223:53)
    at file:///Users/thesayyn/Documents/thesayyn/protoc-gen-ts/tests/conformance/bin/main.ts:30:78

  protobuf_test_messages.proto3.TestAllTypesProto3 1
  Error: Assertion failed
    at Object.jspb.asserts.doAssertFailure (https://cdn.skypack.dev/-/google-protobuf@v3.21.2-YDUqZL2TTSsy2lGtfuND/dist=es2019,mode=imports/optimized/google-protobuf.js:778:11)
    at Object.jspb.asserts.assert (https://cdn.skypack.dev/-/google-protobuf@v3.21.2-YDUqZL2TTSsy2lGtfuND/dist=es2019,mode=imports/optimized/google-protobuf.js:783:23)
    at jspb.BinaryDecoder.readUnsignedVarint32 (https://cdn.skypack.dev/-/google-protobuf@v3.21.2-YDUqZL2TTSsy2lGtfuND/dist=es2019,mode=imports/optimized/google-protobuf.js:4150:18)
    at jspb.BinaryDecoder.readSignedVarint32 (https://cdn.skypack.dev/-/google-protobuf@v3.21.2-YDUqZL2TTSsy2lGtfuND/dist=es2019,mode=imports/optimized/google-protobuf.js:4154:19)
    at jspb.BinaryReader.readInt32 (https://cdn.skypack.dev/-/google-protobuf@v3.21.2-YDUqZL2TTSsy2lGtfuND/dist=es2019,mode=imports/optimized/google-protobuf.js:4533:26)
    at Function.deserialize (file:///Users/thesayyn/Documents/thesayyn/protoc-gen-ts/target/debug/build/protoc_gen_ts-8cec2bec66276c47/out/test_conformance/test_messages_proto3.ts:172:49)
    at file:///Users/thesayyn/Documents/thesayyn/protoc-gen-ts/tests/conformance/bin/main.ts:23:78

  protobuf_test_messages.proto2.TestAllTypesProto2 1
  Error: Assertion failed
    at Object.jspb.asserts.doAssertFailure (https://cdn.skypack.dev/-/google-protobuf@v3.21.2-YDUqZL2TTSsy2lGtfuND/dist=es2019,mode=imports/optimized/google-protobuf.js:778:11)
    at Object.jspb.asserts.assert (https://cdn.skypack.dev/-/google-protobuf@v3.21.2-YDUqZL2TTSsy2lGtfuND/dist=es2019,mode=imports/optimized/google-protobuf.js:783:23)
    at jspb.BinaryDecoder.readUnsignedVarint32 (https://cdn.skypack.dev/-/google-protobuf@v3.21.2-YDUqZL2TTSsy2lGtfuND/dist=es2019,mode=imports/optimized/google-protobuf.js:4150:18)
    at jspb.BinaryDecoder.readSignedVarint32 (https://cdn.skypack.dev/-/google-protobuf@v3.21.2-YDUqZL2TTSsy2lGtfuND/dist=es2019,mode=imports/optimized/google-protobuf.js:4154:19)
    at jspb.BinaryReader.readInt32 (https://cdn.skypack.dev/-/google-protobuf@v3.21.2-YDUqZL2TTSsy2lGtfuND/dist=es2019,mode=imports/optimized/google-protobuf.js:4533:26)
    at Function.deserialize (file:///Users/thesayyn/Documents/thesayyn/protoc-gen-ts/target/debug/build/protoc_gen_ts-8cec2bec66276c47/out/test_conformance/test_messages_proto2.ts:148:49)
    at file:///Users/thesayyn/Documents/thesayyn/protoc-gen-ts/tests/conformance/bin/main.ts:30:78

  protobuf_test_messages.proto3.TestAllTypesProto3 1
  Error: Assertion failed
    at Object.jspb.asserts.doAssertFailure (https://cdn.skypack.dev/-/google-protobuf@v3.21.2-YDUqZL2TTSsy2lGtfuND/dist=es2019,mode=imports/optimized/google-protobuf.js:778:11)
    at Object.jspb.asserts.assert (https://cdn.skypack.dev/-/google-protobuf@v3.21.2-YDUqZL2TTSsy2lGtfuND/dist=es2019,mode=imports/optimized/google-protobuf.js:783:23)
    at jspb.BinaryDecoder.readUnsignedVarint32 (https://cdn.skypack.dev/-/google-protobuf@v3.21.2-YDUqZL2TTSsy2lGtfuND/dist=es2019,mode=imports/optimized/google-protobuf.js:4150:18)
    at jspb.BinaryDecoder.readSignedVarint32 (https://cdn.skypack.dev/-/google-protobuf@v3.21.2-YDUqZL2TTSsy2lGtfuND/dist=es2019,mode=imports/optimized/google-protobuf.js:4154:19)
    at jspb.BinaryReader.readInt32 (https://cdn.skypack.dev/-/google-protobuf@v3.21.2-YDUqZL2TTSsy2lGtfuND/dist=es2019,mode=imports/optimized/google-protobuf.js:4533:26)
    at Function.deserialize (file:///Users/thesayyn/Documents/thesayyn/protoc-gen-ts/target/debug/build/protoc_gen_ts-8cec2bec66276c47/out/test_conformance/test_messages_proto3.ts:242:57)
    at file:///Users/thesayyn/Documents/thesayyn/protoc-gen-ts/tests/conformance/bin/main.ts:23:78

  protobuf_test_messages.proto2.TestAllTypesProto2 1
  Error: Assertion failed
    at Object.jspb.asserts.doAssertFailure (https://cdn.skypack.dev/-/google-protobuf@v3.21.2-YDUqZL2TTSsy2lGtfuND/dist=es2019,mode=imports/optimized/google-protobuf.js:778:11)
    at Object.jspb.asserts.assert (https://cdn.skypack.dev/-/google-protobuf@v3.21.2-YDUqZL2TTSsy2lGtfuND/dist=es2019,mode=imports/optimized/google-protobuf.js:783:23)
    at jspb.BinaryDecoder.readUnsignedVarint32 (https://cdn.skypack.dev/-/google-protobuf@v3.21.2-YDUqZL2TTSsy2lGtfuND/dist=es2019,mode=imports/optimized/google-protobuf.js:4150:18)
    at jspb.BinaryDecoder.readSignedVarint32 (https://cdn.skypack.dev/-/google-protobuf@v3.21.2-YDUqZL2TTSsy2lGtfuND/dist=es2019,mode=imports/optimized/google-protobuf.js:4154:19)
    at jspb.BinaryReader.readInt32 (https://cdn.skypack.dev/-/google-protobuf@v3.21.2-YDUqZL2TTSsy2lGtfuND/dist=es2019,mode=imports/optimized/google-protobuf.js:4533:26)
    at Function.deserialize (file:///Users/thesayyn/Documents/thesayyn/protoc-gen-ts/target/debug/build/protoc_gen_ts-8cec2bec66276c47/out/test_conformance/test_messages_proto2.ts:214:52)
    at file:///Users/thesayyn/Documents/thesayyn/protoc-gen-ts/tests/conformance/bin/main.ts:30:78

  protobuf_test_messages.proto3.TestAllTypesProto3 1
  Error: Failure: Decoder hit an error
    at Object.jspb.asserts.fail (https://cdn.skypack.dev/-/google-protobuf@v3.21.2-YDUqZL2TTSsy2lGtfuND/dist=es2019,mode=imports/optimized/google-protobuf.js:801:11)
    at jspb.BinaryReader.nextField (https://cdn.skypack.dev/-/google-protobuf@v3.21.2-YDUqZL2TTSsy2lGtfuND/dist=es2019,mode=imports/optimized/google-protobuf.js:4374:27)
    at Function.deserialize (file:///Users/thesayyn/Documents/thesayyn/protoc-gen-ts/target/debug/build/protoc_gen_ts-8cec2bec66276c47/out/test_conformance/test_messages_proto3.ts:169:18)
    at file:///Users/thesayyn/Documents/thesayyn/protoc-gen-ts/tests/conformance/bin/main.ts:23:78

  protobuf_test_messages.proto2.TestAllTypesProto2 1
  Error: Failure: Decoder hit an error
    at Object.jspb.asserts.fail (https://cdn.skypack.dev/-/google-protobuf@v3.21.2-YDUqZL2TTSsy2lGtfuND/dist=es2019,mode=imports/optimized/google-protobuf.js:801:11)
    at jspb.BinaryReader.nextField (https://cdn.skypack.dev/-/google-protobuf@v3.21.2-YDUqZL2TTSsy2lGtfuND/dist=es2019,mode=imports/optimized/google-protobuf.js:4374:27)
    at Function.deserialize (file:///Users/thesayyn/Documents/thesayyn/protoc-gen-ts/target/debug/build/protoc_gen_ts-8cec2bec66276c47/out/test_conformance/test_messages_proto2.ts:145:18)
    at file:///Users/thesayyn/Documents/thesayyn/protoc-gen-ts/tests/conformance/bin/main.ts:30:78

  protobuf_test_messages.proto3.TestAllTypesProto3 1
  Error: Assertion failed
    at Object.jspb.asserts.doAssertFailure (https://cdn.skypack.dev/-/google-protobuf@v3.21.2-YDUqZL2TTSsy2lGtfuND/dist=es2019,mode=imports/optimized/google-protobuf.js:778:11)
    at Object.jspb.asserts.assert (https://cdn.skypack.dev/-/google-protobuf@v3.21.2-YDUqZL2TTSsy2lGtfuND/dist=es2019,mode=imports/optimized/google-protobuf.js:783:23)
    at jspb.BinaryDecoder.readUnsignedVarint32 (https://cdn.skypack.dev/-/google-protobuf@v3.21.2-YDUqZL2TTSsy2lGtfuND/dist=es2019,mode=imports/optimized/google-protobuf.js:4150:18)
    at jspb.BinaryDecoder.readSignedVarint32 (https://cdn.skypack.dev/-/google-protobuf@v3.21.2-YDUqZL2TTSsy2lGtfuND/dist=es2019,mode=imports/optimized/google-protobuf.js:4154:19)
    at jspb.BinaryReader.readInt32 (https://cdn.skypack.dev/-/google-protobuf@v3.21.2-YDUqZL2TTSsy2lGtfuND/dist=es2019,mode=imports/optimized/google-protobuf.js:4533:26)
    at Function.deserialize (file:///Users/thesayyn/Documents/thesayyn/protoc-gen-ts/target/debug/build/protoc_gen_ts-8cec2bec66276c47/out/test_conformance/test_messages_proto3.ts:172:49)
    at file:///Users/thesayyn/Documents/thesayyn/protoc-gen-ts/tests/conformance/bin/main.ts:23:78

  protobuf_test_messages.proto2.TestAllTypesProto2 1
  Error: Assertion failed
    at Object.jspb.asserts.doAssertFailure (https://cdn.skypack.dev/-/google-protobuf@v3.21.2-YDUqZL2TTSsy2lGtfuND/dist=es2019,mode=imports/optimized/google-protobuf.js:778:11)
    at Object.jspb.asserts.assert (https://cdn.skypack.dev/-/google-protobuf@v3.21.2-YDUqZL2TTSsy2lGtfuND/dist=es2019,mode=imports/optimized/google-protobuf.js:783:23)
    at jspb.BinaryDecoder.readUnsignedVarint32 (https://cdn.skypack.dev/-/google-protobuf@v3.21.2-YDUqZL2TTSsy2lGtfuND/dist=es2019,mode=imports/optimized/google-protobuf.js:4150:18)
    at jspb.BinaryDecoder.readSignedVarint32 (https://cdn.skypack.dev/-/google-protobuf@v3.21.2-YDUqZL2TTSsy2lGtfuND/dist=es2019,mode=imports/optimized/google-protobuf.js:4154:19)
    at jspb.BinaryReader.readInt32 (https://cdn.skypack.dev/-/google-protobuf@v3.21.2-YDUqZL2TTSsy2lGtfuND/dist=es2019,mode=imports/optimized/google-protobuf.js:4533:26)
    at Function.deserialize (file:///Users/thesayyn/Documents/thesayyn/protoc-gen-ts/target/debug/build/protoc_gen_ts-8cec2bec66276c47/out/test_conformance/test_messages_proto2.ts:148:49)
    at file:///Users/thesayyn/Documents/thesayyn/protoc-gen-ts/tests/conformance/bin/main.ts:30:78

  protobuf_test_messages.proto3.TestAllTypesProto3 1
  Error: Assertion failed
    at Object.jspb.asserts.doAssertFailure (https://cdn.skypack.dev/-/google-protobuf@v3.21.2-YDUqZL2TTSsy2lGtfuND/dist=es2019,mode=imports/optimized/google-protobuf.js:778:11)
    at Object.jspb.asserts.assert (https://cdn.skypack.dev/-/google-protobuf@v3.21.2-YDUqZL2TTSsy2lGtfuND/dist=es2019,mode=imports/optimized/google-protobuf.js:783:23)
    at jspb.BinaryDecoder.readUnsignedVarint32 (https://cdn.skypack.dev/-/google-protobuf@v3.21.2-YDUqZL2TTSsy2lGtfuND/dist=es2019,mode=imports/optimized/google-protobuf.js:4150:18)
    at jspb.BinaryDecoder.readSignedVarint32 (https://cdn.skypack.dev/-/google-protobuf@v3.21.2-YDUqZL2TTSsy2lGtfuND/dist=es2019,mode=imports/optimized/google-protobuf.js:4154:19)
    at jspb.BinaryReader.readInt32 (https://cdn.skypack.dev/-/google-protobuf@v3.21.2-YDUqZL2TTSsy2lGtfuND/dist=es2019,mode=imports/optimized/google-protobuf.js:4533:26)
    at Function.deserialize (file:///Users/thesayyn/Documents/thesayyn/protoc-gen-ts/target/debug/build/protoc_gen_ts-8cec2bec66276c47/out/test_conformance/test_messages_proto3.ts:242:57)
    at file:///Users/thesayyn/Documents/thesayyn/protoc-gen-ts/tests/conformance/bin/main.ts:23:78

  protobuf_test_messages.proto2.TestAllTypesProto2 1
  Error: Assertion failed
    at Object.jspb.asserts.doAssertFailure (https://cdn.skypack.dev/-/google-protobuf@v3.21.2-YDUqZL2TTSsy2lGtfuND/dist=es2019,mode=imports/optimized/google-protobuf.js:778:11)
    at Object.jspb.asserts.assert (https://cdn.skypack.dev/-/google-protobuf@v3.21.2-YDUqZL2TTSsy2lGtfuND/dist=es2019,mode=imports/optimized/google-protobuf.js:783:23)
    at jspb.BinaryDecoder.readUnsignedVarint32 (https://cdn.skypack.dev/-/google-protobuf@v3.21.2-YDUqZL2TTSsy2lGtfuND/dist=es2019,mode=imports/optimized/google-protobuf.js:4150:18)
    at jspb.BinaryDecoder.readSignedVarint32 (https://cdn.skypack.dev/-/google-protobuf@v3.21.2-YDUqZL2TTSsy2lGtfuND/dist=es2019,mode=imports/optimized/google-protobuf.js:4154:19)
    at jspb.BinaryReader.readInt32 (https://cdn.skypack.dev/-/google-protobuf@v3.21.2-YDUqZL2TTSsy2lGtfuND/dist=es2019,mode=imports/optimized/google-protobuf.js:4533:26)
    at Function.deserialize (file:///Users/thesayyn/Documents/thesayyn/protoc-gen-ts/target/debug/build/protoc_gen_ts-8cec2bec66276c47/out/test_conformance/test_messages_proto2.ts:214:52)
    at file:///Users/thesayyn/Documents/thesayyn/protoc-gen-ts/tests/conformance/bin/main.ts:30:78

  protobuf_test_messages.proto3.TestAllTypesProto3 1
  Error: Failure: Decoder hit an error
    at Object.jspb.asserts.fail (https://cdn.skypack.dev/-/google-protobuf@v3.21.2-YDUqZL2TTSsy2lGtfuND/dist=es2019,mode=imports/optimized/google-protobuf.js:801:11)
    at jspb.BinaryReader.nextField (https://cdn.skypack.dev/-/google-protobuf@v3.21.2-YDUqZL2TTSsy2lGtfuND/dist=es2019,mode=imports/optimized/google-protobuf.js:4374:27)
    at Function.deserialize (file:///Users/thesayyn/Documents/thesayyn/protoc-gen-ts/target/debug/build/protoc_gen_ts-8cec2bec66276c47/out/test_conformance/test_messages_proto3.ts:169:18)
    at file:///Users/thesayyn/Documents/thesayyn/protoc-gen-ts/tests/conformance/bin/main.ts:23:78

  protobuf_test_messages.proto2.TestAllTypesProto2 1
  Error: Failure: Decoder hit an error
    at Object.jspb.asserts.fail (https://cdn.skypack.dev/-/google-protobuf@v3.21.2-YDUqZL2TTSsy2lGtfuND/dist=es2019,mode=imports/optimized/google-protobuf.js:801:11)
    at jspb.BinaryReader.nextField (https://cdn.skypack.dev/-/google-protobuf@v3.21.2-YDUqZL2TTSsy2lGtfuND/dist=es2019,mode=imports/optimized/google-protobuf.js:4374:27)
    at Function.deserialize (file:///Users/thesayyn/Documents/thesayyn/protoc-gen-ts/target/debug/build/protoc_gen_ts-8cec2bec66276c47/out/test_conformance/test_messages_proto2.ts:145:18)
    at file:///Users/thesayyn/Documents/thesayyn/protoc-gen-ts/tests/conformance/bin/main.ts:30:78

  protobuf_test_messages.proto3.TestAllTypesProto3 1
  Error: Assertion failed
    at Object.jspb.asserts.doAssertFailure (https://cdn.skypack.dev/-/google-protobuf@v3.21.2-YDUqZL2TTSsy2lGtfuND/dist=es2019,mode=imports/optimized/google-protobuf.js:778:11)
    at Object.jspb.asserts.assert (https://cdn.skypack.dev/-/google-protobuf@v3.21.2-YDUqZL2TTSsy2lGtfuND/dist=es2019,mode=imports/optimized/google-protobuf.js:783:23)
    at jspb.BinaryDecoder.readUnsignedVarint32 (https://cdn.skypack.dev/-/google-protobuf@v3.21.2-YDUqZL2TTSsy2lGtfuND/dist=es2019,mode=imports/optimized/google-protobuf.js:4150:18)
    at jspb.BinaryDecoder.readSignedVarint32 (https://cdn.skypack.dev/-/google-protobuf@v3.21.2-YDUqZL2TTSsy2lGtfuND/dist=es2019,mode=imports/optimized/google-protobuf.js:4154:19)
    at jspb.BinaryReader.readPackedField_ (https://cdn.skypack.dev/-/google-protobuf@v3.21.2-YDUqZL2TTSsy2lGtfuND/dist=es2019,mode=imports/optimized/google-protobuf.js:4676:16)
    at jspb.BinaryReader.readPackedInt32 (https://cdn.skypack.dev/-/google-protobuf@v3.21.2-YDUqZL2TTSsy2lGtfuND/dist=es2019,mode=imports/optimized/google-protobuf.js:4680:17)
    at Function.deserialize (file:///Users/thesayyn/Documents/thesayyn/protoc-gen-ts/target/debug/build/protoc_gen_ts-8cec2bec66276c47/out/test_conformance/test_messages_proto3.ts:241:77)
    at file:///Users/thesayyn/Documents/thesayyn/protoc-gen-ts/tests/conformance/bin/main.ts:23:78

  protobuf_test_messages.proto2.TestAllTypesProto2 1
  Error: Assertion failed
    at Object.jspb.asserts.doAssertFailure (https://cdn.skypack.dev/-/google-protobuf@v3.21.2-YDUqZL2TTSsy2lGtfuND/dist=es2019,mode=imports/optimized/google-protobuf.js:778:11)
    at Object.jspb.asserts.assert (https://cdn.skypack.dev/-/google-protobuf@v3.21.2-YDUqZL2TTSsy2lGtfuND/dist=es2019,mode=imports/optimized/google-protobuf.js:783:23)
    at jspb.BinaryReader.readInt32 (https://cdn.skypack.dev/-/google-protobuf@v3.21.2-YDUqZL2TTSsy2lGtfuND/dist=es2019,mode=imports/optimized/google-protobuf.js:4532:18)
    at Function.deserialize (file:///Users/thesayyn/Documents/thesayyn/protoc-gen-ts/target/debug/build/protoc_gen_ts-8cec2bec66276c47/out/test_conformance/test_messages_proto2.ts:214:52)
    at file:///Users/thesayyn/Documents/thesayyn/protoc-gen-ts/tests/conformance/bin/main.ts:30:78

  protobuf_test_messages.proto3.TestAllTypesProto3 1
  Error: Assertion failed
    at Object.jspb.asserts.doAssertFailure (https://cdn.skypack.dev/-/google-protobuf@v3.21.2-YDUqZL2TTSsy2lGtfuND/dist=es2019,mode=imports/optimized/google-protobuf.js:778:11)
    at Object.jspb.asserts.assert (https://cdn.skypack.dev/-/google-protobuf@v3.21.2-YDUqZL2TTSsy2lGtfuND/dist=es2019,mode=imports/optimized/google-protobuf.js:783:23)
    at jspb.BinaryDecoder.readUnsignedVarint32 (https://cdn.skypack.dev/-/google-protobuf@v3.21.2-YDUqZL2TTSsy2lGtfuND/dist=es2019,mode=imports/optimized/google-protobuf.js:4150:18)
    at jspb.BinaryDecoder.readSignedVarint32 (https://cdn.skypack.dev/-/google-protobuf@v3.21.2-YDUqZL2TTSsy2lGtfuND/dist=es2019,mode=imports/optimized/google-protobuf.js:4154:19)
    at jspb.BinaryReader.readPackedField_ (https://cdn.skypack.dev/-/google-protobuf@v3.21.2-YDUqZL2TTSsy2lGtfuND/dist=es2019,mode=imports/optimized/google-protobuf.js:4676:16)
    at jspb.BinaryReader.readPackedInt32 (https://cdn.skypack.dev/-/google-protobuf@v3.21.2-YDUqZL2TTSsy2lGtfuND/dist=es2019,mode=imports/optimized/google-protobuf.js:4680:17)
    at Function.deserialize (file:///Users/thesayyn/Documents/thesayyn/protoc-gen-ts/target/debug/build/protoc_gen_ts-8cec2bec66276c47/out/test_conformance/test_messages_proto3.ts:241:77)
    at file:///Users/thesayyn/Documents/thesayyn/protoc-gen-ts/tests/conformance/bin/main.ts:23:78

  protobuf_test_messages.proto2.TestAllTypesProto2 1
  Error: Assertion failed
    at Object.jspb.asserts.doAssertFailure (https://cdn.skypack.dev/-/google-protobuf@v3.21.2-YDUqZL2TTSsy2lGtfuND/dist=es2019,mode=imports/optimized/google-protobuf.js:778:11)
    at Object.jspb.asserts.assert (https://cdn.skypack.dev/-/google-protobuf@v3.21.2-YDUqZL2TTSsy2lGtfuND/dist=es2019,mode=imports/optimized/google-protobuf.js:783:23)
    at jspb.BinaryReader.readInt32 (https://cdn.skypack.dev/-/google-protobuf@v3.21.2-YDUqZL2TTSsy2lGtfuND/dist=es2019,mode=imports/optimized/google-protobuf.js:4532:18)
    at Function.deserialize (file:///Users/thesayyn/Documents/thesayyn/protoc-gen-ts/target/debug/build/protoc_gen_ts-8cec2bec66276c47/out/test_conformance/test_messages_proto2.ts:214:52)
    at file:///Users/thesayyn/Documents/thesayyn/protoc-gen-ts/tests/conformance/bin/main.ts:30:78

  protobuf_test_messages.proto3.TestAllTypesProto3 1
  Error: Assertion failed
    at Object.jspb.asserts.doAssertFailure (https://cdn.skypack.dev/-/google-protobuf@v3.21.2-YDUqZL2TTSsy2lGtfuND/dist=es2019,mode=imports/optimized/google-protobuf.js:778:11)
    at Object.jspb.asserts.assert (https://cdn.skypack.dev/-/google-protobuf@v3.21.2-YDUqZL2TTSsy2lGtfuND/dist=es2019,mode=imports/optimized/google-protobuf.js:783:23)
    at jspb.BinaryDecoder.readUint32 (https://cdn.skypack.dev/-/google-protobuf@v3.21.2-YDUqZL2TTSsy2lGtfuND/dist=es2019,mode=imports/optimized/google-protobuf.js:4202:18)
    at jspb.BinaryDecoder.readUint64 (https://cdn.skypack.dev/-/google-protobuf@v3.21.2-YDUqZL2TTSsy2lGtfuND/dist=es2019,mode=imports/optimized/google-protobuf.js:4206:18)
    at jspb.BinaryReader.readFixed64 (https://cdn.skypack.dev/-/google-protobuf@v3.21.2-YDUqZL2TTSsy2lGtfuND/dist=es2019,mode=imports/optimized/google-protobuf.js:4588:26)
    at Function.deserialize (file:///Users/thesayyn/Documents/thesayyn/protoc-gen-ts/target/debug/build/protoc_gen_ts-8cec2bec66276c47/out/test_conformance/test_messages_proto3.ts:193:51)
    at file:///Users/thesayyn/Documents/thesayyn/protoc-gen-ts/tests/conformance/bin/main.ts:23:78

  protobuf_test_messages.proto2.TestAllTypesProto2 1
  Error: Assertion failed
    at Object.jspb.asserts.doAssertFailure (https://cdn.skypack.dev/-/google-protobuf@v3.21.2-YDUqZL2TTSsy2lGtfuND/dist=es2019,mode=imports/optimized/google-protobuf.js:778:11)
    at Object.jspb.asserts.assert (https://cdn.skypack.dev/-/google-protobuf@v3.21.2-YDUqZL2TTSsy2lGtfuND/dist=es2019,mode=imports/optimized/google-protobuf.js:783:23)
    at jspb.BinaryDecoder.readUint32 (https://cdn.skypack.dev/-/google-protobuf@v3.21.2-YDUqZL2TTSsy2lGtfuND/dist=es2019,mode=imports/optimized/google-protobuf.js:4202:18)
    at jspb.BinaryDecoder.readUint64 (https://cdn.skypack.dev/-/google-protobuf@v3.21.2-YDUqZL2TTSsy2lGtfuND/dist=es2019,mode=imports/optimized/google-protobuf.js:4206:18)
    at jspb.BinaryReader.readFixed64 (https://cdn.skypack.dev/-/google-protobuf@v3.21.2-YDUqZL2TTSsy2lGtfuND/dist=es2019,mode=imports/optimized/google-protobuf.js:4588:26)
    at Function.deserialize (file:///Users/thesayyn/Documents/thesayyn/protoc-gen-ts/target/debug/build/protoc_gen_ts-8cec2bec66276c47/out/test_conformance/test_messages_proto2.ts:169:51)
    at file:///Users/thesayyn/Documents/thesayyn/protoc-gen-ts/tests/conformance/bin/main.ts:30:78

  protobuf_test_messages.proto3.TestAllTypesProto3 1
  Error: Assertion failed
    at Object.jspb.asserts.doAssertFailure (https://cdn.skypack.dev/-/google-protobuf@v3.21.2-YDUqZL2TTSsy2lGtfuND/dist=es2019,mode=imports/optimized/google-protobuf.js:778:11)
    at Object.jspb.asserts.assert (https://cdn.skypack.dev/-/google-protobuf@v3.21.2-YDUqZL2TTSsy2lGtfuND/dist=es2019,mode=imports/optimized/google-protobuf.js:783:23)
    at jspb.BinaryDecoder.readUint32 (https://cdn.skypack.dev/-/google-protobuf@v3.21.2-YDUqZL2TTSsy2lGtfuND/dist=es2019,mode=imports/optimized/google-protobuf.js:4202:18)
    at jspb.BinaryDecoder.readUint64 (https://cdn.skypack.dev/-/google-protobuf@v3.21.2-YDUqZL2TTSsy2lGtfuND/dist=es2019,mode=imports/optimized/google-protobuf.js:4206:18)
    at jspb.BinaryReader.readFixed64 (https://cdn.skypack.dev/-/google-protobuf@v3.21.2-YDUqZL2TTSsy2lGtfuND/dist=es2019,mode=imports/optimized/google-protobuf.js:4588:26)
    at Function.deserialize (file:///Users/thesayyn/Documents/thesayyn/protoc-gen-ts/target/debug/build/protoc_gen_ts-8cec2bec66276c47/out/test_conformance/test_messages_proto3.ts:270:59)
    at file:///Users/thesayyn/Documents/thesayyn/protoc-gen-ts/tests/conformance/bin/main.ts:23:78

  protobuf_test_messages.proto2.TestAllTypesProto2 1
  Error: Assertion failed
    at Object.jspb.asserts.doAssertFailure (https://cdn.skypack.dev/-/google-protobuf@v3.21.2-YDUqZL2TTSsy2lGtfuND/dist=es2019,mode=imports/optimized/google-protobuf.js:778:11)
    at Object.jspb.asserts.assert (https://cdn.skypack.dev/-/google-protobuf@v3.21.2-YDUqZL2TTSsy2lGtfuND/dist=es2019,mode=imports/optimized/google-protobuf.js:783:23)
    at jspb.BinaryDecoder.readUint32 (https://cdn.skypack.dev/-/google-protobuf@v3.21.2-YDUqZL2TTSsy2lGtfuND/dist=es2019,mode=imports/optimized/google-protobuf.js:4202:18)
    at jspb.BinaryDecoder.readUint64 (https://cdn.skypack.dev/-/google-protobuf@v3.21.2-YDUqZL2TTSsy2lGtfuND/dist=es2019,mode=imports/optimized/google-protobuf.js:4206:18)
    at jspb.BinaryReader.readFixed64 (https://cdn.skypack.dev/-/google-protobuf@v3.21.2-YDUqZL2TTSsy2lGtfuND/dist=es2019,mode=imports/optimized/google-protobuf.js:4588:26)
    at Function.deserialize (file:///Users/thesayyn/Documents/thesayyn/protoc-gen-ts/target/debug/build/protoc_gen_ts-8cec2bec66276c47/out/test_conformance/test_messages_proto2.ts:235:54)
    at file:///Users/thesayyn/Documents/thesayyn/protoc-gen-ts/tests/conformance/bin/main.ts:30:78

  protobuf_test_messages.proto3.TestAllTypesProto3 1
  Error: Assertion failed
    at Object.jspb.asserts.doAssertFailure (https://cdn.skypack.dev/-/google-protobuf@v3.21.2-YDUqZL2TTSsy2lGtfuND/dist=es2019,mode=imports/optimized/google-protobuf.js:778:11)
    at Object.jspb.asserts.assert (https://cdn.skypack.dev/-/google-protobuf@v3.21.2-YDUqZL2TTSsy2lGtfuND/dist=es2019,mode=imports/optimized/google-protobuf.js:783:23)
    at jspb.BinaryDecoder.advance (https://cdn.skypack.dev/-/google-protobuf@v3.21.2-YDUqZL2TTSsy2lGtfuND/dist=es2019,mode=imports/optimized/google-protobuf.js:4081:18)
    at jspb.BinaryReader.skipFixed64Field (https://cdn.skypack.dev/-/google-protobuf@v3.21.2-YDUqZL2TTSsy2lGtfuND/dist=es2019,mode=imports/optimized/google-protobuf.js:4409:163)
    at jspb.BinaryReader.skipField (https://cdn.skypack.dev/-/google-protobuf@v3.21.2-YDUqZL2TTSsy2lGtfuND/dist=es2019,mode=imports/optimized/google-protobuf.js:4432:14)
    at Function.deserialize (file:///Users/thesayyn/Documents/thesayyn/protoc-gen-ts/target/debug/build/protoc_gen_ts-8cec2bec66276c47/out/test_conformance/test_messages_proto3.ts:958:24)
    at file:///Users/thesayyn/Documents/thesayyn/protoc-gen-ts/tests/conformance/bin/main.ts:23:78

  protobuf_test_messages.proto2.TestAllTypesProto2 1
  Error: Assertion failed
    at Object.jspb.asserts.doAssertFailure (https://cdn.skypack.dev/-/google-protobuf@v3.21.2-YDUqZL2TTSsy2lGtfuND/dist=es2019,mode=imports/optimized/google-protobuf.js:778:11)
    at Object.jspb.asserts.assert (https://cdn.skypack.dev/-/google-protobuf@v3.21.2-YDUqZL2TTSsy2lGtfuND/dist=es2019,mode=imports/optimized/google-protobuf.js:783:23)
    at jspb.BinaryDecoder.advance (https://cdn.skypack.dev/-/google-protobuf@v3.21.2-YDUqZL2TTSsy2lGtfuND/dist=es2019,mode=imports/optimized/google-protobuf.js:4081:18)
    at jspb.BinaryReader.skipFixed64Field (https://cdn.skypack.dev/-/google-protobuf@v3.21.2-YDUqZL2TTSsy2lGtfuND/dist=es2019,mode=imports/optimized/google-protobuf.js:4409:163)
    at jspb.BinaryReader.skipField (https://cdn.skypack.dev/-/google-protobuf@v3.21.2-YDUqZL2TTSsy2lGtfuND/dist=es2019,mode=imports/optimized/google-protobuf.js:4432:14)
    at Function.deserialize (file:///Users/thesayyn/Documents/thesayyn/protoc-gen-ts/target/debug/build/protoc_gen_ts-8cec2bec66276c47/out/test_conformance/test_messages_proto2.ts:865:24)
    at file:///Users/thesayyn/Documents/thesayyn/protoc-gen-ts/tests/conformance/bin/main.ts:30:78

  protobuf_test_messages.proto3.TestAllTypesProto3 1
  Error: Assertion failed
    at Object.jspb.asserts.doAssertFailure (https://cdn.skypack.dev/-/google-protobuf@v3.21.2-YDUqZL2TTSsy2lGtfuND/dist=es2019,mode=imports/optimized/google-protobuf.js:778:11)
    at Object.jspb.asserts.assert (https://cdn.skypack.dev/-/google-protobuf@v3.21.2-YDUqZL2TTSsy2lGtfuND/dist=es2019,mode=imports/optimized/google-protobuf.js:783:23)
    at jspb.BinaryDecoder.readUint32 (https://cdn.skypack.dev/-/google-protobuf@v3.21.2-YDUqZL2TTSsy2lGtfuND/dist=es2019,mode=imports/optimized/google-protobuf.js:4202:18)
    at jspb.BinaryDecoder.readUint64 (https://cdn.skypack.dev/-/google-protobuf@v3.21.2-YDUqZL2TTSsy2lGtfuND/dist=es2019,mode=imports/optimized/google-protobuf.js:4206:41)
    at jspb.BinaryReader.readFixed64 (https://cdn.skypack.dev/-/google-protobuf@v3.21.2-YDUqZL2TTSsy2lGtfuND/dist=es2019,mode=imports/optimized/google-protobuf.js:4588:26)
    at Function.deserialize (file:///Users/thesayyn/Documents/thesayyn/protoc-gen-ts/target/debug/build/protoc_gen_ts-8cec2bec66276c47/out/test_conformance/test_messages_proto3.ts:193:51)
    at file:///Users/thesayyn/Documents/thesayyn/protoc-gen-ts/tests/conformance/bin/main.ts:23:78

  protobuf_test_messages.proto2.TestAllTypesProto2 1
  Error: Assertion failed
    at Object.jspb.asserts.doAssertFailure (https://cdn.skypack.dev/-/google-protobuf@v3.21.2-YDUqZL2TTSsy2lGtfuND/dist=es2019,mode=imports/optimized/google-protobuf.js:778:11)
    at Object.jspb.asserts.assert (https://cdn.skypack.dev/-/google-protobuf@v3.21.2-YDUqZL2TTSsy2lGtfuND/dist=es2019,mode=imports/optimized/google-protobuf.js:783:23)
    at jspb.BinaryDecoder.readUint32 (https://cdn.skypack.dev/-/google-protobuf@v3.21.2-YDUqZL2TTSsy2lGtfuND/dist=es2019,mode=imports/optimized/google-protobuf.js:4202:18)
    at jspb.BinaryDecoder.readUint64 (https://cdn.skypack.dev/-/google-protobuf@v3.21.2-YDUqZL2TTSsy2lGtfuND/dist=es2019,mode=imports/optimized/google-protobuf.js:4206:41)
    at jspb.BinaryReader.readFixed64 (https://cdn.skypack.dev/-/google-protobuf@v3.21.2-YDUqZL2TTSsy2lGtfuND/dist=es2019,mode=imports/optimized/google-protobuf.js:4588:26)
    at Function.deserialize (file:///Users/thesayyn/Documents/thesayyn/protoc-gen-ts/target/debug/build/protoc_gen_ts-8cec2bec66276c47/out/test_conformance/test_messages_proto2.ts:169:51)
    at file:///Users/thesayyn/Documents/thesayyn/protoc-gen-ts/tests/conformance/bin/main.ts:30:78

  protobuf_test_messages.proto3.TestAllTypesProto3 1
  Error: Assertion failed
    at Object.jspb.asserts.doAssertFailure (https://cdn.skypack.dev/-/google-protobuf@v3.21.2-YDUqZL2TTSsy2lGtfuND/dist=es2019,mode=imports/optimized/google-protobuf.js:778:11)
    at Object.jspb.asserts.assert (https://cdn.skypack.dev/-/google-protobuf@v3.21.2-YDUqZL2TTSsy2lGtfuND/dist=es2019,mode=imports/optimized/google-protobuf.js:783:23)
    at jspb.BinaryDecoder.readUint32 (https://cdn.skypack.dev/-/google-protobuf@v3.21.2-YDUqZL2TTSsy2lGtfuND/dist=es2019,mode=imports/optimized/google-protobuf.js:4202:18)
    at jspb.BinaryDecoder.readUint64 (https://cdn.skypack.dev/-/google-protobuf@v3.21.2-YDUqZL2TTSsy2lGtfuND/dist=es2019,mode=imports/optimized/google-protobuf.js:4206:41)
    at jspb.BinaryReader.readFixed64 (https://cdn.skypack.dev/-/google-protobuf@v3.21.2-YDUqZL2TTSsy2lGtfuND/dist=es2019,mode=imports/optimized/google-protobuf.js:4588:26)
    at Function.deserialize (file:///Users/thesayyn/Documents/thesayyn/protoc-gen-ts/target/debug/build/protoc_gen_ts-8cec2bec66276c47/out/test_conformance/test_messages_proto3.ts:270:59)
    at file:///Users/thesayyn/Documents/thesayyn/protoc-gen-ts/tests/conformance/bin/main.ts:23:78

  protobuf_test_messages.proto2.TestAllTypesProto2 1
  Error: Assertion failed
    at Object.jspb.asserts.doAssertFailure (https://cdn.skypack.dev/-/google-protobuf@v3.21.2-YDUqZL2TTSsy2lGtfuND/dist=es2019,mode=imports/optimized/google-protobuf.js:778:11)
    at Object.jspb.asserts.assert (https://cdn.skypack.dev/-/google-protobuf@v3.21.2-YDUqZL2TTSsy2lGtfuND/dist=es2019,mode=imports/optimized/google-protobuf.js:783:23)
    at jspb.BinaryDecoder.readUint32 (https://cdn.skypack.dev/-/google-protobuf@v3.21.2-YDUqZL2TTSsy2lGtfuND/dist=es2019,mode=imports/optimized/google-protobuf.js:4202:18)
    at jspb.BinaryDecoder.readUint64 (https://cdn.skypack.dev/-/google-protobuf@v3.21.2-YDUqZL2TTSsy2lGtfuND/dist=es2019,mode=imports/optimized/google-protobuf.js:4206:41)
    at jspb.BinaryReader.readFixed64 (https://cdn.skypack.dev/-/google-protobuf@v3.21.2-YDUqZL2TTSsy2lGtfuND/dist=es2019,mode=imports/optimized/google-protobuf.js:4588:26)
    at Function.deserialize (file:///Users/thesayyn/Documents/thesayyn/protoc-gen-ts/target/debug/build/protoc_gen_ts-8cec2bec66276c47/out/test_conformance/test_messages_proto2.ts:235:54)
    at file:///Users/thesayyn/Documents/thesayyn/protoc-gen-ts/tests/conformance/bin/main.ts:30:78

  protobuf_test_messages.proto3.TestAllTypesProto3 1
  Error: Assertion failed
    at Object.jspb.asserts.doAssertFailure (https://cdn.skypack.dev/-/google-protobuf@v3.21.2-YDUqZL2TTSsy2lGtfuND/dist=es2019,mode=imports/optimized/google-protobuf.js:778:11)
    at Object.jspb.asserts.assert (https://cdn.skypack.dev/-/google-protobuf@v3.21.2-YDUqZL2TTSsy2lGtfuND/dist=es2019,mode=imports/optimized/google-protobuf.js:783:23)
    at jspb.BinaryDecoder.advance (https://cdn.skypack.dev/-/google-protobuf@v3.21.2-YDUqZL2TTSsy2lGtfuND/dist=es2019,mode=imports/optimized/google-protobuf.js:4081:18)
    at jspb.BinaryReader.skipFixed64Field (https://cdn.skypack.dev/-/google-protobuf@v3.21.2-YDUqZL2TTSsy2lGtfuND/dist=es2019,mode=imports/optimized/google-protobuf.js:4409:163)
    at jspb.BinaryReader.skipField (https://cdn.skypack.dev/-/google-protobuf@v3.21.2-YDUqZL2TTSsy2lGtfuND/dist=es2019,mode=imports/optimized/google-protobuf.js:4432:14)
    at Function.deserialize (file:///Users/thesayyn/Documents/thesayyn/protoc-gen-ts/target/debug/build/protoc_gen_ts-8cec2bec66276c47/out/test_conformance/test_messages_proto3.ts:958:24)
    at file:///Users/thesayyn/Documents/thesayyn/protoc-gen-ts/tests/conformance/bin/main.ts:23:78

  protobuf_test_messages.proto2.TestAllTypesProto2 1
  Error: Assertion failed
    at Object.jspb.asserts.doAssertFailure (https://cdn.skypack.dev/-/google-protobuf@v3.21.2-YDUqZL2TTSsy2lGtfuND/dist=es2019,mode=imports/optimized/google-protobuf.js:778:11)
    at Object.jspb.asserts.assert (https://cdn.skypack.dev/-/google-protobuf@v3.21.2-YDUqZL2TTSsy2lGtfuND/dist=es2019,mode=imports/optimized/google-protobuf.js:783:23)
    at jspb.BinaryDecoder.advance (https://cdn.skypack.dev/-/google-protobuf@v3.21.2-YDUqZL2TTSsy2lGtfuND/dist=es2019,mode=imports/optimized/google-protobuf.js:4081:18)
    at jspb.BinaryReader.skipFixed64Field (https://cdn.skypack.dev/-/google-protobuf@v3.21.2-YDUqZL2TTSsy2lGtfuND/dist=es2019,mode=imports/optimized/google-protobuf.js:4409:163)
    at jspb.BinaryReader.skipField (https://cdn.skypack.dev/-/google-protobuf@v3.21.2-YDUqZL2TTSsy2lGtfuND/dist=es2019,mode=imports/optimized/google-protobuf.js:4432:14)
    at Function.deserialize (file:///Users/thesayyn/Documents/thesayyn/protoc-gen-ts/target/debug/build/protoc_gen_ts-8cec2bec66276c47/out/test_conformance/test_messages_proto2.ts:865:24)
    at file:///Users/thesayyn/Documents/thesayyn/protoc-gen-ts/tests/conformance/bin/main.ts:30:78

  protobuf_test_messages.proto3.TestAllTypesProto3 1
  Error: Assertion failed
    at Object.jspb.asserts.doAssertFailure (https://cdn.skypack.dev/-/google-protobuf@v3.21.2-YDUqZL2TTSsy2lGtfuND/dist=es2019,mode=imports/optimized/google-protobuf.js:778:11)
    at Object.jspb.asserts.assert (https://cdn.skypack.dev/-/google-protobuf@v3.21.2-YDUqZL2TTSsy2lGtfuND/dist=es2019,mode=imports/optimized/google-protobuf.js:783:23)
    at jspb.BinaryDecoder.readUint32 (https://cdn.skypack.dev/-/google-protobuf@v3.21.2-YDUqZL2TTSsy2lGtfuND/dist=es2019,mode=imports/optimized/google-protobuf.js:4202:18)
    at jspb.BinaryDecoder.readUint64 (https://cdn.skypack.dev/-/google-protobuf@v3.21.2-YDUqZL2TTSsy2lGtfuND/dist=es2019,mode=imports/optimized/google-protobuf.js:4206:41)
    at jspb.BinaryReader.readPackedField_ (https://cdn.skypack.dev/-/google-protobuf@v3.21.2-YDUqZL2TTSsy2lGtfuND/dist=es2019,mode=imports/optimized/google-protobuf.js:4676:16)
    at jspb.BinaryReader.readPackedFixed64 (https://cdn.skypack.dev/-/google-protobuf@v3.21.2-YDUqZL2TTSsy2lGtfuND/dist=es2019,mode=imports/optimized/google-protobuf.js:4723:17)
    at Function.deserialize (file:///Users/thesayyn/Documents/thesayyn/protoc-gen-ts/target/debug/build/protoc_gen_ts-8cec2bec66276c47/out/test_conformance/test_messages_proto3.ts:269:79)
    at file:///Users/thesayyn/Documents/thesayyn/protoc-gen-ts/tests/conformance/bin/main.ts:23:78

  protobuf_test_messages.proto2.TestAllTypesProto2 1
  Error: Assertion failed
    at Object.jspb.asserts.doAssertFailure (https://cdn.skypack.dev/-/google-protobuf@v3.21.2-YDUqZL2TTSsy2lGtfuND/dist=es2019,mode=imports/optimized/google-protobuf.js:778:11)
    at Object.jspb.asserts.assert (https://cdn.skypack.dev/-/google-protobuf@v3.21.2-YDUqZL2TTSsy2lGtfuND/dist=es2019,mode=imports/optimized/google-protobuf.js:783:23)
    at jspb.BinaryReader.readFixed64 (https://cdn.skypack.dev/-/google-protobuf@v3.21.2-YDUqZL2TTSsy2lGtfuND/dist=es2019,mode=imports/optimized/google-protobuf.js:4587:18)
    at Function.deserialize (file:///Users/thesayyn/Documents/thesayyn/protoc-gen-ts/target/debug/build/protoc_gen_ts-8cec2bec66276c47/out/test_conformance/test_messages_proto2.ts:235:54)
    at file:///Users/thesayyn/Documents/thesayyn/protoc-gen-ts/tests/conformance/bin/main.ts:30:78

  protobuf_test_messages.proto3.TestAllTypesProto3 1
  Error: Assertion failed
    at Object.jspb.asserts.doAssertFailure (https://cdn.skypack.dev/-/google-protobuf@v3.21.2-YDUqZL2TTSsy2lGtfuND/dist=es2019,mode=imports/optimized/google-protobuf.js:778:11)
    at Object.jspb.asserts.assert (https://cdn.skypack.dev/-/google-protobuf@v3.21.2-YDUqZL2TTSsy2lGtfuND/dist=es2019,mode=imports/optimized/google-protobuf.js:783:23)
    at jspb.BinaryDecoder.readUint32 (https://cdn.skypack.dev/-/google-protobuf@v3.21.2-YDUqZL2TTSsy2lGtfuND/dist=es2019,mode=imports/optimized/google-protobuf.js:4202:18)
    at jspb.BinaryDecoder.readUint64 (https://cdn.skypack.dev/-/google-protobuf@v3.21.2-YDUqZL2TTSsy2lGtfuND/dist=es2019,mode=imports/optimized/google-protobuf.js:4206:18)
    at jspb.BinaryReader.readPackedField_ (https://cdn.skypack.dev/-/google-protobuf@v3.21.2-YDUqZL2TTSsy2lGtfuND/dist=es2019,mode=imports/optimized/google-protobuf.js:4676:16)
    at jspb.BinaryReader.readPackedFixed64 (https://cdn.skypack.dev/-/google-protobuf@v3.21.2-YDUqZL2TTSsy2lGtfuND/dist=es2019,mode=imports/optimized/google-protobuf.js:4723:17)
    at Function.deserialize (file:///Users/thesayyn/Documents/thesayyn/protoc-gen-ts/target/debug/build/protoc_gen_ts-8cec2bec66276c47/out/test_conformance/test_messages_proto3.ts:269:79)
    at file:///Users/thesayyn/Documents/thesayyn/protoc-gen-ts/tests/conformance/bin/main.ts:23:78

  protobuf_test_messages.proto2.TestAllTypesProto2 1
  Error: Assertion failed
    at Object.jspb.asserts.doAssertFailure (https://cdn.skypack.dev/-/google-protobuf@v3.21.2-YDUqZL2TTSsy2lGtfuND/dist=es2019,mode=imports/optimized/google-protobuf.js:778:11)
    at Object.jspb.asserts.assert (https://cdn.skypack.dev/-/google-protobuf@v3.21.2-YDUqZL2TTSsy2lGtfuND/dist=es2019,mode=imports/optimized/google-protobuf.js:783:23)
    at jspb.BinaryReader.readFixed64 (https://cdn.skypack.dev/-/google-protobuf@v3.21.2-YDUqZL2TTSsy2lGtfuND/dist=es2019,mode=imports/optimized/google-protobuf.js:4587:18)
    at Function.deserialize (file:///Users/thesayyn/Documents/thesayyn/protoc-gen-ts/target/debug/build/protoc_gen_ts-8cec2bec66276c47/out/test_conformance/test_messages_proto2.ts:235:54)
    at file:///Users/thesayyn/Documents/thesayyn/protoc-gen-ts/tests/conformance/bin/main.ts:30:78

  protobuf_test_messages.proto3.TestAllTypesProto3 1
  Error: Assertion failed
    at Object.jspb.asserts.doAssertFailure (https://cdn.skypack.dev/-/google-protobuf@v3.21.2-YDUqZL2TTSsy2lGtfuND/dist=es2019,mode=imports/optimized/google-protobuf.js:778:11)
    at Object.jspb.asserts.assert (https://cdn.skypack.dev/-/google-protobuf@v3.21.2-YDUqZL2TTSsy2lGtfuND/dist=es2019,mode=imports/optimized/google-protobuf.js:783:23)
    at jspb.BinaryDecoder.readUint32 (https://cdn.skypack.dev/-/google-protobuf@v3.21.2-YDUqZL2TTSsy2lGtfuND/dist=es2019,mode=imports/optimized/google-protobuf.js:4202:18)
    at jspb.BinaryReader.readFixed32 (https://cdn.skypack.dev/-/google-protobuf@v3.21.2-YDUqZL2TTSsy2lGtfuND/dist=es2019,mode=imports/optimized/google-protobuf.js:4583:26)
    at Function.deserialize (file:///Users/thesayyn/Documents/thesayyn/protoc-gen-ts/target/debug/build/protoc_gen_ts-8cec2bec66276c47/out/test_conformance/test_messages_proto3.ts:190:51)
    at file:///Users/thesayyn/Documents/thesayyn/protoc-gen-ts/tests/conformance/bin/main.ts:23:78

  protobuf_test_messages.proto2.TestAllTypesProto2 1
  Error: Assertion failed
    at Object.jspb.asserts.doAssertFailure (https://cdn.skypack.dev/-/google-protobuf@v3.21.2-YDUqZL2TTSsy2lGtfuND/dist=es2019,mode=imports/optimized/google-protobuf.js:778:11)
    at Object.jspb.asserts.assert (https://cdn.skypack.dev/-/google-protobuf@v3.21.2-YDUqZL2TTSsy2lGtfuND/dist=es2019,mode=imports/optimized/google-protobuf.js:783:23)
    at jspb.BinaryDecoder.readUint32 (https://cdn.skypack.dev/-/google-protobuf@v3.21.2-YDUqZL2TTSsy2lGtfuND/dist=es2019,mode=imports/optimized/google-protobuf.js:4202:18)
    at jspb.BinaryReader.readFixed32 (https://cdn.skypack.dev/-/google-protobuf@v3.21.2-YDUqZL2TTSsy2lGtfuND/dist=es2019,mode=imports/optimized/google-protobuf.js:4583:26)
    at Function.deserialize (file:///Users/thesayyn/Documents/thesayyn/protoc-gen-ts/target/debug/build/protoc_gen_ts-8cec2bec66276c47/out/test_conformance/test_messages_proto2.ts:166:51)
    at file:///Users/thesayyn/Documents/thesayyn/protoc-gen-ts/tests/conformance/bin/main.ts:30:78

  protobuf_test_messages.proto3.TestAllTypesProto3 1
  Error: Assertion failed
    at Object.jspb.asserts.doAssertFailure (https://cdn.skypack.dev/-/google-protobuf@v3.21.2-YDUqZL2TTSsy2lGtfuND/dist=es2019,mode=imports/optimized/google-protobuf.js:778:11)
    at Object.jspb.asserts.assert (https://cdn.skypack.dev/-/google-protobuf@v3.21.2-YDUqZL2TTSsy2lGtfuND/dist=es2019,mode=imports/optimized/google-protobuf.js:783:23)
    at jspb.BinaryDecoder.readUint32 (https://cdn.skypack.dev/-/google-protobuf@v3.21.2-YDUqZL2TTSsy2lGtfuND/dist=es2019,mode=imports/optimized/google-protobuf.js:4202:18)
    at jspb.BinaryReader.readFixed32 (https://cdn.skypack.dev/-/google-protobuf@v3.21.2-YDUqZL2TTSsy2lGtfuND/dist=es2019,mode=imports/optimized/google-protobuf.js:4583:26)
    at Function.deserialize (file:///Users/thesayyn/Documents/thesayyn/protoc-gen-ts/target/debug/build/protoc_gen_ts-8cec2bec66276c47/out/test_conformance/test_messages_proto3.ts:266:59)
    at file:///Users/thesayyn/Documents/thesayyn/protoc-gen-ts/tests/conformance/bin/main.ts:23:78

  protobuf_test_messages.proto2.TestAllTypesProto2 1
  Error: Assertion failed
    at Object.jspb.asserts.doAssertFailure (https://cdn.skypack.dev/-/google-protobuf@v3.21.2-YDUqZL2TTSsy2lGtfuND/dist=es2019,mode=imports/optimized/google-protobuf.js:778:11)
    at Object.jspb.asserts.assert (https://cdn.skypack.dev/-/google-protobuf@v3.21.2-YDUqZL2TTSsy2lGtfuND/dist=es2019,mode=imports/optimized/google-protobuf.js:783:23)
    at jspb.BinaryDecoder.readUint32 (https://cdn.skypack.dev/-/google-protobuf@v3.21.2-YDUqZL2TTSsy2lGtfuND/dist=es2019,mode=imports/optimized/google-protobuf.js:4202:18)
    at jspb.BinaryReader.readFixed32 (https://cdn.skypack.dev/-/google-protobuf@v3.21.2-YDUqZL2TTSsy2lGtfuND/dist=es2019,mode=imports/optimized/google-protobuf.js:4583:26)
    at Function.deserialize (file:///Users/thesayyn/Documents/thesayyn/protoc-gen-ts/target/debug/build/protoc_gen_ts-8cec2bec66276c47/out/test_conformance/test_messages_proto2.ts:232:54)
    at file:///Users/thesayyn/Documents/thesayyn/protoc-gen-ts/tests/conformance/bin/main.ts:30:78

  protobuf_test_messages.proto3.TestAllTypesProto3 1
  Error: Assertion failed
    at Object.jspb.asserts.doAssertFailure (https://cdn.skypack.dev/-/google-protobuf@v3.21.2-YDUqZL2TTSsy2lGtfuND/dist=es2019,mode=imports/optimized/google-protobuf.js:778:11)
    at Object.jspb.asserts.assert (https://cdn.skypack.dev/-/google-protobuf@v3.21.2-YDUqZL2TTSsy2lGtfuND/dist=es2019,mode=imports/optimized/google-protobuf.js:783:23)
    at jspb.BinaryDecoder.advance (https://cdn.skypack.dev/-/google-protobuf@v3.21.2-YDUqZL2TTSsy2lGtfuND/dist=es2019,mode=imports/optimized/google-protobuf.js:4081:18)
    at jspb.BinaryReader.skipFixed32Field (https://cdn.skypack.dev/-/google-protobuf@v3.21.2-YDUqZL2TTSsy2lGtfuND/dist=es2019,mode=imports/optimized/google-protobuf.js:4406:163)
    at jspb.BinaryReader.skipField (https://cdn.skypack.dev/-/google-protobuf@v3.21.2-YDUqZL2TTSsy2lGtfuND/dist=es2019,mode=imports/optimized/google-protobuf.js:4438:14)
    at Function.deserialize (file:///Users/thesayyn/Documents/thesayyn/protoc-gen-ts/target/debug/build/protoc_gen_ts-8cec2bec66276c47/out/test_conformance/test_messages_proto3.ts:958:24)
    at file:///Users/thesayyn/Documents/thesayyn/protoc-gen-ts/tests/conformance/bin/main.ts:23:78

  protobuf_test_messages.proto2.TestAllTypesProto2 1
  Error: Assertion failed
    at Object.jspb.asserts.doAssertFailure (https://cdn.skypack.dev/-/google-protobuf@v3.21.2-YDUqZL2TTSsy2lGtfuND/dist=es2019,mode=imports/optimized/google-protobuf.js:778:11)
    at Object.jspb.asserts.assert (https://cdn.skypack.dev/-/google-protobuf@v3.21.2-YDUqZL2TTSsy2lGtfuND/dist=es2019,mode=imports/optimized/google-protobuf.js:783:23)
    at jspb.BinaryDecoder.advance (https://cdn.skypack.dev/-/google-protobuf@v3.21.2-YDUqZL2TTSsy2lGtfuND/dist=es2019,mode=imports/optimized/google-protobuf.js:4081:18)
    at jspb.BinaryReader.skipFixed32Field (https://cdn.skypack.dev/-/google-protobuf@v3.21.2-YDUqZL2TTSsy2lGtfuND/dist=es2019,mode=imports/optimized/google-protobuf.js:4406:163)
    at jspb.BinaryReader.skipField (https://cdn.skypack.dev/-/google-protobuf@v3.21.2-YDUqZL2TTSsy2lGtfuND/dist=es2019,mode=imports/optimized/google-protobuf.js:4438:14)
    at Function.deserialize (file:///Users/thesayyn/Documents/thesayyn/protoc-gen-ts/target/debug/build/protoc_gen_ts-8cec2bec66276c47/out/test_conformance/test_messages_proto2.ts:865:24)
    at file:///Users/thesayyn/Documents/thesayyn/protoc-gen-ts/tests/conformance/bin/main.ts:30:78

  protobuf_test_messages.proto3.TestAllTypesProto3 1
  Error: Assertion failed
    at Object.jspb.asserts.doAssertFailure (https://cdn.skypack.dev/-/google-protobuf@v3.21.2-YDUqZL2TTSsy2lGtfuND/dist=es2019,mode=imports/optimized/google-protobuf.js:778:11)
    at Object.jspb.asserts.assert (https://cdn.skypack.dev/-/google-protobuf@v3.21.2-YDUqZL2TTSsy2lGtfuND/dist=es2019,mode=imports/optimized/google-protobuf.js:783:23)
    at jspb.BinaryDecoder.readUint32 (https://cdn.skypack.dev/-/google-protobuf@v3.21.2-YDUqZL2TTSsy2lGtfuND/dist=es2019,mode=imports/optimized/google-protobuf.js:4202:18)
    at jspb.BinaryReader.readFixed32 (https://cdn.skypack.dev/-/google-protobuf@v3.21.2-YDUqZL2TTSsy2lGtfuND/dist=es2019,mode=imports/optimized/google-protobuf.js:4583:26)
    at Function.deserialize (file:///Users/thesayyn/Documents/thesayyn/protoc-gen-ts/target/debug/build/protoc_gen_ts-8cec2bec66276c47/out/test_conformance/test_messages_proto3.ts:190:51)
    at file:///Users/thesayyn/Documents/thesayyn/protoc-gen-ts/tests/conformance/bin/main.ts:23:78

  protobuf_test_messages.proto2.TestAllTypesProto2 1
  Error: Assertion failed
    at Object.jspb.asserts.doAssertFailure (https://cdn.skypack.dev/-/google-protobuf@v3.21.2-YDUqZL2TTSsy2lGtfuND/dist=es2019,mode=imports/optimized/google-protobuf.js:778:11)
    at Object.jspb.asserts.assert (https://cdn.skypack.dev/-/google-protobuf@v3.21.2-YDUqZL2TTSsy2lGtfuND/dist=es2019,mode=imports/optimized/google-protobuf.js:783:23)
    at jspb.BinaryDecoder.readUint32 (https://cdn.skypack.dev/-/google-protobuf@v3.21.2-YDUqZL2TTSsy2lGtfuND/dist=es2019,mode=imports/optimized/google-protobuf.js:4202:18)
    at jspb.BinaryReader.readFixed32 (https://cdn.skypack.dev/-/google-protobuf@v3.21.2-YDUqZL2TTSsy2lGtfuND/dist=es2019,mode=imports/optimized/google-protobuf.js:4583:26)
    at Function.deserialize (file:///Users/thesayyn/Documents/thesayyn/protoc-gen-ts/target/debug/build/protoc_gen_ts-8cec2bec66276c47/out/test_conformance/test_messages_proto2.ts:166:51)
    at file:///Users/thesayyn/Documents/thesayyn/protoc-gen-ts/tests/conformance/bin/main.ts:30:78

  protobuf_test_messages.proto3.TestAllTypesProto3 1
  Error: Assertion failed
    at Object.jspb.asserts.doAssertFailure (https://cdn.skypack.dev/-/google-protobuf@v3.21.2-YDUqZL2TTSsy2lGtfuND/dist=es2019,mode=imports/optimized/google-protobuf.js:778:11)
    at Object.jspb.asserts.assert (https://cdn.skypack.dev/-/google-protobuf@v3.21.2-YDUqZL2TTSsy2lGtfuND/dist=es2019,mode=imports/optimized/google-protobuf.js:783:23)
    at jspb.BinaryDecoder.readUint32 (https://cdn.skypack.dev/-/google-protobuf@v3.21.2-YDUqZL2TTSsy2lGtfuND/dist=es2019,mode=imports/optimized/google-protobuf.js:4202:18)
    at jspb.BinaryReader.readFixed32 (https://cdn.skypack.dev/-/google-protobuf@v3.21.2-YDUqZL2TTSsy2lGtfuND/dist=es2019,mode=imports/optimized/google-protobuf.js:4583:26)
    at Function.deserialize (file:///Users/thesayyn/Documents/thesayyn/protoc-gen-ts/target/debug/build/protoc_gen_ts-8cec2bec66276c47/out/test_conformance/test_messages_proto3.ts:266:59)
    at file:///Users/thesayyn/Documents/thesayyn/protoc-gen-ts/tests/conformance/bin/main.ts:23:78

  protobuf_test_messages.proto2.TestAllTypesProto2 1
  Error: Assertion failed
    at Object.jspb.asserts.doAssertFailure (https://cdn.skypack.dev/-/google-protobuf@v3.21.2-YDUqZL2TTSsy2lGtfuND/dist=es2019,mode=imports/optimized/google-protobuf.js:778:11)
    at Object.jspb.asserts.assert (https://cdn.skypack.dev/-/google-protobuf@v3.21.2-YDUqZL2TTSsy2lGtfuND/dist=es2019,mode=imports/optimized/google-protobuf.js:783:23)
    at jspb.BinaryDecoder.readUint32 (https://cdn.skypack.dev/-/google-protobuf@v3.21.2-YDUqZL2TTSsy2lGtfuND/dist=es2019,mode=imports/optimized/google-protobuf.js:4202:18)
    at jspb.BinaryReader.readFixed32 (https://cdn.skypack.dev/-/google-protobuf@v3.21.2-YDUqZL2TTSsy2lGtfuND/dist=es2019,mode=imports/optimized/google-protobuf.js:4583:26)
    at Function.deserialize (file:///Users/thesayyn/Documents/thesayyn/protoc-gen-ts/target/debug/build/protoc_gen_ts-8cec2bec66276c47/out/test_conformance/test_messages_proto2.ts:232:54)
    at file:///Users/thesayyn/Documents/thesayyn/protoc-gen-ts/tests/conformance/bin/main.ts:30:78

  protobuf_test_messages.proto3.TestAllTypesProto3 1
  Error: Assertion failed
    at Object.jspb.asserts.doAssertFailure (https://cdn.skypack.dev/-/google-protobuf@v3.21.2-YDUqZL2TTSsy2lGtfuND/dist=es2019,mode=imports/optimized/google-protobuf.js:778:11)
    at Object.jspb.asserts.assert (https://cdn.skypack.dev/-/google-protobuf@v3.21.2-YDUqZL2TTSsy2lGtfuND/dist=es2019,mode=imports/optimized/google-protobuf.js:783:23)
    at jspb.BinaryDecoder.advance (https://cdn.skypack.dev/-/google-protobuf@v3.21.2-YDUqZL2TTSsy2lGtfuND/dist=es2019,mode=imports/optimized/google-protobuf.js:4081:18)
    at jspb.BinaryReader.skipFixed32Field (https://cdn.skypack.dev/-/google-protobuf@v3.21.2-YDUqZL2TTSsy2lGtfuND/dist=es2019,mode=imports/optimized/google-protobuf.js:4406:163)
    at jspb.BinaryReader.skipField (https://cdn.skypack.dev/-/google-protobuf@v3.21.2-YDUqZL2TTSsy2lGtfuND/dist=es2019,mode=imports/optimized/google-protobuf.js:4438:14)
    at Function.deserialize (file:///Users/thesayyn/Documents/thesayyn/protoc-gen-ts/target/debug/build/protoc_gen_ts-8cec2bec66276c47/out/test_conformance/test_messages_proto3.ts:958:24)
    at file:///Users/thesayyn/Documents/thesayyn/protoc-gen-ts/tests/conformance/bin/main.ts:23:78

  protobuf_test_messages.proto2.TestAllTypesProto2 1
  Error: Assertion failed
    at Object.jspb.asserts.doAssertFailure (https://cdn.skypack.dev/-/google-protobuf@v3.21.2-YDUqZL2TTSsy2lGtfuND/dist=es2019,mode=imports/optimized/google-protobuf.js:778:11)
    at Object.jspb.asserts.assert (https://cdn.skypack.dev/-/google-protobuf@v3.21.2-YDUqZL2TTSsy2lGtfuND/dist=es2019,mode=imports/optimized/google-protobuf.js:783:23)
    at jspb.BinaryDecoder.advance (https://cdn.skypack.dev/-/google-protobuf@v3.21.2-YDUqZL2TTSsy2lGtfuND/dist=es2019,mode=imports/optimized/google-protobuf.js:4081:18)
    at jspb.BinaryReader.skipFixed32Field (https://cdn.skypack.dev/-/google-protobuf@v3.21.2-YDUqZL2TTSsy2lGtfuND/dist=es2019,mode=imports/optimized/google-protobuf.js:4406:163)
    at jspb.BinaryReader.skipField (https://cdn.skypack.dev/-/google-protobuf@v3.21.2-YDUqZL2TTSsy2lGtfuND/dist=es2019,mode=imports/optimized/google-protobuf.js:4438:14)
    at Function.deserialize (file:///Users/thesayyn/Documents/thesayyn/protoc-gen-ts/target/debug/build/protoc_gen_ts-8cec2bec66276c47/out/test_conformance/test_messages_proto2.ts:865:24)
    at file:///Users/thesayyn/Documents/thesayyn/protoc-gen-ts/tests/conformance/bin/main.ts:30:78

  protobuf_test_messages.proto3.TestAllTypesProto3 1
  Error: Assertion failed
    at Object.jspb.asserts.doAssertFailure (https://cdn.skypack.dev/-/google-protobuf@v3.21.2-YDUqZL2TTSsy2lGtfuND/dist=es2019,mode=imports/optimized/google-protobuf.js:778:11)
    at Object.jspb.asserts.assert (https://cdn.skypack.dev/-/google-protobuf@v3.21.2-YDUqZL2TTSsy2lGtfuND/dist=es2019,mode=imports/optimized/google-protobuf.js:783:23)
    at jspb.BinaryDecoder.readUint32 (https://cdn.skypack.dev/-/google-protobuf@v3.21.2-YDUqZL2TTSsy2lGtfuND/dist=es2019,mode=imports/optimized/google-protobuf.js:4202:18)
    at jspb.BinaryReader.readPackedField_ (https://cdn.skypack.dev/-/google-protobuf@v3.21.2-YDUqZL2TTSsy2lGtfuND/dist=es2019,mode=imports/optimized/google-protobuf.js:4676:16)
    at jspb.BinaryReader.readPackedFixed32 (https://cdn.skypack.dev/-/google-protobuf@v3.21.2-YDUqZL2TTSsy2lGtfuND/dist=es2019,mode=imports/optimized/google-protobuf.js:4719:17)
    at Function.deserialize (file:///Users/thesayyn/Documents/thesayyn/protoc-gen-ts/target/debug/build/protoc_gen_ts-8cec2bec66276c47/out/test_conformance/test_messages_proto3.ts:265:79)
    at file:///Users/thesayyn/Documents/thesayyn/protoc-gen-ts/tests/conformance/bin/main.ts:23:78

  protobuf_test_messages.proto2.TestAllTypesProto2 1
  Error: Assertion failed
    at Object.jspb.asserts.doAssertFailure (https://cdn.skypack.dev/-/google-protobuf@v3.21.2-YDUqZL2TTSsy2lGtfuND/dist=es2019,mode=imports/optimized/google-protobuf.js:778:11)
    at Object.jspb.asserts.assert (https://cdn.skypack.dev/-/google-protobuf@v3.21.2-YDUqZL2TTSsy2lGtfuND/dist=es2019,mode=imports/optimized/google-protobuf.js:783:23)
    at jspb.BinaryReader.readFixed32 (https://cdn.skypack.dev/-/google-protobuf@v3.21.2-YDUqZL2TTSsy2lGtfuND/dist=es2019,mode=imports/optimized/google-protobuf.js:4582:18)
    at Function.deserialize (file:///Users/thesayyn/Documents/thesayyn/protoc-gen-ts/target/debug/build/protoc_gen_ts-8cec2bec66276c47/out/test_conformance/test_messages_proto2.ts:232:54)
    at file:///Users/thesayyn/Documents/thesayyn/protoc-gen-ts/tests/conformance/bin/main.ts:30:78

  protobuf_test_messages.proto3.TestAllTypesProto3 1
  Error: Assertion failed
    at Object.jspb.asserts.doAssertFailure (https://cdn.skypack.dev/-/google-protobuf@v3.21.2-YDUqZL2TTSsy2lGtfuND/dist=es2019,mode=imports/optimized/google-protobuf.js:778:11)
    at Object.jspb.asserts.assert (https://cdn.skypack.dev/-/google-protobuf@v3.21.2-YDUqZL2TTSsy2lGtfuND/dist=es2019,mode=imports/optimized/google-protobuf.js:783:23)
    at jspb.BinaryDecoder.readUint32 (https://cdn.skypack.dev/-/google-protobuf@v3.21.2-YDUqZL2TTSsy2lGtfuND/dist=es2019,mode=imports/optimized/google-protobuf.js:4202:18)
    at jspb.BinaryReader.readPackedField_ (https://cdn.skypack.dev/-/google-protobuf@v3.21.2-YDUqZL2TTSsy2lGtfuND/dist=es2019,mode=imports/optimized/google-protobuf.js:4676:16)
    at jspb.BinaryReader.readPackedFixed32 (https://cdn.skypack.dev/-/google-protobuf@v3.21.2-YDUqZL2TTSsy2lGtfuND/dist=es2019,mode=imports/optimized/google-protobuf.js:4719:17)
    at Function.deserialize (file:///Users/thesayyn/Documents/thesayyn/protoc-gen-ts/target/debug/build/protoc_gen_ts-8cec2bec66276c47/out/test_conformance/test_messages_proto3.ts:265:79)
    at file:///Users/thesayyn/Documents/thesayyn/protoc-gen-ts/tests/conformance/bin/main.ts:23:78

  protobuf_test_messages.proto2.TestAllTypesProto2 1
  Error: Assertion failed
    at Object.jspb.asserts.doAssertFailure (https://cdn.skypack.dev/-/google-protobuf@v3.21.2-YDUqZL2TTSsy2lGtfuND/dist=es2019,mode=imports/optimized/google-protobuf.js:778:11)
    at Object.jspb.asserts.assert (https://cdn.skypack.dev/-/google-protobuf@v3.21.2-YDUqZL2TTSsy2lGtfuND/dist=es2019,mode=imports/optimized/google-protobuf.js:783:23)
    at jspb.BinaryReader.readFixed32 (https://cdn.skypack.dev/-/google-protobuf@v3.21.2-YDUqZL2TTSsy2lGtfuND/dist=es2019,mode=imports/optimized/google-protobuf.js:4582:18)
    at Function.deserialize (file:///Users/thesayyn/Documents/thesayyn/protoc-gen-ts/target/debug/build/protoc_gen_ts-8cec2bec66276c47/out/test_conformance/test_messages_proto2.ts:232:54)
    at file:///Users/thesayyn/Documents/thesayyn/protoc-gen-ts/tests/conformance/bin/main.ts:30:78

  protobuf_test_messages.proto3.TestAllTypesProto3 1
  Error: Assertion failed
    at Object.jspb.asserts.doAssertFailure (https://cdn.skypack.dev/-/google-protobuf@v3.21.2-YDUqZL2TTSsy2lGtfuND/dist=es2019,mode=imports/optimized/google-protobuf.js:778:11)
    at Object.jspb.asserts.assert (https://cdn.skypack.dev/-/google-protobuf@v3.21.2-YDUqZL2TTSsy2lGtfuND/dist=es2019,mode=imports/optimized/google-protobuf.js:783:23)
    at jspb.BinaryDecoder.readUnsignedVarint32 (https://cdn.skypack.dev/-/google-protobuf@v3.21.2-YDUqZL2TTSsy2lGtfuND/dist=es2019,mode=imports/optimized/google-protobuf.js:4150:18)
    at jspb.BinaryReader.readBool (https://cdn.skypack.dev/-/google-protobuf@v3.21.2-YDUqZL2TTSsy2lGtfuND/dist=es2019,mode=imports/optimized/google-protobuf.js:4625:28)
    at Function.deserialize (file:///Users/thesayyn/Documents/thesayyn/protoc-gen-ts/target/debug/build/protoc_gen_ts-8cec2bec66276c47/out/test_conformance/test_messages_proto3.ts:208:48)
    at file:///Users/thesayyn/Documents/thesayyn/protoc-gen-ts/tests/conformance/bin/main.ts:23:78

  protobuf_test_messages.proto2.TestAllTypesProto2 1
  Error: Assertion failed
    at Object.jspb.asserts.doAssertFailure (https://cdn.skypack.dev/-/google-protobuf@v3.21.2-YDUqZL2TTSsy2lGtfuND/dist=es2019,mode=imports/optimized/google-protobuf.js:778:11)
    at Object.jspb.asserts.assert (https://cdn.skypack.dev/-/google-protobuf@v3.21.2-YDUqZL2TTSsy2lGtfuND/dist=es2019,mode=imports/optimized/google-protobuf.js:783:23)
    at jspb.BinaryDecoder.readUnsignedVarint32 (https://cdn.skypack.dev/-/google-protobuf@v3.21.2-YDUqZL2TTSsy2lGtfuND/dist=es2019,mode=imports/optimized/google-protobuf.js:4150:18)
    at jspb.BinaryReader.readBool (https://cdn.skypack.dev/-/google-protobuf@v3.21.2-YDUqZL2TTSsy2lGtfuND/dist=es2019,mode=imports/optimized/google-protobuf.js:4625:28)
    at Function.deserialize (file:///Users/thesayyn/Documents/thesayyn/protoc-gen-ts/target/debug/build/protoc_gen_ts-8cec2bec66276c47/out/test_conformance/test_messages_proto2.ts:184:48)
    at file:///Users/thesayyn/Documents/thesayyn/protoc-gen-ts/tests/conformance/bin/main.ts:30:78

  protobuf_test_messages.proto3.TestAllTypesProto3 1
  Error: Assertion failed
    at Object.jspb.asserts.doAssertFailure (https://cdn.skypack.dev/-/google-protobuf@v3.21.2-YDUqZL2TTSsy2lGtfuND/dist=es2019,mode=imports/optimized/google-protobuf.js:778:11)
    at Object.jspb.asserts.assert (https://cdn.skypack.dev/-/google-protobuf@v3.21.2-YDUqZL2TTSsy2lGtfuND/dist=es2019,mode=imports/optimized/google-protobuf.js:783:23)
    at jspb.BinaryDecoder.readUnsignedVarint32 (https://cdn.skypack.dev/-/google-protobuf@v3.21.2-YDUqZL2TTSsy2lGtfuND/dist=es2019,mode=imports/optimized/google-protobuf.js:4150:18)
    at jspb.BinaryReader.readBool (https://cdn.skypack.dev/-/google-protobuf@v3.21.2-YDUqZL2TTSsy2lGtfuND/dist=es2019,mode=imports/optimized/google-protobuf.js:4625:28)
    at Function.deserialize (file:///Users/thesayyn/Documents/thesayyn/protoc-gen-ts/target/debug/build/protoc_gen_ts-8cec2bec66276c47/out/test_conformance/test_messages_proto3.ts:290:56)
    at file:///Users/thesayyn/Documents/thesayyn/protoc-gen-ts/tests/conformance/bin/main.ts:23:78

  protobuf_test_messages.proto2.TestAllTypesProto2 1
  Error: Assertion failed
    at Object.jspb.asserts.doAssertFailure (https://cdn.skypack.dev/-/google-protobuf@v3.21.2-YDUqZL2TTSsy2lGtfuND/dist=es2019,mode=imports/optimized/google-protobuf.js:778:11)
    at Object.jspb.asserts.assert (https://cdn.skypack.dev/-/google-protobuf@v3.21.2-YDUqZL2TTSsy2lGtfuND/dist=es2019,mode=imports/optimized/google-protobuf.js:783:23)
    at jspb.BinaryDecoder.readUnsignedVarint32 (https://cdn.skypack.dev/-/google-protobuf@v3.21.2-YDUqZL2TTSsy2lGtfuND/dist=es2019,mode=imports/optimized/google-protobuf.js:4150:18)
    at jspb.BinaryReader.readBool (https://cdn.skypack.dev/-/google-protobuf@v3.21.2-YDUqZL2TTSsy2lGtfuND/dist=es2019,mode=imports/optimized/google-protobuf.js:4625:28)
    at Function.deserialize (file:///Users/thesayyn/Documents/thesayyn/protoc-gen-ts/target/debug/build/protoc_gen_ts-8cec2bec66276c47/out/test_conformance/test_messages_proto2.ts:250:51)
    at file:///Users/thesayyn/Documents/thesayyn/protoc-gen-ts/tests/conformance/bin/main.ts:30:78

  protobuf_test_messages.proto3.TestAllTypesProto3 1
  Error: Failure: Decoder hit an error
    at Object.jspb.asserts.fail (https://cdn.skypack.dev/-/google-protobuf@v3.21.2-YDUqZL2TTSsy2lGtfuND/dist=es2019,mode=imports/optimized/google-protobuf.js:801:11)
    at jspb.BinaryReader.nextField (https://cdn.skypack.dev/-/google-protobuf@v3.21.2-YDUqZL2TTSsy2lGtfuND/dist=es2019,mode=imports/optimized/google-protobuf.js:4374:27)
    at Function.deserialize (file:///Users/thesayyn/Documents/thesayyn/protoc-gen-ts/target/debug/build/protoc_gen_ts-8cec2bec66276c47/out/test_conformance/test_messages_proto3.ts:169:18)
    at file:///Users/thesayyn/Documents/thesayyn/protoc-gen-ts/tests/conformance/bin/main.ts:23:78

  protobuf_test_messages.proto2.TestAllTypesProto2 1
  Error: Failure: Decoder hit an error
    at Object.jspb.asserts.fail (https://cdn.skypack.dev/-/google-protobuf@v3.21.2-YDUqZL2TTSsy2lGtfuND/dist=es2019,mode=imports/optimized/google-protobuf.js:801:11)
    at jspb.BinaryReader.nextField (https://cdn.skypack.dev/-/google-protobuf@v3.21.2-YDUqZL2TTSsy2lGtfuND/dist=es2019,mode=imports/optimized/google-protobuf.js:4374:27)
    at Function.deserialize (file:///Users/thesayyn/Documents/thesayyn/protoc-gen-ts/target/debug/build/protoc_gen_ts-8cec2bec66276c47/out/test_conformance/test_messages_proto2.ts:145:18)
    at file:///Users/thesayyn/Documents/thesayyn/protoc-gen-ts/tests/conformance/bin/main.ts:30:78

  protobuf_test_messages.proto3.TestAllTypesProto3 1
  Error: Assertion failed
    at Object.jspb.asserts.doAssertFailure (https://cdn.skypack.dev/-/google-protobuf@v3.21.2-YDUqZL2TTSsy2lGtfuND/dist=es2019,mode=imports/optimized/google-protobuf.js:778:11)
    at Object.jspb.asserts.assert (https://cdn.skypack.dev/-/google-protobuf@v3.21.2-YDUqZL2TTSsy2lGtfuND/dist=es2019,mode=imports/optimized/google-protobuf.js:783:23)
    at jspb.BinaryDecoder.readUnsignedVarint32 (https://cdn.skypack.dev/-/google-protobuf@v3.21.2-YDUqZL2TTSsy2lGtfuND/dist=es2019,mode=imports/optimized/google-protobuf.js:4150:18)
    at jspb.BinaryReader.readBool (https://cdn.skypack.dev/-/google-protobuf@v3.21.2-YDUqZL2TTSsy2lGtfuND/dist=es2019,mode=imports/optimized/google-protobuf.js:4625:28)
    at Function.deserialize (file:///Users/thesayyn/Documents/thesayyn/protoc-gen-ts/target/debug/build/protoc_gen_ts-8cec2bec66276c47/out/test_conformance/test_messages_proto3.ts:208:48)
    at file:///Users/thesayyn/Documents/thesayyn/protoc-gen-ts/tests/conformance/bin/main.ts:23:78

  protobuf_test_messages.proto2.TestAllTypesProto2 1
  Error: Assertion failed
    at Object.jspb.asserts.doAssertFailure (https://cdn.skypack.dev/-/google-protobuf@v3.21.2-YDUqZL2TTSsy2lGtfuND/dist=es2019,mode=imports/optimized/google-protobuf.js:778:11)
    at Object.jspb.asserts.assert (https://cdn.skypack.dev/-/google-protobuf@v3.21.2-YDUqZL2TTSsy2lGtfuND/dist=es2019,mode=imports/optimized/google-protobuf.js:783:23)
    at jspb.BinaryDecoder.readUnsignedVarint32 (https://cdn.skypack.dev/-/google-protobuf@v3.21.2-YDUqZL2TTSsy2lGtfuND/dist=es2019,mode=imports/optimized/google-protobuf.js:4150:18)
    at jspb.BinaryReader.readBool (https://cdn.skypack.dev/-/google-protobuf@v3.21.2-YDUqZL2TTSsy2lGtfuND/dist=es2019,mode=imports/optimized/google-protobuf.js:4625:28)
    at Function.deserialize (file:///Users/thesayyn/Documents/thesayyn/protoc-gen-ts/target/debug/build/protoc_gen_ts-8cec2bec66276c47/out/test_conformance/test_messages_proto2.ts:184:48)
    at file:///Users/thesayyn/Documents/thesayyn/protoc-gen-ts/tests/conformance/bin/main.ts:30:78

  protobuf_test_messages.proto3.TestAllTypesProto3 1
  Error: Assertion failed
    at Object.jspb.asserts.doAssertFailure (https://cdn.skypack.dev/-/google-protobuf@v3.21.2-YDUqZL2TTSsy2lGtfuND/dist=es2019,mode=imports/optimized/google-protobuf.js:778:11)
    at Object.jspb.asserts.assert (https://cdn.skypack.dev/-/google-protobuf@v3.21.2-YDUqZL2TTSsy2lGtfuND/dist=es2019,mode=imports/optimized/google-protobuf.js:783:23)
    at jspb.BinaryDecoder.readUnsignedVarint32 (https://cdn.skypack.dev/-/google-protobuf@v3.21.2-YDUqZL2TTSsy2lGtfuND/dist=es2019,mode=imports/optimized/google-protobuf.js:4150:18)
    at jspb.BinaryReader.readBool (https://cdn.skypack.dev/-/google-protobuf@v3.21.2-YDUqZL2TTSsy2lGtfuND/dist=es2019,mode=imports/optimized/google-protobuf.js:4625:28)
    at Function.deserialize (file:///Users/thesayyn/Documents/thesayyn/protoc-gen-ts/target/debug/build/protoc_gen_ts-8cec2bec66276c47/out/test_conformance/test_messages_proto3.ts:290:56)
    at file:///Users/thesayyn/Documents/thesayyn/protoc-gen-ts/tests/conformance/bin/main.ts:23:78

  protobuf_test_messages.proto2.TestAllTypesProto2 1
  Error: Assertion failed
    at Object.jspb.asserts.doAssertFailure (https://cdn.skypack.dev/-/google-protobuf@v3.21.2-YDUqZL2TTSsy2lGtfuND/dist=es2019,mode=imports/optimized/google-protobuf.js:778:11)
    at Object.jspb.asserts.assert (https://cdn.skypack.dev/-/google-protobuf@v3.21.2-YDUqZL2TTSsy2lGtfuND/dist=es2019,mode=imports/optimized/google-protobuf.js:783:23)
    at jspb.BinaryDecoder.readUnsignedVarint32 (https://cdn.skypack.dev/-/google-protobuf@v3.21.2-YDUqZL2TTSsy2lGtfuND/dist=es2019,mode=imports/optimized/google-protobuf.js:4150:18)
    at jspb.BinaryReader.readBool (https://cdn.skypack.dev/-/google-protobuf@v3.21.2-YDUqZL2TTSsy2lGtfuND/dist=es2019,mode=imports/optimized/google-protobuf.js:4625:28)
    at Function.deserialize (file:///Users/thesayyn/Documents/thesayyn/protoc-gen-ts/target/debug/build/protoc_gen_ts-8cec2bec66276c47/out/test_conformance/test_messages_proto2.ts:250:51)
    at file:///Users/thesayyn/Documents/thesayyn/protoc-gen-ts/tests/conformance/bin/main.ts:30:78

  protobuf_test_messages.proto3.TestAllTypesProto3 1
  Error: Failure: Decoder hit an error
    at Object.jspb.asserts.fail (https://cdn.skypack.dev/-/google-protobuf@v3.21.2-YDUqZL2TTSsy2lGtfuND/dist=es2019,mode=imports/optimized/google-protobuf.js:801:11)
    at jspb.BinaryReader.nextField (https://cdn.skypack.dev/-/google-protobuf@v3.21.2-YDUqZL2TTSsy2lGtfuND/dist=es2019,mode=imports/optimized/google-protobuf.js:4374:27)
    at Function.deserialize (file:///Users/thesayyn/Documents/thesayyn/protoc-gen-ts/target/debug/build/protoc_gen_ts-8cec2bec66276c47/out/test_conformance/test_messages_proto3.ts:169:18)
    at file:///Users/thesayyn/Documents/thesayyn/protoc-gen-ts/tests/conformance/bin/main.ts:23:78

  protobuf_test_messages.proto2.TestAllTypesProto2 1
  Error: Failure: Decoder hit an error
    at Object.jspb.asserts.fail (https://cdn.skypack.dev/-/google-protobuf@v3.21.2-YDUqZL2TTSsy2lGtfuND/dist=es2019,mode=imports/optimized/google-protobuf.js:801:11)
    at jspb.BinaryReader.nextField (https://cdn.skypack.dev/-/google-protobuf@v3.21.2-YDUqZL2TTSsy2lGtfuND/dist=es2019,mode=imports/optimized/google-protobuf.js:4374:27)
    at Function.deserialize (file:///Users/thesayyn/Documents/thesayyn/protoc-gen-ts/target/debug/build/protoc_gen_ts-8cec2bec66276c47/out/test_conformance/test_messages_proto2.ts:145:18)
    at file:///Users/thesayyn/Documents/thesayyn/protoc-gen-ts/tests/conformance/bin/main.ts:30:78

  protobuf_test_messages.proto2.TestAllTypesProto2 1
  Error: Assertion failed
    at Object.jspb.asserts.doAssertFailure (https://cdn.skypack.dev/-/google-protobuf@v3.21.2-YDUqZL2TTSsy2lGtfuND/dist=es2019,mode=imports/optimized/google-protobuf.js:778:11)
    at Object.jspb.asserts.assert (https://cdn.skypack.dev/-/google-protobuf@v3.21.2-YDUqZL2TTSsy2lGtfuND/dist=es2019,mode=imports/optimized/google-protobuf.js:783:23)
    at jspb.BinaryReader.readBool (https://cdn.skypack.dev/-/google-protobuf@v3.21.2-YDUqZL2TTSsy2lGtfuND/dist=es2019,mode=imports/optimized/google-protobuf.js:4624:18)
    at Function.deserialize (file:///Users/thesayyn/Documents/thesayyn/protoc-gen-ts/target/debug/build/protoc_gen_ts-8cec2bec66276c47/out/test_conformance/test_messages_proto2.ts:250:51)
    at file:///Users/thesayyn/Documents/thesayyn/protoc-gen-ts/tests/conformance/bin/main.ts:30:78

  protobuf_test_messages.proto3.TestAllTypesProto3 1
  Error: Failure: Decoder hit an error
    at Object.jspb.asserts.fail (https://cdn.skypack.dev/-/google-protobuf@v3.21.2-YDUqZL2TTSsy2lGtfuND/dist=es2019,mode=imports/optimized/google-protobuf.js:801:11)
    at jspb.BinaryReader.nextField (https://cdn.skypack.dev/-/google-protobuf@v3.21.2-YDUqZL2TTSsy2lGtfuND/dist=es2019,mode=imports/optimized/google-protobuf.js:4374:27)
    at Function.deserialize (file:///Users/thesayyn/Documents/thesayyn/protoc-gen-ts/target/debug/build/protoc_gen_ts-8cec2bec66276c47/out/test_conformance/test_messages_proto3.ts:169:18)
    at file:///Users/thesayyn/Documents/thesayyn/protoc-gen-ts/tests/conformance/bin/main.ts:23:78

  protobuf_test_messages.proto2.TestAllTypesProto2 1
  Error: Assertion failed
    at Object.jspb.asserts.doAssertFailure (https://cdn.skypack.dev/-/google-protobuf@v3.21.2-YDUqZL2TTSsy2lGtfuND/dist=es2019,mode=imports/optimized/google-protobuf.js:778:11)
    at Object.jspb.asserts.assert (https://cdn.skypack.dev/-/google-protobuf@v3.21.2-YDUqZL2TTSsy2lGtfuND/dist=es2019,mode=imports/optimized/google-protobuf.js:783:23)
    at jspb.BinaryReader.readBool (https://cdn.skypack.dev/-/google-protobuf@v3.21.2-YDUqZL2TTSsy2lGtfuND/dist=es2019,mode=imports/optimized/google-protobuf.js:4624:18)
    at Function.deserialize (file:///Users/thesayyn/Documents/thesayyn/protoc-gen-ts/target/debug/build/protoc_gen_ts-8cec2bec66276c47/out/test_conformance/test_messages_proto2.ts:250:51)
    at file:///Users/thesayyn/Documents/thesayyn/protoc-gen-ts/tests/conformance/bin/main.ts:30:78

  protobuf_test_messages.proto3.TestAllTypesProto3 1
  Error: Assertion failed
    at Object.jspb.asserts.doAssertFailure (https://cdn.skypack.dev/-/google-protobuf@v3.21.2-YDUqZL2TTSsy2lGtfuND/dist=es2019,mode=imports/optimized/google-protobuf.js:778:11)
    at Object.jspb.asserts.assert (https://cdn.skypack.dev/-/google-protobuf@v3.21.2-YDUqZL2TTSsy2lGtfuND/dist=es2019,mode=imports/optimized/google-protobuf.js:783:23)
    at jspb.BinaryDecoder.readUnsignedVarint32 (https://cdn.skypack.dev/-/google-protobuf@v3.21.2-YDUqZL2TTSsy2lGtfuND/dist=es2019,mode=imports/optimized/google-protobuf.js:4150:18)
    at jspb.BinaryReader.readString (https://cdn.skypack.dev/-/google-protobuf@v3.21.2-YDUqZL2TTSsy2lGtfuND/dist=es2019,mode=imports/optimized/google-protobuf.js:4635:27)
    at Function.deserialize (file:///Users/thesayyn/Documents/thesayyn/protoc-gen-ts/target/debug/build/protoc_gen_ts-8cec2bec66276c47/out/test_conformance/test_messages_proto3.ts:211:50)
    at file:///Users/thesayyn/Documents/thesayyn/protoc-gen-ts/tests/conformance/bin/main.ts:23:78

  protobuf_test_messages.proto2.TestAllTypesProto2 1
  Error: Assertion failed
    at Object.jspb.asserts.doAssertFailure (https://cdn.skypack.dev/-/google-protobuf@v3.21.2-YDUqZL2TTSsy2lGtfuND/dist=es2019,mode=imports/optimized/google-protobuf.js:778:11)
    at Object.jspb.asserts.assert (https://cdn.skypack.dev/-/google-protobuf@v3.21.2-YDUqZL2TTSsy2lGtfuND/dist=es2019,mode=imports/optimized/google-protobuf.js:783:23)
    at jspb.BinaryDecoder.readUnsignedVarint32 (https://cdn.skypack.dev/-/google-protobuf@v3.21.2-YDUqZL2TTSsy2lGtfuND/dist=es2019,mode=imports/optimized/google-protobuf.js:4150:18)
    at jspb.BinaryReader.readString (https://cdn.skypack.dev/-/google-protobuf@v3.21.2-YDUqZL2TTSsy2lGtfuND/dist=es2019,mode=imports/optimized/google-protobuf.js:4635:27)
    at Function.deserialize (file:///Users/thesayyn/Documents/thesayyn/protoc-gen-ts/target/debug/build/protoc_gen_ts-8cec2bec66276c47/out/test_conformance/test_messages_proto2.ts:187:50)
    at file:///Users/thesayyn/Documents/thesayyn/protoc-gen-ts/tests/conformance/bin/main.ts:30:78

  protobuf_test_messages.proto3.TestAllTypesProto3 1
  Error: Assertion failed
    at Object.jspb.asserts.doAssertFailure (https://cdn.skypack.dev/-/google-protobuf@v3.21.2-YDUqZL2TTSsy2lGtfuND/dist=es2019,mode=imports/optimized/google-protobuf.js:778:11)
    at Object.jspb.asserts.assert (https://cdn.skypack.dev/-/google-protobuf@v3.21.2-YDUqZL2TTSsy2lGtfuND/dist=es2019,mode=imports/optimized/google-protobuf.js:783:23)
    at jspb.BinaryDecoder.readUnsignedVarint32 (https://cdn.skypack.dev/-/google-protobuf@v3.21.2-YDUqZL2TTSsy2lGtfuND/dist=es2019,mode=imports/optimized/google-protobuf.js:4150:18)
    at jspb.BinaryReader.readString (https://cdn.skypack.dev/-/google-protobuf@v3.21.2-YDUqZL2TTSsy2lGtfuND/dist=es2019,mode=imports/optimized/google-protobuf.js:4635:27)
    at Function.deserialize (file:///Users/thesayyn/Documents/thesayyn/protoc-gen-ts/target/debug/build/protoc_gen_ts-8cec2bec66276c47/out/test_conformance/test_messages_proto3.ts:293:53)
    at file:///Users/thesayyn/Documents/thesayyn/protoc-gen-ts/tests/conformance/bin/main.ts:23:78

  protobuf_test_messages.proto2.TestAllTypesProto2 1
  Error: Assertion failed
    at Object.jspb.asserts.doAssertFailure (https://cdn.skypack.dev/-/google-protobuf@v3.21.2-YDUqZL2TTSsy2lGtfuND/dist=es2019,mode=imports/optimized/google-protobuf.js:778:11)
    at Object.jspb.asserts.assert (https://cdn.skypack.dev/-/google-protobuf@v3.21.2-YDUqZL2TTSsy2lGtfuND/dist=es2019,mode=imports/optimized/google-protobuf.js:783:23)
    at jspb.BinaryDecoder.readUnsignedVarint32 (https://cdn.skypack.dev/-/google-protobuf@v3.21.2-YDUqZL2TTSsy2lGtfuND/dist=es2019,mode=imports/optimized/google-protobuf.js:4150:18)
    at jspb.BinaryReader.readString (https://cdn.skypack.dev/-/google-protobuf@v3.21.2-YDUqZL2TTSsy2lGtfuND/dist=es2019,mode=imports/optimized/google-protobuf.js:4635:27)
    at Function.deserialize (file:///Users/thesayyn/Documents/thesayyn/protoc-gen-ts/target/debug/build/protoc_gen_ts-8cec2bec66276c47/out/test_conformance/test_messages_proto2.ts:253:53)
    at file:///Users/thesayyn/Documents/thesayyn/protoc-gen-ts/tests/conformance/bin/main.ts:30:78

  protobuf_test_messages.proto3.TestAllTypesProto3 1
  Error: Assertion failed
    at Object.jspb.asserts.doAssertFailure (https://cdn.skypack.dev/-/google-protobuf@v3.21.2-YDUqZL2TTSsy2lGtfuND/dist=es2019,mode=imports/optimized/google-protobuf.js:778:11)
    at Object.jspb.asserts.assert (https://cdn.skypack.dev/-/google-protobuf@v3.21.2-YDUqZL2TTSsy2lGtfuND/dist=es2019,mode=imports/optimized/google-protobuf.js:783:23)
    at jspb.BinaryDecoder.readUnsignedVarint32 (https://cdn.skypack.dev/-/google-protobuf@v3.21.2-YDUqZL2TTSsy2lGtfuND/dist=es2019,mode=imports/optimized/google-protobuf.js:4150:18)
    at jspb.BinaryReader.skipDelimitedField (https://cdn.skypack.dev/-/google-protobuf@v3.21.2-YDUqZL2TTSsy2lGtfuND/dist=es2019,mode=imports/optimized/google-protobuf.js:4401:29)
    at jspb.BinaryReader.skipField (https://cdn.skypack.dev/-/google-protobuf@v3.21.2-YDUqZL2TTSsy2lGtfuND/dist=es2019,mode=imports/optimized/google-protobuf.js:4435:14)
    at Function.deserialize (file:///Users/thesayyn/Documents/thesayyn/protoc-gen-ts/target/debug/build/protoc_gen_ts-8cec2bec66276c47/out/test_conformance/test_messages_proto3.ts:958:24)
    at file:///Users/thesayyn/Documents/thesayyn/protoc-gen-ts/tests/conformance/bin/main.ts:23:78

  protobuf_test_messages.proto2.TestAllTypesProto2 1
  Error: Assertion failed
    at Object.jspb.asserts.doAssertFailure (https://cdn.skypack.dev/-/google-protobuf@v3.21.2-YDUqZL2TTSsy2lGtfuND/dist=es2019,mode=imports/optimized/google-protobuf.js:778:11)
    at Object.jspb.asserts.assert (https://cdn.skypack.dev/-/google-protobuf@v3.21.2-YDUqZL2TTSsy2lGtfuND/dist=es2019,mode=imports/optimized/google-protobuf.js:783:23)
    at jspb.BinaryDecoder.readUnsignedVarint32 (https://cdn.skypack.dev/-/google-protobuf@v3.21.2-YDUqZL2TTSsy2lGtfuND/dist=es2019,mode=imports/optimized/google-protobuf.js:4150:18)
    at jspb.BinaryReader.skipDelimitedField (https://cdn.skypack.dev/-/google-protobuf@v3.21.2-YDUqZL2TTSsy2lGtfuND/dist=es2019,mode=imports/optimized/google-protobuf.js:4401:29)
    at jspb.BinaryReader.skipField (https://cdn.skypack.dev/-/google-protobuf@v3.21.2-YDUqZL2TTSsy2lGtfuND/dist=es2019,mode=imports/optimized/google-protobuf.js:4435:14)
    at Function.deserialize (file:///Users/thesayyn/Documents/thesayyn/protoc-gen-ts/target/debug/build/protoc_gen_ts-8cec2bec66276c47/out/test_conformance/test_messages_proto2.ts:865:24)
    at file:///Users/thesayyn/Documents/thesayyn/protoc-gen-ts/tests/conformance/bin/main.ts:30:78

  protobuf_test_messages.proto3.TestAllTypesProto3 1
  Error: Assertion failed
    at Object.jspb.asserts.doAssertFailure (https://cdn.skypack.dev/-/google-protobuf@v3.21.2-YDUqZL2TTSsy2lGtfuND/dist=es2019,mode=imports/optimized/google-protobuf.js:778:11)
    at Object.jspb.asserts.assert (https://cdn.skypack.dev/-/google-protobuf@v3.21.2-YDUqZL2TTSsy2lGtfuND/dist=es2019,mode=imports/optimized/google-protobuf.js:783:23)
    at jspb.BinaryDecoder.readUnsignedVarint32 (https://cdn.skypack.dev/-/google-protobuf@v3.21.2-YDUqZL2TTSsy2lGtfuND/dist=es2019,mode=imports/optimized/google-protobuf.js:4150:18)
    at jspb.BinaryReader.readString (https://cdn.skypack.dev/-/google-protobuf@v3.21.2-YDUqZL2TTSsy2lGtfuND/dist=es2019,mode=imports/optimized/google-protobuf.js:4635:27)
    at Function.deserialize (file:///Users/thesayyn/Documents/thesayyn/protoc-gen-ts/target/debug/build/protoc_gen_ts-8cec2bec66276c47/out/test_conformance/test_messages_proto3.ts:211:50)
    at file:///Users/thesayyn/Documents/thesayyn/protoc-gen-ts/tests/conformance/bin/main.ts:23:78

  protobuf_test_messages.proto2.TestAllTypesProto2 1
  Error: Assertion failed
    at Object.jspb.asserts.doAssertFailure (https://cdn.skypack.dev/-/google-protobuf@v3.21.2-YDUqZL2TTSsy2lGtfuND/dist=es2019,mode=imports/optimized/google-protobuf.js:778:11)
    at Object.jspb.asserts.assert (https://cdn.skypack.dev/-/google-protobuf@v3.21.2-YDUqZL2TTSsy2lGtfuND/dist=es2019,mode=imports/optimized/google-protobuf.js:783:23)
    at jspb.BinaryDecoder.readUnsignedVarint32 (https://cdn.skypack.dev/-/google-protobuf@v3.21.2-YDUqZL2TTSsy2lGtfuND/dist=es2019,mode=imports/optimized/google-protobuf.js:4150:18)
    at jspb.BinaryReader.readString (https://cdn.skypack.dev/-/google-protobuf@v3.21.2-YDUqZL2TTSsy2lGtfuND/dist=es2019,mode=imports/optimized/google-protobuf.js:4635:27)
    at Function.deserialize (file:///Users/thesayyn/Documents/thesayyn/protoc-gen-ts/target/debug/build/protoc_gen_ts-8cec2bec66276c47/out/test_conformance/test_messages_proto2.ts:187:50)
    at file:///Users/thesayyn/Documents/thesayyn/protoc-gen-ts/tests/conformance/bin/main.ts:30:78

  protobuf_test_messages.proto3.TestAllTypesProto3 1
  Error: Assertion failed
    at Object.jspb.asserts.doAssertFailure (https://cdn.skypack.dev/-/google-protobuf@v3.21.2-YDUqZL2TTSsy2lGtfuND/dist=es2019,mode=imports/optimized/google-protobuf.js:778:11)
    at Object.jspb.asserts.assert (https://cdn.skypack.dev/-/google-protobuf@v3.21.2-YDUqZL2TTSsy2lGtfuND/dist=es2019,mode=imports/optimized/google-protobuf.js:783:23)
    at jspb.BinaryDecoder.readUnsignedVarint32 (https://cdn.skypack.dev/-/google-protobuf@v3.21.2-YDUqZL2TTSsy2lGtfuND/dist=es2019,mode=imports/optimized/google-protobuf.js:4150:18)
    at jspb.BinaryReader.readString (https://cdn.skypack.dev/-/google-protobuf@v3.21.2-YDUqZL2TTSsy2lGtfuND/dist=es2019,mode=imports/optimized/google-protobuf.js:4635:27)
    at Function.deserialize (file:///Users/thesayyn/Documents/thesayyn/protoc-gen-ts/target/debug/build/protoc_gen_ts-8cec2bec66276c47/out/test_conformance/test_messages_proto3.ts:293:53)
    at file:///Users/thesayyn/Documents/thesayyn/protoc-gen-ts/tests/conformance/bin/main.ts:23:78

  protobuf_test_messages.proto2.TestAllTypesProto2 1
  Error: Assertion failed
    at Object.jspb.asserts.doAssertFailure (https://cdn.skypack.dev/-/google-protobuf@v3.21.2-YDUqZL2TTSsy2lGtfuND/dist=es2019,mode=imports/optimized/google-protobuf.js:778:11)
    at Object.jspb.asserts.assert (https://cdn.skypack.dev/-/google-protobuf@v3.21.2-YDUqZL2TTSsy2lGtfuND/dist=es2019,mode=imports/optimized/google-protobuf.js:783:23)
    at jspb.BinaryDecoder.readUnsignedVarint32 (https://cdn.skypack.dev/-/google-protobuf@v3.21.2-YDUqZL2TTSsy2lGtfuND/dist=es2019,mode=imports/optimized/google-protobuf.js:4150:18)
    at jspb.BinaryReader.readString (https://cdn.skypack.dev/-/google-protobuf@v3.21.2-YDUqZL2TTSsy2lGtfuND/dist=es2019,mode=imports/optimized/google-protobuf.js:4635:27)
    at Function.deserialize (file:///Users/thesayyn/Documents/thesayyn/protoc-gen-ts/target/debug/build/protoc_gen_ts-8cec2bec66276c47/out/test_conformance/test_messages_proto2.ts:253:53)
    at file:///Users/thesayyn/Documents/thesayyn/protoc-gen-ts/tests/conformance/bin/main.ts:30:78

  protobuf_test_messages.proto3.TestAllTypesProto3 1
  Error: Assertion failed
    at Object.jspb.asserts.doAssertFailure (https://cdn.skypack.dev/-/google-protobuf@v3.21.2-YDUqZL2TTSsy2lGtfuND/dist=es2019,mode=imports/optimized/google-protobuf.js:778:11)
    at Object.jspb.asserts.assert (https://cdn.skypack.dev/-/google-protobuf@v3.21.2-YDUqZL2TTSsy2lGtfuND/dist=es2019,mode=imports/optimized/google-protobuf.js:783:23)
    at jspb.BinaryDecoder.readUnsignedVarint32 (https://cdn.skypack.dev/-/google-protobuf@v3.21.2-YDUqZL2TTSsy2lGtfuND/dist=es2019,mode=imports/optimized/google-protobuf.js:4150:18)
    at jspb.BinaryReader.skipDelimitedField (https://cdn.skypack.dev/-/google-protobuf@v3.21.2-YDUqZL2TTSsy2lGtfuND/dist=es2019,mode=imports/optimized/google-protobuf.js:4401:29)
    at jspb.BinaryReader.skipField (https://cdn.skypack.dev/-/google-protobuf@v3.21.2-YDUqZL2TTSsy2lGtfuND/dist=es2019,mode=imports/optimized/google-protobuf.js:4435:14)
    at Function.deserialize (file:///Users/thesayyn/Documents/thesayyn/protoc-gen-ts/target/debug/build/protoc_gen_ts-8cec2bec66276c47/out/test_conformance/test_messages_proto3.ts:958:24)
    at file:///Users/thesayyn/Documents/thesayyn/protoc-gen-ts/tests/conformance/bin/main.ts:23:78

  protobuf_test_messages.proto2.TestAllTypesProto2 1
  Error: Assertion failed
    at Object.jspb.asserts.doAssertFailure (https://cdn.skypack.dev/-/google-protobuf@v3.21.2-YDUqZL2TTSsy2lGtfuND/dist=es2019,mode=imports/optimized/google-protobuf.js:778:11)
    at Object.jspb.asserts.assert (https://cdn.skypack.dev/-/google-protobuf@v3.21.2-YDUqZL2TTSsy2lGtfuND/dist=es2019,mode=imports/optimized/google-protobuf.js:783:23)
    at jspb.BinaryDecoder.readUnsignedVarint32 (https://cdn.skypack.dev/-/google-protobuf@v3.21.2-YDUqZL2TTSsy2lGtfuND/dist=es2019,mode=imports/optimized/google-protobuf.js:4150:18)
    at jspb.BinaryReader.skipDelimitedField (https://cdn.skypack.dev/-/google-protobuf@v3.21.2-YDUqZL2TTSsy2lGtfuND/dist=es2019,mode=imports/optimized/google-protobuf.js:4401:29)
    at jspb.BinaryReader.skipField (https://cdn.skypack.dev/-/google-protobuf@v3.21.2-YDUqZL2TTSsy2lGtfuND/dist=es2019,mode=imports/optimized/google-protobuf.js:4435:14)
    at Function.deserialize (file:///Users/thesayyn/Documents/thesayyn/protoc-gen-ts/target/debug/build/protoc_gen_ts-8cec2bec66276c47/out/test_conformance/test_messages_proto2.ts:865:24)
    at file:///Users/thesayyn/Documents/thesayyn/protoc-gen-ts/tests/conformance/bin/main.ts:30:78

  protobuf_test_messages.proto3.TestAllTypesProto3 1
  Error: Failure: Decoder hit an error
    at Object.jspb.asserts.fail (https://cdn.skypack.dev/-/google-protobuf@v3.21.2-YDUqZL2TTSsy2lGtfuND/dist=es2019,mode=imports/optimized/google-protobuf.js:801:11)
    at jspb.BinaryReader.nextField (https://cdn.skypack.dev/-/google-protobuf@v3.21.2-YDUqZL2TTSsy2lGtfuND/dist=es2019,mode=imports/optimized/google-protobuf.js:4374:27)
    at Function.deserialize (file:///Users/thesayyn/Documents/thesayyn/protoc-gen-ts/target/debug/build/protoc_gen_ts-8cec2bec66276c47/out/test_conformance/test_messages_proto3.ts:169:18)
    at file:///Users/thesayyn/Documents/thesayyn/protoc-gen-ts/tests/conformance/bin/main.ts:23:78

  protobuf_test_messages.proto2.TestAllTypesProto2 1
  Error: Failure: Decoder hit an error
    at Object.jspb.asserts.fail (https://cdn.skypack.dev/-/google-protobuf@v3.21.2-YDUqZL2TTSsy2lGtfuND/dist=es2019,mode=imports/optimized/google-protobuf.js:801:11)
    at jspb.BinaryReader.nextField (https://cdn.skypack.dev/-/google-protobuf@v3.21.2-YDUqZL2TTSsy2lGtfuND/dist=es2019,mode=imports/optimized/google-protobuf.js:4374:27)
    at Function.deserialize (file:///Users/thesayyn/Documents/thesayyn/protoc-gen-ts/target/debug/build/protoc_gen_ts-8cec2bec66276c47/out/test_conformance/test_messages_proto2.ts:145:18)
    at file:///Users/thesayyn/Documents/thesayyn/protoc-gen-ts/tests/conformance/bin/main.ts:30:78

  protobuf_test_messages.proto3.TestAllTypesProto3 1
  Error: Failure: Decoder hit an error
    at Object.jspb.asserts.fail (https://cdn.skypack.dev/-/google-protobuf@v3.21.2-YDUqZL2TTSsy2lGtfuND/dist=es2019,mode=imports/optimized/google-protobuf.js:801:11)
    at jspb.BinaryReader.nextField (https://cdn.skypack.dev/-/google-protobuf@v3.21.2-YDUqZL2TTSsy2lGtfuND/dist=es2019,mode=imports/optimized/google-protobuf.js:4374:27)
    at Function.deserialize (file:///Users/thesayyn/Documents/thesayyn/protoc-gen-ts/target/debug/build/protoc_gen_ts-8cec2bec66276c47/out/test_conformance/test_messages_proto3.ts:169:18)
    at file:///Users/thesayyn/Documents/thesayyn/protoc-gen-ts/tests/conformance/bin/main.ts:23:78

  protobuf_test_messages.proto2.TestAllTypesProto2 1
  Error: Failure: Decoder hit an error
    at Object.jspb.asserts.fail (https://cdn.skypack.dev/-/google-protobuf@v3.21.2-YDUqZL2TTSsy2lGtfuND/dist=es2019,mode=imports/optimized/google-protobuf.js:801:11)
    at jspb.BinaryReader.nextField (https://cdn.skypack.dev/-/google-protobuf@v3.21.2-YDUqZL2TTSsy2lGtfuND/dist=es2019,mode=imports/optimized/google-protobuf.js:4374:27)
    at Function.deserialize (file:///Users/thesayyn/Documents/thesayyn/protoc-gen-ts/target/debug/build/protoc_gen_ts-8cec2bec66276c47/out/test_conformance/test_messages_proto2.ts:145:18)
    at file:///Users/thesayyn/Documents/thesayyn/protoc-gen-ts/tests/conformance/bin/main.ts:30:78

  protobuf_test_messages.proto3.TestAllTypesProto3 1
  Error: Assertion failed
    at Object.jspb.asserts.doAssertFailure (https://cdn.skypack.dev/-/google-protobuf@v3.21.2-YDUqZL2TTSsy2lGtfuND/dist=es2019,mode=imports/optimized/google-protobuf.js:778:11)
    at Object.jspb.asserts.assert (https://cdn.skypack.dev/-/google-protobuf@v3.21.2-YDUqZL2TTSsy2lGtfuND/dist=es2019,mode=imports/optimized/google-protobuf.js:783:23)
    at jspb.BinaryDecoder.advance (https://cdn.skypack.dev/-/google-protobuf@v3.21.2-YDUqZL2TTSsy2lGtfuND/dist=es2019,mode=imports/optimized/google-protobuf.js:4081:18)
    at jspb.BinaryReader.skipDelimitedField (https://cdn.skypack.dev/-/google-protobuf@v3.21.2-YDUqZL2TTSsy2lGtfuND/dist=es2019,mode=imports/optimized/google-protobuf.js:4402:21)
    at jspb.BinaryReader.skipField (https://cdn.skypack.dev/-/google-protobuf@v3.21.2-YDUqZL2TTSsy2lGtfuND/dist=es2019,mode=imports/optimized/google-protobuf.js:4435:14)
    at Function.deserialize (file:///Users/thesayyn/Documents/thesayyn/protoc-gen-ts/target/debug/build/protoc_gen_ts-8cec2bec66276c47/out/test_conformance/test_messages_proto3.ts:958:24)
    at file:///Users/thesayyn/Documents/thesayyn/protoc-gen-ts/tests/conformance/bin/main.ts:23:78

  protobuf_test_messages.proto2.TestAllTypesProto2 1
  Error: Assertion failed
    at Object.jspb.asserts.doAssertFailure (https://cdn.skypack.dev/-/google-protobuf@v3.21.2-YDUqZL2TTSsy2lGtfuND/dist=es2019,mode=imports/optimized/google-protobuf.js:778:11)
    at Object.jspb.asserts.assert (https://cdn.skypack.dev/-/google-protobuf@v3.21.2-YDUqZL2TTSsy2lGtfuND/dist=es2019,mode=imports/optimized/google-protobuf.js:783:23)
    at jspb.BinaryDecoder.advance (https://cdn.skypack.dev/-/google-protobuf@v3.21.2-YDUqZL2TTSsy2lGtfuND/dist=es2019,mode=imports/optimized/google-protobuf.js:4081:18)
    at jspb.BinaryReader.skipDelimitedField (https://cdn.skypack.dev/-/google-protobuf@v3.21.2-YDUqZL2TTSsy2lGtfuND/dist=es2019,mode=imports/optimized/google-protobuf.js:4402:21)
    at jspb.BinaryReader.skipField (https://cdn.skypack.dev/-/google-protobuf@v3.21.2-YDUqZL2TTSsy2lGtfuND/dist=es2019,mode=imports/optimized/google-protobuf.js:4435:14)
    at Function.deserialize (file:///Users/thesayyn/Documents/thesayyn/protoc-gen-ts/target/debug/build/protoc_gen_ts-8cec2bec66276c47/out/test_conformance/test_messages_proto2.ts:865:24)
    at file:///Users/thesayyn/Documents/thesayyn/protoc-gen-ts/tests/conformance/bin/main.ts:30:78

  protobuf_test_messages.proto3.TestAllTypesProto3 1
  Error: Assertion failed
    at Object.jspb.asserts.doAssertFailure (https://cdn.skypack.dev/-/google-protobuf@v3.21.2-YDUqZL2TTSsy2lGtfuND/dist=es2019,mode=imports/optimized/google-protobuf.js:778:11)
    at Object.jspb.asserts.assert (https://cdn.skypack.dev/-/google-protobuf@v3.21.2-YDUqZL2TTSsy2lGtfuND/dist=es2019,mode=imports/optimized/google-protobuf.js:783:23)
    at jspb.BinaryDecoder.readUnsignedVarint32 (https://cdn.skypack.dev/-/google-protobuf@v3.21.2-YDUqZL2TTSsy2lGtfuND/dist=es2019,mode=imports/optimized/google-protobuf.js:4150:18)
    at jspb.BinaryReader.getFieldDecoder (https://cdn.skypack.dev/-/google-protobuf@v3.21.2-YDUqZL2TTSsy2lGtfuND/dist=es2019,mode=imports/optimized/google-protobuf.js:4526:27)
    at Function.deserialize (file:///Users/thesayyn/Documents/thesayyn/protoc-gen-ts/target/debug/build/protoc_gen_ts-8cec2bec66276c47/out/test_conformance/test_messages_proto3.ts:217:133)
    at file:///Users/thesayyn/Documents/thesayyn/protoc-gen-ts/tests/conformance/bin/main.ts:23:78

  protobuf_test_messages.proto2.TestAllTypesProto2 1
  Error: Assertion failed
    at Object.jspb.asserts.doAssertFailure (https://cdn.skypack.dev/-/google-protobuf@v3.21.2-YDUqZL2TTSsy2lGtfuND/dist=es2019,mode=imports/optimized/google-protobuf.js:778:11)
    at Object.jspb.asserts.assert (https://cdn.skypack.dev/-/google-protobuf@v3.21.2-YDUqZL2TTSsy2lGtfuND/dist=es2019,mode=imports/optimized/google-protobuf.js:783:23)
    at jspb.BinaryDecoder.readUnsignedVarint32 (https://cdn.skypack.dev/-/google-protobuf@v3.21.2-YDUqZL2TTSsy2lGtfuND/dist=es2019,mode=imports/optimized/google-protobuf.js:4150:18)
    at jspb.BinaryReader.getFieldDecoder (https://cdn.skypack.dev/-/google-protobuf@v3.21.2-YDUqZL2TTSsy2lGtfuND/dist=es2019,mode=imports/optimized/google-protobuf.js:4526:27)
    at Function.deserialize (file:///Users/thesayyn/Documents/thesayyn/protoc-gen-ts/target/debug/build/protoc_gen_ts-8cec2bec66276c47/out/test_conformance/test_messages_proto2.ts:193:133)
    at file:///Users/thesayyn/Documents/thesayyn/protoc-gen-ts/tests/conformance/bin/main.ts:30:78

  protobuf_test_messages.proto3.TestAllTypesProto3 1
  Error: Assertion failed
    at Object.jspb.asserts.doAssertFailure (https://cdn.skypack.dev/-/google-protobuf@v3.21.2-YDUqZL2TTSsy2lGtfuND/dist=es2019,mode=imports/optimized/google-protobuf.js:778:11)
    at Object.jspb.asserts.assert (https://cdn.skypack.dev/-/google-protobuf@v3.21.2-YDUqZL2TTSsy2lGtfuND/dist=es2019,mode=imports/optimized/google-protobuf.js:783:23)
    at jspb.BinaryDecoder.readUnsignedVarint32 (https://cdn.skypack.dev/-/google-protobuf@v3.21.2-YDUqZL2TTSsy2lGtfuND/dist=es2019,mode=imports/optimized/google-protobuf.js:4150:18)
    at jspb.BinaryReader.getFieldDecoder (https://cdn.skypack.dev/-/google-protobuf@v3.21.2-YDUqZL2TTSsy2lGtfuND/dist=es2019,mode=imports/optimized/google-protobuf.js:4526:27)
    at Function.deserialize (file:///Users/thesayyn/Documents/thesayyn/protoc-gen-ts/target/debug/build/protoc_gen_ts-8cec2bec66276c47/out/test_conformance/test_messages_proto3.ts:299:136)
    at file:///Users/thesayyn/Documents/thesayyn/protoc-gen-ts/tests/conformance/bin/main.ts:23:78

  protobuf_test_messages.proto2.TestAllTypesProto2 1
  Error: Assertion failed
    at Object.jspb.asserts.doAssertFailure (https://cdn.skypack.dev/-/google-protobuf@v3.21.2-YDUqZL2TTSsy2lGtfuND/dist=es2019,mode=imports/optimized/google-protobuf.js:778:11)
    at Object.jspb.asserts.assert (https://cdn.skypack.dev/-/google-protobuf@v3.21.2-YDUqZL2TTSsy2lGtfuND/dist=es2019,mode=imports/optimized/google-protobuf.js:783:23)
    at jspb.BinaryDecoder.readUnsignedVarint32 (https://cdn.skypack.dev/-/google-protobuf@v3.21.2-YDUqZL2TTSsy2lGtfuND/dist=es2019,mode=imports/optimized/google-protobuf.js:4150:18)
    at jspb.BinaryReader.getFieldDecoder (https://cdn.skypack.dev/-/google-protobuf@v3.21.2-YDUqZL2TTSsy2lGtfuND/dist=es2019,mode=imports/optimized/google-protobuf.js:4526:27)
    at Function.deserialize (file:///Users/thesayyn/Documents/thesayyn/protoc-gen-ts/target/debug/build/protoc_gen_ts-8cec2bec66276c47/out/test_conformance/test_messages_proto2.ts:259:136)
    at file:///Users/thesayyn/Documents/thesayyn/protoc-gen-ts/tests/conformance/bin/main.ts:30:78

  protobuf_test_messages.proto3.TestAllTypesProto3 1
  Error: Assertion failed
    at Object.jspb.asserts.doAssertFailure (https://cdn.skypack.dev/-/google-protobuf@v3.21.2-YDUqZL2TTSsy2lGtfuND/dist=es2019,mode=imports/optimized/google-protobuf.js:778:11)
    at Object.jspb.asserts.assert (https://cdn.skypack.dev/-/google-protobuf@v3.21.2-YDUqZL2TTSsy2lGtfuND/dist=es2019,mode=imports/optimized/google-protobuf.js:783:23)
    at jspb.BinaryDecoder.readUnsignedVarint32 (https://cdn.skypack.dev/-/google-protobuf@v3.21.2-YDUqZL2TTSsy2lGtfuND/dist=es2019,mode=imports/optimized/google-protobuf.js:4150:18)
    at jspb.BinaryReader.skipDelimitedField (https://cdn.skypack.dev/-/google-protobuf@v3.21.2-YDUqZL2TTSsy2lGtfuND/dist=es2019,mode=imports/optimized/google-protobuf.js:4401:29)
    at jspb.BinaryReader.skipField (https://cdn.skypack.dev/-/google-protobuf@v3.21.2-YDUqZL2TTSsy2lGtfuND/dist=es2019,mode=imports/optimized/google-protobuf.js:4435:14)
    at Function.deserialize (file:///Users/thesayyn/Documents/thesayyn/protoc-gen-ts/target/debug/build/protoc_gen_ts-8cec2bec66276c47/out/test_conformance/test_messages_proto3.ts:958:24)
    at file:///Users/thesayyn/Documents/thesayyn/protoc-gen-ts/tests/conformance/bin/main.ts:23:78

  protobuf_test_messages.proto2.TestAllTypesProto2 1
  Error: Assertion failed
    at Object.jspb.asserts.doAssertFailure (https://cdn.skypack.dev/-/google-protobuf@v3.21.2-YDUqZL2TTSsy2lGtfuND/dist=es2019,mode=imports/optimized/google-protobuf.js:778:11)
    at Object.jspb.asserts.assert (https://cdn.skypack.dev/-/google-protobuf@v3.21.2-YDUqZL2TTSsy2lGtfuND/dist=es2019,mode=imports/optimized/google-protobuf.js:783:23)
    at jspb.BinaryDecoder.readUnsignedVarint32 (https://cdn.skypack.dev/-/google-protobuf@v3.21.2-YDUqZL2TTSsy2lGtfuND/dist=es2019,mode=imports/optimized/google-protobuf.js:4150:18)
    at jspb.BinaryReader.skipDelimitedField (https://cdn.skypack.dev/-/google-protobuf@v3.21.2-YDUqZL2TTSsy2lGtfuND/dist=es2019,mode=imports/optimized/google-protobuf.js:4401:29)
    at jspb.BinaryReader.skipField (https://cdn.skypack.dev/-/google-protobuf@v3.21.2-YDUqZL2TTSsy2lGtfuND/dist=es2019,mode=imports/optimized/google-protobuf.js:4435:14)
    at Function.deserialize (file:///Users/thesayyn/Documents/thesayyn/protoc-gen-ts/target/debug/build/protoc_gen_ts-8cec2bec66276c47/out/test_conformance/test_messages_proto2.ts:865:24)
    at file:///Users/thesayyn/Documents/thesayyn/protoc-gen-ts/tests/conformance/bin/main.ts:30:78

  protobuf_test_messages.proto3.TestAllTypesProto3 1
  Error: Assertion failed
    at Object.jspb.asserts.doAssertFailure (https://cdn.skypack.dev/-/google-protobuf@v3.21.2-YDUqZL2TTSsy2lGtfuND/dist=es2019,mode=imports/optimized/google-protobuf.js:778:11)
    at Object.jspb.asserts.assert (https://cdn.skypack.dev/-/google-protobuf@v3.21.2-YDUqZL2TTSsy2lGtfuND/dist=es2019,mode=imports/optimized/google-protobuf.js:783:23)
    at jspb.BinaryDecoder.readUnsignedVarint32 (https://cdn.skypack.dev/-/google-protobuf@v3.21.2-YDUqZL2TTSsy2lGtfuND/dist=es2019,mode=imports/optimized/google-protobuf.js:4150:18)
    at jspb.BinaryReader.getFieldDecoder (https://cdn.skypack.dev/-/google-protobuf@v3.21.2-YDUqZL2TTSsy2lGtfuND/dist=es2019,mode=imports/optimized/google-protobuf.js:4526:27)
    at Function.deserialize (file:///Users/thesayyn/Documents/thesayyn/protoc-gen-ts/target/debug/build/protoc_gen_ts-8cec2bec66276c47/out/test_conformance/test_messages_proto3.ts:217:133)
    at file:///Users/thesayyn/Documents/thesayyn/protoc-gen-ts/tests/conformance/bin/main.ts:23:78

  protobuf_test_messages.proto2.TestAllTypesProto2 1
  Error: Assertion failed
    at Object.jspb.asserts.doAssertFailure (https://cdn.skypack.dev/-/google-protobuf@v3.21.2-YDUqZL2TTSsy2lGtfuND/dist=es2019,mode=imports/optimized/google-protobuf.js:778:11)
    at Object.jspb.asserts.assert (https://cdn.skypack.dev/-/google-protobuf@v3.21.2-YDUqZL2TTSsy2lGtfuND/dist=es2019,mode=imports/optimized/google-protobuf.js:783:23)
    at jspb.BinaryDecoder.readUnsignedVarint32 (https://cdn.skypack.dev/-/google-protobuf@v3.21.2-YDUqZL2TTSsy2lGtfuND/dist=es2019,mode=imports/optimized/google-protobuf.js:4150:18)
    at jspb.BinaryReader.getFieldDecoder (https://cdn.skypack.dev/-/google-protobuf@v3.21.2-YDUqZL2TTSsy2lGtfuND/dist=es2019,mode=imports/optimized/google-protobuf.js:4526:27)
    at Function.deserialize (file:///Users/thesayyn/Documents/thesayyn/protoc-gen-ts/target/debug/build/protoc_gen_ts-8cec2bec66276c47/out/test_conformance/test_messages_proto2.ts:193:133)
    at file:///Users/thesayyn/Documents/thesayyn/protoc-gen-ts/tests/conformance/bin/main.ts:30:78

  protobuf_test_messages.proto3.TestAllTypesProto3 1
  Error: Assertion failed
    at Object.jspb.asserts.doAssertFailure (https://cdn.skypack.dev/-/google-protobuf@v3.21.2-YDUqZL2TTSsy2lGtfuND/dist=es2019,mode=imports/optimized/google-protobuf.js:778:11)
    at Object.jspb.asserts.assert (https://cdn.skypack.dev/-/google-protobuf@v3.21.2-YDUqZL2TTSsy2lGtfuND/dist=es2019,mode=imports/optimized/google-protobuf.js:783:23)
    at jspb.BinaryDecoder.readUnsignedVarint32 (https://cdn.skypack.dev/-/google-protobuf@v3.21.2-YDUqZL2TTSsy2lGtfuND/dist=es2019,mode=imports/optimized/google-protobuf.js:4150:18)
    at jspb.BinaryReader.getFieldDecoder (https://cdn.skypack.dev/-/google-protobuf@v3.21.2-YDUqZL2TTSsy2lGtfuND/dist=es2019,mode=imports/optimized/google-protobuf.js:4526:27)
    at Function.deserialize (file:///Users/thesayyn/Documents/thesayyn/protoc-gen-ts/target/debug/build/protoc_gen_ts-8cec2bec66276c47/out/test_conformance/test_messages_proto3.ts:299:136)
    at file:///Users/thesayyn/Documents/thesayyn/protoc-gen-ts/tests/conformance/bin/main.ts:23:78

  protobuf_test_messages.proto2.TestAllTypesProto2 1
  Error: Assertion failed
    at Object.jspb.asserts.doAssertFailure (https://cdn.skypack.dev/-/google-protobuf@v3.21.2-YDUqZL2TTSsy2lGtfuND/dist=es2019,mode=imports/optimized/google-protobuf.js:778:11)
    at Object.jspb.asserts.assert (https://cdn.skypack.dev/-/google-protobuf@v3.21.2-YDUqZL2TTSsy2lGtfuND/dist=es2019,mode=imports/optimized/google-protobuf.js:783:23)
    at jspb.BinaryDecoder.readUnsignedVarint32 (https://cdn.skypack.dev/-/google-protobuf@v3.21.2-YDUqZL2TTSsy2lGtfuND/dist=es2019,mode=imports/optimized/google-protobuf.js:4150:18)
    at jspb.BinaryReader.getFieldDecoder (https://cdn.skypack.dev/-/google-protobuf@v3.21.2-YDUqZL2TTSsy2lGtfuND/dist=es2019,mode=imports/optimized/google-protobuf.js:4526:27)
    at Function.deserialize (file:///Users/thesayyn/Documents/thesayyn/protoc-gen-ts/target/debug/build/protoc_gen_ts-8cec2bec66276c47/out/test_conformance/test_messages_proto2.ts:259:136)
    at file:///Users/thesayyn/Documents/thesayyn/protoc-gen-ts/tests/conformance/bin/main.ts:30:78

  protobuf_test_messages.proto3.TestAllTypesProto3 1
  Error: Assertion failed
    at Object.jspb.asserts.doAssertFailure (https://cdn.skypack.dev/-/google-protobuf@v3.21.2-YDUqZL2TTSsy2lGtfuND/dist=es2019,mode=imports/optimized/google-protobuf.js:778:11)
    at Object.jspb.asserts.assert (https://cdn.skypack.dev/-/google-protobuf@v3.21.2-YDUqZL2TTSsy2lGtfuND/dist=es2019,mode=imports/optimized/google-protobuf.js:783:23)
    at jspb.BinaryDecoder.readUnsignedVarint32 (https://cdn.skypack.dev/-/google-protobuf@v3.21.2-YDUqZL2TTSsy2lGtfuND/dist=es2019,mode=imports/optimized/google-protobuf.js:4150:18)
    at jspb.BinaryReader.skipDelimitedField (https://cdn.skypack.dev/-/google-protobuf@v3.21.2-YDUqZL2TTSsy2lGtfuND/dist=es2019,mode=imports/optimized/google-protobuf.js:4401:29)
    at jspb.BinaryReader.skipField (https://cdn.skypack.dev/-/google-protobuf@v3.21.2-YDUqZL2TTSsy2lGtfuND/dist=es2019,mode=imports/optimized/google-protobuf.js:4435:14)
    at Function.deserialize (file:///Users/thesayyn/Documents/thesayyn/protoc-gen-ts/target/debug/build/protoc_gen_ts-8cec2bec66276c47/out/test_conformance/test_messages_proto3.ts:958:24)
    at file:///Users/thesayyn/Documents/thesayyn/protoc-gen-ts/tests/conformance/bin/main.ts:23:78

  protobuf_test_messages.proto2.TestAllTypesProto2 1
  Error: Assertion failed
    at Object.jspb.asserts.doAssertFailure (https://cdn.skypack.dev/-/google-protobuf@v3.21.2-YDUqZL2TTSsy2lGtfuND/dist=es2019,mode=imports/optimized/google-protobuf.js:778:11)
    at Object.jspb.asserts.assert (https://cdn.skypack.dev/-/google-protobuf@v3.21.2-YDUqZL2TTSsy2lGtfuND/dist=es2019,mode=imports/optimized/google-protobuf.js:783:23)
    at jspb.BinaryDecoder.readUnsignedVarint32 (https://cdn.skypack.dev/-/google-protobuf@v3.21.2-YDUqZL2TTSsy2lGtfuND/dist=es2019,mode=imports/optimized/google-protobuf.js:4150:18)
    at jspb.BinaryReader.skipDelimitedField (https://cdn.skypack.dev/-/google-protobuf@v3.21.2-YDUqZL2TTSsy2lGtfuND/dist=es2019,mode=imports/optimized/google-protobuf.js:4401:29)
    at jspb.BinaryReader.skipField (https://cdn.skypack.dev/-/google-protobuf@v3.21.2-YDUqZL2TTSsy2lGtfuND/dist=es2019,mode=imports/optimized/google-protobuf.js:4435:14)
    at Function.deserialize (file:///Users/thesayyn/Documents/thesayyn/protoc-gen-ts/target/debug/build/protoc_gen_ts-8cec2bec66276c47/out/test_conformance/test_messages_proto2.ts:865:24)
    at file:///Users/thesayyn/Documents/thesayyn/protoc-gen-ts/tests/conformance/bin/main.ts:30:78

  protobuf_test_messages.proto3.TestAllTypesProto3 1
  Error: Assertion failed
    at Object.jspb.asserts.doAssertFailure (https://cdn.skypack.dev/-/google-protobuf@v3.21.2-YDUqZL2TTSsy2lGtfuND/dist=es2019,mode=imports/optimized/google-protobuf.js:778:11)
    at Object.jspb.asserts.assert (https://cdn.skypack.dev/-/google-protobuf@v3.21.2-YDUqZL2TTSsy2lGtfuND/dist=es2019,mode=imports/optimized/google-protobuf.js:783:23)
    at jspb.BinaryDecoder.advance (https://cdn.skypack.dev/-/google-protobuf@v3.21.2-YDUqZL2TTSsy2lGtfuND/dist=es2019,mode=imports/optimized/google-protobuf.js:4081:18)
    at jspb.BinaryReader.skipDelimitedField (https://cdn.skypack.dev/-/google-protobuf@v3.21.2-YDUqZL2TTSsy2lGtfuND/dist=es2019,mode=imports/optimized/google-protobuf.js:4402:21)
    at jspb.BinaryReader.skipField (https://cdn.skypack.dev/-/google-protobuf@v3.21.2-YDUqZL2TTSsy2lGtfuND/dist=es2019,mode=imports/optimized/google-protobuf.js:4435:14)
    at Function.deserialize (file:///Users/thesayyn/Documents/thesayyn/protoc-gen-ts/target/debug/build/protoc_gen_ts-8cec2bec66276c47/out/test_conformance/test_messages_proto3.ts:1608:24)
    at Function.deserialize (file:///Users/thesayyn/Documents/thesayyn/protoc-gen-ts/target/debug/build/protoc_gen_ts-8cec2bec66276c47/out/test_conformance/test_messages_proto3.ts:217:118)
    at file:///Users/thesayyn/Documents/thesayyn/protoc-gen-ts/tests/conformance/bin/main.ts:23:78

  protobuf_test_messages.proto2.TestAllTypesProto2 1
  Error: Assertion failed
    at Object.jspb.asserts.doAssertFailure (https://cdn.skypack.dev/-/google-protobuf@v3.21.2-YDUqZL2TTSsy2lGtfuND/dist=es2019,mode=imports/optimized/google-protobuf.js:778:11)
    at Object.jspb.asserts.assert (https://cdn.skypack.dev/-/google-protobuf@v3.21.2-YDUqZL2TTSsy2lGtfuND/dist=es2019,mode=imports/optimized/google-protobuf.js:783:23)
    at jspb.BinaryDecoder.advance (https://cdn.skypack.dev/-/google-protobuf@v3.21.2-YDUqZL2TTSsy2lGtfuND/dist=es2019,mode=imports/optimized/google-protobuf.js:4081:18)
    at jspb.BinaryReader.skipDelimitedField (https://cdn.skypack.dev/-/google-protobuf@v3.21.2-YDUqZL2TTSsy2lGtfuND/dist=es2019,mode=imports/optimized/google-protobuf.js:4402:21)
    at jspb.BinaryReader.skipField (https://cdn.skypack.dev/-/google-protobuf@v3.21.2-YDUqZL2TTSsy2lGtfuND/dist=es2019,mode=imports/optimized/google-protobuf.js:4435:14)
    at Function.deserialize (file:///Users/thesayyn/Documents/thesayyn/protoc-gen-ts/target/debug/build/protoc_gen_ts-8cec2bec66276c47/out/test_conformance/test_messages_proto2.ts:1430:24)
    at Function.deserialize (file:///Users/thesayyn/Documents/thesayyn/protoc-gen-ts/target/debug/build/protoc_gen_ts-8cec2bec66276c47/out/test_conformance/test_messages_proto2.ts:193:118)
    at file:///Users/thesayyn/Documents/thesayyn/protoc-gen-ts/tests/conformance/bin/main.ts:30:78

  protobuf_test_messages.proto3.TestAllTypesProto3 1
  Error: Assertion failed
    at Object.jspb.asserts.doAssertFailure (https://cdn.skypack.dev/-/google-protobuf@v3.21.2-YDUqZL2TTSsy2lGtfuND/dist=es2019,mode=imports/optimized/google-protobuf.js:778:11)
    at Object.jspb.asserts.assert (https://cdn.skypack.dev/-/google-protobuf@v3.21.2-YDUqZL2TTSsy2lGtfuND/dist=es2019,mode=imports/optimized/google-protobuf.js:783:23)
    at jspb.BinaryDecoder.advance (https://cdn.skypack.dev/-/google-protobuf@v3.21.2-YDUqZL2TTSsy2lGtfuND/dist=es2019,mode=imports/optimized/google-protobuf.js:4081:18)
    at jspb.BinaryReader.skipDelimitedField (https://cdn.skypack.dev/-/google-protobuf@v3.21.2-YDUqZL2TTSsy2lGtfuND/dist=es2019,mode=imports/optimized/google-protobuf.js:4402:21)
    at jspb.BinaryReader.skipField (https://cdn.skypack.dev/-/google-protobuf@v3.21.2-YDUqZL2TTSsy2lGtfuND/dist=es2019,mode=imports/optimized/google-protobuf.js:4435:14)
    at Function.deserialize (file:///Users/thesayyn/Documents/thesayyn/protoc-gen-ts/target/debug/build/protoc_gen_ts-8cec2bec66276c47/out/test_conformance/test_messages_proto3.ts:1608:24)
    at Function.deserialize (file:///Users/thesayyn/Documents/thesayyn/protoc-gen-ts/target/debug/build/protoc_gen_ts-8cec2bec66276c47/out/test_conformance/test_messages_proto3.ts:299:121)
    at file:///Users/thesayyn/Documents/thesayyn/protoc-gen-ts/tests/conformance/bin/main.ts:23:78

  protobuf_test_messages.proto2.TestAllTypesProto2 1
  Error: Assertion failed
    at Object.jspb.asserts.doAssertFailure (https://cdn.skypack.dev/-/google-protobuf@v3.21.2-YDUqZL2TTSsy2lGtfuND/dist=es2019,mode=imports/optimized/google-protobuf.js:778:11)
    at Object.jspb.asserts.assert (https://cdn.skypack.dev/-/google-protobuf@v3.21.2-YDUqZL2TTSsy2lGtfuND/dist=es2019,mode=imports/optimized/google-protobuf.js:783:23)
    at jspb.BinaryDecoder.advance (https://cdn.skypack.dev/-/google-protobuf@v3.21.2-YDUqZL2TTSsy2lGtfuND/dist=es2019,mode=imports/optimized/google-protobuf.js:4081:18)
    at jspb.BinaryReader.skipDelimitedField (https://cdn.skypack.dev/-/google-protobuf@v3.21.2-YDUqZL2TTSsy2lGtfuND/dist=es2019,mode=imports/optimized/google-protobuf.js:4402:21)
    at jspb.BinaryReader.skipField (https://cdn.skypack.dev/-/google-protobuf@v3.21.2-YDUqZL2TTSsy2lGtfuND/dist=es2019,mode=imports/optimized/google-protobuf.js:4435:14)
    at Function.deserialize (file:///Users/thesayyn/Documents/thesayyn/protoc-gen-ts/target/debug/build/protoc_gen_ts-8cec2bec66276c47/out/test_conformance/test_messages_proto2.ts:1430:24)
    at Function.deserialize (file:///Users/thesayyn/Documents/thesayyn/protoc-gen-ts/target/debug/build/protoc_gen_ts-8cec2bec66276c47/out/test_conformance/test_messages_proto2.ts:259:121)
    at file:///Users/thesayyn/Documents/thesayyn/protoc-gen-ts/tests/conformance/bin/main.ts:30:78

  protobuf_test_messages.proto3.TestAllTypesProto3 1
  Error: Assertion failed
    at Object.jspb.asserts.doAssertFailure (https://cdn.skypack.dev/-/google-protobuf@v3.21.2-YDUqZL2TTSsy2lGtfuND/dist=es2019,mode=imports/optimized/google-protobuf.js:778:11)
    at Object.jspb.asserts.assert (https://cdn.skypack.dev/-/google-protobuf@v3.21.2-YDUqZL2TTSsy2lGtfuND/dist=es2019,mode=imports/optimized/google-protobuf.js:783:23)
    at jspb.BinaryDecoder.advance (https://cdn.skypack.dev/-/google-protobuf@v3.21.2-YDUqZL2TTSsy2lGtfuND/dist=es2019,mode=imports/optimized/google-protobuf.js:4081:18)
    at jspb.BinaryReader.skipDelimitedField (https://cdn.skypack.dev/-/google-protobuf@v3.21.2-YDUqZL2TTSsy2lGtfuND/dist=es2019,mode=imports/optimized/google-protobuf.js:4402:21)
    at jspb.BinaryReader.skipField (https://cdn.skypack.dev/-/google-protobuf@v3.21.2-YDUqZL2TTSsy2lGtfuND/dist=es2019,mode=imports/optimized/google-protobuf.js:4435:14)
    at Function.deserialize (file:///Users/thesayyn/Documents/thesayyn/protoc-gen-ts/target/debug/build/protoc_gen_ts-8cec2bec66276c47/out/test_conformance/test_messages_proto3.ts:958:24)
    at file:///Users/thesayyn/Documents/thesayyn/protoc-gen-ts/tests/conformance/bin/main.ts:23:78

  protobuf_test_messages.proto2.TestAllTypesProto2 1
  Error: Assertion failed
    at Object.jspb.asserts.doAssertFailure (https://cdn.skypack.dev/-/google-protobuf@v3.21.2-YDUqZL2TTSsy2lGtfuND/dist=es2019,mode=imports/optimized/google-protobuf.js:778:11)
    at Object.jspb.asserts.assert (https://cdn.skypack.dev/-/google-protobuf@v3.21.2-YDUqZL2TTSsy2lGtfuND/dist=es2019,mode=imports/optimized/google-protobuf.js:783:23)
    at jspb.BinaryDecoder.advance (https://cdn.skypack.dev/-/google-protobuf@v3.21.2-YDUqZL2TTSsy2lGtfuND/dist=es2019,mode=imports/optimized/google-protobuf.js:4081:18)
    at jspb.BinaryReader.skipDelimitedField (https://cdn.skypack.dev/-/google-protobuf@v3.21.2-YDUqZL2TTSsy2lGtfuND/dist=es2019,mode=imports/optimized/google-protobuf.js:4402:21)
    at jspb.BinaryReader.skipField (https://cdn.skypack.dev/-/google-protobuf@v3.21.2-YDUqZL2TTSsy2lGtfuND/dist=es2019,mode=imports/optimized/google-protobuf.js:4435:14)
    at Function.deserialize (file:///Users/thesayyn/Documents/thesayyn/protoc-gen-ts/target/debug/build/protoc_gen_ts-8cec2bec66276c47/out/test_conformance/test_messages_proto2.ts:865:24)
    at file:///Users/thesayyn/Documents/thesayyn/protoc-gen-ts/tests/conformance/bin/main.ts:30:78

  protobuf_test_messages.proto3.TestAllTypesProto3 1
  Error: Assertion failed
    at Object.jspb.asserts.doAssertFailure (https://cdn.skypack.dev/-/google-protobuf@v3.21.2-YDUqZL2TTSsy2lGtfuND/dist=es2019,mode=imports/optimized/google-protobuf.js:778:11)
    at Object.jspb.asserts.assert (https://cdn.skypack.dev/-/google-protobuf@v3.21.2-YDUqZL2TTSsy2lGtfuND/dist=es2019,mode=imports/optimized/google-protobuf.js:783:23)
    at jspb.BinaryDecoder.readUnsignedVarint32 (https://cdn.skypack.dev/-/google-protobuf@v3.21.2-YDUqZL2TTSsy2lGtfuND/dist=es2019,mode=imports/optimized/google-protobuf.js:4150:18)
    at jspb.BinaryReader.readBytes (https://cdn.skypack.dev/-/google-protobuf@v3.21.2-YDUqZL2TTSsy2lGtfuND/dist=es2019,mode=imports/optimized/google-protobuf.js:4641:27)
    at Function.deserialize (file:///Users/thesayyn/Documents/thesayyn/protoc-gen-ts/target/debug/build/protoc_gen_ts-8cec2bec66276c47/out/test_conformance/test_messages_proto3.ts:214:49)
    at file:///Users/thesayyn/Documents/thesayyn/protoc-gen-ts/tests/conformance/bin/main.ts:23:78

  protobuf_test_messages.proto2.TestAllTypesProto2 1
  Error: Assertion failed
    at Object.jspb.asserts.doAssertFailure (https://cdn.skypack.dev/-/google-protobuf@v3.21.2-YDUqZL2TTSsy2lGtfuND/dist=es2019,mode=imports/optimized/google-protobuf.js:778:11)
    at Object.jspb.asserts.assert (https://cdn.skypack.dev/-/google-protobuf@v3.21.2-YDUqZL2TTSsy2lGtfuND/dist=es2019,mode=imports/optimized/google-protobuf.js:783:23)
    at jspb.BinaryDecoder.readUnsignedVarint32 (https://cdn.skypack.dev/-/google-protobuf@v3.21.2-YDUqZL2TTSsy2lGtfuND/dist=es2019,mode=imports/optimized/google-protobuf.js:4150:18)
    at jspb.BinaryReader.readBytes (https://cdn.skypack.dev/-/google-protobuf@v3.21.2-YDUqZL2TTSsy2lGtfuND/dist=es2019,mode=imports/optimized/google-protobuf.js:4641:27)
    at Function.deserialize (file:///Users/thesayyn/Documents/thesayyn/protoc-gen-ts/target/debug/build/protoc_gen_ts-8cec2bec66276c47/out/test_conformance/test_messages_proto2.ts:190:49)
    at file:///Users/thesayyn/Documents/thesayyn/protoc-gen-ts/tests/conformance/bin/main.ts:30:78

  protobuf_test_messages.proto3.TestAllTypesProto3 1
  Error: Assertion failed
    at Object.jspb.asserts.doAssertFailure (https://cdn.skypack.dev/-/google-protobuf@v3.21.2-YDUqZL2TTSsy2lGtfuND/dist=es2019,mode=imports/optimized/google-protobuf.js:778:11)
    at Object.jspb.asserts.assert (https://cdn.skypack.dev/-/google-protobuf@v3.21.2-YDUqZL2TTSsy2lGtfuND/dist=es2019,mode=imports/optimized/google-protobuf.js:783:23)
    at jspb.BinaryDecoder.readUnsignedVarint32 (https://cdn.skypack.dev/-/google-protobuf@v3.21.2-YDUqZL2TTSsy2lGtfuND/dist=es2019,mode=imports/optimized/google-protobuf.js:4150:18)
    at jspb.BinaryReader.readBytes (https://cdn.skypack.dev/-/google-protobuf@v3.21.2-YDUqZL2TTSsy2lGtfuND/dist=es2019,mode=imports/optimized/google-protobuf.js:4641:27)
    at Function.deserialize (file:///Users/thesayyn/Documents/thesayyn/protoc-gen-ts/target/debug/build/protoc_gen_ts-8cec2bec66276c47/out/test_conformance/test_messages_proto3.ts:296:52)
    at file:///Users/thesayyn/Documents/thesayyn/protoc-gen-ts/tests/conformance/bin/main.ts:23:78

  protobuf_test_messages.proto2.TestAllTypesProto2 1
  Error: Assertion failed
    at Object.jspb.asserts.doAssertFailure (https://cdn.skypack.dev/-/google-protobuf@v3.21.2-YDUqZL2TTSsy2lGtfuND/dist=es2019,mode=imports/optimized/google-protobuf.js:778:11)
    at Object.jspb.asserts.assert (https://cdn.skypack.dev/-/google-protobuf@v3.21.2-YDUqZL2TTSsy2lGtfuND/dist=es2019,mode=imports/optimized/google-protobuf.js:783:23)
    at jspb.BinaryDecoder.readUnsignedVarint32 (https://cdn.skypack.dev/-/google-protobuf@v3.21.2-YDUqZL2TTSsy2lGtfuND/dist=es2019,mode=imports/optimized/google-protobuf.js:4150:18)
    at jspb.BinaryReader.readBytes (https://cdn.skypack.dev/-/google-protobuf@v3.21.2-YDUqZL2TTSsy2lGtfuND/dist=es2019,mode=imports/optimized/google-protobuf.js:4641:27)
    at Function.deserialize (file:///Users/thesayyn/Documents/thesayyn/protoc-gen-ts/target/debug/build/protoc_gen_ts-8cec2bec66276c47/out/test_conformance/test_messages_proto2.ts:256:52)
    at file:///Users/thesayyn/Documents/thesayyn/protoc-gen-ts/tests/conformance/bin/main.ts:30:78

  protobuf_test_messages.proto3.TestAllTypesProto3 1
  Error: Assertion failed
    at Object.jspb.asserts.doAssertFailure (https://cdn.skypack.dev/-/google-protobuf@v3.21.2-YDUqZL2TTSsy2lGtfuND/dist=es2019,mode=imports/optimized/google-protobuf.js:778:11)
    at Object.jspb.asserts.assert (https://cdn.skypack.dev/-/google-protobuf@v3.21.2-YDUqZL2TTSsy2lGtfuND/dist=es2019,mode=imports/optimized/google-protobuf.js:783:23)
    at jspb.BinaryDecoder.readUnsignedVarint32 (https://cdn.skypack.dev/-/google-protobuf@v3.21.2-YDUqZL2TTSsy2lGtfuND/dist=es2019,mode=imports/optimized/google-protobuf.js:4150:18)
    at jspb.BinaryReader.skipDelimitedField (https://cdn.skypack.dev/-/google-protobuf@v3.21.2-YDUqZL2TTSsy2lGtfuND/dist=es2019,mode=imports/optimized/google-protobuf.js:4401:29)
    at jspb.BinaryReader.skipField (https://cdn.skypack.dev/-/google-protobuf@v3.21.2-YDUqZL2TTSsy2lGtfuND/dist=es2019,mode=imports/optimized/google-protobuf.js:4435:14)
    at Function.deserialize (file:///Users/thesayyn/Documents/thesayyn/protoc-gen-ts/target/debug/build/protoc_gen_ts-8cec2bec66276c47/out/test_conformance/test_messages_proto3.ts:958:24)
    at file:///Users/thesayyn/Documents/thesayyn/protoc-gen-ts/tests/conformance/bin/main.ts:23:78

  protobuf_test_messages.proto2.TestAllTypesProto2 1
  Error: Assertion failed
    at Object.jspb.asserts.doAssertFailure (https://cdn.skypack.dev/-/google-protobuf@v3.21.2-YDUqZL2TTSsy2lGtfuND/dist=es2019,mode=imports/optimized/google-protobuf.js:778:11)
    at Object.jspb.asserts.assert (https://cdn.skypack.dev/-/google-protobuf@v3.21.2-YDUqZL2TTSsy2lGtfuND/dist=es2019,mode=imports/optimized/google-protobuf.js:783:23)
    at jspb.BinaryDecoder.readUnsignedVarint32 (https://cdn.skypack.dev/-/google-protobuf@v3.21.2-YDUqZL2TTSsy2lGtfuND/dist=es2019,mode=imports/optimized/google-protobuf.js:4150:18)
    at jspb.BinaryReader.skipDelimitedField (https://cdn.skypack.dev/-/google-protobuf@v3.21.2-YDUqZL2TTSsy2lGtfuND/dist=es2019,mode=imports/optimized/google-protobuf.js:4401:29)
    at jspb.BinaryReader.skipField (https://cdn.skypack.dev/-/google-protobuf@v3.21.2-YDUqZL2TTSsy2lGtfuND/dist=es2019,mode=imports/optimized/google-protobuf.js:4435:14)
    at Function.deserialize (file:///Users/thesayyn/Documents/thesayyn/protoc-gen-ts/target/debug/build/protoc_gen_ts-8cec2bec66276c47/out/test_conformance/test_messages_proto2.ts:865:24)
    at file:///Users/thesayyn/Documents/thesayyn/protoc-gen-ts/tests/conformance/bin/main.ts:30:78

  protobuf_test_messages.proto3.TestAllTypesProto3 1
  Error: Assertion failed
    at Object.jspb.asserts.doAssertFailure (https://cdn.skypack.dev/-/google-protobuf@v3.21.2-YDUqZL2TTSsy2lGtfuND/dist=es2019,mode=imports/optimized/google-protobuf.js:778:11)
    at Object.jspb.asserts.assert (https://cdn.skypack.dev/-/google-protobuf@v3.21.2-YDUqZL2TTSsy2lGtfuND/dist=es2019,mode=imports/optimized/google-protobuf.js:783:23)
    at jspb.BinaryDecoder.readUnsignedVarint32 (https://cdn.skypack.dev/-/google-protobuf@v3.21.2-YDUqZL2TTSsy2lGtfuND/dist=es2019,mode=imports/optimized/google-protobuf.js:4150:18)
    at jspb.BinaryReader.readBytes (https://cdn.skypack.dev/-/google-protobuf@v3.21.2-YDUqZL2TTSsy2lGtfuND/dist=es2019,mode=imports/optimized/google-protobuf.js:4641:27)
    at Function.deserialize (file:///Users/thesayyn/Documents/thesayyn/protoc-gen-ts/target/debug/build/protoc_gen_ts-8cec2bec66276c47/out/test_conformance/test_messages_proto3.ts:214:49)
    at file:///Users/thesayyn/Documents/thesayyn/protoc-gen-ts/tests/conformance/bin/main.ts:23:78

  protobuf_test_messages.proto2.TestAllTypesProto2 1
  Error: Assertion failed
    at Object.jspb.asserts.doAssertFailure (https://cdn.skypack.dev/-/google-protobuf@v3.21.2-YDUqZL2TTSsy2lGtfuND/dist=es2019,mode=imports/optimized/google-protobuf.js:778:11)
    at Object.jspb.asserts.assert (https://cdn.skypack.dev/-/google-protobuf@v3.21.2-YDUqZL2TTSsy2lGtfuND/dist=es2019,mode=imports/optimized/google-protobuf.js:783:23)
    at jspb.BinaryDecoder.readUnsignedVarint32 (https://cdn.skypack.dev/-/google-protobuf@v3.21.2-YDUqZL2TTSsy2lGtfuND/dist=es2019,mode=imports/optimized/google-protobuf.js:4150:18)
    at jspb.BinaryReader.readBytes (https://cdn.skypack.dev/-/google-protobuf@v3.21.2-YDUqZL2TTSsy2lGtfuND/dist=es2019,mode=imports/optimized/google-protobuf.js:4641:27)
    at Function.deserialize (file:///Users/thesayyn/Documents/thesayyn/protoc-gen-ts/target/debug/build/protoc_gen_ts-8cec2bec66276c47/out/test_conformance/test_messages_proto2.ts:190:49)
    at file:///Users/thesayyn/Documents/thesayyn/protoc-gen-ts/tests/conformance/bin/main.ts:30:78

  protobuf_test_messages.proto3.TestAllTypesProto3 1
  Error: Assertion failed
    at Object.jspb.asserts.doAssertFailure (https://cdn.skypack.dev/-/google-protobuf@v3.21.2-YDUqZL2TTSsy2lGtfuND/dist=es2019,mode=imports/optimized/google-protobuf.js:778:11)
    at Object.jspb.asserts.assert (https://cdn.skypack.dev/-/google-protobuf@v3.21.2-YDUqZL2TTSsy2lGtfuND/dist=es2019,mode=imports/optimized/google-protobuf.js:783:23)
    at jspb.BinaryDecoder.readUnsignedVarint32 (https://cdn.skypack.dev/-/google-protobuf@v3.21.2-YDUqZL2TTSsy2lGtfuND/dist=es2019,mode=imports/optimized/google-protobuf.js:4150:18)
    at jspb.BinaryReader.readBytes (https://cdn.skypack.dev/-/google-protobuf@v3.21.2-YDUqZL2TTSsy2lGtfuND/dist=es2019,mode=imports/optimized/google-protobuf.js:4641:27)
    at Function.deserialize (file:///Users/thesayyn/Documents/thesayyn/protoc-gen-ts/target/debug/build/protoc_gen_ts-8cec2bec66276c47/out/test_conformance/test_messages_proto3.ts:296:52)
    at file:///Users/thesayyn/Documents/thesayyn/protoc-gen-ts/tests/conformance/bin/main.ts:23:78

  protobuf_test_messages.proto2.TestAllTypesProto2 1
  Error: Assertion failed
    at Object.jspb.asserts.doAssertFailure (https://cdn.skypack.dev/-/google-protobuf@v3.21.2-YDUqZL2TTSsy2lGtfuND/dist=es2019,mode=imports/optimized/google-protobuf.js:778:11)
    at Object.jspb.asserts.assert (https://cdn.skypack.dev/-/google-protobuf@v3.21.2-YDUqZL2TTSsy2lGtfuND/dist=es2019,mode=imports/optimized/google-protobuf.js:783:23)
    at jspb.BinaryDecoder.readUnsignedVarint32 (https://cdn.skypack.dev/-/google-protobuf@v3.21.2-YDUqZL2TTSsy2lGtfuND/dist=es2019,mode=imports/optimized/google-protobuf.js:4150:18)
    at jspb.BinaryReader.readBytes (https://cdn.skypack.dev/-/google-protobuf@v3.21.2-YDUqZL2TTSsy2lGtfuND/dist=es2019,mode=imports/optimized/google-protobuf.js:4641:27)
    at Function.deserialize (file:///Users/thesayyn/Documents/thesayyn/protoc-gen-ts/target/debug/build/protoc_gen_ts-8cec2bec66276c47/out/test_conformance/test_messages_proto2.ts:256:52)
    at file:///Users/thesayyn/Documents/thesayyn/protoc-gen-ts/tests/conformance/bin/main.ts:30:78

  protobuf_test_messages.proto3.TestAllTypesProto3 1
  Error: Assertion failed
    at Object.jspb.asserts.doAssertFailure (https://cdn.skypack.dev/-/google-protobuf@v3.21.2-YDUqZL2TTSsy2lGtfuND/dist=es2019,mode=imports/optimized/google-protobuf.js:778:11)
    at Object.jspb.asserts.assert (https://cdn.skypack.dev/-/google-protobuf@v3.21.2-YDUqZL2TTSsy2lGtfuND/dist=es2019,mode=imports/optimized/google-protobuf.js:783:23)
    at jspb.BinaryDecoder.readUnsignedVarint32 (https://cdn.skypack.dev/-/google-protobuf@v3.21.2-YDUqZL2TTSsy2lGtfuND/dist=es2019,mode=imports/optimized/google-protobuf.js:4150:18)
    at jspb.BinaryReader.skipDelimitedField (https://cdn.skypack.dev/-/google-protobuf@v3.21.2-YDUqZL2TTSsy2lGtfuND/dist=es2019,mode=imports/optimized/google-protobuf.js:4401:29)
    at jspb.BinaryReader.skipField (https://cdn.skypack.dev/-/google-protobuf@v3.21.2-YDUqZL2TTSsy2lGtfuND/dist=es2019,mode=imports/optimized/google-protobuf.js:4435:14)
    at Function.deserialize (file:///Users/thesayyn/Documents/thesayyn/protoc-gen-ts/target/debug/build/protoc_gen_ts-8cec2bec66276c47/out/test_conformance/test_messages_proto3.ts:958:24)
    at file:///Users/thesayyn/Documents/thesayyn/protoc-gen-ts/tests/conformance/bin/main.ts:23:78

  protobuf_test_messages.proto2.TestAllTypesProto2 1
  Error: Assertion failed
    at Object.jspb.asserts.doAssertFailure (https://cdn.skypack.dev/-/google-protobuf@v3.21.2-YDUqZL2TTSsy2lGtfuND/dist=es2019,mode=imports/optimized/google-protobuf.js:778:11)
    at Object.jspb.asserts.assert (https://cdn.skypack.dev/-/google-protobuf@v3.21.2-YDUqZL2TTSsy2lGtfuND/dist=es2019,mode=imports/optimized/google-protobuf.js:783:23)
    at jspb.BinaryDecoder.readUnsignedVarint32 (https://cdn.skypack.dev/-/google-protobuf@v3.21.2-YDUqZL2TTSsy2lGtfuND/dist=es2019,mode=imports/optimized/google-protobuf.js:4150:18)
    at jspb.BinaryReader.skipDelimitedField (https://cdn.skypack.dev/-/google-protobuf@v3.21.2-YDUqZL2TTSsy2lGtfuND/dist=es2019,mode=imports/optimized/google-protobuf.js:4401:29)
    at jspb.BinaryReader.skipField (https://cdn.skypack.dev/-/google-protobuf@v3.21.2-YDUqZL2TTSsy2lGtfuND/dist=es2019,mode=imports/optimized/google-protobuf.js:4435:14)
    at Function.deserialize (file:///Users/thesayyn/Documents/thesayyn/protoc-gen-ts/target/debug/build/protoc_gen_ts-8cec2bec66276c47/out/test_conformance/test_messages_proto2.ts:865:24)
    at file:///Users/thesayyn/Documents/thesayyn/protoc-gen-ts/tests/conformance/bin/main.ts:30:78

  protobuf_test_messages.proto3.TestAllTypesProto3 1
  Error: Failure: Invalid byte length!
    at Object.jspb.asserts.fail (https://cdn.skypack.dev/-/google-protobuf@v3.21.2-YDUqZL2TTSsy2lGtfuND/dist=es2019,mode=imports/optimized/google-protobuf.js:801:11)
    at jspb.BinaryDecoder.readBytes (https://cdn.skypack.dev/-/google-protobuf@v3.21.2-YDUqZL2TTSsy2lGtfuND/dist=es2019,mode=imports/optimized/google-protobuf.js:4289:47)
    at jspb.BinaryReader.readBytes (https://cdn.skypack.dev/-/google-protobuf@v3.21.2-YDUqZL2TTSsy2lGtfuND/dist=es2019,mode=imports/optimized/google-protobuf.js:4642:26)
    at Function.deserialize (file:///Users/thesayyn/Documents/thesayyn/protoc-gen-ts/target/debug/build/protoc_gen_ts-8cec2bec66276c47/out/test_conformance/test_messages_proto3.ts:214:49)
    at file:///Users/thesayyn/Documents/thesayyn/protoc-gen-ts/tests/conformance/bin/main.ts:23:78

  protobuf_test_messages.proto2.TestAllTypesProto2 1
  Error: Failure: Invalid byte length!
    at Object.jspb.asserts.fail (https://cdn.skypack.dev/-/google-protobuf@v3.21.2-YDUqZL2TTSsy2lGtfuND/dist=es2019,mode=imports/optimized/google-protobuf.js:801:11)
    at jspb.BinaryDecoder.readBytes (https://cdn.skypack.dev/-/google-protobuf@v3.21.2-YDUqZL2TTSsy2lGtfuND/dist=es2019,mode=imports/optimized/google-protobuf.js:4289:47)
    at jspb.BinaryReader.readBytes (https://cdn.skypack.dev/-/google-protobuf@v3.21.2-YDUqZL2TTSsy2lGtfuND/dist=es2019,mode=imports/optimized/google-protobuf.js:4642:26)
    at Function.deserialize (file:///Users/thesayyn/Documents/thesayyn/protoc-gen-ts/target/debug/build/protoc_gen_ts-8cec2bec66276c47/out/test_conformance/test_messages_proto2.ts:190:49)
    at file:///Users/thesayyn/Documents/thesayyn/protoc-gen-ts/tests/conformance/bin/main.ts:30:78

  protobuf_test_messages.proto3.TestAllTypesProto3 1
  Error: Failure: Invalid byte length!
    at Object.jspb.asserts.fail (https://cdn.skypack.dev/-/google-protobuf@v3.21.2-YDUqZL2TTSsy2lGtfuND/dist=es2019,mode=imports/optimized/google-protobuf.js:801:11)
    at jspb.BinaryDecoder.readBytes (https://cdn.skypack.dev/-/google-protobuf@v3.21.2-YDUqZL2TTSsy2lGtfuND/dist=es2019,mode=imports/optimized/google-protobuf.js:4289:47)
    at jspb.BinaryReader.readBytes (https://cdn.skypack.dev/-/google-protobuf@v3.21.2-YDUqZL2TTSsy2lGtfuND/dist=es2019,mode=imports/optimized/google-protobuf.js:4642:26)
    at Function.deserialize (file:///Users/thesayyn/Documents/thesayyn/protoc-gen-ts/target/debug/build/protoc_gen_ts-8cec2bec66276c47/out/test_conformance/test_messages_proto3.ts:296:52)
    at file:///Users/thesayyn/Documents/thesayyn/protoc-gen-ts/tests/conformance/bin/main.ts:23:78

  protobuf_test_messages.proto2.TestAllTypesProto2 1
  Error: Failure: Invalid byte length!
    at Object.jspb.asserts.fail (https://cdn.skypack.dev/-/google-protobuf@v3.21.2-YDUqZL2TTSsy2lGtfuND/dist=es2019,mode=imports/optimized/google-protobuf.js:801:11)
    at jspb.BinaryDecoder.readBytes (https://cdn.skypack.dev/-/google-protobuf@v3.21.2-YDUqZL2TTSsy2lGtfuND/dist=es2019,mode=imports/optimized/google-protobuf.js:4289:47)
    at jspb.BinaryReader.readBytes (https://cdn.skypack.dev/-/google-protobuf@v3.21.2-YDUqZL2TTSsy2lGtfuND/dist=es2019,mode=imports/optimized/google-protobuf.js:4642:26)
    at Function.deserialize (file:///Users/thesayyn/Documents/thesayyn/protoc-gen-ts/target/debug/build/protoc_gen_ts-8cec2bec66276c47/out/test_conformance/test_messages_proto2.ts:256:52)
    at file:///Users/thesayyn/Documents/thesayyn/protoc-gen-ts/tests/conformance/bin/main.ts:30:78

  protobuf_test_messages.proto3.TestAllTypesProto3 1
  Error: Assertion failed
    at Object.jspb.asserts.doAssertFailure (https://cdn.skypack.dev/-/google-protobuf@v3.21.2-YDUqZL2TTSsy2lGtfuND/dist=es2019,mode=imports/optimized/google-protobuf.js:778:11)
    at Object.jspb.asserts.assert (https://cdn.skypack.dev/-/google-protobuf@v3.21.2-YDUqZL2TTSsy2lGtfuND/dist=es2019,mode=imports/optimized/google-protobuf.js:783:23)
    at jspb.BinaryDecoder.advance (https://cdn.skypack.dev/-/google-protobuf@v3.21.2-YDUqZL2TTSsy2lGtfuND/dist=es2019,mode=imports/optimized/google-protobuf.js:4081:18)
    at jspb.BinaryReader.skipDelimitedField (https://cdn.skypack.dev/-/google-protobuf@v3.21.2-YDUqZL2TTSsy2lGtfuND/dist=es2019,mode=imports/optimized/google-protobuf.js:4402:21)
    at jspb.BinaryReader.skipField (https://cdn.skypack.dev/-/google-protobuf@v3.21.2-YDUqZL2TTSsy2lGtfuND/dist=es2019,mode=imports/optimized/google-protobuf.js:4435:14)
    at Function.deserialize (file:///Users/thesayyn/Documents/thesayyn/protoc-gen-ts/target/debug/build/protoc_gen_ts-8cec2bec66276c47/out/test_conformance/test_messages_proto3.ts:958:24)
    at file:///Users/thesayyn/Documents/thesayyn/protoc-gen-ts/tests/conformance/bin/main.ts:23:78

  protobuf_test_messages.proto2.TestAllTypesProto2 1
  Error: Assertion failed
    at Object.jspb.asserts.doAssertFailure (https://cdn.skypack.dev/-/google-protobuf@v3.21.2-YDUqZL2TTSsy2lGtfuND/dist=es2019,mode=imports/optimized/google-protobuf.js:778:11)
    at Object.jspb.asserts.assert (https://cdn.skypack.dev/-/google-protobuf@v3.21.2-YDUqZL2TTSsy2lGtfuND/dist=es2019,mode=imports/optimized/google-protobuf.js:783:23)
    at jspb.BinaryDecoder.advance (https://cdn.skypack.dev/-/google-protobuf@v3.21.2-YDUqZL2TTSsy2lGtfuND/dist=es2019,mode=imports/optimized/google-protobuf.js:4081:18)
    at jspb.BinaryReader.skipDelimitedField (https://cdn.skypack.dev/-/google-protobuf@v3.21.2-YDUqZL2TTSsy2lGtfuND/dist=es2019,mode=imports/optimized/google-protobuf.js:4402:21)
    at jspb.BinaryReader.skipField (https://cdn.skypack.dev/-/google-protobuf@v3.21.2-YDUqZL2TTSsy2lGtfuND/dist=es2019,mode=imports/optimized/google-protobuf.js:4435:14)
    at Function.deserialize (file:///Users/thesayyn/Documents/thesayyn/protoc-gen-ts/target/debug/build/protoc_gen_ts-8cec2bec66276c47/out/test_conformance/test_messages_proto2.ts:865:24)
    at file:///Users/thesayyn/Documents/thesayyn/protoc-gen-ts/tests/conformance/bin/main.ts:30:78

  protobuf_test_messages.proto3.TestAllTypesProto3 1
  Error: Assertion failed
    at Object.jspb.asserts.doAssertFailure (https://cdn.skypack.dev/-/google-protobuf@v3.21.2-YDUqZL2TTSsy2lGtfuND/dist=es2019,mode=imports/optimized/google-protobuf.js:778:11)
    at Object.jspb.asserts.assert (https://cdn.skypack.dev/-/google-protobuf@v3.21.2-YDUqZL2TTSsy2lGtfuND/dist=es2019,mode=imports/optimized/google-protobuf.js:783:23)
    at jspb.BinaryDecoder.readUnsignedVarint32 (https://cdn.skypack.dev/-/google-protobuf@v3.21.2-YDUqZL2TTSsy2lGtfuND/dist=es2019,mode=imports/optimized/google-protobuf.js:4150:18)
    at jspb.BinaryReader.readUint32 (https://cdn.skypack.dev/-/google-protobuf@v3.21.2-YDUqZL2TTSsy2lGtfuND/dist=es2019,mode=imports/optimized/google-protobuf.js:4551:26)
    at Function.deserialize (file:///Users/thesayyn/Documents/thesayyn/protoc-gen-ts/target/debug/build/protoc_gen_ts-8cec2bec66276c47/out/test_conformance/test_messages_proto3.ts:178:50)
    at file:///Users/thesayyn/Documents/thesayyn/protoc-gen-ts/tests/conformance/bin/main.ts:23:78

  protobuf_test_messages.proto2.TestAllTypesProto2 1
  Error: Assertion failed
    at Object.jspb.asserts.doAssertFailure (https://cdn.skypack.dev/-/google-protobuf@v3.21.2-YDUqZL2TTSsy2lGtfuND/dist=es2019,mode=imports/optimized/google-protobuf.js:778:11)
    at Object.jspb.asserts.assert (https://cdn.skypack.dev/-/google-protobuf@v3.21.2-YDUqZL2TTSsy2lGtfuND/dist=es2019,mode=imports/optimized/google-protobuf.js:783:23)
    at jspb.BinaryDecoder.readUnsignedVarint32 (https://cdn.skypack.dev/-/google-protobuf@v3.21.2-YDUqZL2TTSsy2lGtfuND/dist=es2019,mode=imports/optimized/google-protobuf.js:4150:18)
    at jspb.BinaryReader.readUint32 (https://cdn.skypack.dev/-/google-protobuf@v3.21.2-YDUqZL2TTSsy2lGtfuND/dist=es2019,mode=imports/optimized/google-protobuf.js:4551:26)
    at Function.deserialize (file:///Users/thesayyn/Documents/thesayyn/protoc-gen-ts/target/debug/build/protoc_gen_ts-8cec2bec66276c47/out/test_conformance/test_messages_proto2.ts:154:50)
    at file:///Users/thesayyn/Documents/thesayyn/protoc-gen-ts/tests/conformance/bin/main.ts:30:78

  protobuf_test_messages.proto3.TestAllTypesProto3 1
  Error: Assertion failed
    at Object.jspb.asserts.doAssertFailure (https://cdn.skypack.dev/-/google-protobuf@v3.21.2-YDUqZL2TTSsy2lGtfuND/dist=es2019,mode=imports/optimized/google-protobuf.js:778:11)
    at Object.jspb.asserts.assert (https://cdn.skypack.dev/-/google-protobuf@v3.21.2-YDUqZL2TTSsy2lGtfuND/dist=es2019,mode=imports/optimized/google-protobuf.js:783:23)
    at jspb.BinaryDecoder.readUnsignedVarint32 (https://cdn.skypack.dev/-/google-protobuf@v3.21.2-YDUqZL2TTSsy2lGtfuND/dist=es2019,mode=imports/optimized/google-protobuf.js:4150:18)
    at jspb.BinaryReader.readUint32 (https://cdn.skypack.dev/-/google-protobuf@v3.21.2-YDUqZL2TTSsy2lGtfuND/dist=es2019,mode=imports/optimized/google-protobuf.js:4551:26)
    at Function.deserialize (file:///Users/thesayyn/Documents/thesayyn/protoc-gen-ts/target/debug/build/protoc_gen_ts-8cec2bec66276c47/out/test_conformance/test_messages_proto3.ts:250:58)
    at file:///Users/thesayyn/Documents/thesayyn/protoc-gen-ts/tests/conformance/bin/main.ts:23:78

  protobuf_test_messages.proto2.TestAllTypesProto2 1
  Error: Assertion failed
    at Object.jspb.asserts.doAssertFailure (https://cdn.skypack.dev/-/google-protobuf@v3.21.2-YDUqZL2TTSsy2lGtfuND/dist=es2019,mode=imports/optimized/google-protobuf.js:778:11)
    at Object.jspb.asserts.assert (https://cdn.skypack.dev/-/google-protobuf@v3.21.2-YDUqZL2TTSsy2lGtfuND/dist=es2019,mode=imports/optimized/google-protobuf.js:783:23)
    at jspb.BinaryDecoder.readUnsignedVarint32 (https://cdn.skypack.dev/-/google-protobuf@v3.21.2-YDUqZL2TTSsy2lGtfuND/dist=es2019,mode=imports/optimized/google-protobuf.js:4150:18)
    at jspb.BinaryReader.readUint32 (https://cdn.skypack.dev/-/google-protobuf@v3.21.2-YDUqZL2TTSsy2lGtfuND/dist=es2019,mode=imports/optimized/google-protobuf.js:4551:26)
    at Function.deserialize (file:///Users/thesayyn/Documents/thesayyn/protoc-gen-ts/target/debug/build/protoc_gen_ts-8cec2bec66276c47/out/test_conformance/test_messages_proto2.ts:220:53)
    at file:///Users/thesayyn/Documents/thesayyn/protoc-gen-ts/tests/conformance/bin/main.ts:30:78

  protobuf_test_messages.proto3.TestAllTypesProto3 1
  Error: Failure: Decoder hit an error
    at Object.jspb.asserts.fail (https://cdn.skypack.dev/-/google-protobuf@v3.21.2-YDUqZL2TTSsy2lGtfuND/dist=es2019,mode=imports/optimized/google-protobuf.js:801:11)
    at jspb.BinaryReader.nextField (https://cdn.skypack.dev/-/google-protobuf@v3.21.2-YDUqZL2TTSsy2lGtfuND/dist=es2019,mode=imports/optimized/google-protobuf.js:4374:27)
    at Function.deserialize (file:///Users/thesayyn/Documents/thesayyn/protoc-gen-ts/target/debug/build/protoc_gen_ts-8cec2bec66276c47/out/test_conformance/test_messages_proto3.ts:169:18)
    at file:///Users/thesayyn/Documents/thesayyn/protoc-gen-ts/tests/conformance/bin/main.ts:23:78

  protobuf_test_messages.proto2.TestAllTypesProto2 1
  Error: Failure: Decoder hit an error
    at Object.jspb.asserts.fail (https://cdn.skypack.dev/-/google-protobuf@v3.21.2-YDUqZL2TTSsy2lGtfuND/dist=es2019,mode=imports/optimized/google-protobuf.js:801:11)
    at jspb.BinaryReader.nextField (https://cdn.skypack.dev/-/google-protobuf@v3.21.2-YDUqZL2TTSsy2lGtfuND/dist=es2019,mode=imports/optimized/google-protobuf.js:4374:27)
    at Function.deserialize (file:///Users/thesayyn/Documents/thesayyn/protoc-gen-ts/target/debug/build/protoc_gen_ts-8cec2bec66276c47/out/test_conformance/test_messages_proto2.ts:145:18)
    at file:///Users/thesayyn/Documents/thesayyn/protoc-gen-ts/tests/conformance/bin/main.ts:30:78

  protobuf_test_messages.proto3.TestAllTypesProto3 1
  Error: Assertion failed
    at Object.jspb.asserts.doAssertFailure (https://cdn.skypack.dev/-/google-protobuf@v3.21.2-YDUqZL2TTSsy2lGtfuND/dist=es2019,mode=imports/optimized/google-protobuf.js:778:11)
    at Object.jspb.asserts.assert (https://cdn.skypack.dev/-/google-protobuf@v3.21.2-YDUqZL2TTSsy2lGtfuND/dist=es2019,mode=imports/optimized/google-protobuf.js:783:23)
    at jspb.BinaryDecoder.readUnsignedVarint32 (https://cdn.skypack.dev/-/google-protobuf@v3.21.2-YDUqZL2TTSsy2lGtfuND/dist=es2019,mode=imports/optimized/google-protobuf.js:4150:18)
    at jspb.BinaryReader.readUint32 (https://cdn.skypack.dev/-/google-protobuf@v3.21.2-YDUqZL2TTSsy2lGtfuND/dist=es2019,mode=imports/optimized/google-protobuf.js:4551:26)
    at Function.deserialize (file:///Users/thesayyn/Documents/thesayyn/protoc-gen-ts/target/debug/build/protoc_gen_ts-8cec2bec66276c47/out/test_conformance/test_messages_proto3.ts:178:50)
    at file:///Users/thesayyn/Documents/thesayyn/protoc-gen-ts/tests/conformance/bin/main.ts:23:78

  protobuf_test_messages.proto2.TestAllTypesProto2 1
  Error: Assertion failed
    at Object.jspb.asserts.doAssertFailure (https://cdn.skypack.dev/-/google-protobuf@v3.21.2-YDUqZL2TTSsy2lGtfuND/dist=es2019,mode=imports/optimized/google-protobuf.js:778:11)
    at Object.jspb.asserts.assert (https://cdn.skypack.dev/-/google-protobuf@v3.21.2-YDUqZL2TTSsy2lGtfuND/dist=es2019,mode=imports/optimized/google-protobuf.js:783:23)
    at jspb.BinaryDecoder.readUnsignedVarint32 (https://cdn.skypack.dev/-/google-protobuf@v3.21.2-YDUqZL2TTSsy2lGtfuND/dist=es2019,mode=imports/optimized/google-protobuf.js:4150:18)
    at jspb.BinaryReader.readUint32 (https://cdn.skypack.dev/-/google-protobuf@v3.21.2-YDUqZL2TTSsy2lGtfuND/dist=es2019,mode=imports/optimized/google-protobuf.js:4551:26)
    at Function.deserialize (file:///Users/thesayyn/Documents/thesayyn/protoc-gen-ts/target/debug/build/protoc_gen_ts-8cec2bec66276c47/out/test_conformance/test_messages_proto2.ts:154:50)
    at file:///Users/thesayyn/Documents/thesayyn/protoc-gen-ts/tests/conformance/bin/main.ts:30:78

  protobuf_test_messages.proto3.TestAllTypesProto3 1
  Error: Assertion failed
    at Object.jspb.asserts.doAssertFailure (https://cdn.skypack.dev/-/google-protobuf@v3.21.2-YDUqZL2TTSsy2lGtfuND/dist=es2019,mode=imports/optimized/google-protobuf.js:778:11)
    at Object.jspb.asserts.assert (https://cdn.skypack.dev/-/google-protobuf@v3.21.2-YDUqZL2TTSsy2lGtfuND/dist=es2019,mode=imports/optimized/google-protobuf.js:783:23)
    at jspb.BinaryDecoder.readUnsignedVarint32 (https://cdn.skypack.dev/-/google-protobuf@v3.21.2-YDUqZL2TTSsy2lGtfuND/dist=es2019,mode=imports/optimized/google-protobuf.js:4150:18)
    at jspb.BinaryReader.readUint32 (https://cdn.skypack.dev/-/google-protobuf@v3.21.2-YDUqZL2TTSsy2lGtfuND/dist=es2019,mode=imports/optimized/google-protobuf.js:4551:26)
    at Function.deserialize (file:///Users/thesayyn/Documents/thesayyn/protoc-gen-ts/target/debug/build/protoc_gen_ts-8cec2bec66276c47/out/test_conformance/test_messages_proto3.ts:250:58)
    at file:///Users/thesayyn/Documents/thesayyn/protoc-gen-ts/tests/conformance/bin/main.ts:23:78

  protobuf_test_messages.proto2.TestAllTypesProto2 1
  Error: Assertion failed
    at Object.jspb.asserts.doAssertFailure (https://cdn.skypack.dev/-/google-protobuf@v3.21.2-YDUqZL2TTSsy2lGtfuND/dist=es2019,mode=imports/optimized/google-protobuf.js:778:11)
    at Object.jspb.asserts.assert (https://cdn.skypack.dev/-/google-protobuf@v3.21.2-YDUqZL2TTSsy2lGtfuND/dist=es2019,mode=imports/optimized/google-protobuf.js:783:23)
    at jspb.BinaryDecoder.readUnsignedVarint32 (https://cdn.skypack.dev/-/google-protobuf@v3.21.2-YDUqZL2TTSsy2lGtfuND/dist=es2019,mode=imports/optimized/google-protobuf.js:4150:18)
    at jspb.BinaryReader.readUint32 (https://cdn.skypack.dev/-/google-protobuf@v3.21.2-YDUqZL2TTSsy2lGtfuND/dist=es2019,mode=imports/optimized/google-protobuf.js:4551:26)
    at Function.deserialize (file:///Users/thesayyn/Documents/thesayyn/protoc-gen-ts/target/debug/build/protoc_gen_ts-8cec2bec66276c47/out/test_conformance/test_messages_proto2.ts:220:53)
    at file:///Users/thesayyn/Documents/thesayyn/protoc-gen-ts/tests/conformance/bin/main.ts:30:78

  protobuf_test_messages.proto3.TestAllTypesProto3 1
  Error: Failure: Decoder hit an error
    at Object.jspb.asserts.fail (https://cdn.skypack.dev/-/google-protobuf@v3.21.2-YDUqZL2TTSsy2lGtfuND/dist=es2019,mode=imports/optimized/google-protobuf.js:801:11)
    at jspb.BinaryReader.nextField (https://cdn.skypack.dev/-/google-protobuf@v3.21.2-YDUqZL2TTSsy2lGtfuND/dist=es2019,mode=imports/optimized/google-protobuf.js:4374:27)
    at Function.deserialize (file:///Users/thesayyn/Documents/thesayyn/protoc-gen-ts/target/debug/build/protoc_gen_ts-8cec2bec66276c47/out/test_conformance/test_messages_proto3.ts:169:18)
    at file:///Users/thesayyn/Documents/thesayyn/protoc-gen-ts/tests/conformance/bin/main.ts:23:78

  protobuf_test_messages.proto2.TestAllTypesProto2 1
  Error: Failure: Decoder hit an error
    at Object.jspb.asserts.fail (https://cdn.skypack.dev/-/google-protobuf@v3.21.2-YDUqZL2TTSsy2lGtfuND/dist=es2019,mode=imports/optimized/google-protobuf.js:801:11)
    at jspb.BinaryReader.nextField (https://cdn.skypack.dev/-/google-protobuf@v3.21.2-YDUqZL2TTSsy2lGtfuND/dist=es2019,mode=imports/optimized/google-protobuf.js:4374:27)
    at Function.deserialize (file:///Users/thesayyn/Documents/thesayyn/protoc-gen-ts/target/debug/build/protoc_gen_ts-8cec2bec66276c47/out/test_conformance/test_messages_proto2.ts:145:18)
    at file:///Users/thesayyn/Documents/thesayyn/protoc-gen-ts/tests/conformance/bin/main.ts:30:78

  protobuf_test_messages.proto3.TestAllTypesProto3 1
  Error: Assertion failed
    at Object.jspb.asserts.doAssertFailure (https://cdn.skypack.dev/-/google-protobuf@v3.21.2-YDUqZL2TTSsy2lGtfuND/dist=es2019,mode=imports/optimized/google-protobuf.js:778:11)
    at Object.jspb.asserts.assert (https://cdn.skypack.dev/-/google-protobuf@v3.21.2-YDUqZL2TTSsy2lGtfuND/dist=es2019,mode=imports/optimized/google-protobuf.js:783:23)
    at jspb.BinaryDecoder.readUnsignedVarint32 (https://cdn.skypack.dev/-/google-protobuf@v3.21.2-YDUqZL2TTSsy2lGtfuND/dist=es2019,mode=imports/optimized/google-protobuf.js:4150:18)
    at jspb.BinaryReader.readPackedField_ (https://cdn.skypack.dev/-/google-protobuf@v3.21.2-YDUqZL2TTSsy2lGtfuND/dist=es2019,mode=imports/optimized/google-protobuf.js:4676:16)
    at jspb.BinaryReader.readPackedUint32 (https://cdn.skypack.dev/-/google-protobuf@v3.21.2-YDUqZL2TTSsy2lGtfuND/dist=es2019,mode=imports/optimized/google-protobuf.js:4694:17)
    at Function.deserialize (file:///Users/thesayyn/Documents/thesayyn/protoc-gen-ts/target/debug/build/protoc_gen_ts-8cec2bec66276c47/out/test_conformance/test_messages_proto3.ts:249:78)
    at file:///Users/thesayyn/Documents/thesayyn/protoc-gen-ts/tests/conformance/bin/main.ts:23:78

  protobuf_test_messages.proto2.TestAllTypesProto2 1
  Error: Assertion failed
    at Object.jspb.asserts.doAssertFailure (https://cdn.skypack.dev/-/google-protobuf@v3.21.2-YDUqZL2TTSsy2lGtfuND/dist=es2019,mode=imports/optimized/google-protobuf.js:778:11)
    at Object.jspb.asserts.assert (https://cdn.skypack.dev/-/google-protobuf@v3.21.2-YDUqZL2TTSsy2lGtfuND/dist=es2019,mode=imports/optimized/google-protobuf.js:783:23)
    at jspb.BinaryReader.readUint32 (https://cdn.skypack.dev/-/google-protobuf@v3.21.2-YDUqZL2TTSsy2lGtfuND/dist=es2019,mode=imports/optimized/google-protobuf.js:4550:18)
    at Function.deserialize (file:///Users/thesayyn/Documents/thesayyn/protoc-gen-ts/target/debug/build/protoc_gen_ts-8cec2bec66276c47/out/test_conformance/test_messages_proto2.ts:220:53)
    at file:///Users/thesayyn/Documents/thesayyn/protoc-gen-ts/tests/conformance/bin/main.ts:30:78

  protobuf_test_messages.proto3.TestAllTypesProto3 1
  Error: Assertion failed
    at Object.jspb.asserts.doAssertFailure (https://cdn.skypack.dev/-/google-protobuf@v3.21.2-YDUqZL2TTSsy2lGtfuND/dist=es2019,mode=imports/optimized/google-protobuf.js:778:11)
    at Object.jspb.asserts.assert (https://cdn.skypack.dev/-/google-protobuf@v3.21.2-YDUqZL2TTSsy2lGtfuND/dist=es2019,mode=imports/optimized/google-protobuf.js:783:23)
    at jspb.BinaryDecoder.readUnsignedVarint32 (https://cdn.skypack.dev/-/google-protobuf@v3.21.2-YDUqZL2TTSsy2lGtfuND/dist=es2019,mode=imports/optimized/google-protobuf.js:4150:18)
    at jspb.BinaryReader.readPackedField_ (https://cdn.skypack.dev/-/google-protobuf@v3.21.2-YDUqZL2TTSsy2lGtfuND/dist=es2019,mode=imports/optimized/google-protobuf.js:4676:16)
    at jspb.BinaryReader.readPackedUint32 (https://cdn.skypack.dev/-/google-protobuf@v3.21.2-YDUqZL2TTSsy2lGtfuND/dist=es2019,mode=imports/optimized/google-protobuf.js:4694:17)
    at Function.deserialize (file:///Users/thesayyn/Documents/thesayyn/protoc-gen-ts/target/debug/build/protoc_gen_ts-8cec2bec66276c47/out/test_conformance/test_messages_proto3.ts:249:78)
    at file:///Users/thesayyn/Documents/thesayyn/protoc-gen-ts/tests/conformance/bin/main.ts:23:78

  protobuf_test_messages.proto2.TestAllTypesProto2 1
  Error: Assertion failed
    at Object.jspb.asserts.doAssertFailure (https://cdn.skypack.dev/-/google-protobuf@v3.21.2-YDUqZL2TTSsy2lGtfuND/dist=es2019,mode=imports/optimized/google-protobuf.js:778:11)
    at Object.jspb.asserts.assert (https://cdn.skypack.dev/-/google-protobuf@v3.21.2-YDUqZL2TTSsy2lGtfuND/dist=es2019,mode=imports/optimized/google-protobuf.js:783:23)
    at jspb.BinaryReader.readUint32 (https://cdn.skypack.dev/-/google-protobuf@v3.21.2-YDUqZL2TTSsy2lGtfuND/dist=es2019,mode=imports/optimized/google-protobuf.js:4550:18)
    at Function.deserialize (file:///Users/thesayyn/Documents/thesayyn/protoc-gen-ts/target/debug/build/protoc_gen_ts-8cec2bec66276c47/out/test_conformance/test_messages_proto2.ts:220:53)
    at file:///Users/thesayyn/Documents/thesayyn/protoc-gen-ts/tests/conformance/bin/main.ts:30:78

  protobuf_test_messages.proto3.TestAllTypesProto3 1
  Error: Failure: Failed to read varint, encoding is invalid.
    at Object.jspb.asserts.fail (https://cdn.skypack.dev/-/google-protobuf@v3.21.2-YDUqZL2TTSsy2lGtfuND/dist=es2019,mode=imports/optimized/google-protobuf.js:801:11)
    at jspb.BinaryDecoder.readSplitVarint64 (https://cdn.skypack.dev/-/google-protobuf@v3.21.2-YDUqZL2TTSsy2lGtfuND/dist=es2019,mode=imports/optimized/google-protobuf.js:4101:18)
    at jspb.BinaryDecoder.readSignedVarint64 (https://cdn.skypack.dev/-/google-protobuf@v3.21.2-YDUqZL2TTSsy2lGtfuND/dist=es2019,mode=imports/optimized/google-protobuf.js:4173:17)
    at jspb.BinaryReader.readEnum (https://cdn.skypack.dev/-/google-protobuf@v3.21.2-YDUqZL2TTSsy2lGtfuND/dist=es2019,mode=imports/optimized/google-protobuf.js:4630:26)
    at Function.deserialize (file:///Users/thesayyn/Documents/thesayyn/protoc-gen-ts/target/debug/build/protoc_gen_ts-8cec2bec66276c47/out/test_conformance/test_messages_proto3.ts:223:55)
    at file:///Users/thesayyn/Documents/thesayyn/protoc-gen-ts/tests/conformance/bin/main.ts:23:78

  protobuf_test_messages.proto2.TestAllTypesProto2 1
  Error: Failure: Failed to read varint, encoding is invalid.
    at Object.jspb.asserts.fail (https://cdn.skypack.dev/-/google-protobuf@v3.21.2-YDUqZL2TTSsy2lGtfuND/dist=es2019,mode=imports/optimized/google-protobuf.js:801:11)
    at jspb.BinaryDecoder.readSplitVarint64 (https://cdn.skypack.dev/-/google-protobuf@v3.21.2-YDUqZL2TTSsy2lGtfuND/dist=es2019,mode=imports/optimized/google-protobuf.js:4101:18)
    at jspb.BinaryDecoder.readSignedVarint64 (https://cdn.skypack.dev/-/google-protobuf@v3.21.2-YDUqZL2TTSsy2lGtfuND/dist=es2019,mode=imports/optimized/google-protobuf.js:4173:17)
    at jspb.BinaryReader.readEnum (https://cdn.skypack.dev/-/google-protobuf@v3.21.2-YDUqZL2TTSsy2lGtfuND/dist=es2019,mode=imports/optimized/google-protobuf.js:4630:26)
    at Function.deserialize (file:///Users/thesayyn/Documents/thesayyn/protoc-gen-ts/target/debug/build/protoc_gen_ts-8cec2bec66276c47/out/test_conformance/test_messages_proto2.ts:199:55)
    at file:///Users/thesayyn/Documents/thesayyn/protoc-gen-ts/tests/conformance/bin/main.ts:30:78

  protobuf_test_messages.proto3.TestAllTypesProto3 1
  Error: Failure: Failed to read varint, encoding is invalid.
    at Object.jspb.asserts.fail (https://cdn.skypack.dev/-/google-protobuf@v3.21.2-YDUqZL2TTSsy2lGtfuND/dist=es2019,mode=imports/optimized/google-protobuf.js:801:11)
    at jspb.BinaryDecoder.readSplitVarint64 (https://cdn.skypack.dev/-/google-protobuf@v3.21.2-YDUqZL2TTSsy2lGtfuND/dist=es2019,mode=imports/optimized/google-protobuf.js:4101:18)
    at jspb.BinaryDecoder.readSignedVarint64 (https://cdn.skypack.dev/-/google-protobuf@v3.21.2-YDUqZL2TTSsy2lGtfuND/dist=es2019,mode=imports/optimized/google-protobuf.js:4173:17)
    at jspb.BinaryReader.readEnum (https://cdn.skypack.dev/-/google-protobuf@v3.21.2-YDUqZL2TTSsy2lGtfuND/dist=es2019,mode=imports/optimized/google-protobuf.js:4630:26)
    at Function.deserialize (file:///Users/thesayyn/Documents/thesayyn/protoc-gen-ts/target/debug/build/protoc_gen_ts-8cec2bec66276c47/out/test_conformance/test_messages_proto3.ts:306:63)
    at file:///Users/thesayyn/Documents/thesayyn/protoc-gen-ts/tests/conformance/bin/main.ts:23:78

  protobuf_test_messages.proto2.TestAllTypesProto2 1
  Error: Failure: Failed to read varint, encoding is invalid.
    at Object.jspb.asserts.fail (https://cdn.skypack.dev/-/google-protobuf@v3.21.2-YDUqZL2TTSsy2lGtfuND/dist=es2019,mode=imports/optimized/google-protobuf.js:801:11)
    at jspb.BinaryDecoder.readSplitVarint64 (https://cdn.skypack.dev/-/google-protobuf@v3.21.2-YDUqZL2TTSsy2lGtfuND/dist=es2019,mode=imports/optimized/google-protobuf.js:4101:18)
    at jspb.BinaryDecoder.readSignedVarint64 (https://cdn.skypack.dev/-/google-protobuf@v3.21.2-YDUqZL2TTSsy2lGtfuND/dist=es2019,mode=imports/optimized/google-protobuf.js:4173:17)
    at jspb.BinaryReader.readEnum (https://cdn.skypack.dev/-/google-protobuf@v3.21.2-YDUqZL2TTSsy2lGtfuND/dist=es2019,mode=imports/optimized/google-protobuf.js:4630:26)
    at Function.deserialize (file:///Users/thesayyn/Documents/thesayyn/protoc-gen-ts/target/debug/build/protoc_gen_ts-8cec2bec66276c47/out/test_conformance/test_messages_proto2.ts:265:58)
    at file:///Users/thesayyn/Documents/thesayyn/protoc-gen-ts/tests/conformance/bin/main.ts:30:78

  protobuf_test_messages.proto3.TestAllTypesProto3 1
  Error: Failure: Decoder hit an error
    at Object.jspb.asserts.fail (https://cdn.skypack.dev/-/google-protobuf@v3.21.2-YDUqZL2TTSsy2lGtfuND/dist=es2019,mode=imports/optimized/google-protobuf.js:801:11)
    at jspb.BinaryReader.nextField (https://cdn.skypack.dev/-/google-protobuf@v3.21.2-YDUqZL2TTSsy2lGtfuND/dist=es2019,mode=imports/optimized/google-protobuf.js:4374:27)
    at Function.deserialize (file:///Users/thesayyn/Documents/thesayyn/protoc-gen-ts/target/debug/build/protoc_gen_ts-8cec2bec66276c47/out/test_conformance/test_messages_proto3.ts:169:18)
    at file:///Users/thesayyn/Documents/thesayyn/protoc-gen-ts/tests/conformance/bin/main.ts:23:78

  protobuf_test_messages.proto2.TestAllTypesProto2 1
  Error: Failure: Decoder hit an error
    at Object.jspb.asserts.fail (https://cdn.skypack.dev/-/google-protobuf@v3.21.2-YDUqZL2TTSsy2lGtfuND/dist=es2019,mode=imports/optimized/google-protobuf.js:801:11)
    at jspb.BinaryReader.nextField (https://cdn.skypack.dev/-/google-protobuf@v3.21.2-YDUqZL2TTSsy2lGtfuND/dist=es2019,mode=imports/optimized/google-protobuf.js:4374:27)
    at Function.deserialize (file:///Users/thesayyn/Documents/thesayyn/protoc-gen-ts/target/debug/build/protoc_gen_ts-8cec2bec66276c47/out/test_conformance/test_messages_proto2.ts:145:18)
    at file:///Users/thesayyn/Documents/thesayyn/protoc-gen-ts/tests/conformance/bin/main.ts:30:78

  protobuf_test_messages.proto3.TestAllTypesProto3 1
  Error: Failure: Failed to read varint, encoding is invalid.
    at Object.jspb.asserts.fail (https://cdn.skypack.dev/-/google-protobuf@v3.21.2-YDUqZL2TTSsy2lGtfuND/dist=es2019,mode=imports/optimized/google-protobuf.js:801:11)
    at jspb.BinaryDecoder.readSplitVarint64 (https://cdn.skypack.dev/-/google-protobuf@v3.21.2-YDUqZL2TTSsy2lGtfuND/dist=es2019,mode=imports/optimized/google-protobuf.js:4101:18)
    at jspb.BinaryDecoder.readSignedVarint64 (https://cdn.skypack.dev/-/google-protobuf@v3.21.2-YDUqZL2TTSsy2lGtfuND/dist=es2019,mode=imports/optimized/google-protobuf.js:4173:17)
    at jspb.BinaryReader.readEnum (https://cdn.skypack.dev/-/google-protobuf@v3.21.2-YDUqZL2TTSsy2lGtfuND/dist=es2019,mode=imports/optimized/google-protobuf.js:4630:26)
    at Function.deserialize (file:///Users/thesayyn/Documents/thesayyn/protoc-gen-ts/target/debug/build/protoc_gen_ts-8cec2bec66276c47/out/test_conformance/test_messages_proto3.ts:223:55)
    at file:///Users/thesayyn/Documents/thesayyn/protoc-gen-ts/tests/conformance/bin/main.ts:23:78

  protobuf_test_messages.proto2.TestAllTypesProto2 1
  Error: Failure: Failed to read varint, encoding is invalid.
    at Object.jspb.asserts.fail (https://cdn.skypack.dev/-/google-protobuf@v3.21.2-YDUqZL2TTSsy2lGtfuND/dist=es2019,mode=imports/optimized/google-protobuf.js:801:11)
    at jspb.BinaryDecoder.readSplitVarint64 (https://cdn.skypack.dev/-/google-protobuf@v3.21.2-YDUqZL2TTSsy2lGtfuND/dist=es2019,mode=imports/optimized/google-protobuf.js:4101:18)
    at jspb.BinaryDecoder.readSignedVarint64 (https://cdn.skypack.dev/-/google-protobuf@v3.21.2-YDUqZL2TTSsy2lGtfuND/dist=es2019,mode=imports/optimized/google-protobuf.js:4173:17)
    at jspb.BinaryReader.readEnum (https://cdn.skypack.dev/-/google-protobuf@v3.21.2-YDUqZL2TTSsy2lGtfuND/dist=es2019,mode=imports/optimized/google-protobuf.js:4630:26)
    at Function.deserialize (file:///Users/thesayyn/Documents/thesayyn/protoc-gen-ts/target/debug/build/protoc_gen_ts-8cec2bec66276c47/out/test_conformance/test_messages_proto2.ts:199:55)
    at file:///Users/thesayyn/Documents/thesayyn/protoc-gen-ts/tests/conformance/bin/main.ts:30:78

  protobuf_test_messages.proto3.TestAllTypesProto3 1
  Error: Failure: Failed to read varint, encoding is invalid.
    at Object.jspb.asserts.fail (https://cdn.skypack.dev/-/google-protobuf@v3.21.2-YDUqZL2TTSsy2lGtfuND/dist=es2019,mode=imports/optimized/google-protobuf.js:801:11)
    at jspb.BinaryDecoder.readSplitVarint64 (https://cdn.skypack.dev/-/google-protobuf@v3.21.2-YDUqZL2TTSsy2lGtfuND/dist=es2019,mode=imports/optimized/google-protobuf.js:4101:18)
    at jspb.BinaryDecoder.readSignedVarint64 (https://cdn.skypack.dev/-/google-protobuf@v3.21.2-YDUqZL2TTSsy2lGtfuND/dist=es2019,mode=imports/optimized/google-protobuf.js:4173:17)
    at jspb.BinaryReader.readEnum (https://cdn.skypack.dev/-/google-protobuf@v3.21.2-YDUqZL2TTSsy2lGtfuND/dist=es2019,mode=imports/optimized/google-protobuf.js:4630:26)
    at Function.deserialize (file:///Users/thesayyn/Documents/thesayyn/protoc-gen-ts/target/debug/build/protoc_gen_ts-8cec2bec66276c47/out/test_conformance/test_messages_proto3.ts:306:63)
    at file:///Users/thesayyn/Documents/thesayyn/protoc-gen-ts/tests/conformance/bin/main.ts:23:78

  protobuf_test_messages.proto2.TestAllTypesProto2 1
  Error: Failure: Failed to read varint, encoding is invalid.
    at Object.jspb.asserts.fail (https://cdn.skypack.dev/-/google-protobuf@v3.21.2-YDUqZL2TTSsy2lGtfuND/dist=es2019,mode=imports/optimized/google-protobuf.js:801:11)
    at jspb.BinaryDecoder.readSplitVarint64 (https://cdn.skypack.dev/-/google-protobuf@v3.21.2-YDUqZL2TTSsy2lGtfuND/dist=es2019,mode=imports/optimized/google-protobuf.js:4101:18)
    at jspb.BinaryDecoder.readSignedVarint64 (https://cdn.skypack.dev/-/google-protobuf@v3.21.2-YDUqZL2TTSsy2lGtfuND/dist=es2019,mode=imports/optimized/google-protobuf.js:4173:17)
    at jspb.BinaryReader.readEnum (https://cdn.skypack.dev/-/google-protobuf@v3.21.2-YDUqZL2TTSsy2lGtfuND/dist=es2019,mode=imports/optimized/google-protobuf.js:4630:26)
    at Function.deserialize (file:///Users/thesayyn/Documents/thesayyn/protoc-gen-ts/target/debug/build/protoc_gen_ts-8cec2bec66276c47/out/test_conformance/test_messages_proto2.ts:265:58)
    at file:///Users/thesayyn/Documents/thesayyn/protoc-gen-ts/tests/conformance/bin/main.ts:30:78

  protobuf_test_messages.proto3.TestAllTypesProto3 1
  Error: Failure: Decoder hit an error
    at Object.jspb.asserts.fail (https://cdn.skypack.dev/-/google-protobuf@v3.21.2-YDUqZL2TTSsy2lGtfuND/dist=es2019,mode=imports/optimized/google-protobuf.js:801:11)
    at jspb.BinaryReader.nextField (https://cdn.skypack.dev/-/google-protobuf@v3.21.2-YDUqZL2TTSsy2lGtfuND/dist=es2019,mode=imports/optimized/google-protobuf.js:4374:27)
    at Function.deserialize (file:///Users/thesayyn/Documents/thesayyn/protoc-gen-ts/target/debug/build/protoc_gen_ts-8cec2bec66276c47/out/test_conformance/test_messages_proto3.ts:169:18)
    at file:///Users/thesayyn/Documents/thesayyn/protoc-gen-ts/tests/conformance/bin/main.ts:23:78

  protobuf_test_messages.proto2.TestAllTypesProto2 1
  Error: Failure: Decoder hit an error
    at Object.jspb.asserts.fail (https://cdn.skypack.dev/-/google-protobuf@v3.21.2-YDUqZL2TTSsy2lGtfuND/dist=es2019,mode=imports/optimized/google-protobuf.js:801:11)
    at jspb.BinaryReader.nextField (https://cdn.skypack.dev/-/google-protobuf@v3.21.2-YDUqZL2TTSsy2lGtfuND/dist=es2019,mode=imports/optimized/google-protobuf.js:4374:27)
    at Function.deserialize (file:///Users/thesayyn/Documents/thesayyn/protoc-gen-ts/target/debug/build/protoc_gen_ts-8cec2bec66276c47/out/test_conformance/test_messages_proto2.ts:145:18)
    at file:///Users/thesayyn/Documents/thesayyn/protoc-gen-ts/tests/conformance/bin/main.ts:30:78

  protobuf_test_messages.proto3.TestAllTypesProto3 1
  Error: Assertion failed
    at Object.jspb.asserts.doAssertFailure (https://cdn.skypack.dev/-/google-protobuf@v3.21.2-YDUqZL2TTSsy2lGtfuND/dist=es2019,mode=imports/optimized/google-protobuf.js:778:11)
    at Object.jspb.asserts.assert (https://cdn.skypack.dev/-/google-protobuf@v3.21.2-YDUqZL2TTSsy2lGtfuND/dist=es2019,mode=imports/optimized/google-protobuf.js:783:23)
    at jspb.BinaryDecoder.readUnsignedVarint32 (https://cdn.skypack.dev/-/google-protobuf@v3.21.2-YDUqZL2TTSsy2lGtfuND/dist=es2019,mode=imports/optimized/google-protobuf.js:4150:18)
    at jspb.BinaryDecoder.readSignedVarint32 (https://cdn.skypack.dev/-/google-protobuf@v3.21.2-YDUqZL2TTSsy2lGtfuND/dist=es2019,mode=imports/optimized/google-protobuf.js:4154:19)
    at jspb.BinaryDecoder.readEnum (https://cdn.skypack.dev/-/google-protobuf@v3.21.2-YDUqZL2TTSsy2lGtfuND/dist=es2019,mode=imports/optimized/google-protobuf.js:4251:17)
    at jspb.BinaryReader.readPackedField_ (https://cdn.skypack.dev/-/google-protobuf@v3.21.2-YDUqZL2TTSsy2lGtfuND/dist=es2019,mode=imports/optimized/google-protobuf.js:4676:16)
    at jspb.BinaryReader.readPackedEnum (https://cdn.skypack.dev/-/google-protobuf@v3.21.2-YDUqZL2TTSsy2lGtfuND/dist=es2019,mode=imports/optimized/google-protobuf.js:4753:17)
    at Function.deserialize (file:///Users/thesayyn/Documents/thesayyn/protoc-gen-ts/target/debug/build/protoc_gen_ts-8cec2bec66276c47/out/test_conformance/test_messages_proto3.ts:305:83)
    at file:///Users/thesayyn/Documents/thesayyn/protoc-gen-ts/tests/conformance/bin/main.ts:23:78

  protobuf_test_messages.proto2.TestAllTypesProto2 1
  Error: Assertion failed
    at Object.jspb.asserts.doAssertFailure (https://cdn.skypack.dev/-/google-protobuf@v3.21.2-YDUqZL2TTSsy2lGtfuND/dist=es2019,mode=imports/optimized/google-protobuf.js:778:11)
    at Object.jspb.asserts.assert (https://cdn.skypack.dev/-/google-protobuf@v3.21.2-YDUqZL2TTSsy2lGtfuND/dist=es2019,mode=imports/optimized/google-protobuf.js:783:23)
    at jspb.BinaryReader.readEnum (https://cdn.skypack.dev/-/google-protobuf@v3.21.2-YDUqZL2TTSsy2lGtfuND/dist=es2019,mode=imports/optimized/google-protobuf.js:4629:18)
    at Function.deserialize (file:///Users/thesayyn/Documents/thesayyn/protoc-gen-ts/target/debug/build/protoc_gen_ts-8cec2bec66276c47/out/test_conformance/test_messages_proto2.ts:265:58)
    at file:///Users/thesayyn/Documents/thesayyn/protoc-gen-ts/tests/conformance/bin/main.ts:30:78

  protobuf_test_messages.proto3.TestAllTypesProto3 1
  Error: Assertion failed
    at Object.jspb.asserts.doAssertFailure (https://cdn.skypack.dev/-/google-protobuf@v3.21.2-YDUqZL2TTSsy2lGtfuND/dist=es2019,mode=imports/optimized/google-protobuf.js:778:11)
    at Object.jspb.asserts.assert (https://cdn.skypack.dev/-/google-protobuf@v3.21.2-YDUqZL2TTSsy2lGtfuND/dist=es2019,mode=imports/optimized/google-protobuf.js:783:23)
    at jspb.BinaryDecoder.readUnsignedVarint32 (https://cdn.skypack.dev/-/google-protobuf@v3.21.2-YDUqZL2TTSsy2lGtfuND/dist=es2019,mode=imports/optimized/google-protobuf.js:4150:18)
    at jspb.BinaryDecoder.readSignedVarint32 (https://cdn.skypack.dev/-/google-protobuf@v3.21.2-YDUqZL2TTSsy2lGtfuND/dist=es2019,mode=imports/optimized/google-protobuf.js:4154:19)
    at jspb.BinaryDecoder.readEnum (https://cdn.skypack.dev/-/google-protobuf@v3.21.2-YDUqZL2TTSsy2lGtfuND/dist=es2019,mode=imports/optimized/google-protobuf.js:4251:17)
    at jspb.BinaryReader.readPackedField_ (https://cdn.skypack.dev/-/google-protobuf@v3.21.2-YDUqZL2TTSsy2lGtfuND/dist=es2019,mode=imports/optimized/google-protobuf.js:4676:16)
    at jspb.BinaryReader.readPackedEnum (https://cdn.skypack.dev/-/google-protobuf@v3.21.2-YDUqZL2TTSsy2lGtfuND/dist=es2019,mode=imports/optimized/google-protobuf.js:4753:17)
    at Function.deserialize (file:///Users/thesayyn/Documents/thesayyn/protoc-gen-ts/target/debug/build/protoc_gen_ts-8cec2bec66276c47/out/test_conformance/test_messages_proto3.ts:305:83)
    at file:///Users/thesayyn/Documents/thesayyn/protoc-gen-ts/tests/conformance/bin/main.ts:23:78

  protobuf_test_messages.proto2.TestAllTypesProto2 1
  Error: Assertion failed
    at Object.jspb.asserts.doAssertFailure (https://cdn.skypack.dev/-/google-protobuf@v3.21.2-YDUqZL2TTSsy2lGtfuND/dist=es2019,mode=imports/optimized/google-protobuf.js:778:11)
    at Object.jspb.asserts.assert (https://cdn.skypack.dev/-/google-protobuf@v3.21.2-YDUqZL2TTSsy2lGtfuND/dist=es2019,mode=imports/optimized/google-protobuf.js:783:23)
    at jspb.BinaryReader.readEnum (https://cdn.skypack.dev/-/google-protobuf@v3.21.2-YDUqZL2TTSsy2lGtfuND/dist=es2019,mode=imports/optimized/google-protobuf.js:4629:18)
    at Function.deserialize (file:///Users/thesayyn/Documents/thesayyn/protoc-gen-ts/target/debug/build/protoc_gen_ts-8cec2bec66276c47/out/test_conformance/test_messages_proto2.ts:265:58)
    at file:///Users/thesayyn/Documents/thesayyn/protoc-gen-ts/tests/conformance/bin/main.ts:30:78

  protobuf_test_messages.proto3.TestAllTypesProto3 1
  Error: Assertion failed
    at Object.jspb.asserts.doAssertFailure (https://cdn.skypack.dev/-/google-protobuf@v3.21.2-YDUqZL2TTSsy2lGtfuND/dist=es2019,mode=imports/optimized/google-protobuf.js:778:11)
    at Object.jspb.asserts.assert (https://cdn.skypack.dev/-/google-protobuf@v3.21.2-YDUqZL2TTSsy2lGtfuND/dist=es2019,mode=imports/optimized/google-protobuf.js:783:23)
    at jspb.BinaryDecoder.readInt32 (https://cdn.skypack.dev/-/google-protobuf@v3.21.2-YDUqZL2TTSsy2lGtfuND/dist=es2019,mode=imports/optimized/google-protobuf.js:4228:18)
    at jspb.BinaryReader.readSfixed32 (https://cdn.skypack.dev/-/google-protobuf@v3.21.2-YDUqZL2TTSsy2lGtfuND/dist=es2019,mode=imports/optimized/google-protobuf.js:4597:26)
    at Function.deserialize (file:///Users/thesayyn/Documents/thesayyn/protoc-gen-ts/target/debug/build/protoc_gen_ts-8cec2bec66276c47/out/test_conformance/test_messages_proto3.ts:196:52)
    at file:///Users/thesayyn/Documents/thesayyn/protoc-gen-ts/tests/conformance/bin/main.ts:23:78

  protobuf_test_messages.proto2.TestAllTypesProto2 1
  Error: Assertion failed
    at Object.jspb.asserts.doAssertFailure (https://cdn.skypack.dev/-/google-protobuf@v3.21.2-YDUqZL2TTSsy2lGtfuND/dist=es2019,mode=imports/optimized/google-protobuf.js:778:11)
    at Object.jspb.asserts.assert (https://cdn.skypack.dev/-/google-protobuf@v3.21.2-YDUqZL2TTSsy2lGtfuND/dist=es2019,mode=imports/optimized/google-protobuf.js:783:23)
    at jspb.BinaryDecoder.readInt32 (https://cdn.skypack.dev/-/google-protobuf@v3.21.2-YDUqZL2TTSsy2lGtfuND/dist=es2019,mode=imports/optimized/google-protobuf.js:4228:18)
    at jspb.BinaryReader.readSfixed32 (https://cdn.skypack.dev/-/google-protobuf@v3.21.2-YDUqZL2TTSsy2lGtfuND/dist=es2019,mode=imports/optimized/google-protobuf.js:4597:26)
    at Function.deserialize (file:///Users/thesayyn/Documents/thesayyn/protoc-gen-ts/target/debug/build/protoc_gen_ts-8cec2bec66276c47/out/test_conformance/test_messages_proto2.ts:172:52)
    at file:///Users/thesayyn/Documents/thesayyn/protoc-gen-ts/tests/conformance/bin/main.ts:30:78

  protobuf_test_messages.proto3.TestAllTypesProto3 1
  Error: Assertion failed
    at Object.jspb.asserts.doAssertFailure (https://cdn.skypack.dev/-/google-protobuf@v3.21.2-YDUqZL2TTSsy2lGtfuND/dist=es2019,mode=imports/optimized/google-protobuf.js:778:11)
    at Object.jspb.asserts.assert (https://cdn.skypack.dev/-/google-protobuf@v3.21.2-YDUqZL2TTSsy2lGtfuND/dist=es2019,mode=imports/optimized/google-protobuf.js:783:23)
    at jspb.BinaryDecoder.readInt32 (https://cdn.skypack.dev/-/google-protobuf@v3.21.2-YDUqZL2TTSsy2lGtfuND/dist=es2019,mode=imports/optimized/google-protobuf.js:4228:18)
    at jspb.BinaryReader.readSfixed32 (https://cdn.skypack.dev/-/google-protobuf@v3.21.2-YDUqZL2TTSsy2lGtfuND/dist=es2019,mode=imports/optimized/google-protobuf.js:4597:26)
    at Function.deserialize (file:///Users/thesayyn/Documents/thesayyn/protoc-gen-ts/target/debug/build/protoc_gen_ts-8cec2bec66276c47/out/test_conformance/test_messages_proto3.ts:274:60)
    at file:///Users/thesayyn/Documents/thesayyn/protoc-gen-ts/tests/conformance/bin/main.ts:23:78

  protobuf_test_messages.proto2.TestAllTypesProto2 1
  Error: Assertion failed
    at Object.jspb.asserts.doAssertFailure (https://cdn.skypack.dev/-/google-protobuf@v3.21.2-YDUqZL2TTSsy2lGtfuND/dist=es2019,mode=imports/optimized/google-protobuf.js:778:11)
    at Object.jspb.asserts.assert (https://cdn.skypack.dev/-/google-protobuf@v3.21.2-YDUqZL2TTSsy2lGtfuND/dist=es2019,mode=imports/optimized/google-protobuf.js:783:23)
    at jspb.BinaryDecoder.readInt32 (https://cdn.skypack.dev/-/google-protobuf@v3.21.2-YDUqZL2TTSsy2lGtfuND/dist=es2019,mode=imports/optimized/google-protobuf.js:4228:18)
    at jspb.BinaryReader.readSfixed32 (https://cdn.skypack.dev/-/google-protobuf@v3.21.2-YDUqZL2TTSsy2lGtfuND/dist=es2019,mode=imports/optimized/google-protobuf.js:4597:26)
    at Function.deserialize (file:///Users/thesayyn/Documents/thesayyn/protoc-gen-ts/target/debug/build/protoc_gen_ts-8cec2bec66276c47/out/test_conformance/test_messages_proto2.ts:238:55)
    at file:///Users/thesayyn/Documents/thesayyn/protoc-gen-ts/tests/conformance/bin/main.ts:30:78

  protobuf_test_messages.proto3.TestAllTypesProto3 1
  Error: Assertion failed
    at Object.jspb.asserts.doAssertFailure (https://cdn.skypack.dev/-/google-protobuf@v3.21.2-YDUqZL2TTSsy2lGtfuND/dist=es2019,mode=imports/optimized/google-protobuf.js:778:11)
    at Object.jspb.asserts.assert (https://cdn.skypack.dev/-/google-protobuf@v3.21.2-YDUqZL2TTSsy2lGtfuND/dist=es2019,mode=imports/optimized/google-protobuf.js:783:23)
    at jspb.BinaryDecoder.advance (https://cdn.skypack.dev/-/google-protobuf@v3.21.2-YDUqZL2TTSsy2lGtfuND/dist=es2019,mode=imports/optimized/google-protobuf.js:4081:18)
    at jspb.BinaryReader.skipFixed32Field (https://cdn.skypack.dev/-/google-protobuf@v3.21.2-YDUqZL2TTSsy2lGtfuND/dist=es2019,mode=imports/optimized/google-protobuf.js:4406:163)
    at jspb.BinaryReader.skipField (https://cdn.skypack.dev/-/google-protobuf@v3.21.2-YDUqZL2TTSsy2lGtfuND/dist=es2019,mode=imports/optimized/google-protobuf.js:4438:14)
    at Function.deserialize (file:///Users/thesayyn/Documents/thesayyn/protoc-gen-ts/target/debug/build/protoc_gen_ts-8cec2bec66276c47/out/test_conformance/test_messages_proto3.ts:958:24)
    at file:///Users/thesayyn/Documents/thesayyn/protoc-gen-ts/tests/conformance/bin/main.ts:23:78

  protobuf_test_messages.proto2.TestAllTypesProto2 1
  Error: Assertion failed
    at Object.jspb.asserts.doAssertFailure (https://cdn.skypack.dev/-/google-protobuf@v3.21.2-YDUqZL2TTSsy2lGtfuND/dist=es2019,mode=imports/optimized/google-protobuf.js:778:11)
    at Object.jspb.asserts.assert (https://cdn.skypack.dev/-/google-protobuf@v3.21.2-YDUqZL2TTSsy2lGtfuND/dist=es2019,mode=imports/optimized/google-protobuf.js:783:23)
    at jspb.BinaryDecoder.advance (https://cdn.skypack.dev/-/google-protobuf@v3.21.2-YDUqZL2TTSsy2lGtfuND/dist=es2019,mode=imports/optimized/google-protobuf.js:4081:18)
    at jspb.BinaryReader.skipFixed32Field (https://cdn.skypack.dev/-/google-protobuf@v3.21.2-YDUqZL2TTSsy2lGtfuND/dist=es2019,mode=imports/optimized/google-protobuf.js:4406:163)
    at jspb.BinaryReader.skipField (https://cdn.skypack.dev/-/google-protobuf@v3.21.2-YDUqZL2TTSsy2lGtfuND/dist=es2019,mode=imports/optimized/google-protobuf.js:4438:14)
    at Function.deserialize (file:///Users/thesayyn/Documents/thesayyn/protoc-gen-ts/target/debug/build/protoc_gen_ts-8cec2bec66276c47/out/test_conformance/test_messages_proto2.ts:865:24)
    at file:///Users/thesayyn/Documents/thesayyn/protoc-gen-ts/tests/conformance/bin/main.ts:30:78

  protobuf_test_messages.proto3.TestAllTypesProto3 1
  Error: Assertion failed
    at Object.jspb.asserts.doAssertFailure (https://cdn.skypack.dev/-/google-protobuf@v3.21.2-YDUqZL2TTSsy2lGtfuND/dist=es2019,mode=imports/optimized/google-protobuf.js:778:11)
    at Object.jspb.asserts.assert (https://cdn.skypack.dev/-/google-protobuf@v3.21.2-YDUqZL2TTSsy2lGtfuND/dist=es2019,mode=imports/optimized/google-protobuf.js:783:23)
    at jspb.BinaryDecoder.readInt32 (https://cdn.skypack.dev/-/google-protobuf@v3.21.2-YDUqZL2TTSsy2lGtfuND/dist=es2019,mode=imports/optimized/google-protobuf.js:4228:18)
    at jspb.BinaryReader.readSfixed32 (https://cdn.skypack.dev/-/google-protobuf@v3.21.2-YDUqZL2TTSsy2lGtfuND/dist=es2019,mode=imports/optimized/google-protobuf.js:4597:26)
    at Function.deserialize (file:///Users/thesayyn/Documents/thesayyn/protoc-gen-ts/target/debug/build/protoc_gen_ts-8cec2bec66276c47/out/test_conformance/test_messages_proto3.ts:196:52)
    at file:///Users/thesayyn/Documents/thesayyn/protoc-gen-ts/tests/conformance/bin/main.ts:23:78

  protobuf_test_messages.proto2.TestAllTypesProto2 1
  Error: Assertion failed
    at Object.jspb.asserts.doAssertFailure (https://cdn.skypack.dev/-/google-protobuf@v3.21.2-YDUqZL2TTSsy2lGtfuND/dist=es2019,mode=imports/optimized/google-protobuf.js:778:11)
    at Object.jspb.asserts.assert (https://cdn.skypack.dev/-/google-protobuf@v3.21.2-YDUqZL2TTSsy2lGtfuND/dist=es2019,mode=imports/optimized/google-protobuf.js:783:23)
    at jspb.BinaryDecoder.readInt32 (https://cdn.skypack.dev/-/google-protobuf@v3.21.2-YDUqZL2TTSsy2lGtfuND/dist=es2019,mode=imports/optimized/google-protobuf.js:4228:18)
    at jspb.BinaryReader.readSfixed32 (https://cdn.skypack.dev/-/google-protobuf@v3.21.2-YDUqZL2TTSsy2lGtfuND/dist=es2019,mode=imports/optimized/google-protobuf.js:4597:26)
    at Function.deserialize (file:///Users/thesayyn/Documents/thesayyn/protoc-gen-ts/target/debug/build/protoc_gen_ts-8cec2bec66276c47/out/test_conformance/test_messages_proto2.ts:172:52)
    at file:///Users/thesayyn/Documents/thesayyn/protoc-gen-ts/tests/conformance/bin/main.ts:30:78

  protobuf_test_messages.proto3.TestAllTypesProto3 1
  Error: Assertion failed
    at Object.jspb.asserts.doAssertFailure (https://cdn.skypack.dev/-/google-protobuf@v3.21.2-YDUqZL2TTSsy2lGtfuND/dist=es2019,mode=imports/optimized/google-protobuf.js:778:11)
    at Object.jspb.asserts.assert (https://cdn.skypack.dev/-/google-protobuf@v3.21.2-YDUqZL2TTSsy2lGtfuND/dist=es2019,mode=imports/optimized/google-protobuf.js:783:23)
    at jspb.BinaryDecoder.readInt32 (https://cdn.skypack.dev/-/google-protobuf@v3.21.2-YDUqZL2TTSsy2lGtfuND/dist=es2019,mode=imports/optimized/google-protobuf.js:4228:18)
    at jspb.BinaryReader.readSfixed32 (https://cdn.skypack.dev/-/google-protobuf@v3.21.2-YDUqZL2TTSsy2lGtfuND/dist=es2019,mode=imports/optimized/google-protobuf.js:4597:26)
    at Function.deserialize (file:///Users/thesayyn/Documents/thesayyn/protoc-gen-ts/target/debug/build/protoc_gen_ts-8cec2bec66276c47/out/test_conformance/test_messages_proto3.ts:274:60)
    at file:///Users/thesayyn/Documents/thesayyn/protoc-gen-ts/tests/conformance/bin/main.ts:23:78

  protobuf_test_messages.proto2.TestAllTypesProto2 1
  Error: Assertion failed
    at Object.jspb.asserts.doAssertFailure (https://cdn.skypack.dev/-/google-protobuf@v3.21.2-YDUqZL2TTSsy2lGtfuND/dist=es2019,mode=imports/optimized/google-protobuf.js:778:11)
    at Object.jspb.asserts.assert (https://cdn.skypack.dev/-/google-protobuf@v3.21.2-YDUqZL2TTSsy2lGtfuND/dist=es2019,mode=imports/optimized/google-protobuf.js:783:23)
    at jspb.BinaryDecoder.readInt32 (https://cdn.skypack.dev/-/google-protobuf@v3.21.2-YDUqZL2TTSsy2lGtfuND/dist=es2019,mode=imports/optimized/google-protobuf.js:4228:18)
    at jspb.BinaryReader.readSfixed32 (https://cdn.skypack.dev/-/google-protobuf@v3.21.2-YDUqZL2TTSsy2lGtfuND/dist=es2019,mode=imports/optimized/google-protobuf.js:4597:26)
    at Function.deserialize (file:///Users/thesayyn/Documents/thesayyn/protoc-gen-ts/target/debug/build/protoc_gen_ts-8cec2bec66276c47/out/test_conformance/test_messages_proto2.ts:238:55)
    at file:///Users/thesayyn/Documents/thesayyn/protoc-gen-ts/tests/conformance/bin/main.ts:30:78

  protobuf_test_messages.proto3.TestAllTypesProto3 1
  Error: Assertion failed
    at Object.jspb.asserts.doAssertFailure (https://cdn.skypack.dev/-/google-protobuf@v3.21.2-YDUqZL2TTSsy2lGtfuND/dist=es2019,mode=imports/optimized/google-protobuf.js:778:11)
    at Object.jspb.asserts.assert (https://cdn.skypack.dev/-/google-protobuf@v3.21.2-YDUqZL2TTSsy2lGtfuND/dist=es2019,mode=imports/optimized/google-protobuf.js:783:23)
    at jspb.BinaryDecoder.advance (https://cdn.skypack.dev/-/google-protobuf@v3.21.2-YDUqZL2TTSsy2lGtfuND/dist=es2019,mode=imports/optimized/google-protobuf.js:4081:18)
    at jspb.BinaryReader.skipFixed32Field (https://cdn.skypack.dev/-/google-protobuf@v3.21.2-YDUqZL2TTSsy2lGtfuND/dist=es2019,mode=imports/optimized/google-protobuf.js:4406:163)
    at jspb.BinaryReader.skipField (https://cdn.skypack.dev/-/google-protobuf@v3.21.2-YDUqZL2TTSsy2lGtfuND/dist=es2019,mode=imports/optimized/google-protobuf.js:4438:14)
    at Function.deserialize (file:///Users/thesayyn/Documents/thesayyn/protoc-gen-ts/target/debug/build/protoc_gen_ts-8cec2bec66276c47/out/test_conformance/test_messages_proto3.ts:958:24)
    at file:///Users/thesayyn/Documents/thesayyn/protoc-gen-ts/tests/conformance/bin/main.ts:23:78

  protobuf_test_messages.proto2.TestAllTypesProto2 1
  Error: Assertion failed
    at Object.jspb.asserts.doAssertFailure (https://cdn.skypack.dev/-/google-protobuf@v3.21.2-YDUqZL2TTSsy2lGtfuND/dist=es2019,mode=imports/optimized/google-protobuf.js:778:11)
    at Object.jspb.asserts.assert (https://cdn.skypack.dev/-/google-protobuf@v3.21.2-YDUqZL2TTSsy2lGtfuND/dist=es2019,mode=imports/optimized/google-protobuf.js:783:23)
    at jspb.BinaryDecoder.advance (https://cdn.skypack.dev/-/google-protobuf@v3.21.2-YDUqZL2TTSsy2lGtfuND/dist=es2019,mode=imports/optimized/google-protobuf.js:4081:18)
    at jspb.BinaryReader.skipFixed32Field (https://cdn.skypack.dev/-/google-protobuf@v3.21.2-YDUqZL2TTSsy2lGtfuND/dist=es2019,mode=imports/optimized/google-protobuf.js:4406:163)
    at jspb.BinaryReader.skipField (https://cdn.skypack.dev/-/google-protobuf@v3.21.2-YDUqZL2TTSsy2lGtfuND/dist=es2019,mode=imports/optimized/google-protobuf.js:4438:14)
    at Function.deserialize (file:///Users/thesayyn/Documents/thesayyn/protoc-gen-ts/target/debug/build/protoc_gen_ts-8cec2bec66276c47/out/test_conformance/test_messages_proto2.ts:865:24)
    at file:///Users/thesayyn/Documents/thesayyn/protoc-gen-ts/tests/conformance/bin/main.ts:30:78

  protobuf_test_messages.proto3.TestAllTypesProto3 1
  Error: Assertion failed
    at Object.jspb.asserts.doAssertFailure (https://cdn.skypack.dev/-/google-protobuf@v3.21.2-YDUqZL2TTSsy2lGtfuND/dist=es2019,mode=imports/optimized/google-protobuf.js:778:11)
    at Object.jspb.asserts.assert (https://cdn.skypack.dev/-/google-protobuf@v3.21.2-YDUqZL2TTSsy2lGtfuND/dist=es2019,mode=imports/optimized/google-protobuf.js:783:23)
    at jspb.BinaryDecoder.readInt32 (https://cdn.skypack.dev/-/google-protobuf@v3.21.2-YDUqZL2TTSsy2lGtfuND/dist=es2019,mode=imports/optimized/google-protobuf.js:4228:18)
    at jspb.BinaryReader.readPackedField_ (https://cdn.skypack.dev/-/google-protobuf@v3.21.2-YDUqZL2TTSsy2lGtfuND/dist=es2019,mode=imports/optimized/google-protobuf.js:4676:16)
    at jspb.BinaryReader.readPackedSfixed32 (https://cdn.skypack.dev/-/google-protobuf@v3.21.2-YDUqZL2TTSsy2lGtfuND/dist=es2019,mode=imports/optimized/google-protobuf.js:4730:17)
    at Function.deserialize (file:///Users/thesayyn/Documents/thesayyn/protoc-gen-ts/target/debug/build/protoc_gen_ts-8cec2bec66276c47/out/test_conformance/test_messages_proto3.ts:273:80)
    at file:///Users/thesayyn/Documents/thesayyn/protoc-gen-ts/tests/conformance/bin/main.ts:23:78

  protobuf_test_messages.proto2.TestAllTypesProto2 1
  Error: Assertion failed
    at Object.jspb.asserts.doAssertFailure (https://cdn.skypack.dev/-/google-protobuf@v3.21.2-YDUqZL2TTSsy2lGtfuND/dist=es2019,mode=imports/optimized/google-protobuf.js:778:11)
    at Object.jspb.asserts.assert (https://cdn.skypack.dev/-/google-protobuf@v3.21.2-YDUqZL2TTSsy2lGtfuND/dist=es2019,mode=imports/optimized/google-protobuf.js:783:23)
    at jspb.BinaryReader.readSfixed32 (https://cdn.skypack.dev/-/google-protobuf@v3.21.2-YDUqZL2TTSsy2lGtfuND/dist=es2019,mode=imports/optimized/google-protobuf.js:4596:18)
    at Function.deserialize (file:///Users/thesayyn/Documents/thesayyn/protoc-gen-ts/target/debug/build/protoc_gen_ts-8cec2bec66276c47/out/test_conformance/test_messages_proto2.ts:238:55)
    at file:///Users/thesayyn/Documents/thesayyn/protoc-gen-ts/tests/conformance/bin/main.ts:30:78

  protobuf_test_messages.proto3.TestAllTypesProto3 1
  Error: Assertion failed
    at Object.jspb.asserts.doAssertFailure (https://cdn.skypack.dev/-/google-protobuf@v3.21.2-YDUqZL2TTSsy2lGtfuND/dist=es2019,mode=imports/optimized/google-protobuf.js:778:11)
    at Object.jspb.asserts.assert (https://cdn.skypack.dev/-/google-protobuf@v3.21.2-YDUqZL2TTSsy2lGtfuND/dist=es2019,mode=imports/optimized/google-protobuf.js:783:23)
    at jspb.BinaryDecoder.readInt32 (https://cdn.skypack.dev/-/google-protobuf@v3.21.2-YDUqZL2TTSsy2lGtfuND/dist=es2019,mode=imports/optimized/google-protobuf.js:4228:18)
    at jspb.BinaryReader.readPackedField_ (https://cdn.skypack.dev/-/google-protobuf@v3.21.2-YDUqZL2TTSsy2lGtfuND/dist=es2019,mode=imports/optimized/google-protobuf.js:4676:16)
    at jspb.BinaryReader.readPackedSfixed32 (https://cdn.skypack.dev/-/google-protobuf@v3.21.2-YDUqZL2TTSsy2lGtfuND/dist=es2019,mode=imports/optimized/google-protobuf.js:4730:17)
    at Function.deserialize (file:///Users/thesayyn/Documents/thesayyn/protoc-gen-ts/target/debug/build/protoc_gen_ts-8cec2bec66276c47/out/test_conformance/test_messages_proto3.ts:273:80)
    at file:///Users/thesayyn/Documents/thesayyn/protoc-gen-ts/tests/conformance/bin/main.ts:23:78

  protobuf_test_messages.proto2.TestAllTypesProto2 1
  Error: Assertion failed
    at Object.jspb.asserts.doAssertFailure (https://cdn.skypack.dev/-/google-protobuf@v3.21.2-YDUqZL2TTSsy2lGtfuND/dist=es2019,mode=imports/optimized/google-protobuf.js:778:11)
    at Object.jspb.asserts.assert (https://cdn.skypack.dev/-/google-protobuf@v3.21.2-YDUqZL2TTSsy2lGtfuND/dist=es2019,mode=imports/optimized/google-protobuf.js:783:23)
    at jspb.BinaryReader.readSfixed32 (https://cdn.skypack.dev/-/google-protobuf@v3.21.2-YDUqZL2TTSsy2lGtfuND/dist=es2019,mode=imports/optimized/google-protobuf.js:4596:18)
    at Function.deserialize (file:///Users/thesayyn/Documents/thesayyn/protoc-gen-ts/target/debug/build/protoc_gen_ts-8cec2bec66276c47/out/test_conformance/test_messages_proto2.ts:238:55)
    at file:///Users/thesayyn/Documents/thesayyn/protoc-gen-ts/tests/conformance/bin/main.ts:30:78

  protobuf_test_messages.proto3.TestAllTypesProto3 1
  Error: Assertion failed
    at Object.jspb.asserts.doAssertFailure (https://cdn.skypack.dev/-/google-protobuf@v3.21.2-YDUqZL2TTSsy2lGtfuND/dist=es2019,mode=imports/optimized/google-protobuf.js:778:11)
    at Object.jspb.asserts.assert (https://cdn.skypack.dev/-/google-protobuf@v3.21.2-YDUqZL2TTSsy2lGtfuND/dist=es2019,mode=imports/optimized/google-protobuf.js:783:23)
    at jspb.BinaryDecoder.readUint32 (https://cdn.skypack.dev/-/google-protobuf@v3.21.2-YDUqZL2TTSsy2lGtfuND/dist=es2019,mode=imports/optimized/google-protobuf.js:4202:18)
    at jspb.BinaryDecoder.readInt64 (https://cdn.skypack.dev/-/google-protobuf@v3.21.2-YDUqZL2TTSsy2lGtfuND/dist=es2019,mode=imports/optimized/google-protobuf.js:4232:18)
    at jspb.BinaryReader.readSfixed64 (https://cdn.skypack.dev/-/google-protobuf@v3.21.2-YDUqZL2TTSsy2lGtfuND/dist=es2019,mode=imports/optimized/google-protobuf.js:4606:26)
    at Function.deserialize (file:///Users/thesayyn/Documents/thesayyn/protoc-gen-ts/target/debug/build/protoc_gen_ts-8cec2bec66276c47/out/test_conformance/test_messages_proto3.ts:199:52)
    at file:///Users/thesayyn/Documents/thesayyn/protoc-gen-ts/tests/conformance/bin/main.ts:23:78

  protobuf_test_messages.proto2.TestAllTypesProto2 1
  Error: Assertion failed
    at Object.jspb.asserts.doAssertFailure (https://cdn.skypack.dev/-/google-protobuf@v3.21.2-YDUqZL2TTSsy2lGtfuND/dist=es2019,mode=imports/optimized/google-protobuf.js:778:11)
    at Object.jspb.asserts.assert (https://cdn.skypack.dev/-/google-protobuf@v3.21.2-YDUqZL2TTSsy2lGtfuND/dist=es2019,mode=imports/optimized/google-protobuf.js:783:23)
    at jspb.BinaryDecoder.readUint32 (https://cdn.skypack.dev/-/google-protobuf@v3.21.2-YDUqZL2TTSsy2lGtfuND/dist=es2019,mode=imports/optimized/google-protobuf.js:4202:18)
    at jspb.BinaryDecoder.readInt64 (https://cdn.skypack.dev/-/google-protobuf@v3.21.2-YDUqZL2TTSsy2lGtfuND/dist=es2019,mode=imports/optimized/google-protobuf.js:4232:18)
    at jspb.BinaryReader.readSfixed64 (https://cdn.skypack.dev/-/google-protobuf@v3.21.2-YDUqZL2TTSsy2lGtfuND/dist=es2019,mode=imports/optimized/google-protobuf.js:4606:26)
    at Function.deserialize (file:///Users/thesayyn/Documents/thesayyn/protoc-gen-ts/target/debug/build/protoc_gen_ts-8cec2bec66276c47/out/test_conformance/test_messages_proto2.ts:175:52)
    at file:///Users/thesayyn/Documents/thesayyn/protoc-gen-ts/tests/conformance/bin/main.ts:30:78

  protobuf_test_messages.proto3.TestAllTypesProto3 1
  Error: Assertion failed
    at Object.jspb.asserts.doAssertFailure (https://cdn.skypack.dev/-/google-protobuf@v3.21.2-YDUqZL2TTSsy2lGtfuND/dist=es2019,mode=imports/optimized/google-protobuf.js:778:11)
    at Object.jspb.asserts.assert (https://cdn.skypack.dev/-/google-protobuf@v3.21.2-YDUqZL2TTSsy2lGtfuND/dist=es2019,mode=imports/optimized/google-protobuf.js:783:23)
    at jspb.BinaryDecoder.readUint32 (https://cdn.skypack.dev/-/google-protobuf@v3.21.2-YDUqZL2TTSsy2lGtfuND/dist=es2019,mode=imports/optimized/google-protobuf.js:4202:18)
    at jspb.BinaryDecoder.readInt64 (https://cdn.skypack.dev/-/google-protobuf@v3.21.2-YDUqZL2TTSsy2lGtfuND/dist=es2019,mode=imports/optimized/google-protobuf.js:4232:18)
    at jspb.BinaryReader.readSfixed64 (https://cdn.skypack.dev/-/google-protobuf@v3.21.2-YDUqZL2TTSsy2lGtfuND/dist=es2019,mode=imports/optimized/google-protobuf.js:4606:26)
    at Function.deserialize (file:///Users/thesayyn/Documents/thesayyn/protoc-gen-ts/target/debug/build/protoc_gen_ts-8cec2bec66276c47/out/test_conformance/test_messages_proto3.ts:278:60)
    at file:///Users/thesayyn/Documents/thesayyn/protoc-gen-ts/tests/conformance/bin/main.ts:23:78

  protobuf_test_messages.proto2.TestAllTypesProto2 1
  Error: Assertion failed
    at Object.jspb.asserts.doAssertFailure (https://cdn.skypack.dev/-/google-protobuf@v3.21.2-YDUqZL2TTSsy2lGtfuND/dist=es2019,mode=imports/optimized/google-protobuf.js:778:11)
    at Object.jspb.asserts.assert (https://cdn.skypack.dev/-/google-protobuf@v3.21.2-YDUqZL2TTSsy2lGtfuND/dist=es2019,mode=imports/optimized/google-protobuf.js:783:23)
    at jspb.BinaryDecoder.readUint32 (https://cdn.skypack.dev/-/google-protobuf@v3.21.2-YDUqZL2TTSsy2lGtfuND/dist=es2019,mode=imports/optimized/google-protobuf.js:4202:18)
    at jspb.BinaryDecoder.readInt64 (https://cdn.skypack.dev/-/google-protobuf@v3.21.2-YDUqZL2TTSsy2lGtfuND/dist=es2019,mode=imports/optimized/google-protobuf.js:4232:18)
    at jspb.BinaryReader.readSfixed64 (https://cdn.skypack.dev/-/google-protobuf@v3.21.2-YDUqZL2TTSsy2lGtfuND/dist=es2019,mode=imports/optimized/google-protobuf.js:4606:26)
    at Function.deserialize (file:///Users/thesayyn/Documents/thesayyn/protoc-gen-ts/target/debug/build/protoc_gen_ts-8cec2bec66276c47/out/test_conformance/test_messages_proto2.ts:241:55)
    at file:///Users/thesayyn/Documents/thesayyn/protoc-gen-ts/tests/conformance/bin/main.ts:30:78

  protobuf_test_messages.proto3.TestAllTypesProto3 1
  Error: Assertion failed
    at Object.jspb.asserts.doAssertFailure (https://cdn.skypack.dev/-/google-protobuf@v3.21.2-YDUqZL2TTSsy2lGtfuND/dist=es2019,mode=imports/optimized/google-protobuf.js:778:11)
    at Object.jspb.asserts.assert (https://cdn.skypack.dev/-/google-protobuf@v3.21.2-YDUqZL2TTSsy2lGtfuND/dist=es2019,mode=imports/optimized/google-protobuf.js:783:23)
    at jspb.BinaryDecoder.advance (https://cdn.skypack.dev/-/google-protobuf@v3.21.2-YDUqZL2TTSsy2lGtfuND/dist=es2019,mode=imports/optimized/google-protobuf.js:4081:18)
    at jspb.BinaryReader.skipFixed64Field (https://cdn.skypack.dev/-/google-protobuf@v3.21.2-YDUqZL2TTSsy2lGtfuND/dist=es2019,mode=imports/optimized/google-protobuf.js:4409:163)
    at jspb.BinaryReader.skipField (https://cdn.skypack.dev/-/google-protobuf@v3.21.2-YDUqZL2TTSsy2lGtfuND/dist=es2019,mode=imports/optimized/google-protobuf.js:4432:14)
    at Function.deserialize (file:///Users/thesayyn/Documents/thesayyn/protoc-gen-ts/target/debug/build/protoc_gen_ts-8cec2bec66276c47/out/test_conformance/test_messages_proto3.ts:958:24)
    at file:///Users/thesayyn/Documents/thesayyn/protoc-gen-ts/tests/conformance/bin/main.ts:23:78

  protobuf_test_messages.proto2.TestAllTypesProto2 1
  Error: Assertion failed
    at Object.jspb.asserts.doAssertFailure (https://cdn.skypack.dev/-/google-protobuf@v3.21.2-YDUqZL2TTSsy2lGtfuND/dist=es2019,mode=imports/optimized/google-protobuf.js:778:11)
    at Object.jspb.asserts.assert (https://cdn.skypack.dev/-/google-protobuf@v3.21.2-YDUqZL2TTSsy2lGtfuND/dist=es2019,mode=imports/optimized/google-protobuf.js:783:23)
    at jspb.BinaryDecoder.advance (https://cdn.skypack.dev/-/google-protobuf@v3.21.2-YDUqZL2TTSsy2lGtfuND/dist=es2019,mode=imports/optimized/google-protobuf.js:4081:18)
    at jspb.BinaryReader.skipFixed64Field (https://cdn.skypack.dev/-/google-protobuf@v3.21.2-YDUqZL2TTSsy2lGtfuND/dist=es2019,mode=imports/optimized/google-protobuf.js:4409:163)
    at jspb.BinaryReader.skipField (https://cdn.skypack.dev/-/google-protobuf@v3.21.2-YDUqZL2TTSsy2lGtfuND/dist=es2019,mode=imports/optimized/google-protobuf.js:4432:14)
    at Function.deserialize (file:///Users/thesayyn/Documents/thesayyn/protoc-gen-ts/target/debug/build/protoc_gen_ts-8cec2bec66276c47/out/test_conformance/test_messages_proto2.ts:865:24)
    at file:///Users/thesayyn/Documents/thesayyn/protoc-gen-ts/tests/conformance/bin/main.ts:30:78

  protobuf_test_messages.proto3.TestAllTypesProto3 1
  Error: Assertion failed
    at Object.jspb.asserts.doAssertFailure (https://cdn.skypack.dev/-/google-protobuf@v3.21.2-YDUqZL2TTSsy2lGtfuND/dist=es2019,mode=imports/optimized/google-protobuf.js:778:11)
    at Object.jspb.asserts.assert (https://cdn.skypack.dev/-/google-protobuf@v3.21.2-YDUqZL2TTSsy2lGtfuND/dist=es2019,mode=imports/optimized/google-protobuf.js:783:23)
    at jspb.BinaryDecoder.readUint32 (https://cdn.skypack.dev/-/google-protobuf@v3.21.2-YDUqZL2TTSsy2lGtfuND/dist=es2019,mode=imports/optimized/google-protobuf.js:4202:18)
    at jspb.BinaryDecoder.readInt64 (https://cdn.skypack.dev/-/google-protobuf@v3.21.2-YDUqZL2TTSsy2lGtfuND/dist=es2019,mode=imports/optimized/google-protobuf.js:4232:41)
    at jspb.BinaryReader.readSfixed64 (https://cdn.skypack.dev/-/google-protobuf@v3.21.2-YDUqZL2TTSsy2lGtfuND/dist=es2019,mode=imports/optimized/google-protobuf.js:4606:26)
    at Function.deserialize (file:///Users/thesayyn/Documents/thesayyn/protoc-gen-ts/target/debug/build/protoc_gen_ts-8cec2bec66276c47/out/test_conformance/test_messages_proto3.ts:199:52)
    at file:///Users/thesayyn/Documents/thesayyn/protoc-gen-ts/tests/conformance/bin/main.ts:23:78

  protobuf_test_messages.proto2.TestAllTypesProto2 1
  Error: Assertion failed
    at Object.jspb.asserts.doAssertFailure (https://cdn.skypack.dev/-/google-protobuf@v3.21.2-YDUqZL2TTSsy2lGtfuND/dist=es2019,mode=imports/optimized/google-protobuf.js:778:11)
    at Object.jspb.asserts.assert (https://cdn.skypack.dev/-/google-protobuf@v3.21.2-YDUqZL2TTSsy2lGtfuND/dist=es2019,mode=imports/optimized/google-protobuf.js:783:23)
    at jspb.BinaryDecoder.readUint32 (https://cdn.skypack.dev/-/google-protobuf@v3.21.2-YDUqZL2TTSsy2lGtfuND/dist=es2019,mode=imports/optimized/google-protobuf.js:4202:18)
    at jspb.BinaryDecoder.readInt64 (https://cdn.skypack.dev/-/google-protobuf@v3.21.2-YDUqZL2TTSsy2lGtfuND/dist=es2019,mode=imports/optimized/google-protobuf.js:4232:41)
    at jspb.BinaryReader.readSfixed64 (https://cdn.skypack.dev/-/google-protobuf@v3.21.2-YDUqZL2TTSsy2lGtfuND/dist=es2019,mode=imports/optimized/google-protobuf.js:4606:26)
    at Function.deserialize (file:///Users/thesayyn/Documents/thesayyn/protoc-gen-ts/target/debug/build/protoc_gen_ts-8cec2bec66276c47/out/test_conformance/test_messages_proto2.ts:175:52)
    at file:///Users/thesayyn/Documents/thesayyn/protoc-gen-ts/tests/conformance/bin/main.ts:30:78

  protobuf_test_messages.proto3.TestAllTypesProto3 1
  Error: Assertion failed
    at Object.jspb.asserts.doAssertFailure (https://cdn.skypack.dev/-/google-protobuf@v3.21.2-YDUqZL2TTSsy2lGtfuND/dist=es2019,mode=imports/optimized/google-protobuf.js:778:11)
    at Object.jspb.asserts.assert (https://cdn.skypack.dev/-/google-protobuf@v3.21.2-YDUqZL2TTSsy2lGtfuND/dist=es2019,mode=imports/optimized/google-protobuf.js:783:23)
    at jspb.BinaryDecoder.readUint32 (https://cdn.skypack.dev/-/google-protobuf@v3.21.2-YDUqZL2TTSsy2lGtfuND/dist=es2019,mode=imports/optimized/google-protobuf.js:4202:18)
    at jspb.BinaryDecoder.readInt64 (https://cdn.skypack.dev/-/google-protobuf@v3.21.2-YDUqZL2TTSsy2lGtfuND/dist=es2019,mode=imports/optimized/google-protobuf.js:4232:41)
    at jspb.BinaryReader.readSfixed64 (https://cdn.skypack.dev/-/google-protobuf@v3.21.2-YDUqZL2TTSsy2lGtfuND/dist=es2019,mode=imports/optimized/google-protobuf.js:4606:26)
    at Function.deserialize (file:///Users/thesayyn/Documents/thesayyn/protoc-gen-ts/target/debug/build/protoc_gen_ts-8cec2bec66276c47/out/test_conformance/test_messages_proto3.ts:278:60)
    at file:///Users/thesayyn/Documents/thesayyn/protoc-gen-ts/tests/conformance/bin/main.ts:23:78

  protobuf_test_messages.proto2.TestAllTypesProto2 1
  Error: Assertion failed
    at Object.jspb.asserts.doAssertFailure (https://cdn.skypack.dev/-/google-protobuf@v3.21.2-YDUqZL2TTSsy2lGtfuND/dist=es2019,mode=imports/optimized/google-protobuf.js:778:11)
    at Object.jspb.asserts.assert (https://cdn.skypack.dev/-/google-protobuf@v3.21.2-YDUqZL2TTSsy2lGtfuND/dist=es2019,mode=imports/optimized/google-protobuf.js:783:23)
    at jspb.BinaryDecoder.readUint32 (https://cdn.skypack.dev/-/google-protobuf@v3.21.2-YDUqZL2TTSsy2lGtfuND/dist=es2019,mode=imports/optimized/google-protobuf.js:4202:18)
    at jspb.BinaryDecoder.readInt64 (https://cdn.skypack.dev/-/google-protobuf@v3.21.2-YDUqZL2TTSsy2lGtfuND/dist=es2019,mode=imports/optimized/google-protobuf.js:4232:41)
    at jspb.BinaryReader.readSfixed64 (https://cdn.skypack.dev/-/google-protobuf@v3.21.2-YDUqZL2TTSsy2lGtfuND/dist=es2019,mode=imports/optimized/google-protobuf.js:4606:26)
    at Function.deserialize (file:///Users/thesayyn/Documents/thesayyn/protoc-gen-ts/target/debug/build/protoc_gen_ts-8cec2bec66276c47/out/test_conformance/test_messages_proto2.ts:241:55)
    at file:///Users/thesayyn/Documents/thesayyn/protoc-gen-ts/tests/conformance/bin/main.ts:30:78

  protobuf_test_messages.proto3.TestAllTypesProto3 1
  Error: Assertion failed
    at Object.jspb.asserts.doAssertFailure (https://cdn.skypack.dev/-/google-protobuf@v3.21.2-YDUqZL2TTSsy2lGtfuND/dist=es2019,mode=imports/optimized/google-protobuf.js:778:11)
    at Object.jspb.asserts.assert (https://cdn.skypack.dev/-/google-protobuf@v3.21.2-YDUqZL2TTSsy2lGtfuND/dist=es2019,mode=imports/optimized/google-protobuf.js:783:23)
    at jspb.BinaryDecoder.advance (https://cdn.skypack.dev/-/google-protobuf@v3.21.2-YDUqZL2TTSsy2lGtfuND/dist=es2019,mode=imports/optimized/google-protobuf.js:4081:18)
    at jspb.BinaryReader.skipFixed64Field (https://cdn.skypack.dev/-/google-protobuf@v3.21.2-YDUqZL2TTSsy2lGtfuND/dist=es2019,mode=imports/optimized/google-protobuf.js:4409:163)
    at jspb.BinaryReader.skipField (https://cdn.skypack.dev/-/google-protobuf@v3.21.2-YDUqZL2TTSsy2lGtfuND/dist=es2019,mode=imports/optimized/google-protobuf.js:4432:14)
    at Function.deserialize (file:///Users/thesayyn/Documents/thesayyn/protoc-gen-ts/target/debug/build/protoc_gen_ts-8cec2bec66276c47/out/test_conformance/test_messages_proto3.ts:958:24)
    at file:///Users/thesayyn/Documents/thesayyn/protoc-gen-ts/tests/conformance/bin/main.ts:23:78

  protobuf_test_messages.proto2.TestAllTypesProto2 1
  Error: Assertion failed
    at Object.jspb.asserts.doAssertFailure (https://cdn.skypack.dev/-/google-protobuf@v3.21.2-YDUqZL2TTSsy2lGtfuND/dist=es2019,mode=imports/optimized/google-protobuf.js:778:11)
    at Object.jspb.asserts.assert (https://cdn.skypack.dev/-/google-protobuf@v3.21.2-YDUqZL2TTSsy2lGtfuND/dist=es2019,mode=imports/optimized/google-protobuf.js:783:23)
    at jspb.BinaryDecoder.advance (https://cdn.skypack.dev/-/google-protobuf@v3.21.2-YDUqZL2TTSsy2lGtfuND/dist=es2019,mode=imports/optimized/google-protobuf.js:4081:18)
    at jspb.BinaryReader.skipFixed64Field (https://cdn.skypack.dev/-/google-protobuf@v3.21.2-YDUqZL2TTSsy2lGtfuND/dist=es2019,mode=imports/optimized/google-protobuf.js:4409:163)
    at jspb.BinaryReader.skipField (https://cdn.skypack.dev/-/google-protobuf@v3.21.2-YDUqZL2TTSsy2lGtfuND/dist=es2019,mode=imports/optimized/google-protobuf.js:4432:14)
    at Function.deserialize (file:///Users/thesayyn/Documents/thesayyn/protoc-gen-ts/target/debug/build/protoc_gen_ts-8cec2bec66276c47/out/test_conformance/test_messages_proto2.ts:865:24)
    at file:///Users/thesayyn/Documents/thesayyn/protoc-gen-ts/tests/conformance/bin/main.ts:30:78

  protobuf_test_messages.proto3.TestAllTypesProto3 1
  Error: Assertion failed
    at Object.jspb.asserts.doAssertFailure (https://cdn.skypack.dev/-/google-protobuf@v3.21.2-YDUqZL2TTSsy2lGtfuND/dist=es2019,mode=imports/optimized/google-protobuf.js:778:11)
    at Object.jspb.asserts.assert (https://cdn.skypack.dev/-/google-protobuf@v3.21.2-YDUqZL2TTSsy2lGtfuND/dist=es2019,mode=imports/optimized/google-protobuf.js:783:23)
    at jspb.BinaryDecoder.readUint32 (https://cdn.skypack.dev/-/google-protobuf@v3.21.2-YDUqZL2TTSsy2lGtfuND/dist=es2019,mode=imports/optimized/google-protobuf.js:4202:18)
    at jspb.BinaryDecoder.readInt64 (https://cdn.skypack.dev/-/google-protobuf@v3.21.2-YDUqZL2TTSsy2lGtfuND/dist=es2019,mode=imports/optimized/google-protobuf.js:4232:41)
    at jspb.BinaryReader.readPackedField_ (https://cdn.skypack.dev/-/google-protobuf@v3.21.2-YDUqZL2TTSsy2lGtfuND/dist=es2019,mode=imports/optimized/google-protobuf.js:4676:16)
    at jspb.BinaryReader.readPackedSfixed64 (https://cdn.skypack.dev/-/google-protobuf@v3.21.2-YDUqZL2TTSsy2lGtfuND/dist=es2019,mode=imports/optimized/google-protobuf.js:4734:17)
    at Function.deserialize (file:///Users/thesayyn/Documents/thesayyn/protoc-gen-ts/target/debug/build/protoc_gen_ts-8cec2bec66276c47/out/test_conformance/test_messages_proto3.ts:277:80)
    at file:///Users/thesayyn/Documents/thesayyn/protoc-gen-ts/tests/conformance/bin/main.ts:23:78

  protobuf_test_messages.proto2.TestAllTypesProto2 1
  Error: Assertion failed
    at Object.jspb.asserts.doAssertFailure (https://cdn.skypack.dev/-/google-protobuf@v3.21.2-YDUqZL2TTSsy2lGtfuND/dist=es2019,mode=imports/optimized/google-protobuf.js:778:11)
    at Object.jspb.asserts.assert (https://cdn.skypack.dev/-/google-protobuf@v3.21.2-YDUqZL2TTSsy2lGtfuND/dist=es2019,mode=imports/optimized/google-protobuf.js:783:23)
    at jspb.BinaryReader.readSfixed64 (https://cdn.skypack.dev/-/google-protobuf@v3.21.2-YDUqZL2TTSsy2lGtfuND/dist=es2019,mode=imports/optimized/google-protobuf.js:4605:18)
    at Function.deserialize (file:///Users/thesayyn/Documents/thesayyn/protoc-gen-ts/target/debug/build/protoc_gen_ts-8cec2bec66276c47/out/test_conformance/test_messages_proto2.ts:241:55)
    at file:///Users/thesayyn/Documents/thesayyn/protoc-gen-ts/tests/conformance/bin/main.ts:30:78

  protobuf_test_messages.proto3.TestAllTypesProto3 1
  Error: Assertion failed
    at Object.jspb.asserts.doAssertFailure (https://cdn.skypack.dev/-/google-protobuf@v3.21.2-YDUqZL2TTSsy2lGtfuND/dist=es2019,mode=imports/optimized/google-protobuf.js:778:11)
    at Object.jspb.asserts.assert (https://cdn.skypack.dev/-/google-protobuf@v3.21.2-YDUqZL2TTSsy2lGtfuND/dist=es2019,mode=imports/optimized/google-protobuf.js:783:23)
    at jspb.BinaryDecoder.readUint32 (https://cdn.skypack.dev/-/google-protobuf@v3.21.2-YDUqZL2TTSsy2lGtfuND/dist=es2019,mode=imports/optimized/google-protobuf.js:4202:18)
    at jspb.BinaryDecoder.readInt64 (https://cdn.skypack.dev/-/google-protobuf@v3.21.2-YDUqZL2TTSsy2lGtfuND/dist=es2019,mode=imports/optimized/google-protobuf.js:4232:18)
    at jspb.BinaryReader.readPackedField_ (https://cdn.skypack.dev/-/google-protobuf@v3.21.2-YDUqZL2TTSsy2lGtfuND/dist=es2019,mode=imports/optimized/google-protobuf.js:4676:16)
    at jspb.BinaryReader.readPackedSfixed64 (https://cdn.skypack.dev/-/google-protobuf@v3.21.2-YDUqZL2TTSsy2lGtfuND/dist=es2019,mode=imports/optimized/google-protobuf.js:4734:17)
    at Function.deserialize (file:///Users/thesayyn/Documents/thesayyn/protoc-gen-ts/target/debug/build/protoc_gen_ts-8cec2bec66276c47/out/test_conformance/test_messages_proto3.ts:277:80)
    at file:///Users/thesayyn/Documents/thesayyn/protoc-gen-ts/tests/conformance/bin/main.ts:23:78

  protobuf_test_messages.proto2.TestAllTypesProto2 1
  Error: Assertion failed
    at Object.jspb.asserts.doAssertFailure (https://cdn.skypack.dev/-/google-protobuf@v3.21.2-YDUqZL2TTSsy2lGtfuND/dist=es2019,mode=imports/optimized/google-protobuf.js:778:11)
    at Object.jspb.asserts.assert (https://cdn.skypack.dev/-/google-protobuf@v3.21.2-YDUqZL2TTSsy2lGtfuND/dist=es2019,mode=imports/optimized/google-protobuf.js:783:23)
    at jspb.BinaryReader.readSfixed64 (https://cdn.skypack.dev/-/google-protobuf@v3.21.2-YDUqZL2TTSsy2lGtfuND/dist=es2019,mode=imports/optimized/google-protobuf.js:4605:18)
    at Function.deserialize (file:///Users/thesayyn/Documents/thesayyn/protoc-gen-ts/target/debug/build/protoc_gen_ts-8cec2bec66276c47/out/test_conformance/test_messages_proto2.ts:241:55)
    at file:///Users/thesayyn/Documents/thesayyn/protoc-gen-ts/tests/conformance/bin/main.ts:30:78

  protobuf_test_messages.proto3.TestAllTypesProto3 1
  Error: Assertion failed
    at Object.jspb.asserts.doAssertFailure (https://cdn.skypack.dev/-/google-protobuf@v3.21.2-YDUqZL2TTSsy2lGtfuND/dist=es2019,mode=imports/optimized/google-protobuf.js:778:11)
    at Object.jspb.asserts.assert (https://cdn.skypack.dev/-/google-protobuf@v3.21.2-YDUqZL2TTSsy2lGtfuND/dist=es2019,mode=imports/optimized/google-protobuf.js:783:23)
    at jspb.BinaryDecoder.readUnsignedVarint32 (https://cdn.skypack.dev/-/google-protobuf@v3.21.2-YDUqZL2TTSsy2lGtfuND/dist=es2019,mode=imports/optimized/google-protobuf.js:4150:18)
    at jspb.BinaryDecoder.readZigzagVarint32 (https://cdn.skypack.dev/-/google-protobuf@v3.21.2-YDUqZL2TTSsy2lGtfuND/dist=es2019,mode=imports/optimized/google-protobuf.js:4163:18)
    at jspb.BinaryReader.readSint32 (https://cdn.skypack.dev/-/google-protobuf@v3.21.2-YDUqZL2TTSsy2lGtfuND/dist=es2019,mode=imports/optimized/google-protobuf.js:4569:26)
    at Function.deserialize (file:///Users/thesayyn/Documents/thesayyn/protoc-gen-ts/target/debug/build/protoc_gen_ts-8cec2bec66276c47/out/test_conformance/test_messages_proto3.ts:184:50)
    at file:///Users/thesayyn/Documents/thesayyn/protoc-gen-ts/tests/conformance/bin/main.ts:23:78

  protobuf_test_messages.proto2.TestAllTypesProto2 1
  Error: Assertion failed
    at Object.jspb.asserts.doAssertFailure (https://cdn.skypack.dev/-/google-protobuf@v3.21.2-YDUqZL2TTSsy2lGtfuND/dist=es2019,mode=imports/optimized/google-protobuf.js:778:11)
    at Object.jspb.asserts.assert (https://cdn.skypack.dev/-/google-protobuf@v3.21.2-YDUqZL2TTSsy2lGtfuND/dist=es2019,mode=imports/optimized/google-protobuf.js:783:23)
    at jspb.BinaryDecoder.readUnsignedVarint32 (https://cdn.skypack.dev/-/google-protobuf@v3.21.2-YDUqZL2TTSsy2lGtfuND/dist=es2019,mode=imports/optimized/google-protobuf.js:4150:18)
    at jspb.BinaryDecoder.readZigzagVarint32 (https://cdn.skypack.dev/-/google-protobuf@v3.21.2-YDUqZL2TTSsy2lGtfuND/dist=es2019,mode=imports/optimized/google-protobuf.js:4163:18)
    at jspb.BinaryReader.readSint32 (https://cdn.skypack.dev/-/google-protobuf@v3.21.2-YDUqZL2TTSsy2lGtfuND/dist=es2019,mode=imports/optimized/google-protobuf.js:4569:26)
    at Function.deserialize (file:///Users/thesayyn/Documents/thesayyn/protoc-gen-ts/target/debug/build/protoc_gen_ts-8cec2bec66276c47/out/test_conformance/test_messages_proto2.ts:160:50)
    at file:///Users/thesayyn/Documents/thesayyn/protoc-gen-ts/tests/conformance/bin/main.ts:30:78

  protobuf_test_messages.proto3.TestAllTypesProto3 1
  Error: Assertion failed
    at Object.jspb.asserts.doAssertFailure (https://cdn.skypack.dev/-/google-protobuf@v3.21.2-YDUqZL2TTSsy2lGtfuND/dist=es2019,mode=imports/optimized/google-protobuf.js:778:11)
    at Object.jspb.asserts.assert (https://cdn.skypack.dev/-/google-protobuf@v3.21.2-YDUqZL2TTSsy2lGtfuND/dist=es2019,mode=imports/optimized/google-protobuf.js:783:23)
    at jspb.BinaryDecoder.readUnsignedVarint32 (https://cdn.skypack.dev/-/google-protobuf@v3.21.2-YDUqZL2TTSsy2lGtfuND/dist=es2019,mode=imports/optimized/google-protobuf.js:4150:18)
    at jspb.BinaryDecoder.readZigzagVarint32 (https://cdn.skypack.dev/-/google-protobuf@v3.21.2-YDUqZL2TTSsy2lGtfuND/dist=es2019,mode=imports/optimized/google-protobuf.js:4163:18)
    at jspb.BinaryReader.readSint32 (https://cdn.skypack.dev/-/google-protobuf@v3.21.2-YDUqZL2TTSsy2lGtfuND/dist=es2019,mode=imports/optimized/google-protobuf.js:4569:26)
    at Function.deserialize (file:///Users/thesayyn/Documents/thesayyn/protoc-gen-ts/target/debug/build/protoc_gen_ts-8cec2bec66276c47/out/test_conformance/test_messages_proto3.ts:258:58)
    at file:///Users/thesayyn/Documents/thesayyn/protoc-gen-ts/tests/conformance/bin/main.ts:23:78

  protobuf_test_messages.proto2.TestAllTypesProto2 1
  Error: Assertion failed
    at Object.jspb.asserts.doAssertFailure (https://cdn.skypack.dev/-/google-protobuf@v3.21.2-YDUqZL2TTSsy2lGtfuND/dist=es2019,mode=imports/optimized/google-protobuf.js:778:11)
    at Object.jspb.asserts.assert (https://cdn.skypack.dev/-/google-protobuf@v3.21.2-YDUqZL2TTSsy2lGtfuND/dist=es2019,mode=imports/optimized/google-protobuf.js:783:23)
    at jspb.BinaryDecoder.readUnsignedVarint32 (https://cdn.skypack.dev/-/google-protobuf@v3.21.2-YDUqZL2TTSsy2lGtfuND/dist=es2019,mode=imports/optimized/google-protobuf.js:4150:18)
    at jspb.BinaryDecoder.readZigzagVarint32 (https://cdn.skypack.dev/-/google-protobuf@v3.21.2-YDUqZL2TTSsy2lGtfuND/dist=es2019,mode=imports/optimized/google-protobuf.js:4163:18)
    at jspb.BinaryReader.readSint32 (https://cdn.skypack.dev/-/google-protobuf@v3.21.2-YDUqZL2TTSsy2lGtfuND/dist=es2019,mode=imports/optimized/google-protobuf.js:4569:26)
    at Function.deserialize (file:///Users/thesayyn/Documents/thesayyn/protoc-gen-ts/target/debug/build/protoc_gen_ts-8cec2bec66276c47/out/test_conformance/test_messages_proto2.ts:226:53)
    at file:///Users/thesayyn/Documents/thesayyn/protoc-gen-ts/tests/conformance/bin/main.ts:30:78

  protobuf_test_messages.proto3.TestAllTypesProto3 1
  Error: Failure: Decoder hit an error
    at Object.jspb.asserts.fail (https://cdn.skypack.dev/-/google-protobuf@v3.21.2-YDUqZL2TTSsy2lGtfuND/dist=es2019,mode=imports/optimized/google-protobuf.js:801:11)
    at jspb.BinaryReader.nextField (https://cdn.skypack.dev/-/google-protobuf@v3.21.2-YDUqZL2TTSsy2lGtfuND/dist=es2019,mode=imports/optimized/google-protobuf.js:4374:27)
    at Function.deserialize (file:///Users/thesayyn/Documents/thesayyn/protoc-gen-ts/target/debug/build/protoc_gen_ts-8cec2bec66276c47/out/test_conformance/test_messages_proto3.ts:169:18)
    at file:///Users/thesayyn/Documents/thesayyn/protoc-gen-ts/tests/conformance/bin/main.ts:23:78

  protobuf_test_messages.proto2.TestAllTypesProto2 1
  Error: Failure: Decoder hit an error
    at Object.jspb.asserts.fail (https://cdn.skypack.dev/-/google-protobuf@v3.21.2-YDUqZL2TTSsy2lGtfuND/dist=es2019,mode=imports/optimized/google-protobuf.js:801:11)
    at jspb.BinaryReader.nextField (https://cdn.skypack.dev/-/google-protobuf@v3.21.2-YDUqZL2TTSsy2lGtfuND/dist=es2019,mode=imports/optimized/google-protobuf.js:4374:27)
    at Function.deserialize (file:///Users/thesayyn/Documents/thesayyn/protoc-gen-ts/target/debug/build/protoc_gen_ts-8cec2bec66276c47/out/test_conformance/test_messages_proto2.ts:145:18)
    at file:///Users/thesayyn/Documents/thesayyn/protoc-gen-ts/tests/conformance/bin/main.ts:30:78

  protobuf_test_messages.proto3.TestAllTypesProto3 1
  Error: Assertion failed
    at Object.jspb.asserts.doAssertFailure (https://cdn.skypack.dev/-/google-protobuf@v3.21.2-YDUqZL2TTSsy2lGtfuND/dist=es2019,mode=imports/optimized/google-protobuf.js:778:11)
    at Object.jspb.asserts.assert (https://cdn.skypack.dev/-/google-protobuf@v3.21.2-YDUqZL2TTSsy2lGtfuND/dist=es2019,mode=imports/optimized/google-protobuf.js:783:23)
    at jspb.BinaryDecoder.readUnsignedVarint32 (https://cdn.skypack.dev/-/google-protobuf@v3.21.2-YDUqZL2TTSsy2lGtfuND/dist=es2019,mode=imports/optimized/google-protobuf.js:4150:18)
    at jspb.BinaryDecoder.readZigzagVarint32 (https://cdn.skypack.dev/-/google-protobuf@v3.21.2-YDUqZL2TTSsy2lGtfuND/dist=es2019,mode=imports/optimized/google-protobuf.js:4163:18)
    at jspb.BinaryReader.readSint32 (https://cdn.skypack.dev/-/google-protobuf@v3.21.2-YDUqZL2TTSsy2lGtfuND/dist=es2019,mode=imports/optimized/google-protobuf.js:4569:26)
    at Function.deserialize (file:///Users/thesayyn/Documents/thesayyn/protoc-gen-ts/target/debug/build/protoc_gen_ts-8cec2bec66276c47/out/test_conformance/test_messages_proto3.ts:184:50)
    at file:///Users/thesayyn/Documents/thesayyn/protoc-gen-ts/tests/conformance/bin/main.ts:23:78

  protobuf_test_messages.proto2.TestAllTypesProto2 1
  Error: Assertion failed
    at Object.jspb.asserts.doAssertFailure (https://cdn.skypack.dev/-/google-protobuf@v3.21.2-YDUqZL2TTSsy2lGtfuND/dist=es2019,mode=imports/optimized/google-protobuf.js:778:11)
    at Object.jspb.asserts.assert (https://cdn.skypack.dev/-/google-protobuf@v3.21.2-YDUqZL2TTSsy2lGtfuND/dist=es2019,mode=imports/optimized/google-protobuf.js:783:23)
    at jspb.BinaryDecoder.readUnsignedVarint32 (https://cdn.skypack.dev/-/google-protobuf@v3.21.2-YDUqZL2TTSsy2lGtfuND/dist=es2019,mode=imports/optimized/google-protobuf.js:4150:18)
    at jspb.BinaryDecoder.readZigzagVarint32 (https://cdn.skypack.dev/-/google-protobuf@v3.21.2-YDUqZL2TTSsy2lGtfuND/dist=es2019,mode=imports/optimized/google-protobuf.js:4163:18)
    at jspb.BinaryReader.readSint32 (https://cdn.skypack.dev/-/google-protobuf@v3.21.2-YDUqZL2TTSsy2lGtfuND/dist=es2019,mode=imports/optimized/google-protobuf.js:4569:26)
    at Function.deserialize (file:///Users/thesayyn/Documents/thesayyn/protoc-gen-ts/target/debug/build/protoc_gen_ts-8cec2bec66276c47/out/test_conformance/test_messages_proto2.ts:160:50)
    at file:///Users/thesayyn/Documents/thesayyn/protoc-gen-ts/tests/conformance/bin/main.ts:30:78

  protobuf_test_messages.proto3.TestAllTypesProto3 1
  Error: Assertion failed
    at Object.jspb.asserts.doAssertFailure (https://cdn.skypack.dev/-/google-protobuf@v3.21.2-YDUqZL2TTSsy2lGtfuND/dist=es2019,mode=imports/optimized/google-protobuf.js:778:11)
    at Object.jspb.asserts.assert (https://cdn.skypack.dev/-/google-protobuf@v3.21.2-YDUqZL2TTSsy2lGtfuND/dist=es2019,mode=imports/optimized/google-protobuf.js:783:23)
    at jspb.BinaryDecoder.readUnsignedVarint32 (https://cdn.skypack.dev/-/google-protobuf@v3.21.2-YDUqZL2TTSsy2lGtfuND/dist=es2019,mode=imports/optimized/google-protobuf.js:4150:18)
    at jspb.BinaryDecoder.readZigzagVarint32 (https://cdn.skypack.dev/-/google-protobuf@v3.21.2-YDUqZL2TTSsy2lGtfuND/dist=es2019,mode=imports/optimized/google-protobuf.js:4163:18)
    at jspb.BinaryReader.readSint32 (https://cdn.skypack.dev/-/google-protobuf@v3.21.2-YDUqZL2TTSsy2lGtfuND/dist=es2019,mode=imports/optimized/google-protobuf.js:4569:26)
    at Function.deserialize (file:///Users/thesayyn/Documents/thesayyn/protoc-gen-ts/target/debug/build/protoc_gen_ts-8cec2bec66276c47/out/test_conformance/test_messages_proto3.ts:258:58)
    at file:///Users/thesayyn/Documents/thesayyn/protoc-gen-ts/tests/conformance/bin/main.ts:23:78

  protobuf_test_messages.proto2.TestAllTypesProto2 1
  Error: Assertion failed
    at Object.jspb.asserts.doAssertFailure (https://cdn.skypack.dev/-/google-protobuf@v3.21.2-YDUqZL2TTSsy2lGtfuND/dist=es2019,mode=imports/optimized/google-protobuf.js:778:11)
    at Object.jspb.asserts.assert (https://cdn.skypack.dev/-/google-protobuf@v3.21.2-YDUqZL2TTSsy2lGtfuND/dist=es2019,mode=imports/optimized/google-protobuf.js:783:23)
    at jspb.BinaryDecoder.readUnsignedVarint32 (https://cdn.skypack.dev/-/google-protobuf@v3.21.2-YDUqZL2TTSsy2lGtfuND/dist=es2019,mode=imports/optimized/google-protobuf.js:4150:18)
    at jspb.BinaryDecoder.readZigzagVarint32 (https://cdn.skypack.dev/-/google-protobuf@v3.21.2-YDUqZL2TTSsy2lGtfuND/dist=es2019,mode=imports/optimized/google-protobuf.js:4163:18)
    at jspb.BinaryReader.readSint32 (https://cdn.skypack.dev/-/google-protobuf@v3.21.2-YDUqZL2TTSsy2lGtfuND/dist=es2019,mode=imports/optimized/google-protobuf.js:4569:26)
    at Function.deserialize (file:///Users/thesayyn/Documents/thesayyn/protoc-gen-ts/target/debug/build/protoc_gen_ts-8cec2bec66276c47/out/test_conformance/test_messages_proto2.ts:226:53)
    at file:///Users/thesayyn/Documents/thesayyn/protoc-gen-ts/tests/conformance/bin/main.ts:30:78

  protobuf_test_messages.proto3.TestAllTypesProto3 1
  Error: Failure: Decoder hit an error
    at Object.jspb.asserts.fail (https://cdn.skypack.dev/-/google-protobuf@v3.21.2-YDUqZL2TTSsy2lGtfuND/dist=es2019,mode=imports/optimized/google-protobuf.js:801:11)
    at jspb.BinaryReader.nextField (https://cdn.skypack.dev/-/google-protobuf@v3.21.2-YDUqZL2TTSsy2lGtfuND/dist=es2019,mode=imports/optimized/google-protobuf.js:4374:27)
    at Function.deserialize (file:///Users/thesayyn/Documents/thesayyn/protoc-gen-ts/target/debug/build/protoc_gen_ts-8cec2bec66276c47/out/test_conformance/test_messages_proto3.ts:169:18)
    at file:///Users/thesayyn/Documents/thesayyn/protoc-gen-ts/tests/conformance/bin/main.ts:23:78

  protobuf_test_messages.proto2.TestAllTypesProto2 1
  Error: Failure: Decoder hit an error
    at Object.jspb.asserts.fail (https://cdn.skypack.dev/-/google-protobuf@v3.21.2-YDUqZL2TTSsy2lGtfuND/dist=es2019,mode=imports/optimized/google-protobuf.js:801:11)
    at jspb.BinaryReader.nextField (https://cdn.skypack.dev/-/google-protobuf@v3.21.2-YDUqZL2TTSsy2lGtfuND/dist=es2019,mode=imports/optimized/google-protobuf.js:4374:27)
    at Function.deserialize (file:///Users/thesayyn/Documents/thesayyn/protoc-gen-ts/target/debug/build/protoc_gen_ts-8cec2bec66276c47/out/test_conformance/test_messages_proto2.ts:145:18)
    at file:///Users/thesayyn/Documents/thesayyn/protoc-gen-ts/tests/conformance/bin/main.ts:30:78

  protobuf_test_messages.proto3.TestAllTypesProto3 1
  Error: Assertion failed
    at Object.jspb.asserts.doAssertFailure (https://cdn.skypack.dev/-/google-protobuf@v3.21.2-YDUqZL2TTSsy2lGtfuND/dist=es2019,mode=imports/optimized/google-protobuf.js:778:11)
    at Object.jspb.asserts.assert (https://cdn.skypack.dev/-/google-protobuf@v3.21.2-YDUqZL2TTSsy2lGtfuND/dist=es2019,mode=imports/optimized/google-protobuf.js:783:23)
    at jspb.BinaryDecoder.readUnsignedVarint32 (https://cdn.skypack.dev/-/google-protobuf@v3.21.2-YDUqZL2TTSsy2lGtfuND/dist=es2019,mode=imports/optimized/google-protobuf.js:4150:18)
    at jspb.BinaryDecoder.readZigzagVarint32 (https://cdn.skypack.dev/-/google-protobuf@v3.21.2-YDUqZL2TTSsy2lGtfuND/dist=es2019,mode=imports/optimized/google-protobuf.js:4163:18)
    at jspb.BinaryReader.readPackedField_ (https://cdn.skypack.dev/-/google-protobuf@v3.21.2-YDUqZL2TTSsy2lGtfuND/dist=es2019,mode=imports/optimized/google-protobuf.js:4676:16)
    at jspb.BinaryReader.readPackedSint32 (https://cdn.skypack.dev/-/google-protobuf@v3.21.2-YDUqZL2TTSsy2lGtfuND/dist=es2019,mode=imports/optimized/google-protobuf.js:4708:17)
    at Function.deserialize (file:///Users/thesayyn/Documents/thesayyn/protoc-gen-ts/target/debug/build/protoc_gen_ts-8cec2bec66276c47/out/test_conformance/test_messages_proto3.ts:257:78)
    at file:///Users/thesayyn/Documents/thesayyn/protoc-gen-ts/tests/conformance/bin/main.ts:23:78

  protobuf_test_messages.proto2.TestAllTypesProto2 1
  Error: Assertion failed
    at Object.jspb.asserts.doAssertFailure (https://cdn.skypack.dev/-/google-protobuf@v3.21.2-YDUqZL2TTSsy2lGtfuND/dist=es2019,mode=imports/optimized/google-protobuf.js:778:11)
    at Object.jspb.asserts.assert (https://cdn.skypack.dev/-/google-protobuf@v3.21.2-YDUqZL2TTSsy2lGtfuND/dist=es2019,mode=imports/optimized/google-protobuf.js:783:23)
    at jspb.BinaryReader.readSint32 (https://cdn.skypack.dev/-/google-protobuf@v3.21.2-YDUqZL2TTSsy2lGtfuND/dist=es2019,mode=imports/optimized/google-protobuf.js:4568:18)
    at Function.deserialize (file:///Users/thesayyn/Documents/thesayyn/protoc-gen-ts/target/debug/build/protoc_gen_ts-8cec2bec66276c47/out/test_conformance/test_messages_proto2.ts:226:53)
    at file:///Users/thesayyn/Documents/thesayyn/protoc-gen-ts/tests/conformance/bin/main.ts:30:78

  protobuf_test_messages.proto3.TestAllTypesProto3 1
  Error: Assertion failed
    at Object.jspb.asserts.doAssertFailure (https://cdn.skypack.dev/-/google-protobuf@v3.21.2-YDUqZL2TTSsy2lGtfuND/dist=es2019,mode=imports/optimized/google-protobuf.js:778:11)
    at Object.jspb.asserts.assert (https://cdn.skypack.dev/-/google-protobuf@v3.21.2-YDUqZL2TTSsy2lGtfuND/dist=es2019,mode=imports/optimized/google-protobuf.js:783:23)
    at jspb.BinaryDecoder.readUnsignedVarint32 (https://cdn.skypack.dev/-/google-protobuf@v3.21.2-YDUqZL2TTSsy2lGtfuND/dist=es2019,mode=imports/optimized/google-protobuf.js:4150:18)
    at jspb.BinaryDecoder.readZigzagVarint32 (https://cdn.skypack.dev/-/google-protobuf@v3.21.2-YDUqZL2TTSsy2lGtfuND/dist=es2019,mode=imports/optimized/google-protobuf.js:4163:18)
    at jspb.BinaryReader.readPackedField_ (https://cdn.skypack.dev/-/google-protobuf@v3.21.2-YDUqZL2TTSsy2lGtfuND/dist=es2019,mode=imports/optimized/google-protobuf.js:4676:16)
    at jspb.BinaryReader.readPackedSint32 (https://cdn.skypack.dev/-/google-protobuf@v3.21.2-YDUqZL2TTSsy2lGtfuND/dist=es2019,mode=imports/optimized/google-protobuf.js:4708:17)
    at Function.deserialize (file:///Users/thesayyn/Documents/thesayyn/protoc-gen-ts/target/debug/build/protoc_gen_ts-8cec2bec66276c47/out/test_conformance/test_messages_proto3.ts:257:78)
    at file:///Users/thesayyn/Documents/thesayyn/protoc-gen-ts/tests/conformance/bin/main.ts:23:78

  protobuf_test_messages.proto2.TestAllTypesProto2 1
  Error: Assertion failed
    at Object.jspb.asserts.doAssertFailure (https://cdn.skypack.dev/-/google-protobuf@v3.21.2-YDUqZL2TTSsy2lGtfuND/dist=es2019,mode=imports/optimized/google-protobuf.js:778:11)
    at Object.jspb.asserts.assert (https://cdn.skypack.dev/-/google-protobuf@v3.21.2-YDUqZL2TTSsy2lGtfuND/dist=es2019,mode=imports/optimized/google-protobuf.js:783:23)
    at jspb.BinaryReader.readSint32 (https://cdn.skypack.dev/-/google-protobuf@v3.21.2-YDUqZL2TTSsy2lGtfuND/dist=es2019,mode=imports/optimized/google-protobuf.js:4568:18)
    at Function.deserialize (file:///Users/thesayyn/Documents/thesayyn/protoc-gen-ts/target/debug/build/protoc_gen_ts-8cec2bec66276c47/out/test_conformance/test_messages_proto2.ts:226:53)
    at file:///Users/thesayyn/Documents/thesayyn/protoc-gen-ts/tests/conformance/bin/main.ts:30:78

  protobuf_test_messages.proto3.TestAllTypesProto3 1
  Error: Failure: Failed to read varint, encoding is invalid.
    at Object.jspb.asserts.fail (https://cdn.skypack.dev/-/google-protobuf@v3.21.2-YDUqZL2TTSsy2lGtfuND/dist=es2019,mode=imports/optimized/google-protobuf.js:801:11)
    at jspb.BinaryDecoder.readSplitVarint64 (https://cdn.skypack.dev/-/google-protobuf@v3.21.2-YDUqZL2TTSsy2lGtfuND/dist=es2019,mode=imports/optimized/google-protobuf.js:4101:18)
    at jspb.BinaryDecoder.readZigzagVarint64 (https://cdn.skypack.dev/-/google-protobuf@v3.21.2-YDUqZL2TTSsy2lGtfuND/dist=es2019,mode=imports/optimized/google-protobuf.js:4179:17)
    at jspb.BinaryReader.readSint64 (https://cdn.skypack.dev/-/google-protobuf@v3.21.2-YDUqZL2TTSsy2lGtfuND/dist=es2019,mode=imports/optimized/google-protobuf.js:4574:26)
    at Function.deserialize (file:///Users/thesayyn/Documents/thesayyn/protoc-gen-ts/target/debug/build/protoc_gen_ts-8cec2bec66276c47/out/test_conformance/test_messages_proto3.ts:187:50)
    at file:///Users/thesayyn/Documents/thesayyn/protoc-gen-ts/tests/conformance/bin/main.ts:23:78

  protobuf_test_messages.proto2.TestAllTypesProto2 1
  Error: Failure: Failed to read varint, encoding is invalid.
    at Object.jspb.asserts.fail (https://cdn.skypack.dev/-/google-protobuf@v3.21.2-YDUqZL2TTSsy2lGtfuND/dist=es2019,mode=imports/optimized/google-protobuf.js:801:11)
    at jspb.BinaryDecoder.readSplitVarint64 (https://cdn.skypack.dev/-/google-protobuf@v3.21.2-YDUqZL2TTSsy2lGtfuND/dist=es2019,mode=imports/optimized/google-protobuf.js:4101:18)
    at jspb.BinaryDecoder.readZigzagVarint64 (https://cdn.skypack.dev/-/google-protobuf@v3.21.2-YDUqZL2TTSsy2lGtfuND/dist=es2019,mode=imports/optimized/google-protobuf.js:4179:17)
    at jspb.BinaryReader.readSint64 (https://cdn.skypack.dev/-/google-protobuf@v3.21.2-YDUqZL2TTSsy2lGtfuND/dist=es2019,mode=imports/optimized/google-protobuf.js:4574:26)
    at Function.deserialize (file:///Users/thesayyn/Documents/thesayyn/protoc-gen-ts/target/debug/build/protoc_gen_ts-8cec2bec66276c47/out/test_conformance/test_messages_proto2.ts:163:50)
    at file:///Users/thesayyn/Documents/thesayyn/protoc-gen-ts/tests/conformance/bin/main.ts:30:78

  protobuf_test_messages.proto3.TestAllTypesProto3 1
  Error: Failure: Failed to read varint, encoding is invalid.
    at Object.jspb.asserts.fail (https://cdn.skypack.dev/-/google-protobuf@v3.21.2-YDUqZL2TTSsy2lGtfuND/dist=es2019,mode=imports/optimized/google-protobuf.js:801:11)
    at jspb.BinaryDecoder.readSplitVarint64 (https://cdn.skypack.dev/-/google-protobuf@v3.21.2-YDUqZL2TTSsy2lGtfuND/dist=es2019,mode=imports/optimized/google-protobuf.js:4101:18)
    at jspb.BinaryDecoder.readZigzagVarint64 (https://cdn.skypack.dev/-/google-protobuf@v3.21.2-YDUqZL2TTSsy2lGtfuND/dist=es2019,mode=imports/optimized/google-protobuf.js:4179:17)
    at jspb.BinaryReader.readSint64 (https://cdn.skypack.dev/-/google-protobuf@v3.21.2-YDUqZL2TTSsy2lGtfuND/dist=es2019,mode=imports/optimized/google-protobuf.js:4574:26)
    at Function.deserialize (file:///Users/thesayyn/Documents/thesayyn/protoc-gen-ts/target/debug/build/protoc_gen_ts-8cec2bec66276c47/out/test_conformance/test_messages_proto3.ts:262:58)
    at file:///Users/thesayyn/Documents/thesayyn/protoc-gen-ts/tests/conformance/bin/main.ts:23:78

  protobuf_test_messages.proto2.TestAllTypesProto2 1
  Error: Failure: Failed to read varint, encoding is invalid.
    at Object.jspb.asserts.fail (https://cdn.skypack.dev/-/google-protobuf@v3.21.2-YDUqZL2TTSsy2lGtfuND/dist=es2019,mode=imports/optimized/google-protobuf.js:801:11)
    at jspb.BinaryDecoder.readSplitVarint64 (https://cdn.skypack.dev/-/google-protobuf@v3.21.2-YDUqZL2TTSsy2lGtfuND/dist=es2019,mode=imports/optimized/google-protobuf.js:4101:18)
    at jspb.BinaryDecoder.readZigzagVarint64 (https://cdn.skypack.dev/-/google-protobuf@v3.21.2-YDUqZL2TTSsy2lGtfuND/dist=es2019,mode=imports/optimized/google-protobuf.js:4179:17)
    at jspb.BinaryReader.readSint64 (https://cdn.skypack.dev/-/google-protobuf@v3.21.2-YDUqZL2TTSsy2lGtfuND/dist=es2019,mode=imports/optimized/google-protobuf.js:4574:26)
    at Function.deserialize (file:///Users/thesayyn/Documents/thesayyn/protoc-gen-ts/target/debug/build/protoc_gen_ts-8cec2bec66276c47/out/test_conformance/test_messages_proto2.ts:229:53)
    at file:///Users/thesayyn/Documents/thesayyn/protoc-gen-ts/tests/conformance/bin/main.ts:30:78

  protobuf_test_messages.proto3.TestAllTypesProto3 1
  Error: Failure: Decoder hit an error
    at Object.jspb.asserts.fail (https://cdn.skypack.dev/-/google-protobuf@v3.21.2-YDUqZL2TTSsy2lGtfuND/dist=es2019,mode=imports/optimized/google-protobuf.js:801:11)
    at jspb.BinaryReader.nextField (https://cdn.skypack.dev/-/google-protobuf@v3.21.2-YDUqZL2TTSsy2lGtfuND/dist=es2019,mode=imports/optimized/google-protobuf.js:4374:27)
    at Function.deserialize (file:///Users/thesayyn/Documents/thesayyn/protoc-gen-ts/target/debug/build/protoc_gen_ts-8cec2bec66276c47/out/test_conformance/test_messages_proto3.ts:169:18)
    at file:///Users/thesayyn/Documents/thesayyn/protoc-gen-ts/tests/conformance/bin/main.ts:23:78

  protobuf_test_messages.proto2.TestAllTypesProto2 1
  Error: Failure: Decoder hit an error
    at Object.jspb.asserts.fail (https://cdn.skypack.dev/-/google-protobuf@v3.21.2-YDUqZL2TTSsy2lGtfuND/dist=es2019,mode=imports/optimized/google-protobuf.js:801:11)
    at jspb.BinaryReader.nextField (https://cdn.skypack.dev/-/google-protobuf@v3.21.2-YDUqZL2TTSsy2lGtfuND/dist=es2019,mode=imports/optimized/google-protobuf.js:4374:27)
    at Function.deserialize (file:///Users/thesayyn/Documents/thesayyn/protoc-gen-ts/target/debug/build/protoc_gen_ts-8cec2bec66276c47/out/test_conformance/test_messages_proto2.ts:145:18)
    at file:///Users/thesayyn/Documents/thesayyn/protoc-gen-ts/tests/conformance/bin/main.ts:30:78

  protobuf_test_messages.proto3.TestAllTypesProto3 1
  Error: Failure: Failed to read varint, encoding is invalid.
    at Object.jspb.asserts.fail (https://cdn.skypack.dev/-/google-protobuf@v3.21.2-YDUqZL2TTSsy2lGtfuND/dist=es2019,mode=imports/optimized/google-protobuf.js:801:11)
    at jspb.BinaryDecoder.readSplitVarint64 (https://cdn.skypack.dev/-/google-protobuf@v3.21.2-YDUqZL2TTSsy2lGtfuND/dist=es2019,mode=imports/optimized/google-protobuf.js:4101:18)
    at jspb.BinaryDecoder.readZigzagVarint64 (https://cdn.skypack.dev/-/google-protobuf@v3.21.2-YDUqZL2TTSsy2lGtfuND/dist=es2019,mode=imports/optimized/google-protobuf.js:4179:17)
    at jspb.BinaryReader.readSint64 (https://cdn.skypack.dev/-/google-protobuf@v3.21.2-YDUqZL2TTSsy2lGtfuND/dist=es2019,mode=imports/optimized/google-protobuf.js:4574:26)
    at Function.deserialize (file:///Users/thesayyn/Documents/thesayyn/protoc-gen-ts/target/debug/build/protoc_gen_ts-8cec2bec66276c47/out/test_conformance/test_messages_proto3.ts:187:50)
    at file:///Users/thesayyn/Documents/thesayyn/protoc-gen-ts/tests/conformance/bin/main.ts:23:78

  protobuf_test_messages.proto2.TestAllTypesProto2 1
  Error: Failure: Failed to read varint, encoding is invalid.
    at Object.jspb.asserts.fail (https://cdn.skypack.dev/-/google-protobuf@v3.21.2-YDUqZL2TTSsy2lGtfuND/dist=es2019,mode=imports/optimized/google-protobuf.js:801:11)
    at jspb.BinaryDecoder.readSplitVarint64 (https://cdn.skypack.dev/-/google-protobuf@v3.21.2-YDUqZL2TTSsy2lGtfuND/dist=es2019,mode=imports/optimized/google-protobuf.js:4101:18)
    at jspb.BinaryDecoder.readZigzagVarint64 (https://cdn.skypack.dev/-/google-protobuf@v3.21.2-YDUqZL2TTSsy2lGtfuND/dist=es2019,mode=imports/optimized/google-protobuf.js:4179:17)
    at jspb.BinaryReader.readSint64 (https://cdn.skypack.dev/-/google-protobuf@v3.21.2-YDUqZL2TTSsy2lGtfuND/dist=es2019,mode=imports/optimized/google-protobuf.js:4574:26)
    at Function.deserialize (file:///Users/thesayyn/Documents/thesayyn/protoc-gen-ts/target/debug/build/protoc_gen_ts-8cec2bec66276c47/out/test_conformance/test_messages_proto2.ts:163:50)
    at file:///Users/thesayyn/Documents/thesayyn/protoc-gen-ts/tests/conformance/bin/main.ts:30:78

  protobuf_test_messages.proto3.TestAllTypesProto3 1
  Error: Failure: Failed to read varint, encoding is invalid.
    at Object.jspb.asserts.fail (https://cdn.skypack.dev/-/google-protobuf@v3.21.2-YDUqZL2TTSsy2lGtfuND/dist=es2019,mode=imports/optimized/google-protobuf.js:801:11)
    at jspb.BinaryDecoder.readSplitVarint64 (https://cdn.skypack.dev/-/google-protobuf@v3.21.2-YDUqZL2TTSsy2lGtfuND/dist=es2019,mode=imports/optimized/google-protobuf.js:4101:18)
    at jspb.BinaryDecoder.readZigzagVarint64 (https://cdn.skypack.dev/-/google-protobuf@v3.21.2-YDUqZL2TTSsy2lGtfuND/dist=es2019,mode=imports/optimized/google-protobuf.js:4179:17)
    at jspb.BinaryReader.readSint64 (https://cdn.skypack.dev/-/google-protobuf@v3.21.2-YDUqZL2TTSsy2lGtfuND/dist=es2019,mode=imports/optimized/google-protobuf.js:4574:26)
    at Function.deserialize (file:///Users/thesayyn/Documents/thesayyn/protoc-gen-ts/target/debug/build/protoc_gen_ts-8cec2bec66276c47/out/test_conformance/test_messages_proto3.ts:262:58)
    at file:///Users/thesayyn/Documents/thesayyn/protoc-gen-ts/tests/conformance/bin/main.ts:23:78

  protobuf_test_messages.proto2.TestAllTypesProto2 1
  Error: Failure: Failed to read varint, encoding is invalid.
    at Object.jspb.asserts.fail (https://cdn.skypack.dev/-/google-protobuf@v3.21.2-YDUqZL2TTSsy2lGtfuND/dist=es2019,mode=imports/optimized/google-protobuf.js:801:11)
    at jspb.BinaryDecoder.readSplitVarint64 (https://cdn.skypack.dev/-/google-protobuf@v3.21.2-YDUqZL2TTSsy2lGtfuND/dist=es2019,mode=imports/optimized/google-protobuf.js:4101:18)
    at jspb.BinaryDecoder.readZigzagVarint64 (https://cdn.skypack.dev/-/google-protobuf@v3.21.2-YDUqZL2TTSsy2lGtfuND/dist=es2019,mode=imports/optimized/google-protobuf.js:4179:17)
    at jspb.BinaryReader.readSint64 (https://cdn.skypack.dev/-/google-protobuf@v3.21.2-YDUqZL2TTSsy2lGtfuND/dist=es2019,mode=imports/optimized/google-protobuf.js:4574:26)
    at Function.deserialize (file:///Users/thesayyn/Documents/thesayyn/protoc-gen-ts/target/debug/build/protoc_gen_ts-8cec2bec66276c47/out/test_conformance/test_messages_proto2.ts:229:53)
    at file:///Users/thesayyn/Documents/thesayyn/protoc-gen-ts/tests/conformance/bin/main.ts:30:78

  protobuf_test_messages.proto3.TestAllTypesProto3 1
  Error: Failure: Decoder hit an error
    at Object.jspb.asserts.fail (https://cdn.skypack.dev/-/google-protobuf@v3.21.2-YDUqZL2TTSsy2lGtfuND/dist=es2019,mode=imports/optimized/google-protobuf.js:801:11)
    at jspb.BinaryReader.nextField (https://cdn.skypack.dev/-/google-protobuf@v3.21.2-YDUqZL2TTSsy2lGtfuND/dist=es2019,mode=imports/optimized/google-protobuf.js:4374:27)
    at Function.deserialize (file:///Users/thesayyn/Documents/thesayyn/protoc-gen-ts/target/debug/build/protoc_gen_ts-8cec2bec66276c47/out/test_conformance/test_messages_proto3.ts:169:18)
    at file:///Users/thesayyn/Documents/thesayyn/protoc-gen-ts/tests/conformance/bin/main.ts:23:78

  protobuf_test_messages.proto2.TestAllTypesProto2 1
  Error: Failure: Decoder hit an error
    at Object.jspb.asserts.fail (https://cdn.skypack.dev/-/google-protobuf@v3.21.2-YDUqZL2TTSsy2lGtfuND/dist=es2019,mode=imports/optimized/google-protobuf.js:801:11)
    at jspb.BinaryReader.nextField (https://cdn.skypack.dev/-/google-protobuf@v3.21.2-YDUqZL2TTSsy2lGtfuND/dist=es2019,mode=imports/optimized/google-protobuf.js:4374:27)
    at Function.deserialize (file:///Users/thesayyn/Documents/thesayyn/protoc-gen-ts/target/debug/build/protoc_gen_ts-8cec2bec66276c47/out/test_conformance/test_messages_proto2.ts:145:18)
    at file:///Users/thesayyn/Documents/thesayyn/protoc-gen-ts/tests/conformance/bin/main.ts:30:78

  protobuf_test_messages.proto3.TestAllTypesProto3 1
  Error: Failure: Failed to read varint, encoding is invalid.
    at Object.jspb.asserts.fail (https://cdn.skypack.dev/-/google-protobuf@v3.21.2-YDUqZL2TTSsy2lGtfuND/dist=es2019,mode=imports/optimized/google-protobuf.js:801:11)
    at jspb.BinaryDecoder.readSplitVarint64 (https://cdn.skypack.dev/-/google-protobuf@v3.21.2-YDUqZL2TTSsy2lGtfuND/dist=es2019,mode=imports/optimized/google-protobuf.js:4101:18)
    at jspb.BinaryDecoder.readZigzagVarint64 (https://cdn.skypack.dev/-/google-protobuf@v3.21.2-YDUqZL2TTSsy2lGtfuND/dist=es2019,mode=imports/optimized/google-protobuf.js:4179:17)
    at jspb.BinaryReader.readPackedField_ (https://cdn.skypack.dev/-/google-protobuf@v3.21.2-YDUqZL2TTSsy2lGtfuND/dist=es2019,mode=imports/optimized/google-protobuf.js:4676:16)
    at jspb.BinaryReader.readPackedSint64 (https://cdn.skypack.dev/-/google-protobuf@v3.21.2-YDUqZL2TTSsy2lGtfuND/dist=es2019,mode=imports/optimized/google-protobuf.js:4712:17)
    at Function.deserialize (file:///Users/thesayyn/Documents/thesayyn/protoc-gen-ts/target/debug/build/protoc_gen_ts-8cec2bec66276c47/out/test_conformance/test_messages_proto3.ts:261:78)
    at file:///Users/thesayyn/Documents/thesayyn/protoc-gen-ts/tests/conformance/bin/main.ts:23:78

  protobuf_test_messages.proto2.TestAllTypesProto2 1
  Error: Assertion failed
    at Object.jspb.asserts.doAssertFailure (https://cdn.skypack.dev/-/google-protobuf@v3.21.2-YDUqZL2TTSsy2lGtfuND/dist=es2019,mode=imports/optimized/google-protobuf.js:778:11)
    at Object.jspb.asserts.assert (https://cdn.skypack.dev/-/google-protobuf@v3.21.2-YDUqZL2TTSsy2lGtfuND/dist=es2019,mode=imports/optimized/google-protobuf.js:783:23)
    at jspb.BinaryReader.readSint64 (https://cdn.skypack.dev/-/google-protobuf@v3.21.2-YDUqZL2TTSsy2lGtfuND/dist=es2019,mode=imports/optimized/google-protobuf.js:4573:18)
    at Function.deserialize (file:///Users/thesayyn/Documents/thesayyn/protoc-gen-ts/target/debug/build/protoc_gen_ts-8cec2bec66276c47/out/test_conformance/test_messages_proto2.ts:229:53)
    at file:///Users/thesayyn/Documents/thesayyn/protoc-gen-ts/tests/conformance/bin/main.ts:30:78

  protobuf_test_messages.proto3.TestAllTypesProto3 1
  Error: Failure: Failed to read varint, encoding is invalid.
    at Object.jspb.asserts.fail (https://cdn.skypack.dev/-/google-protobuf@v3.21.2-YDUqZL2TTSsy2lGtfuND/dist=es2019,mode=imports/optimized/google-protobuf.js:801:11)
    at jspb.BinaryDecoder.readSplitVarint64 (https://cdn.skypack.dev/-/google-protobuf@v3.21.2-YDUqZL2TTSsy2lGtfuND/dist=es2019,mode=imports/optimized/google-protobuf.js:4101:18)
    at jspb.BinaryDecoder.readZigzagVarint64 (https://cdn.skypack.dev/-/google-protobuf@v3.21.2-YDUqZL2TTSsy2lGtfuND/dist=es2019,mode=imports/optimized/google-protobuf.js:4179:17)
    at jspb.BinaryReader.readPackedField_ (https://cdn.skypack.dev/-/google-protobuf@v3.21.2-YDUqZL2TTSsy2lGtfuND/dist=es2019,mode=imports/optimized/google-protobuf.js:4676:16)
    at jspb.BinaryReader.readPackedSint64 (https://cdn.skypack.dev/-/google-protobuf@v3.21.2-YDUqZL2TTSsy2lGtfuND/dist=es2019,mode=imports/optimized/google-protobuf.js:4712:17)
    at Function.deserialize (file:///Users/thesayyn/Documents/thesayyn/protoc-gen-ts/target/debug/build/protoc_gen_ts-8cec2bec66276c47/out/test_conformance/test_messages_proto3.ts:261:78)
    at file:///Users/thesayyn/Documents/thesayyn/protoc-gen-ts/tests/conformance/bin/main.ts:23:78

  protobuf_test_messages.proto2.TestAllTypesProto2 1
  Error: Assertion failed
    at Object.jspb.asserts.doAssertFailure (https://cdn.skypack.dev/-/google-protobuf@v3.21.2-YDUqZL2TTSsy2lGtfuND/dist=es2019,mode=imports/optimized/google-protobuf.js:778:11)
    at Object.jspb.asserts.assert (https://cdn.skypack.dev/-/google-protobuf@v3.21.2-YDUqZL2TTSsy2lGtfuND/dist=es2019,mode=imports/optimized/google-protobuf.js:783:23)
    at jspb.BinaryReader.readSint64 (https://cdn.skypack.dev/-/google-protobuf@v3.21.2-YDUqZL2TTSsy2lGtfuND/dist=es2019,mode=imports/optimized/google-protobuf.js:4573:18)
    at Function.deserialize (file:///Users/thesayyn/Documents/thesayyn/protoc-gen-ts/target/debug/build/protoc_gen_ts-8cec2bec66276c47/out/test_conformance/test_messages_proto2.ts:229:53)
    at file:///Users/thesayyn/Documents/thesayyn/protoc-gen-ts/tests/conformance/bin/main.ts:30:78

  protobuf_test_messages.proto2.TestAllTypesProto2 1
  Error: Assertion failed
    at Object.jspb.asserts.doAssertFailure (https://cdn.skypack.dev/-/google-protobuf@v3.21.2-YDUqZL2TTSsy2lGtfuND/dist=es2019,mode=imports/optimized/google-protobuf.js:778:11)
    at Object.jspb.asserts.assert (https://cdn.skypack.dev/-/google-protobuf@v3.21.2-YDUqZL2TTSsy2lGtfuND/dist=es2019,mode=imports/optimized/google-protobuf.js:783:23)
    at jspb.BinaryReader.readDouble (https://cdn.skypack.dev/-/google-protobuf@v3.21.2-YDUqZL2TTSsy2lGtfuND/dist=es2019,mode=imports/optimized/google-protobuf.js:4619:18)
    at Function.deserialize (file:///Users/thesayyn/Documents/thesayyn/protoc-gen-ts/target/debug/build/protoc_gen_ts-8cec2bec66276c47/out/test_conformance/test_messages_proto2.ts:247:53)
    at file:///Users/thesayyn/Documents/thesayyn/protoc-gen-ts/tests/conformance/bin/main.ts:30:78

  protobuf_test_messages.proto2.TestAllTypesProto2 1
  Error: Assertion failed
    at Object.jspb.asserts.doAssertFailure (https://cdn.skypack.dev/-/google-protobuf@v3.21.2-YDUqZL2TTSsy2lGtfuND/dist=es2019,mode=imports/optimized/google-protobuf.js:778:11)
    at Object.jspb.asserts.assert (https://cdn.skypack.dev/-/google-protobuf@v3.21.2-YDUqZL2TTSsy2lGtfuND/dist=es2019,mode=imports/optimized/google-protobuf.js:783:23)
    at jspb.BinaryReader.readDouble (https://cdn.skypack.dev/-/google-protobuf@v3.21.2-YDUqZL2TTSsy2lGtfuND/dist=es2019,mode=imports/optimized/google-protobuf.js:4619:18)
    at Function.deserialize (file:///Users/thesayyn/Documents/thesayyn/protoc-gen-ts/target/debug/build/protoc_gen_ts-8cec2bec66276c47/out/test_conformance/test_messages_proto2.ts:247:53)
    at file:///Users/thesayyn/Documents/thesayyn/protoc-gen-ts/tests/conformance/bin/main.ts:30:78

  protobuf_test_messages.proto2.TestAllTypesProto2 1
  Error: Assertion failed
    at Object.jspb.asserts.doAssertFailure (https://cdn.skypack.dev/-/google-protobuf@v3.21.2-YDUqZL2TTSsy2lGtfuND/dist=es2019,mode=imports/optimized/google-protobuf.js:778:11)
    at Object.jspb.asserts.assert (https://cdn.skypack.dev/-/google-protobuf@v3.21.2-YDUqZL2TTSsy2lGtfuND/dist=es2019,mode=imports/optimized/google-protobuf.js:783:23)
    at jspb.BinaryReader.readDouble (https://cdn.skypack.dev/-/google-protobuf@v3.21.2-YDUqZL2TTSsy2lGtfuND/dist=es2019,mode=imports/optimized/google-protobuf.js:4619:18)
    at Function.deserialize (file:///Users/thesayyn/Documents/thesayyn/protoc-gen-ts/target/debug/build/protoc_gen_ts-8cec2bec66276c47/out/test_conformance/test_messages_proto2.ts:247:53)
    at file:///Users/thesayyn/Documents/thesayyn/protoc-gen-ts/tests/conformance/bin/main.ts:30:78

  protobuf_test_messages.proto3.TestAllTypesProto3 1
  Error: Assertion failed
    at Object.jspb.asserts.doAssertFailure (https://cdn.skypack.dev/-/google-protobuf@v3.21.2-YDUqZL2TTSsy2lGtfuND/dist=es2019,mode=imports/optimized/google-protobuf.js:778:11)
    at Object.jspb.asserts.assert (https://cdn.skypack.dev/-/google-protobuf@v3.21.2-YDUqZL2TTSsy2lGtfuND/dist=es2019,mode=imports/optimized/google-protobuf.js:783:23)
    at jspb.BinaryReader.readDouble (https://cdn.skypack.dev/-/google-protobuf@v3.21.2-YDUqZL2TTSsy2lGtfuND/dist=es2019,mode=imports/optimized/google-protobuf.js:4619:18)
    at Function.deserialize (file:///Users/thesayyn/Documents/thesayyn/protoc-gen-ts/target/debug/build/protoc_gen_ts-8cec2bec66276c47/out/test_conformance/test_messages_proto3.ts:408:53)
    at file:///Users/thesayyn/Documents/thesayyn/protoc-gen-ts/tests/conformance/bin/main.ts:23:78

  protobuf_test_messages.proto2.TestAllTypesProto2 1
  Error: Assertion failed
    at Object.jspb.asserts.doAssertFailure (https://cdn.skypack.dev/-/google-protobuf@v3.21.2-YDUqZL2TTSsy2lGtfuND/dist=es2019,mode=imports/optimized/google-protobuf.js:778:11)
    at Object.jspb.asserts.assert (https://cdn.skypack.dev/-/google-protobuf@v3.21.2-YDUqZL2TTSsy2lGtfuND/dist=es2019,mode=imports/optimized/google-protobuf.js:783:23)
    at jspb.BinaryReader.readFloat (https://cdn.skypack.dev/-/google-protobuf@v3.21.2-YDUqZL2TTSsy2lGtfuND/dist=es2019,mode=imports/optimized/google-protobuf.js:4614:18)
    at Function.deserialize (file:///Users/thesayyn/Documents/thesayyn/protoc-gen-ts/target/debug/build/protoc_gen_ts-8cec2bec66276c47/out/test_conformance/test_messages_proto2.ts:244:52)
    at file:///Users/thesayyn/Documents/thesayyn/protoc-gen-ts/tests/conformance/bin/main.ts:30:78

  protobuf_test_messages.proto2.TestAllTypesProto2 1
  Error: Assertion failed
    at Object.jspb.asserts.doAssertFailure (https://cdn.skypack.dev/-/google-protobuf@v3.21.2-YDUqZL2TTSsy2lGtfuND/dist=es2019,mode=imports/optimized/google-protobuf.js:778:11)
    at Object.jspb.asserts.assert (https://cdn.skypack.dev/-/google-protobuf@v3.21.2-YDUqZL2TTSsy2lGtfuND/dist=es2019,mode=imports/optimized/google-protobuf.js:783:23)
    at jspb.BinaryReader.readFloat (https://cdn.skypack.dev/-/google-protobuf@v3.21.2-YDUqZL2TTSsy2lGtfuND/dist=es2019,mode=imports/optimized/google-protobuf.js:4614:18)
    at Function.deserialize (file:///Users/thesayyn/Documents/thesayyn/protoc-gen-ts/target/debug/build/protoc_gen_ts-8cec2bec66276c47/out/test_conformance/test_messages_proto2.ts:244:52)
    at file:///Users/thesayyn/Documents/thesayyn/protoc-gen-ts/tests/conformance/bin/main.ts:30:78

  protobuf_test_messages.proto2.TestAllTypesProto2 1
  Error: Assertion failed
    at Object.jspb.asserts.doAssertFailure (https://cdn.skypack.dev/-/google-protobuf@v3.21.2-YDUqZL2TTSsy2lGtfuND/dist=es2019,mode=imports/optimized/google-protobuf.js:778:11)
    at Object.jspb.asserts.assert (https://cdn.skypack.dev/-/google-protobuf@v3.21.2-YDUqZL2TTSsy2lGtfuND/dist=es2019,mode=imports/optimized/google-protobuf.js:783:23)
    at jspb.BinaryReader.readFloat (https://cdn.skypack.dev/-/google-protobuf@v3.21.2-YDUqZL2TTSsy2lGtfuND/dist=es2019,mode=imports/optimized/google-protobuf.js:4614:18)
    at Function.deserialize (file:///Users/thesayyn/Documents/thesayyn/protoc-gen-ts/target/debug/build/protoc_gen_ts-8cec2bec66276c47/out/test_conformance/test_messages_proto2.ts:244:52)
    at file:///Users/thesayyn/Documents/thesayyn/protoc-gen-ts/tests/conformance/bin/main.ts:30:78

  protobuf_test_messages.proto3.TestAllTypesProto3 1
  Error: Assertion failed
    at Object.jspb.asserts.doAssertFailure (https://cdn.skypack.dev/-/google-protobuf@v3.21.2-YDUqZL2TTSsy2lGtfuND/dist=es2019,mode=imports/optimized/google-protobuf.js:778:11)
    at Object.jspb.asserts.assert (https://cdn.skypack.dev/-/google-protobuf@v3.21.2-YDUqZL2TTSsy2lGtfuND/dist=es2019,mode=imports/optimized/google-protobuf.js:783:23)
    at jspb.BinaryReader.readFloat (https://cdn.skypack.dev/-/google-protobuf@v3.21.2-YDUqZL2TTSsy2lGtfuND/dist=es2019,mode=imports/optimized/google-protobuf.js:4614:18)
    at Function.deserialize (file:///Users/thesayyn/Documents/thesayyn/protoc-gen-ts/target/debug/build/protoc_gen_ts-8cec2bec66276c47/out/test_conformance/test_messages_proto3.ts:405:52)
    at file:///Users/thesayyn/Documents/thesayyn/protoc-gen-ts/tests/conformance/bin/main.ts:23:78

  protobuf_test_messages.proto2.TestAllTypesProto2 1
  Error: Assertion failed
    at Object.jspb.asserts.doAssertFailure (https://cdn.skypack.dev/-/google-protobuf@v3.21.2-YDUqZL2TTSsy2lGtfuND/dist=es2019,mode=imports/optimized/google-protobuf.js:778:11)
    at Object.jspb.asserts.assert (https://cdn.skypack.dev/-/google-protobuf@v3.21.2-YDUqZL2TTSsy2lGtfuND/dist=es2019,mode=imports/optimized/google-protobuf.js:783:23)
    at jspb.BinaryWriter.writeInt64 (https://cdn.skypack.dev/-/google-protobuf@v3.21.2-YDUqZL2TTSsy2lGtfuND/dist=es2019,mode=imports/optimized/google-protobuf.js:5220:32)
    at protobuf_test_messages_proto2_TestAllTypesProto2.serialize (file:///Users/thesayyn/Documents/thesayyn/protoc-gen-ts/target/debug/build/protoc_gen_ts-8cec2bec66276c47/out/test_conformance/test_messages_proto2.ts:876:16)
    at file:///Users/thesayyn/Documents/thesayyn/protoc-gen-ts/tests/conformance/bin/main.ts:31:44

  protobuf_test_messages.proto2.TestAllTypesProto2 1
  Error: Assertion failed
    at Object.jspb.asserts.doAssertFailure (https://cdn.skypack.dev/-/google-protobuf@v3.21.2-YDUqZL2TTSsy2lGtfuND/dist=es2019,mode=imports/optimized/google-protobuf.js:778:11)
    at Object.jspb.asserts.assert (https://cdn.skypack.dev/-/google-protobuf@v3.21.2-YDUqZL2TTSsy2lGtfuND/dist=es2019,mode=imports/optimized/google-protobuf.js:783:23)
    at jspb.BinaryWriter.writeInt64 (https://cdn.skypack.dev/-/google-protobuf@v3.21.2-YDUqZL2TTSsy2lGtfuND/dist=es2019,mode=imports/optimized/google-protobuf.js:5220:32)
    at protobuf_test_messages_proto2_TestAllTypesProto2.serialize (file:///Users/thesayyn/Documents/thesayyn/protoc-gen-ts/target/debug/build/protoc_gen_ts-8cec2bec66276c47/out/test_conformance/test_messages_proto2.ts:876:16)
    at file:///Users/thesayyn/Documents/thesayyn/protoc-gen-ts/tests/conformance/bin/main.ts:31:44

  protobuf_test_messages.proto2.TestAllTypesProto2 1
  Error: Assertion failed
    at Object.jspb.asserts.doAssertFailure (https://cdn.skypack.dev/-/google-protobuf@v3.21.2-YDUqZL2TTSsy2lGtfuND/dist=es2019,mode=imports/optimized/google-protobuf.js:778:11)
    at Object.jspb.asserts.assert (https://cdn.skypack.dev/-/google-protobuf@v3.21.2-YDUqZL2TTSsy2lGtfuND/dist=es2019,mode=imports/optimized/google-protobuf.js:783:23)
    at jspb.BinaryWriter.writeInt64 (https://cdn.skypack.dev/-/google-protobuf@v3.21.2-YDUqZL2TTSsy2lGtfuND/dist=es2019,mode=imports/optimized/google-protobuf.js:5220:32)
    at protobuf_test_messages_proto2_TestAllTypesProto2.serialize (file:///Users/thesayyn/Documents/thesayyn/protoc-gen-ts/target/debug/build/protoc_gen_ts-8cec2bec66276c47/out/test_conformance/test_messages_proto2.ts:945:16)
    at file:///Users/thesayyn/Documents/thesayyn/protoc-gen-ts/tests/conformance/bin/main.ts:31:44

  protobuf_test_messages.proto2.TestAllTypesProto2 1
  Error: Assertion failed
    at Object.jspb.asserts.doAssertFailure (https://cdn.skypack.dev/-/google-protobuf@v3.21.2-YDUqZL2TTSsy2lGtfuND/dist=es2019,mode=imports/optimized/google-protobuf.js:778:11)
    at Object.jspb.asserts.assert (https://cdn.skypack.dev/-/google-protobuf@v3.21.2-YDUqZL2TTSsy2lGtfuND/dist=es2019,mode=imports/optimized/google-protobuf.js:783:23)
    at jspb.BinaryReader.readInt64 (https://cdn.skypack.dev/-/google-protobuf@v3.21.2-YDUqZL2TTSsy2lGtfuND/dist=es2019,mode=imports/optimized/google-protobuf.js:4541:18)
    at Function.deserialize (file:///Users/thesayyn/Documents/thesayyn/protoc-gen-ts/target/debug/build/protoc_gen_ts-8cec2bec66276c47/out/test_conformance/test_messages_proto2.ts:217:52)
    at file:///Users/thesayyn/Documents/thesayyn/protoc-gen-ts/tests/conformance/bin/main.ts:30:78

  protobuf_test_messages.proto2.TestAllTypesProto2 1
  Error: Assertion failed
    at Object.jspb.asserts.doAssertFailure (https://cdn.skypack.dev/-/google-protobuf@v3.21.2-YDUqZL2TTSsy2lGtfuND/dist=es2019,mode=imports/optimized/google-protobuf.js:778:11)
    at Object.jspb.asserts.assert (https://cdn.skypack.dev/-/google-protobuf@v3.21.2-YDUqZL2TTSsy2lGtfuND/dist=es2019,mode=imports/optimized/google-protobuf.js:783:23)
    at jspb.BinaryWriter.writeInt64 (https://cdn.skypack.dev/-/google-protobuf@v3.21.2-YDUqZL2TTSsy2lGtfuND/dist=es2019,mode=imports/optimized/google-protobuf.js:5220:32)
    at protobuf_test_messages_proto2_TestAllTypesProto2.serialize (file:///Users/thesayyn/Documents/thesayyn/protoc-gen-ts/target/debug/build/protoc_gen_ts-8cec2bec66276c47/out/test_conformance/test_messages_proto2.ts:945:16)
    at file:///Users/thesayyn/Documents/thesayyn/protoc-gen-ts/tests/conformance/bin/main.ts:31:44

  protobuf_test_messages.proto2.TestAllTypesProto2 1
  Error: Assertion failed
    at Object.jspb.asserts.doAssertFailure (https://cdn.skypack.dev/-/google-protobuf@v3.21.2-YDUqZL2TTSsy2lGtfuND/dist=es2019,mode=imports/optimized/google-protobuf.js:778:11)
    at Object.jspb.asserts.assert (https://cdn.skypack.dev/-/google-protobuf@v3.21.2-YDUqZL2TTSsy2lGtfuND/dist=es2019,mode=imports/optimized/google-protobuf.js:783:23)
    at jspb.BinaryReader.readInt64 (https://cdn.skypack.dev/-/google-protobuf@v3.21.2-YDUqZL2TTSsy2lGtfuND/dist=es2019,mode=imports/optimized/google-protobuf.js:4541:18)
    at Function.deserialize (file:///Users/thesayyn/Documents/thesayyn/protoc-gen-ts/target/debug/build/protoc_gen_ts-8cec2bec66276c47/out/test_conformance/test_messages_proto2.ts:217:52)
    at file:///Users/thesayyn/Documents/thesayyn/protoc-gen-ts/tests/conformance/bin/main.ts:30:78

  protobuf_test_messages.proto2.TestAllTypesProto2 1
  Error: Assertion failed
    at Object.jspb.asserts.doAssertFailure (https://cdn.skypack.dev/-/google-protobuf@v3.21.2-YDUqZL2TTSsy2lGtfuND/dist=es2019,mode=imports/optimized/google-protobuf.js:778:11)
    at Object.jspb.asserts.assert (https://cdn.skypack.dev/-/google-protobuf@v3.21.2-YDUqZL2TTSsy2lGtfuND/dist=es2019,mode=imports/optimized/google-protobuf.js:783:23)
    at jspb.BinaryEncoder.writeSignedVarint64 (https://cdn.skypack.dev/-/google-protobuf@v3.21.2-YDUqZL2TTSsy2lGtfuND/dist=es2019,mode=imports/optimized/google-protobuf.js:4814:18)
    at jspb.BinaryWriter.writePackedInt64 (https://cdn.skypack.dev/-/google-protobuf@v3.21.2-YDUqZL2TTSsy2lGtfuND/dist=es2019,mode=imports/optimized/google-protobuf.js:5530:23)
    at protobuf_test_messages_proto2_TestAllTypesProto2.serialize (file:///Users/thesayyn/Documents/thesayyn/protoc-gen-ts/target/debug/build/protoc_gen_ts-8cec2bec66276c47/out/test_conformance/test_messages_proto2.ts:1010:16)
    at file:///Users/thesayyn/Documents/thesayyn/protoc-gen-ts/tests/conformance/bin/main.ts:31:44

  protobuf_test_messages.proto2.TestAllTypesProto2 1
  Error: Assertion failed
    at Object.jspb.asserts.doAssertFailure (https://cdn.skypack.dev/-/google-protobuf@v3.21.2-YDUqZL2TTSsy2lGtfuND/dist=es2019,mode=imports/optimized/google-protobuf.js:778:11)
    at Object.jspb.asserts.assert (https://cdn.skypack.dev/-/google-protobuf@v3.21.2-YDUqZL2TTSsy2lGtfuND/dist=es2019,mode=imports/optimized/google-protobuf.js:783:23)
    at jspb.BinaryEncoder.writeSignedVarint64 (https://cdn.skypack.dev/-/google-protobuf@v3.21.2-YDUqZL2TTSsy2lGtfuND/dist=es2019,mode=imports/optimized/google-protobuf.js:4814:18)
    at jspb.BinaryWriter.writePackedInt64 (https://cdn.skypack.dev/-/google-protobuf@v3.21.2-YDUqZL2TTSsy2lGtfuND/dist=es2019,mode=imports/optimized/google-protobuf.js:5530:23)
    at protobuf_test_messages_proto2_TestAllTypesProto2.serialize (file:///Users/thesayyn/Documents/thesayyn/protoc-gen-ts/target/debug/build/protoc_gen_ts-8cec2bec66276c47/out/test_conformance/test_messages_proto2.ts:1010:16)
    at file:///Users/thesayyn/Documents/thesayyn/protoc-gen-ts/tests/conformance/bin/main.ts:31:44

  protobuf_test_messages.proto2.TestAllTypesProto2 1
  Error: Assertion failed
    at Object.jspb.asserts.doAssertFailure (https://cdn.skypack.dev/-/google-protobuf@v3.21.2-YDUqZL2TTSsy2lGtfuND/dist=es2019,mode=imports/optimized/google-protobuf.js:778:11)
    at Object.jspb.asserts.assert (https://cdn.skypack.dev/-/google-protobuf@v3.21.2-YDUqZL2TTSsy2lGtfuND/dist=es2019,mode=imports/optimized/google-protobuf.js:783:23)
    at jspb.BinaryWriter.writeInt64 (https://cdn.skypack.dev/-/google-protobuf@v3.21.2-YDUqZL2TTSsy2lGtfuND/dist=es2019,mode=imports/optimized/google-protobuf.js:5220:32)
    at protobuf_test_messages_proto2_TestAllTypesProto2.serialize (file:///Users/thesayyn/Documents/thesayyn/protoc-gen-ts/target/debug/build/protoc_gen_ts-8cec2bec66276c47/out/test_conformance/test_messages_proto2.ts:945:16)
    at file:///Users/thesayyn/Documents/thesayyn/protoc-gen-ts/tests/conformance/bin/main.ts:31:44

  protobuf_test_messages.proto2.TestAllTypesProto2 1
  Error: Assertion failed
    at Object.jspb.asserts.doAssertFailure (https://cdn.skypack.dev/-/google-protobuf@v3.21.2-YDUqZL2TTSsy2lGtfuND/dist=es2019,mode=imports/optimized/google-protobuf.js:778:11)
    at Object.jspb.asserts.assert (https://cdn.skypack.dev/-/google-protobuf@v3.21.2-YDUqZL2TTSsy2lGtfuND/dist=es2019,mode=imports/optimized/google-protobuf.js:783:23)
    at jspb.BinaryReader.readInt64 (https://cdn.skypack.dev/-/google-protobuf@v3.21.2-YDUqZL2TTSsy2lGtfuND/dist=es2019,mode=imports/optimized/google-protobuf.js:4541:18)
    at Function.deserialize (file:///Users/thesayyn/Documents/thesayyn/protoc-gen-ts/target/debug/build/protoc_gen_ts-8cec2bec66276c47/out/test_conformance/test_messages_proto2.ts:217:52)
    at file:///Users/thesayyn/Documents/thesayyn/protoc-gen-ts/tests/conformance/bin/main.ts:30:78

  protobuf_test_messages.proto3.TestAllTypesProto3 1
  Error: Assertion failed
    at Object.jspb.asserts.doAssertFailure (https://cdn.skypack.dev/-/google-protobuf@v3.21.2-YDUqZL2TTSsy2lGtfuND/dist=es2019,mode=imports/optimized/google-protobuf.js:778:11)
    at Object.jspb.asserts.assert (https://cdn.skypack.dev/-/google-protobuf@v3.21.2-YDUqZL2TTSsy2lGtfuND/dist=es2019,mode=imports/optimized/google-protobuf.js:783:23)
    at jspb.BinaryWriter.writeInt64 (https://cdn.skypack.dev/-/google-protobuf@v3.21.2-YDUqZL2TTSsy2lGtfuND/dist=es2019,mode=imports/optimized/google-protobuf.js:5220:32)
    at protobuf_test_messages_proto3_TestAllTypesProto3.serialize (file:///Users/thesayyn/Documents/thesayyn/protoc-gen-ts/target/debug/build/protoc_gen_ts-8cec2bec66276c47/out/test_conformance/test_messages_proto3.ts:969:16)
    at file:///Users/thesayyn/Documents/thesayyn/protoc-gen-ts/tests/conformance/bin/main.ts:24:44

  protobuf_test_messages.proto3.TestAllTypesProto3 1
  Error: Assertion failed
    at Object.jspb.asserts.doAssertFailure (https://cdn.skypack.dev/-/google-protobuf@v3.21.2-YDUqZL2TTSsy2lGtfuND/dist=es2019,mode=imports/optimized/google-protobuf.js:778:11)
    at Object.jspb.asserts.assert (https://cdn.skypack.dev/-/google-protobuf@v3.21.2-YDUqZL2TTSsy2lGtfuND/dist=es2019,mode=imports/optimized/google-protobuf.js:783:23)
    at jspb.BinaryWriter.writeInt64 (https://cdn.skypack.dev/-/google-protobuf@v3.21.2-YDUqZL2TTSsy2lGtfuND/dist=es2019,mode=imports/optimized/google-protobuf.js:5220:32)
    at protobuf_test_messages_proto3_TestAllTypesProto3.serialize (file:///Users/thesayyn/Documents/thesayyn/protoc-gen-ts/target/debug/build/protoc_gen_ts-8cec2bec66276c47/out/test_conformance/test_messages_proto3.ts:969:16)
    at file:///Users/thesayyn/Documents/thesayyn/protoc-gen-ts/tests/conformance/bin/main.ts:24:44

  protobuf_test_messages.proto3.TestAllTypesProto3 1
  Error: Assertion failed
    at Object.jspb.asserts.doAssertFailure (https://cdn.skypack.dev/-/google-protobuf@v3.21.2-YDUqZL2TTSsy2lGtfuND/dist=es2019,mode=imports/optimized/google-protobuf.js:778:11)
    at Object.jspb.asserts.assert (https://cdn.skypack.dev/-/google-protobuf@v3.21.2-YDUqZL2TTSsy2lGtfuND/dist=es2019,mode=imports/optimized/google-protobuf.js:783:23)
    at jspb.BinaryEncoder.writeSignedVarint64 (https://cdn.skypack.dev/-/google-protobuf@v3.21.2-YDUqZL2TTSsy2lGtfuND/dist=es2019,mode=imports/optimized/google-protobuf.js:4814:18)
    at jspb.BinaryWriter.writePackedInt64 (https://cdn.skypack.dev/-/google-protobuf@v3.21.2-YDUqZL2TTSsy2lGtfuND/dist=es2019,mode=imports/optimized/google-protobuf.js:5530:23)
    at protobuf_test_messages_proto3_TestAllTypesProto3.serialize (file:///Users/thesayyn/Documents/thesayyn/protoc-gen-ts/target/debug/build/protoc_gen_ts-8cec2bec66276c47/out/test_conformance/test_messages_proto3.ts:1041:16)
    at file:///Users/thesayyn/Documents/thesayyn/protoc-gen-ts/tests/conformance/bin/main.ts:24:44

  protobuf_test_messages.proto3.TestAllTypesProto3 1
  Error: Assertion failed
    at Object.jspb.asserts.doAssertFailure (https://cdn.skypack.dev/-/google-protobuf@v3.21.2-YDUqZL2TTSsy2lGtfuND/dist=es2019,mode=imports/optimized/google-protobuf.js:778:11)
    at Object.jspb.asserts.assert (https://cdn.skypack.dev/-/google-protobuf@v3.21.2-YDUqZL2TTSsy2lGtfuND/dist=es2019,mode=imports/optimized/google-protobuf.js:783:23)
    at jspb.BinaryEncoder.writeSignedVarint64 (https://cdn.skypack.dev/-/google-protobuf@v3.21.2-YDUqZL2TTSsy2lGtfuND/dist=es2019,mode=imports/optimized/google-protobuf.js:4814:18)
    at jspb.BinaryWriter.writePackedInt64 (https://cdn.skypack.dev/-/google-protobuf@v3.21.2-YDUqZL2TTSsy2lGtfuND/dist=es2019,mode=imports/optimized/google-protobuf.js:5530:23)
    at protobuf_test_messages_proto3_TestAllTypesProto3.serialize (file:///Users/thesayyn/Documents/thesayyn/protoc-gen-ts/target/debug/build/protoc_gen_ts-8cec2bec66276c47/out/test_conformance/test_messages_proto3.ts:1041:16)
    at file:///Users/thesayyn/Documents/thesayyn/protoc-gen-ts/tests/conformance/bin/main.ts:24:44

  protobuf_test_messages.proto3.TestAllTypesProto3 1
  Error: Assertion failed
    at Object.jspb.asserts.doAssertFailure (https://cdn.skypack.dev/-/google-protobuf@v3.21.2-YDUqZL2TTSsy2lGtfuND/dist=es2019,mode=imports/optimized/google-protobuf.js:778:11)
    at Object.jspb.asserts.assert (https://cdn.skypack.dev/-/google-protobuf@v3.21.2-YDUqZL2TTSsy2lGtfuND/dist=es2019,mode=imports/optimized/google-protobuf.js:783:23)
    at jspb.BinaryEncoder.writeSignedVarint64 (https://cdn.skypack.dev/-/google-protobuf@v3.21.2-YDUqZL2TTSsy2lGtfuND/dist=es2019,mode=imports/optimized/google-protobuf.js:4814:18)
    at jspb.BinaryWriter.writePackedInt64 (https://cdn.skypack.dev/-/google-protobuf@v3.21.2-YDUqZL2TTSsy2lGtfuND/dist=es2019,mode=imports/optimized/google-protobuf.js:5530:23)
    at protobuf_test_messages_proto3_TestAllTypesProto3.serialize (file:///Users/thesayyn/Documents/thesayyn/protoc-gen-ts/target/debug/build/protoc_gen_ts-8cec2bec66276c47/out/test_conformance/test_messages_proto3.ts:1041:16)
    at file:///Users/thesayyn/Documents/thesayyn/protoc-gen-ts/tests/conformance/bin/main.ts:24:44

  protobuf_test_messages.proto3.TestAllTypesProto3 1
  Error: Assertion failed
    at Object.jspb.asserts.doAssertFailure (https://cdn.skypack.dev/-/google-protobuf@v3.21.2-YDUqZL2TTSsy2lGtfuND/dist=es2019,mode=imports/optimized/google-protobuf.js:778:11)
    at Object.jspb.asserts.assert (https://cdn.skypack.dev/-/google-protobuf@v3.21.2-YDUqZL2TTSsy2lGtfuND/dist=es2019,mode=imports/optimized/google-protobuf.js:783:23)
    at jspb.BinaryEncoder.writeSignedVarint64 (https://cdn.skypack.dev/-/google-protobuf@v3.21.2-YDUqZL2TTSsy2lGtfuND/dist=es2019,mode=imports/optimized/google-protobuf.js:4814:18)
    at jspb.BinaryWriter.writePackedInt64 (https://cdn.skypack.dev/-/google-protobuf@v3.21.2-YDUqZL2TTSsy2lGtfuND/dist=es2019,mode=imports/optimized/google-protobuf.js:5530:23)
    at protobuf_test_messages_proto3_TestAllTypesProto3.serialize (file:///Users/thesayyn/Documents/thesayyn/protoc-gen-ts/target/debug/build/protoc_gen_ts-8cec2bec66276c47/out/test_conformance/test_messages_proto3.ts:1041:16)
    at file:///Users/thesayyn/Documents/thesayyn/protoc-gen-ts/tests/conformance/bin/main.ts:24:44

  protobuf_test_messages.proto3.TestAllTypesProto3 1
  Error: Assertion failed
    at Object.jspb.asserts.doAssertFailure (https://cdn.skypack.dev/-/google-protobuf@v3.21.2-YDUqZL2TTSsy2lGtfuND/dist=es2019,mode=imports/optimized/google-protobuf.js:778:11)
    at Object.jspb.asserts.assert (https://cdn.skypack.dev/-/google-protobuf@v3.21.2-YDUqZL2TTSsy2lGtfuND/dist=es2019,mode=imports/optimized/google-protobuf.js:783:23)
    at jspb.BinaryEncoder.writeSignedVarint64 (https://cdn.skypack.dev/-/google-protobuf@v3.21.2-YDUqZL2TTSsy2lGtfuND/dist=es2019,mode=imports/optimized/google-protobuf.js:4814:18)
    at jspb.BinaryWriter.writePackedInt64 (https://cdn.skypack.dev/-/google-protobuf@v3.21.2-YDUqZL2TTSsy2lGtfuND/dist=es2019,mode=imports/optimized/google-protobuf.js:5530:23)
    at protobuf_test_messages_proto3_TestAllTypesProto3.serialize (file:///Users/thesayyn/Documents/thesayyn/protoc-gen-ts/target/debug/build/protoc_gen_ts-8cec2bec66276c47/out/test_conformance/test_messages_proto3.ts:1041:16)
    at file:///Users/thesayyn/Documents/thesayyn/protoc-gen-ts/tests/conformance/bin/main.ts:24:44

  protobuf_test_messages.proto3.TestAllTypesProto3 1
  Error: Assertion failed
    at Object.jspb.asserts.doAssertFailure (https://cdn.skypack.dev/-/google-protobuf@v3.21.2-YDUqZL2TTSsy2lGtfuND/dist=es2019,mode=imports/optimized/google-protobuf.js:778:11)
    at Object.jspb.asserts.assert (https://cdn.skypack.dev/-/google-protobuf@v3.21.2-YDUqZL2TTSsy2lGtfuND/dist=es2019,mode=imports/optimized/google-protobuf.js:783:23)
    at jspb.BinaryEncoder.writeSignedVarint64 (https://cdn.skypack.dev/-/google-protobuf@v3.21.2-YDUqZL2TTSsy2lGtfuND/dist=es2019,mode=imports/optimized/google-protobuf.js:4814:18)
    at jspb.BinaryWriter.writePackedInt64 (https://cdn.skypack.dev/-/google-protobuf@v3.21.2-YDUqZL2TTSsy2lGtfuND/dist=es2019,mode=imports/optimized/google-protobuf.js:5530:23)
    at protobuf_test_messages_proto3_TestAllTypesProto3.serialize (file:///Users/thesayyn/Documents/thesayyn/protoc-gen-ts/target/debug/build/protoc_gen_ts-8cec2bec66276c47/out/test_conformance/test_messages_proto3.ts:1041:16)
    at file:///Users/thesayyn/Documents/thesayyn/protoc-gen-ts/tests/conformance/bin/main.ts:24:44

  protobuf_test_messages.proto3.TestAllTypesProto3 1
  Error: Assertion failed
    at Object.jspb.asserts.doAssertFailure (https://cdn.skypack.dev/-/google-protobuf@v3.21.2-YDUqZL2TTSsy2lGtfuND/dist=es2019,mode=imports/optimized/google-protobuf.js:778:11)
    at Object.jspb.asserts.assert (https://cdn.skypack.dev/-/google-protobuf@v3.21.2-YDUqZL2TTSsy2lGtfuND/dist=es2019,mode=imports/optimized/google-protobuf.js:783:23)
    at jspb.BinaryWriter.writeInt64 (https://cdn.skypack.dev/-/google-protobuf@v3.21.2-YDUqZL2TTSsy2lGtfuND/dist=es2019,mode=imports/optimized/google-protobuf.js:5220:32)
    at protobuf_test_messages_proto3_TestAllTypesProto3.serialize (file:///Users/thesayyn/Documents/thesayyn/protoc-gen-ts/target/debug/build/protoc_gen_ts-8cec2bec66276c47/out/test_conformance/test_messages_proto3.ts:1148:16)
    at file:///Users/thesayyn/Documents/thesayyn/protoc-gen-ts/tests/conformance/bin/main.ts:24:44

  protobuf_test_messages.proto3.TestAllTypesProto3 1
  Error: Assertion failed
    at Object.jspb.asserts.doAssertFailure (https://cdn.skypack.dev/-/google-protobuf@v3.21.2-YDUqZL2TTSsy2lGtfuND/dist=es2019,mode=imports/optimized/google-protobuf.js:778:11)
    at Object.jspb.asserts.assert (https://cdn.skypack.dev/-/google-protobuf@v3.21.2-YDUqZL2TTSsy2lGtfuND/dist=es2019,mode=imports/optimized/google-protobuf.js:783:23)
    at jspb.BinaryReader.readInt64 (https://cdn.skypack.dev/-/google-protobuf@v3.21.2-YDUqZL2TTSsy2lGtfuND/dist=es2019,mode=imports/optimized/google-protobuf.js:4541:18)
    at Function.deserialize (file:///Users/thesayyn/Documents/thesayyn/protoc-gen-ts/target/debug/build/protoc_gen_ts-8cec2bec66276c47/out/test_conformance/test_messages_proto3.ts:378:52)
    at file:///Users/thesayyn/Documents/thesayyn/protoc-gen-ts/tests/conformance/bin/main.ts:23:78

  protobuf_test_messages.proto2.TestAllTypesProto2 1
  Error: Assertion failed
    at Object.jspb.asserts.doAssertFailure (https://cdn.skypack.dev/-/google-protobuf@v3.21.2-YDUqZL2TTSsy2lGtfuND/dist=es2019,mode=imports/optimized/google-protobuf.js:778:11)
    at Object.jspb.asserts.assert (https://cdn.skypack.dev/-/google-protobuf@v3.21.2-YDUqZL2TTSsy2lGtfuND/dist=es2019,mode=imports/optimized/google-protobuf.js:783:23)
    at jspb.BinaryWriter.writeUint64 (https://cdn.skypack.dev/-/google-protobuf@v3.21.2-YDUqZL2TTSsy2lGtfuND/dist=es2019,mode=imports/optimized/google-protobuf.js:5234:32)
    at protobuf_test_messages_proto2_TestAllTypesProto2.serialize (file:///Users/thesayyn/Documents/thesayyn/protoc-gen-ts/target/debug/build/protoc_gen_ts-8cec2bec66276c47/out/test_conformance/test_messages_proto2.ts:882:16)
    at file:///Users/thesayyn/Documents/thesayyn/protoc-gen-ts/tests/conformance/bin/main.ts:31:44

  protobuf_test_messages.proto2.TestAllTypesProto2 1
  Error: Assertion failed
    at Object.jspb.asserts.doAssertFailure (https://cdn.skypack.dev/-/google-protobuf@v3.21.2-YDUqZL2TTSsy2lGtfuND/dist=es2019,mode=imports/optimized/google-protobuf.js:778:11)
    at Object.jspb.asserts.assert (https://cdn.skypack.dev/-/google-protobuf@v3.21.2-YDUqZL2TTSsy2lGtfuND/dist=es2019,mode=imports/optimized/google-protobuf.js:783:23)
    at jspb.BinaryWriter.writeUint64 (https://cdn.skypack.dev/-/google-protobuf@v3.21.2-YDUqZL2TTSsy2lGtfuND/dist=es2019,mode=imports/optimized/google-protobuf.js:5234:32)
    at protobuf_test_messages_proto2_TestAllTypesProto2.serialize (file:///Users/thesayyn/Documents/thesayyn/protoc-gen-ts/target/debug/build/protoc_gen_ts-8cec2bec66276c47/out/test_conformance/test_messages_proto2.ts:882:16)
    at file:///Users/thesayyn/Documents/thesayyn/protoc-gen-ts/tests/conformance/bin/main.ts:31:44

  protobuf_test_messages.proto2.TestAllTypesProto2 1
  Error: Assertion failed
    at Object.jspb.asserts.doAssertFailure (https://cdn.skypack.dev/-/google-protobuf@v3.21.2-YDUqZL2TTSsy2lGtfuND/dist=es2019,mode=imports/optimized/google-protobuf.js:778:11)
    at Object.jspb.asserts.assert (https://cdn.skypack.dev/-/google-protobuf@v3.21.2-YDUqZL2TTSsy2lGtfuND/dist=es2019,mode=imports/optimized/google-protobuf.js:783:23)
    at jspb.BinaryWriter.writeUint64 (https://cdn.skypack.dev/-/google-protobuf@v3.21.2-YDUqZL2TTSsy2lGtfuND/dist=es2019,mode=imports/optimized/google-protobuf.js:5234:32)
    at protobuf_test_messages_proto2_TestAllTypesProto2.serialize (file:///Users/thesayyn/Documents/thesayyn/protoc-gen-ts/target/debug/build/protoc_gen_ts-8cec2bec66276c47/out/test_conformance/test_messages_proto2.ts:882:16)
    at file:///Users/thesayyn/Documents/thesayyn/protoc-gen-ts/tests/conformance/bin/main.ts:31:44

  protobuf_test_messages.proto2.TestAllTypesProto2 1
  Error: Assertion failed
    at Object.jspb.asserts.doAssertFailure (https://cdn.skypack.dev/-/google-protobuf@v3.21.2-YDUqZL2TTSsy2lGtfuND/dist=es2019,mode=imports/optimized/google-protobuf.js:778:11)
    at Object.jspb.asserts.assert (https://cdn.skypack.dev/-/google-protobuf@v3.21.2-YDUqZL2TTSsy2lGtfuND/dist=es2019,mode=imports/optimized/google-protobuf.js:783:23)
    at jspb.BinaryWriter.writeUint64 (https://cdn.skypack.dev/-/google-protobuf@v3.21.2-YDUqZL2TTSsy2lGtfuND/dist=es2019,mode=imports/optimized/google-protobuf.js:5234:32)
    at protobuf_test_messages_proto2_TestAllTypesProto2.serialize (file:///Users/thesayyn/Documents/thesayyn/protoc-gen-ts/target/debug/build/protoc_gen_ts-8cec2bec66276c47/out/test_conformance/test_messages_proto2.ts:951:16)
    at file:///Users/thesayyn/Documents/thesayyn/protoc-gen-ts/tests/conformance/bin/main.ts:31:44

  protobuf_test_messages.proto2.TestAllTypesProto2 1
  Error: Assertion failed
    at Object.jspb.asserts.doAssertFailure (https://cdn.skypack.dev/-/google-protobuf@v3.21.2-YDUqZL2TTSsy2lGtfuND/dist=es2019,mode=imports/optimized/google-protobuf.js:778:11)
    at Object.jspb.asserts.assert (https://cdn.skypack.dev/-/google-protobuf@v3.21.2-YDUqZL2TTSsy2lGtfuND/dist=es2019,mode=imports/optimized/google-protobuf.js:783:23)
    at jspb.BinaryReader.readUint64 (https://cdn.skypack.dev/-/google-protobuf@v3.21.2-YDUqZL2TTSsy2lGtfuND/dist=es2019,mode=imports/optimized/google-protobuf.js:4559:18)
    at Function.deserialize (file:///Users/thesayyn/Documents/thesayyn/protoc-gen-ts/target/debug/build/protoc_gen_ts-8cec2bec66276c47/out/test_conformance/test_messages_proto2.ts:223:53)
    at file:///Users/thesayyn/Documents/thesayyn/protoc-gen-ts/tests/conformance/bin/main.ts:30:78

  protobuf_test_messages.proto2.TestAllTypesProto2 1
  Error: Assertion failed
    at Object.jspb.asserts.doAssertFailure (https://cdn.skypack.dev/-/google-protobuf@v3.21.2-YDUqZL2TTSsy2lGtfuND/dist=es2019,mode=imports/optimized/google-protobuf.js:778:11)
    at Object.jspb.asserts.assert (https://cdn.skypack.dev/-/google-protobuf@v3.21.2-YDUqZL2TTSsy2lGtfuND/dist=es2019,mode=imports/optimized/google-protobuf.js:783:23)
    at jspb.BinaryWriter.writeUint64 (https://cdn.skypack.dev/-/google-protobuf@v3.21.2-YDUqZL2TTSsy2lGtfuND/dist=es2019,mode=imports/optimized/google-protobuf.js:5234:32)
    at protobuf_test_messages_proto2_TestAllTypesProto2.serialize (file:///Users/thesayyn/Documents/thesayyn/protoc-gen-ts/target/debug/build/protoc_gen_ts-8cec2bec66276c47/out/test_conformance/test_messages_proto2.ts:951:16)
    at file:///Users/thesayyn/Documents/thesayyn/protoc-gen-ts/tests/conformance/bin/main.ts:31:44

  protobuf_test_messages.proto2.TestAllTypesProto2 1
  Error: Assertion failed
    at Object.jspb.asserts.doAssertFailure (https://cdn.skypack.dev/-/google-protobuf@v3.21.2-YDUqZL2TTSsy2lGtfuND/dist=es2019,mode=imports/optimized/google-protobuf.js:778:11)
    at Object.jspb.asserts.assert (https://cdn.skypack.dev/-/google-protobuf@v3.21.2-YDUqZL2TTSsy2lGtfuND/dist=es2019,mode=imports/optimized/google-protobuf.js:783:23)
    at jspb.BinaryReader.readUint64 (https://cdn.skypack.dev/-/google-protobuf@v3.21.2-YDUqZL2TTSsy2lGtfuND/dist=es2019,mode=imports/optimized/google-protobuf.js:4559:18)
    at Function.deserialize (file:///Users/thesayyn/Documents/thesayyn/protoc-gen-ts/target/debug/build/protoc_gen_ts-8cec2bec66276c47/out/test_conformance/test_messages_proto2.ts:223:53)
    at file:///Users/thesayyn/Documents/thesayyn/protoc-gen-ts/tests/conformance/bin/main.ts:30:78

  protobuf_test_messages.proto2.TestAllTypesProto2 1
  Error: Assertion failed
    at Object.jspb.asserts.doAssertFailure (https://cdn.skypack.dev/-/google-protobuf@v3.21.2-YDUqZL2TTSsy2lGtfuND/dist=es2019,mode=imports/optimized/google-protobuf.js:778:11)
    at Object.jspb.asserts.assert (https://cdn.skypack.dev/-/google-protobuf@v3.21.2-YDUqZL2TTSsy2lGtfuND/dist=es2019,mode=imports/optimized/google-protobuf.js:783:23)
    at jspb.BinaryEncoder.writeUnsignedVarint64 (https://cdn.skypack.dev/-/google-protobuf@v3.21.2-YDUqZL2TTSsy2lGtfuND/dist=es2019,mode=imports/optimized/google-protobuf.js:4808:18)
    at jspb.BinaryWriter.writePackedUint64 (https://cdn.skypack.dev/-/google-protobuf@v3.21.2-YDUqZL2TTSsy2lGtfuND/dist=es2019,mode=imports/optimized/google-protobuf.js:5592:23)
    at protobuf_test_messages_proto2_TestAllTypesProto2.serialize (file:///Users/thesayyn/Documents/thesayyn/protoc-gen-ts/target/debug/build/protoc_gen_ts-8cec2bec66276c47/out/test_conformance/test_messages_proto2.ts:1016:16)
    at file:///Users/thesayyn/Documents/thesayyn/protoc-gen-ts/tests/conformance/bin/main.ts:31:44

  protobuf_test_messages.proto2.TestAllTypesProto2 1
  Error: Assertion failed
    at Object.jspb.asserts.doAssertFailure (https://cdn.skypack.dev/-/google-protobuf@v3.21.2-YDUqZL2TTSsy2lGtfuND/dist=es2019,mode=imports/optimized/google-protobuf.js:778:11)
    at Object.jspb.asserts.assert (https://cdn.skypack.dev/-/google-protobuf@v3.21.2-YDUqZL2TTSsy2lGtfuND/dist=es2019,mode=imports/optimized/google-protobuf.js:783:23)
    at jspb.BinaryEncoder.writeUnsignedVarint64 (https://cdn.skypack.dev/-/google-protobuf@v3.21.2-YDUqZL2TTSsy2lGtfuND/dist=es2019,mode=imports/optimized/google-protobuf.js:4808:18)
    at jspb.BinaryWriter.writePackedUint64 (https://cdn.skypack.dev/-/google-protobuf@v3.21.2-YDUqZL2TTSsy2lGtfuND/dist=es2019,mode=imports/optimized/google-protobuf.js:5592:23)
    at protobuf_test_messages_proto2_TestAllTypesProto2.serialize (file:///Users/thesayyn/Documents/thesayyn/protoc-gen-ts/target/debug/build/protoc_gen_ts-8cec2bec66276c47/out/test_conformance/test_messages_proto2.ts:1016:16)
    at file:///Users/thesayyn/Documents/thesayyn/protoc-gen-ts/tests/conformance/bin/main.ts:31:44

  protobuf_test_messages.proto2.TestAllTypesProto2 1
  Error: Assertion failed
    at Object.jspb.asserts.doAssertFailure (https://cdn.skypack.dev/-/google-protobuf@v3.21.2-YDUqZL2TTSsy2lGtfuND/dist=es2019,mode=imports/optimized/google-protobuf.js:778:11)
    at Object.jspb.asserts.assert (https://cdn.skypack.dev/-/google-protobuf@v3.21.2-YDUqZL2TTSsy2lGtfuND/dist=es2019,mode=imports/optimized/google-protobuf.js:783:23)
    at jspb.BinaryWriter.writeUint64 (https://cdn.skypack.dev/-/google-protobuf@v3.21.2-YDUqZL2TTSsy2lGtfuND/dist=es2019,mode=imports/optimized/google-protobuf.js:5234:32)
    at protobuf_test_messages_proto2_TestAllTypesProto2.serialize (file:///Users/thesayyn/Documents/thesayyn/protoc-gen-ts/target/debug/build/protoc_gen_ts-8cec2bec66276c47/out/test_conformance/test_messages_proto2.ts:951:16)
    at file:///Users/thesayyn/Documents/thesayyn/protoc-gen-ts/tests/conformance/bin/main.ts:31:44

  protobuf_test_messages.proto2.TestAllTypesProto2 1
  Error: Assertion failed
    at Object.jspb.asserts.doAssertFailure (https://cdn.skypack.dev/-/google-protobuf@v3.21.2-YDUqZL2TTSsy2lGtfuND/dist=es2019,mode=imports/optimized/google-protobuf.js:778:11)
    at Object.jspb.asserts.assert (https://cdn.skypack.dev/-/google-protobuf@v3.21.2-YDUqZL2TTSsy2lGtfuND/dist=es2019,mode=imports/optimized/google-protobuf.js:783:23)
    at jspb.BinaryReader.readUint64 (https://cdn.skypack.dev/-/google-protobuf@v3.21.2-YDUqZL2TTSsy2lGtfuND/dist=es2019,mode=imports/optimized/google-protobuf.js:4559:18)
    at Function.deserialize (file:///Users/thesayyn/Documents/thesayyn/protoc-gen-ts/target/debug/build/protoc_gen_ts-8cec2bec66276c47/out/test_conformance/test_messages_proto2.ts:223:53)
    at file:///Users/thesayyn/Documents/thesayyn/protoc-gen-ts/tests/conformance/bin/main.ts:30:78

  protobuf_test_messages.proto3.TestAllTypesProto3 1
  Error: Assertion failed
    at Object.jspb.asserts.doAssertFailure (https://cdn.skypack.dev/-/google-protobuf@v3.21.2-YDUqZL2TTSsy2lGtfuND/dist=es2019,mode=imports/optimized/google-protobuf.js:778:11)
    at Object.jspb.asserts.assert (https://cdn.skypack.dev/-/google-protobuf@v3.21.2-YDUqZL2TTSsy2lGtfuND/dist=es2019,mode=imports/optimized/google-protobuf.js:783:23)
    at jspb.BinaryWriter.writeUint64 (https://cdn.skypack.dev/-/google-protobuf@v3.21.2-YDUqZL2TTSsy2lGtfuND/dist=es2019,mode=imports/optimized/google-protobuf.js:5234:32)
    at protobuf_test_messages_proto3_TestAllTypesProto3.serialize (file:///Users/thesayyn/Documents/thesayyn/protoc-gen-ts/target/debug/build/protoc_gen_ts-8cec2bec66276c47/out/test_conformance/test_messages_proto3.ts:975:16)
    at file:///Users/thesayyn/Documents/thesayyn/protoc-gen-ts/tests/conformance/bin/main.ts:24:44

  protobuf_test_messages.proto3.TestAllTypesProto3 1
  Error: Assertion failed
    at Object.jspb.asserts.doAssertFailure (https://cdn.skypack.dev/-/google-protobuf@v3.21.2-YDUqZL2TTSsy2lGtfuND/dist=es2019,mode=imports/optimized/google-protobuf.js:778:11)
    at Object.jspb.asserts.assert (https://cdn.skypack.dev/-/google-protobuf@v3.21.2-YDUqZL2TTSsy2lGtfuND/dist=es2019,mode=imports/optimized/google-protobuf.js:783:23)
    at jspb.BinaryWriter.writeUint64 (https://cdn.skypack.dev/-/google-protobuf@v3.21.2-YDUqZL2TTSsy2lGtfuND/dist=es2019,mode=imports/optimized/google-protobuf.js:5234:32)
    at protobuf_test_messages_proto3_TestAllTypesProto3.serialize (file:///Users/thesayyn/Documents/thesayyn/protoc-gen-ts/target/debug/build/protoc_gen_ts-8cec2bec66276c47/out/test_conformance/test_messages_proto3.ts:975:16)
    at file:///Users/thesayyn/Documents/thesayyn/protoc-gen-ts/tests/conformance/bin/main.ts:24:44

  protobuf_test_messages.proto3.TestAllTypesProto3 1
  Error: Assertion failed
    at Object.jspb.asserts.doAssertFailure (https://cdn.skypack.dev/-/google-protobuf@v3.21.2-YDUqZL2TTSsy2lGtfuND/dist=es2019,mode=imports/optimized/google-protobuf.js:778:11)
    at Object.jspb.asserts.assert (https://cdn.skypack.dev/-/google-protobuf@v3.21.2-YDUqZL2TTSsy2lGtfuND/dist=es2019,mode=imports/optimized/google-protobuf.js:783:23)
    at jspb.BinaryWriter.writeUint64 (https://cdn.skypack.dev/-/google-protobuf@v3.21.2-YDUqZL2TTSsy2lGtfuND/dist=es2019,mode=imports/optimized/google-protobuf.js:5234:32)
    at protobuf_test_messages_proto3_TestAllTypesProto3.serialize (file:///Users/thesayyn/Documents/thesayyn/protoc-gen-ts/target/debug/build/protoc_gen_ts-8cec2bec66276c47/out/test_conformance/test_messages_proto3.ts:975:16)
    at file:///Users/thesayyn/Documents/thesayyn/protoc-gen-ts/tests/conformance/bin/main.ts:24:44

  protobuf_test_messages.proto3.TestAllTypesProto3 1
  Error: Assertion failed
    at Object.jspb.asserts.doAssertFailure (https://cdn.skypack.dev/-/google-protobuf@v3.21.2-YDUqZL2TTSsy2lGtfuND/dist=es2019,mode=imports/optimized/google-protobuf.js:778:11)
    at Object.jspb.asserts.assert (https://cdn.skypack.dev/-/google-protobuf@v3.21.2-YDUqZL2TTSsy2lGtfuND/dist=es2019,mode=imports/optimized/google-protobuf.js:783:23)
    at jspb.BinaryEncoder.writeUnsignedVarint64 (https://cdn.skypack.dev/-/google-protobuf@v3.21.2-YDUqZL2TTSsy2lGtfuND/dist=es2019,mode=imports/optimized/google-protobuf.js:4808:18)
    at jspb.BinaryWriter.writePackedUint64 (https://cdn.skypack.dev/-/google-protobuf@v3.21.2-YDUqZL2TTSsy2lGtfuND/dist=es2019,mode=imports/optimized/google-protobuf.js:5592:23)
    at protobuf_test_messages_proto3_TestAllTypesProto3.serialize (file:///Users/thesayyn/Documents/thesayyn/protoc-gen-ts/target/debug/build/protoc_gen_ts-8cec2bec66276c47/out/test_conformance/test_messages_proto3.ts:1047:16)
    at file:///Users/thesayyn/Documents/thesayyn/protoc-gen-ts/tests/conformance/bin/main.ts:24:44

  protobuf_test_messages.proto3.TestAllTypesProto3 1
  Error: Assertion failed
    at Object.jspb.asserts.doAssertFailure (https://cdn.skypack.dev/-/google-protobuf@v3.21.2-YDUqZL2TTSsy2lGtfuND/dist=es2019,mode=imports/optimized/google-protobuf.js:778:11)
    at Object.jspb.asserts.assert (https://cdn.skypack.dev/-/google-protobuf@v3.21.2-YDUqZL2TTSsy2lGtfuND/dist=es2019,mode=imports/optimized/google-protobuf.js:783:23)
    at jspb.BinaryEncoder.writeUnsignedVarint64 (https://cdn.skypack.dev/-/google-protobuf@v3.21.2-YDUqZL2TTSsy2lGtfuND/dist=es2019,mode=imports/optimized/google-protobuf.js:4808:18)
    at jspb.BinaryWriter.writePackedUint64 (https://cdn.skypack.dev/-/google-protobuf@v3.21.2-YDUqZL2TTSsy2lGtfuND/dist=es2019,mode=imports/optimized/google-protobuf.js:5592:23)
    at protobuf_test_messages_proto3_TestAllTypesProto3.serialize (file:///Users/thesayyn/Documents/thesayyn/protoc-gen-ts/target/debug/build/protoc_gen_ts-8cec2bec66276c47/out/test_conformance/test_messages_proto3.ts:1047:16)
    at file:///Users/thesayyn/Documents/thesayyn/protoc-gen-ts/tests/conformance/bin/main.ts:24:44

  protobuf_test_messages.proto3.TestAllTypesProto3 1
  Error: Assertion failed
    at Object.jspb.asserts.doAssertFailure (https://cdn.skypack.dev/-/google-protobuf@v3.21.2-YDUqZL2TTSsy2lGtfuND/dist=es2019,mode=imports/optimized/google-protobuf.js:778:11)
    at Object.jspb.asserts.assert (https://cdn.skypack.dev/-/google-protobuf@v3.21.2-YDUqZL2TTSsy2lGtfuND/dist=es2019,mode=imports/optimized/google-protobuf.js:783:23)
    at jspb.BinaryEncoder.writeUnsignedVarint64 (https://cdn.skypack.dev/-/google-protobuf@v3.21.2-YDUqZL2TTSsy2lGtfuND/dist=es2019,mode=imports/optimized/google-protobuf.js:4808:18)
    at jspb.BinaryWriter.writePackedUint64 (https://cdn.skypack.dev/-/google-protobuf@v3.21.2-YDUqZL2TTSsy2lGtfuND/dist=es2019,mode=imports/optimized/google-protobuf.js:5592:23)
    at protobuf_test_messages_proto3_TestAllTypesProto3.serialize (file:///Users/thesayyn/Documents/thesayyn/protoc-gen-ts/target/debug/build/protoc_gen_ts-8cec2bec66276c47/out/test_conformance/test_messages_proto3.ts:1047:16)
    at file:///Users/thesayyn/Documents/thesayyn/protoc-gen-ts/tests/conformance/bin/main.ts:24:44

  protobuf_test_messages.proto3.TestAllTypesProto3 1
  Error: Assertion failed
    at Object.jspb.asserts.doAssertFailure (https://cdn.skypack.dev/-/google-protobuf@v3.21.2-YDUqZL2TTSsy2lGtfuND/dist=es2019,mode=imports/optimized/google-protobuf.js:778:11)
    at Object.jspb.asserts.assert (https://cdn.skypack.dev/-/google-protobuf@v3.21.2-YDUqZL2TTSsy2lGtfuND/dist=es2019,mode=imports/optimized/google-protobuf.js:783:23)
    at jspb.BinaryEncoder.writeUnsignedVarint64 (https://cdn.skypack.dev/-/google-protobuf@v3.21.2-YDUqZL2TTSsy2lGtfuND/dist=es2019,mode=imports/optimized/google-protobuf.js:4808:18)
    at jspb.BinaryWriter.writePackedUint64 (https://cdn.skypack.dev/-/google-protobuf@v3.21.2-YDUqZL2TTSsy2lGtfuND/dist=es2019,mode=imports/optimized/google-protobuf.js:5592:23)
    at protobuf_test_messages_proto3_TestAllTypesProto3.serialize (file:///Users/thesayyn/Documents/thesayyn/protoc-gen-ts/target/debug/build/protoc_gen_ts-8cec2bec66276c47/out/test_conformance/test_messages_proto3.ts:1047:16)
    at file:///Users/thesayyn/Documents/thesayyn/protoc-gen-ts/tests/conformance/bin/main.ts:24:44

  protobuf_test_messages.proto3.TestAllTypesProto3 1
  Error: Assertion failed
    at Object.jspb.asserts.doAssertFailure (https://cdn.skypack.dev/-/google-protobuf@v3.21.2-YDUqZL2TTSsy2lGtfuND/dist=es2019,mode=imports/optimized/google-protobuf.js:778:11)
    at Object.jspb.asserts.assert (https://cdn.skypack.dev/-/google-protobuf@v3.21.2-YDUqZL2TTSsy2lGtfuND/dist=es2019,mode=imports/optimized/google-protobuf.js:783:23)
    at jspb.BinaryEncoder.writeUnsignedVarint64 (https://cdn.skypack.dev/-/google-protobuf@v3.21.2-YDUqZL2TTSsy2lGtfuND/dist=es2019,mode=imports/optimized/google-protobuf.js:4808:18)
    at jspb.BinaryWriter.writePackedUint64 (https://cdn.skypack.dev/-/google-protobuf@v3.21.2-YDUqZL2TTSsy2lGtfuND/dist=es2019,mode=imports/optimized/google-protobuf.js:5592:23)
    at protobuf_test_messages_proto3_TestAllTypesProto3.serialize (file:///Users/thesayyn/Documents/thesayyn/protoc-gen-ts/target/debug/build/protoc_gen_ts-8cec2bec66276c47/out/test_conformance/test_messages_proto3.ts:1047:16)
    at file:///Users/thesayyn/Documents/thesayyn/protoc-gen-ts/tests/conformance/bin/main.ts:24:44

  protobuf_test_messages.proto3.TestAllTypesProto3 1
  Error: Assertion failed
    at Object.jspb.asserts.doAssertFailure (https://cdn.skypack.dev/-/google-protobuf@v3.21.2-YDUqZL2TTSsy2lGtfuND/dist=es2019,mode=imports/optimized/google-protobuf.js:778:11)
    at Object.jspb.asserts.assert (https://cdn.skypack.dev/-/google-protobuf@v3.21.2-YDUqZL2TTSsy2lGtfuND/dist=es2019,mode=imports/optimized/google-protobuf.js:783:23)
    at jspb.BinaryEncoder.writeUnsignedVarint64 (https://cdn.skypack.dev/-/google-protobuf@v3.21.2-YDUqZL2TTSsy2lGtfuND/dist=es2019,mode=imports/optimized/google-protobuf.js:4808:18)
    at jspb.BinaryWriter.writePackedUint64 (https://cdn.skypack.dev/-/google-protobuf@v3.21.2-YDUqZL2TTSsy2lGtfuND/dist=es2019,mode=imports/optimized/google-protobuf.js:5592:23)
    at protobuf_test_messages_proto3_TestAllTypesProto3.serialize (file:///Users/thesayyn/Documents/thesayyn/protoc-gen-ts/target/debug/build/protoc_gen_ts-8cec2bec66276c47/out/test_conformance/test_messages_proto3.ts:1047:16)
    at file:///Users/thesayyn/Documents/thesayyn/protoc-gen-ts/tests/conformance/bin/main.ts:24:44

  protobuf_test_messages.proto3.TestAllTypesProto3 1
  Error: Assertion failed
    at Object.jspb.asserts.doAssertFailure (https://cdn.skypack.dev/-/google-protobuf@v3.21.2-YDUqZL2TTSsy2lGtfuND/dist=es2019,mode=imports/optimized/google-protobuf.js:778:11)
    at Object.jspb.asserts.assert (https://cdn.skypack.dev/-/google-protobuf@v3.21.2-YDUqZL2TTSsy2lGtfuND/dist=es2019,mode=imports/optimized/google-protobuf.js:783:23)
    at jspb.BinaryWriter.writeUint64 (https://cdn.skypack.dev/-/google-protobuf@v3.21.2-YDUqZL2TTSsy2lGtfuND/dist=es2019,mode=imports/optimized/google-protobuf.js:5234:32)
    at protobuf_test_messages_proto3_TestAllTypesProto3.serialize (file:///Users/thesayyn/Documents/thesayyn/protoc-gen-ts/target/debug/build/protoc_gen_ts-8cec2bec66276c47/out/test_conformance/test_messages_proto3.ts:1154:16)
    at file:///Users/thesayyn/Documents/thesayyn/protoc-gen-ts/tests/conformance/bin/main.ts:24:44

  protobuf_test_messages.proto3.TestAllTypesProto3 1
  Error: Assertion failed
    at Object.jspb.asserts.doAssertFailure (https://cdn.skypack.dev/-/google-protobuf@v3.21.2-YDUqZL2TTSsy2lGtfuND/dist=es2019,mode=imports/optimized/google-protobuf.js:778:11)
    at Object.jspb.asserts.assert (https://cdn.skypack.dev/-/google-protobuf@v3.21.2-YDUqZL2TTSsy2lGtfuND/dist=es2019,mode=imports/optimized/google-protobuf.js:783:23)
    at jspb.BinaryReader.readUint64 (https://cdn.skypack.dev/-/google-protobuf@v3.21.2-YDUqZL2TTSsy2lGtfuND/dist=es2019,mode=imports/optimized/google-protobuf.js:4559:18)
    at Function.deserialize (file:///Users/thesayyn/Documents/thesayyn/protoc-gen-ts/target/debug/build/protoc_gen_ts-8cec2bec66276c47/out/test_conformance/test_messages_proto3.ts:384:53)
    at file:///Users/thesayyn/Documents/thesayyn/protoc-gen-ts/tests/conformance/bin/main.ts:23:78

  protobuf_test_messages.proto2.TestAllTypesProto2 1
  Error: Assertion failed
    at Object.jspb.asserts.doAssertFailure (https://cdn.skypack.dev/-/google-protobuf@v3.21.2-YDUqZL2TTSsy2lGtfuND/dist=es2019,mode=imports/optimized/google-protobuf.js:778:11)
    at Object.jspb.asserts.assert (https://cdn.skypack.dev/-/google-protobuf@v3.21.2-YDUqZL2TTSsy2lGtfuND/dist=es2019,mode=imports/optimized/google-protobuf.js:783:23)
    at jspb.BinaryReader.readInt32 (https://cdn.skypack.dev/-/google-protobuf@v3.21.2-YDUqZL2TTSsy2lGtfuND/dist=es2019,mode=imports/optimized/google-protobuf.js:4532:18)
    at Function.deserialize (file:///Users/thesayyn/Documents/thesayyn/protoc-gen-ts/target/debug/build/protoc_gen_ts-8cec2bec66276c47/out/test_conformance/test_messages_proto2.ts:214:52)
    at file:///Users/thesayyn/Documents/thesayyn/protoc-gen-ts/tests/conformance/bin/main.ts:30:78

  protobuf_test_messages.proto2.TestAllTypesProto2 1
  Error: Assertion failed
    at Object.jspb.asserts.doAssertFailure (https://cdn.skypack.dev/-/google-protobuf@v3.21.2-YDUqZL2TTSsy2lGtfuND/dist=es2019,mode=imports/optimized/google-protobuf.js:778:11)
    at Object.jspb.asserts.assert (https://cdn.skypack.dev/-/google-protobuf@v3.21.2-YDUqZL2TTSsy2lGtfuND/dist=es2019,mode=imports/optimized/google-protobuf.js:783:23)
    at jspb.BinaryReader.readInt32 (https://cdn.skypack.dev/-/google-protobuf@v3.21.2-YDUqZL2TTSsy2lGtfuND/dist=es2019,mode=imports/optimized/google-protobuf.js:4532:18)
    at Function.deserialize (file:///Users/thesayyn/Documents/thesayyn/protoc-gen-ts/target/debug/build/protoc_gen_ts-8cec2bec66276c47/out/test_conformance/test_messages_proto2.ts:214:52)
    at file:///Users/thesayyn/Documents/thesayyn/protoc-gen-ts/tests/conformance/bin/main.ts:30:78

  protobuf_test_messages.proto2.TestAllTypesProto2 1
  Error: Assertion failed
    at Object.jspb.asserts.doAssertFailure (https://cdn.skypack.dev/-/google-protobuf@v3.21.2-YDUqZL2TTSsy2lGtfuND/dist=es2019,mode=imports/optimized/google-protobuf.js:778:11)
    at Object.jspb.asserts.assert (https://cdn.skypack.dev/-/google-protobuf@v3.21.2-YDUqZL2TTSsy2lGtfuND/dist=es2019,mode=imports/optimized/google-protobuf.js:783:23)
    at jspb.BinaryReader.readInt32 (https://cdn.skypack.dev/-/google-protobuf@v3.21.2-YDUqZL2TTSsy2lGtfuND/dist=es2019,mode=imports/optimized/google-protobuf.js:4532:18)
    at Function.deserialize (file:///Users/thesayyn/Documents/thesayyn/protoc-gen-ts/target/debug/build/protoc_gen_ts-8cec2bec66276c47/out/test_conformance/test_messages_proto2.ts:214:52)
    at file:///Users/thesayyn/Documents/thesayyn/protoc-gen-ts/tests/conformance/bin/main.ts:30:78

  protobuf_test_messages.proto3.TestAllTypesProto3 1
  Error: Assertion failed
    at Object.jspb.asserts.doAssertFailure (https://cdn.skypack.dev/-/google-protobuf@v3.21.2-YDUqZL2TTSsy2lGtfuND/dist=es2019,mode=imports/optimized/google-protobuf.js:778:11)
    at Object.jspb.asserts.assert (https://cdn.skypack.dev/-/google-protobuf@v3.21.2-YDUqZL2TTSsy2lGtfuND/dist=es2019,mode=imports/optimized/google-protobuf.js:783:23)
    at jspb.BinaryReader.readInt32 (https://cdn.skypack.dev/-/google-protobuf@v3.21.2-YDUqZL2TTSsy2lGtfuND/dist=es2019,mode=imports/optimized/google-protobuf.js:4532:18)
    at Function.deserialize (file:///Users/thesayyn/Documents/thesayyn/protoc-gen-ts/target/debug/build/protoc_gen_ts-8cec2bec66276c47/out/test_conformance/test_messages_proto3.ts:375:52)
    at file:///Users/thesayyn/Documents/thesayyn/protoc-gen-ts/tests/conformance/bin/main.ts:23:78

  protobuf_test_messages.proto2.TestAllTypesProto2 1
  Error: Assertion failed
    at Object.jspb.asserts.doAssertFailure (https://cdn.skypack.dev/-/google-protobuf@v3.21.2-YDUqZL2TTSsy2lGtfuND/dist=es2019,mode=imports/optimized/google-protobuf.js:778:11)
    at Object.jspb.asserts.assert (https://cdn.skypack.dev/-/google-protobuf@v3.21.2-YDUqZL2TTSsy2lGtfuND/dist=es2019,mode=imports/optimized/google-protobuf.js:783:23)
    at jspb.BinaryWriter.writeUint32 (https://cdn.skypack.dev/-/google-protobuf@v3.21.2-YDUqZL2TTSsy2lGtfuND/dist=es2019,mode=imports/optimized/google-protobuf.js:5227:32)
    at protobuf_test_messages_proto2_TestAllTypesProto2.serialize (file:///Users/thesayyn/Documents/thesayyn/protoc-gen-ts/target/debug/build/protoc_gen_ts-8cec2bec66276c47/out/test_conformance/test_messages_proto2.ts:879:16)
    at file:///Users/thesayyn/Documents/thesayyn/protoc-gen-ts/tests/conformance/bin/main.ts:31:44

  protobuf_test_messages.proto2.TestAllTypesProto2 1
  Error: Assertion failed
    at Object.jspb.asserts.doAssertFailure (https://cdn.skypack.dev/-/google-protobuf@v3.21.2-YDUqZL2TTSsy2lGtfuND/dist=es2019,mode=imports/optimized/google-protobuf.js:778:11)
    at Object.jspb.asserts.assert (https://cdn.skypack.dev/-/google-protobuf@v3.21.2-YDUqZL2TTSsy2lGtfuND/dist=es2019,mode=imports/optimized/google-protobuf.js:783:23)
    at jspb.BinaryWriter.writeUint32 (https://cdn.skypack.dev/-/google-protobuf@v3.21.2-YDUqZL2TTSsy2lGtfuND/dist=es2019,mode=imports/optimized/google-protobuf.js:5227:32)
    at protobuf_test_messages_proto2_TestAllTypesProto2.serialize (file:///Users/thesayyn/Documents/thesayyn/protoc-gen-ts/target/debug/build/protoc_gen_ts-8cec2bec66276c47/out/test_conformance/test_messages_proto2.ts:879:16)
    at file:///Users/thesayyn/Documents/thesayyn/protoc-gen-ts/tests/conformance/bin/main.ts:31:44

  protobuf_test_messages.proto2.TestAllTypesProto2 1
  Error: Assertion failed
    at Object.jspb.asserts.doAssertFailure (https://cdn.skypack.dev/-/google-protobuf@v3.21.2-YDUqZL2TTSsy2lGtfuND/dist=es2019,mode=imports/optimized/google-protobuf.js:778:11)
    at Object.jspb.asserts.assert (https://cdn.skypack.dev/-/google-protobuf@v3.21.2-YDUqZL2TTSsy2lGtfuND/dist=es2019,mode=imports/optimized/google-protobuf.js:783:23)
    at jspb.BinaryWriter.writeUint32 (https://cdn.skypack.dev/-/google-protobuf@v3.21.2-YDUqZL2TTSsy2lGtfuND/dist=es2019,mode=imports/optimized/google-protobuf.js:5227:32)
    at protobuf_test_messages_proto2_TestAllTypesProto2.serialize (file:///Users/thesayyn/Documents/thesayyn/protoc-gen-ts/target/debug/build/protoc_gen_ts-8cec2bec66276c47/out/test_conformance/test_messages_proto2.ts:948:16)
    at file:///Users/thesayyn/Documents/thesayyn/protoc-gen-ts/tests/conformance/bin/main.ts:31:44

  protobuf_test_messages.proto2.TestAllTypesProto2 1
  Error: Assertion failed
    at Object.jspb.asserts.doAssertFailure (https://cdn.skypack.dev/-/google-protobuf@v3.21.2-YDUqZL2TTSsy2lGtfuND/dist=es2019,mode=imports/optimized/google-protobuf.js:778:11)
    at Object.jspb.asserts.assert (https://cdn.skypack.dev/-/google-protobuf@v3.21.2-YDUqZL2TTSsy2lGtfuND/dist=es2019,mode=imports/optimized/google-protobuf.js:783:23)
    at jspb.BinaryReader.readUint32 (https://cdn.skypack.dev/-/google-protobuf@v3.21.2-YDUqZL2TTSsy2lGtfuND/dist=es2019,mode=imports/optimized/google-protobuf.js:4550:18)
    at Function.deserialize (file:///Users/thesayyn/Documents/thesayyn/protoc-gen-ts/target/debug/build/protoc_gen_ts-8cec2bec66276c47/out/test_conformance/test_messages_proto2.ts:220:53)
    at file:///Users/thesayyn/Documents/thesayyn/protoc-gen-ts/tests/conformance/bin/main.ts:30:78

  protobuf_test_messages.proto2.TestAllTypesProto2 1
  Error: Assertion failed
    at Object.jspb.asserts.doAssertFailure (https://cdn.skypack.dev/-/google-protobuf@v3.21.2-YDUqZL2TTSsy2lGtfuND/dist=es2019,mode=imports/optimized/google-protobuf.js:778:11)
    at Object.jspb.asserts.assert (https://cdn.skypack.dev/-/google-protobuf@v3.21.2-YDUqZL2TTSsy2lGtfuND/dist=es2019,mode=imports/optimized/google-protobuf.js:783:23)
    at jspb.BinaryWriter.writeUint32 (https://cdn.skypack.dev/-/google-protobuf@v3.21.2-YDUqZL2TTSsy2lGtfuND/dist=es2019,mode=imports/optimized/google-protobuf.js:5227:32)
    at protobuf_test_messages_proto2_TestAllTypesProto2.serialize (file:///Users/thesayyn/Documents/thesayyn/protoc-gen-ts/target/debug/build/protoc_gen_ts-8cec2bec66276c47/out/test_conformance/test_messages_proto2.ts:948:16)
    at file:///Users/thesayyn/Documents/thesayyn/protoc-gen-ts/tests/conformance/bin/main.ts:31:44

  protobuf_test_messages.proto2.TestAllTypesProto2 1
  Error: Assertion failed
    at Object.jspb.asserts.doAssertFailure (https://cdn.skypack.dev/-/google-protobuf@v3.21.2-YDUqZL2TTSsy2lGtfuND/dist=es2019,mode=imports/optimized/google-protobuf.js:778:11)
    at Object.jspb.asserts.assert (https://cdn.skypack.dev/-/google-protobuf@v3.21.2-YDUqZL2TTSsy2lGtfuND/dist=es2019,mode=imports/optimized/google-protobuf.js:783:23)
    at jspb.BinaryReader.readUint32 (https://cdn.skypack.dev/-/google-protobuf@v3.21.2-YDUqZL2TTSsy2lGtfuND/dist=es2019,mode=imports/optimized/google-protobuf.js:4550:18)
    at Function.deserialize (file:///Users/thesayyn/Documents/thesayyn/protoc-gen-ts/target/debug/build/protoc_gen_ts-8cec2bec66276c47/out/test_conformance/test_messages_proto2.ts:220:53)
    at file:///Users/thesayyn/Documents/thesayyn/protoc-gen-ts/tests/conformance/bin/main.ts:30:78

  protobuf_test_messages.proto2.TestAllTypesProto2 1
  Error: Assertion failed
    at Object.jspb.asserts.doAssertFailure (https://cdn.skypack.dev/-/google-protobuf@v3.21.2-YDUqZL2TTSsy2lGtfuND/dist=es2019,mode=imports/optimized/google-protobuf.js:778:11)
    at Object.jspb.asserts.assert (https://cdn.skypack.dev/-/google-protobuf@v3.21.2-YDUqZL2TTSsy2lGtfuND/dist=es2019,mode=imports/optimized/google-protobuf.js:783:23)
    at jspb.BinaryEncoder.writeUnsignedVarint32 (https://cdn.skypack.dev/-/google-protobuf@v3.21.2-YDUqZL2TTSsy2lGtfuND/dist=es2019,mode=imports/optimized/google-protobuf.js:4791:23)
    at jspb.BinaryWriter.writePackedUint32 (https://cdn.skypack.dev/-/google-protobuf@v3.21.2-YDUqZL2TTSsy2lGtfuND/dist=es2019,mode=imports/optimized/google-protobuf.js:5575:23)
    at protobuf_test_messages_proto2_TestAllTypesProto2.serialize (file:///Users/thesayyn/Documents/thesayyn/protoc-gen-ts/target/debug/build/protoc_gen_ts-8cec2bec66276c47/out/test_conformance/test_messages_proto2.ts:1013:16)
    at file:///Users/thesayyn/Documents/thesayyn/protoc-gen-ts/tests/conformance/bin/main.ts:31:44

  protobuf_test_messages.proto2.TestAllTypesProto2 1
  Error: Assertion failed
    at Object.jspb.asserts.doAssertFailure (https://cdn.skypack.dev/-/google-protobuf@v3.21.2-YDUqZL2TTSsy2lGtfuND/dist=es2019,mode=imports/optimized/google-protobuf.js:778:11)
    at Object.jspb.asserts.assert (https://cdn.skypack.dev/-/google-protobuf@v3.21.2-YDUqZL2TTSsy2lGtfuND/dist=es2019,mode=imports/optimized/google-protobuf.js:783:23)
    at jspb.BinaryEncoder.writeUnsignedVarint32 (https://cdn.skypack.dev/-/google-protobuf@v3.21.2-YDUqZL2TTSsy2lGtfuND/dist=es2019,mode=imports/optimized/google-protobuf.js:4791:23)
    at jspb.BinaryWriter.writePackedUint32 (https://cdn.skypack.dev/-/google-protobuf@v3.21.2-YDUqZL2TTSsy2lGtfuND/dist=es2019,mode=imports/optimized/google-protobuf.js:5575:23)
    at protobuf_test_messages_proto2_TestAllTypesProto2.serialize (file:///Users/thesayyn/Documents/thesayyn/protoc-gen-ts/target/debug/build/protoc_gen_ts-8cec2bec66276c47/out/test_conformance/test_messages_proto2.ts:1013:16)
    at file:///Users/thesayyn/Documents/thesayyn/protoc-gen-ts/tests/conformance/bin/main.ts:31:44

  protobuf_test_messages.proto2.TestAllTypesProto2 1
  Error: Assertion failed
    at Object.jspb.asserts.doAssertFailure (https://cdn.skypack.dev/-/google-protobuf@v3.21.2-YDUqZL2TTSsy2lGtfuND/dist=es2019,mode=imports/optimized/google-protobuf.js:778:11)
    at Object.jspb.asserts.assert (https://cdn.skypack.dev/-/google-protobuf@v3.21.2-YDUqZL2TTSsy2lGtfuND/dist=es2019,mode=imports/optimized/google-protobuf.js:783:23)
    at jspb.BinaryWriter.writeUint32 (https://cdn.skypack.dev/-/google-protobuf@v3.21.2-YDUqZL2TTSsy2lGtfuND/dist=es2019,mode=imports/optimized/google-protobuf.js:5227:32)
    at protobuf_test_messages_proto2_TestAllTypesProto2.serialize (file:///Users/thesayyn/Documents/thesayyn/protoc-gen-ts/target/debug/build/protoc_gen_ts-8cec2bec66276c47/out/test_conformance/test_messages_proto2.ts:948:16)
    at file:///Users/thesayyn/Documents/thesayyn/protoc-gen-ts/tests/conformance/bin/main.ts:31:44

  protobuf_test_messages.proto2.TestAllTypesProto2 1
  Error: Assertion failed
    at Object.jspb.asserts.doAssertFailure (https://cdn.skypack.dev/-/google-protobuf@v3.21.2-YDUqZL2TTSsy2lGtfuND/dist=es2019,mode=imports/optimized/google-protobuf.js:778:11)
    at Object.jspb.asserts.assert (https://cdn.skypack.dev/-/google-protobuf@v3.21.2-YDUqZL2TTSsy2lGtfuND/dist=es2019,mode=imports/optimized/google-protobuf.js:783:23)
    at jspb.BinaryReader.readUint32 (https://cdn.skypack.dev/-/google-protobuf@v3.21.2-YDUqZL2TTSsy2lGtfuND/dist=es2019,mode=imports/optimized/google-protobuf.js:4550:18)
    at Function.deserialize (file:///Users/thesayyn/Documents/thesayyn/protoc-gen-ts/target/debug/build/protoc_gen_ts-8cec2bec66276c47/out/test_conformance/test_messages_proto2.ts:220:53)
    at file:///Users/thesayyn/Documents/thesayyn/protoc-gen-ts/tests/conformance/bin/main.ts:30:78

  protobuf_test_messages.proto3.TestAllTypesProto3 1
  Error: Assertion failed
    at Object.jspb.asserts.doAssertFailure (https://cdn.skypack.dev/-/google-protobuf@v3.21.2-YDUqZL2TTSsy2lGtfuND/dist=es2019,mode=imports/optimized/google-protobuf.js:778:11)
    at Object.jspb.asserts.assert (https://cdn.skypack.dev/-/google-protobuf@v3.21.2-YDUqZL2TTSsy2lGtfuND/dist=es2019,mode=imports/optimized/google-protobuf.js:783:23)
    at jspb.BinaryWriter.writeUint32 (https://cdn.skypack.dev/-/google-protobuf@v3.21.2-YDUqZL2TTSsy2lGtfuND/dist=es2019,mode=imports/optimized/google-protobuf.js:5227:32)
    at protobuf_test_messages_proto3_TestAllTypesProto3.serialize (file:///Users/thesayyn/Documents/thesayyn/protoc-gen-ts/target/debug/build/protoc_gen_ts-8cec2bec66276c47/out/test_conformance/test_messages_proto3.ts:972:16)
    at file:///Users/thesayyn/Documents/thesayyn/protoc-gen-ts/tests/conformance/bin/main.ts:24:44

  protobuf_test_messages.proto3.TestAllTypesProto3 1
  Error: Assertion failed
    at Object.jspb.asserts.doAssertFailure (https://cdn.skypack.dev/-/google-protobuf@v3.21.2-YDUqZL2TTSsy2lGtfuND/dist=es2019,mode=imports/optimized/google-protobuf.js:778:11)
    at Object.jspb.asserts.assert (https://cdn.skypack.dev/-/google-protobuf@v3.21.2-YDUqZL2TTSsy2lGtfuND/dist=es2019,mode=imports/optimized/google-protobuf.js:783:23)
    at jspb.BinaryWriter.writeUint32 (https://cdn.skypack.dev/-/google-protobuf@v3.21.2-YDUqZL2TTSsy2lGtfuND/dist=es2019,mode=imports/optimized/google-protobuf.js:5227:32)
    at protobuf_test_messages_proto3_TestAllTypesProto3.serialize (file:///Users/thesayyn/Documents/thesayyn/protoc-gen-ts/target/debug/build/protoc_gen_ts-8cec2bec66276c47/out/test_conformance/test_messages_proto3.ts:972:16)
    at file:///Users/thesayyn/Documents/thesayyn/protoc-gen-ts/tests/conformance/bin/main.ts:24:44

  protobuf_test_messages.proto3.TestAllTypesProto3 1
  Error: Assertion failed
    at Object.jspb.asserts.doAssertFailure (https://cdn.skypack.dev/-/google-protobuf@v3.21.2-YDUqZL2TTSsy2lGtfuND/dist=es2019,mode=imports/optimized/google-protobuf.js:778:11)
    at Object.jspb.asserts.assert (https://cdn.skypack.dev/-/google-protobuf@v3.21.2-YDUqZL2TTSsy2lGtfuND/dist=es2019,mode=imports/optimized/google-protobuf.js:783:23)
    at jspb.BinaryEncoder.writeUnsignedVarint32 (https://cdn.skypack.dev/-/google-protobuf@v3.21.2-YDUqZL2TTSsy2lGtfuND/dist=es2019,mode=imports/optimized/google-protobuf.js:4791:23)
    at jspb.BinaryWriter.writePackedUint32 (https://cdn.skypack.dev/-/google-protobuf@v3.21.2-YDUqZL2TTSsy2lGtfuND/dist=es2019,mode=imports/optimized/google-protobuf.js:5575:23)
    at protobuf_test_messages_proto3_TestAllTypesProto3.serialize (file:///Users/thesayyn/Documents/thesayyn/protoc-gen-ts/target/debug/build/protoc_gen_ts-8cec2bec66276c47/out/test_conformance/test_messages_proto3.ts:1044:16)
    at file:///Users/thesayyn/Documents/thesayyn/protoc-gen-ts/tests/conformance/bin/main.ts:24:44

  protobuf_test_messages.proto3.TestAllTypesProto3 1
  Error: Assertion failed
    at Object.jspb.asserts.doAssertFailure (https://cdn.skypack.dev/-/google-protobuf@v3.21.2-YDUqZL2TTSsy2lGtfuND/dist=es2019,mode=imports/optimized/google-protobuf.js:778:11)
    at Object.jspb.asserts.assert (https://cdn.skypack.dev/-/google-protobuf@v3.21.2-YDUqZL2TTSsy2lGtfuND/dist=es2019,mode=imports/optimized/google-protobuf.js:783:23)
    at jspb.BinaryEncoder.writeUnsignedVarint32 (https://cdn.skypack.dev/-/google-protobuf@v3.21.2-YDUqZL2TTSsy2lGtfuND/dist=es2019,mode=imports/optimized/google-protobuf.js:4791:23)
    at jspb.BinaryWriter.writePackedUint32 (https://cdn.skypack.dev/-/google-protobuf@v3.21.2-YDUqZL2TTSsy2lGtfuND/dist=es2019,mode=imports/optimized/google-protobuf.js:5575:23)
    at protobuf_test_messages_proto3_TestAllTypesProto3.serialize (file:///Users/thesayyn/Documents/thesayyn/protoc-gen-ts/target/debug/build/protoc_gen_ts-8cec2bec66276c47/out/test_conformance/test_messages_proto3.ts:1044:16)
    at file:///Users/thesayyn/Documents/thesayyn/protoc-gen-ts/tests/conformance/bin/main.ts:24:44

  protobuf_test_messages.proto3.TestAllTypesProto3 1
  Error: Assertion failed
    at Object.jspb.asserts.doAssertFailure (https://cdn.skypack.dev/-/google-protobuf@v3.21.2-YDUqZL2TTSsy2lGtfuND/dist=es2019,mode=imports/optimized/google-protobuf.js:778:11)
    at Object.jspb.asserts.assert (https://cdn.skypack.dev/-/google-protobuf@v3.21.2-YDUqZL2TTSsy2lGtfuND/dist=es2019,mode=imports/optimized/google-protobuf.js:783:23)
    at jspb.BinaryEncoder.writeUnsignedVarint32 (https://cdn.skypack.dev/-/google-protobuf@v3.21.2-YDUqZL2TTSsy2lGtfuND/dist=es2019,mode=imports/optimized/google-protobuf.js:4791:23)
    at jspb.BinaryWriter.writePackedUint32 (https://cdn.skypack.dev/-/google-protobuf@v3.21.2-YDUqZL2TTSsy2lGtfuND/dist=es2019,mode=imports/optimized/google-protobuf.js:5575:23)
    at protobuf_test_messages_proto3_TestAllTypesProto3.serialize (file:///Users/thesayyn/Documents/thesayyn/protoc-gen-ts/target/debug/build/protoc_gen_ts-8cec2bec66276c47/out/test_conformance/test_messages_proto3.ts:1044:16)
    at file:///Users/thesayyn/Documents/thesayyn/protoc-gen-ts/tests/conformance/bin/main.ts:24:44

  protobuf_test_messages.proto3.TestAllTypesProto3 1
  Error: Assertion failed
    at Object.jspb.asserts.doAssertFailure (https://cdn.skypack.dev/-/google-protobuf@v3.21.2-YDUqZL2TTSsy2lGtfuND/dist=es2019,mode=imports/optimized/google-protobuf.js:778:11)
    at Object.jspb.asserts.assert (https://cdn.skypack.dev/-/google-protobuf@v3.21.2-YDUqZL2TTSsy2lGtfuND/dist=es2019,mode=imports/optimized/google-protobuf.js:783:23)
    at jspb.BinaryEncoder.writeUnsignedVarint32 (https://cdn.skypack.dev/-/google-protobuf@v3.21.2-YDUqZL2TTSsy2lGtfuND/dist=es2019,mode=imports/optimized/google-protobuf.js:4791:23)
    at jspb.BinaryWriter.writePackedUint32 (https://cdn.skypack.dev/-/google-protobuf@v3.21.2-YDUqZL2TTSsy2lGtfuND/dist=es2019,mode=imports/optimized/google-protobuf.js:5575:23)
    at protobuf_test_messages_proto3_TestAllTypesProto3.serialize (file:///Users/thesayyn/Documents/thesayyn/protoc-gen-ts/target/debug/build/protoc_gen_ts-8cec2bec66276c47/out/test_conformance/test_messages_proto3.ts:1044:16)
    at file:///Users/thesayyn/Documents/thesayyn/protoc-gen-ts/tests/conformance/bin/main.ts:24:44

  protobuf_test_messages.proto3.TestAllTypesProto3 1
  Error: Assertion failed
    at Object.jspb.asserts.doAssertFailure (https://cdn.skypack.dev/-/google-protobuf@v3.21.2-YDUqZL2TTSsy2lGtfuND/dist=es2019,mode=imports/optimized/google-protobuf.js:778:11)
    at Object.jspb.asserts.assert (https://cdn.skypack.dev/-/google-protobuf@v3.21.2-YDUqZL2TTSsy2lGtfuND/dist=es2019,mode=imports/optimized/google-protobuf.js:783:23)
    at jspb.BinaryEncoder.writeUnsignedVarint32 (https://cdn.skypack.dev/-/google-protobuf@v3.21.2-YDUqZL2TTSsy2lGtfuND/dist=es2019,mode=imports/optimized/google-protobuf.js:4791:23)
    at jspb.BinaryWriter.writePackedUint32 (https://cdn.skypack.dev/-/google-protobuf@v3.21.2-YDUqZL2TTSsy2lGtfuND/dist=es2019,mode=imports/optimized/google-protobuf.js:5575:23)
    at protobuf_test_messages_proto3_TestAllTypesProto3.serialize (file:///Users/thesayyn/Documents/thesayyn/protoc-gen-ts/target/debug/build/protoc_gen_ts-8cec2bec66276c47/out/test_conformance/test_messages_proto3.ts:1044:16)
    at file:///Users/thesayyn/Documents/thesayyn/protoc-gen-ts/tests/conformance/bin/main.ts:24:44

  protobuf_test_messages.proto3.TestAllTypesProto3 1
  Error: Assertion failed
    at Object.jspb.asserts.doAssertFailure (https://cdn.skypack.dev/-/google-protobuf@v3.21.2-YDUqZL2TTSsy2lGtfuND/dist=es2019,mode=imports/optimized/google-protobuf.js:778:11)
    at Object.jspb.asserts.assert (https://cdn.skypack.dev/-/google-protobuf@v3.21.2-YDUqZL2TTSsy2lGtfuND/dist=es2019,mode=imports/optimized/google-protobuf.js:783:23)
    at jspb.BinaryEncoder.writeUnsignedVarint32 (https://cdn.skypack.dev/-/google-protobuf@v3.21.2-YDUqZL2TTSsy2lGtfuND/dist=es2019,mode=imports/optimized/google-protobuf.js:4791:23)
    at jspb.BinaryWriter.writePackedUint32 (https://cdn.skypack.dev/-/google-protobuf@v3.21.2-YDUqZL2TTSsy2lGtfuND/dist=es2019,mode=imports/optimized/google-protobuf.js:5575:23)
    at protobuf_test_messages_proto3_TestAllTypesProto3.serialize (file:///Users/thesayyn/Documents/thesayyn/protoc-gen-ts/target/debug/build/protoc_gen_ts-8cec2bec66276c47/out/test_conformance/test_messages_proto3.ts:1044:16)
    at file:///Users/thesayyn/Documents/thesayyn/protoc-gen-ts/tests/conformance/bin/main.ts:24:44

  protobuf_test_messages.proto3.TestAllTypesProto3 1
  Error: Assertion failed
    at Object.jspb.asserts.doAssertFailure (https://cdn.skypack.dev/-/google-protobuf@v3.21.2-YDUqZL2TTSsy2lGtfuND/dist=es2019,mode=imports/optimized/google-protobuf.js:778:11)
    at Object.jspb.asserts.assert (https://cdn.skypack.dev/-/google-protobuf@v3.21.2-YDUqZL2TTSsy2lGtfuND/dist=es2019,mode=imports/optimized/google-protobuf.js:783:23)
    at jspb.BinaryWriter.writeUint32 (https://cdn.skypack.dev/-/google-protobuf@v3.21.2-YDUqZL2TTSsy2lGtfuND/dist=es2019,mode=imports/optimized/google-protobuf.js:5227:32)
    at protobuf_test_messages_proto3_TestAllTypesProto3.serialize (file:///Users/thesayyn/Documents/thesayyn/protoc-gen-ts/target/debug/build/protoc_gen_ts-8cec2bec66276c47/out/test_conformance/test_messages_proto3.ts:1151:16)
    at file:///Users/thesayyn/Documents/thesayyn/protoc-gen-ts/tests/conformance/bin/main.ts:24:44

  protobuf_test_messages.proto3.TestAllTypesProto3 1
  Error: Assertion failed
    at Object.jspb.asserts.doAssertFailure (https://cdn.skypack.dev/-/google-protobuf@v3.21.2-YDUqZL2TTSsy2lGtfuND/dist=es2019,mode=imports/optimized/google-protobuf.js:778:11)
    at Object.jspb.asserts.assert (https://cdn.skypack.dev/-/google-protobuf@v3.21.2-YDUqZL2TTSsy2lGtfuND/dist=es2019,mode=imports/optimized/google-protobuf.js:783:23)
    at jspb.BinaryReader.readUint32 (https://cdn.skypack.dev/-/google-protobuf@v3.21.2-YDUqZL2TTSsy2lGtfuND/dist=es2019,mode=imports/optimized/google-protobuf.js:4550:18)
    at Function.deserialize (file:///Users/thesayyn/Documents/thesayyn/protoc-gen-ts/target/debug/build/protoc_gen_ts-8cec2bec66276c47/out/test_conformance/test_messages_proto3.ts:381:53)
    at file:///Users/thesayyn/Documents/thesayyn/protoc-gen-ts/tests/conformance/bin/main.ts:23:78

  protobuf_test_messages.proto2.TestAllTypesProto2 1
  Error: Assertion failed
    at Object.jspb.asserts.doAssertFailure (https://cdn.skypack.dev/-/google-protobuf@v3.21.2-YDUqZL2TTSsy2lGtfuND/dist=es2019,mode=imports/optimized/google-protobuf.js:778:11)
    at Object.jspb.asserts.assert (https://cdn.skypack.dev/-/google-protobuf@v3.21.2-YDUqZL2TTSsy2lGtfuND/dist=es2019,mode=imports/optimized/google-protobuf.js:783:23)
    at jspb.BinaryWriter.writeFixed64 (https://cdn.skypack.dev/-/google-protobuf@v3.21.2-YDUqZL2TTSsy2lGtfuND/dist=es2019,mode=imports/optimized/google-protobuf.js:5259:32)
    at protobuf_test_messages_proto2_TestAllTypesProto2.serialize (file:///Users/thesayyn/Documents/thesayyn/protoc-gen-ts/target/debug/build/protoc_gen_ts-8cec2bec66276c47/out/test_conformance/test_messages_proto2.ts:894:16)
    at file:///Users/thesayyn/Documents/thesayyn/protoc-gen-ts/tests/conformance/bin/main.ts:31:44

  protobuf_test_messages.proto2.TestAllTypesProto2 1
  Error: Assertion failed
    at Object.jspb.asserts.doAssertFailure (https://cdn.skypack.dev/-/google-protobuf@v3.21.2-YDUqZL2TTSsy2lGtfuND/dist=es2019,mode=imports/optimized/google-protobuf.js:778:11)
    at Object.jspb.asserts.assert (https://cdn.skypack.dev/-/google-protobuf@v3.21.2-YDUqZL2TTSsy2lGtfuND/dist=es2019,mode=imports/optimized/google-protobuf.js:783:23)
    at jspb.BinaryWriter.writeFixed64 (https://cdn.skypack.dev/-/google-protobuf@v3.21.2-YDUqZL2TTSsy2lGtfuND/dist=es2019,mode=imports/optimized/google-protobuf.js:5259:32)
    at protobuf_test_messages_proto2_TestAllTypesProto2.serialize (file:///Users/thesayyn/Documents/thesayyn/protoc-gen-ts/target/debug/build/protoc_gen_ts-8cec2bec66276c47/out/test_conformance/test_messages_proto2.ts:894:16)
    at file:///Users/thesayyn/Documents/thesayyn/protoc-gen-ts/tests/conformance/bin/main.ts:31:44

  protobuf_test_messages.proto2.TestAllTypesProto2 1
  Error: Assertion failed
    at Object.jspb.asserts.doAssertFailure (https://cdn.skypack.dev/-/google-protobuf@v3.21.2-YDUqZL2TTSsy2lGtfuND/dist=es2019,mode=imports/optimized/google-protobuf.js:778:11)
    at Object.jspb.asserts.assert (https://cdn.skypack.dev/-/google-protobuf@v3.21.2-YDUqZL2TTSsy2lGtfuND/dist=es2019,mode=imports/optimized/google-protobuf.js:783:23)
    at jspb.BinaryWriter.writeFixed64 (https://cdn.skypack.dev/-/google-protobuf@v3.21.2-YDUqZL2TTSsy2lGtfuND/dist=es2019,mode=imports/optimized/google-protobuf.js:5259:32)
    at protobuf_test_messages_proto2_TestAllTypesProto2.serialize (file:///Users/thesayyn/Documents/thesayyn/protoc-gen-ts/target/debug/build/protoc_gen_ts-8cec2bec66276c47/out/test_conformance/test_messages_proto2.ts:894:16)
    at file:///Users/thesayyn/Documents/thesayyn/protoc-gen-ts/tests/conformance/bin/main.ts:31:44

  protobuf_test_messages.proto2.TestAllTypesProto2 1
  Error: Assertion failed
    at Object.jspb.asserts.doAssertFailure (https://cdn.skypack.dev/-/google-protobuf@v3.21.2-YDUqZL2TTSsy2lGtfuND/dist=es2019,mode=imports/optimized/google-protobuf.js:778:11)
    at Object.jspb.asserts.assert (https://cdn.skypack.dev/-/google-protobuf@v3.21.2-YDUqZL2TTSsy2lGtfuND/dist=es2019,mode=imports/optimized/google-protobuf.js:783:23)
    at jspb.BinaryWriter.writeFixed64 (https://cdn.skypack.dev/-/google-protobuf@v3.21.2-YDUqZL2TTSsy2lGtfuND/dist=es2019,mode=imports/optimized/google-protobuf.js:5259:32)
    at protobuf_test_messages_proto2_TestAllTypesProto2.serialize (file:///Users/thesayyn/Documents/thesayyn/protoc-gen-ts/target/debug/build/protoc_gen_ts-8cec2bec66276c47/out/test_conformance/test_messages_proto2.ts:963:16)
    at file:///Users/thesayyn/Documents/thesayyn/protoc-gen-ts/tests/conformance/bin/main.ts:31:44

  protobuf_test_messages.proto2.TestAllTypesProto2 1
  Error: Assertion failed
    at Object.jspb.asserts.doAssertFailure (https://cdn.skypack.dev/-/google-protobuf@v3.21.2-YDUqZL2TTSsy2lGtfuND/dist=es2019,mode=imports/optimized/google-protobuf.js:778:11)
    at Object.jspb.asserts.assert (https://cdn.skypack.dev/-/google-protobuf@v3.21.2-YDUqZL2TTSsy2lGtfuND/dist=es2019,mode=imports/optimized/google-protobuf.js:783:23)
    at jspb.BinaryReader.readFixed64 (https://cdn.skypack.dev/-/google-protobuf@v3.21.2-YDUqZL2TTSsy2lGtfuND/dist=es2019,mode=imports/optimized/google-protobuf.js:4587:18)
    at Function.deserialize (file:///Users/thesayyn/Documents/thesayyn/protoc-gen-ts/target/debug/build/protoc_gen_ts-8cec2bec66276c47/out/test_conformance/test_messages_proto2.ts:235:54)
    at file:///Users/thesayyn/Documents/thesayyn/protoc-gen-ts/tests/conformance/bin/main.ts:30:78

  protobuf_test_messages.proto2.TestAllTypesProto2 1
  Error: Assertion failed
    at Object.jspb.asserts.doAssertFailure (https://cdn.skypack.dev/-/google-protobuf@v3.21.2-YDUqZL2TTSsy2lGtfuND/dist=es2019,mode=imports/optimized/google-protobuf.js:778:11)
    at Object.jspb.asserts.assert (https://cdn.skypack.dev/-/google-protobuf@v3.21.2-YDUqZL2TTSsy2lGtfuND/dist=es2019,mode=imports/optimized/google-protobuf.js:783:23)
    at jspb.BinaryWriter.writeFixed64 (https://cdn.skypack.dev/-/google-protobuf@v3.21.2-YDUqZL2TTSsy2lGtfuND/dist=es2019,mode=imports/optimized/google-protobuf.js:5259:32)
    at protobuf_test_messages_proto2_TestAllTypesProto2.serialize (file:///Users/thesayyn/Documents/thesayyn/protoc-gen-ts/target/debug/build/protoc_gen_ts-8cec2bec66276c47/out/test_conformance/test_messages_proto2.ts:963:16)
    at file:///Users/thesayyn/Documents/thesayyn/protoc-gen-ts/tests/conformance/bin/main.ts:31:44

  protobuf_test_messages.proto2.TestAllTypesProto2 1
  Error: Assertion failed
    at Object.jspb.asserts.doAssertFailure (https://cdn.skypack.dev/-/google-protobuf@v3.21.2-YDUqZL2TTSsy2lGtfuND/dist=es2019,mode=imports/optimized/google-protobuf.js:778:11)
    at Object.jspb.asserts.assert (https://cdn.skypack.dev/-/google-protobuf@v3.21.2-YDUqZL2TTSsy2lGtfuND/dist=es2019,mode=imports/optimized/google-protobuf.js:783:23)
    at jspb.BinaryReader.readFixed64 (https://cdn.skypack.dev/-/google-protobuf@v3.21.2-YDUqZL2TTSsy2lGtfuND/dist=es2019,mode=imports/optimized/google-protobuf.js:4587:18)
    at Function.deserialize (file:///Users/thesayyn/Documents/thesayyn/protoc-gen-ts/target/debug/build/protoc_gen_ts-8cec2bec66276c47/out/test_conformance/test_messages_proto2.ts:235:54)
    at file:///Users/thesayyn/Documents/thesayyn/protoc-gen-ts/tests/conformance/bin/main.ts:30:78

  protobuf_test_messages.proto2.TestAllTypesProto2 1
  Error: Assertion failed
    at Object.jspb.asserts.doAssertFailure (https://cdn.skypack.dev/-/google-protobuf@v3.21.2-YDUqZL2TTSsy2lGtfuND/dist=es2019,mode=imports/optimized/google-protobuf.js:778:11)
    at Object.jspb.asserts.assert (https://cdn.skypack.dev/-/google-protobuf@v3.21.2-YDUqZL2TTSsy2lGtfuND/dist=es2019,mode=imports/optimized/google-protobuf.js:783:23)
    at jspb.BinaryEncoder.writeUint64 (https://cdn.skypack.dev/-/google-protobuf@v3.21.2-YDUqZL2TTSsy2lGtfuND/dist=es2019,mode=imports/optimized/google-protobuf.js:4860:18)
    at jspb.BinaryWriter.writePackedFixed64 (https://cdn.skypack.dev/-/google-protobuf@v3.21.2-YDUqZL2TTSsy2lGtfuND/dist=es2019,mode=imports/optimized/google-protobuf.js:5650:23)
    at protobuf_test_messages_proto2_TestAllTypesProto2.serialize (file:///Users/thesayyn/Documents/thesayyn/protoc-gen-ts/target/debug/build/protoc_gen_ts-8cec2bec66276c47/out/test_conformance/test_messages_proto2.ts:1028:16)
    at file:///Users/thesayyn/Documents/thesayyn/protoc-gen-ts/tests/conformance/bin/main.ts:31:44

  protobuf_test_messages.proto2.TestAllTypesProto2 1
  Error: Assertion failed
    at Object.jspb.asserts.doAssertFailure (https://cdn.skypack.dev/-/google-protobuf@v3.21.2-YDUqZL2TTSsy2lGtfuND/dist=es2019,mode=imports/optimized/google-protobuf.js:778:11)
    at Object.jspb.asserts.assert (https://cdn.skypack.dev/-/google-protobuf@v3.21.2-YDUqZL2TTSsy2lGtfuND/dist=es2019,mode=imports/optimized/google-protobuf.js:783:23)
    at jspb.BinaryEncoder.writeUint64 (https://cdn.skypack.dev/-/google-protobuf@v3.21.2-YDUqZL2TTSsy2lGtfuND/dist=es2019,mode=imports/optimized/google-protobuf.js:4860:18)
    at jspb.BinaryWriter.writePackedFixed64 (https://cdn.skypack.dev/-/google-protobuf@v3.21.2-YDUqZL2TTSsy2lGtfuND/dist=es2019,mode=imports/optimized/google-protobuf.js:5650:23)
    at protobuf_test_messages_proto2_TestAllTypesProto2.serialize (file:///Users/thesayyn/Documents/thesayyn/protoc-gen-ts/target/debug/build/protoc_gen_ts-8cec2bec66276c47/out/test_conformance/test_messages_proto2.ts:1028:16)
    at file:///Users/thesayyn/Documents/thesayyn/protoc-gen-ts/tests/conformance/bin/main.ts:31:44

  protobuf_test_messages.proto2.TestAllTypesProto2 1
  Error: Assertion failed
    at Object.jspb.asserts.doAssertFailure (https://cdn.skypack.dev/-/google-protobuf@v3.21.2-YDUqZL2TTSsy2lGtfuND/dist=es2019,mode=imports/optimized/google-protobuf.js:778:11)
    at Object.jspb.asserts.assert (https://cdn.skypack.dev/-/google-protobuf@v3.21.2-YDUqZL2TTSsy2lGtfuND/dist=es2019,mode=imports/optimized/google-protobuf.js:783:23)
    at jspb.BinaryWriter.writeFixed64 (https://cdn.skypack.dev/-/google-protobuf@v3.21.2-YDUqZL2TTSsy2lGtfuND/dist=es2019,mode=imports/optimized/google-protobuf.js:5259:32)
    at protobuf_test_messages_proto2_TestAllTypesProto2.serialize (file:///Users/thesayyn/Documents/thesayyn/protoc-gen-ts/target/debug/build/protoc_gen_ts-8cec2bec66276c47/out/test_conformance/test_messages_proto2.ts:963:16)
    at file:///Users/thesayyn/Documents/thesayyn/protoc-gen-ts/tests/conformance/bin/main.ts:31:44

  protobuf_test_messages.proto2.TestAllTypesProto2 1
  Error: Assertion failed
    at Object.jspb.asserts.doAssertFailure (https://cdn.skypack.dev/-/google-protobuf@v3.21.2-YDUqZL2TTSsy2lGtfuND/dist=es2019,mode=imports/optimized/google-protobuf.js:778:11)
    at Object.jspb.asserts.assert (https://cdn.skypack.dev/-/google-protobuf@v3.21.2-YDUqZL2TTSsy2lGtfuND/dist=es2019,mode=imports/optimized/google-protobuf.js:783:23)
    at jspb.BinaryReader.readFixed64 (https://cdn.skypack.dev/-/google-protobuf@v3.21.2-YDUqZL2TTSsy2lGtfuND/dist=es2019,mode=imports/optimized/google-protobuf.js:4587:18)
    at Function.deserialize (file:///Users/thesayyn/Documents/thesayyn/protoc-gen-ts/target/debug/build/protoc_gen_ts-8cec2bec66276c47/out/test_conformance/test_messages_proto2.ts:235:54)
    at file:///Users/thesayyn/Documents/thesayyn/protoc-gen-ts/tests/conformance/bin/main.ts:30:78

  protobuf_test_messages.proto3.TestAllTypesProto3 1
  Error: Assertion failed
    at Object.jspb.asserts.doAssertFailure (https://cdn.skypack.dev/-/google-protobuf@v3.21.2-YDUqZL2TTSsy2lGtfuND/dist=es2019,mode=imports/optimized/google-protobuf.js:778:11)
    at Object.jspb.asserts.assert (https://cdn.skypack.dev/-/google-protobuf@v3.21.2-YDUqZL2TTSsy2lGtfuND/dist=es2019,mode=imports/optimized/google-protobuf.js:783:23)
    at jspb.BinaryWriter.writeFixed64 (https://cdn.skypack.dev/-/google-protobuf@v3.21.2-YDUqZL2TTSsy2lGtfuND/dist=es2019,mode=imports/optimized/google-protobuf.js:5259:32)
    at protobuf_test_messages_proto3_TestAllTypesProto3.serialize (file:///Users/thesayyn/Documents/thesayyn/protoc-gen-ts/target/debug/build/protoc_gen_ts-8cec2bec66276c47/out/test_conformance/test_messages_proto3.ts:987:16)
    at file:///Users/thesayyn/Documents/thesayyn/protoc-gen-ts/tests/conformance/bin/main.ts:24:44

  protobuf_test_messages.proto3.TestAllTypesProto3 1
  Error: Assertion failed
    at Object.jspb.asserts.doAssertFailure (https://cdn.skypack.dev/-/google-protobuf@v3.21.2-YDUqZL2TTSsy2lGtfuND/dist=es2019,mode=imports/optimized/google-protobuf.js:778:11)
    at Object.jspb.asserts.assert (https://cdn.skypack.dev/-/google-protobuf@v3.21.2-YDUqZL2TTSsy2lGtfuND/dist=es2019,mode=imports/optimized/google-protobuf.js:783:23)
    at jspb.BinaryWriter.writeFixed64 (https://cdn.skypack.dev/-/google-protobuf@v3.21.2-YDUqZL2TTSsy2lGtfuND/dist=es2019,mode=imports/optimized/google-protobuf.js:5259:32)
    at protobuf_test_messages_proto3_TestAllTypesProto3.serialize (file:///Users/thesayyn/Documents/thesayyn/protoc-gen-ts/target/debug/build/protoc_gen_ts-8cec2bec66276c47/out/test_conformance/test_messages_proto3.ts:987:16)
    at file:///Users/thesayyn/Documents/thesayyn/protoc-gen-ts/tests/conformance/bin/main.ts:24:44

  protobuf_test_messages.proto3.TestAllTypesProto3 1
  Error: Assertion failed
    at Object.jspb.asserts.doAssertFailure (https://cdn.skypack.dev/-/google-protobuf@v3.21.2-YDUqZL2TTSsy2lGtfuND/dist=es2019,mode=imports/optimized/google-protobuf.js:778:11)
    at Object.jspb.asserts.assert (https://cdn.skypack.dev/-/google-protobuf@v3.21.2-YDUqZL2TTSsy2lGtfuND/dist=es2019,mode=imports/optimized/google-protobuf.js:783:23)
    at jspb.BinaryWriter.writeFixed64 (https://cdn.skypack.dev/-/google-protobuf@v3.21.2-YDUqZL2TTSsy2lGtfuND/dist=es2019,mode=imports/optimized/google-protobuf.js:5259:32)
    at protobuf_test_messages_proto3_TestAllTypesProto3.serialize (file:///Users/thesayyn/Documents/thesayyn/protoc-gen-ts/target/debug/build/protoc_gen_ts-8cec2bec66276c47/out/test_conformance/test_messages_proto3.ts:987:16)
    at file:///Users/thesayyn/Documents/thesayyn/protoc-gen-ts/tests/conformance/bin/main.ts:24:44

  protobuf_test_messages.proto3.TestAllTypesProto3 1
  Error: Assertion failed
    at Object.jspb.asserts.doAssertFailure (https://cdn.skypack.dev/-/google-protobuf@v3.21.2-YDUqZL2TTSsy2lGtfuND/dist=es2019,mode=imports/optimized/google-protobuf.js:778:11)
    at Object.jspb.asserts.assert (https://cdn.skypack.dev/-/google-protobuf@v3.21.2-YDUqZL2TTSsy2lGtfuND/dist=es2019,mode=imports/optimized/google-protobuf.js:783:23)
    at jspb.BinaryEncoder.writeUint64 (https://cdn.skypack.dev/-/google-protobuf@v3.21.2-YDUqZL2TTSsy2lGtfuND/dist=es2019,mode=imports/optimized/google-protobuf.js:4860:18)
    at jspb.BinaryWriter.writePackedFixed64 (https://cdn.skypack.dev/-/google-protobuf@v3.21.2-YDUqZL2TTSsy2lGtfuND/dist=es2019,mode=imports/optimized/google-protobuf.js:5650:23)
    at protobuf_test_messages_proto3_TestAllTypesProto3.serialize (file:///Users/thesayyn/Documents/thesayyn/protoc-gen-ts/target/debug/build/protoc_gen_ts-8cec2bec66276c47/out/test_conformance/test_messages_proto3.ts:1059:16)
    at file:///Users/thesayyn/Documents/thesayyn/protoc-gen-ts/tests/conformance/bin/main.ts:24:44

  protobuf_test_messages.proto3.TestAllTypesProto3 1
  Error: Assertion failed
    at Object.jspb.asserts.doAssertFailure (https://cdn.skypack.dev/-/google-protobuf@v3.21.2-YDUqZL2TTSsy2lGtfuND/dist=es2019,mode=imports/optimized/google-protobuf.js:778:11)
    at Object.jspb.asserts.assert (https://cdn.skypack.dev/-/google-protobuf@v3.21.2-YDUqZL2TTSsy2lGtfuND/dist=es2019,mode=imports/optimized/google-protobuf.js:783:23)
    at jspb.BinaryEncoder.writeUint64 (https://cdn.skypack.dev/-/google-protobuf@v3.21.2-YDUqZL2TTSsy2lGtfuND/dist=es2019,mode=imports/optimized/google-protobuf.js:4860:18)
    at jspb.BinaryWriter.writePackedFixed64 (https://cdn.skypack.dev/-/google-protobuf@v3.21.2-YDUqZL2TTSsy2lGtfuND/dist=es2019,mode=imports/optimized/google-protobuf.js:5650:23)
    at protobuf_test_messages_proto3_TestAllTypesProto3.serialize (file:///Users/thesayyn/Documents/thesayyn/protoc-gen-ts/target/debug/build/protoc_gen_ts-8cec2bec66276c47/out/test_conformance/test_messages_proto3.ts:1059:16)
    at file:///Users/thesayyn/Documents/thesayyn/protoc-gen-ts/tests/conformance/bin/main.ts:24:44

  protobuf_test_messages.proto3.TestAllTypesProto3 1
  Error: Assertion failed
    at Object.jspb.asserts.doAssertFailure (https://cdn.skypack.dev/-/google-protobuf@v3.21.2-YDUqZL2TTSsy2lGtfuND/dist=es2019,mode=imports/optimized/google-protobuf.js:778:11)
    at Object.jspb.asserts.assert (https://cdn.skypack.dev/-/google-protobuf@v3.21.2-YDUqZL2TTSsy2lGtfuND/dist=es2019,mode=imports/optimized/google-protobuf.js:783:23)
    at jspb.BinaryEncoder.writeUint64 (https://cdn.skypack.dev/-/google-protobuf@v3.21.2-YDUqZL2TTSsy2lGtfuND/dist=es2019,mode=imports/optimized/google-protobuf.js:4860:18)
    at jspb.BinaryWriter.writePackedFixed64 (https://cdn.skypack.dev/-/google-protobuf@v3.21.2-YDUqZL2TTSsy2lGtfuND/dist=es2019,mode=imports/optimized/google-protobuf.js:5650:23)
    at protobuf_test_messages_proto3_TestAllTypesProto3.serialize (file:///Users/thesayyn/Documents/thesayyn/protoc-gen-ts/target/debug/build/protoc_gen_ts-8cec2bec66276c47/out/test_conformance/test_messages_proto3.ts:1059:16)
    at file:///Users/thesayyn/Documents/thesayyn/protoc-gen-ts/tests/conformance/bin/main.ts:24:44

  protobuf_test_messages.proto3.TestAllTypesProto3 1
  Error: Assertion failed
    at Object.jspb.asserts.doAssertFailure (https://cdn.skypack.dev/-/google-protobuf@v3.21.2-YDUqZL2TTSsy2lGtfuND/dist=es2019,mode=imports/optimized/google-protobuf.js:778:11)
    at Object.jspb.asserts.assert (https://cdn.skypack.dev/-/google-protobuf@v3.21.2-YDUqZL2TTSsy2lGtfuND/dist=es2019,mode=imports/optimized/google-protobuf.js:783:23)
    at jspb.BinaryEncoder.writeUint64 (https://cdn.skypack.dev/-/google-protobuf@v3.21.2-YDUqZL2TTSsy2lGtfuND/dist=es2019,mode=imports/optimized/google-protobuf.js:4860:18)
    at jspb.BinaryWriter.writePackedFixed64 (https://cdn.skypack.dev/-/google-protobuf@v3.21.2-YDUqZL2TTSsy2lGtfuND/dist=es2019,mode=imports/optimized/google-protobuf.js:5650:23)
    at protobuf_test_messages_proto3_TestAllTypesProto3.serialize (file:///Users/thesayyn/Documents/thesayyn/protoc-gen-ts/target/debug/build/protoc_gen_ts-8cec2bec66276c47/out/test_conformance/test_messages_proto3.ts:1059:16)
    at file:///Users/thesayyn/Documents/thesayyn/protoc-gen-ts/tests/conformance/bin/main.ts:24:44

  protobuf_test_messages.proto3.TestAllTypesProto3 1
  Error: Assertion failed
    at Object.jspb.asserts.doAssertFailure (https://cdn.skypack.dev/-/google-protobuf@v3.21.2-YDUqZL2TTSsy2lGtfuND/dist=es2019,mode=imports/optimized/google-protobuf.js:778:11)
    at Object.jspb.asserts.assert (https://cdn.skypack.dev/-/google-protobuf@v3.21.2-YDUqZL2TTSsy2lGtfuND/dist=es2019,mode=imports/optimized/google-protobuf.js:783:23)
    at jspb.BinaryEncoder.writeUint64 (https://cdn.skypack.dev/-/google-protobuf@v3.21.2-YDUqZL2TTSsy2lGtfuND/dist=es2019,mode=imports/optimized/google-protobuf.js:4860:18)
    at jspb.BinaryWriter.writePackedFixed64 (https://cdn.skypack.dev/-/google-protobuf@v3.21.2-YDUqZL2TTSsy2lGtfuND/dist=es2019,mode=imports/optimized/google-protobuf.js:5650:23)
    at protobuf_test_messages_proto3_TestAllTypesProto3.serialize (file:///Users/thesayyn/Documents/thesayyn/protoc-gen-ts/target/debug/build/protoc_gen_ts-8cec2bec66276c47/out/test_conformance/test_messages_proto3.ts:1059:16)
    at file:///Users/thesayyn/Documents/thesayyn/protoc-gen-ts/tests/conformance/bin/main.ts:24:44

  protobuf_test_messages.proto3.TestAllTypesProto3 1
  Error: Assertion failed
    at Object.jspb.asserts.doAssertFailure (https://cdn.skypack.dev/-/google-protobuf@v3.21.2-YDUqZL2TTSsy2lGtfuND/dist=es2019,mode=imports/optimized/google-protobuf.js:778:11)
    at Object.jspb.asserts.assert (https://cdn.skypack.dev/-/google-protobuf@v3.21.2-YDUqZL2TTSsy2lGtfuND/dist=es2019,mode=imports/optimized/google-protobuf.js:783:23)
    at jspb.BinaryEncoder.writeUint64 (https://cdn.skypack.dev/-/google-protobuf@v3.21.2-YDUqZL2TTSsy2lGtfuND/dist=es2019,mode=imports/optimized/google-protobuf.js:4860:18)
    at jspb.BinaryWriter.writePackedFixed64 (https://cdn.skypack.dev/-/google-protobuf@v3.21.2-YDUqZL2TTSsy2lGtfuND/dist=es2019,mode=imports/optimized/google-protobuf.js:5650:23)
    at protobuf_test_messages_proto3_TestAllTypesProto3.serialize (file:///Users/thesayyn/Documents/thesayyn/protoc-gen-ts/target/debug/build/protoc_gen_ts-8cec2bec66276c47/out/test_conformance/test_messages_proto3.ts:1059:16)
    at file:///Users/thesayyn/Documents/thesayyn/protoc-gen-ts/tests/conformance/bin/main.ts:24:44

  protobuf_test_messages.proto3.TestAllTypesProto3 1
  Error: Assertion failed
    at Object.jspb.asserts.doAssertFailure (https://cdn.skypack.dev/-/google-protobuf@v3.21.2-YDUqZL2TTSsy2lGtfuND/dist=es2019,mode=imports/optimized/google-protobuf.js:778:11)
    at Object.jspb.asserts.assert (https://cdn.skypack.dev/-/google-protobuf@v3.21.2-YDUqZL2TTSsy2lGtfuND/dist=es2019,mode=imports/optimized/google-protobuf.js:783:23)
    at jspb.BinaryWriter.writeFixed64 (https://cdn.skypack.dev/-/google-protobuf@v3.21.2-YDUqZL2TTSsy2lGtfuND/dist=es2019,mode=imports/optimized/google-protobuf.js:5259:32)
    at protobuf_test_messages_proto3_TestAllTypesProto3.serialize (file:///Users/thesayyn/Documents/thesayyn/protoc-gen-ts/target/debug/build/protoc_gen_ts-8cec2bec66276c47/out/test_conformance/test_messages_proto3.ts:1166:16)
    at file:///Users/thesayyn/Documents/thesayyn/protoc-gen-ts/tests/conformance/bin/main.ts:24:44

  protobuf_test_messages.proto3.TestAllTypesProto3 1
  Error: Assertion failed
    at Object.jspb.asserts.doAssertFailure (https://cdn.skypack.dev/-/google-protobuf@v3.21.2-YDUqZL2TTSsy2lGtfuND/dist=es2019,mode=imports/optimized/google-protobuf.js:778:11)
    at Object.jspb.asserts.assert (https://cdn.skypack.dev/-/google-protobuf@v3.21.2-YDUqZL2TTSsy2lGtfuND/dist=es2019,mode=imports/optimized/google-protobuf.js:783:23)
    at jspb.BinaryReader.readFixed64 (https://cdn.skypack.dev/-/google-protobuf@v3.21.2-YDUqZL2TTSsy2lGtfuND/dist=es2019,mode=imports/optimized/google-protobuf.js:4587:18)
    at Function.deserialize (file:///Users/thesayyn/Documents/thesayyn/protoc-gen-ts/target/debug/build/protoc_gen_ts-8cec2bec66276c47/out/test_conformance/test_messages_proto3.ts:396:54)
    at file:///Users/thesayyn/Documents/thesayyn/protoc-gen-ts/tests/conformance/bin/main.ts:23:78

  protobuf_test_messages.proto2.TestAllTypesProto2 1
  Error: Assertion failed
    at Object.jspb.asserts.doAssertFailure (https://cdn.skypack.dev/-/google-protobuf@v3.21.2-YDUqZL2TTSsy2lGtfuND/dist=es2019,mode=imports/optimized/google-protobuf.js:778:11)
    at Object.jspb.asserts.assert (https://cdn.skypack.dev/-/google-protobuf@v3.21.2-YDUqZL2TTSsy2lGtfuND/dist=es2019,mode=imports/optimized/google-protobuf.js:783:23)
    at jspb.BinaryReader.readFixed32 (https://cdn.skypack.dev/-/google-protobuf@v3.21.2-YDUqZL2TTSsy2lGtfuND/dist=es2019,mode=imports/optimized/google-protobuf.js:4582:18)
    at Function.deserialize (file:///Users/thesayyn/Documents/thesayyn/protoc-gen-ts/target/debug/build/protoc_gen_ts-8cec2bec66276c47/out/test_conformance/test_messages_proto2.ts:232:54)
    at file:///Users/thesayyn/Documents/thesayyn/protoc-gen-ts/tests/conformance/bin/main.ts:30:78

  protobuf_test_messages.proto2.TestAllTypesProto2 1
  Error: Assertion failed
    at Object.jspb.asserts.doAssertFailure (https://cdn.skypack.dev/-/google-protobuf@v3.21.2-YDUqZL2TTSsy2lGtfuND/dist=es2019,mode=imports/optimized/google-protobuf.js:778:11)
    at Object.jspb.asserts.assert (https://cdn.skypack.dev/-/google-protobuf@v3.21.2-YDUqZL2TTSsy2lGtfuND/dist=es2019,mode=imports/optimized/google-protobuf.js:783:23)
    at jspb.BinaryReader.readFixed32 (https://cdn.skypack.dev/-/google-protobuf@v3.21.2-YDUqZL2TTSsy2lGtfuND/dist=es2019,mode=imports/optimized/google-protobuf.js:4582:18)
    at Function.deserialize (file:///Users/thesayyn/Documents/thesayyn/protoc-gen-ts/target/debug/build/protoc_gen_ts-8cec2bec66276c47/out/test_conformance/test_messages_proto2.ts:232:54)
    at file:///Users/thesayyn/Documents/thesayyn/protoc-gen-ts/tests/conformance/bin/main.ts:30:78

  protobuf_test_messages.proto2.TestAllTypesProto2 1
  Error: Assertion failed
    at Object.jspb.asserts.doAssertFailure (https://cdn.skypack.dev/-/google-protobuf@v3.21.2-YDUqZL2TTSsy2lGtfuND/dist=es2019,mode=imports/optimized/google-protobuf.js:778:11)
    at Object.jspb.asserts.assert (https://cdn.skypack.dev/-/google-protobuf@v3.21.2-YDUqZL2TTSsy2lGtfuND/dist=es2019,mode=imports/optimized/google-protobuf.js:783:23)
    at jspb.BinaryReader.readFixed32 (https://cdn.skypack.dev/-/google-protobuf@v3.21.2-YDUqZL2TTSsy2lGtfuND/dist=es2019,mode=imports/optimized/google-protobuf.js:4582:18)
    at Function.deserialize (file:///Users/thesayyn/Documents/thesayyn/protoc-gen-ts/target/debug/build/protoc_gen_ts-8cec2bec66276c47/out/test_conformance/test_messages_proto2.ts:232:54)
    at file:///Users/thesayyn/Documents/thesayyn/protoc-gen-ts/tests/conformance/bin/main.ts:30:78

  protobuf_test_messages.proto3.TestAllTypesProto3 1
  Error: Assertion failed
    at Object.jspb.asserts.doAssertFailure (https://cdn.skypack.dev/-/google-protobuf@v3.21.2-YDUqZL2TTSsy2lGtfuND/dist=es2019,mode=imports/optimized/google-protobuf.js:778:11)
    at Object.jspb.asserts.assert (https://cdn.skypack.dev/-/google-protobuf@v3.21.2-YDUqZL2TTSsy2lGtfuND/dist=es2019,mode=imports/optimized/google-protobuf.js:783:23)
    at jspb.BinaryReader.readFixed32 (https://cdn.skypack.dev/-/google-protobuf@v3.21.2-YDUqZL2TTSsy2lGtfuND/dist=es2019,mode=imports/optimized/google-protobuf.js:4582:18)
    at Function.deserialize (file:///Users/thesayyn/Documents/thesayyn/protoc-gen-ts/target/debug/build/protoc_gen_ts-8cec2bec66276c47/out/test_conformance/test_messages_proto3.ts:393:54)
    at file:///Users/thesayyn/Documents/thesayyn/protoc-gen-ts/tests/conformance/bin/main.ts:23:78

  protobuf_test_messages.proto2.TestAllTypesProto2 1
  Error: Assertion failed
    at Object.jspb.asserts.doAssertFailure (https://cdn.skypack.dev/-/google-protobuf@v3.21.2-YDUqZL2TTSsy2lGtfuND/dist=es2019,mode=imports/optimized/google-protobuf.js:778:11)
    at Object.jspb.asserts.assert (https://cdn.skypack.dev/-/google-protobuf@v3.21.2-YDUqZL2TTSsy2lGtfuND/dist=es2019,mode=imports/optimized/google-protobuf.js:783:23)
    at jspb.BinaryWriter.writeSfixed64 (https://cdn.skypack.dev/-/google-protobuf@v3.21.2-YDUqZL2TTSsy2lGtfuND/dist=es2019,mode=imports/optimized/google-protobuf.js:5270:32)
    at protobuf_test_messages_proto2_TestAllTypesProto2.serialize (file:///Users/thesayyn/Documents/thesayyn/protoc-gen-ts/target/debug/build/protoc_gen_ts-8cec2bec66276c47/out/test_conformance/test_messages_proto2.ts:900:16)
    at file:///Users/thesayyn/Documents/thesayyn/protoc-gen-ts/tests/conformance/bin/main.ts:31:44

  protobuf_test_messages.proto2.TestAllTypesProto2 1
  Error: Assertion failed
    at Object.jspb.asserts.doAssertFailure (https://cdn.skypack.dev/-/google-protobuf@v3.21.2-YDUqZL2TTSsy2lGtfuND/dist=es2019,mode=imports/optimized/google-protobuf.js:778:11)
    at Object.jspb.asserts.assert (https://cdn.skypack.dev/-/google-protobuf@v3.21.2-YDUqZL2TTSsy2lGtfuND/dist=es2019,mode=imports/optimized/google-protobuf.js:783:23)
    at jspb.BinaryWriter.writeSfixed64 (https://cdn.skypack.dev/-/google-protobuf@v3.21.2-YDUqZL2TTSsy2lGtfuND/dist=es2019,mode=imports/optimized/google-protobuf.js:5270:32)
    at protobuf_test_messages_proto2_TestAllTypesProto2.serialize (file:///Users/thesayyn/Documents/thesayyn/protoc-gen-ts/target/debug/build/protoc_gen_ts-8cec2bec66276c47/out/test_conformance/test_messages_proto2.ts:900:16)
    at file:///Users/thesayyn/Documents/thesayyn/protoc-gen-ts/tests/conformance/bin/main.ts:31:44

  protobuf_test_messages.proto2.TestAllTypesProto2 1
  Error: Assertion failed
    at Object.jspb.asserts.doAssertFailure (https://cdn.skypack.dev/-/google-protobuf@v3.21.2-YDUqZL2TTSsy2lGtfuND/dist=es2019,mode=imports/optimized/google-protobuf.js:778:11)
    at Object.jspb.asserts.assert (https://cdn.skypack.dev/-/google-protobuf@v3.21.2-YDUqZL2TTSsy2lGtfuND/dist=es2019,mode=imports/optimized/google-protobuf.js:783:23)
    at jspb.BinaryWriter.writeSfixed64 (https://cdn.skypack.dev/-/google-protobuf@v3.21.2-YDUqZL2TTSsy2lGtfuND/dist=es2019,mode=imports/optimized/google-protobuf.js:5270:32)
    at protobuf_test_messages_proto2_TestAllTypesProto2.serialize (file:///Users/thesayyn/Documents/thesayyn/protoc-gen-ts/target/debug/build/protoc_gen_ts-8cec2bec66276c47/out/test_conformance/test_messages_proto2.ts:969:16)
    at file:///Users/thesayyn/Documents/thesayyn/protoc-gen-ts/tests/conformance/bin/main.ts:31:44

  protobuf_test_messages.proto2.TestAllTypesProto2 1
  Error: Assertion failed
    at Object.jspb.asserts.doAssertFailure (https://cdn.skypack.dev/-/google-protobuf@v3.21.2-YDUqZL2TTSsy2lGtfuND/dist=es2019,mode=imports/optimized/google-protobuf.js:778:11)
    at Object.jspb.asserts.assert (https://cdn.skypack.dev/-/google-protobuf@v3.21.2-YDUqZL2TTSsy2lGtfuND/dist=es2019,mode=imports/optimized/google-protobuf.js:783:23)
    at jspb.BinaryReader.readSfixed64 (https://cdn.skypack.dev/-/google-protobuf@v3.21.2-YDUqZL2TTSsy2lGtfuND/dist=es2019,mode=imports/optimized/google-protobuf.js:4605:18)
    at Function.deserialize (file:///Users/thesayyn/Documents/thesayyn/protoc-gen-ts/target/debug/build/protoc_gen_ts-8cec2bec66276c47/out/test_conformance/test_messages_proto2.ts:241:55)
    at file:///Users/thesayyn/Documents/thesayyn/protoc-gen-ts/tests/conformance/bin/main.ts:30:78

  protobuf_test_messages.proto2.TestAllTypesProto2 1
  Error: Assertion failed
    at Object.jspb.asserts.doAssertFailure (https://cdn.skypack.dev/-/google-protobuf@v3.21.2-YDUqZL2TTSsy2lGtfuND/dist=es2019,mode=imports/optimized/google-protobuf.js:778:11)
    at Object.jspb.asserts.assert (https://cdn.skypack.dev/-/google-protobuf@v3.21.2-YDUqZL2TTSsy2lGtfuND/dist=es2019,mode=imports/optimized/google-protobuf.js:783:23)
    at jspb.BinaryWriter.writeSfixed64 (https://cdn.skypack.dev/-/google-protobuf@v3.21.2-YDUqZL2TTSsy2lGtfuND/dist=es2019,mode=imports/optimized/google-protobuf.js:5270:32)
    at protobuf_test_messages_proto2_TestAllTypesProto2.serialize (file:///Users/thesayyn/Documents/thesayyn/protoc-gen-ts/target/debug/build/protoc_gen_ts-8cec2bec66276c47/out/test_conformance/test_messages_proto2.ts:969:16)
    at file:///Users/thesayyn/Documents/thesayyn/protoc-gen-ts/tests/conformance/bin/main.ts:31:44

  protobuf_test_messages.proto2.TestAllTypesProto2 1
  Error: Assertion failed
    at Object.jspb.asserts.doAssertFailure (https://cdn.skypack.dev/-/google-protobuf@v3.21.2-YDUqZL2TTSsy2lGtfuND/dist=es2019,mode=imports/optimized/google-protobuf.js:778:11)
    at Object.jspb.asserts.assert (https://cdn.skypack.dev/-/google-protobuf@v3.21.2-YDUqZL2TTSsy2lGtfuND/dist=es2019,mode=imports/optimized/google-protobuf.js:783:23)
    at jspb.BinaryReader.readSfixed64 (https://cdn.skypack.dev/-/google-protobuf@v3.21.2-YDUqZL2TTSsy2lGtfuND/dist=es2019,mode=imports/optimized/google-protobuf.js:4605:18)
    at Function.deserialize (file:///Users/thesayyn/Documents/thesayyn/protoc-gen-ts/target/debug/build/protoc_gen_ts-8cec2bec66276c47/out/test_conformance/test_messages_proto2.ts:241:55)
    at file:///Users/thesayyn/Documents/thesayyn/protoc-gen-ts/tests/conformance/bin/main.ts:30:78

  protobuf_test_messages.proto2.TestAllTypesProto2 1
  Error: Assertion failed
    at Object.jspb.asserts.doAssertFailure (https://cdn.skypack.dev/-/google-protobuf@v3.21.2-YDUqZL2TTSsy2lGtfuND/dist=es2019,mode=imports/optimized/google-protobuf.js:778:11)
    at Object.jspb.asserts.assert (https://cdn.skypack.dev/-/google-protobuf@v3.21.2-YDUqZL2TTSsy2lGtfuND/dist=es2019,mode=imports/optimized/google-protobuf.js:783:23)
    at jspb.BinaryEncoder.writeInt64 (https://cdn.skypack.dev/-/google-protobuf@v3.21.2-YDUqZL2TTSsy2lGtfuND/dist=es2019,mode=imports/optimized/google-protobuf.js:4886:18)
    at jspb.BinaryWriter.writePackedSfixed64 (https://cdn.skypack.dev/-/google-protobuf@v3.21.2-YDUqZL2TTSsy2lGtfuND/dist=es2019,mode=imports/optimized/google-protobuf.js:5669:23)
    at protobuf_test_messages_proto2_TestAllTypesProto2.serialize (file:///Users/thesayyn/Documents/thesayyn/protoc-gen-ts/target/debug/build/protoc_gen_ts-8cec2bec66276c47/out/test_conformance/test_messages_proto2.ts:1034:16)
    at file:///Users/thesayyn/Documents/thesayyn/protoc-gen-ts/tests/conformance/bin/main.ts:31:44

  protobuf_test_messages.proto2.TestAllTypesProto2 1
  Error: Assertion failed
    at Object.jspb.asserts.doAssertFailure (https://cdn.skypack.dev/-/google-protobuf@v3.21.2-YDUqZL2TTSsy2lGtfuND/dist=es2019,mode=imports/optimized/google-protobuf.js:778:11)
    at Object.jspb.asserts.assert (https://cdn.skypack.dev/-/google-protobuf@v3.21.2-YDUqZL2TTSsy2lGtfuND/dist=es2019,mode=imports/optimized/google-protobuf.js:783:23)
    at jspb.BinaryEncoder.writeInt64 (https://cdn.skypack.dev/-/google-protobuf@v3.21.2-YDUqZL2TTSsy2lGtfuND/dist=es2019,mode=imports/optimized/google-protobuf.js:4886:18)
    at jspb.BinaryWriter.writePackedSfixed64 (https://cdn.skypack.dev/-/google-protobuf@v3.21.2-YDUqZL2TTSsy2lGtfuND/dist=es2019,mode=imports/optimized/google-protobuf.js:5669:23)
    at protobuf_test_messages_proto2_TestAllTypesProto2.serialize (file:///Users/thesayyn/Documents/thesayyn/protoc-gen-ts/target/debug/build/protoc_gen_ts-8cec2bec66276c47/out/test_conformance/test_messages_proto2.ts:1034:16)
    at file:///Users/thesayyn/Documents/thesayyn/protoc-gen-ts/tests/conformance/bin/main.ts:31:44

  protobuf_test_messages.proto2.TestAllTypesProto2 1
  Error: Assertion failed
    at Object.jspb.asserts.doAssertFailure (https://cdn.skypack.dev/-/google-protobuf@v3.21.2-YDUqZL2TTSsy2lGtfuND/dist=es2019,mode=imports/optimized/google-protobuf.js:778:11)
    at Object.jspb.asserts.assert (https://cdn.skypack.dev/-/google-protobuf@v3.21.2-YDUqZL2TTSsy2lGtfuND/dist=es2019,mode=imports/optimized/google-protobuf.js:783:23)
    at jspb.BinaryWriter.writeSfixed64 (https://cdn.skypack.dev/-/google-protobuf@v3.21.2-YDUqZL2TTSsy2lGtfuND/dist=es2019,mode=imports/optimized/google-protobuf.js:5270:32)
    at protobuf_test_messages_proto2_TestAllTypesProto2.serialize (file:///Users/thesayyn/Documents/thesayyn/protoc-gen-ts/target/debug/build/protoc_gen_ts-8cec2bec66276c47/out/test_conformance/test_messages_proto2.ts:969:16)
    at file:///Users/thesayyn/Documents/thesayyn/protoc-gen-ts/tests/conformance/bin/main.ts:31:44

  protobuf_test_messages.proto2.TestAllTypesProto2 1
  Error: Assertion failed
    at Object.jspb.asserts.doAssertFailure (https://cdn.skypack.dev/-/google-protobuf@v3.21.2-YDUqZL2TTSsy2lGtfuND/dist=es2019,mode=imports/optimized/google-protobuf.js:778:11)
    at Object.jspb.asserts.assert (https://cdn.skypack.dev/-/google-protobuf@v3.21.2-YDUqZL2TTSsy2lGtfuND/dist=es2019,mode=imports/optimized/google-protobuf.js:783:23)
    at jspb.BinaryReader.readSfixed64 (https://cdn.skypack.dev/-/google-protobuf@v3.21.2-YDUqZL2TTSsy2lGtfuND/dist=es2019,mode=imports/optimized/google-protobuf.js:4605:18)
    at Function.deserialize (file:///Users/thesayyn/Documents/thesayyn/protoc-gen-ts/target/debug/build/protoc_gen_ts-8cec2bec66276c47/out/test_conformance/test_messages_proto2.ts:241:55)
    at file:///Users/thesayyn/Documents/thesayyn/protoc-gen-ts/tests/conformance/bin/main.ts:30:78

  protobuf_test_messages.proto3.TestAllTypesProto3 1
  Error: Assertion failed
    at Object.jspb.asserts.doAssertFailure (https://cdn.skypack.dev/-/google-protobuf@v3.21.2-YDUqZL2TTSsy2lGtfuND/dist=es2019,mode=imports/optimized/google-protobuf.js:778:11)
    at Object.jspb.asserts.assert (https://cdn.skypack.dev/-/google-protobuf@v3.21.2-YDUqZL2TTSsy2lGtfuND/dist=es2019,mode=imports/optimized/google-protobuf.js:783:23)
    at jspb.BinaryWriter.writeSfixed64 (https://cdn.skypack.dev/-/google-protobuf@v3.21.2-YDUqZL2TTSsy2lGtfuND/dist=es2019,mode=imports/optimized/google-protobuf.js:5270:32)
    at protobuf_test_messages_proto3_TestAllTypesProto3.serialize (file:///Users/thesayyn/Documents/thesayyn/protoc-gen-ts/target/debug/build/protoc_gen_ts-8cec2bec66276c47/out/test_conformance/test_messages_proto3.ts:993:16)
    at file:///Users/thesayyn/Documents/thesayyn/protoc-gen-ts/tests/conformance/bin/main.ts:24:44

  protobuf_test_messages.proto3.TestAllTypesProto3 1
  Error: Assertion failed
    at Object.jspb.asserts.doAssertFailure (https://cdn.skypack.dev/-/google-protobuf@v3.21.2-YDUqZL2TTSsy2lGtfuND/dist=es2019,mode=imports/optimized/google-protobuf.js:778:11)
    at Object.jspb.asserts.assert (https://cdn.skypack.dev/-/google-protobuf@v3.21.2-YDUqZL2TTSsy2lGtfuND/dist=es2019,mode=imports/optimized/google-protobuf.js:783:23)
    at jspb.BinaryWriter.writeSfixed64 (https://cdn.skypack.dev/-/google-protobuf@v3.21.2-YDUqZL2TTSsy2lGtfuND/dist=es2019,mode=imports/optimized/google-protobuf.js:5270:32)
    at protobuf_test_messages_proto3_TestAllTypesProto3.serialize (file:///Users/thesayyn/Documents/thesayyn/protoc-gen-ts/target/debug/build/protoc_gen_ts-8cec2bec66276c47/out/test_conformance/test_messages_proto3.ts:993:16)
    at file:///Users/thesayyn/Documents/thesayyn/protoc-gen-ts/tests/conformance/bin/main.ts:24:44

  protobuf_test_messages.proto3.TestAllTypesProto3 1
  Error: Assertion failed
    at Object.jspb.asserts.doAssertFailure (https://cdn.skypack.dev/-/google-protobuf@v3.21.2-YDUqZL2TTSsy2lGtfuND/dist=es2019,mode=imports/optimized/google-protobuf.js:778:11)
    at Object.jspb.asserts.assert (https://cdn.skypack.dev/-/google-protobuf@v3.21.2-YDUqZL2TTSsy2lGtfuND/dist=es2019,mode=imports/optimized/google-protobuf.js:783:23)
    at jspb.BinaryEncoder.writeInt64 (https://cdn.skypack.dev/-/google-protobuf@v3.21.2-YDUqZL2TTSsy2lGtfuND/dist=es2019,mode=imports/optimized/google-protobuf.js:4886:18)
    at jspb.BinaryWriter.writePackedSfixed64 (https://cdn.skypack.dev/-/google-protobuf@v3.21.2-YDUqZL2TTSsy2lGtfuND/dist=es2019,mode=imports/optimized/google-protobuf.js:5669:23)
    at protobuf_test_messages_proto3_TestAllTypesProto3.serialize (file:///Users/thesayyn/Documents/thesayyn/protoc-gen-ts/target/debug/build/protoc_gen_ts-8cec2bec66276c47/out/test_conformance/test_messages_proto3.ts:1065:16)
    at file:///Users/thesayyn/Documents/thesayyn/protoc-gen-ts/tests/conformance/bin/main.ts:24:44

  protobuf_test_messages.proto3.TestAllTypesProto3 1
  Error: Assertion failed
    at Object.jspb.asserts.doAssertFailure (https://cdn.skypack.dev/-/google-protobuf@v3.21.2-YDUqZL2TTSsy2lGtfuND/dist=es2019,mode=imports/optimized/google-protobuf.js:778:11)
    at Object.jspb.asserts.assert (https://cdn.skypack.dev/-/google-protobuf@v3.21.2-YDUqZL2TTSsy2lGtfuND/dist=es2019,mode=imports/optimized/google-protobuf.js:783:23)
    at jspb.BinaryEncoder.writeInt64 (https://cdn.skypack.dev/-/google-protobuf@v3.21.2-YDUqZL2TTSsy2lGtfuND/dist=es2019,mode=imports/optimized/google-protobuf.js:4886:18)
    at jspb.BinaryWriter.writePackedSfixed64 (https://cdn.skypack.dev/-/google-protobuf@v3.21.2-YDUqZL2TTSsy2lGtfuND/dist=es2019,mode=imports/optimized/google-protobuf.js:5669:23)
    at protobuf_test_messages_proto3_TestAllTypesProto3.serialize (file:///Users/thesayyn/Documents/thesayyn/protoc-gen-ts/target/debug/build/protoc_gen_ts-8cec2bec66276c47/out/test_conformance/test_messages_proto3.ts:1065:16)
    at file:///Users/thesayyn/Documents/thesayyn/protoc-gen-ts/tests/conformance/bin/main.ts:24:44

  protobuf_test_messages.proto3.TestAllTypesProto3 1
  Error: Assertion failed
    at Object.jspb.asserts.doAssertFailure (https://cdn.skypack.dev/-/google-protobuf@v3.21.2-YDUqZL2TTSsy2lGtfuND/dist=es2019,mode=imports/optimized/google-protobuf.js:778:11)
    at Object.jspb.asserts.assert (https://cdn.skypack.dev/-/google-protobuf@v3.21.2-YDUqZL2TTSsy2lGtfuND/dist=es2019,mode=imports/optimized/google-protobuf.js:783:23)
    at jspb.BinaryEncoder.writeInt64 (https://cdn.skypack.dev/-/google-protobuf@v3.21.2-YDUqZL2TTSsy2lGtfuND/dist=es2019,mode=imports/optimized/google-protobuf.js:4886:18)
    at jspb.BinaryWriter.writePackedSfixed64 (https://cdn.skypack.dev/-/google-protobuf@v3.21.2-YDUqZL2TTSsy2lGtfuND/dist=es2019,mode=imports/optimized/google-protobuf.js:5669:23)
    at protobuf_test_messages_proto3_TestAllTypesProto3.serialize (file:///Users/thesayyn/Documents/thesayyn/protoc-gen-ts/target/debug/build/protoc_gen_ts-8cec2bec66276c47/out/test_conformance/test_messages_proto3.ts:1065:16)
    at file:///Users/thesayyn/Documents/thesayyn/protoc-gen-ts/tests/conformance/bin/main.ts:24:44

  protobuf_test_messages.proto3.TestAllTypesProto3 1
  Error: Assertion failed
    at Object.jspb.asserts.doAssertFailure (https://cdn.skypack.dev/-/google-protobuf@v3.21.2-YDUqZL2TTSsy2lGtfuND/dist=es2019,mode=imports/optimized/google-protobuf.js:778:11)
    at Object.jspb.asserts.assert (https://cdn.skypack.dev/-/google-protobuf@v3.21.2-YDUqZL2TTSsy2lGtfuND/dist=es2019,mode=imports/optimized/google-protobuf.js:783:23)
    at jspb.BinaryEncoder.writeInt64 (https://cdn.skypack.dev/-/google-protobuf@v3.21.2-YDUqZL2TTSsy2lGtfuND/dist=es2019,mode=imports/optimized/google-protobuf.js:4886:18)
    at jspb.BinaryWriter.writePackedSfixed64 (https://cdn.skypack.dev/-/google-protobuf@v3.21.2-YDUqZL2TTSsy2lGtfuND/dist=es2019,mode=imports/optimized/google-protobuf.js:5669:23)
    at protobuf_test_messages_proto3_TestAllTypesProto3.serialize (file:///Users/thesayyn/Documents/thesayyn/protoc-gen-ts/target/debug/build/protoc_gen_ts-8cec2bec66276c47/out/test_conformance/test_messages_proto3.ts:1065:16)
    at file:///Users/thesayyn/Documents/thesayyn/protoc-gen-ts/tests/conformance/bin/main.ts:24:44

  protobuf_test_messages.proto3.TestAllTypesProto3 1
  Error: Assertion failed
    at Object.jspb.asserts.doAssertFailure (https://cdn.skypack.dev/-/google-protobuf@v3.21.2-YDUqZL2TTSsy2lGtfuND/dist=es2019,mode=imports/optimized/google-protobuf.js:778:11)
    at Object.jspb.asserts.assert (https://cdn.skypack.dev/-/google-protobuf@v3.21.2-YDUqZL2TTSsy2lGtfuND/dist=es2019,mode=imports/optimized/google-protobuf.js:783:23)
    at jspb.BinaryEncoder.writeInt64 (https://cdn.skypack.dev/-/google-protobuf@v3.21.2-YDUqZL2TTSsy2lGtfuND/dist=es2019,mode=imports/optimized/google-protobuf.js:4886:18)
    at jspb.BinaryWriter.writePackedSfixed64 (https://cdn.skypack.dev/-/google-protobuf@v3.21.2-YDUqZL2TTSsy2lGtfuND/dist=es2019,mode=imports/optimized/google-protobuf.js:5669:23)
    at protobuf_test_messages_proto3_TestAllTypesProto3.serialize (file:///Users/thesayyn/Documents/thesayyn/protoc-gen-ts/target/debug/build/protoc_gen_ts-8cec2bec66276c47/out/test_conformance/test_messages_proto3.ts:1065:16)
    at file:///Users/thesayyn/Documents/thesayyn/protoc-gen-ts/tests/conformance/bin/main.ts:24:44

  protobuf_test_messages.proto3.TestAllTypesProto3 1
  Error: Assertion failed
    at Object.jspb.asserts.doAssertFailure (https://cdn.skypack.dev/-/google-protobuf@v3.21.2-YDUqZL2TTSsy2lGtfuND/dist=es2019,mode=imports/optimized/google-protobuf.js:778:11)
    at Object.jspb.asserts.assert (https://cdn.skypack.dev/-/google-protobuf@v3.21.2-YDUqZL2TTSsy2lGtfuND/dist=es2019,mode=imports/optimized/google-protobuf.js:783:23)
    at jspb.BinaryEncoder.writeInt64 (https://cdn.skypack.dev/-/google-protobuf@v3.21.2-YDUqZL2TTSsy2lGtfuND/dist=es2019,mode=imports/optimized/google-protobuf.js:4886:18)
    at jspb.BinaryWriter.writePackedSfixed64 (https://cdn.skypack.dev/-/google-protobuf@v3.21.2-YDUqZL2TTSsy2lGtfuND/dist=es2019,mode=imports/optimized/google-protobuf.js:5669:23)
    at protobuf_test_messages_proto3_TestAllTypesProto3.serialize (file:///Users/thesayyn/Documents/thesayyn/protoc-gen-ts/target/debug/build/protoc_gen_ts-8cec2bec66276c47/out/test_conformance/test_messages_proto3.ts:1065:16)
    at file:///Users/thesayyn/Documents/thesayyn/protoc-gen-ts/tests/conformance/bin/main.ts:24:44

  protobuf_test_messages.proto3.TestAllTypesProto3 1
  Error: Assertion failed
    at Object.jspb.asserts.doAssertFailure (https://cdn.skypack.dev/-/google-protobuf@v3.21.2-YDUqZL2TTSsy2lGtfuND/dist=es2019,mode=imports/optimized/google-protobuf.js:778:11)
    at Object.jspb.asserts.assert (https://cdn.skypack.dev/-/google-protobuf@v3.21.2-YDUqZL2TTSsy2lGtfuND/dist=es2019,mode=imports/optimized/google-protobuf.js:783:23)
    at jspb.BinaryWriter.writeSfixed64 (https://cdn.skypack.dev/-/google-protobuf@v3.21.2-YDUqZL2TTSsy2lGtfuND/dist=es2019,mode=imports/optimized/google-protobuf.js:5270:32)
    at protobuf_test_messages_proto3_TestAllTypesProto3.serialize (file:///Users/thesayyn/Documents/thesayyn/protoc-gen-ts/target/debug/build/protoc_gen_ts-8cec2bec66276c47/out/test_conformance/test_messages_proto3.ts:1172:16)
    at file:///Users/thesayyn/Documents/thesayyn/protoc-gen-ts/tests/conformance/bin/main.ts:24:44

  protobuf_test_messages.proto3.TestAllTypesProto3 1
  Error: Assertion failed
    at Object.jspb.asserts.doAssertFailure (https://cdn.skypack.dev/-/google-protobuf@v3.21.2-YDUqZL2TTSsy2lGtfuND/dist=es2019,mode=imports/optimized/google-protobuf.js:778:11)
    at Object.jspb.asserts.assert (https://cdn.skypack.dev/-/google-protobuf@v3.21.2-YDUqZL2TTSsy2lGtfuND/dist=es2019,mode=imports/optimized/google-protobuf.js:783:23)
    at jspb.BinaryReader.readSfixed64 (https://cdn.skypack.dev/-/google-protobuf@v3.21.2-YDUqZL2TTSsy2lGtfuND/dist=es2019,mode=imports/optimized/google-protobuf.js:4605:18)
    at Function.deserialize (file:///Users/thesayyn/Documents/thesayyn/protoc-gen-ts/target/debug/build/protoc_gen_ts-8cec2bec66276c47/out/test_conformance/test_messages_proto3.ts:402:55)
    at file:///Users/thesayyn/Documents/thesayyn/protoc-gen-ts/tests/conformance/bin/main.ts:23:78

  protobuf_test_messages.proto2.TestAllTypesProto2 1
  Error: Assertion failed
    at Object.jspb.asserts.doAssertFailure (https://cdn.skypack.dev/-/google-protobuf@v3.21.2-YDUqZL2TTSsy2lGtfuND/dist=es2019,mode=imports/optimized/google-protobuf.js:778:11)
    at Object.jspb.asserts.assert (https://cdn.skypack.dev/-/google-protobuf@v3.21.2-YDUqZL2TTSsy2lGtfuND/dist=es2019,mode=imports/optimized/google-protobuf.js:783:23)
    at jspb.BinaryReader.readSfixed32 (https://cdn.skypack.dev/-/google-protobuf@v3.21.2-YDUqZL2TTSsy2lGtfuND/dist=es2019,mode=imports/optimized/google-protobuf.js:4596:18)
    at Function.deserialize (file:///Users/thesayyn/Documents/thesayyn/protoc-gen-ts/target/debug/build/protoc_gen_ts-8cec2bec66276c47/out/test_conformance/test_messages_proto2.ts:238:55)
    at file:///Users/thesayyn/Documents/thesayyn/protoc-gen-ts/tests/conformance/bin/main.ts:30:78

  protobuf_test_messages.proto2.TestAllTypesProto2 1
  Error: Assertion failed
    at Object.jspb.asserts.doAssertFailure (https://cdn.skypack.dev/-/google-protobuf@v3.21.2-YDUqZL2TTSsy2lGtfuND/dist=es2019,mode=imports/optimized/google-protobuf.js:778:11)
    at Object.jspb.asserts.assert (https://cdn.skypack.dev/-/google-protobuf@v3.21.2-YDUqZL2TTSsy2lGtfuND/dist=es2019,mode=imports/optimized/google-protobuf.js:783:23)
    at jspb.BinaryReader.readSfixed32 (https://cdn.skypack.dev/-/google-protobuf@v3.21.2-YDUqZL2TTSsy2lGtfuND/dist=es2019,mode=imports/optimized/google-protobuf.js:4596:18)
    at Function.deserialize (file:///Users/thesayyn/Documents/thesayyn/protoc-gen-ts/target/debug/build/protoc_gen_ts-8cec2bec66276c47/out/test_conformance/test_messages_proto2.ts:238:55)
    at file:///Users/thesayyn/Documents/thesayyn/protoc-gen-ts/tests/conformance/bin/main.ts:30:78

  protobuf_test_messages.proto2.TestAllTypesProto2 1
  Error: Assertion failed
    at Object.jspb.asserts.doAssertFailure (https://cdn.skypack.dev/-/google-protobuf@v3.21.2-YDUqZL2TTSsy2lGtfuND/dist=es2019,mode=imports/optimized/google-protobuf.js:778:11)
    at Object.jspb.asserts.assert (https://cdn.skypack.dev/-/google-protobuf@v3.21.2-YDUqZL2TTSsy2lGtfuND/dist=es2019,mode=imports/optimized/google-protobuf.js:783:23)
    at jspb.BinaryReader.readSfixed32 (https://cdn.skypack.dev/-/google-protobuf@v3.21.2-YDUqZL2TTSsy2lGtfuND/dist=es2019,mode=imports/optimized/google-protobuf.js:4596:18)
    at Function.deserialize (file:///Users/thesayyn/Documents/thesayyn/protoc-gen-ts/target/debug/build/protoc_gen_ts-8cec2bec66276c47/out/test_conformance/test_messages_proto2.ts:238:55)
    at file:///Users/thesayyn/Documents/thesayyn/protoc-gen-ts/tests/conformance/bin/main.ts:30:78

  protobuf_test_messages.proto3.TestAllTypesProto3 1
  Error: Assertion failed
    at Object.jspb.asserts.doAssertFailure (https://cdn.skypack.dev/-/google-protobuf@v3.21.2-YDUqZL2TTSsy2lGtfuND/dist=es2019,mode=imports/optimized/google-protobuf.js:778:11)
    at Object.jspb.asserts.assert (https://cdn.skypack.dev/-/google-protobuf@v3.21.2-YDUqZL2TTSsy2lGtfuND/dist=es2019,mode=imports/optimized/google-protobuf.js:783:23)
    at jspb.BinaryReader.readSfixed32 (https://cdn.skypack.dev/-/google-protobuf@v3.21.2-YDUqZL2TTSsy2lGtfuND/dist=es2019,mode=imports/optimized/google-protobuf.js:4596:18)
    at Function.deserialize (file:///Users/thesayyn/Documents/thesayyn/protoc-gen-ts/target/debug/build/protoc_gen_ts-8cec2bec66276c47/out/test_conformance/test_messages_proto3.ts:399:55)
    at file:///Users/thesayyn/Documents/thesayyn/protoc-gen-ts/tests/conformance/bin/main.ts:23:78

  protobuf_test_messages.proto2.TestAllTypesProto2 1
  Error: Assertion failed
    at Object.jspb.asserts.doAssertFailure (https://cdn.skypack.dev/-/google-protobuf@v3.21.2-YDUqZL2TTSsy2lGtfuND/dist=es2019,mode=imports/optimized/google-protobuf.js:778:11)
    at Object.jspb.asserts.assert (https://cdn.skypack.dev/-/google-protobuf@v3.21.2-YDUqZL2TTSsy2lGtfuND/dist=es2019,mode=imports/optimized/google-protobuf.js:783:23)
    at jspb.BinaryReader.readBool (https://cdn.skypack.dev/-/google-protobuf@v3.21.2-YDUqZL2TTSsy2lGtfuND/dist=es2019,mode=imports/optimized/google-protobuf.js:4624:18)
    at Function.deserialize (file:///Users/thesayyn/Documents/thesayyn/protoc-gen-ts/target/debug/build/protoc_gen_ts-8cec2bec66276c47/out/test_conformance/test_messages_proto2.ts:250:51)
    at file:///Users/thesayyn/Documents/thesayyn/protoc-gen-ts/tests/conformance/bin/main.ts:30:78

  protobuf_test_messages.proto2.TestAllTypesProto2 1
  Error: Assertion failed
    at Object.jspb.asserts.doAssertFailure (https://cdn.skypack.dev/-/google-protobuf@v3.21.2-YDUqZL2TTSsy2lGtfuND/dist=es2019,mode=imports/optimized/google-protobuf.js:778:11)
    at Object.jspb.asserts.assert (https://cdn.skypack.dev/-/google-protobuf@v3.21.2-YDUqZL2TTSsy2lGtfuND/dist=es2019,mode=imports/optimized/google-protobuf.js:783:23)
    at jspb.BinaryReader.readBool (https://cdn.skypack.dev/-/google-protobuf@v3.21.2-YDUqZL2TTSsy2lGtfuND/dist=es2019,mode=imports/optimized/google-protobuf.js:4624:18)
    at Function.deserialize (file:///Users/thesayyn/Documents/thesayyn/protoc-gen-ts/target/debug/build/protoc_gen_ts-8cec2bec66276c47/out/test_conformance/test_messages_proto2.ts:250:51)
    at file:///Users/thesayyn/Documents/thesayyn/protoc-gen-ts/tests/conformance/bin/main.ts:30:78

  protobuf_test_messages.proto2.TestAllTypesProto2 1
  Error: Assertion failed
    at Object.jspb.asserts.doAssertFailure (https://cdn.skypack.dev/-/google-protobuf@v3.21.2-YDUqZL2TTSsy2lGtfuND/dist=es2019,mode=imports/optimized/google-protobuf.js:778:11)
    at Object.jspb.asserts.assert (https://cdn.skypack.dev/-/google-protobuf@v3.21.2-YDUqZL2TTSsy2lGtfuND/dist=es2019,mode=imports/optimized/google-protobuf.js:783:23)
    at jspb.BinaryReader.readBool (https://cdn.skypack.dev/-/google-protobuf@v3.21.2-YDUqZL2TTSsy2lGtfuND/dist=es2019,mode=imports/optimized/google-protobuf.js:4624:18)
    at Function.deserialize (file:///Users/thesayyn/Documents/thesayyn/protoc-gen-ts/target/debug/build/protoc_gen_ts-8cec2bec66276c47/out/test_conformance/test_messages_proto2.ts:250:51)
    at file:///Users/thesayyn/Documents/thesayyn/protoc-gen-ts/tests/conformance/bin/main.ts:30:78

  protobuf_test_messages.proto3.TestAllTypesProto3 1
  Error: Assertion failed
    at Object.jspb.asserts.doAssertFailure (https://cdn.skypack.dev/-/google-protobuf@v3.21.2-YDUqZL2TTSsy2lGtfuND/dist=es2019,mode=imports/optimized/google-protobuf.js:778:11)
    at Object.jspb.asserts.assert (https://cdn.skypack.dev/-/google-protobuf@v3.21.2-YDUqZL2TTSsy2lGtfuND/dist=es2019,mode=imports/optimized/google-protobuf.js:783:23)
    at jspb.BinaryReader.readBool (https://cdn.skypack.dev/-/google-protobuf@v3.21.2-YDUqZL2TTSsy2lGtfuND/dist=es2019,mode=imports/optimized/google-protobuf.js:4624:18)
    at Function.deserialize (file:///Users/thesayyn/Documents/thesayyn/protoc-gen-ts/target/debug/build/protoc_gen_ts-8cec2bec66276c47/out/test_conformance/test_messages_proto3.ts:411:51)
    at file:///Users/thesayyn/Documents/thesayyn/protoc-gen-ts/tests/conformance/bin/main.ts:23:78

  protobuf_test_messages.proto2.TestAllTypesProto2 1
  Error: Assertion failed
    at Object.jspb.asserts.doAssertFailure (https://cdn.skypack.dev/-/google-protobuf@v3.21.2-YDUqZL2TTSsy2lGtfuND/dist=es2019,mode=imports/optimized/google-protobuf.js:778:11)
    at Object.jspb.asserts.assert (https://cdn.skypack.dev/-/google-protobuf@v3.21.2-YDUqZL2TTSsy2lGtfuND/dist=es2019,mode=imports/optimized/google-protobuf.js:783:23)
    at jspb.BinaryReader.readSint32 (https://cdn.skypack.dev/-/google-protobuf@v3.21.2-YDUqZL2TTSsy2lGtfuND/dist=es2019,mode=imports/optimized/google-protobuf.js:4568:18)
    at Function.deserialize (file:///Users/thesayyn/Documents/thesayyn/protoc-gen-ts/target/debug/build/protoc_gen_ts-8cec2bec66276c47/out/test_conformance/test_messages_proto2.ts:226:53)
    at file:///Users/thesayyn/Documents/thesayyn/protoc-gen-ts/tests/conformance/bin/main.ts:30:78

  protobuf_test_messages.proto2.TestAllTypesProto2 1
  Error: Assertion failed
    at Object.jspb.asserts.doAssertFailure (https://cdn.skypack.dev/-/google-protobuf@v3.21.2-YDUqZL2TTSsy2lGtfuND/dist=es2019,mode=imports/optimized/google-protobuf.js:778:11)
    at Object.jspb.asserts.assert (https://cdn.skypack.dev/-/google-protobuf@v3.21.2-YDUqZL2TTSsy2lGtfuND/dist=es2019,mode=imports/optimized/google-protobuf.js:783:23)
    at jspb.BinaryReader.readSint32 (https://cdn.skypack.dev/-/google-protobuf@v3.21.2-YDUqZL2TTSsy2lGtfuND/dist=es2019,mode=imports/optimized/google-protobuf.js:4568:18)
    at Function.deserialize (file:///Users/thesayyn/Documents/thesayyn/protoc-gen-ts/target/debug/build/protoc_gen_ts-8cec2bec66276c47/out/test_conformance/test_messages_proto2.ts:226:53)
    at file:///Users/thesayyn/Documents/thesayyn/protoc-gen-ts/tests/conformance/bin/main.ts:30:78

  protobuf_test_messages.proto2.TestAllTypesProto2 1
  Error: Assertion failed
    at Object.jspb.asserts.doAssertFailure (https://cdn.skypack.dev/-/google-protobuf@v3.21.2-YDUqZL2TTSsy2lGtfuND/dist=es2019,mode=imports/optimized/google-protobuf.js:778:11)
    at Object.jspb.asserts.assert (https://cdn.skypack.dev/-/google-protobuf@v3.21.2-YDUqZL2TTSsy2lGtfuND/dist=es2019,mode=imports/optimized/google-protobuf.js:783:23)
    at jspb.BinaryReader.readSint32 (https://cdn.skypack.dev/-/google-protobuf@v3.21.2-YDUqZL2TTSsy2lGtfuND/dist=es2019,mode=imports/optimized/google-protobuf.js:4568:18)
    at Function.deserialize (file:///Users/thesayyn/Documents/thesayyn/protoc-gen-ts/target/debug/build/protoc_gen_ts-8cec2bec66276c47/out/test_conformance/test_messages_proto2.ts:226:53)
    at file:///Users/thesayyn/Documents/thesayyn/protoc-gen-ts/tests/conformance/bin/main.ts:30:78

  protobuf_test_messages.proto3.TestAllTypesProto3 1
  Error: Assertion failed
    at Object.jspb.asserts.doAssertFailure (https://cdn.skypack.dev/-/google-protobuf@v3.21.2-YDUqZL2TTSsy2lGtfuND/dist=es2019,mode=imports/optimized/google-protobuf.js:778:11)
    at Object.jspb.asserts.assert (https://cdn.skypack.dev/-/google-protobuf@v3.21.2-YDUqZL2TTSsy2lGtfuND/dist=es2019,mode=imports/optimized/google-protobuf.js:783:23)
    at jspb.BinaryReader.readSint32 (https://cdn.skypack.dev/-/google-protobuf@v3.21.2-YDUqZL2TTSsy2lGtfuND/dist=es2019,mode=imports/optimized/google-protobuf.js:4568:18)
    at Function.deserialize (file:///Users/thesayyn/Documents/thesayyn/protoc-gen-ts/target/debug/build/protoc_gen_ts-8cec2bec66276c47/out/test_conformance/test_messages_proto3.ts:387:53)
    at file:///Users/thesayyn/Documents/thesayyn/protoc-gen-ts/tests/conformance/bin/main.ts:23:78

  protobuf_test_messages.proto2.TestAllTypesProto2 1
  Error: Assertion failed
    at Object.jspb.asserts.doAssertFailure (https://cdn.skypack.dev/-/google-protobuf@v3.21.2-YDUqZL2TTSsy2lGtfuND/dist=es2019,mode=imports/optimized/google-protobuf.js:778:11)
    at Object.jspb.asserts.assert (https://cdn.skypack.dev/-/google-protobuf@v3.21.2-YDUqZL2TTSsy2lGtfuND/dist=es2019,mode=imports/optimized/google-protobuf.js:783:23)
    at jspb.BinaryWriter.writeSint64 (https://cdn.skypack.dev/-/google-protobuf@v3.21.2-YDUqZL2TTSsy2lGtfuND/dist=es2019,mode=imports/optimized/google-protobuf.js:5245:32)
    at protobuf_test_messages_proto2_TestAllTypesProto2.serialize (file:///Users/thesayyn/Documents/thesayyn/protoc-gen-ts/target/debug/build/protoc_gen_ts-8cec2bec66276c47/out/test_conformance/test_messages_proto2.ts:888:16)
    at file:///Users/thesayyn/Documents/thesayyn/protoc-gen-ts/tests/conformance/bin/main.ts:31:44

  protobuf_test_messages.proto2.TestAllTypesProto2 1
  Error: Assertion failed
    at Object.jspb.asserts.doAssertFailure (https://cdn.skypack.dev/-/google-protobuf@v3.21.2-YDUqZL2TTSsy2lGtfuND/dist=es2019,mode=imports/optimized/google-protobuf.js:778:11)
    at Object.jspb.asserts.assert (https://cdn.skypack.dev/-/google-protobuf@v3.21.2-YDUqZL2TTSsy2lGtfuND/dist=es2019,mode=imports/optimized/google-protobuf.js:783:23)
    at jspb.BinaryWriter.writeSint64 (https://cdn.skypack.dev/-/google-protobuf@v3.21.2-YDUqZL2TTSsy2lGtfuND/dist=es2019,mode=imports/optimized/google-protobuf.js:5245:32)
    at protobuf_test_messages_proto2_TestAllTypesProto2.serialize (file:///Users/thesayyn/Documents/thesayyn/protoc-gen-ts/target/debug/build/protoc_gen_ts-8cec2bec66276c47/out/test_conformance/test_messages_proto2.ts:888:16)
    at file:///Users/thesayyn/Documents/thesayyn/protoc-gen-ts/tests/conformance/bin/main.ts:31:44

  protobuf_test_messages.proto2.TestAllTypesProto2 1
  Error: Assertion failed
    at Object.jspb.asserts.doAssertFailure (https://cdn.skypack.dev/-/google-protobuf@v3.21.2-YDUqZL2TTSsy2lGtfuND/dist=es2019,mode=imports/optimized/google-protobuf.js:778:11)
    at Object.jspb.asserts.assert (https://cdn.skypack.dev/-/google-protobuf@v3.21.2-YDUqZL2TTSsy2lGtfuND/dist=es2019,mode=imports/optimized/google-protobuf.js:783:23)
    at jspb.BinaryWriter.writeSint64 (https://cdn.skypack.dev/-/google-protobuf@v3.21.2-YDUqZL2TTSsy2lGtfuND/dist=es2019,mode=imports/optimized/google-protobuf.js:5245:32)
    at protobuf_test_messages_proto2_TestAllTypesProto2.serialize (file:///Users/thesayyn/Documents/thesayyn/protoc-gen-ts/target/debug/build/protoc_gen_ts-8cec2bec66276c47/out/test_conformance/test_messages_proto2.ts:957:16)
    at file:///Users/thesayyn/Documents/thesayyn/protoc-gen-ts/tests/conformance/bin/main.ts:31:44

  protobuf_test_messages.proto2.TestAllTypesProto2 1
  Error: Assertion failed
    at Object.jspb.asserts.doAssertFailure (https://cdn.skypack.dev/-/google-protobuf@v3.21.2-YDUqZL2TTSsy2lGtfuND/dist=es2019,mode=imports/optimized/google-protobuf.js:778:11)
    at Object.jspb.asserts.assert (https://cdn.skypack.dev/-/google-protobuf@v3.21.2-YDUqZL2TTSsy2lGtfuND/dist=es2019,mode=imports/optimized/google-protobuf.js:783:23)
    at jspb.BinaryReader.readSint64 (https://cdn.skypack.dev/-/google-protobuf@v3.21.2-YDUqZL2TTSsy2lGtfuND/dist=es2019,mode=imports/optimized/google-protobuf.js:4573:18)
    at Function.deserialize (file:///Users/thesayyn/Documents/thesayyn/protoc-gen-ts/target/debug/build/protoc_gen_ts-8cec2bec66276c47/out/test_conformance/test_messages_proto2.ts:229:53)
    at file:///Users/thesayyn/Documents/thesayyn/protoc-gen-ts/tests/conformance/bin/main.ts:30:78

  protobuf_test_messages.proto2.TestAllTypesProto2 1
  Error: Assertion failed
    at Object.jspb.asserts.doAssertFailure (https://cdn.skypack.dev/-/google-protobuf@v3.21.2-YDUqZL2TTSsy2lGtfuND/dist=es2019,mode=imports/optimized/google-protobuf.js:778:11)
    at Object.jspb.asserts.assert (https://cdn.skypack.dev/-/google-protobuf@v3.21.2-YDUqZL2TTSsy2lGtfuND/dist=es2019,mode=imports/optimized/google-protobuf.js:783:23)
    at jspb.BinaryWriter.writeSint64 (https://cdn.skypack.dev/-/google-protobuf@v3.21.2-YDUqZL2TTSsy2lGtfuND/dist=es2019,mode=imports/optimized/google-protobuf.js:5245:32)
    at protobuf_test_messages_proto2_TestAllTypesProto2.serialize (file:///Users/thesayyn/Documents/thesayyn/protoc-gen-ts/target/debug/build/protoc_gen_ts-8cec2bec66276c47/out/test_conformance/test_messages_proto2.ts:957:16)
    at file:///Users/thesayyn/Documents/thesayyn/protoc-gen-ts/tests/conformance/bin/main.ts:31:44

  protobuf_test_messages.proto2.TestAllTypesProto2 1
  Error: Assertion failed
    at Object.jspb.asserts.doAssertFailure (https://cdn.skypack.dev/-/google-protobuf@v3.21.2-YDUqZL2TTSsy2lGtfuND/dist=es2019,mode=imports/optimized/google-protobuf.js:778:11)
    at Object.jspb.asserts.assert (https://cdn.skypack.dev/-/google-protobuf@v3.21.2-YDUqZL2TTSsy2lGtfuND/dist=es2019,mode=imports/optimized/google-protobuf.js:783:23)
    at jspb.BinaryReader.readSint64 (https://cdn.skypack.dev/-/google-protobuf@v3.21.2-YDUqZL2TTSsy2lGtfuND/dist=es2019,mode=imports/optimized/google-protobuf.js:4573:18)
    at Function.deserialize (file:///Users/thesayyn/Documents/thesayyn/protoc-gen-ts/target/debug/build/protoc_gen_ts-8cec2bec66276c47/out/test_conformance/test_messages_proto2.ts:229:53)
    at file:///Users/thesayyn/Documents/thesayyn/protoc-gen-ts/tests/conformance/bin/main.ts:30:78

  protobuf_test_messages.proto2.TestAllTypesProto2 1
  Error: Assertion failed
    at Object.jspb.asserts.doAssertFailure (https://cdn.skypack.dev/-/google-protobuf@v3.21.2-YDUqZL2TTSsy2lGtfuND/dist=es2019,mode=imports/optimized/google-protobuf.js:778:11)
    at Object.jspb.asserts.assert (https://cdn.skypack.dev/-/google-protobuf@v3.21.2-YDUqZL2TTSsy2lGtfuND/dist=es2019,mode=imports/optimized/google-protobuf.js:783:23)
    at jspb.BinaryEncoder.writeZigzagVarint64 (https://cdn.skypack.dev/-/google-protobuf@v3.21.2-YDUqZL2TTSsy2lGtfuND/dist=es2019,mode=imports/optimized/google-protobuf.js:4825:18)
    at jspb.BinaryWriter.writePackedSint64 (https://cdn.skypack.dev/-/google-protobuf@v3.21.2-YDUqZL2TTSsy2lGtfuND/dist=es2019,mode=imports/optimized/google-protobuf.js:5620:23)
    at protobuf_test_messages_proto2_TestAllTypesProto2.serialize (file:///Users/thesayyn/Documents/thesayyn/protoc-gen-ts/target/debug/build/protoc_gen_ts-8cec2bec66276c47/out/test_conformance/test_messages_proto2.ts:1022:16)
    at file:///Users/thesayyn/Documents/thesayyn/protoc-gen-ts/tests/conformance/bin/main.ts:31:44

  protobuf_test_messages.proto2.TestAllTypesProto2 1
  Error: Assertion failed
    at Object.jspb.asserts.doAssertFailure (https://cdn.skypack.dev/-/google-protobuf@v3.21.2-YDUqZL2TTSsy2lGtfuND/dist=es2019,mode=imports/optimized/google-protobuf.js:778:11)
    at Object.jspb.asserts.assert (https://cdn.skypack.dev/-/google-protobuf@v3.21.2-YDUqZL2TTSsy2lGtfuND/dist=es2019,mode=imports/optimized/google-protobuf.js:783:23)
    at jspb.BinaryEncoder.writeZigzagVarint64 (https://cdn.skypack.dev/-/google-protobuf@v3.21.2-YDUqZL2TTSsy2lGtfuND/dist=es2019,mode=imports/optimized/google-protobuf.js:4825:18)
    at jspb.BinaryWriter.writePackedSint64 (https://cdn.skypack.dev/-/google-protobuf@v3.21.2-YDUqZL2TTSsy2lGtfuND/dist=es2019,mode=imports/optimized/google-protobuf.js:5620:23)
    at protobuf_test_messages_proto2_TestAllTypesProto2.serialize (file:///Users/thesayyn/Documents/thesayyn/protoc-gen-ts/target/debug/build/protoc_gen_ts-8cec2bec66276c47/out/test_conformance/test_messages_proto2.ts:1022:16)
    at file:///Users/thesayyn/Documents/thesayyn/protoc-gen-ts/tests/conformance/bin/main.ts:31:44

  protobuf_test_messages.proto2.TestAllTypesProto2 1
  Error: Assertion failed
    at Object.jspb.asserts.doAssertFailure (https://cdn.skypack.dev/-/google-protobuf@v3.21.2-YDUqZL2TTSsy2lGtfuND/dist=es2019,mode=imports/optimized/google-protobuf.js:778:11)
    at Object.jspb.asserts.assert (https://cdn.skypack.dev/-/google-protobuf@v3.21.2-YDUqZL2TTSsy2lGtfuND/dist=es2019,mode=imports/optimized/google-protobuf.js:783:23)
    at jspb.BinaryWriter.writeSint64 (https://cdn.skypack.dev/-/google-protobuf@v3.21.2-YDUqZL2TTSsy2lGtfuND/dist=es2019,mode=imports/optimized/google-protobuf.js:5245:32)
    at protobuf_test_messages_proto2_TestAllTypesProto2.serialize (file:///Users/thesayyn/Documents/thesayyn/protoc-gen-ts/target/debug/build/protoc_gen_ts-8cec2bec66276c47/out/test_conformance/test_messages_proto2.ts:957:16)
    at file:///Users/thesayyn/Documents/thesayyn/protoc-gen-ts/tests/conformance/bin/main.ts:31:44

  protobuf_test_messages.proto2.TestAllTypesProto2 1
  Error: Assertion failed
    at Object.jspb.asserts.doAssertFailure (https://cdn.skypack.dev/-/google-protobuf@v3.21.2-YDUqZL2TTSsy2lGtfuND/dist=es2019,mode=imports/optimized/google-protobuf.js:778:11)
    at Object.jspb.asserts.assert (https://cdn.skypack.dev/-/google-protobuf@v3.21.2-YDUqZL2TTSsy2lGtfuND/dist=es2019,mode=imports/optimized/google-protobuf.js:783:23)
    at jspb.BinaryReader.readSint64 (https://cdn.skypack.dev/-/google-protobuf@v3.21.2-YDUqZL2TTSsy2lGtfuND/dist=es2019,mode=imports/optimized/google-protobuf.js:4573:18)
    at Function.deserialize (file:///Users/thesayyn/Documents/thesayyn/protoc-gen-ts/target/debug/build/protoc_gen_ts-8cec2bec66276c47/out/test_conformance/test_messages_proto2.ts:229:53)
    at file:///Users/thesayyn/Documents/thesayyn/protoc-gen-ts/tests/conformance/bin/main.ts:30:78

  protobuf_test_messages.proto3.TestAllTypesProto3 1
  Error: Assertion failed
    at Object.jspb.asserts.doAssertFailure (https://cdn.skypack.dev/-/google-protobuf@v3.21.2-YDUqZL2TTSsy2lGtfuND/dist=es2019,mode=imports/optimized/google-protobuf.js:778:11)
    at Object.jspb.asserts.assert (https://cdn.skypack.dev/-/google-protobuf@v3.21.2-YDUqZL2TTSsy2lGtfuND/dist=es2019,mode=imports/optimized/google-protobuf.js:783:23)
    at jspb.BinaryWriter.writeSint64 (https://cdn.skypack.dev/-/google-protobuf@v3.21.2-YDUqZL2TTSsy2lGtfuND/dist=es2019,mode=imports/optimized/google-protobuf.js:5245:32)
    at protobuf_test_messages_proto3_TestAllTypesProto3.serialize (file:///Users/thesayyn/Documents/thesayyn/protoc-gen-ts/target/debug/build/protoc_gen_ts-8cec2bec66276c47/out/test_conformance/test_messages_proto3.ts:981:16)
    at file:///Users/thesayyn/Documents/thesayyn/protoc-gen-ts/tests/conformance/bin/main.ts:24:44

  protobuf_test_messages.proto3.TestAllTypesProto3 1
  Error: Assertion failed
    at Object.jspb.asserts.doAssertFailure (https://cdn.skypack.dev/-/google-protobuf@v3.21.2-YDUqZL2TTSsy2lGtfuND/dist=es2019,mode=imports/optimized/google-protobuf.js:778:11)
    at Object.jspb.asserts.assert (https://cdn.skypack.dev/-/google-protobuf@v3.21.2-YDUqZL2TTSsy2lGtfuND/dist=es2019,mode=imports/optimized/google-protobuf.js:783:23)
    at jspb.BinaryWriter.writeSint64 (https://cdn.skypack.dev/-/google-protobuf@v3.21.2-YDUqZL2TTSsy2lGtfuND/dist=es2019,mode=imports/optimized/google-protobuf.js:5245:32)
    at protobuf_test_messages_proto3_TestAllTypesProto3.serialize (file:///Users/thesayyn/Documents/thesayyn/protoc-gen-ts/target/debug/build/protoc_gen_ts-8cec2bec66276c47/out/test_conformance/test_messages_proto3.ts:981:16)
    at file:///Users/thesayyn/Documents/thesayyn/protoc-gen-ts/tests/conformance/bin/main.ts:24:44

  protobuf_test_messages.proto3.TestAllTypesProto3 1
  Error: Assertion failed
    at Object.jspb.asserts.doAssertFailure (https://cdn.skypack.dev/-/google-protobuf@v3.21.2-YDUqZL2TTSsy2lGtfuND/dist=es2019,mode=imports/optimized/google-protobuf.js:778:11)
    at Object.jspb.asserts.assert (https://cdn.skypack.dev/-/google-protobuf@v3.21.2-YDUqZL2TTSsy2lGtfuND/dist=es2019,mode=imports/optimized/google-protobuf.js:783:23)
    at jspb.BinaryEncoder.writeZigzagVarint64 (https://cdn.skypack.dev/-/google-protobuf@v3.21.2-YDUqZL2TTSsy2lGtfuND/dist=es2019,mode=imports/optimized/google-protobuf.js:4825:18)
    at jspb.BinaryWriter.writePackedSint64 (https://cdn.skypack.dev/-/google-protobuf@v3.21.2-YDUqZL2TTSsy2lGtfuND/dist=es2019,mode=imports/optimized/google-protobuf.js:5620:23)
    at protobuf_test_messages_proto3_TestAllTypesProto3.serialize (file:///Users/thesayyn/Documents/thesayyn/protoc-gen-ts/target/debug/build/protoc_gen_ts-8cec2bec66276c47/out/test_conformance/test_messages_proto3.ts:1053:16)
    at file:///Users/thesayyn/Documents/thesayyn/protoc-gen-ts/tests/conformance/bin/main.ts:24:44

  protobuf_test_messages.proto3.TestAllTypesProto3 1
  Error: Assertion failed
    at Object.jspb.asserts.doAssertFailure (https://cdn.skypack.dev/-/google-protobuf@v3.21.2-YDUqZL2TTSsy2lGtfuND/dist=es2019,mode=imports/optimized/google-protobuf.js:778:11)
    at Object.jspb.asserts.assert (https://cdn.skypack.dev/-/google-protobuf@v3.21.2-YDUqZL2TTSsy2lGtfuND/dist=es2019,mode=imports/optimized/google-protobuf.js:783:23)
    at jspb.BinaryEncoder.writeZigzagVarint64 (https://cdn.skypack.dev/-/google-protobuf@v3.21.2-YDUqZL2TTSsy2lGtfuND/dist=es2019,mode=imports/optimized/google-protobuf.js:4825:18)
    at jspb.BinaryWriter.writePackedSint64 (https://cdn.skypack.dev/-/google-protobuf@v3.21.2-YDUqZL2TTSsy2lGtfuND/dist=es2019,mode=imports/optimized/google-protobuf.js:5620:23)
    at protobuf_test_messages_proto3_TestAllTypesProto3.serialize (file:///Users/thesayyn/Documents/thesayyn/protoc-gen-ts/target/debug/build/protoc_gen_ts-8cec2bec66276c47/out/test_conformance/test_messages_proto3.ts:1053:16)
    at file:///Users/thesayyn/Documents/thesayyn/protoc-gen-ts/tests/conformance/bin/main.ts:24:44

  protobuf_test_messages.proto3.TestAllTypesProto3 1
  Error: Assertion failed
    at Object.jspb.asserts.doAssertFailure (https://cdn.skypack.dev/-/google-protobuf@v3.21.2-YDUqZL2TTSsy2lGtfuND/dist=es2019,mode=imports/optimized/google-protobuf.js:778:11)
    at Object.jspb.asserts.assert (https://cdn.skypack.dev/-/google-protobuf@v3.21.2-YDUqZL2TTSsy2lGtfuND/dist=es2019,mode=imports/optimized/google-protobuf.js:783:23)
    at jspb.BinaryEncoder.writeZigzagVarint64 (https://cdn.skypack.dev/-/google-protobuf@v3.21.2-YDUqZL2TTSsy2lGtfuND/dist=es2019,mode=imports/optimized/google-protobuf.js:4825:18)
    at jspb.BinaryWriter.writePackedSint64 (https://cdn.skypack.dev/-/google-protobuf@v3.21.2-YDUqZL2TTSsy2lGtfuND/dist=es2019,mode=imports/optimized/google-protobuf.js:5620:23)
    at protobuf_test_messages_proto3_TestAllTypesProto3.serialize (file:///Users/thesayyn/Documents/thesayyn/protoc-gen-ts/target/debug/build/protoc_gen_ts-8cec2bec66276c47/out/test_conformance/test_messages_proto3.ts:1053:16)
    at file:///Users/thesayyn/Documents/thesayyn/protoc-gen-ts/tests/conformance/bin/main.ts:24:44

  protobuf_test_messages.proto3.TestAllTypesProto3 1
  Error: Assertion failed
    at Object.jspb.asserts.doAssertFailure (https://cdn.skypack.dev/-/google-protobuf@v3.21.2-YDUqZL2TTSsy2lGtfuND/dist=es2019,mode=imports/optimized/google-protobuf.js:778:11)
    at Object.jspb.asserts.assert (https://cdn.skypack.dev/-/google-protobuf@v3.21.2-YDUqZL2TTSsy2lGtfuND/dist=es2019,mode=imports/optimized/google-protobuf.js:783:23)
    at jspb.BinaryEncoder.writeZigzagVarint64 (https://cdn.skypack.dev/-/google-protobuf@v3.21.2-YDUqZL2TTSsy2lGtfuND/dist=es2019,mode=imports/optimized/google-protobuf.js:4825:18)
    at jspb.BinaryWriter.writePackedSint64 (https://cdn.skypack.dev/-/google-protobuf@v3.21.2-YDUqZL2TTSsy2lGtfuND/dist=es2019,mode=imports/optimized/google-protobuf.js:5620:23)
    at protobuf_test_messages_proto3_TestAllTypesProto3.serialize (file:///Users/thesayyn/Documents/thesayyn/protoc-gen-ts/target/debug/build/protoc_gen_ts-8cec2bec66276c47/out/test_conformance/test_messages_proto3.ts:1053:16)
    at file:///Users/thesayyn/Documents/thesayyn/protoc-gen-ts/tests/conformance/bin/main.ts:24:44

  protobuf_test_messages.proto3.TestAllTypesProto3 1
  Error: Assertion failed
    at Object.jspb.asserts.doAssertFailure (https://cdn.skypack.dev/-/google-protobuf@v3.21.2-YDUqZL2TTSsy2lGtfuND/dist=es2019,mode=imports/optimized/google-protobuf.js:778:11)
    at Object.jspb.asserts.assert (https://cdn.skypack.dev/-/google-protobuf@v3.21.2-YDUqZL2TTSsy2lGtfuND/dist=es2019,mode=imports/optimized/google-protobuf.js:783:23)
    at jspb.BinaryEncoder.writeZigzagVarint64 (https://cdn.skypack.dev/-/google-protobuf@v3.21.2-YDUqZL2TTSsy2lGtfuND/dist=es2019,mode=imports/optimized/google-protobuf.js:4825:18)
    at jspb.BinaryWriter.writePackedSint64 (https://cdn.skypack.dev/-/google-protobuf@v3.21.2-YDUqZL2TTSsy2lGtfuND/dist=es2019,mode=imports/optimized/google-protobuf.js:5620:23)
    at protobuf_test_messages_proto3_TestAllTypesProto3.serialize (file:///Users/thesayyn/Documents/thesayyn/protoc-gen-ts/target/debug/build/protoc_gen_ts-8cec2bec66276c47/out/test_conformance/test_messages_proto3.ts:1053:16)
    at file:///Users/thesayyn/Documents/thesayyn/protoc-gen-ts/tests/conformance/bin/main.ts:24:44

  protobuf_test_messages.proto3.TestAllTypesProto3 1
  Error: Assertion failed
    at Object.jspb.asserts.doAssertFailure (https://cdn.skypack.dev/-/google-protobuf@v3.21.2-YDUqZL2TTSsy2lGtfuND/dist=es2019,mode=imports/optimized/google-protobuf.js:778:11)
    at Object.jspb.asserts.assert (https://cdn.skypack.dev/-/google-protobuf@v3.21.2-YDUqZL2TTSsy2lGtfuND/dist=es2019,mode=imports/optimized/google-protobuf.js:783:23)
    at jspb.BinaryEncoder.writeZigzagVarint64 (https://cdn.skypack.dev/-/google-protobuf@v3.21.2-YDUqZL2TTSsy2lGtfuND/dist=es2019,mode=imports/optimized/google-protobuf.js:4825:18)
    at jspb.BinaryWriter.writePackedSint64 (https://cdn.skypack.dev/-/google-protobuf@v3.21.2-YDUqZL2TTSsy2lGtfuND/dist=es2019,mode=imports/optimized/google-protobuf.js:5620:23)
    at protobuf_test_messages_proto3_TestAllTypesProto3.serialize (file:///Users/thesayyn/Documents/thesayyn/protoc-gen-ts/target/debug/build/protoc_gen_ts-8cec2bec66276c47/out/test_conformance/test_messages_proto3.ts:1053:16)
    at file:///Users/thesayyn/Documents/thesayyn/protoc-gen-ts/tests/conformance/bin/main.ts:24:44

  protobuf_test_messages.proto3.TestAllTypesProto3 1
  Error: Assertion failed
    at Object.jspb.asserts.doAssertFailure (https://cdn.skypack.dev/-/google-protobuf@v3.21.2-YDUqZL2TTSsy2lGtfuND/dist=es2019,mode=imports/optimized/google-protobuf.js:778:11)
    at Object.jspb.asserts.assert (https://cdn.skypack.dev/-/google-protobuf@v3.21.2-YDUqZL2TTSsy2lGtfuND/dist=es2019,mode=imports/optimized/google-protobuf.js:783:23)
    at jspb.BinaryWriter.writeSint64 (https://cdn.skypack.dev/-/google-protobuf@v3.21.2-YDUqZL2TTSsy2lGtfuND/dist=es2019,mode=imports/optimized/google-protobuf.js:5245:32)
    at protobuf_test_messages_proto3_TestAllTypesProto3.serialize (file:///Users/thesayyn/Documents/thesayyn/protoc-gen-ts/target/debug/build/protoc_gen_ts-8cec2bec66276c47/out/test_conformance/test_messages_proto3.ts:1160:16)
    at file:///Users/thesayyn/Documents/thesayyn/protoc-gen-ts/tests/conformance/bin/main.ts:24:44

  protobuf_test_messages.proto3.TestAllTypesProto3 1
  Error: Assertion failed
    at Object.jspb.asserts.doAssertFailure (https://cdn.skypack.dev/-/google-protobuf@v3.21.2-YDUqZL2TTSsy2lGtfuND/dist=es2019,mode=imports/optimized/google-protobuf.js:778:11)
    at Object.jspb.asserts.assert (https://cdn.skypack.dev/-/google-protobuf@v3.21.2-YDUqZL2TTSsy2lGtfuND/dist=es2019,mode=imports/optimized/google-protobuf.js:783:23)
    at jspb.BinaryReader.readSint64 (https://cdn.skypack.dev/-/google-protobuf@v3.21.2-YDUqZL2TTSsy2lGtfuND/dist=es2019,mode=imports/optimized/google-protobuf.js:4573:18)
    at Function.deserialize (file:///Users/thesayyn/Documents/thesayyn/protoc-gen-ts/target/debug/build/protoc_gen_ts-8cec2bec66276c47/out/test_conformance/test_messages_proto3.ts:390:53)
    at file:///Users/thesayyn/Documents/thesayyn/protoc-gen-ts/tests/conformance/bin/main.ts:23:78

  protobuf_test_messages.proto2.TestAllTypesProto2 1
  Error: Assertion failed
    at Object.jspb.asserts.doAssertFailure (https://cdn.skypack.dev/-/google-protobuf@v3.21.2-YDUqZL2TTSsy2lGtfuND/dist=es2019,mode=imports/optimized/google-protobuf.js:778:11)
    at Object.jspb.asserts.assert (https://cdn.skypack.dev/-/google-protobuf@v3.21.2-YDUqZL2TTSsy2lGtfuND/dist=es2019,mode=imports/optimized/google-protobuf.js:783:23)
    at jspb.BinaryWriter.writeEnum (https://cdn.skypack.dev/-/google-protobuf@v3.21.2-YDUqZL2TTSsy2lGtfuND/dist=es2019,mode=imports/optimized/google-protobuf.js:5289:32)
    at protobuf_test_messages_proto2_TestAllTypesProto2.serialize (file:///Users/thesayyn/Documents/thesayyn/protoc-gen-ts/target/debug/build/protoc_gen_ts-8cec2bec66276c47/out/test_conformance/test_messages_proto2.ts:926:16)
    at file:///Users/thesayyn/Documents/thesayyn/protoc-gen-ts/tests/conformance/bin/main.ts:31:44

  protobuf_test_messages.proto2.TestAllTypesProto2 1
  Error: Assertion failed
    at Object.jspb.asserts.doAssertFailure (https://cdn.skypack.dev/-/google-protobuf@v3.21.2-YDUqZL2TTSsy2lGtfuND/dist=es2019,mode=imports/optimized/google-protobuf.js:778:11)
    at Object.jspb.asserts.assert (https://cdn.skypack.dev/-/google-protobuf@v3.21.2-YDUqZL2TTSsy2lGtfuND/dist=es2019,mode=imports/optimized/google-protobuf.js:783:23)
    at jspb.BinaryWriter.writeEnum (https://cdn.skypack.dev/-/google-protobuf@v3.21.2-YDUqZL2TTSsy2lGtfuND/dist=es2019,mode=imports/optimized/google-protobuf.js:5289:32)
    at protobuf_test_messages_proto2_TestAllTypesProto2.serialize (file:///Users/thesayyn/Documents/thesayyn/protoc-gen-ts/target/debug/build/protoc_gen_ts-8cec2bec66276c47/out/test_conformance/test_messages_proto2.ts:926:16)
    at file:///Users/thesayyn/Documents/thesayyn/protoc-gen-ts/tests/conformance/bin/main.ts:31:44

  protobuf_test_messages.proto2.TestAllTypesProto2 1
  Error: Assertion failed
    at Object.jspb.asserts.doAssertFailure (https://cdn.skypack.dev/-/google-protobuf@v3.21.2-YDUqZL2TTSsy2lGtfuND/dist=es2019,mode=imports/optimized/google-protobuf.js:778:11)
    at Object.jspb.asserts.assert (https://cdn.skypack.dev/-/google-protobuf@v3.21.2-YDUqZL2TTSsy2lGtfuND/dist=es2019,mode=imports/optimized/google-protobuf.js:783:23)
    at jspb.BinaryWriter.writeEnum (https://cdn.skypack.dev/-/google-protobuf@v3.21.2-YDUqZL2TTSsy2lGtfuND/dist=es2019,mode=imports/optimized/google-protobuf.js:5289:32)
    at protobuf_test_messages_proto2_TestAllTypesProto2.serialize (file:///Users/thesayyn/Documents/thesayyn/protoc-gen-ts/target/debug/build/protoc_gen_ts-8cec2bec66276c47/out/test_conformance/test_messages_proto2.ts:926:16)
    at file:///Users/thesayyn/Documents/thesayyn/protoc-gen-ts/tests/conformance/bin/main.ts:31:44

  protobuf_test_messages.proto2.TestAllTypesProto2 1
  Error: Assertion failed
    at Object.jspb.asserts.doAssertFailure (https://cdn.skypack.dev/-/google-protobuf@v3.21.2-YDUqZL2TTSsy2lGtfuND/dist=es2019,mode=imports/optimized/google-protobuf.js:778:11)
    at Object.jspb.asserts.assert (https://cdn.skypack.dev/-/google-protobuf@v3.21.2-YDUqZL2TTSsy2lGtfuND/dist=es2019,mode=imports/optimized/google-protobuf.js:783:23)
    at jspb.BinaryWriter.writeEnum (https://cdn.skypack.dev/-/google-protobuf@v3.21.2-YDUqZL2TTSsy2lGtfuND/dist=es2019,mode=imports/optimized/google-protobuf.js:5289:32)
    at protobuf_test_messages_proto2_TestAllTypesProto2.serialize (file:///Users/thesayyn/Documents/thesayyn/protoc-gen-ts/target/debug/build/protoc_gen_ts-8cec2bec66276c47/out/test_conformance/test_messages_proto2.ts:926:16)
    at file:///Users/thesayyn/Documents/thesayyn/protoc-gen-ts/tests/conformance/bin/main.ts:31:44

  protobuf_test_messages.proto2.TestAllTypesProto2 1
  Error: Assertion failed
    at Object.jspb.asserts.doAssertFailure (https://cdn.skypack.dev/-/google-protobuf@v3.21.2-YDUqZL2TTSsy2lGtfuND/dist=es2019,mode=imports/optimized/google-protobuf.js:778:11)
    at Object.jspb.asserts.assert (https://cdn.skypack.dev/-/google-protobuf@v3.21.2-YDUqZL2TTSsy2lGtfuND/dist=es2019,mode=imports/optimized/google-protobuf.js:783:23)
    at jspb.BinaryWriter.writeEnum (https://cdn.skypack.dev/-/google-protobuf@v3.21.2-YDUqZL2TTSsy2lGtfuND/dist=es2019,mode=imports/optimized/google-protobuf.js:5289:32)
    at protobuf_test_messages_proto2_TestAllTypesProto2.serialize (file:///Users/thesayyn/Documents/thesayyn/protoc-gen-ts/target/debug/build/protoc_gen_ts-8cec2bec66276c47/out/test_conformance/test_messages_proto2.ts:926:16)
    at file:///Users/thesayyn/Documents/thesayyn/protoc-gen-ts/tests/conformance/bin/main.ts:31:44

  protobuf_test_messages.proto2.TestAllTypesProto2 1
  Error: Assertion failed
    at Object.jspb.asserts.doAssertFailure (https://cdn.skypack.dev/-/google-protobuf@v3.21.2-YDUqZL2TTSsy2lGtfuND/dist=es2019,mode=imports/optimized/google-protobuf.js:778:11)
    at Object.jspb.asserts.assert (https://cdn.skypack.dev/-/google-protobuf@v3.21.2-YDUqZL2TTSsy2lGtfuND/dist=es2019,mode=imports/optimized/google-protobuf.js:783:23)
    at jspb.BinaryWriter.writeEnum (https://cdn.skypack.dev/-/google-protobuf@v3.21.2-YDUqZL2TTSsy2lGtfuND/dist=es2019,mode=imports/optimized/google-protobuf.js:5289:32)
    at protobuf_test_messages_proto2_TestAllTypesProto2.serialize (file:///Users/thesayyn/Documents/thesayyn/protoc-gen-ts/target/debug/build/protoc_gen_ts-8cec2bec66276c47/out/test_conformance/test_messages_proto2.ts:995:16)
    at file:///Users/thesayyn/Documents/thesayyn/protoc-gen-ts/tests/conformance/bin/main.ts:31:44

  protobuf_test_messages.proto2.TestAllTypesProto2 1
  Error: Assertion failed
    at Object.jspb.asserts.doAssertFailure (https://cdn.skypack.dev/-/google-protobuf@v3.21.2-YDUqZL2TTSsy2lGtfuND/dist=es2019,mode=imports/optimized/google-protobuf.js:778:11)
    at Object.jspb.asserts.assert (https://cdn.skypack.dev/-/google-protobuf@v3.21.2-YDUqZL2TTSsy2lGtfuND/dist=es2019,mode=imports/optimized/google-protobuf.js:783:23)
    at jspb.BinaryReader.readEnum (https://cdn.skypack.dev/-/google-protobuf@v3.21.2-YDUqZL2TTSsy2lGtfuND/dist=es2019,mode=imports/optimized/google-protobuf.js:4629:18)
    at Function.deserialize (file:///Users/thesayyn/Documents/thesayyn/protoc-gen-ts/target/debug/build/protoc_gen_ts-8cec2bec66276c47/out/test_conformance/test_messages_proto2.ts:265:58)
    at file:///Users/thesayyn/Documents/thesayyn/protoc-gen-ts/tests/conformance/bin/main.ts:30:78

  protobuf_test_messages.proto2.TestAllTypesProto2 1
  Error: Assertion failed
    at Object.jspb.asserts.doAssertFailure (https://cdn.skypack.dev/-/google-protobuf@v3.21.2-YDUqZL2TTSsy2lGtfuND/dist=es2019,mode=imports/optimized/google-protobuf.js:778:11)
    at Object.jspb.asserts.assert (https://cdn.skypack.dev/-/google-protobuf@v3.21.2-YDUqZL2TTSsy2lGtfuND/dist=es2019,mode=imports/optimized/google-protobuf.js:783:23)
    at jspb.BinaryWriter.writeEnum (https://cdn.skypack.dev/-/google-protobuf@v3.21.2-YDUqZL2TTSsy2lGtfuND/dist=es2019,mode=imports/optimized/google-protobuf.js:5289:32)
    at protobuf_test_messages_proto2_TestAllTypesProto2.serialize (file:///Users/thesayyn/Documents/thesayyn/protoc-gen-ts/target/debug/build/protoc_gen_ts-8cec2bec66276c47/out/test_conformance/test_messages_proto2.ts:995:16)
    at file:///Users/thesayyn/Documents/thesayyn/protoc-gen-ts/tests/conformance/bin/main.ts:31:44

  protobuf_test_messages.proto2.TestAllTypesProto2 1
  Error: Assertion failed
    at Object.jspb.asserts.doAssertFailure (https://cdn.skypack.dev/-/google-protobuf@v3.21.2-YDUqZL2TTSsy2lGtfuND/dist=es2019,mode=imports/optimized/google-protobuf.js:778:11)
    at Object.jspb.asserts.assert (https://cdn.skypack.dev/-/google-protobuf@v3.21.2-YDUqZL2TTSsy2lGtfuND/dist=es2019,mode=imports/optimized/google-protobuf.js:783:23)
    at jspb.BinaryReader.readEnum (https://cdn.skypack.dev/-/google-protobuf@v3.21.2-YDUqZL2TTSsy2lGtfuND/dist=es2019,mode=imports/optimized/google-protobuf.js:4629:18)
    at Function.deserialize (file:///Users/thesayyn/Documents/thesayyn/protoc-gen-ts/target/debug/build/protoc_gen_ts-8cec2bec66276c47/out/test_conformance/test_messages_proto2.ts:265:58)
    at file:///Users/thesayyn/Documents/thesayyn/protoc-gen-ts/tests/conformance/bin/main.ts:30:78

  protobuf_test_messages.proto2.TestAllTypesProto2 1
  Error: Assertion failed
    at Object.jspb.asserts.doAssertFailure (https://cdn.skypack.dev/-/google-protobuf@v3.21.2-YDUqZL2TTSsy2lGtfuND/dist=es2019,mode=imports/optimized/google-protobuf.js:778:11)
    at Object.jspb.asserts.assert (https://cdn.skypack.dev/-/google-protobuf@v3.21.2-YDUqZL2TTSsy2lGtfuND/dist=es2019,mode=imports/optimized/google-protobuf.js:783:23)
    at jspb.BinaryEncoder.writeEnum (https://cdn.skypack.dev/-/google-protobuf@v3.21.2-YDUqZL2TTSsy2lGtfuND/dist=es2019,mode=imports/optimized/google-protobuf.js:4913:18)
    at jspb.BinaryWriter.writePackedEnum (https://cdn.skypack.dev/-/google-protobuf@v3.21.2-YDUqZL2TTSsy2lGtfuND/dist=es2019,mode=imports/optimized/google-protobuf.js:5699:23)
    at protobuf_test_messages_proto2_TestAllTypesProto2.serialize (file:///Users/thesayyn/Documents/thesayyn/protoc-gen-ts/target/debug/build/protoc_gen_ts-8cec2bec66276c47/out/test_conformance/test_messages_proto2.ts:1046:16)
    at file:///Users/thesayyn/Documents/thesayyn/protoc-gen-ts/tests/conformance/bin/main.ts:31:44

  protobuf_test_messages.proto2.TestAllTypesProto2 1
  Error: Assertion failed
    at Object.jspb.asserts.doAssertFailure (https://cdn.skypack.dev/-/google-protobuf@v3.21.2-YDUqZL2TTSsy2lGtfuND/dist=es2019,mode=imports/optimized/google-protobuf.js:778:11)
    at Object.jspb.asserts.assert (https://cdn.skypack.dev/-/google-protobuf@v3.21.2-YDUqZL2TTSsy2lGtfuND/dist=es2019,mode=imports/optimized/google-protobuf.js:783:23)
    at jspb.BinaryWriter.writeEnum (https://cdn.skypack.dev/-/google-protobuf@v3.21.2-YDUqZL2TTSsy2lGtfuND/dist=es2019,mode=imports/optimized/google-protobuf.js:5289:32)
    at protobuf_test_messages_proto2_TestAllTypesProto2.serialize (file:///Users/thesayyn/Documents/thesayyn/protoc-gen-ts/target/debug/build/protoc_gen_ts-8cec2bec66276c47/out/test_conformance/test_messages_proto2.ts:995:16)
    at file:///Users/thesayyn/Documents/thesayyn/protoc-gen-ts/tests/conformance/bin/main.ts:31:44

  protobuf_test_messages.proto2.TestAllTypesProto2 1
  Error: Assertion failed
    at Object.jspb.asserts.doAssertFailure (https://cdn.skypack.dev/-/google-protobuf@v3.21.2-YDUqZL2TTSsy2lGtfuND/dist=es2019,mode=imports/optimized/google-protobuf.js:778:11)
    at Object.jspb.asserts.assert (https://cdn.skypack.dev/-/google-protobuf@v3.21.2-YDUqZL2TTSsy2lGtfuND/dist=es2019,mode=imports/optimized/google-protobuf.js:783:23)
    at jspb.BinaryReader.readEnum (https://cdn.skypack.dev/-/google-protobuf@v3.21.2-YDUqZL2TTSsy2lGtfuND/dist=es2019,mode=imports/optimized/google-protobuf.js:4629:18)
    at Function.deserialize (file:///Users/thesayyn/Documents/thesayyn/protoc-gen-ts/target/debug/build/protoc_gen_ts-8cec2bec66276c47/out/test_conformance/test_messages_proto2.ts:265:58)
    at file:///Users/thesayyn/Documents/thesayyn/protoc-gen-ts/tests/conformance/bin/main.ts:30:78

  protobuf_test_messages.proto3.TestAllTypesProto3 1
  Error: Assertion failed
    at Object.jspb.asserts.doAssertFailure (https://cdn.skypack.dev/-/google-protobuf@v3.21.2-YDUqZL2TTSsy2lGtfuND/dist=es2019,mode=imports/optimized/google-protobuf.js:778:11)
    at Object.jspb.asserts.assert (https://cdn.skypack.dev/-/google-protobuf@v3.21.2-YDUqZL2TTSsy2lGtfuND/dist=es2019,mode=imports/optimized/google-protobuf.js:783:23)
    at jspb.BinaryWriter.writeEnum (https://cdn.skypack.dev/-/google-protobuf@v3.21.2-YDUqZL2TTSsy2lGtfuND/dist=es2019,mode=imports/optimized/google-protobuf.js:5289:32)
    at protobuf_test_messages_proto3_TestAllTypesProto3.serialize (file:///Users/thesayyn/Documents/thesayyn/protoc-gen-ts/target/debug/build/protoc_gen_ts-8cec2bec66276c47/out/test_conformance/test_messages_proto3.ts:1019:16)
    at file:///Users/thesayyn/Documents/thesayyn/protoc-gen-ts/tests/conformance/bin/main.ts:24:44

  protobuf_test_messages.proto3.TestAllTypesProto3 1
  Error: Assertion failed
    at Object.jspb.asserts.doAssertFailure (https://cdn.skypack.dev/-/google-protobuf@v3.21.2-YDUqZL2TTSsy2lGtfuND/dist=es2019,mode=imports/optimized/google-protobuf.js:778:11)
    at Object.jspb.asserts.assert (https://cdn.skypack.dev/-/google-protobuf@v3.21.2-YDUqZL2TTSsy2lGtfuND/dist=es2019,mode=imports/optimized/google-protobuf.js:783:23)
    at jspb.BinaryWriter.writeEnum (https://cdn.skypack.dev/-/google-protobuf@v3.21.2-YDUqZL2TTSsy2lGtfuND/dist=es2019,mode=imports/optimized/google-protobuf.js:5289:32)
    at protobuf_test_messages_proto3_TestAllTypesProto3.serialize (file:///Users/thesayyn/Documents/thesayyn/protoc-gen-ts/target/debug/build/protoc_gen_ts-8cec2bec66276c47/out/test_conformance/test_messages_proto3.ts:1019:16)
    at file:///Users/thesayyn/Documents/thesayyn/protoc-gen-ts/tests/conformance/bin/main.ts:24:44

  protobuf_test_messages.proto3.TestAllTypesProto3 1
  Error: Assertion failed
    at Object.jspb.asserts.doAssertFailure (https://cdn.skypack.dev/-/google-protobuf@v3.21.2-YDUqZL2TTSsy2lGtfuND/dist=es2019,mode=imports/optimized/google-protobuf.js:778:11)
    at Object.jspb.asserts.assert (https://cdn.skypack.dev/-/google-protobuf@v3.21.2-YDUqZL2TTSsy2lGtfuND/dist=es2019,mode=imports/optimized/google-protobuf.js:783:23)
    at jspb.BinaryWriter.writeEnum (https://cdn.skypack.dev/-/google-protobuf@v3.21.2-YDUqZL2TTSsy2lGtfuND/dist=es2019,mode=imports/optimized/google-protobuf.js:5289:32)
    at protobuf_test_messages_proto3_TestAllTypesProto3.serialize (file:///Users/thesayyn/Documents/thesayyn/protoc-gen-ts/target/debug/build/protoc_gen_ts-8cec2bec66276c47/out/test_conformance/test_messages_proto3.ts:1019:16)
    at file:///Users/thesayyn/Documents/thesayyn/protoc-gen-ts/tests/conformance/bin/main.ts:24:44

  protobuf_test_messages.proto3.TestAllTypesProto3 1
  Error: Assertion failed
    at Object.jspb.asserts.doAssertFailure (https://cdn.skypack.dev/-/google-protobuf@v3.21.2-YDUqZL2TTSsy2lGtfuND/dist=es2019,mode=imports/optimized/google-protobuf.js:778:11)
    at Object.jspb.asserts.assert (https://cdn.skypack.dev/-/google-protobuf@v3.21.2-YDUqZL2TTSsy2lGtfuND/dist=es2019,mode=imports/optimized/google-protobuf.js:783:23)
    at jspb.BinaryWriter.writeEnum (https://cdn.skypack.dev/-/google-protobuf@v3.21.2-YDUqZL2TTSsy2lGtfuND/dist=es2019,mode=imports/optimized/google-protobuf.js:5289:32)
    at protobuf_test_messages_proto3_TestAllTypesProto3.serialize (file:///Users/thesayyn/Documents/thesayyn/protoc-gen-ts/target/debug/build/protoc_gen_ts-8cec2bec66276c47/out/test_conformance/test_messages_proto3.ts:1019:16)
    at file:///Users/thesayyn/Documents/thesayyn/protoc-gen-ts/tests/conformance/bin/main.ts:24:44

  protobuf_test_messages.proto3.TestAllTypesProto3 1
  Error: Assertion failed
    at Object.jspb.asserts.doAssertFailure (https://cdn.skypack.dev/-/google-protobuf@v3.21.2-YDUqZL2TTSsy2lGtfuND/dist=es2019,mode=imports/optimized/google-protobuf.js:778:11)
    at Object.jspb.asserts.assert (https://cdn.skypack.dev/-/google-protobuf@v3.21.2-YDUqZL2TTSsy2lGtfuND/dist=es2019,mode=imports/optimized/google-protobuf.js:783:23)
    at jspb.BinaryWriter.writeEnum (https://cdn.skypack.dev/-/google-protobuf@v3.21.2-YDUqZL2TTSsy2lGtfuND/dist=es2019,mode=imports/optimized/google-protobuf.js:5289:32)
    at protobuf_test_messages_proto3_TestAllTypesProto3.serialize (file:///Users/thesayyn/Documents/thesayyn/protoc-gen-ts/target/debug/build/protoc_gen_ts-8cec2bec66276c47/out/test_conformance/test_messages_proto3.ts:1019:16)
    at file:///Users/thesayyn/Documents/thesayyn/protoc-gen-ts/tests/conformance/bin/main.ts:24:44

  protobuf_test_messages.proto3.TestAllTypesProto3 1
  Error: Assertion failed
    at Object.jspb.asserts.doAssertFailure (https://cdn.skypack.dev/-/google-protobuf@v3.21.2-YDUqZL2TTSsy2lGtfuND/dist=es2019,mode=imports/optimized/google-protobuf.js:778:11)
    at Object.jspb.asserts.assert (https://cdn.skypack.dev/-/google-protobuf@v3.21.2-YDUqZL2TTSsy2lGtfuND/dist=es2019,mode=imports/optimized/google-protobuf.js:783:23)
    at jspb.BinaryEncoder.writeEnum (https://cdn.skypack.dev/-/google-protobuf@v3.21.2-YDUqZL2TTSsy2lGtfuND/dist=es2019,mode=imports/optimized/google-protobuf.js:4913:18)
    at jspb.BinaryWriter.writePackedEnum (https://cdn.skypack.dev/-/google-protobuf@v3.21.2-YDUqZL2TTSsy2lGtfuND/dist=es2019,mode=imports/optimized/google-protobuf.js:5699:23)
    at protobuf_test_messages_proto3_TestAllTypesProto3.serialize (file:///Users/thesayyn/Documents/thesayyn/protoc-gen-ts/target/debug/build/protoc_gen_ts-8cec2bec66276c47/out/test_conformance/test_messages_proto3.ts:1091:16)
    at file:///Users/thesayyn/Documents/thesayyn/protoc-gen-ts/tests/conformance/bin/main.ts:24:44

  protobuf_test_messages.proto3.TestAllTypesProto3 1
  Error: Assertion failed
    at Object.jspb.asserts.doAssertFailure (https://cdn.skypack.dev/-/google-protobuf@v3.21.2-YDUqZL2TTSsy2lGtfuND/dist=es2019,mode=imports/optimized/google-protobuf.js:778:11)
    at Object.jspb.asserts.assert (https://cdn.skypack.dev/-/google-protobuf@v3.21.2-YDUqZL2TTSsy2lGtfuND/dist=es2019,mode=imports/optimized/google-protobuf.js:783:23)
    at jspb.BinaryEncoder.writeEnum (https://cdn.skypack.dev/-/google-protobuf@v3.21.2-YDUqZL2TTSsy2lGtfuND/dist=es2019,mode=imports/optimized/google-protobuf.js:4913:18)
    at jspb.BinaryWriter.writePackedEnum (https://cdn.skypack.dev/-/google-protobuf@v3.21.2-YDUqZL2TTSsy2lGtfuND/dist=es2019,mode=imports/optimized/google-protobuf.js:5699:23)
    at protobuf_test_messages_proto3_TestAllTypesProto3.serialize (file:///Users/thesayyn/Documents/thesayyn/protoc-gen-ts/target/debug/build/protoc_gen_ts-8cec2bec66276c47/out/test_conformance/test_messages_proto3.ts:1091:16)
    at file:///Users/thesayyn/Documents/thesayyn/protoc-gen-ts/tests/conformance/bin/main.ts:24:44

  protobuf_test_messages.proto3.TestAllTypesProto3 1
  Error: Assertion failed
    at Object.jspb.asserts.doAssertFailure (https://cdn.skypack.dev/-/google-protobuf@v3.21.2-YDUqZL2TTSsy2lGtfuND/dist=es2019,mode=imports/optimized/google-protobuf.js:778:11)
    at Object.jspb.asserts.assert (https://cdn.skypack.dev/-/google-protobuf@v3.21.2-YDUqZL2TTSsy2lGtfuND/dist=es2019,mode=imports/optimized/google-protobuf.js:783:23)
    at jspb.BinaryEncoder.writeEnum (https://cdn.skypack.dev/-/google-protobuf@v3.21.2-YDUqZL2TTSsy2lGtfuND/dist=es2019,mode=imports/optimized/google-protobuf.js:4913:18)
    at jspb.BinaryWriter.writePackedEnum (https://cdn.skypack.dev/-/google-protobuf@v3.21.2-YDUqZL2TTSsy2lGtfuND/dist=es2019,mode=imports/optimized/google-protobuf.js:5699:23)
    at protobuf_test_messages_proto3_TestAllTypesProto3.serialize (file:///Users/thesayyn/Documents/thesayyn/protoc-gen-ts/target/debug/build/protoc_gen_ts-8cec2bec66276c47/out/test_conformance/test_messages_proto3.ts:1091:16)
    at file:///Users/thesayyn/Documents/thesayyn/protoc-gen-ts/tests/conformance/bin/main.ts:24:44

  protobuf_test_messages.proto3.TestAllTypesProto3 1
  Error: Assertion failed
    at Object.jspb.asserts.doAssertFailure (https://cdn.skypack.dev/-/google-protobuf@v3.21.2-YDUqZL2TTSsy2lGtfuND/dist=es2019,mode=imports/optimized/google-protobuf.js:778:11)
    at Object.jspb.asserts.assert (https://cdn.skypack.dev/-/google-protobuf@v3.21.2-YDUqZL2TTSsy2lGtfuND/dist=es2019,mode=imports/optimized/google-protobuf.js:783:23)
    at jspb.BinaryWriter.writeEnum (https://cdn.skypack.dev/-/google-protobuf@v3.21.2-YDUqZL2TTSsy2lGtfuND/dist=es2019,mode=imports/optimized/google-protobuf.js:5289:32)
    at protobuf_test_messages_proto3_TestAllTypesProto3.serialize (file:///Users/thesayyn/Documents/thesayyn/protoc-gen-ts/target/debug/build/protoc_gen_ts-8cec2bec66276c47/out/test_conformance/test_messages_proto3.ts:1184:16)
    at file:///Users/thesayyn/Documents/thesayyn/protoc-gen-ts/tests/conformance/bin/main.ts:24:44

  protobuf_test_messages.proto3.TestAllTypesProto3 1
  Error: Assertion failed
    at Object.jspb.asserts.doAssertFailure (https://cdn.skypack.dev/-/google-protobuf@v3.21.2-YDUqZL2TTSsy2lGtfuND/dist=es2019,mode=imports/optimized/google-protobuf.js:778:11)
    at Object.jspb.asserts.assert (https://cdn.skypack.dev/-/google-protobuf@v3.21.2-YDUqZL2TTSsy2lGtfuND/dist=es2019,mode=imports/optimized/google-protobuf.js:783:23)
    at jspb.BinaryReader.readEnum (https://cdn.skypack.dev/-/google-protobuf@v3.21.2-YDUqZL2TTSsy2lGtfuND/dist=es2019,mode=imports/optimized/google-protobuf.js:4629:18)
    at Function.deserialize (file:///Users/thesayyn/Documents/thesayyn/protoc-gen-ts/target/debug/build/protoc_gen_ts-8cec2bec66276c47/out/test_conformance/test_messages_proto3.ts:414:58)
    at file:///Users/thesayyn/Documents/thesayyn/protoc-gen-ts/tests/conformance/bin/main.ts:23:78

  protobuf_test_messages.proto2.TestAllTypesProto2 1
  TypeError: Cannot read properties of undefined (reading 'serialize')
    at protobuf_test_messages_proto2_TestAllTypesProto2.serialize (file:///Users/thesayyn/Documents/thesayyn/protoc-gen-ts/target/debug/build/protoc_gen_ts-8cec2bec66276c47/out/test_conformance/test_messages_proto2.ts:1246:38)
    at file:///Users/thesayyn/Documents/thesayyn/protoc-gen-ts/tests/conformance/bin/main.ts:31:44

  protobuf_test_messages.proto3.TestAllTypesProto3 1
  TypeError: Cannot read properties of undefined (reading 'serialize')
    at protobuf_test_messages_proto3_TestAllTypesProto3.serialize (file:///Users/thesayyn/Documents/thesayyn/protoc-gen-ts/target/debug/build/protoc_gen_ts-8cec2bec66276c47/out/test_conformance/test_messages_proto3.ts:1342:38)
    at file:///Users/thesayyn/Documents/thesayyn/protoc-gen-ts/tests/conformance/bin/main.ts:24:44

  protobuf_test_messages.proto3.TestAllTypesProto3 1
  Error: Assertion failed
    at Object.jspb.asserts.doAssertFailure (https://cdn.skypack.dev/-/google-protobuf@v3.21.2-YDUqZL2TTSsy2lGtfuND/dist=es2019,mode=imports/optimized/google-protobuf.js:778:11)
    at Object.jspb.asserts.assert (https://cdn.skypack.dev/-/google-protobuf@v3.21.2-YDUqZL2TTSsy2lGtfuND/dist=es2019,mode=imports/optimized/google-protobuf.js:783:23)
    at jspb.BinaryDecoder.readUint32 (https://cdn.skypack.dev/-/google-protobuf@v3.21.2-YDUqZL2TTSsy2lGtfuND/dist=es2019,mode=imports/optimized/google-protobuf.js:4202:18)
    at jspb.BinaryDecoder.readDouble (https://cdn.skypack.dev/-/google-protobuf@v3.21.2-YDUqZL2TTSsy2lGtfuND/dist=es2019,mode=imports/optimized/google-protobuf.js:4244:18)
    at jspb.BinaryReader.readDouble (https://cdn.skypack.dev/-/google-protobuf@v3.21.2-YDUqZL2TTSsy2lGtfuND/dist=es2019,mode=imports/optimized/google-protobuf.js:4620:26)
    at Function.deserialize (file:///Users/thesayyn/Documents/thesayyn/protoc-gen-ts/target/debug/build/protoc_gen_ts-8cec2bec66276c47/out/test_conformance/test_messages_proto3.ts:205:50)
    at file:///Users/thesayyn/Documents/thesayyn/protoc-gen-ts/tests/conformance/bin/main.ts:23:78

  protobuf_test_messages.proto2.TestAllTypesProto2 1
  Error: Assertion failed
    at Object.jspb.asserts.doAssertFailure (https://cdn.skypack.dev/-/google-protobuf@v3.21.2-YDUqZL2TTSsy2lGtfuND/dist=es2019,mode=imports/optimized/google-protobuf.js:778:11)
    at Object.jspb.asserts.assert (https://cdn.skypack.dev/-/google-protobuf@v3.21.2-YDUqZL2TTSsy2lGtfuND/dist=es2019,mode=imports/optimized/google-protobuf.js:783:23)
    at jspb.BinaryDecoder.readUint32 (https://cdn.skypack.dev/-/google-protobuf@v3.21.2-YDUqZL2TTSsy2lGtfuND/dist=es2019,mode=imports/optimized/google-protobuf.js:4202:18)
    at jspb.BinaryDecoder.readDouble (https://cdn.skypack.dev/-/google-protobuf@v3.21.2-YDUqZL2TTSsy2lGtfuND/dist=es2019,mode=imports/optimized/google-protobuf.js:4244:18)
    at jspb.BinaryReader.readDouble (https://cdn.skypack.dev/-/google-protobuf@v3.21.2-YDUqZL2TTSsy2lGtfuND/dist=es2019,mode=imports/optimized/google-protobuf.js:4620:26)
    at Function.deserialize (file:///Users/thesayyn/Documents/thesayyn/protoc-gen-ts/target/debug/build/protoc_gen_ts-8cec2bec66276c47/out/test_conformance/test_messages_proto2.ts:181:50)
    at file:///Users/thesayyn/Documents/thesayyn/protoc-gen-ts/tests/conformance/bin/main.ts:30:78

  protobuf_test_messages.proto3.TestAllTypesProto3 1
  Error: Assertion failed
    at Object.jspb.asserts.doAssertFailure (https://cdn.skypack.dev/-/google-protobuf@v3.21.2-YDUqZL2TTSsy2lGtfuND/dist=es2019,mode=imports/optimized/google-protobuf.js:778:11)
    at Object.jspb.asserts.assert (https://cdn.skypack.dev/-/google-protobuf@v3.21.2-YDUqZL2TTSsy2lGtfuND/dist=es2019,mode=imports/optimized/google-protobuf.js:783:23)
    at jspb.BinaryDecoder.readUint32 (https://cdn.skypack.dev/-/google-protobuf@v3.21.2-YDUqZL2TTSsy2lGtfuND/dist=es2019,mode=imports/optimized/google-protobuf.js:4202:18)
    at jspb.BinaryDecoder.readDouble (https://cdn.skypack.dev/-/google-protobuf@v3.21.2-YDUqZL2TTSsy2lGtfuND/dist=es2019,mode=imports/optimized/google-protobuf.js:4244:18)
    at jspb.BinaryReader.readDouble (https://cdn.skypack.dev/-/google-protobuf@v3.21.2-YDUqZL2TTSsy2lGtfuND/dist=es2019,mode=imports/optimized/google-protobuf.js:4620:26)
    at Function.deserialize (file:///Users/thesayyn/Documents/thesayyn/protoc-gen-ts/target/debug/build/protoc_gen_ts-8cec2bec66276c47/out/test_conformance/test_messages_proto3.ts:286:58)
    at file:///Users/thesayyn/Documents/thesayyn/protoc-gen-ts/tests/conformance/bin/main.ts:23:78

  protobuf_test_messages.proto2.TestAllTypesProto2 1
  Error: Assertion failed
    at Object.jspb.asserts.doAssertFailure (https://cdn.skypack.dev/-/google-protobuf@v3.21.2-YDUqZL2TTSsy2lGtfuND/dist=es2019,mode=imports/optimized/google-protobuf.js:778:11)
    at Object.jspb.asserts.assert (https://cdn.skypack.dev/-/google-protobuf@v3.21.2-YDUqZL2TTSsy2lGtfuND/dist=es2019,mode=imports/optimized/google-protobuf.js:783:23)
    at jspb.BinaryDecoder.readUint32 (https://cdn.skypack.dev/-/google-protobuf@v3.21.2-YDUqZL2TTSsy2lGtfuND/dist=es2019,mode=imports/optimized/google-protobuf.js:4202:18)
    at jspb.BinaryDecoder.readDouble (https://cdn.skypack.dev/-/google-protobuf@v3.21.2-YDUqZL2TTSsy2lGtfuND/dist=es2019,mode=imports/optimized/google-protobuf.js:4244:18)
    at jspb.BinaryReader.readDouble (https://cdn.skypack.dev/-/google-protobuf@v3.21.2-YDUqZL2TTSsy2lGtfuND/dist=es2019,mode=imports/optimized/google-protobuf.js:4620:26)
    at Function.deserialize (file:///Users/thesayyn/Documents/thesayyn/protoc-gen-ts/target/debug/build/protoc_gen_ts-8cec2bec66276c47/out/test_conformance/test_messages_proto2.ts:247:53)
    at file:///Users/thesayyn/Documents/thesayyn/protoc-gen-ts/tests/conformance/bin/main.ts:30:78

  protobuf_test_messages.proto3.TestAllTypesProto3 1
  Error: Assertion failed
    at Object.jspb.asserts.doAssertFailure (https://cdn.skypack.dev/-/google-protobuf@v3.21.2-YDUqZL2TTSsy2lGtfuND/dist=es2019,mode=imports/optimized/google-protobuf.js:778:11)
    at Object.jspb.asserts.assert (https://cdn.skypack.dev/-/google-protobuf@v3.21.2-YDUqZL2TTSsy2lGtfuND/dist=es2019,mode=imports/optimized/google-protobuf.js:783:23)
    at jspb.BinaryDecoder.advance (https://cdn.skypack.dev/-/google-protobuf@v3.21.2-YDUqZL2TTSsy2lGtfuND/dist=es2019,mode=imports/optimized/google-protobuf.js:4081:18)
    at jspb.BinaryReader.skipFixed64Field (https://cdn.skypack.dev/-/google-protobuf@v3.21.2-YDUqZL2TTSsy2lGtfuND/dist=es2019,mode=imports/optimized/google-protobuf.js:4409:163)
    at jspb.BinaryReader.skipField (https://cdn.skypack.dev/-/google-protobuf@v3.21.2-YDUqZL2TTSsy2lGtfuND/dist=es2019,mode=imports/optimized/google-protobuf.js:4432:14)
    at Function.deserialize (file:///Users/thesayyn/Documents/thesayyn/protoc-gen-ts/target/debug/build/protoc_gen_ts-8cec2bec66276c47/out/test_conformance/test_messages_proto3.ts:958:24)
    at file:///Users/thesayyn/Documents/thesayyn/protoc-gen-ts/tests/conformance/bin/main.ts:23:78

  protobuf_test_messages.proto2.TestAllTypesProto2 1
  Error: Assertion failed
    at Object.jspb.asserts.doAssertFailure (https://cdn.skypack.dev/-/google-protobuf@v3.21.2-YDUqZL2TTSsy2lGtfuND/dist=es2019,mode=imports/optimized/google-protobuf.js:778:11)
    at Object.jspb.asserts.assert (https://cdn.skypack.dev/-/google-protobuf@v3.21.2-YDUqZL2TTSsy2lGtfuND/dist=es2019,mode=imports/optimized/google-protobuf.js:783:23)
    at jspb.BinaryDecoder.advance (https://cdn.skypack.dev/-/google-protobuf@v3.21.2-YDUqZL2TTSsy2lGtfuND/dist=es2019,mode=imports/optimized/google-protobuf.js:4081:18)
    at jspb.BinaryReader.skipFixed64Field (https://cdn.skypack.dev/-/google-protobuf@v3.21.2-YDUqZL2TTSsy2lGtfuND/dist=es2019,mode=imports/optimized/google-protobuf.js:4409:163)
    at jspb.BinaryReader.skipField (https://cdn.skypack.dev/-/google-protobuf@v3.21.2-YDUqZL2TTSsy2lGtfuND/dist=es2019,mode=imports/optimized/google-protobuf.js:4432:14)
    at Function.deserialize (file:///Users/thesayyn/Documents/thesayyn/protoc-gen-ts/target/debug/build/protoc_gen_ts-8cec2bec66276c47/out/test_conformance/test_messages_proto2.ts:865:24)
    at file:///Users/thesayyn/Documents/thesayyn/protoc-gen-ts/tests/conformance/bin/main.ts:30:78

  protobuf_test_messages.proto3.TestAllTypesProto3 1
  Error: Assertion failed
    at Object.jspb.asserts.doAssertFailure (https://cdn.skypack.dev/-/google-protobuf@v3.21.2-YDUqZL2TTSsy2lGtfuND/dist=es2019,mode=imports/optimized/google-protobuf.js:778:11)
    at Object.jspb.asserts.assert (https://cdn.skypack.dev/-/google-protobuf@v3.21.2-YDUqZL2TTSsy2lGtfuND/dist=es2019,mode=imports/optimized/google-protobuf.js:783:23)
    at jspb.BinaryDecoder.readUint32 (https://cdn.skypack.dev/-/google-protobuf@v3.21.2-YDUqZL2TTSsy2lGtfuND/dist=es2019,mode=imports/optimized/google-protobuf.js:4202:18)
    at jspb.BinaryDecoder.readDouble (https://cdn.skypack.dev/-/google-protobuf@v3.21.2-YDUqZL2TTSsy2lGtfuND/dist=es2019,mode=imports/optimized/google-protobuf.js:4244:41)
    at jspb.BinaryReader.readDouble (https://cdn.skypack.dev/-/google-protobuf@v3.21.2-YDUqZL2TTSsy2lGtfuND/dist=es2019,mode=imports/optimized/google-protobuf.js:4620:26)
    at Function.deserialize (file:///Users/thesayyn/Documents/thesayyn/protoc-gen-ts/target/debug/build/protoc_gen_ts-8cec2bec66276c47/out/test_conformance/test_messages_proto3.ts:205:50)
    at file:///Users/thesayyn/Documents/thesayyn/protoc-gen-ts/tests/conformance/bin/main.ts:23:78

  protobuf_test_messages.proto2.TestAllTypesProto2 1
  Error: Assertion failed
    at Object.jspb.asserts.doAssertFailure (https://cdn.skypack.dev/-/google-protobuf@v3.21.2-YDUqZL2TTSsy2lGtfuND/dist=es2019,mode=imports/optimized/google-protobuf.js:778:11)
    at Object.jspb.asserts.assert (https://cdn.skypack.dev/-/google-protobuf@v3.21.2-YDUqZL2TTSsy2lGtfuND/dist=es2019,mode=imports/optimized/google-protobuf.js:783:23)
    at jspb.BinaryDecoder.readUint32 (https://cdn.skypack.dev/-/google-protobuf@v3.21.2-YDUqZL2TTSsy2lGtfuND/dist=es2019,mode=imports/optimized/google-protobuf.js:4202:18)
    at jspb.BinaryDecoder.readDouble (https://cdn.skypack.dev/-/google-protobuf@v3.21.2-YDUqZL2TTSsy2lGtfuND/dist=es2019,mode=imports/optimized/google-protobuf.js:4244:41)
    at jspb.BinaryReader.readDouble (https://cdn.skypack.dev/-/google-protobuf@v3.21.2-YDUqZL2TTSsy2lGtfuND/dist=es2019,mode=imports/optimized/google-protobuf.js:4620:26)
    at Function.deserialize (file:///Users/thesayyn/Documents/thesayyn/protoc-gen-ts/target/debug/build/protoc_gen_ts-8cec2bec66276c47/out/test_conformance/test_messages_proto2.ts:181:50)
    at file:///Users/thesayyn/Documents/thesayyn/protoc-gen-ts/tests/conformance/bin/main.ts:30:78

  protobuf_test_messages.proto3.TestAllTypesProto3 1
  Error: Assertion failed
    at Object.jspb.asserts.doAssertFailure (https://cdn.skypack.dev/-/google-protobuf@v3.21.2-YDUqZL2TTSsy2lGtfuND/dist=es2019,mode=imports/optimized/google-protobuf.js:778:11)
    at Object.jspb.asserts.assert (https://cdn.skypack.dev/-/google-protobuf@v3.21.2-YDUqZL2TTSsy2lGtfuND/dist=es2019,mode=imports/optimized/google-protobuf.js:783:23)
    at jspb.BinaryDecoder.readUint32 (https://cdn.skypack.dev/-/google-protobuf@v3.21.2-YDUqZL2TTSsy2lGtfuND/dist=es2019,mode=imports/optimized/google-protobuf.js:4202:18)
    at jspb.BinaryDecoder.readDouble (https://cdn.skypack.dev/-/google-protobuf@v3.21.2-YDUqZL2TTSsy2lGtfuND/dist=es2019,mode=imports/optimized/google-protobuf.js:4244:41)
    at jspb.BinaryReader.readDouble (https://cdn.skypack.dev/-/google-protobuf@v3.21.2-YDUqZL2TTSsy2lGtfuND/dist=es2019,mode=imports/optimized/google-protobuf.js:4620:26)
    at Function.deserialize (file:///Users/thesayyn/Documents/thesayyn/protoc-gen-ts/target/debug/build/protoc_gen_ts-8cec2bec66276c47/out/test_conformance/test_messages_proto3.ts:286:58)
    at file:///Users/thesayyn/Documents/thesayyn/protoc-gen-ts/tests/conformance/bin/main.ts:23:78

  protobuf_test_messages.proto2.TestAllTypesProto2 1
  Error: Assertion failed
    at Object.jspb.asserts.doAssertFailure (https://cdn.skypack.dev/-/google-protobuf@v3.21.2-YDUqZL2TTSsy2lGtfuND/dist=es2019,mode=imports/optimized/google-protobuf.js:778:11)
    at Object.jspb.asserts.assert (https://cdn.skypack.dev/-/google-protobuf@v3.21.2-YDUqZL2TTSsy2lGtfuND/dist=es2019,mode=imports/optimized/google-protobuf.js:783:23)
    at jspb.BinaryDecoder.readUint32 (https://cdn.skypack.dev/-/google-protobuf@v3.21.2-YDUqZL2TTSsy2lGtfuND/dist=es2019,mode=imports/optimized/google-protobuf.js:4202:18)
    at jspb.BinaryDecoder.readDouble (https://cdn.skypack.dev/-/google-protobuf@v3.21.2-YDUqZL2TTSsy2lGtfuND/dist=es2019,mode=imports/optimized/google-protobuf.js:4244:41)
    at jspb.BinaryReader.readDouble (https://cdn.skypack.dev/-/google-protobuf@v3.21.2-YDUqZL2TTSsy2lGtfuND/dist=es2019,mode=imports/optimized/google-protobuf.js:4620:26)
    at Function.deserialize (file:///Users/thesayyn/Documents/thesayyn/protoc-gen-ts/target/debug/build/protoc_gen_ts-8cec2bec66276c47/out/test_conformance/test_messages_proto2.ts:247:53)
    at file:///Users/thesayyn/Documents/thesayyn/protoc-gen-ts/tests/conformance/bin/main.ts:30:78

  protobuf_test_messages.proto3.TestAllTypesProto3 1
  Error: Assertion failed
    at Object.jspb.asserts.doAssertFailure (https://cdn.skypack.dev/-/google-protobuf@v3.21.2-YDUqZL2TTSsy2lGtfuND/dist=es2019,mode=imports/optimized/google-protobuf.js:778:11)
    at Object.jspb.asserts.assert (https://cdn.skypack.dev/-/google-protobuf@v3.21.2-YDUqZL2TTSsy2lGtfuND/dist=es2019,mode=imports/optimized/google-protobuf.js:783:23)
    at jspb.BinaryDecoder.advance (https://cdn.skypack.dev/-/google-protobuf@v3.21.2-YDUqZL2TTSsy2lGtfuND/dist=es2019,mode=imports/optimized/google-protobuf.js:4081:18)
    at jspb.BinaryReader.skipFixed64Field (https://cdn.skypack.dev/-/google-protobuf@v3.21.2-YDUqZL2TTSsy2lGtfuND/dist=es2019,mode=imports/optimized/google-protobuf.js:4409:163)
    at jspb.BinaryReader.skipField (https://cdn.skypack.dev/-/google-protobuf@v3.21.2-YDUqZL2TTSsy2lGtfuND/dist=es2019,mode=imports/optimized/google-protobuf.js:4432:14)
    at Function.deserialize (file:///Users/thesayyn/Documents/thesayyn/protoc-gen-ts/target/debug/build/protoc_gen_ts-8cec2bec66276c47/out/test_conformance/test_messages_proto3.ts:958:24)
    at file:///Users/thesayyn/Documents/thesayyn/protoc-gen-ts/tests/conformance/bin/main.ts:23:78

  protobuf_test_messages.proto2.TestAllTypesProto2 1
  Error: Assertion failed
    at Object.jspb.asserts.doAssertFailure (https://cdn.skypack.dev/-/google-protobuf@v3.21.2-YDUqZL2TTSsy2lGtfuND/dist=es2019,mode=imports/optimized/google-protobuf.js:778:11)
    at Object.jspb.asserts.assert (https://cdn.skypack.dev/-/google-protobuf@v3.21.2-YDUqZL2TTSsy2lGtfuND/dist=es2019,mode=imports/optimized/google-protobuf.js:783:23)
    at jspb.BinaryDecoder.advance (https://cdn.skypack.dev/-/google-protobuf@v3.21.2-YDUqZL2TTSsy2lGtfuND/dist=es2019,mode=imports/optimized/google-protobuf.js:4081:18)
    at jspb.BinaryReader.skipFixed64Field (https://cdn.skypack.dev/-/google-protobuf@v3.21.2-YDUqZL2TTSsy2lGtfuND/dist=es2019,mode=imports/optimized/google-protobuf.js:4409:163)
    at jspb.BinaryReader.skipField (https://cdn.skypack.dev/-/google-protobuf@v3.21.2-YDUqZL2TTSsy2lGtfuND/dist=es2019,mode=imports/optimized/google-protobuf.js:4432:14)
    at Function.deserialize (file:///Users/thesayyn/Documents/thesayyn/protoc-gen-ts/target/debug/build/protoc_gen_ts-8cec2bec66276c47/out/test_conformance/test_messages_proto2.ts:865:24)
    at file:///Users/thesayyn/Documents/thesayyn/protoc-gen-ts/tests/conformance/bin/main.ts:30:78

  protobuf_test_messages.proto3.TestAllTypesProto3 1
  Error: Assertion failed
    at Object.jspb.asserts.doAssertFailure (https://cdn.skypack.dev/-/google-protobuf@v3.21.2-YDUqZL2TTSsy2lGtfuND/dist=es2019,mode=imports/optimized/google-protobuf.js:778:11)
    at Object.jspb.asserts.assert (https://cdn.skypack.dev/-/google-protobuf@v3.21.2-YDUqZL2TTSsy2lGtfuND/dist=es2019,mode=imports/optimized/google-protobuf.js:783:23)
    at jspb.BinaryDecoder.readUint32 (https://cdn.skypack.dev/-/google-protobuf@v3.21.2-YDUqZL2TTSsy2lGtfuND/dist=es2019,mode=imports/optimized/google-protobuf.js:4202:18)
    at jspb.BinaryDecoder.readDouble (https://cdn.skypack.dev/-/google-protobuf@v3.21.2-YDUqZL2TTSsy2lGtfuND/dist=es2019,mode=imports/optimized/google-protobuf.js:4244:41)
    at jspb.BinaryReader.readPackedField_ (https://cdn.skypack.dev/-/google-protobuf@v3.21.2-YDUqZL2TTSsy2lGtfuND/dist=es2019,mode=imports/optimized/google-protobuf.js:4676:16)
    at jspb.BinaryReader.readPackedDouble (https://cdn.skypack.dev/-/google-protobuf@v3.21.2-YDUqZL2TTSsy2lGtfuND/dist=es2019,mode=imports/optimized/google-protobuf.js:4745:17)
    at Function.deserialize (file:///Users/thesayyn/Documents/thesayyn/protoc-gen-ts/target/debug/build/protoc_gen_ts-8cec2bec66276c47/out/test_conformance/test_messages_proto3.ts:285:78)
    at file:///Users/thesayyn/Documents/thesayyn/protoc-gen-ts/tests/conformance/bin/main.ts:23:78

  protobuf_test_messages.proto2.TestAllTypesProto2 1
  Error: Assertion failed
    at Object.jspb.asserts.doAssertFailure (https://cdn.skypack.dev/-/google-protobuf@v3.21.2-YDUqZL2TTSsy2lGtfuND/dist=es2019,mode=imports/optimized/google-protobuf.js:778:11)
    at Object.jspb.asserts.assert (https://cdn.skypack.dev/-/google-protobuf@v3.21.2-YDUqZL2TTSsy2lGtfuND/dist=es2019,mode=imports/optimized/google-protobuf.js:783:23)
    at jspb.BinaryReader.readDouble (https://cdn.skypack.dev/-/google-protobuf@v3.21.2-YDUqZL2TTSsy2lGtfuND/dist=es2019,mode=imports/optimized/google-protobuf.js:4619:18)
    at Function.deserialize (file:///Users/thesayyn/Documents/thesayyn/protoc-gen-ts/target/debug/build/protoc_gen_ts-8cec2bec66276c47/out/test_conformance/test_messages_proto2.ts:247:53)
    at file:///Users/thesayyn/Documents/thesayyn/protoc-gen-ts/tests/conformance/bin/main.ts:30:78

  protobuf_test_messages.proto3.TestAllTypesProto3 1
  Error: Assertion failed
    at Object.jspb.asserts.doAssertFailure (https://cdn.skypack.dev/-/google-protobuf@v3.21.2-YDUqZL2TTSsy2lGtfuND/dist=es2019,mode=imports/optimized/google-protobuf.js:778:11)
    at Object.jspb.asserts.assert (https://cdn.skypack.dev/-/google-protobuf@v3.21.2-YDUqZL2TTSsy2lGtfuND/dist=es2019,mode=imports/optimized/google-protobuf.js:783:23)
    at jspb.BinaryDecoder.readUint32 (https://cdn.skypack.dev/-/google-protobuf@v3.21.2-YDUqZL2TTSsy2lGtfuND/dist=es2019,mode=imports/optimized/google-protobuf.js:4202:18)
    at jspb.BinaryDecoder.readDouble (https://cdn.skypack.dev/-/google-protobuf@v3.21.2-YDUqZL2TTSsy2lGtfuND/dist=es2019,mode=imports/optimized/google-protobuf.js:4244:18)
    at jspb.BinaryReader.readPackedField_ (https://cdn.skypack.dev/-/google-protobuf@v3.21.2-YDUqZL2TTSsy2lGtfuND/dist=es2019,mode=imports/optimized/google-protobuf.js:4676:16)
    at jspb.BinaryReader.readPackedDouble (https://cdn.skypack.dev/-/google-protobuf@v3.21.2-YDUqZL2TTSsy2lGtfuND/dist=es2019,mode=imports/optimized/google-protobuf.js:4745:17)
    at Function.deserialize (file:///Users/thesayyn/Documents/thesayyn/protoc-gen-ts/target/debug/build/protoc_gen_ts-8cec2bec66276c47/out/test_conformance/test_messages_proto3.ts:285:78)
    at file:///Users/thesayyn/Documents/thesayyn/protoc-gen-ts/tests/conformance/bin/main.ts:23:78

  protobuf_test_messages.proto2.TestAllTypesProto2 1
  Error: Assertion failed
    at Object.jspb.asserts.doAssertFailure (https://cdn.skypack.dev/-/google-protobuf@v3.21.2-YDUqZL2TTSsy2lGtfuND/dist=es2019,mode=imports/optimized/google-protobuf.js:778:11)
    at Object.jspb.asserts.assert (https://cdn.skypack.dev/-/google-protobuf@v3.21.2-YDUqZL2TTSsy2lGtfuND/dist=es2019,mode=imports/optimized/google-protobuf.js:783:23)
    at jspb.BinaryReader.readDouble (https://cdn.skypack.dev/-/google-protobuf@v3.21.2-YDUqZL2TTSsy2lGtfuND/dist=es2019,mode=imports/optimized/google-protobuf.js:4619:18)
    at Function.deserialize (file:///Users/thesayyn/Documents/thesayyn/protoc-gen-ts/target/debug/build/protoc_gen_ts-8cec2bec66276c47/out/test_conformance/test_messages_proto2.ts:247:53)
    at file:///Users/thesayyn/Documents/thesayyn/protoc-gen-ts/tests/conformance/bin/main.ts:30:78

  protobuf_test_messages.proto3.TestAllTypesProto3 1
  Error: Assertion failed
    at Object.jspb.asserts.doAssertFailure (https://cdn.skypack.dev/-/google-protobuf@v3.21.2-YDUqZL2TTSsy2lGtfuND/dist=es2019,mode=imports/optimized/google-protobuf.js:778:11)
    at Object.jspb.asserts.assert (https://cdn.skypack.dev/-/google-protobuf@v3.21.2-YDUqZL2TTSsy2lGtfuND/dist=es2019,mode=imports/optimized/google-protobuf.js:783:23)
    at jspb.BinaryDecoder.readUint32 (https://cdn.skypack.dev/-/google-protobuf@v3.21.2-YDUqZL2TTSsy2lGtfuND/dist=es2019,mode=imports/optimized/google-protobuf.js:4202:18)
    at jspb.BinaryDecoder.readFloat (https://cdn.skypack.dev/-/google-protobuf@v3.21.2-YDUqZL2TTSsy2lGtfuND/dist=es2019,mode=imports/optimized/google-protobuf.js:4240:18)
    at jspb.BinaryReader.readFloat (https://cdn.skypack.dev/-/google-protobuf@v3.21.2-YDUqZL2TTSsy2lGtfuND/dist=es2019,mode=imports/optimized/google-protobuf.js:4615:26)
    at Function.deserialize (file:///Users/thesayyn/Documents/thesayyn/protoc-gen-ts/target/debug/build/protoc_gen_ts-8cec2bec66276c47/out/test_conformance/test_messages_proto3.ts:202:49)
    at file:///Users/thesayyn/Documents/thesayyn/protoc-gen-ts/tests/conformance/bin/main.ts:23:78

  protobuf_test_messages.proto2.TestAllTypesProto2 1
  Error: Assertion failed
    at Object.jspb.asserts.doAssertFailure (https://cdn.skypack.dev/-/google-protobuf@v3.21.2-YDUqZL2TTSsy2lGtfuND/dist=es2019,mode=imports/optimized/google-protobuf.js:778:11)
    at Object.jspb.asserts.assert (https://cdn.skypack.dev/-/google-protobuf@v3.21.2-YDUqZL2TTSsy2lGtfuND/dist=es2019,mode=imports/optimized/google-protobuf.js:783:23)
    at jspb.BinaryDecoder.readUint32 (https://cdn.skypack.dev/-/google-protobuf@v3.21.2-YDUqZL2TTSsy2lGtfuND/dist=es2019,mode=imports/optimized/google-protobuf.js:4202:18)
    at jspb.BinaryDecoder.readFloat (https://cdn.skypack.dev/-/google-protobuf@v3.21.2-YDUqZL2TTSsy2lGtfuND/dist=es2019,mode=imports/optimized/google-protobuf.js:4240:18)
    at jspb.BinaryReader.readFloat (https://cdn.skypack.dev/-/google-protobuf@v3.21.2-YDUqZL2TTSsy2lGtfuND/dist=es2019,mode=imports/optimized/google-protobuf.js:4615:26)
    at Function.deserialize (file:///Users/thesayyn/Documents/thesayyn/protoc-gen-ts/target/debug/build/protoc_gen_ts-8cec2bec66276c47/out/test_conformance/test_messages_proto2.ts:178:49)
    at file:///Users/thesayyn/Documents/thesayyn/protoc-gen-ts/tests/conformance/bin/main.ts:30:78

  protobuf_test_messages.proto3.TestAllTypesProto3 1
  Error: Assertion failed
    at Object.jspb.asserts.doAssertFailure (https://cdn.skypack.dev/-/google-protobuf@v3.21.2-YDUqZL2TTSsy2lGtfuND/dist=es2019,mode=imports/optimized/google-protobuf.js:778:11)
    at Object.jspb.asserts.assert (https://cdn.skypack.dev/-/google-protobuf@v3.21.2-YDUqZL2TTSsy2lGtfuND/dist=es2019,mode=imports/optimized/google-protobuf.js:783:23)
    at jspb.BinaryDecoder.readUint32 (https://cdn.skypack.dev/-/google-protobuf@v3.21.2-YDUqZL2TTSsy2lGtfuND/dist=es2019,mode=imports/optimized/google-protobuf.js:4202:18)
    at jspb.BinaryDecoder.readFloat (https://cdn.skypack.dev/-/google-protobuf@v3.21.2-YDUqZL2TTSsy2lGtfuND/dist=es2019,mode=imports/optimized/google-protobuf.js:4240:18)
    at jspb.BinaryReader.readFloat (https://cdn.skypack.dev/-/google-protobuf@v3.21.2-YDUqZL2TTSsy2lGtfuND/dist=es2019,mode=imports/optimized/google-protobuf.js:4615:26)
    at Function.deserialize (file:///Users/thesayyn/Documents/thesayyn/protoc-gen-ts/target/debug/build/protoc_gen_ts-8cec2bec66276c47/out/test_conformance/test_messages_proto3.ts:282:57)
    at file:///Users/thesayyn/Documents/thesayyn/protoc-gen-ts/tests/conformance/bin/main.ts:23:78

  protobuf_test_messages.proto2.TestAllTypesProto2 1
  Error: Assertion failed
    at Object.jspb.asserts.doAssertFailure (https://cdn.skypack.dev/-/google-protobuf@v3.21.2-YDUqZL2TTSsy2lGtfuND/dist=es2019,mode=imports/optimized/google-protobuf.js:778:11)
    at Object.jspb.asserts.assert (https://cdn.skypack.dev/-/google-protobuf@v3.21.2-YDUqZL2TTSsy2lGtfuND/dist=es2019,mode=imports/optimized/google-protobuf.js:783:23)
    at jspb.BinaryDecoder.readUint32 (https://cdn.skypack.dev/-/google-protobuf@v3.21.2-YDUqZL2TTSsy2lGtfuND/dist=es2019,mode=imports/optimized/google-protobuf.js:4202:18)
    at jspb.BinaryDecoder.readFloat (https://cdn.skypack.dev/-/google-protobuf@v3.21.2-YDUqZL2TTSsy2lGtfuND/dist=es2019,mode=imports/optimized/google-protobuf.js:4240:18)
    at jspb.BinaryReader.readFloat (https://cdn.skypack.dev/-/google-protobuf@v3.21.2-YDUqZL2TTSsy2lGtfuND/dist=es2019,mode=imports/optimized/google-protobuf.js:4615:26)
    at Function.deserialize (file:///Users/thesayyn/Documents/thesayyn/protoc-gen-ts/target/debug/build/protoc_gen_ts-8cec2bec66276c47/out/test_conformance/test_messages_proto2.ts:244:52)
    at file:///Users/thesayyn/Documents/thesayyn/protoc-gen-ts/tests/conformance/bin/main.ts:30:78

  protobuf_test_messages.proto3.TestAllTypesProto3 1
  Error: Assertion failed
    at Object.jspb.asserts.doAssertFailure (https://cdn.skypack.dev/-/google-protobuf@v3.21.2-YDUqZL2TTSsy2lGtfuND/dist=es2019,mode=imports/optimized/google-protobuf.js:778:11)
    at Object.jspb.asserts.assert (https://cdn.skypack.dev/-/google-protobuf@v3.21.2-YDUqZL2TTSsy2lGtfuND/dist=es2019,mode=imports/optimized/google-protobuf.js:783:23)
    at jspb.BinaryDecoder.advance (https://cdn.skypack.dev/-/google-protobuf@v3.21.2-YDUqZL2TTSsy2lGtfuND/dist=es2019,mode=imports/optimized/google-protobuf.js:4081:18)
    at jspb.BinaryReader.skipFixed32Field (https://cdn.skypack.dev/-/google-protobuf@v3.21.2-YDUqZL2TTSsy2lGtfuND/dist=es2019,mode=imports/optimized/google-protobuf.js:4406:163)
    at jspb.BinaryReader.skipField (https://cdn.skypack.dev/-/google-protobuf@v3.21.2-YDUqZL2TTSsy2lGtfuND/dist=es2019,mode=imports/optimized/google-protobuf.js:4438:14)
    at Function.deserialize (file:///Users/thesayyn/Documents/thesayyn/protoc-gen-ts/target/debug/build/protoc_gen_ts-8cec2bec66276c47/out/test_conformance/test_messages_proto3.ts:958:24)
    at file:///Users/thesayyn/Documents/thesayyn/protoc-gen-ts/tests/conformance/bin/main.ts:23:78

  protobuf_test_messages.proto2.TestAllTypesProto2 1
  Error: Assertion failed
    at Object.jspb.asserts.doAssertFailure (https://cdn.skypack.dev/-/google-protobuf@v3.21.2-YDUqZL2TTSsy2lGtfuND/dist=es2019,mode=imports/optimized/google-protobuf.js:778:11)
    at Object.jspb.asserts.assert (https://cdn.skypack.dev/-/google-protobuf@v3.21.2-YDUqZL2TTSsy2lGtfuND/dist=es2019,mode=imports/optimized/google-protobuf.js:783:23)
    at jspb.BinaryDecoder.advance (https://cdn.skypack.dev/-/google-protobuf@v3.21.2-YDUqZL2TTSsy2lGtfuND/dist=es2019,mode=imports/optimized/google-protobuf.js:4081:18)
    at jspb.BinaryReader.skipFixed32Field (https://cdn.skypack.dev/-/google-protobuf@v3.21.2-YDUqZL2TTSsy2lGtfuND/dist=es2019,mode=imports/optimized/google-protobuf.js:4406:163)
    at jspb.BinaryReader.skipField (https://cdn.skypack.dev/-/google-protobuf@v3.21.2-YDUqZL2TTSsy2lGtfuND/dist=es2019,mode=imports/optimized/google-protobuf.js:4438:14)
    at Function.deserialize (file:///Users/thesayyn/Documents/thesayyn/protoc-gen-ts/target/debug/build/protoc_gen_ts-8cec2bec66276c47/out/test_conformance/test_messages_proto2.ts:865:24)
    at file:///Users/thesayyn/Documents/thesayyn/protoc-gen-ts/tests/conformance/bin/main.ts:30:78

  protobuf_test_messages.proto3.TestAllTypesProto3 1
  Error: Assertion failed
    at Object.jspb.asserts.doAssertFailure (https://cdn.skypack.dev/-/google-protobuf@v3.21.2-YDUqZL2TTSsy2lGtfuND/dist=es2019,mode=imports/optimized/google-protobuf.js:778:11)
    at Object.jspb.asserts.assert (https://cdn.skypack.dev/-/google-protobuf@v3.21.2-YDUqZL2TTSsy2lGtfuND/dist=es2019,mode=imports/optimized/google-protobuf.js:783:23)
    at jspb.BinaryDecoder.readUint32 (https://cdn.skypack.dev/-/google-protobuf@v3.21.2-YDUqZL2TTSsy2lGtfuND/dist=es2019,mode=imports/optimized/google-protobuf.js:4202:18)
    at jspb.BinaryDecoder.readFloat (https://cdn.skypack.dev/-/google-protobuf@v3.21.2-YDUqZL2TTSsy2lGtfuND/dist=es2019,mode=imports/optimized/google-protobuf.js:4240:18)
    at jspb.BinaryReader.readFloat (https://cdn.skypack.dev/-/google-protobuf@v3.21.2-YDUqZL2TTSsy2lGtfuND/dist=es2019,mode=imports/optimized/google-protobuf.js:4615:26)
    at Function.deserialize (file:///Users/thesayyn/Documents/thesayyn/protoc-gen-ts/target/debug/build/protoc_gen_ts-8cec2bec66276c47/out/test_conformance/test_messages_proto3.ts:202:49)
    at file:///Users/thesayyn/Documents/thesayyn/protoc-gen-ts/tests/conformance/bin/main.ts:23:78

  protobuf_test_messages.proto2.TestAllTypesProto2 1
  Error: Assertion failed
    at Object.jspb.asserts.doAssertFailure (https://cdn.skypack.dev/-/google-protobuf@v3.21.2-YDUqZL2TTSsy2lGtfuND/dist=es2019,mode=imports/optimized/google-protobuf.js:778:11)
    at Object.jspb.asserts.assert (https://cdn.skypack.dev/-/google-protobuf@v3.21.2-YDUqZL2TTSsy2lGtfuND/dist=es2019,mode=imports/optimized/google-protobuf.js:783:23)
    at jspb.BinaryDecoder.readUint32 (https://cdn.skypack.dev/-/google-protobuf@v3.21.2-YDUqZL2TTSsy2lGtfuND/dist=es2019,mode=imports/optimized/google-protobuf.js:4202:18)
    at jspb.BinaryDecoder.readFloat (https://cdn.skypack.dev/-/google-protobuf@v3.21.2-YDUqZL2TTSsy2lGtfuND/dist=es2019,mode=imports/optimized/google-protobuf.js:4240:18)
    at jspb.BinaryReader.readFloat (https://cdn.skypack.dev/-/google-protobuf@v3.21.2-YDUqZL2TTSsy2lGtfuND/dist=es2019,mode=imports/optimized/google-protobuf.js:4615:26)
    at Function.deserialize (file:///Users/thesayyn/Documents/thesayyn/protoc-gen-ts/target/debug/build/protoc_gen_ts-8cec2bec66276c47/out/test_conformance/test_messages_proto2.ts:178:49)
    at file:///Users/thesayyn/Documents/thesayyn/protoc-gen-ts/tests/conformance/bin/main.ts:30:78

  protobuf_test_messages.proto3.TestAllTypesProto3 1
  Error: Assertion failed
    at Object.jspb.asserts.doAssertFailure (https://cdn.skypack.dev/-/google-protobuf@v3.21.2-YDUqZL2TTSsy2lGtfuND/dist=es2019,mode=imports/optimized/google-protobuf.js:778:11)
    at Object.jspb.asserts.assert (https://cdn.skypack.dev/-/google-protobuf@v3.21.2-YDUqZL2TTSsy2lGtfuND/dist=es2019,mode=imports/optimized/google-protobuf.js:783:23)
    at jspb.BinaryDecoder.readUint32 (https://cdn.skypack.dev/-/google-protobuf@v3.21.2-YDUqZL2TTSsy2lGtfuND/dist=es2019,mode=imports/optimized/google-protobuf.js:4202:18)
    at jspb.BinaryDecoder.readFloat (https://cdn.skypack.dev/-/google-protobuf@v3.21.2-YDUqZL2TTSsy2lGtfuND/dist=es2019,mode=imports/optimized/google-protobuf.js:4240:18)
    at jspb.BinaryReader.readFloat (https://cdn.skypack.dev/-/google-protobuf@v3.21.2-YDUqZL2TTSsy2lGtfuND/dist=es2019,mode=imports/optimized/google-protobuf.js:4615:26)
    at Function.deserialize (file:///Users/thesayyn/Documents/thesayyn/protoc-gen-ts/target/debug/build/protoc_gen_ts-8cec2bec66276c47/out/test_conformance/test_messages_proto3.ts:282:57)
    at file:///Users/thesayyn/Documents/thesayyn/protoc-gen-ts/tests/conformance/bin/main.ts:23:78

  protobuf_test_messages.proto2.TestAllTypesProto2 1
  Error: Assertion failed
    at Object.jspb.asserts.doAssertFailure (https://cdn.skypack.dev/-/google-protobuf@v3.21.2-YDUqZL2TTSsy2lGtfuND/dist=es2019,mode=imports/optimized/google-protobuf.js:778:11)
    at Object.jspb.asserts.assert (https://cdn.skypack.dev/-/google-protobuf@v3.21.2-YDUqZL2TTSsy2lGtfuND/dist=es2019,mode=imports/optimized/google-protobuf.js:783:23)
    at jspb.BinaryDecoder.readUint32 (https://cdn.skypack.dev/-/google-protobuf@v3.21.2-YDUqZL2TTSsy2lGtfuND/dist=es2019,mode=imports/optimized/google-protobuf.js:4202:18)
    at jspb.BinaryDecoder.readFloat (https://cdn.skypack.dev/-/google-protobuf@v3.21.2-YDUqZL2TTSsy2lGtfuND/dist=es2019,mode=imports/optimized/google-protobuf.js:4240:18)
    at jspb.BinaryReader.readFloat (https://cdn.skypack.dev/-/google-protobuf@v3.21.2-YDUqZL2TTSsy2lGtfuND/dist=es2019,mode=imports/optimized/google-protobuf.js:4615:26)
    at Function.deserialize (file:///Users/thesayyn/Documents/thesayyn/protoc-gen-ts/target/debug/build/protoc_gen_ts-8cec2bec66276c47/out/test_conformance/test_messages_proto2.ts:244:52)
    at file:///Users/thesayyn/Documents/thesayyn/protoc-gen-ts/tests/conformance/bin/main.ts:30:78

  protobuf_test_messages.proto3.TestAllTypesProto3 1
  Error: Assertion failed
    at Object.jspb.asserts.doAssertFailure (https://cdn.skypack.dev/-/google-protobuf@v3.21.2-YDUqZL2TTSsy2lGtfuND/dist=es2019,mode=imports/optimized/google-protobuf.js:778:11)
    at Object.jspb.asserts.assert (https://cdn.skypack.dev/-/google-protobuf@v3.21.2-YDUqZL2TTSsy2lGtfuND/dist=es2019,mode=imports/optimized/google-protobuf.js:783:23)
    at jspb.BinaryDecoder.advance (https://cdn.skypack.dev/-/google-protobuf@v3.21.2-YDUqZL2TTSsy2lGtfuND/dist=es2019,mode=imports/optimized/google-protobuf.js:4081:18)
    at jspb.BinaryReader.skipFixed32Field (https://cdn.skypack.dev/-/google-protobuf@v3.21.2-YDUqZL2TTSsy2lGtfuND/dist=es2019,mode=imports/optimized/google-protobuf.js:4406:163)
    at jspb.BinaryReader.skipField (https://cdn.skypack.dev/-/google-protobuf@v3.21.2-YDUqZL2TTSsy2lGtfuND/dist=es2019,mode=imports/optimized/google-protobuf.js:4438:14)
    at Function.deserialize (file:///Users/thesayyn/Documents/thesayyn/protoc-gen-ts/target/debug/build/protoc_gen_ts-8cec2bec66276c47/out/test_conformance/test_messages_proto3.ts:958:24)
    at file:///Users/thesayyn/Documents/thesayyn/protoc-gen-ts/tests/conformance/bin/main.ts:23:78

  protobuf_test_messages.proto2.TestAllTypesProto2 1
  Error: Assertion failed
    at Object.jspb.asserts.doAssertFailure (https://cdn.skypack.dev/-/google-protobuf@v3.21.2-YDUqZL2TTSsy2lGtfuND/dist=es2019,mode=imports/optimized/google-protobuf.js:778:11)
    at Object.jspb.asserts.assert (https://cdn.skypack.dev/-/google-protobuf@v3.21.2-YDUqZL2TTSsy2lGtfuND/dist=es2019,mode=imports/optimized/google-protobuf.js:783:23)
    at jspb.BinaryDecoder.advance (https://cdn.skypack.dev/-/google-protobuf@v3.21.2-YDUqZL2TTSsy2lGtfuND/dist=es2019,mode=imports/optimized/google-protobuf.js:4081:18)
    at jspb.BinaryReader.skipFixed32Field (https://cdn.skypack.dev/-/google-protobuf@v3.21.2-YDUqZL2TTSsy2lGtfuND/dist=es2019,mode=imports/optimized/google-protobuf.js:4406:163)
    at jspb.BinaryReader.skipField (https://cdn.skypack.dev/-/google-protobuf@v3.21.2-YDUqZL2TTSsy2lGtfuND/dist=es2019,mode=imports/optimized/google-protobuf.js:4438:14)
    at Function.deserialize (file:///Users/thesayyn/Documents/thesayyn/protoc-gen-ts/target/debug/build/protoc_gen_ts-8cec2bec66276c47/out/test_conformance/test_messages_proto2.ts:865:24)
    at file:///Users/thesayyn/Documents/thesayyn/protoc-gen-ts/tests/conformance/bin/main.ts:30:78

  protobuf_test_messages.proto3.TestAllTypesProto3 1
  Error: Assertion failed
    at Object.jspb.asserts.doAssertFailure (https://cdn.skypack.dev/-/google-protobuf@v3.21.2-YDUqZL2TTSsy2lGtfuND/dist=es2019,mode=imports/optimized/google-protobuf.js:778:11)
    at Object.jspb.asserts.assert (https://cdn.skypack.dev/-/google-protobuf@v3.21.2-YDUqZL2TTSsy2lGtfuND/dist=es2019,mode=imports/optimized/google-protobuf.js:783:23)
    at jspb.BinaryDecoder.readUint32 (https://cdn.skypack.dev/-/google-protobuf@v3.21.2-YDUqZL2TTSsy2lGtfuND/dist=es2019,mode=imports/optimized/google-protobuf.js:4202:18)
    at jspb.BinaryDecoder.readFloat (https://cdn.skypack.dev/-/google-protobuf@v3.21.2-YDUqZL2TTSsy2lGtfuND/dist=es2019,mode=imports/optimized/google-protobuf.js:4240:18)
    at jspb.BinaryReader.readPackedField_ (https://cdn.skypack.dev/-/google-protobuf@v3.21.2-YDUqZL2TTSsy2lGtfuND/dist=es2019,mode=imports/optimized/google-protobuf.js:4676:16)
    at jspb.BinaryReader.readPackedFloat (https://cdn.skypack.dev/-/google-protobuf@v3.21.2-YDUqZL2TTSsy2lGtfuND/dist=es2019,mode=imports/optimized/google-protobuf.js:4741:17)
    at Function.deserialize (file:///Users/thesayyn/Documents/thesayyn/protoc-gen-ts/target/debug/build/protoc_gen_ts-8cec2bec66276c47/out/test_conformance/test_messages_proto3.ts:281:77)
    at file:///Users/thesayyn/Documents/thesayyn/protoc-gen-ts/tests/conformance/bin/main.ts:23:78

  protobuf_test_messages.proto2.TestAllTypesProto2 1
  Error: Assertion failed
    at Object.jspb.asserts.doAssertFailure (https://cdn.skypack.dev/-/google-protobuf@v3.21.2-YDUqZL2TTSsy2lGtfuND/dist=es2019,mode=imports/optimized/google-protobuf.js:778:11)
    at Object.jspb.asserts.assert (https://cdn.skypack.dev/-/google-protobuf@v3.21.2-YDUqZL2TTSsy2lGtfuND/dist=es2019,mode=imports/optimized/google-protobuf.js:783:23)
    at jspb.BinaryReader.readFloat (https://cdn.skypack.dev/-/google-protobuf@v3.21.2-YDUqZL2TTSsy2lGtfuND/dist=es2019,mode=imports/optimized/google-protobuf.js:4614:18)
    at Function.deserialize (file:///Users/thesayyn/Documents/thesayyn/protoc-gen-ts/target/debug/build/protoc_gen_ts-8cec2bec66276c47/out/test_conformance/test_messages_proto2.ts:244:52)
    at file:///Users/thesayyn/Documents/thesayyn/protoc-gen-ts/tests/conformance/bin/main.ts:30:78

  protobuf_test_messages.proto3.TestAllTypesProto3 1
  Error: Assertion failed
    at Object.jspb.asserts.doAssertFailure (https://cdn.skypack.dev/-/google-protobuf@v3.21.2-YDUqZL2TTSsy2lGtfuND/dist=es2019,mode=imports/optimized/google-protobuf.js:778:11)
    at Object.jspb.asserts.assert (https://cdn.skypack.dev/-/google-protobuf@v3.21.2-YDUqZL2TTSsy2lGtfuND/dist=es2019,mode=imports/optimized/google-protobuf.js:783:23)
    at jspb.BinaryDecoder.readUint32 (https://cdn.skypack.dev/-/google-protobuf@v3.21.2-YDUqZL2TTSsy2lGtfuND/dist=es2019,mode=imports/optimized/google-protobuf.js:4202:18)
    at jspb.BinaryDecoder.readFloat (https://cdn.skypack.dev/-/google-protobuf@v3.21.2-YDUqZL2TTSsy2lGtfuND/dist=es2019,mode=imports/optimized/google-protobuf.js:4240:18)
    at jspb.BinaryReader.readPackedField_ (https://cdn.skypack.dev/-/google-protobuf@v3.21.2-YDUqZL2TTSsy2lGtfuND/dist=es2019,mode=imports/optimized/google-protobuf.js:4676:16)
    at jspb.BinaryReader.readPackedFloat (https://cdn.skypack.dev/-/google-protobuf@v3.21.2-YDUqZL2TTSsy2lGtfuND/dist=es2019,mode=imports/optimized/google-protobuf.js:4741:17)
    at Function.deserialize (file:///Users/thesayyn/Documents/thesayyn/protoc-gen-ts/target/debug/build/protoc_gen_ts-8cec2bec66276c47/out/test_conformance/test_messages_proto3.ts:281:77)
    at file:///Users/thesayyn/Documents/thesayyn/protoc-gen-ts/tests/conformance/bin/main.ts:23:78

  protobuf_test_messages.proto2.TestAllTypesProto2 1
  Error: Assertion failed
    at Object.jspb.asserts.doAssertFailure (https://cdn.skypack.dev/-/google-protobuf@v3.21.2-YDUqZL2TTSsy2lGtfuND/dist=es2019,mode=imports/optimized/google-protobuf.js:778:11)
    at Object.jspb.asserts.assert (https://cdn.skypack.dev/-/google-protobuf@v3.21.2-YDUqZL2TTSsy2lGtfuND/dist=es2019,mode=imports/optimized/google-protobuf.js:783:23)
    at jspb.BinaryReader.readFloat (https://cdn.skypack.dev/-/google-protobuf@v3.21.2-YDUqZL2TTSsy2lGtfuND/dist=es2019,mode=imports/optimized/google-protobuf.js:4614:18)
    at Function.deserialize (file:///Users/thesayyn/Documents/thesayyn/protoc-gen-ts/target/debug/build/protoc_gen_ts-8cec2bec66276c47/out/test_conformance/test_messages_proto2.ts:244:52)
    at file:///Users/thesayyn/Documents/thesayyn/protoc-gen-ts/tests/conformance/bin/main.ts:30:78

  protobuf_test_messages.proto3.TestAllTypesProto3 1
  Error: Failure: Failed to read varint, encoding is invalid.
    at Object.jspb.asserts.fail (https://cdn.skypack.dev/-/google-protobuf@v3.21.2-YDUqZL2TTSsy2lGtfuND/dist=es2019,mode=imports/optimized/google-protobuf.js:801:11)
    at jspb.BinaryDecoder.readSplitVarint64 (https://cdn.skypack.dev/-/google-protobuf@v3.21.2-YDUqZL2TTSsy2lGtfuND/dist=es2019,mode=imports/optimized/google-protobuf.js:4101:18)
    at jspb.BinaryDecoder.readSignedVarint64 (https://cdn.skypack.dev/-/google-protobuf@v3.21.2-YDUqZL2TTSsy2lGtfuND/dist=es2019,mode=imports/optimized/google-protobuf.js:4173:17)
    at jspb.BinaryReader.readInt64 (https://cdn.skypack.dev/-/google-protobuf@v3.21.2-YDUqZL2TTSsy2lGtfuND/dist=es2019,mode=imports/optimized/google-protobuf.js:4542:26)
    at Function.deserialize (file:///Users/thesayyn/Documents/thesayyn/protoc-gen-ts/target/debug/build/protoc_gen_ts-8cec2bec66276c47/out/test_conformance/test_messages_proto3.ts:175:49)
    at file:///Users/thesayyn/Documents/thesayyn/protoc-gen-ts/tests/conformance/bin/main.ts:23:78

  protobuf_test_messages.proto2.TestAllTypesProto2 1
  Error: Failure: Failed to read varint, encoding is invalid.
    at Object.jspb.asserts.fail (https://cdn.skypack.dev/-/google-protobuf@v3.21.2-YDUqZL2TTSsy2lGtfuND/dist=es2019,mode=imports/optimized/google-protobuf.js:801:11)
    at jspb.BinaryDecoder.readSplitVarint64 (https://cdn.skypack.dev/-/google-protobuf@v3.21.2-YDUqZL2TTSsy2lGtfuND/dist=es2019,mode=imports/optimized/google-protobuf.js:4101:18)
    at jspb.BinaryDecoder.readSignedVarint64 (https://cdn.skypack.dev/-/google-protobuf@v3.21.2-YDUqZL2TTSsy2lGtfuND/dist=es2019,mode=imports/optimized/google-protobuf.js:4173:17)
    at jspb.BinaryReader.readInt64 (https://cdn.skypack.dev/-/google-protobuf@v3.21.2-YDUqZL2TTSsy2lGtfuND/dist=es2019,mode=imports/optimized/google-protobuf.js:4542:26)
    at Function.deserialize (file:///Users/thesayyn/Documents/thesayyn/protoc-gen-ts/target/debug/build/protoc_gen_ts-8cec2bec66276c47/out/test_conformance/test_messages_proto2.ts:151:49)
    at file:///Users/thesayyn/Documents/thesayyn/protoc-gen-ts/tests/conformance/bin/main.ts:30:78

  protobuf_test_messages.proto3.TestAllTypesProto3 1
  Error: Failure: Failed to read varint, encoding is invalid.
    at Object.jspb.asserts.fail (https://cdn.skypack.dev/-/google-protobuf@v3.21.2-YDUqZL2TTSsy2lGtfuND/dist=es2019,mode=imports/optimized/google-protobuf.js:801:11)
    at jspb.BinaryDecoder.readSplitVarint64 (https://cdn.skypack.dev/-/google-protobuf@v3.21.2-YDUqZL2TTSsy2lGtfuND/dist=es2019,mode=imports/optimized/google-protobuf.js:4101:18)
    at jspb.BinaryDecoder.readSignedVarint64 (https://cdn.skypack.dev/-/google-protobuf@v3.21.2-YDUqZL2TTSsy2lGtfuND/dist=es2019,mode=imports/optimized/google-protobuf.js:4173:17)
    at jspb.BinaryReader.readInt64 (https://cdn.skypack.dev/-/google-protobuf@v3.21.2-YDUqZL2TTSsy2lGtfuND/dist=es2019,mode=imports/optimized/google-protobuf.js:4542:26)
    at Function.deserialize (file:///Users/thesayyn/Documents/thesayyn/protoc-gen-ts/target/debug/build/protoc_gen_ts-8cec2bec66276c47/out/test_conformance/test_messages_proto3.ts:246:57)
    at file:///Users/thesayyn/Documents/thesayyn/protoc-gen-ts/tests/conformance/bin/main.ts:23:78

  protobuf_test_messages.proto2.TestAllTypesProto2 1
  Error: Failure: Failed to read varint, encoding is invalid.
    at Object.jspb.asserts.fail (https://cdn.skypack.dev/-/google-protobuf@v3.21.2-YDUqZL2TTSsy2lGtfuND/dist=es2019,mode=imports/optimized/google-protobuf.js:801:11)
    at jspb.BinaryDecoder.readSplitVarint64 (https://cdn.skypack.dev/-/google-protobuf@v3.21.2-YDUqZL2TTSsy2lGtfuND/dist=es2019,mode=imports/optimized/google-protobuf.js:4101:18)
    at jspb.BinaryDecoder.readSignedVarint64 (https://cdn.skypack.dev/-/google-protobuf@v3.21.2-YDUqZL2TTSsy2lGtfuND/dist=es2019,mode=imports/optimized/google-protobuf.js:4173:17)
    at jspb.BinaryReader.readInt64 (https://cdn.skypack.dev/-/google-protobuf@v3.21.2-YDUqZL2TTSsy2lGtfuND/dist=es2019,mode=imports/optimized/google-protobuf.js:4542:26)
    at Function.deserialize (file:///Users/thesayyn/Documents/thesayyn/protoc-gen-ts/target/debug/build/protoc_gen_ts-8cec2bec66276c47/out/test_conformance/test_messages_proto2.ts:217:52)
    at file:///Users/thesayyn/Documents/thesayyn/protoc-gen-ts/tests/conformance/bin/main.ts:30:78

  protobuf_test_messages.proto3.TestAllTypesProto3 1
  Error: Failure: Decoder hit an error
    at Object.jspb.asserts.fail (https://cdn.skypack.dev/-/google-protobuf@v3.21.2-YDUqZL2TTSsy2lGtfuND/dist=es2019,mode=imports/optimized/google-protobuf.js:801:11)
    at jspb.BinaryReader.nextField (https://cdn.skypack.dev/-/google-protobuf@v3.21.2-YDUqZL2TTSsy2lGtfuND/dist=es2019,mode=imports/optimized/google-protobuf.js:4374:27)
    at Function.deserialize (file:///Users/thesayyn/Documents/thesayyn/protoc-gen-ts/target/debug/build/protoc_gen_ts-8cec2bec66276c47/out/test_conformance/test_messages_proto3.ts:169:18)
    at file:///Users/thesayyn/Documents/thesayyn/protoc-gen-ts/tests/conformance/bin/main.ts:23:78

  protobuf_test_messages.proto2.TestAllTypesProto2 1
  Error: Failure: Decoder hit an error
    at Object.jspb.asserts.fail (https://cdn.skypack.dev/-/google-protobuf@v3.21.2-YDUqZL2TTSsy2lGtfuND/dist=es2019,mode=imports/optimized/google-protobuf.js:801:11)
    at jspb.BinaryReader.nextField (https://cdn.skypack.dev/-/google-protobuf@v3.21.2-YDUqZL2TTSsy2lGtfuND/dist=es2019,mode=imports/optimized/google-protobuf.js:4374:27)
    at Function.deserialize (file:///Users/thesayyn/Documents/thesayyn/protoc-gen-ts/target/debug/build/protoc_gen_ts-8cec2bec66276c47/out/test_conformance/test_messages_proto2.ts:145:18)
    at file:///Users/thesayyn/Documents/thesayyn/protoc-gen-ts/tests/conformance/bin/main.ts:30:78

  protobuf_test_messages.proto3.TestAllTypesProto3 1
  Error: Failure: Failed to read varint, encoding is invalid.
    at Object.jspb.asserts.fail (https://cdn.skypack.dev/-/google-protobuf@v3.21.2-YDUqZL2TTSsy2lGtfuND/dist=es2019,mode=imports/optimized/google-protobuf.js:801:11)
    at jspb.BinaryDecoder.readSplitVarint64 (https://cdn.skypack.dev/-/google-protobuf@v3.21.2-YDUqZL2TTSsy2lGtfuND/dist=es2019,mode=imports/optimized/google-protobuf.js:4101:18)
    at jspb.BinaryDecoder.readSignedVarint64 (https://cdn.skypack.dev/-/google-protobuf@v3.21.2-YDUqZL2TTSsy2lGtfuND/dist=es2019,mode=imports/optimized/google-protobuf.js:4173:17)
    at jspb.BinaryReader.readInt64 (https://cdn.skypack.dev/-/google-protobuf@v3.21.2-YDUqZL2TTSsy2lGtfuND/dist=es2019,mode=imports/optimized/google-protobuf.js:4542:26)
    at Function.deserialize (file:///Users/thesayyn/Documents/thesayyn/protoc-gen-ts/target/debug/build/protoc_gen_ts-8cec2bec66276c47/out/test_conformance/test_messages_proto3.ts:175:49)
    at file:///Users/thesayyn/Documents/thesayyn/protoc-gen-ts/tests/conformance/bin/main.ts:23:78

  protobuf_test_messages.proto2.TestAllTypesProto2 1
  Error: Failure: Failed to read varint, encoding is invalid.
    at Object.jspb.asserts.fail (https://cdn.skypack.dev/-/google-protobuf@v3.21.2-YDUqZL2TTSsy2lGtfuND/dist=es2019,mode=imports/optimized/google-protobuf.js:801:11)
    at jspb.BinaryDecoder.readSplitVarint64 (https://cdn.skypack.dev/-/google-protobuf@v3.21.2-YDUqZL2TTSsy2lGtfuND/dist=es2019,mode=imports/optimized/google-protobuf.js:4101:18)
    at jspb.BinaryDecoder.readSignedVarint64 (https://cdn.skypack.dev/-/google-protobuf@v3.21.2-YDUqZL2TTSsy2lGtfuND/dist=es2019,mode=imports/optimized/google-protobuf.js:4173:17)
    at jspb.BinaryReader.readInt64 (https://cdn.skypack.dev/-/google-protobuf@v3.21.2-YDUqZL2TTSsy2lGtfuND/dist=es2019,mode=imports/optimized/google-protobuf.js:4542:26)
    at Function.deserialize (file:///Users/thesayyn/Documents/thesayyn/protoc-gen-ts/target/debug/build/protoc_gen_ts-8cec2bec66276c47/out/test_conformance/test_messages_proto2.ts:151:49)
    at file:///Users/thesayyn/Documents/thesayyn/protoc-gen-ts/tests/conformance/bin/main.ts:30:78

  protobuf_test_messages.proto3.TestAllTypesProto3 1
  Error: Failure: Failed to read varint, encoding is invalid.
    at Object.jspb.asserts.fail (https://cdn.skypack.dev/-/google-protobuf@v3.21.2-YDUqZL2TTSsy2lGtfuND/dist=es2019,mode=imports/optimized/google-protobuf.js:801:11)
    at jspb.BinaryDecoder.readSplitVarint64 (https://cdn.skypack.dev/-/google-protobuf@v3.21.2-YDUqZL2TTSsy2lGtfuND/dist=es2019,mode=imports/optimized/google-protobuf.js:4101:18)
    at jspb.BinaryDecoder.readSignedVarint64 (https://cdn.skypack.dev/-/google-protobuf@v3.21.2-YDUqZL2TTSsy2lGtfuND/dist=es2019,mode=imports/optimized/google-protobuf.js:4173:17)
    at jspb.BinaryReader.readInt64 (https://cdn.skypack.dev/-/google-protobuf@v3.21.2-YDUqZL2TTSsy2lGtfuND/dist=es2019,mode=imports/optimized/google-protobuf.js:4542:26)
    at Function.deserialize (file:///Users/thesayyn/Documents/thesayyn/protoc-gen-ts/target/debug/build/protoc_gen_ts-8cec2bec66276c47/out/test_conformance/test_messages_proto3.ts:246:57)
    at file:///Users/thesayyn/Documents/thesayyn/protoc-gen-ts/tests/conformance/bin/main.ts:23:78

  protobuf_test_messages.proto2.TestAllTypesProto2 1
  Error: Failure: Failed to read varint, encoding is invalid.
    at Object.jspb.asserts.fail (https://cdn.skypack.dev/-/google-protobuf@v3.21.2-YDUqZL2TTSsy2lGtfuND/dist=es2019,mode=imports/optimized/google-protobuf.js:801:11)
    at jspb.BinaryDecoder.readSplitVarint64 (https://cdn.skypack.dev/-/google-protobuf@v3.21.2-YDUqZL2TTSsy2lGtfuND/dist=es2019,mode=imports/optimized/google-protobuf.js:4101:18)
    at jspb.BinaryDecoder.readSignedVarint64 (https://cdn.skypack.dev/-/google-protobuf@v3.21.2-YDUqZL2TTSsy2lGtfuND/dist=es2019,mode=imports/optimized/google-protobuf.js:4173:17)
    at jspb.BinaryReader.readInt64 (https://cdn.skypack.dev/-/google-protobuf@v3.21.2-YDUqZL2TTSsy2lGtfuND/dist=es2019,mode=imports/optimized/google-protobuf.js:4542:26)
    at Function.deserialize (file:///Users/thesayyn/Documents/thesayyn/protoc-gen-ts/target/debug/build/protoc_gen_ts-8cec2bec66276c47/out/test_conformance/test_messages_proto2.ts:217:52)
    at file:///Users/thesayyn/Documents/thesayyn/protoc-gen-ts/tests/conformance/bin/main.ts:30:78

  protobuf_test_messages.proto3.TestAllTypesProto3 1
  Error: Failure: Decoder hit an error
    at Object.jspb.asserts.fail (https://cdn.skypack.dev/-/google-protobuf@v3.21.2-YDUqZL2TTSsy2lGtfuND/dist=es2019,mode=imports/optimized/google-protobuf.js:801:11)
    at jspb.BinaryReader.nextField (https://cdn.skypack.dev/-/google-protobuf@v3.21.2-YDUqZL2TTSsy2lGtfuND/dist=es2019,mode=imports/optimized/google-protobuf.js:4374:27)
    at Function.deserialize (file:///Users/thesayyn/Documents/thesayyn/protoc-gen-ts/target/debug/build/protoc_gen_ts-8cec2bec66276c47/out/test_conformance/test_messages_proto3.ts:169:18)
    at file:///Users/thesayyn/Documents/thesayyn/protoc-gen-ts/tests/conformance/bin/main.ts:23:78

  protobuf_test_messages.proto2.TestAllTypesProto2 1
  Error: Failure: Decoder hit an error
    at Object.jspb.asserts.fail (https://cdn.skypack.dev/-/google-protobuf@v3.21.2-YDUqZL2TTSsy2lGtfuND/dist=es2019,mode=imports/optimized/google-protobuf.js:801:11)
    at jspb.BinaryReader.nextField (https://cdn.skypack.dev/-/google-protobuf@v3.21.2-YDUqZL2TTSsy2lGtfuND/dist=es2019,mode=imports/optimized/google-protobuf.js:4374:27)
    at Function.deserialize (file:///Users/thesayyn/Documents/thesayyn/protoc-gen-ts/target/debug/build/protoc_gen_ts-8cec2bec66276c47/out/test_conformance/test_messages_proto2.ts:145:18)
    at file:///Users/thesayyn/Documents/thesayyn/protoc-gen-ts/tests/conformance/bin/main.ts:30:78

  protobuf_test_messages.proto3.TestAllTypesProto3 1
  Error: Failure: Failed to read varint, encoding is invalid.
    at Object.jspb.asserts.fail (https://cdn.skypack.dev/-/google-protobuf@v3.21.2-YDUqZL2TTSsy2lGtfuND/dist=es2019,mode=imports/optimized/google-protobuf.js:801:11)
    at jspb.BinaryDecoder.readSplitVarint64 (https://cdn.skypack.dev/-/google-protobuf@v3.21.2-YDUqZL2TTSsy2lGtfuND/dist=es2019,mode=imports/optimized/google-protobuf.js:4101:18)
    at jspb.BinaryDecoder.readSignedVarint64 (https://cdn.skypack.dev/-/google-protobuf@v3.21.2-YDUqZL2TTSsy2lGtfuND/dist=es2019,mode=imports/optimized/google-protobuf.js:4173:17)
    at jspb.BinaryReader.readPackedField_ (https://cdn.skypack.dev/-/google-protobuf@v3.21.2-YDUqZL2TTSsy2lGtfuND/dist=es2019,mode=imports/optimized/google-protobuf.js:4676:16)
    at jspb.BinaryReader.readPackedInt64 (https://cdn.skypack.dev/-/google-protobuf@v3.21.2-YDUqZL2TTSsy2lGtfuND/dist=es2019,mode=imports/optimized/google-protobuf.js:4687:17)
    at Function.deserialize (file:///Users/thesayyn/Documents/thesayyn/protoc-gen-ts/target/debug/build/protoc_gen_ts-8cec2bec66276c47/out/test_conformance/test_messages_proto3.ts:245:77)
    at file:///Users/thesayyn/Documents/thesayyn/protoc-gen-ts/tests/conformance/bin/main.ts:23:78

  protobuf_test_messages.proto2.TestAllTypesProto2 1
  Error: Assertion failed
    at Object.jspb.asserts.doAssertFailure (https://cdn.skypack.dev/-/google-protobuf@v3.21.2-YDUqZL2TTSsy2lGtfuND/dist=es2019,mode=imports/optimized/google-protobuf.js:778:11)
    at Object.jspb.asserts.assert (https://cdn.skypack.dev/-/google-protobuf@v3.21.2-YDUqZL2TTSsy2lGtfuND/dist=es2019,mode=imports/optimized/google-protobuf.js:783:23)
    at jspb.BinaryReader.readInt64 (https://cdn.skypack.dev/-/google-protobuf@v3.21.2-YDUqZL2TTSsy2lGtfuND/dist=es2019,mode=imports/optimized/google-protobuf.js:4541:18)
    at Function.deserialize (file:///Users/thesayyn/Documents/thesayyn/protoc-gen-ts/target/debug/build/protoc_gen_ts-8cec2bec66276c47/out/test_conformance/test_messages_proto2.ts:217:52)
    at file:///Users/thesayyn/Documents/thesayyn/protoc-gen-ts/tests/conformance/bin/main.ts:30:78

  protobuf_test_messages.proto3.TestAllTypesProto3 1
  Error: Failure: Failed to read varint, encoding is invalid.
    at Object.jspb.asserts.fail (https://cdn.skypack.dev/-/google-protobuf@v3.21.2-YDUqZL2TTSsy2lGtfuND/dist=es2019,mode=imports/optimized/google-protobuf.js:801:11)
    at jspb.BinaryDecoder.readSplitVarint64 (https://cdn.skypack.dev/-/google-protobuf@v3.21.2-YDUqZL2TTSsy2lGtfuND/dist=es2019,mode=imports/optimized/google-protobuf.js:4101:18)
    at jspb.BinaryDecoder.readSignedVarint64 (https://cdn.skypack.dev/-/google-protobuf@v3.21.2-YDUqZL2TTSsy2lGtfuND/dist=es2019,mode=imports/optimized/google-protobuf.js:4173:17)
    at jspb.BinaryReader.readPackedField_ (https://cdn.skypack.dev/-/google-protobuf@v3.21.2-YDUqZL2TTSsy2lGtfuND/dist=es2019,mode=imports/optimized/google-protobuf.js:4676:16)
    at jspb.BinaryReader.readPackedInt64 (https://cdn.skypack.dev/-/google-protobuf@v3.21.2-YDUqZL2TTSsy2lGtfuND/dist=es2019,mode=imports/optimized/google-protobuf.js:4687:17)
    at Function.deserialize (file:///Users/thesayyn/Documents/thesayyn/protoc-gen-ts/target/debug/build/protoc_gen_ts-8cec2bec66276c47/out/test_conformance/test_messages_proto3.ts:245:77)
    at file:///Users/thesayyn/Documents/thesayyn/protoc-gen-ts/tests/conformance/bin/main.ts:23:78

  protobuf_test_messages.proto2.TestAllTypesProto2 1
  Error: Assertion failed
    at Object.jspb.asserts.doAssertFailure (https://cdn.skypack.dev/-/google-protobuf@v3.21.2-YDUqZL2TTSsy2lGtfuND/dist=es2019,mode=imports/optimized/google-protobuf.js:778:11)
    at Object.jspb.asserts.assert (https://cdn.skypack.dev/-/google-protobuf@v3.21.2-YDUqZL2TTSsy2lGtfuND/dist=es2019,mode=imports/optimized/google-protobuf.js:783:23)
    at jspb.BinaryReader.readInt64 (https://cdn.skypack.dev/-/google-protobuf@v3.21.2-YDUqZL2TTSsy2lGtfuND/dist=es2019,mode=imports/optimized/google-protobuf.js:4541:18)
    at Function.deserialize (file:///Users/thesayyn/Documents/thesayyn/protoc-gen-ts/target/debug/build/protoc_gen_ts-8cec2bec66276c47/out/test_conformance/test_messages_proto2.ts:217:52)
    at file:///Users/thesayyn/Documents/thesayyn/protoc-gen-ts/tests/conformance/bin/main.ts:30:78

  protobuf_test_messages.proto3.TestAllTypesProto3 1
  Error: Failure: Failed to read varint, encoding is invalid.
    at Object.jspb.asserts.fail (https://cdn.skypack.dev/-/google-protobuf@v3.21.2-YDUqZL2TTSsy2lGtfuND/dist=es2019,mode=imports/optimized/google-protobuf.js:801:11)
    at jspb.BinaryDecoder.readSplitVarint64 (https://cdn.skypack.dev/-/google-protobuf@v3.21.2-YDUqZL2TTSsy2lGtfuND/dist=es2019,mode=imports/optimized/google-protobuf.js:4101:18)
    at jspb.BinaryDecoder.readUnsignedVarint64 (https://cdn.skypack.dev/-/google-protobuf@v3.21.2-YDUqZL2TTSsy2lGtfuND/dist=es2019,mode=imports/optimized/google-protobuf.js:4167:17)
    at jspb.BinaryReader.readUint64 (https://cdn.skypack.dev/-/google-protobuf@v3.21.2-YDUqZL2TTSsy2lGtfuND/dist=es2019,mode=imports/optimized/google-protobuf.js:4560:26)
    at Function.deserialize (file:///Users/thesayyn/Documents/thesayyn/protoc-gen-ts/target/debug/build/protoc_gen_ts-8cec2bec66276c47/out/test_conformance/test_messages_proto3.ts:181:50)
    at file:///Users/thesayyn/Documents/thesayyn/protoc-gen-ts/tests/conformance/bin/main.ts:23:78

  protobuf_test_messages.proto2.TestAllTypesProto2 1
  Error: Failure: Failed to read varint, encoding is invalid.
    at Object.jspb.asserts.fail (https://cdn.skypack.dev/-/google-protobuf@v3.21.2-YDUqZL2TTSsy2lGtfuND/dist=es2019,mode=imports/optimized/google-protobuf.js:801:11)
    at jspb.BinaryDecoder.readSplitVarint64 (https://cdn.skypack.dev/-/google-protobuf@v3.21.2-YDUqZL2TTSsy2lGtfuND/dist=es2019,mode=imports/optimized/google-protobuf.js:4101:18)
    at jspb.BinaryDecoder.readUnsignedVarint64 (https://cdn.skypack.dev/-/google-protobuf@v3.21.2-YDUqZL2TTSsy2lGtfuND/dist=es2019,mode=imports/optimized/google-protobuf.js:4167:17)
    at jspb.BinaryReader.readUint64 (https://cdn.skypack.dev/-/google-protobuf@v3.21.2-YDUqZL2TTSsy2lGtfuND/dist=es2019,mode=imports/optimized/google-protobuf.js:4560:26)
    at Function.deserialize (file:///Users/thesayyn/Documents/thesayyn/protoc-gen-ts/target/debug/build/protoc_gen_ts-8cec2bec66276c47/out/test_conformance/test_messages_proto2.ts:157:50)
    at file:///Users/thesayyn/Documents/thesayyn/protoc-gen-ts/tests/conformance/bin/main.ts:30:78

  protobuf_test_messages.proto3.TestAllTypesProto3 1
  Error: Failure: Failed to read varint, encoding is invalid.
    at Object.jspb.asserts.fail (https://cdn.skypack.dev/-/google-protobuf@v3.21.2-YDUqZL2TTSsy2lGtfuND/dist=es2019,mode=imports/optimized/google-protobuf.js:801:11)
    at jspb.BinaryDecoder.readSplitVarint64 (https://cdn.skypack.dev/-/google-protobuf@v3.21.2-YDUqZL2TTSsy2lGtfuND/dist=es2019,mode=imports/optimized/google-protobuf.js:4101:18)
    at jspb.BinaryDecoder.readUnsignedVarint64 (https://cdn.skypack.dev/-/google-protobuf@v3.21.2-YDUqZL2TTSsy2lGtfuND/dist=es2019,mode=imports/optimized/google-protobuf.js:4167:17)
    at jspb.BinaryReader.readUint64 (https://cdn.skypack.dev/-/google-protobuf@v3.21.2-YDUqZL2TTSsy2lGtfuND/dist=es2019,mode=imports/optimized/google-protobuf.js:4560:26)
    at Function.deserialize (file:///Users/thesayyn/Documents/thesayyn/protoc-gen-ts/target/debug/build/protoc_gen_ts-8cec2bec66276c47/out/test_conformance/test_messages_proto3.ts:254:58)
    at file:///Users/thesayyn/Documents/thesayyn/protoc-gen-ts/tests/conformance/bin/main.ts:23:78

  protobuf_test_messages.proto2.TestAllTypesProto2 1
  Error: Failure: Failed to read varint, encoding is invalid.
    at Object.jspb.asserts.fail (https://cdn.skypack.dev/-/google-protobuf@v3.21.2-YDUqZL2TTSsy2lGtfuND/dist=es2019,mode=imports/optimized/google-protobuf.js:801:11)
    at jspb.BinaryDecoder.readSplitVarint64 (https://cdn.skypack.dev/-/google-protobuf@v3.21.2-YDUqZL2TTSsy2lGtfuND/dist=es2019,mode=imports/optimized/google-protobuf.js:4101:18)
    at jspb.BinaryDecoder.readUnsignedVarint64 (https://cdn.skypack.dev/-/google-protobuf@v3.21.2-YDUqZL2TTSsy2lGtfuND/dist=es2019,mode=imports/optimized/google-protobuf.js:4167:17)
    at jspb.BinaryReader.readUint64 (https://cdn.skypack.dev/-/google-protobuf@v3.21.2-YDUqZL2TTSsy2lGtfuND/dist=es2019,mode=imports/optimized/google-protobuf.js:4560:26)
    at Function.deserialize (file:///Users/thesayyn/Documents/thesayyn/protoc-gen-ts/target/debug/build/protoc_gen_ts-8cec2bec66276c47/out/test_conformance/test_messages_proto2.ts:223:53)
    at file:///Users/thesayyn/Documents/thesayyn/protoc-gen-ts/tests/conformance/bin/main.ts:30:78

  protobuf_test_messages.proto3.TestAllTypesProto3 1
  Error: Failure: Decoder hit an error
    at Object.jspb.asserts.fail (https://cdn.skypack.dev/-/google-protobuf@v3.21.2-YDUqZL2TTSsy2lGtfuND/dist=es2019,mode=imports/optimized/google-protobuf.js:801:11)
    at jspb.BinaryReader.nextField (https://cdn.skypack.dev/-/google-protobuf@v3.21.2-YDUqZL2TTSsy2lGtfuND/dist=es2019,mode=imports/optimized/google-protobuf.js:4374:27)
    at Function.deserialize (file:///Users/thesayyn/Documents/thesayyn/protoc-gen-ts/target/debug/build/protoc_gen_ts-8cec2bec66276c47/out/test_conformance/test_messages_proto3.ts:169:18)
    at file:///Users/thesayyn/Documents/thesayyn/protoc-gen-ts/tests/conformance/bin/main.ts:23:78

  protobuf_test_messages.proto2.TestAllTypesProto2 1
  Error: Failure: Decoder hit an error
    at Object.jspb.asserts.fail (https://cdn.skypack.dev/-/google-protobuf@v3.21.2-YDUqZL2TTSsy2lGtfuND/dist=es2019,mode=imports/optimized/google-protobuf.js:801:11)
    at jspb.BinaryReader.nextField (https://cdn.skypack.dev/-/google-protobuf@v3.21.2-YDUqZL2TTSsy2lGtfuND/dist=es2019,mode=imports/optimized/google-protobuf.js:4374:27)
    at Function.deserialize (file:///Users/thesayyn/Documents/thesayyn/protoc-gen-ts/target/debug/build/protoc_gen_ts-8cec2bec66276c47/out/test_conformance/test_messages_proto2.ts:145:18)
    at file:///Users/thesayyn/Documents/thesayyn/protoc-gen-ts/tests/conformance/bin/main.ts:30:78

  protobuf_test_messages.proto3.TestAllTypesProto3 1
  Error: Failure: Failed to read varint, encoding is invalid.
    at Object.jspb.asserts.fail (https://cdn.skypack.dev/-/google-protobuf@v3.21.2-YDUqZL2TTSsy2lGtfuND/dist=es2019,mode=imports/optimized/google-protobuf.js:801:11)
    at jspb.BinaryDecoder.readSplitVarint64 (https://cdn.skypack.dev/-/google-protobuf@v3.21.2-YDUqZL2TTSsy2lGtfuND/dist=es2019,mode=imports/optimized/google-protobuf.js:4101:18)
    at jspb.BinaryDecoder.readUnsignedVarint64 (https://cdn.skypack.dev/-/google-protobuf@v3.21.2-YDUqZL2TTSsy2lGtfuND/dist=es2019,mode=imports/optimized/google-protobuf.js:4167:17)
    at jspb.BinaryReader.readUint64 (https://cdn.skypack.dev/-/google-protobuf@v3.21.2-YDUqZL2TTSsy2lGtfuND/dist=es2019,mode=imports/optimized/google-protobuf.js:4560:26)
    at Function.deserialize (file:///Users/thesayyn/Documents/thesayyn/protoc-gen-ts/target/debug/build/protoc_gen_ts-8cec2bec66276c47/out/test_conformance/test_messages_proto3.ts:181:50)
    at file:///Users/thesayyn/Documents/thesayyn/protoc-gen-ts/tests/conformance/bin/main.ts:23:78

  protobuf_test_messages.proto2.TestAllTypesProto2 1
  Error: Failure: Failed to read varint, encoding is invalid.
    at Object.jspb.asserts.fail (https://cdn.skypack.dev/-/google-protobuf@v3.21.2-YDUqZL2TTSsy2lGtfuND/dist=es2019,mode=imports/optimized/google-protobuf.js:801:11)
    at jspb.BinaryDecoder.readSplitVarint64 (https://cdn.skypack.dev/-/google-protobuf@v3.21.2-YDUqZL2TTSsy2lGtfuND/dist=es2019,mode=imports/optimized/google-protobuf.js:4101:18)
    at jspb.BinaryDecoder.readUnsignedVarint64 (https://cdn.skypack.dev/-/google-protobuf@v3.21.2-YDUqZL2TTSsy2lGtfuND/dist=es2019,mode=imports/optimized/google-protobuf.js:4167:17)
    at jspb.BinaryReader.readUint64 (https://cdn.skypack.dev/-/google-protobuf@v3.21.2-YDUqZL2TTSsy2lGtfuND/dist=es2019,mode=imports/optimized/google-protobuf.js:4560:26)
    at Function.deserialize (file:///Users/thesayyn/Documents/thesayyn/protoc-gen-ts/target/debug/build/protoc_gen_ts-8cec2bec66276c47/out/test_conformance/test_messages_proto2.ts:157:50)
    at file:///Users/thesayyn/Documents/thesayyn/protoc-gen-ts/tests/conformance/bin/main.ts:30:78

  protobuf_test_messages.proto3.TestAllTypesProto3 1
  Error: Failure: Failed to read varint, encoding is invalid.
    at Object.jspb.asserts.fail (https://cdn.skypack.dev/-/google-protobuf@v3.21.2-YDUqZL2TTSsy2lGtfuND/dist=es2019,mode=imports/optimized/google-protobuf.js:801:11)
    at jspb.BinaryDecoder.readSplitVarint64 (https://cdn.skypack.dev/-/google-protobuf@v3.21.2-YDUqZL2TTSsy2lGtfuND/dist=es2019,mode=imports/optimized/google-protobuf.js:4101:18)
    at jspb.BinaryDecoder.readUnsignedVarint64 (https://cdn.skypack.dev/-/google-protobuf@v3.21.2-YDUqZL2TTSsy2lGtfuND/dist=es2019,mode=imports/optimized/google-protobuf.js:4167:17)
    at jspb.BinaryReader.readUint64 (https://cdn.skypack.dev/-/google-protobuf@v3.21.2-YDUqZL2TTSsy2lGtfuND/dist=es2019,mode=imports/optimized/google-protobuf.js:4560:26)
    at Function.deserialize (file:///Users/thesayyn/Documents/thesayyn/protoc-gen-ts/target/debug/build/protoc_gen_ts-8cec2bec66276c47/out/test_conformance/test_messages_proto3.ts:254:58)
    at file:///Users/thesayyn/Documents/thesayyn/protoc-gen-ts/tests/conformance/bin/main.ts:23:78

  protobuf_test_messages.proto2.TestAllTypesProto2 1
  Error: Failure: Failed to read varint, encoding is invalid.
    at Object.jspb.asserts.fail (https://cdn.skypack.dev/-/google-protobuf@v3.21.2-YDUqZL2TTSsy2lGtfuND/dist=es2019,mode=imports/optimized/google-protobuf.js:801:11)
    at jspb.BinaryDecoder.readSplitVarint64 (https://cdn.skypack.dev/-/google-protobuf@v3.21.2-YDUqZL2TTSsy2lGtfuND/dist=es2019,mode=imports/optimized/google-protobuf.js:4101:18)
    at jspb.BinaryDecoder.readUnsignedVarint64 (https://cdn.skypack.dev/-/google-protobuf@v3.21.2-YDUqZL2TTSsy2lGtfuND/dist=es2019,mode=imports/optimized/google-protobuf.js:4167:17)
    at jspb.BinaryReader.readUint64 (https://cdn.skypack.dev/-/google-protobuf@v3.21.2-YDUqZL2TTSsy2lGtfuND/dist=es2019,mode=imports/optimized/google-protobuf.js:4560:26)
    at Function.deserialize (file:///Users/thesayyn/Documents/thesayyn/protoc-gen-ts/target/debug/build/protoc_gen_ts-8cec2bec66276c47/out/test_conformance/test_messages_proto2.ts:223:53)
    at file:///Users/thesayyn/Documents/thesayyn/protoc-gen-ts/tests/conformance/bin/main.ts:30:78

  protobuf_test_messages.proto3.TestAllTypesProto3 1
  Error: Failure: Decoder hit an error
    at Object.jspb.asserts.fail (https://cdn.skypack.dev/-/google-protobuf@v3.21.2-YDUqZL2TTSsy2lGtfuND/dist=es2019,mode=imports/optimized/google-protobuf.js:801:11)
    at jspb.BinaryReader.nextField (https://cdn.skypack.dev/-/google-protobuf@v3.21.2-YDUqZL2TTSsy2lGtfuND/dist=es2019,mode=imports/optimized/google-protobuf.js:4374:27)
    at Function.deserialize (file:///Users/thesayyn/Documents/thesayyn/protoc-gen-ts/target/debug/build/protoc_gen_ts-8cec2bec66276c47/out/test_conformance/test_messages_proto3.ts:169:18)
    at file:///Users/thesayyn/Documents/thesayyn/protoc-gen-ts/tests/conformance/bin/main.ts:23:78

  protobuf_test_messages.proto2.TestAllTypesProto2 1
  Error: Failure: Decoder hit an error
    at Object.jspb.asserts.fail (https://cdn.skypack.dev/-/google-protobuf@v3.21.2-YDUqZL2TTSsy2lGtfuND/dist=es2019,mode=imports/optimized/google-protobuf.js:801:11)
    at jspb.BinaryReader.nextField (https://cdn.skypack.dev/-/google-protobuf@v3.21.2-YDUqZL2TTSsy2lGtfuND/dist=es2019,mode=imports/optimized/google-protobuf.js:4374:27)
    at Function.deserialize (file:///Users/thesayyn/Documents/thesayyn/protoc-gen-ts/target/debug/build/protoc_gen_ts-8cec2bec66276c47/out/test_conformance/test_messages_proto2.ts:145:18)
    at file:///Users/thesayyn/Documents/thesayyn/protoc-gen-ts/tests/conformance/bin/main.ts:30:78

  protobuf_test_messages.proto3.TestAllTypesProto3 1
  Error: Failure: Failed to read varint, encoding is invalid.
    at Object.jspb.asserts.fail (https://cdn.skypack.dev/-/google-protobuf@v3.21.2-YDUqZL2TTSsy2lGtfuND/dist=es2019,mode=imports/optimized/google-protobuf.js:801:11)
    at jspb.BinaryDecoder.readSplitVarint64 (https://cdn.skypack.dev/-/google-protobuf@v3.21.2-YDUqZL2TTSsy2lGtfuND/dist=es2019,mode=imports/optimized/google-protobuf.js:4101:18)
    at jspb.BinaryDecoder.readUnsignedVarint64 (https://cdn.skypack.dev/-/google-protobuf@v3.21.2-YDUqZL2TTSsy2lGtfuND/dist=es2019,mode=imports/optimized/google-protobuf.js:4167:17)
    at jspb.BinaryReader.readPackedField_ (https://cdn.skypack.dev/-/google-protobuf@v3.21.2-YDUqZL2TTSsy2lGtfuND/dist=es2019,mode=imports/optimized/google-protobuf.js:4676:16)
    at jspb.BinaryReader.readPackedUint64 (https://cdn.skypack.dev/-/google-protobuf@v3.21.2-YDUqZL2TTSsy2lGtfuND/dist=es2019,mode=imports/optimized/google-protobuf.js:4701:17)
    at Function.deserialize (file:///Users/thesayyn/Documents/thesayyn/protoc-gen-ts/target/debug/build/protoc_gen_ts-8cec2bec66276c47/out/test_conformance/test_messages_proto3.ts:253:78)
    at file:///Users/thesayyn/Documents/thesayyn/protoc-gen-ts/tests/conformance/bin/main.ts:23:78

  protobuf_test_messages.proto2.TestAllTypesProto2 1
  Error: Assertion failed
    at Object.jspb.asserts.doAssertFailure (https://cdn.skypack.dev/-/google-protobuf@v3.21.2-YDUqZL2TTSsy2lGtfuND/dist=es2019,mode=imports/optimized/google-protobuf.js:778:11)
    at Object.jspb.asserts.assert (https://cdn.skypack.dev/-/google-protobuf@v3.21.2-YDUqZL2TTSsy2lGtfuND/dist=es2019,mode=imports/optimized/google-protobuf.js:783:23)
    at jspb.BinaryReader.readUint64 (https://cdn.skypack.dev/-/google-protobuf@v3.21.2-YDUqZL2TTSsy2lGtfuND/dist=es2019,mode=imports/optimized/google-protobuf.js:4559:18)
    at Function.deserialize (file:///Users/thesayyn/Documents/thesayyn/protoc-gen-ts/target/debug/build/protoc_gen_ts-8cec2bec66276c47/out/test_conformance/test_messages_proto2.ts:223:53)
    at file:///Users/thesayyn/Documents/thesayyn/protoc-gen-ts/tests/conformance/bin/main.ts:30:78

  protobuf_test_messages.proto3.TestAllTypesProto3 1
  Error: Failure: Failed to read varint, encoding is invalid.
    at Object.jspb.asserts.fail (https://cdn.skypack.dev/-/google-protobuf@v3.21.2-YDUqZL2TTSsy2lGtfuND/dist=es2019,mode=imports/optimized/google-protobuf.js:801:11)
    at jspb.BinaryDecoder.readSplitVarint64 (https://cdn.skypack.dev/-/google-protobuf@v3.21.2-YDUqZL2TTSsy2lGtfuND/dist=es2019,mode=imports/optimized/google-protobuf.js:4101:18)
    at jspb.BinaryDecoder.readUnsignedVarint64 (https://cdn.skypack.dev/-/google-protobuf@v3.21.2-YDUqZL2TTSsy2lGtfuND/dist=es2019,mode=imports/optimized/google-protobuf.js:4167:17)
    at jspb.BinaryReader.readPackedField_ (https://cdn.skypack.dev/-/google-protobuf@v3.21.2-YDUqZL2TTSsy2lGtfuND/dist=es2019,mode=imports/optimized/google-protobuf.js:4676:16)
    at jspb.BinaryReader.readPackedUint64 (https://cdn.skypack.dev/-/google-protobuf@v3.21.2-YDUqZL2TTSsy2lGtfuND/dist=es2019,mode=imports/optimized/google-protobuf.js:4701:17)
    at Function.deserialize (file:///Users/thesayyn/Documents/thesayyn/protoc-gen-ts/target/debug/build/protoc_gen_ts-8cec2bec66276c47/out/test_conformance/test_messages_proto3.ts:253:78)
    at file:///Users/thesayyn/Documents/thesayyn/protoc-gen-ts/tests/conformance/bin/main.ts:23:78

  protobuf_test_messages.proto2.TestAllTypesProto2 1
  Error: Assertion failed
    at Object.jspb.asserts.doAssertFailure (https://cdn.skypack.dev/-/google-protobuf@v3.21.2-YDUqZL2TTSsy2lGtfuND/dist=es2019,mode=imports/optimized/google-protobuf.js:778:11)
    at Object.jspb.asserts.assert (https://cdn.skypack.dev/-/google-protobuf@v3.21.2-YDUqZL2TTSsy2lGtfuND/dist=es2019,mode=imports/optimized/google-protobuf.js:783:23)
    at jspb.BinaryReader.readUint64 (https://cdn.skypack.dev/-/google-protobuf@v3.21.2-YDUqZL2TTSsy2lGtfuND/dist=es2019,mode=imports/optimized/google-protobuf.js:4559:18)
    at Function.deserialize (file:///Users/thesayyn/Documents/thesayyn/protoc-gen-ts/target/debug/build/protoc_gen_ts-8cec2bec66276c47/out/test_conformance/test_messages_proto2.ts:223:53)
    at file:///Users/thesayyn/Documents/thesayyn/protoc-gen-ts/tests/conformance/bin/main.ts:30:78

  protobuf_test_messages.proto3.TestAllTypesProto3 1
  Error: Assertion failed
    at Object.jspb.asserts.doAssertFailure (https://cdn.skypack.dev/-/google-protobuf@v3.21.2-YDUqZL2TTSsy2lGtfuND/dist=es2019,mode=imports/optimized/google-protobuf.js:778:11)
    at Object.jspb.asserts.assert (https://cdn.skypack.dev/-/google-protobuf@v3.21.2-YDUqZL2TTSsy2lGtfuND/dist=es2019,mode=imports/optimized/google-protobuf.js:783:23)
    at jspb.BinaryDecoder.readUnsignedVarint32 (https://cdn.skypack.dev/-/google-protobuf@v3.21.2-YDUqZL2TTSsy2lGtfuND/dist=es2019,mode=imports/optimized/google-protobuf.js:4150:18)
    at jspb.BinaryDecoder.readSignedVarint32 (https://cdn.skypack.dev/-/google-protobuf@v3.21.2-YDUqZL2TTSsy2lGtfuND/dist=es2019,mode=imports/optimized/google-protobuf.js:4154:19)
    at jspb.BinaryReader.readInt32 (https://cdn.skypack.dev/-/google-protobuf@v3.21.2-YDUqZL2TTSsy2lGtfuND/dist=es2019,mode=imports/optimized/google-protobuf.js:4533:26)
    at Function.deserialize (file:///Users/thesayyn/Documents/thesayyn/protoc-gen-ts/target/debug/build/protoc_gen_ts-8cec2bec66276c47/out/test_conformance/test_messages_proto3.ts:172:49)
    at file:///Users/thesayyn/Documents/thesayyn/protoc-gen-ts/tests/conformance/bin/main.ts:23:78

  protobuf_test_messages.proto2.TestAllTypesProto2 1
  Error: Assertion failed
    at Object.jspb.asserts.doAssertFailure (https://cdn.skypack.dev/-/google-protobuf@v3.21.2-YDUqZL2TTSsy2lGtfuND/dist=es2019,mode=imports/optimized/google-protobuf.js:778:11)
    at Object.jspb.asserts.assert (https://cdn.skypack.dev/-/google-protobuf@v3.21.2-YDUqZL2TTSsy2lGtfuND/dist=es2019,mode=imports/optimized/google-protobuf.js:783:23)
    at jspb.BinaryDecoder.readUnsignedVarint32 (https://cdn.skypack.dev/-/google-protobuf@v3.21.2-YDUqZL2TTSsy2lGtfuND/dist=es2019,mode=imports/optimized/google-protobuf.js:4150:18)
    at jspb.BinaryDecoder.readSignedVarint32 (https://cdn.skypack.dev/-/google-protobuf@v3.21.2-YDUqZL2TTSsy2lGtfuND/dist=es2019,mode=imports/optimized/google-protobuf.js:4154:19)
    at jspb.BinaryReader.readInt32 (https://cdn.skypack.dev/-/google-protobuf@v3.21.2-YDUqZL2TTSsy2lGtfuND/dist=es2019,mode=imports/optimized/google-protobuf.js:4533:26)
    at Function.deserialize (file:///Users/thesayyn/Documents/thesayyn/protoc-gen-ts/target/debug/build/protoc_gen_ts-8cec2bec66276c47/out/test_conformance/test_messages_proto2.ts:148:49)
    at file:///Users/thesayyn/Documents/thesayyn/protoc-gen-ts/tests/conformance/bin/main.ts:30:78

  protobuf_test_messages.proto3.TestAllTypesProto3 1
  Error: Assertion failed
    at Object.jspb.asserts.doAssertFailure (https://cdn.skypack.dev/-/google-protobuf@v3.21.2-YDUqZL2TTSsy2lGtfuND/dist=es2019,mode=imports/optimized/google-protobuf.js:778:11)
    at Object.jspb.asserts.assert (https://cdn.skypack.dev/-/google-protobuf@v3.21.2-YDUqZL2TTSsy2lGtfuND/dist=es2019,mode=imports/optimized/google-protobuf.js:783:23)
    at jspb.BinaryDecoder.readUnsignedVarint32 (https://cdn.skypack.dev/-/google-protobuf@v3.21.2-YDUqZL2TTSsy2lGtfuND/dist=es2019,mode=imports/optimized/google-protobuf.js:4150:18)
    at jspb.BinaryDecoder.readSignedVarint32 (https://cdn.skypack.dev/-/google-protobuf@v3.21.2-YDUqZL2TTSsy2lGtfuND/dist=es2019,mode=imports/optimized/google-protobuf.js:4154:19)
    at jspb.BinaryReader.readInt32 (https://cdn.skypack.dev/-/google-protobuf@v3.21.2-YDUqZL2TTSsy2lGtfuND/dist=es2019,mode=imports/optimized/google-protobuf.js:4533:26)
    at Function.deserialize (file:///Users/thesayyn/Documents/thesayyn/protoc-gen-ts/target/debug/build/protoc_gen_ts-8cec2bec66276c47/out/test_conformance/test_messages_proto3.ts:242:57)
    at file:///Users/thesayyn/Documents/thesayyn/protoc-gen-ts/tests/conformance/bin/main.ts:23:78

  protobuf_test_messages.proto2.TestAllTypesProto2 1
  Error: Assertion failed
    at Object.jspb.asserts.doAssertFailure (https://cdn.skypack.dev/-/google-protobuf@v3.21.2-YDUqZL2TTSsy2lGtfuND/dist=es2019,mode=imports/optimized/google-protobuf.js:778:11)
    at Object.jspb.asserts.assert (https://cdn.skypack.dev/-/google-protobuf@v3.21.2-YDUqZL2TTSsy2lGtfuND/dist=es2019,mode=imports/optimized/google-protobuf.js:783:23)
    at jspb.BinaryDecoder.readUnsignedVarint32 (https://cdn.skypack.dev/-/google-protobuf@v3.21.2-YDUqZL2TTSsy2lGtfuND/dist=es2019,mode=imports/optimized/google-protobuf.js:4150:18)
    at jspb.BinaryDecoder.readSignedVarint32 (https://cdn.skypack.dev/-/google-protobuf@v3.21.2-YDUqZL2TTSsy2lGtfuND/dist=es2019,mode=imports/optimized/google-protobuf.js:4154:19)
    at jspb.BinaryReader.readInt32 (https://cdn.skypack.dev/-/google-protobuf@v3.21.2-YDUqZL2TTSsy2lGtfuND/dist=es2019,mode=imports/optimized/google-protobuf.js:4533:26)
    at Function.deserialize (file:///Users/thesayyn/Documents/thesayyn/protoc-gen-ts/target/debug/build/protoc_gen_ts-8cec2bec66276c47/out/test_conformance/test_messages_proto2.ts:214:52)
    at file:///Users/thesayyn/Documents/thesayyn/protoc-gen-ts/tests/conformance/bin/main.ts:30:78

  protobuf_test_messages.proto3.TestAllTypesProto3 1
  Error: Failure: Decoder hit an error
    at Object.jspb.asserts.fail (https://cdn.skypack.dev/-/google-protobuf@v3.21.2-YDUqZL2TTSsy2lGtfuND/dist=es2019,mode=imports/optimized/google-protobuf.js:801:11)
    at jspb.BinaryReader.nextField (https://cdn.skypack.dev/-/google-protobuf@v3.21.2-YDUqZL2TTSsy2lGtfuND/dist=es2019,mode=imports/optimized/google-protobuf.js:4374:27)
    at Function.deserialize (file:///Users/thesayyn/Documents/thesayyn/protoc-gen-ts/target/debug/build/protoc_gen_ts-8cec2bec66276c47/out/test_conformance/test_messages_proto3.ts:169:18)
    at file:///Users/thesayyn/Documents/thesayyn/protoc-gen-ts/tests/conformance/bin/main.ts:23:78

  protobuf_test_messages.proto2.TestAllTypesProto2 1
  Error: Failure: Decoder hit an error
    at Object.jspb.asserts.fail (https://cdn.skypack.dev/-/google-protobuf@v3.21.2-YDUqZL2TTSsy2lGtfuND/dist=es2019,mode=imports/optimized/google-protobuf.js:801:11)
    at jspb.BinaryReader.nextField (https://cdn.skypack.dev/-/google-protobuf@v3.21.2-YDUqZL2TTSsy2lGtfuND/dist=es2019,mode=imports/optimized/google-protobuf.js:4374:27)
    at Function.deserialize (file:///Users/thesayyn/Documents/thesayyn/protoc-gen-ts/target/debug/build/protoc_gen_ts-8cec2bec66276c47/out/test_conformance/test_messages_proto2.ts:145:18)
    at file:///Users/thesayyn/Documents/thesayyn/protoc-gen-ts/tests/conformance/bin/main.ts:30:78

  protobuf_test_messages.proto3.TestAllTypesProto3 1
  Error: Assertion failed
    at Object.jspb.asserts.doAssertFailure (https://cdn.skypack.dev/-/google-protobuf@v3.21.2-YDUqZL2TTSsy2lGtfuND/dist=es2019,mode=imports/optimized/google-protobuf.js:778:11)
    at Object.jspb.asserts.assert (https://cdn.skypack.dev/-/google-protobuf@v3.21.2-YDUqZL2TTSsy2lGtfuND/dist=es2019,mode=imports/optimized/google-protobuf.js:783:23)
    at jspb.BinaryDecoder.readUnsignedVarint32 (https://cdn.skypack.dev/-/google-protobuf@v3.21.2-YDUqZL2TTSsy2lGtfuND/dist=es2019,mode=imports/optimized/google-protobuf.js:4150:18)
    at jspb.BinaryDecoder.readSignedVarint32 (https://cdn.skypack.dev/-/google-protobuf@v3.21.2-YDUqZL2TTSsy2lGtfuND/dist=es2019,mode=imports/optimized/google-protobuf.js:4154:19)
    at jspb.BinaryReader.readInt32 (https://cdn.skypack.dev/-/google-protobuf@v3.21.2-YDUqZL2TTSsy2lGtfuND/dist=es2019,mode=imports/optimized/google-protobuf.js:4533:26)
    at Function.deserialize (file:///Users/thesayyn/Documents/thesayyn/protoc-gen-ts/target/debug/build/protoc_gen_ts-8cec2bec66276c47/out/test_conformance/test_messages_proto3.ts:172:49)
    at file:///Users/thesayyn/Documents/thesayyn/protoc-gen-ts/tests/conformance/bin/main.ts:23:78

  protobuf_test_messages.proto2.TestAllTypesProto2 1
  Error: Assertion failed
    at Object.jspb.asserts.doAssertFailure (https://cdn.skypack.dev/-/google-protobuf@v3.21.2-YDUqZL2TTSsy2lGtfuND/dist=es2019,mode=imports/optimized/google-protobuf.js:778:11)
    at Object.jspb.asserts.assert (https://cdn.skypack.dev/-/google-protobuf@v3.21.2-YDUqZL2TTSsy2lGtfuND/dist=es2019,mode=imports/optimized/google-protobuf.js:783:23)
    at jspb.BinaryDecoder.readUnsignedVarint32 (https://cdn.skypack.dev/-/google-protobuf@v3.21.2-YDUqZL2TTSsy2lGtfuND/dist=es2019,mode=imports/optimized/google-protobuf.js:4150:18)
    at jspb.BinaryDecoder.readSignedVarint32 (https://cdn.skypack.dev/-/google-protobuf@v3.21.2-YDUqZL2TTSsy2lGtfuND/dist=es2019,mode=imports/optimized/google-protobuf.js:4154:19)
    at jspb.BinaryReader.readInt32 (https://cdn.skypack.dev/-/google-protobuf@v3.21.2-YDUqZL2TTSsy2lGtfuND/dist=es2019,mode=imports/optimized/google-protobuf.js:4533:26)
    at Function.deserialize (file:///Users/thesayyn/Documents/thesayyn/protoc-gen-ts/target/debug/build/protoc_gen_ts-8cec2bec66276c47/out/test_conformance/test_messages_proto2.ts:148:49)
    at file:///Users/thesayyn/Documents/thesayyn/protoc-gen-ts/tests/conformance/bin/main.ts:30:78

  protobuf_test_messages.proto3.TestAllTypesProto3 1
  Error: Assertion failed
    at Object.jspb.asserts.doAssertFailure (https://cdn.skypack.dev/-/google-protobuf@v3.21.2-YDUqZL2TTSsy2lGtfuND/dist=es2019,mode=imports/optimized/google-protobuf.js:778:11)
    at Object.jspb.asserts.assert (https://cdn.skypack.dev/-/google-protobuf@v3.21.2-YDUqZL2TTSsy2lGtfuND/dist=es2019,mode=imports/optimized/google-protobuf.js:783:23)
    at jspb.BinaryDecoder.readUnsignedVarint32 (https://cdn.skypack.dev/-/google-protobuf@v3.21.2-YDUqZL2TTSsy2lGtfuND/dist=es2019,mode=imports/optimized/google-protobuf.js:4150:18)
    at jspb.BinaryDecoder.readSignedVarint32 (https://cdn.skypack.dev/-/google-protobuf@v3.21.2-YDUqZL2TTSsy2lGtfuND/dist=es2019,mode=imports/optimized/google-protobuf.js:4154:19)
    at jspb.BinaryReader.readInt32 (https://cdn.skypack.dev/-/google-protobuf@v3.21.2-YDUqZL2TTSsy2lGtfuND/dist=es2019,mode=imports/optimized/google-protobuf.js:4533:26)
    at Function.deserialize (file:///Users/thesayyn/Documents/thesayyn/protoc-gen-ts/target/debug/build/protoc_gen_ts-8cec2bec66276c47/out/test_conformance/test_messages_proto3.ts:242:57)
    at file:///Users/thesayyn/Documents/thesayyn/protoc-gen-ts/tests/conformance/bin/main.ts:23:78

  protobuf_test_messages.proto2.TestAllTypesProto2 1
  Error: Assertion failed
    at Object.jspb.asserts.doAssertFailure (https://cdn.skypack.dev/-/google-protobuf@v3.21.2-YDUqZL2TTSsy2lGtfuND/dist=es2019,mode=imports/optimized/google-protobuf.js:778:11)
    at Object.jspb.asserts.assert (https://cdn.skypack.dev/-/google-protobuf@v3.21.2-YDUqZL2TTSsy2lGtfuND/dist=es2019,mode=imports/optimized/google-protobuf.js:783:23)
    at jspb.BinaryDecoder.readUnsignedVarint32 (https://cdn.skypack.dev/-/google-protobuf@v3.21.2-YDUqZL2TTSsy2lGtfuND/dist=es2019,mode=imports/optimized/google-protobuf.js:4150:18)
    at jspb.BinaryDecoder.readSignedVarint32 (https://cdn.skypack.dev/-/google-protobuf@v3.21.2-YDUqZL2TTSsy2lGtfuND/dist=es2019,mode=imports/optimized/google-protobuf.js:4154:19)
    at jspb.BinaryReader.readInt32 (https://cdn.skypack.dev/-/google-protobuf@v3.21.2-YDUqZL2TTSsy2lGtfuND/dist=es2019,mode=imports/optimized/google-protobuf.js:4533:26)
    at Function.deserialize (file:///Users/thesayyn/Documents/thesayyn/protoc-gen-ts/target/debug/build/protoc_gen_ts-8cec2bec66276c47/out/test_conformance/test_messages_proto2.ts:214:52)
    at file:///Users/thesayyn/Documents/thesayyn/protoc-gen-ts/tests/conformance/bin/main.ts:30:78

  protobuf_test_messages.proto3.TestAllTypesProto3 1
  Error: Failure: Decoder hit an error
    at Object.jspb.asserts.fail (https://cdn.skypack.dev/-/google-protobuf@v3.21.2-YDUqZL2TTSsy2lGtfuND/dist=es2019,mode=imports/optimized/google-protobuf.js:801:11)
    at jspb.BinaryReader.nextField (https://cdn.skypack.dev/-/google-protobuf@v3.21.2-YDUqZL2TTSsy2lGtfuND/dist=es2019,mode=imports/optimized/google-protobuf.js:4374:27)
    at Function.deserialize (file:///Users/thesayyn/Documents/thesayyn/protoc-gen-ts/target/debug/build/protoc_gen_ts-8cec2bec66276c47/out/test_conformance/test_messages_proto3.ts:169:18)
    at file:///Users/thesayyn/Documents/thesayyn/protoc-gen-ts/tests/conformance/bin/main.ts:23:78

  protobuf_test_messages.proto2.TestAllTypesProto2 1
  Error: Failure: Decoder hit an error
    at Object.jspb.asserts.fail (https://cdn.skypack.dev/-/google-protobuf@v3.21.2-YDUqZL2TTSsy2lGtfuND/dist=es2019,mode=imports/optimized/google-protobuf.js:801:11)
    at jspb.BinaryReader.nextField (https://cdn.skypack.dev/-/google-protobuf@v3.21.2-YDUqZL2TTSsy2lGtfuND/dist=es2019,mode=imports/optimized/google-protobuf.js:4374:27)
    at Function.deserialize (file:///Users/thesayyn/Documents/thesayyn/protoc-gen-ts/target/debug/build/protoc_gen_ts-8cec2bec66276c47/out/test_conformance/test_messages_proto2.ts:145:18)
    at file:///Users/thesayyn/Documents/thesayyn/protoc-gen-ts/tests/conformance/bin/main.ts:30:78

  protobuf_test_messages.proto3.TestAllTypesProto3 1
  Error: Assertion failed
    at Object.jspb.asserts.doAssertFailure (https://cdn.skypack.dev/-/google-protobuf@v3.21.2-YDUqZL2TTSsy2lGtfuND/dist=es2019,mode=imports/optimized/google-protobuf.js:778:11)
    at Object.jspb.asserts.assert (https://cdn.skypack.dev/-/google-protobuf@v3.21.2-YDUqZL2TTSsy2lGtfuND/dist=es2019,mode=imports/optimized/google-protobuf.js:783:23)
    at jspb.BinaryDecoder.readUnsignedVarint32 (https://cdn.skypack.dev/-/google-protobuf@v3.21.2-YDUqZL2TTSsy2lGtfuND/dist=es2019,mode=imports/optimized/google-protobuf.js:4150:18)
    at jspb.BinaryDecoder.readSignedVarint32 (https://cdn.skypack.dev/-/google-protobuf@v3.21.2-YDUqZL2TTSsy2lGtfuND/dist=es2019,mode=imports/optimized/google-protobuf.js:4154:19)
    at jspb.BinaryReader.readPackedField_ (https://cdn.skypack.dev/-/google-protobuf@v3.21.2-YDUqZL2TTSsy2lGtfuND/dist=es2019,mode=imports/optimized/google-protobuf.js:4676:16)
    at jspb.BinaryReader.readPackedInt32 (https://cdn.skypack.dev/-/google-protobuf@v3.21.2-YDUqZL2TTSsy2lGtfuND/dist=es2019,mode=imports/optimized/google-protobuf.js:4680:17)
    at Function.deserialize (file:///Users/thesayyn/Documents/thesayyn/protoc-gen-ts/target/debug/build/protoc_gen_ts-8cec2bec66276c47/out/test_conformance/test_messages_proto3.ts:241:77)
    at file:///Users/thesayyn/Documents/thesayyn/protoc-gen-ts/tests/conformance/bin/main.ts:23:78

  protobuf_test_messages.proto2.TestAllTypesProto2 1
  Error: Assertion failed
    at Object.jspb.asserts.doAssertFailure (https://cdn.skypack.dev/-/google-protobuf@v3.21.2-YDUqZL2TTSsy2lGtfuND/dist=es2019,mode=imports/optimized/google-protobuf.js:778:11)
    at Object.jspb.asserts.assert (https://cdn.skypack.dev/-/google-protobuf@v3.21.2-YDUqZL2TTSsy2lGtfuND/dist=es2019,mode=imports/optimized/google-protobuf.js:783:23)
    at jspb.BinaryReader.readInt32 (https://cdn.skypack.dev/-/google-protobuf@v3.21.2-YDUqZL2TTSsy2lGtfuND/dist=es2019,mode=imports/optimized/google-protobuf.js:4532:18)
    at Function.deserialize (file:///Users/thesayyn/Documents/thesayyn/protoc-gen-ts/target/debug/build/protoc_gen_ts-8cec2bec66276c47/out/test_conformance/test_messages_proto2.ts:214:52)
    at file:///Users/thesayyn/Documents/thesayyn/protoc-gen-ts/tests/conformance/bin/main.ts:30:78

  protobuf_test_messages.proto3.TestAllTypesProto3 1
  Error: Assertion failed
    at Object.jspb.asserts.doAssertFailure (https://cdn.skypack.dev/-/google-protobuf@v3.21.2-YDUqZL2TTSsy2lGtfuND/dist=es2019,mode=imports/optimized/google-protobuf.js:778:11)
    at Object.jspb.asserts.assert (https://cdn.skypack.dev/-/google-protobuf@v3.21.2-YDUqZL2TTSsy2lGtfuND/dist=es2019,mode=imports/optimized/google-protobuf.js:783:23)
    at jspb.BinaryDecoder.readUnsignedVarint32 (https://cdn.skypack.dev/-/google-protobuf@v3.21.2-YDUqZL2TTSsy2lGtfuND/dist=es2019,mode=imports/optimized/google-protobuf.js:4150:18)
    at jspb.BinaryDecoder.readSignedVarint32 (https://cdn.skypack.dev/-/google-protobuf@v3.21.2-YDUqZL2TTSsy2lGtfuND/dist=es2019,mode=imports/optimized/google-protobuf.js:4154:19)
    at jspb.BinaryReader.readPackedField_ (https://cdn.skypack.dev/-/google-protobuf@v3.21.2-YDUqZL2TTSsy2lGtfuND/dist=es2019,mode=imports/optimized/google-protobuf.js:4676:16)
    at jspb.BinaryReader.readPackedInt32 (https://cdn.skypack.dev/-/google-protobuf@v3.21.2-YDUqZL2TTSsy2lGtfuND/dist=es2019,mode=imports/optimized/google-protobuf.js:4680:17)
    at Function.deserialize (file:///Users/thesayyn/Documents/thesayyn/protoc-gen-ts/target/debug/build/protoc_gen_ts-8cec2bec66276c47/out/test_conformance/test_messages_proto3.ts:241:77)
    at file:///Users/thesayyn/Documents/thesayyn/protoc-gen-ts/tests/conformance/bin/main.ts:23:78

  protobuf_test_messages.proto2.TestAllTypesProto2 1
  Error: Assertion failed
    at Object.jspb.asserts.doAssertFailure (https://cdn.skypack.dev/-/google-protobuf@v3.21.2-YDUqZL2TTSsy2lGtfuND/dist=es2019,mode=imports/optimized/google-protobuf.js:778:11)
    at Object.jspb.asserts.assert (https://cdn.skypack.dev/-/google-protobuf@v3.21.2-YDUqZL2TTSsy2lGtfuND/dist=es2019,mode=imports/optimized/google-protobuf.js:783:23)
    at jspb.BinaryReader.readInt32 (https://cdn.skypack.dev/-/google-protobuf@v3.21.2-YDUqZL2TTSsy2lGtfuND/dist=es2019,mode=imports/optimized/google-protobuf.js:4532:18)
    at Function.deserialize (file:///Users/thesayyn/Documents/thesayyn/protoc-gen-ts/target/debug/build/protoc_gen_ts-8cec2bec66276c47/out/test_conformance/test_messages_proto2.ts:214:52)
    at file:///Users/thesayyn/Documents/thesayyn/protoc-gen-ts/tests/conformance/bin/main.ts:30:78

  protobuf_test_messages.proto3.TestAllTypesProto3 1
  Error: Assertion failed
    at Object.jspb.asserts.doAssertFailure (https://cdn.skypack.dev/-/google-protobuf@v3.21.2-YDUqZL2TTSsy2lGtfuND/dist=es2019,mode=imports/optimized/google-protobuf.js:778:11)
    at Object.jspb.asserts.assert (https://cdn.skypack.dev/-/google-protobuf@v3.21.2-YDUqZL2TTSsy2lGtfuND/dist=es2019,mode=imports/optimized/google-protobuf.js:783:23)
    at jspb.BinaryDecoder.readUint32 (https://cdn.skypack.dev/-/google-protobuf@v3.21.2-YDUqZL2TTSsy2lGtfuND/dist=es2019,mode=imports/optimized/google-protobuf.js:4202:18)
    at jspb.BinaryDecoder.readUint64 (https://cdn.skypack.dev/-/google-protobuf@v3.21.2-YDUqZL2TTSsy2lGtfuND/dist=es2019,mode=imports/optimized/google-protobuf.js:4206:18)
    at jspb.BinaryReader.readFixed64 (https://cdn.skypack.dev/-/google-protobuf@v3.21.2-YDUqZL2TTSsy2lGtfuND/dist=es2019,mode=imports/optimized/google-protobuf.js:4588:26)
    at Function.deserialize (file:///Users/thesayyn/Documents/thesayyn/protoc-gen-ts/target/debug/build/protoc_gen_ts-8cec2bec66276c47/out/test_conformance/test_messages_proto3.ts:193:51)
    at file:///Users/thesayyn/Documents/thesayyn/protoc-gen-ts/tests/conformance/bin/main.ts:23:78

  protobuf_test_messages.proto2.TestAllTypesProto2 1
  Error: Assertion failed
    at Object.jspb.asserts.doAssertFailure (https://cdn.skypack.dev/-/google-protobuf@v3.21.2-YDUqZL2TTSsy2lGtfuND/dist=es2019,mode=imports/optimized/google-protobuf.js:778:11)
    at Object.jspb.asserts.assert (https://cdn.skypack.dev/-/google-protobuf@v3.21.2-YDUqZL2TTSsy2lGtfuND/dist=es2019,mode=imports/optimized/google-protobuf.js:783:23)
    at jspb.BinaryDecoder.readUint32 (https://cdn.skypack.dev/-/google-protobuf@v3.21.2-YDUqZL2TTSsy2lGtfuND/dist=es2019,mode=imports/optimized/google-protobuf.js:4202:18)
    at jspb.BinaryDecoder.readUint64 (https://cdn.skypack.dev/-/google-protobuf@v3.21.2-YDUqZL2TTSsy2lGtfuND/dist=es2019,mode=imports/optimized/google-protobuf.js:4206:18)
    at jspb.BinaryReader.readFixed64 (https://cdn.skypack.dev/-/google-protobuf@v3.21.2-YDUqZL2TTSsy2lGtfuND/dist=es2019,mode=imports/optimized/google-protobuf.js:4588:26)
    at Function.deserialize (file:///Users/thesayyn/Documents/thesayyn/protoc-gen-ts/target/debug/build/protoc_gen_ts-8cec2bec66276c47/out/test_conformance/test_messages_proto2.ts:169:51)
    at file:///Users/thesayyn/Documents/thesayyn/protoc-gen-ts/tests/conformance/bin/main.ts:30:78

  protobuf_test_messages.proto3.TestAllTypesProto3 1
  Error: Assertion failed
    at Object.jspb.asserts.doAssertFailure (https://cdn.skypack.dev/-/google-protobuf@v3.21.2-YDUqZL2TTSsy2lGtfuND/dist=es2019,mode=imports/optimized/google-protobuf.js:778:11)
    at Object.jspb.asserts.assert (https://cdn.skypack.dev/-/google-protobuf@v3.21.2-YDUqZL2TTSsy2lGtfuND/dist=es2019,mode=imports/optimized/google-protobuf.js:783:23)
    at jspb.BinaryDecoder.readUint32 (https://cdn.skypack.dev/-/google-protobuf@v3.21.2-YDUqZL2TTSsy2lGtfuND/dist=es2019,mode=imports/optimized/google-protobuf.js:4202:18)
    at jspb.BinaryDecoder.readUint64 (https://cdn.skypack.dev/-/google-protobuf@v3.21.2-YDUqZL2TTSsy2lGtfuND/dist=es2019,mode=imports/optimized/google-protobuf.js:4206:18)
    at jspb.BinaryReader.readFixed64 (https://cdn.skypack.dev/-/google-protobuf@v3.21.2-YDUqZL2TTSsy2lGtfuND/dist=es2019,mode=imports/optimized/google-protobuf.js:4588:26)
    at Function.deserialize (file:///Users/thesayyn/Documents/thesayyn/protoc-gen-ts/target/debug/build/protoc_gen_ts-8cec2bec66276c47/out/test_conformance/test_messages_proto3.ts:270:59)
    at file:///Users/thesayyn/Documents/thesayyn/protoc-gen-ts/tests/conformance/bin/main.ts:23:78

  protobuf_test_messages.proto2.TestAllTypesProto2 1
  Error: Assertion failed
    at Object.jspb.asserts.doAssertFailure (https://cdn.skypack.dev/-/google-protobuf@v3.21.2-YDUqZL2TTSsy2lGtfuND/dist=es2019,mode=imports/optimized/google-protobuf.js:778:11)
    at Object.jspb.asserts.assert (https://cdn.skypack.dev/-/google-protobuf@v3.21.2-YDUqZL2TTSsy2lGtfuND/dist=es2019,mode=imports/optimized/google-protobuf.js:783:23)
    at jspb.BinaryDecoder.readUint32 (https://cdn.skypack.dev/-/google-protobuf@v3.21.2-YDUqZL2TTSsy2lGtfuND/dist=es2019,mode=imports/optimized/google-protobuf.js:4202:18)
    at jspb.BinaryDecoder.readUint64 (https://cdn.skypack.dev/-/google-protobuf@v3.21.2-YDUqZL2TTSsy2lGtfuND/dist=es2019,mode=imports/optimized/google-protobuf.js:4206:18)
    at jspb.BinaryReader.readFixed64 (https://cdn.skypack.dev/-/google-protobuf@v3.21.2-YDUqZL2TTSsy2lGtfuND/dist=es2019,mode=imports/optimized/google-protobuf.js:4588:26)
    at Function.deserialize (file:///Users/thesayyn/Documents/thesayyn/protoc-gen-ts/target/debug/build/protoc_gen_ts-8cec2bec66276c47/out/test_conformance/test_messages_proto2.ts:235:54)
    at file:///Users/thesayyn/Documents/thesayyn/protoc-gen-ts/tests/conformance/bin/main.ts:30:78

  protobuf_test_messages.proto3.TestAllTypesProto3 1
  Error: Assertion failed
    at Object.jspb.asserts.doAssertFailure (https://cdn.skypack.dev/-/google-protobuf@v3.21.2-YDUqZL2TTSsy2lGtfuND/dist=es2019,mode=imports/optimized/google-protobuf.js:778:11)
    at Object.jspb.asserts.assert (https://cdn.skypack.dev/-/google-protobuf@v3.21.2-YDUqZL2TTSsy2lGtfuND/dist=es2019,mode=imports/optimized/google-protobuf.js:783:23)
    at jspb.BinaryDecoder.advance (https://cdn.skypack.dev/-/google-protobuf@v3.21.2-YDUqZL2TTSsy2lGtfuND/dist=es2019,mode=imports/optimized/google-protobuf.js:4081:18)
    at jspb.BinaryReader.skipFixed64Field (https://cdn.skypack.dev/-/google-protobuf@v3.21.2-YDUqZL2TTSsy2lGtfuND/dist=es2019,mode=imports/optimized/google-protobuf.js:4409:163)
    at jspb.BinaryReader.skipField (https://cdn.skypack.dev/-/google-protobuf@v3.21.2-YDUqZL2TTSsy2lGtfuND/dist=es2019,mode=imports/optimized/google-protobuf.js:4432:14)
    at Function.deserialize (file:///Users/thesayyn/Documents/thesayyn/protoc-gen-ts/target/debug/build/protoc_gen_ts-8cec2bec66276c47/out/test_conformance/test_messages_proto3.ts:958:24)
    at file:///Users/thesayyn/Documents/thesayyn/protoc-gen-ts/tests/conformance/bin/main.ts:23:78

  protobuf_test_messages.proto2.TestAllTypesProto2 1
  Error: Assertion failed
    at Object.jspb.asserts.doAssertFailure (https://cdn.skypack.dev/-/google-protobuf@v3.21.2-YDUqZL2TTSsy2lGtfuND/dist=es2019,mode=imports/optimized/google-protobuf.js:778:11)
    at Object.jspb.asserts.assert (https://cdn.skypack.dev/-/google-protobuf@v3.21.2-YDUqZL2TTSsy2lGtfuND/dist=es2019,mode=imports/optimized/google-protobuf.js:783:23)
    at jspb.BinaryDecoder.advance (https://cdn.skypack.dev/-/google-protobuf@v3.21.2-YDUqZL2TTSsy2lGtfuND/dist=es2019,mode=imports/optimized/google-protobuf.js:4081:18)
    at jspb.BinaryReader.skipFixed64Field (https://cdn.skypack.dev/-/google-protobuf@v3.21.2-YDUqZL2TTSsy2lGtfuND/dist=es2019,mode=imports/optimized/google-protobuf.js:4409:163)
    at jspb.BinaryReader.skipField (https://cdn.skypack.dev/-/google-protobuf@v3.21.2-YDUqZL2TTSsy2lGtfuND/dist=es2019,mode=imports/optimized/google-protobuf.js:4432:14)
    at Function.deserialize (file:///Users/thesayyn/Documents/thesayyn/protoc-gen-ts/target/debug/build/protoc_gen_ts-8cec2bec66276c47/out/test_conformance/test_messages_proto2.ts:865:24)
    at file:///Users/thesayyn/Documents/thesayyn/protoc-gen-ts/tests/conformance/bin/main.ts:30:78

  protobuf_test_messages.proto3.TestAllTypesProto3 1
  Error: Assertion failed
    at Object.jspb.asserts.doAssertFailure (https://cdn.skypack.dev/-/google-protobuf@v3.21.2-YDUqZL2TTSsy2lGtfuND/dist=es2019,mode=imports/optimized/google-protobuf.js:778:11)
    at Object.jspb.asserts.assert (https://cdn.skypack.dev/-/google-protobuf@v3.21.2-YDUqZL2TTSsy2lGtfuND/dist=es2019,mode=imports/optimized/google-protobuf.js:783:23)
    at jspb.BinaryDecoder.readUint32 (https://cdn.skypack.dev/-/google-protobuf@v3.21.2-YDUqZL2TTSsy2lGtfuND/dist=es2019,mode=imports/optimized/google-protobuf.js:4202:18)
    at jspb.BinaryDecoder.readUint64 (https://cdn.skypack.dev/-/google-protobuf@v3.21.2-YDUqZL2TTSsy2lGtfuND/dist=es2019,mode=imports/optimized/google-protobuf.js:4206:41)
    at jspb.BinaryReader.readFixed64 (https://cdn.skypack.dev/-/google-protobuf@v3.21.2-YDUqZL2TTSsy2lGtfuND/dist=es2019,mode=imports/optimized/google-protobuf.js:4588:26)
    at Function.deserialize (file:///Users/thesayyn/Documents/thesayyn/protoc-gen-ts/target/debug/build/protoc_gen_ts-8cec2bec66276c47/out/test_conformance/test_messages_proto3.ts:193:51)
    at file:///Users/thesayyn/Documents/thesayyn/protoc-gen-ts/tests/conformance/bin/main.ts:23:78

  protobuf_test_messages.proto2.TestAllTypesProto2 1
  Error: Assertion failed
    at Object.jspb.asserts.doAssertFailure (https://cdn.skypack.dev/-/google-protobuf@v3.21.2-YDUqZL2TTSsy2lGtfuND/dist=es2019,mode=imports/optimized/google-protobuf.js:778:11)
    at Object.jspb.asserts.assert (https://cdn.skypack.dev/-/google-protobuf@v3.21.2-YDUqZL2TTSsy2lGtfuND/dist=es2019,mode=imports/optimized/google-protobuf.js:783:23)
    at jspb.BinaryDecoder.readUint32 (https://cdn.skypack.dev/-/google-protobuf@v3.21.2-YDUqZL2TTSsy2lGtfuND/dist=es2019,mode=imports/optimized/google-protobuf.js:4202:18)
    at jspb.BinaryDecoder.readUint64 (https://cdn.skypack.dev/-/google-protobuf@v3.21.2-YDUqZL2TTSsy2lGtfuND/dist=es2019,mode=imports/optimized/google-protobuf.js:4206:41)
    at jspb.BinaryReader.readFixed64 (https://cdn.skypack.dev/-/google-protobuf@v3.21.2-YDUqZL2TTSsy2lGtfuND/dist=es2019,mode=imports/optimized/google-protobuf.js:4588:26)
    at Function.deserialize (file:///Users/thesayyn/Documents/thesayyn/protoc-gen-ts/target/debug/build/protoc_gen_ts-8cec2bec66276c47/out/test_conformance/test_messages_proto2.ts:169:51)
    at file:///Users/thesayyn/Documents/thesayyn/protoc-gen-ts/tests/conformance/bin/main.ts:30:78

  protobuf_test_messages.proto3.TestAllTypesProto3 1
  Error: Assertion failed
    at Object.jspb.asserts.doAssertFailure (https://cdn.skypack.dev/-/google-protobuf@v3.21.2-YDUqZL2TTSsy2lGtfuND/dist=es2019,mode=imports/optimized/google-protobuf.js:778:11)
    at Object.jspb.asserts.assert (https://cdn.skypack.dev/-/google-protobuf@v3.21.2-YDUqZL2TTSsy2lGtfuND/dist=es2019,mode=imports/optimized/google-protobuf.js:783:23)
    at jspb.BinaryDecoder.readUint32 (https://cdn.skypack.dev/-/google-protobuf@v3.21.2-YDUqZL2TTSsy2lGtfuND/dist=es2019,mode=imports/optimized/google-protobuf.js:4202:18)
    at jspb.BinaryDecoder.readUint64 (https://cdn.skypack.dev/-/google-protobuf@v3.21.2-YDUqZL2TTSsy2lGtfuND/dist=es2019,mode=imports/optimized/google-protobuf.js:4206:41)
    at jspb.BinaryReader.readFixed64 (https://cdn.skypack.dev/-/google-protobuf@v3.21.2-YDUqZL2TTSsy2lGtfuND/dist=es2019,mode=imports/optimized/google-protobuf.js:4588:26)
    at Function.deserialize (file:///Users/thesayyn/Documents/thesayyn/protoc-gen-ts/target/debug/build/protoc_gen_ts-8cec2bec66276c47/out/test_conformance/test_messages_proto3.ts:270:59)
    at file:///Users/thesayyn/Documents/thesayyn/protoc-gen-ts/tests/conformance/bin/main.ts:23:78

  protobuf_test_messages.proto2.TestAllTypesProto2 1
  Error: Assertion failed
    at Object.jspb.asserts.doAssertFailure (https://cdn.skypack.dev/-/google-protobuf@v3.21.2-YDUqZL2TTSsy2lGtfuND/dist=es2019,mode=imports/optimized/google-protobuf.js:778:11)
    at Object.jspb.asserts.assert (https://cdn.skypack.dev/-/google-protobuf@v3.21.2-YDUqZL2TTSsy2lGtfuND/dist=es2019,mode=imports/optimized/google-protobuf.js:783:23)
    at jspb.BinaryDecoder.readUint32 (https://cdn.skypack.dev/-/google-protobuf@v3.21.2-YDUqZL2TTSsy2lGtfuND/dist=es2019,mode=imports/optimized/google-protobuf.js:4202:18)
    at jspb.BinaryDecoder.readUint64 (https://cdn.skypack.dev/-/google-protobuf@v3.21.2-YDUqZL2TTSsy2lGtfuND/dist=es2019,mode=imports/optimized/google-protobuf.js:4206:41)
    at jspb.BinaryReader.readFixed64 (https://cdn.skypack.dev/-/google-protobuf@v3.21.2-YDUqZL2TTSsy2lGtfuND/dist=es2019,mode=imports/optimized/google-protobuf.js:4588:26)
    at Function.deserialize (file:///Users/thesayyn/Documents/thesayyn/protoc-gen-ts/target/debug/build/protoc_gen_ts-8cec2bec66276c47/out/test_conformance/test_messages_proto2.ts:235:54)
    at file:///Users/thesayyn/Documents/thesayyn/protoc-gen-ts/tests/conformance/bin/main.ts:30:78

  protobuf_test_messages.proto3.TestAllTypesProto3 1
  Error: Assertion failed
    at Object.jspb.asserts.doAssertFailure (https://cdn.skypack.dev/-/google-protobuf@v3.21.2-YDUqZL2TTSsy2lGtfuND/dist=es2019,mode=imports/optimized/google-protobuf.js:778:11)
    at Object.jspb.asserts.assert (https://cdn.skypack.dev/-/google-protobuf@v3.21.2-YDUqZL2TTSsy2lGtfuND/dist=es2019,mode=imports/optimized/google-protobuf.js:783:23)
    at jspb.BinaryDecoder.advance (https://cdn.skypack.dev/-/google-protobuf@v3.21.2-YDUqZL2TTSsy2lGtfuND/dist=es2019,mode=imports/optimized/google-protobuf.js:4081:18)
    at jspb.BinaryReader.skipFixed64Field (https://cdn.skypack.dev/-/google-protobuf@v3.21.2-YDUqZL2TTSsy2lGtfuND/dist=es2019,mode=imports/optimized/google-protobuf.js:4409:163)
    at jspb.BinaryReader.skipField (https://cdn.skypack.dev/-/google-protobuf@v3.21.2-YDUqZL2TTSsy2lGtfuND/dist=es2019,mode=imports/optimized/google-protobuf.js:4432:14)
    at Function.deserialize (file:///Users/thesayyn/Documents/thesayyn/protoc-gen-ts/target/debug/build/protoc_gen_ts-8cec2bec66276c47/out/test_conformance/test_messages_proto3.ts:958:24)
    at file:///Users/thesayyn/Documents/thesayyn/protoc-gen-ts/tests/conformance/bin/main.ts:23:78

  protobuf_test_messages.proto2.TestAllTypesProto2 1
  Error: Assertion failed
    at Object.jspb.asserts.doAssertFailure (https://cdn.skypack.dev/-/google-protobuf@v3.21.2-YDUqZL2TTSsy2lGtfuND/dist=es2019,mode=imports/optimized/google-protobuf.js:778:11)
    at Object.jspb.asserts.assert (https://cdn.skypack.dev/-/google-protobuf@v3.21.2-YDUqZL2TTSsy2lGtfuND/dist=es2019,mode=imports/optimized/google-protobuf.js:783:23)
    at jspb.BinaryDecoder.advance (https://cdn.skypack.dev/-/google-protobuf@v3.21.2-YDUqZL2TTSsy2lGtfuND/dist=es2019,mode=imports/optimized/google-protobuf.js:4081:18)
    at jspb.BinaryReader.skipFixed64Field (https://cdn.skypack.dev/-/google-protobuf@v3.21.2-YDUqZL2TTSsy2lGtfuND/dist=es2019,mode=imports/optimized/google-protobuf.js:4409:163)
    at jspb.BinaryReader.skipField (https://cdn.skypack.dev/-/google-protobuf@v3.21.2-YDUqZL2TTSsy2lGtfuND/dist=es2019,mode=imports/optimized/google-protobuf.js:4432:14)
    at Function.deserialize (file:///Users/thesayyn/Documents/thesayyn/protoc-gen-ts/target/debug/build/protoc_gen_ts-8cec2bec66276c47/out/test_conformance/test_messages_proto2.ts:865:24)
    at file:///Users/thesayyn/Documents/thesayyn/protoc-gen-ts/tests/conformance/bin/main.ts:30:78

  protobuf_test_messages.proto3.TestAllTypesProto3 1
  Error: Assertion failed
    at Object.jspb.asserts.doAssertFailure (https://cdn.skypack.dev/-/google-protobuf@v3.21.2-YDUqZL2TTSsy2lGtfuND/dist=es2019,mode=imports/optimized/google-protobuf.js:778:11)
    at Object.jspb.asserts.assert (https://cdn.skypack.dev/-/google-protobuf@v3.21.2-YDUqZL2TTSsy2lGtfuND/dist=es2019,mode=imports/optimized/google-protobuf.js:783:23)
    at jspb.BinaryDecoder.readUint32 (https://cdn.skypack.dev/-/google-protobuf@v3.21.2-YDUqZL2TTSsy2lGtfuND/dist=es2019,mode=imports/optimized/google-protobuf.js:4202:18)
    at jspb.BinaryDecoder.readUint64 (https://cdn.skypack.dev/-/google-protobuf@v3.21.2-YDUqZL2TTSsy2lGtfuND/dist=es2019,mode=imports/optimized/google-protobuf.js:4206:41)
    at jspb.BinaryReader.readPackedField_ (https://cdn.skypack.dev/-/google-protobuf@v3.21.2-YDUqZL2TTSsy2lGtfuND/dist=es2019,mode=imports/optimized/google-protobuf.js:4676:16)
    at jspb.BinaryReader.readPackedFixed64 (https://cdn.skypack.dev/-/google-protobuf@v3.21.2-YDUqZL2TTSsy2lGtfuND/dist=es2019,mode=imports/optimized/google-protobuf.js:4723:17)
    at Function.deserialize (file:///Users/thesayyn/Documents/thesayyn/protoc-gen-ts/target/debug/build/protoc_gen_ts-8cec2bec66276c47/out/test_conformance/test_messages_proto3.ts:269:79)
    at file:///Users/thesayyn/Documents/thesayyn/protoc-gen-ts/tests/conformance/bin/main.ts:23:78

  protobuf_test_messages.proto2.TestAllTypesProto2 1
  Error: Assertion failed
    at Object.jspb.asserts.doAssertFailure (https://cdn.skypack.dev/-/google-protobuf@v3.21.2-YDUqZL2TTSsy2lGtfuND/dist=es2019,mode=imports/optimized/google-protobuf.js:778:11)
    at Object.jspb.asserts.assert (https://cdn.skypack.dev/-/google-protobuf@v3.21.2-YDUqZL2TTSsy2lGtfuND/dist=es2019,mode=imports/optimized/google-protobuf.js:783:23)
    at jspb.BinaryReader.readFixed64 (https://cdn.skypack.dev/-/google-protobuf@v3.21.2-YDUqZL2TTSsy2lGtfuND/dist=es2019,mode=imports/optimized/google-protobuf.js:4587:18)
    at Function.deserialize (file:///Users/thesayyn/Documents/thesayyn/protoc-gen-ts/target/debug/build/protoc_gen_ts-8cec2bec66276c47/out/test_conformance/test_messages_proto2.ts:235:54)
    at file:///Users/thesayyn/Documents/thesayyn/protoc-gen-ts/tests/conformance/bin/main.ts:30:78

  protobuf_test_messages.proto3.TestAllTypesProto3 1
  Error: Assertion failed
    at Object.jspb.asserts.doAssertFailure (https://cdn.skypack.dev/-/google-protobuf@v3.21.2-YDUqZL2TTSsy2lGtfuND/dist=es2019,mode=imports/optimized/google-protobuf.js:778:11)
    at Object.jspb.asserts.assert (https://cdn.skypack.dev/-/google-protobuf@v3.21.2-YDUqZL2TTSsy2lGtfuND/dist=es2019,mode=imports/optimized/google-protobuf.js:783:23)
    at jspb.BinaryDecoder.readUint32 (https://cdn.skypack.dev/-/google-protobuf@v3.21.2-YDUqZL2TTSsy2lGtfuND/dist=es2019,mode=imports/optimized/google-protobuf.js:4202:18)
    at jspb.BinaryDecoder.readUint64 (https://cdn.skypack.dev/-/google-protobuf@v3.21.2-YDUqZL2TTSsy2lGtfuND/dist=es2019,mode=imports/optimized/google-protobuf.js:4206:18)
    at jspb.BinaryReader.readPackedField_ (https://cdn.skypack.dev/-/google-protobuf@v3.21.2-YDUqZL2TTSsy2lGtfuND/dist=es2019,mode=imports/optimized/google-protobuf.js:4676:16)
    at jspb.BinaryReader.readPackedFixed64 (https://cdn.skypack.dev/-/google-protobuf@v3.21.2-YDUqZL2TTSsy2lGtfuND/dist=es2019,mode=imports/optimized/google-protobuf.js:4723:17)
    at Function.deserialize (file:///Users/thesayyn/Documents/thesayyn/protoc-gen-ts/target/debug/build/protoc_gen_ts-8cec2bec66276c47/out/test_conformance/test_messages_proto3.ts:269:79)
    at file:///Users/thesayyn/Documents/thesayyn/protoc-gen-ts/tests/conformance/bin/main.ts:23:78

  protobuf_test_messages.proto2.TestAllTypesProto2 1
  Error: Assertion failed
    at Object.jspb.asserts.doAssertFailure (https://cdn.skypack.dev/-/google-protobuf@v3.21.2-YDUqZL2TTSsy2lGtfuND/dist=es2019,mode=imports/optimized/google-protobuf.js:778:11)
    at Object.jspb.asserts.assert (https://cdn.skypack.dev/-/google-protobuf@v3.21.2-YDUqZL2TTSsy2lGtfuND/dist=es2019,mode=imports/optimized/google-protobuf.js:783:23)
    at jspb.BinaryReader.readFixed64 (https://cdn.skypack.dev/-/google-protobuf@v3.21.2-YDUqZL2TTSsy2lGtfuND/dist=es2019,mode=imports/optimized/google-protobuf.js:4587:18)
    at Function.deserialize (file:///Users/thesayyn/Documents/thesayyn/protoc-gen-ts/target/debug/build/protoc_gen_ts-8cec2bec66276c47/out/test_conformance/test_messages_proto2.ts:235:54)
    at file:///Users/thesayyn/Documents/thesayyn/protoc-gen-ts/tests/conformance/bin/main.ts:30:78

  protobuf_test_messages.proto3.TestAllTypesProto3 1
  Error: Assertion failed
    at Object.jspb.asserts.doAssertFailure (https://cdn.skypack.dev/-/google-protobuf@v3.21.2-YDUqZL2TTSsy2lGtfuND/dist=es2019,mode=imports/optimized/google-protobuf.js:778:11)
    at Object.jspb.asserts.assert (https://cdn.skypack.dev/-/google-protobuf@v3.21.2-YDUqZL2TTSsy2lGtfuND/dist=es2019,mode=imports/optimized/google-protobuf.js:783:23)
    at jspb.BinaryDecoder.readUint32 (https://cdn.skypack.dev/-/google-protobuf@v3.21.2-YDUqZL2TTSsy2lGtfuND/dist=es2019,mode=imports/optimized/google-protobuf.js:4202:18)
    at jspb.BinaryReader.readFixed32 (https://cdn.skypack.dev/-/google-protobuf@v3.21.2-YDUqZL2TTSsy2lGtfuND/dist=es2019,mode=imports/optimized/google-protobuf.js:4583:26)
    at Function.deserialize (file:///Users/thesayyn/Documents/thesayyn/protoc-gen-ts/target/debug/build/protoc_gen_ts-8cec2bec66276c47/out/test_conformance/test_messages_proto3.ts:190:51)
    at file:///Users/thesayyn/Documents/thesayyn/protoc-gen-ts/tests/conformance/bin/main.ts:23:78

  protobuf_test_messages.proto2.TestAllTypesProto2 1
  Error: Assertion failed
    at Object.jspb.asserts.doAssertFailure (https://cdn.skypack.dev/-/google-protobuf@v3.21.2-YDUqZL2TTSsy2lGtfuND/dist=es2019,mode=imports/optimized/google-protobuf.js:778:11)
    at Object.jspb.asserts.assert (https://cdn.skypack.dev/-/google-protobuf@v3.21.2-YDUqZL2TTSsy2lGtfuND/dist=es2019,mode=imports/optimized/google-protobuf.js:783:23)
    at jspb.BinaryDecoder.readUint32 (https://cdn.skypack.dev/-/google-protobuf@v3.21.2-YDUqZL2TTSsy2lGtfuND/dist=es2019,mode=imports/optimized/google-protobuf.js:4202:18)
    at jspb.BinaryReader.readFixed32 (https://cdn.skypack.dev/-/google-protobuf@v3.21.2-YDUqZL2TTSsy2lGtfuND/dist=es2019,mode=imports/optimized/google-protobuf.js:4583:26)
    at Function.deserialize (file:///Users/thesayyn/Documents/thesayyn/protoc-gen-ts/target/debug/build/protoc_gen_ts-8cec2bec66276c47/out/test_conformance/test_messages_proto2.ts:166:51)
    at file:///Users/thesayyn/Documents/thesayyn/protoc-gen-ts/tests/conformance/bin/main.ts:30:78

  protobuf_test_messages.proto3.TestAllTypesProto3 1
  Error: Assertion failed
    at Object.jspb.asserts.doAssertFailure (https://cdn.skypack.dev/-/google-protobuf@v3.21.2-YDUqZL2TTSsy2lGtfuND/dist=es2019,mode=imports/optimized/google-protobuf.js:778:11)
    at Object.jspb.asserts.assert (https://cdn.skypack.dev/-/google-protobuf@v3.21.2-YDUqZL2TTSsy2lGtfuND/dist=es2019,mode=imports/optimized/google-protobuf.js:783:23)
    at jspb.BinaryDecoder.readUint32 (https://cdn.skypack.dev/-/google-protobuf@v3.21.2-YDUqZL2TTSsy2lGtfuND/dist=es2019,mode=imports/optimized/google-protobuf.js:4202:18)
    at jspb.BinaryReader.readFixed32 (https://cdn.skypack.dev/-/google-protobuf@v3.21.2-YDUqZL2TTSsy2lGtfuND/dist=es2019,mode=imports/optimized/google-protobuf.js:4583:26)
    at Function.deserialize (file:///Users/thesayyn/Documents/thesayyn/protoc-gen-ts/target/debug/build/protoc_gen_ts-8cec2bec66276c47/out/test_conformance/test_messages_proto3.ts:266:59)
    at file:///Users/thesayyn/Documents/thesayyn/protoc-gen-ts/tests/conformance/bin/main.ts:23:78

  protobuf_test_messages.proto2.TestAllTypesProto2 1
  Error: Assertion failed
    at Object.jspb.asserts.doAssertFailure (https://cdn.skypack.dev/-/google-protobuf@v3.21.2-YDUqZL2TTSsy2lGtfuND/dist=es2019,mode=imports/optimized/google-protobuf.js:778:11)
    at Object.jspb.asserts.assert (https://cdn.skypack.dev/-/google-protobuf@v3.21.2-YDUqZL2TTSsy2lGtfuND/dist=es2019,mode=imports/optimized/google-protobuf.js:783:23)
    at jspb.BinaryDecoder.readUint32 (https://cdn.skypack.dev/-/google-protobuf@v3.21.2-YDUqZL2TTSsy2lGtfuND/dist=es2019,mode=imports/optimized/google-protobuf.js:4202:18)
    at jspb.BinaryReader.readFixed32 (https://cdn.skypack.dev/-/google-protobuf@v3.21.2-YDUqZL2TTSsy2lGtfuND/dist=es2019,mode=imports/optimized/google-protobuf.js:4583:26)
    at Function.deserialize (file:///Users/thesayyn/Documents/thesayyn/protoc-gen-ts/target/debug/build/protoc_gen_ts-8cec2bec66276c47/out/test_conformance/test_messages_proto2.ts:232:54)
    at file:///Users/thesayyn/Documents/thesayyn/protoc-gen-ts/tests/conformance/bin/main.ts:30:78

  protobuf_test_messages.proto3.TestAllTypesProto3 1
  Error: Assertion failed
    at Object.jspb.asserts.doAssertFailure (https://cdn.skypack.dev/-/google-protobuf@v3.21.2-YDUqZL2TTSsy2lGtfuND/dist=es2019,mode=imports/optimized/google-protobuf.js:778:11)
    at Object.jspb.asserts.assert (https://cdn.skypack.dev/-/google-protobuf@v3.21.2-YDUqZL2TTSsy2lGtfuND/dist=es2019,mode=imports/optimized/google-protobuf.js:783:23)
    at jspb.BinaryDecoder.advance (https://cdn.skypack.dev/-/google-protobuf@v3.21.2-YDUqZL2TTSsy2lGtfuND/dist=es2019,mode=imports/optimized/google-protobuf.js:4081:18)
    at jspb.BinaryReader.skipFixed32Field (https://cdn.skypack.dev/-/google-protobuf@v3.21.2-YDUqZL2TTSsy2lGtfuND/dist=es2019,mode=imports/optimized/google-protobuf.js:4406:163)
    at jspb.BinaryReader.skipField (https://cdn.skypack.dev/-/google-protobuf@v3.21.2-YDUqZL2TTSsy2lGtfuND/dist=es2019,mode=imports/optimized/google-protobuf.js:4438:14)
    at Function.deserialize (file:///Users/thesayyn/Documents/thesayyn/protoc-gen-ts/target/debug/build/protoc_gen_ts-8cec2bec66276c47/out/test_conformance/test_messages_proto3.ts:958:24)
    at file:///Users/thesayyn/Documents/thesayyn/protoc-gen-ts/tests/conformance/bin/main.ts:23:78

  protobuf_test_messages.proto2.TestAllTypesProto2 1
  Error: Assertion failed
    at Object.jspb.asserts.doAssertFailure (https://cdn.skypack.dev/-/google-protobuf@v3.21.2-YDUqZL2TTSsy2lGtfuND/dist=es2019,mode=imports/optimized/google-protobuf.js:778:11)
    at Object.jspb.asserts.assert (https://cdn.skypack.dev/-/google-protobuf@v3.21.2-YDUqZL2TTSsy2lGtfuND/dist=es2019,mode=imports/optimized/google-protobuf.js:783:23)
    at jspb.BinaryDecoder.advance (https://cdn.skypack.dev/-/google-protobuf@v3.21.2-YDUqZL2TTSsy2lGtfuND/dist=es2019,mode=imports/optimized/google-protobuf.js:4081:18)
    at jspb.BinaryReader.skipFixed32Field (https://cdn.skypack.dev/-/google-protobuf@v3.21.2-YDUqZL2TTSsy2lGtfuND/dist=es2019,mode=imports/optimized/google-protobuf.js:4406:163)
    at jspb.BinaryReader.skipField (https://cdn.skypack.dev/-/google-protobuf@v3.21.2-YDUqZL2TTSsy2lGtfuND/dist=es2019,mode=imports/optimized/google-protobuf.js:4438:14)
    at Function.deserialize (file:///Users/thesayyn/Documents/thesayyn/protoc-gen-ts/target/debug/build/protoc_gen_ts-8cec2bec66276c47/out/test_conformance/test_messages_proto2.ts:865:24)
    at file:///Users/thesayyn/Documents/thesayyn/protoc-gen-ts/tests/conformance/bin/main.ts:30:78

  protobuf_test_messages.proto3.TestAllTypesProto3 1
  Error: Assertion failed
    at Object.jspb.asserts.doAssertFailure (https://cdn.skypack.dev/-/google-protobuf@v3.21.2-YDUqZL2TTSsy2lGtfuND/dist=es2019,mode=imports/optimized/google-protobuf.js:778:11)
    at Object.jspb.asserts.assert (https://cdn.skypack.dev/-/google-protobuf@v3.21.2-YDUqZL2TTSsy2lGtfuND/dist=es2019,mode=imports/optimized/google-protobuf.js:783:23)
    at jspb.BinaryDecoder.readUint32 (https://cdn.skypack.dev/-/google-protobuf@v3.21.2-YDUqZL2TTSsy2lGtfuND/dist=es2019,mode=imports/optimized/google-protobuf.js:4202:18)
    at jspb.BinaryReader.readFixed32 (https://cdn.skypack.dev/-/google-protobuf@v3.21.2-YDUqZL2TTSsy2lGtfuND/dist=es2019,mode=imports/optimized/google-protobuf.js:4583:26)
    at Function.deserialize (file:///Users/thesayyn/Documents/thesayyn/protoc-gen-ts/target/debug/build/protoc_gen_ts-8cec2bec66276c47/out/test_conformance/test_messages_proto3.ts:190:51)
    at file:///Users/thesayyn/Documents/thesayyn/protoc-gen-ts/tests/conformance/bin/main.ts:23:78

  protobuf_test_messages.proto2.TestAllTypesProto2 1
  Error: Assertion failed
    at Object.jspb.asserts.doAssertFailure (https://cdn.skypack.dev/-/google-protobuf@v3.21.2-YDUqZL2TTSsy2lGtfuND/dist=es2019,mode=imports/optimized/google-protobuf.js:778:11)
    at Object.jspb.asserts.assert (https://cdn.skypack.dev/-/google-protobuf@v3.21.2-YDUqZL2TTSsy2lGtfuND/dist=es2019,mode=imports/optimized/google-protobuf.js:783:23)
    at jspb.BinaryDecoder.readUint32 (https://cdn.skypack.dev/-/google-protobuf@v3.21.2-YDUqZL2TTSsy2lGtfuND/dist=es2019,mode=imports/optimized/google-protobuf.js:4202:18)
    at jspb.BinaryReader.readFixed32 (https://cdn.skypack.dev/-/google-protobuf@v3.21.2-YDUqZL2TTSsy2lGtfuND/dist=es2019,mode=imports/optimized/google-protobuf.js:4583:26)
    at Function.deserialize (file:///Users/thesayyn/Documents/thesayyn/protoc-gen-ts/target/debug/build/protoc_gen_ts-8cec2bec66276c47/out/test_conformance/test_messages_proto2.ts:166:51)
    at file:///Users/thesayyn/Documents/thesayyn/protoc-gen-ts/tests/conformance/bin/main.ts:30:78

  protobuf_test_messages.proto3.TestAllTypesProto3 1
  Error: Assertion failed
    at Object.jspb.asserts.doAssertFailure (https://cdn.skypack.dev/-/google-protobuf@v3.21.2-YDUqZL2TTSsy2lGtfuND/dist=es2019,mode=imports/optimized/google-protobuf.js:778:11)
    at Object.jspb.asserts.assert (https://cdn.skypack.dev/-/google-protobuf@v3.21.2-YDUqZL2TTSsy2lGtfuND/dist=es2019,mode=imports/optimized/google-protobuf.js:783:23)
    at jspb.BinaryDecoder.readUint32 (https://cdn.skypack.dev/-/google-protobuf@v3.21.2-YDUqZL2TTSsy2lGtfuND/dist=es2019,mode=imports/optimized/google-protobuf.js:4202:18)
    at jspb.BinaryReader.readFixed32 (https://cdn.skypack.dev/-/google-protobuf@v3.21.2-YDUqZL2TTSsy2lGtfuND/dist=es2019,mode=imports/optimized/google-protobuf.js:4583:26)
    at Function.deserialize (file:///Users/thesayyn/Documents/thesayyn/protoc-gen-ts/target/debug/build/protoc_gen_ts-8cec2bec66276c47/out/test_conformance/test_messages_proto3.ts:266:59)
    at file:///Users/thesayyn/Documents/thesayyn/protoc-gen-ts/tests/conformance/bin/main.ts:23:78

  protobuf_test_messages.proto2.TestAllTypesProto2 1
  Error: Assertion failed
    at Object.jspb.asserts.doAssertFailure (https://cdn.skypack.dev/-/google-protobuf@v3.21.2-YDUqZL2TTSsy2lGtfuND/dist=es2019,mode=imports/optimized/google-protobuf.js:778:11)
    at Object.jspb.asserts.assert (https://cdn.skypack.dev/-/google-protobuf@v3.21.2-YDUqZL2TTSsy2lGtfuND/dist=es2019,mode=imports/optimized/google-protobuf.js:783:23)
    at jspb.BinaryDecoder.readUint32 (https://cdn.skypack.dev/-/google-protobuf@v3.21.2-YDUqZL2TTSsy2lGtfuND/dist=es2019,mode=imports/optimized/google-protobuf.js:4202:18)
    at jspb.BinaryReader.readFixed32 (https://cdn.skypack.dev/-/google-protobuf@v3.21.2-YDUqZL2TTSsy2lGtfuND/dist=es2019,mode=imports/optimized/google-protobuf.js:4583:26)
    at Function.deserialize (file:///Users/thesayyn/Documents/thesayyn/protoc-gen-ts/target/debug/build/protoc_gen_ts-8cec2bec66276c47/out/test_conformance/test_messages_proto2.ts:232:54)
    at file:///Users/thesayyn/Documents/thesayyn/protoc-gen-ts/tests/conformance/bin/main.ts:30:78

  protobuf_test_messages.proto3.TestAllTypesProto3 1
  Error: Assertion failed
    at Object.jspb.asserts.doAssertFailure (https://cdn.skypack.dev/-/google-protobuf@v3.21.2-YDUqZL2TTSsy2lGtfuND/dist=es2019,mode=imports/optimized/google-protobuf.js:778:11)
    at Object.jspb.asserts.assert (https://cdn.skypack.dev/-/google-protobuf@v3.21.2-YDUqZL2TTSsy2lGtfuND/dist=es2019,mode=imports/optimized/google-protobuf.js:783:23)
    at jspb.BinaryDecoder.advance (https://cdn.skypack.dev/-/google-protobuf@v3.21.2-YDUqZL2TTSsy2lGtfuND/dist=es2019,mode=imports/optimized/google-protobuf.js:4081:18)
    at jspb.BinaryReader.skipFixed32Field (https://cdn.skypack.dev/-/google-protobuf@v3.21.2-YDUqZL2TTSsy2lGtfuND/dist=es2019,mode=imports/optimized/google-protobuf.js:4406:163)
    at jspb.BinaryReader.skipField (https://cdn.skypack.dev/-/google-protobuf@v3.21.2-YDUqZL2TTSsy2lGtfuND/dist=es2019,mode=imports/optimized/google-protobuf.js:4438:14)
    at Function.deserialize (file:///Users/thesayyn/Documents/thesayyn/protoc-gen-ts/target/debug/build/protoc_gen_ts-8cec2bec66276c47/out/test_conformance/test_messages_proto3.ts:958:24)
    at file:///Users/thesayyn/Documents/thesayyn/protoc-gen-ts/tests/conformance/bin/main.ts:23:78

  protobuf_test_messages.proto2.TestAllTypesProto2 1
  Error: Assertion failed
    at Object.jspb.asserts.doAssertFailure (https://cdn.skypack.dev/-/google-protobuf@v3.21.2-YDUqZL2TTSsy2lGtfuND/dist=es2019,mode=imports/optimized/google-protobuf.js:778:11)
    at Object.jspb.asserts.assert (https://cdn.skypack.dev/-/google-protobuf@v3.21.2-YDUqZL2TTSsy2lGtfuND/dist=es2019,mode=imports/optimized/google-protobuf.js:783:23)
    at jspb.BinaryDecoder.advance (https://cdn.skypack.dev/-/google-protobuf@v3.21.2-YDUqZL2TTSsy2lGtfuND/dist=es2019,mode=imports/optimized/google-protobuf.js:4081:18)
    at jspb.BinaryReader.skipFixed32Field (https://cdn.skypack.dev/-/google-protobuf@v3.21.2-YDUqZL2TTSsy2lGtfuND/dist=es2019,mode=imports/optimized/google-protobuf.js:4406:163)
    at jspb.BinaryReader.skipField (https://cdn.skypack.dev/-/google-protobuf@v3.21.2-YDUqZL2TTSsy2lGtfuND/dist=es2019,mode=imports/optimized/google-protobuf.js:4438:14)
    at Function.deserialize (file:///Users/thesayyn/Documents/thesayyn/protoc-gen-ts/target/debug/build/protoc_gen_ts-8cec2bec66276c47/out/test_conformance/test_messages_proto2.ts:865:24)
    at file:///Users/thesayyn/Documents/thesayyn/protoc-gen-ts/tests/conformance/bin/main.ts:30:78

  protobuf_test_messages.proto3.TestAllTypesProto3 1
  Error: Assertion failed
    at Object.jspb.asserts.doAssertFailure (https://cdn.skypack.dev/-/google-protobuf@v3.21.2-YDUqZL2TTSsy2lGtfuND/dist=es2019,mode=imports/optimized/google-protobuf.js:778:11)
    at Object.jspb.asserts.assert (https://cdn.skypack.dev/-/google-protobuf@v3.21.2-YDUqZL2TTSsy2lGtfuND/dist=es2019,mode=imports/optimized/google-protobuf.js:783:23)
    at jspb.BinaryDecoder.readUint32 (https://cdn.skypack.dev/-/google-protobuf@v3.21.2-YDUqZL2TTSsy2lGtfuND/dist=es2019,mode=imports/optimized/google-protobuf.js:4202:18)
    at jspb.BinaryReader.readPackedField_ (https://cdn.skypack.dev/-/google-protobuf@v3.21.2-YDUqZL2TTSsy2lGtfuND/dist=es2019,mode=imports/optimized/google-protobuf.js:4676:16)
    at jspb.BinaryReader.readPackedFixed32 (https://cdn.skypack.dev/-/google-protobuf@v3.21.2-YDUqZL2TTSsy2lGtfuND/dist=es2019,mode=imports/optimized/google-protobuf.js:4719:17)
    at Function.deserialize (file:///Users/thesayyn/Documents/thesayyn/protoc-gen-ts/target/debug/build/protoc_gen_ts-8cec2bec66276c47/out/test_conformance/test_messages_proto3.ts:265:79)
    at file:///Users/thesayyn/Documents/thesayyn/protoc-gen-ts/tests/conformance/bin/main.ts:23:78

  protobuf_test_messages.proto2.TestAllTypesProto2 1
  Error: Assertion failed
    at Object.jspb.asserts.doAssertFailure (https://cdn.skypack.dev/-/google-protobuf@v3.21.2-YDUqZL2TTSsy2lGtfuND/dist=es2019,mode=imports/optimized/google-protobuf.js:778:11)
    at Object.jspb.asserts.assert (https://cdn.skypack.dev/-/google-protobuf@v3.21.2-YDUqZL2TTSsy2lGtfuND/dist=es2019,mode=imports/optimized/google-protobuf.js:783:23)
    at jspb.BinaryReader.readFixed32 (https://cdn.skypack.dev/-/google-protobuf@v3.21.2-YDUqZL2TTSsy2lGtfuND/dist=es2019,mode=imports/optimized/google-protobuf.js:4582:18)
    at Function.deserialize (file:///Users/thesayyn/Documents/thesayyn/protoc-gen-ts/target/debug/build/protoc_gen_ts-8cec2bec66276c47/out/test_conformance/test_messages_proto2.ts:232:54)
    at file:///Users/thesayyn/Documents/thesayyn/protoc-gen-ts/tests/conformance/bin/main.ts:30:78

  protobuf_test_messages.proto3.TestAllTypesProto3 1
  Error: Assertion failed
    at Object.jspb.asserts.doAssertFailure (https://cdn.skypack.dev/-/google-protobuf@v3.21.2-YDUqZL2TTSsy2lGtfuND/dist=es2019,mode=imports/optimized/google-protobuf.js:778:11)
    at Object.jspb.asserts.assert (https://cdn.skypack.dev/-/google-protobuf@v3.21.2-YDUqZL2TTSsy2lGtfuND/dist=es2019,mode=imports/optimized/google-protobuf.js:783:23)
    at jspb.BinaryDecoder.readUint32 (https://cdn.skypack.dev/-/google-protobuf@v3.21.2-YDUqZL2TTSsy2lGtfuND/dist=es2019,mode=imports/optimized/google-protobuf.js:4202:18)
    at jspb.BinaryReader.readPackedField_ (https://cdn.skypack.dev/-/google-protobuf@v3.21.2-YDUqZL2TTSsy2lGtfuND/dist=es2019,mode=imports/optimized/google-protobuf.js:4676:16)
    at jspb.BinaryReader.readPackedFixed32 (https://cdn.skypack.dev/-/google-protobuf@v3.21.2-YDUqZL2TTSsy2lGtfuND/dist=es2019,mode=imports/optimized/google-protobuf.js:4719:17)
    at Function.deserialize (file:///Users/thesayyn/Documents/thesayyn/protoc-gen-ts/target/debug/build/protoc_gen_ts-8cec2bec66276c47/out/test_conformance/test_messages_proto3.ts:265:79)
    at file:///Users/thesayyn/Documents/thesayyn/protoc-gen-ts/tests/conformance/bin/main.ts:23:78

  protobuf_test_messages.proto2.TestAllTypesProto2 1
  Error: Assertion failed
    at Object.jspb.asserts.doAssertFailure (https://cdn.skypack.dev/-/google-protobuf@v3.21.2-YDUqZL2TTSsy2lGtfuND/dist=es2019,mode=imports/optimized/google-protobuf.js:778:11)
    at Object.jspb.asserts.assert (https://cdn.skypack.dev/-/google-protobuf@v3.21.2-YDUqZL2TTSsy2lGtfuND/dist=es2019,mode=imports/optimized/google-protobuf.js:783:23)
    at jspb.BinaryReader.readFixed32 (https://cdn.skypack.dev/-/google-protobuf@v3.21.2-YDUqZL2TTSsy2lGtfuND/dist=es2019,mode=imports/optimized/google-protobuf.js:4582:18)
    at Function.deserialize (file:///Users/thesayyn/Documents/thesayyn/protoc-gen-ts/target/debug/build/protoc_gen_ts-8cec2bec66276c47/out/test_conformance/test_messages_proto2.ts:232:54)
    at file:///Users/thesayyn/Documents/thesayyn/protoc-gen-ts/tests/conformance/bin/main.ts:30:78

  protobuf_test_messages.proto3.TestAllTypesProto3 1
  Error: Assertion failed
    at Object.jspb.asserts.doAssertFailure (https://cdn.skypack.dev/-/google-protobuf@v3.21.2-YDUqZL2TTSsy2lGtfuND/dist=es2019,mode=imports/optimized/google-protobuf.js:778:11)
    at Object.jspb.asserts.assert (https://cdn.skypack.dev/-/google-protobuf@v3.21.2-YDUqZL2TTSsy2lGtfuND/dist=es2019,mode=imports/optimized/google-protobuf.js:783:23)
    at jspb.BinaryDecoder.readUnsignedVarint32 (https://cdn.skypack.dev/-/google-protobuf@v3.21.2-YDUqZL2TTSsy2lGtfuND/dist=es2019,mode=imports/optimized/google-protobuf.js:4150:18)
    at jspb.BinaryReader.readBool (https://cdn.skypack.dev/-/google-protobuf@v3.21.2-YDUqZL2TTSsy2lGtfuND/dist=es2019,mode=imports/optimized/google-protobuf.js:4625:28)
    at Function.deserialize (file:///Users/thesayyn/Documents/thesayyn/protoc-gen-ts/target/debug/build/protoc_gen_ts-8cec2bec66276c47/out/test_conformance/test_messages_proto3.ts:208:48)
    at file:///Users/thesayyn/Documents/thesayyn/protoc-gen-ts/tests/conformance/bin/main.ts:23:78

  protobuf_test_messages.proto2.TestAllTypesProto2 1
  Error: Assertion failed
    at Object.jspb.asserts.doAssertFailure (https://cdn.skypack.dev/-/google-protobuf@v3.21.2-YDUqZL2TTSsy2lGtfuND/dist=es2019,mode=imports/optimized/google-protobuf.js:778:11)
    at Object.jspb.asserts.assert (https://cdn.skypack.dev/-/google-protobuf@v3.21.2-YDUqZL2TTSsy2lGtfuND/dist=es2019,mode=imports/optimized/google-protobuf.js:783:23)
    at jspb.BinaryDecoder.readUnsignedVarint32 (https://cdn.skypack.dev/-/google-protobuf@v3.21.2-YDUqZL2TTSsy2lGtfuND/dist=es2019,mode=imports/optimized/google-protobuf.js:4150:18)
    at jspb.BinaryReader.readBool (https://cdn.skypack.dev/-/google-protobuf@v3.21.2-YDUqZL2TTSsy2lGtfuND/dist=es2019,mode=imports/optimized/google-protobuf.js:4625:28)
    at Function.deserialize (file:///Users/thesayyn/Documents/thesayyn/protoc-gen-ts/target/debug/build/protoc_gen_ts-8cec2bec66276c47/out/test_conformance/test_messages_proto2.ts:184:48)
    at file:///Users/thesayyn/Documents/thesayyn/protoc-gen-ts/tests/conformance/bin/main.ts:30:78

  protobuf_test_messages.proto3.TestAllTypesProto3 1
  Error: Assertion failed
    at Object.jspb.asserts.doAssertFailure (https://cdn.skypack.dev/-/google-protobuf@v3.21.2-YDUqZL2TTSsy2lGtfuND/dist=es2019,mode=imports/optimized/google-protobuf.js:778:11)
    at Object.jspb.asserts.assert (https://cdn.skypack.dev/-/google-protobuf@v3.21.2-YDUqZL2TTSsy2lGtfuND/dist=es2019,mode=imports/optimized/google-protobuf.js:783:23)
    at jspb.BinaryDecoder.readUnsignedVarint32 (https://cdn.skypack.dev/-/google-protobuf@v3.21.2-YDUqZL2TTSsy2lGtfuND/dist=es2019,mode=imports/optimized/google-protobuf.js:4150:18)
    at jspb.BinaryReader.readBool (https://cdn.skypack.dev/-/google-protobuf@v3.21.2-YDUqZL2TTSsy2lGtfuND/dist=es2019,mode=imports/optimized/google-protobuf.js:4625:28)
    at Function.deserialize (file:///Users/thesayyn/Documents/thesayyn/protoc-gen-ts/target/debug/build/protoc_gen_ts-8cec2bec66276c47/out/test_conformance/test_messages_proto3.ts:290:56)
    at file:///Users/thesayyn/Documents/thesayyn/protoc-gen-ts/tests/conformance/bin/main.ts:23:78

  protobuf_test_messages.proto2.TestAllTypesProto2 1
  Error: Assertion failed
    at Object.jspb.asserts.doAssertFailure (https://cdn.skypack.dev/-/google-protobuf@v3.21.2-YDUqZL2TTSsy2lGtfuND/dist=es2019,mode=imports/optimized/google-protobuf.js:778:11)
    at Object.jspb.asserts.assert (https://cdn.skypack.dev/-/google-protobuf@v3.21.2-YDUqZL2TTSsy2lGtfuND/dist=es2019,mode=imports/optimized/google-protobuf.js:783:23)
    at jspb.BinaryDecoder.readUnsignedVarint32 (https://cdn.skypack.dev/-/google-protobuf@v3.21.2-YDUqZL2TTSsy2lGtfuND/dist=es2019,mode=imports/optimized/google-protobuf.js:4150:18)
    at jspb.BinaryReader.readBool (https://cdn.skypack.dev/-/google-protobuf@v3.21.2-YDUqZL2TTSsy2lGtfuND/dist=es2019,mode=imports/optimized/google-protobuf.js:4625:28)
    at Function.deserialize (file:///Users/thesayyn/Documents/thesayyn/protoc-gen-ts/target/debug/build/protoc_gen_ts-8cec2bec66276c47/out/test_conformance/test_messages_proto2.ts:250:51)
    at file:///Users/thesayyn/Documents/thesayyn/protoc-gen-ts/tests/conformance/bin/main.ts:30:78

  protobuf_test_messages.proto3.TestAllTypesProto3 1
  Error: Failure: Decoder hit an error
    at Object.jspb.asserts.fail (https://cdn.skypack.dev/-/google-protobuf@v3.21.2-YDUqZL2TTSsy2lGtfuND/dist=es2019,mode=imports/optimized/google-protobuf.js:801:11)
    at jspb.BinaryReader.nextField (https://cdn.skypack.dev/-/google-protobuf@v3.21.2-YDUqZL2TTSsy2lGtfuND/dist=es2019,mode=imports/optimized/google-protobuf.js:4374:27)
    at Function.deserialize (file:///Users/thesayyn/Documents/thesayyn/protoc-gen-ts/target/debug/build/protoc_gen_ts-8cec2bec66276c47/out/test_conformance/test_messages_proto3.ts:169:18)
    at file:///Users/thesayyn/Documents/thesayyn/protoc-gen-ts/tests/conformance/bin/main.ts:23:78

  protobuf_test_messages.proto2.TestAllTypesProto2 1
  Error: Failure: Decoder hit an error
    at Object.jspb.asserts.fail (https://cdn.skypack.dev/-/google-protobuf@v3.21.2-YDUqZL2TTSsy2lGtfuND/dist=es2019,mode=imports/optimized/google-protobuf.js:801:11)
    at jspb.BinaryReader.nextField (https://cdn.skypack.dev/-/google-protobuf@v3.21.2-YDUqZL2TTSsy2lGtfuND/dist=es2019,mode=imports/optimized/google-protobuf.js:4374:27)
    at Function.deserialize (file:///Users/thesayyn/Documents/thesayyn/protoc-gen-ts/target/debug/build/protoc_gen_ts-8cec2bec66276c47/out/test_conformance/test_messages_proto2.ts:145:18)
    at file:///Users/thesayyn/Documents/thesayyn/protoc-gen-ts/tests/conformance/bin/main.ts:30:78

  protobuf_test_messages.proto3.TestAllTypesProto3 1
  Error: Assertion failed
    at Object.jspb.asserts.doAssertFailure (https://cdn.skypack.dev/-/google-protobuf@v3.21.2-YDUqZL2TTSsy2lGtfuND/dist=es2019,mode=imports/optimized/google-protobuf.js:778:11)
    at Object.jspb.asserts.assert (https://cdn.skypack.dev/-/google-protobuf@v3.21.2-YDUqZL2TTSsy2lGtfuND/dist=es2019,mode=imports/optimized/google-protobuf.js:783:23)
    at jspb.BinaryDecoder.readUnsignedVarint32 (https://cdn.skypack.dev/-/google-protobuf@v3.21.2-YDUqZL2TTSsy2lGtfuND/dist=es2019,mode=imports/optimized/google-protobuf.js:4150:18)
    at jspb.BinaryReader.readBool (https://cdn.skypack.dev/-/google-protobuf@v3.21.2-YDUqZL2TTSsy2lGtfuND/dist=es2019,mode=imports/optimized/google-protobuf.js:4625:28)
    at Function.deserialize (file:///Users/thesayyn/Documents/thesayyn/protoc-gen-ts/target/debug/build/protoc_gen_ts-8cec2bec66276c47/out/test_conformance/test_messages_proto3.ts:208:48)
    at file:///Users/thesayyn/Documents/thesayyn/protoc-gen-ts/tests/conformance/bin/main.ts:23:78

  protobuf_test_messages.proto2.TestAllTypesProto2 1
  Error: Assertion failed
    at Object.jspb.asserts.doAssertFailure (https://cdn.skypack.dev/-/google-protobuf@v3.21.2-YDUqZL2TTSsy2lGtfuND/dist=es2019,mode=imports/optimized/google-protobuf.js:778:11)
    at Object.jspb.asserts.assert (https://cdn.skypack.dev/-/google-protobuf@v3.21.2-YDUqZL2TTSsy2lGtfuND/dist=es2019,mode=imports/optimized/google-protobuf.js:783:23)
    at jspb.BinaryDecoder.readUnsignedVarint32 (https://cdn.skypack.dev/-/google-protobuf@v3.21.2-YDUqZL2TTSsy2lGtfuND/dist=es2019,mode=imports/optimized/google-protobuf.js:4150:18)
    at jspb.BinaryReader.readBool (https://cdn.skypack.dev/-/google-protobuf@v3.21.2-YDUqZL2TTSsy2lGtfuND/dist=es2019,mode=imports/optimized/google-protobuf.js:4625:28)
    at Function.deserialize (file:///Users/thesayyn/Documents/thesayyn/protoc-gen-ts/target/debug/build/protoc_gen_ts-8cec2bec66276c47/out/test_conformance/test_messages_proto2.ts:184:48)
    at file:///Users/thesayyn/Documents/thesayyn/protoc-gen-ts/tests/conformance/bin/main.ts:30:78

  protobuf_test_messages.proto3.TestAllTypesProto3 1
  Error: Assertion failed
    at Object.jspb.asserts.doAssertFailure (https://cdn.skypack.dev/-/google-protobuf@v3.21.2-YDUqZL2TTSsy2lGtfuND/dist=es2019,mode=imports/optimized/google-protobuf.js:778:11)
    at Object.jspb.asserts.assert (https://cdn.skypack.dev/-/google-protobuf@v3.21.2-YDUqZL2TTSsy2lGtfuND/dist=es2019,mode=imports/optimized/google-protobuf.js:783:23)
    at jspb.BinaryDecoder.readUnsignedVarint32 (https://cdn.skypack.dev/-/google-protobuf@v3.21.2-YDUqZL2TTSsy2lGtfuND/dist=es2019,mode=imports/optimized/google-protobuf.js:4150:18)
    at jspb.BinaryReader.readBool (https://cdn.skypack.dev/-/google-protobuf@v3.21.2-YDUqZL2TTSsy2lGtfuND/dist=es2019,mode=imports/optimized/google-protobuf.js:4625:28)
    at Function.deserialize (file:///Users/thesayyn/Documents/thesayyn/protoc-gen-ts/target/debug/build/protoc_gen_ts-8cec2bec66276c47/out/test_conformance/test_messages_proto3.ts:290:56)
    at file:///Users/thesayyn/Documents/thesayyn/protoc-gen-ts/tests/conformance/bin/main.ts:23:78

  protobuf_test_messages.proto2.TestAllTypesProto2 1
  Error: Assertion failed
    at Object.jspb.asserts.doAssertFailure (https://cdn.skypack.dev/-/google-protobuf@v3.21.2-YDUqZL2TTSsy2lGtfuND/dist=es2019,mode=imports/optimized/google-protobuf.js:778:11)
    at Object.jspb.asserts.assert (https://cdn.skypack.dev/-/google-protobuf@v3.21.2-YDUqZL2TTSsy2lGtfuND/dist=es2019,mode=imports/optimized/google-protobuf.js:783:23)
    at jspb.BinaryDecoder.readUnsignedVarint32 (https://cdn.skypack.dev/-/google-protobuf@v3.21.2-YDUqZL2TTSsy2lGtfuND/dist=es2019,mode=imports/optimized/google-protobuf.js:4150:18)
    at jspb.BinaryReader.readBool (https://cdn.skypack.dev/-/google-protobuf@v3.21.2-YDUqZL2TTSsy2lGtfuND/dist=es2019,mode=imports/optimized/google-protobuf.js:4625:28)
    at Function.deserialize (file:///Users/thesayyn/Documents/thesayyn/protoc-gen-ts/target/debug/build/protoc_gen_ts-8cec2bec66276c47/out/test_conformance/test_messages_proto2.ts:250:51)
    at file:///Users/thesayyn/Documents/thesayyn/protoc-gen-ts/tests/conformance/bin/main.ts:30:78

  protobuf_test_messages.proto3.TestAllTypesProto3 1
  Error: Failure: Decoder hit an error
    at Object.jspb.asserts.fail (https://cdn.skypack.dev/-/google-protobuf@v3.21.2-YDUqZL2TTSsy2lGtfuND/dist=es2019,mode=imports/optimized/google-protobuf.js:801:11)
    at jspb.BinaryReader.nextField (https://cdn.skypack.dev/-/google-protobuf@v3.21.2-YDUqZL2TTSsy2lGtfuND/dist=es2019,mode=imports/optimized/google-protobuf.js:4374:27)
    at Function.deserialize (file:///Users/thesayyn/Documents/thesayyn/protoc-gen-ts/target/debug/build/protoc_gen_ts-8cec2bec66276c47/out/test_conformance/test_messages_proto3.ts:169:18)
    at file:///Users/thesayyn/Documents/thesayyn/protoc-gen-ts/tests/conformance/bin/main.ts:23:78

  protobuf_test_messages.proto2.TestAllTypesProto2 1
  Error: Failure: Decoder hit an error
    at Object.jspb.asserts.fail (https://cdn.skypack.dev/-/google-protobuf@v3.21.2-YDUqZL2TTSsy2lGtfuND/dist=es2019,mode=imports/optimized/google-protobuf.js:801:11)
    at jspb.BinaryReader.nextField (https://cdn.skypack.dev/-/google-protobuf@v3.21.2-YDUqZL2TTSsy2lGtfuND/dist=es2019,mode=imports/optimized/google-protobuf.js:4374:27)
    at Function.deserialize (file:///Users/thesayyn/Documents/thesayyn/protoc-gen-ts/target/debug/build/protoc_gen_ts-8cec2bec66276c47/out/test_conformance/test_messages_proto2.ts:145:18)
    at file:///Users/thesayyn/Documents/thesayyn/protoc-gen-ts/tests/conformance/bin/main.ts:30:78

  protobuf_test_messages.proto2.TestAllTypesProto2 1
  Error: Assertion failed
    at Object.jspb.asserts.doAssertFailure (https://cdn.skypack.dev/-/google-protobuf@v3.21.2-YDUqZL2TTSsy2lGtfuND/dist=es2019,mode=imports/optimized/google-protobuf.js:778:11)
    at Object.jspb.asserts.assert (https://cdn.skypack.dev/-/google-protobuf@v3.21.2-YDUqZL2TTSsy2lGtfuND/dist=es2019,mode=imports/optimized/google-protobuf.js:783:23)
    at jspb.BinaryReader.readBool (https://cdn.skypack.dev/-/google-protobuf@v3.21.2-YDUqZL2TTSsy2lGtfuND/dist=es2019,mode=imports/optimized/google-protobuf.js:4624:18)
    at Function.deserialize (file:///Users/thesayyn/Documents/thesayyn/protoc-gen-ts/target/debug/build/protoc_gen_ts-8cec2bec66276c47/out/test_conformance/test_messages_proto2.ts:250:51)
    at file:///Users/thesayyn/Documents/thesayyn/protoc-gen-ts/tests/conformance/bin/main.ts:30:78

  protobuf_test_messages.proto3.TestAllTypesProto3 1
  Error: Failure: Decoder hit an error
    at Object.jspb.asserts.fail (https://cdn.skypack.dev/-/google-protobuf@v3.21.2-YDUqZL2TTSsy2lGtfuND/dist=es2019,mode=imports/optimized/google-protobuf.js:801:11)
    at jspb.BinaryReader.nextField (https://cdn.skypack.dev/-/google-protobuf@v3.21.2-YDUqZL2TTSsy2lGtfuND/dist=es2019,mode=imports/optimized/google-protobuf.js:4374:27)
    at Function.deserialize (file:///Users/thesayyn/Documents/thesayyn/protoc-gen-ts/target/debug/build/protoc_gen_ts-8cec2bec66276c47/out/test_conformance/test_messages_proto3.ts:169:18)
    at file:///Users/thesayyn/Documents/thesayyn/protoc-gen-ts/tests/conformance/bin/main.ts:23:78

  protobuf_test_messages.proto2.TestAllTypesProto2 1
  Error: Assertion failed
    at Object.jspb.asserts.doAssertFailure (https://cdn.skypack.dev/-/google-protobuf@v3.21.2-YDUqZL2TTSsy2lGtfuND/dist=es2019,mode=imports/optimized/google-protobuf.js:778:11)
    at Object.jspb.asserts.assert (https://cdn.skypack.dev/-/google-protobuf@v3.21.2-YDUqZL2TTSsy2lGtfuND/dist=es2019,mode=imports/optimized/google-protobuf.js:783:23)
    at jspb.BinaryReader.readBool (https://cdn.skypack.dev/-/google-protobuf@v3.21.2-YDUqZL2TTSsy2lGtfuND/dist=es2019,mode=imports/optimized/google-protobuf.js:4624:18)
    at Function.deserialize (file:///Users/thesayyn/Documents/thesayyn/protoc-gen-ts/target/debug/build/protoc_gen_ts-8cec2bec66276c47/out/test_conformance/test_messages_proto2.ts:250:51)
    at file:///Users/thesayyn/Documents/thesayyn/protoc-gen-ts/tests/conformance/bin/main.ts:30:78

  protobuf_test_messages.proto3.TestAllTypesProto3 1
  Error: Assertion failed
    at Object.jspb.asserts.doAssertFailure (https://cdn.skypack.dev/-/google-protobuf@v3.21.2-YDUqZL2TTSsy2lGtfuND/dist=es2019,mode=imports/optimized/google-protobuf.js:778:11)
    at Object.jspb.asserts.assert (https://cdn.skypack.dev/-/google-protobuf@v3.21.2-YDUqZL2TTSsy2lGtfuND/dist=es2019,mode=imports/optimized/google-protobuf.js:783:23)
    at jspb.BinaryDecoder.readUnsignedVarint32 (https://cdn.skypack.dev/-/google-protobuf@v3.21.2-YDUqZL2TTSsy2lGtfuND/dist=es2019,mode=imports/optimized/google-protobuf.js:4150:18)
    at jspb.BinaryReader.readString (https://cdn.skypack.dev/-/google-protobuf@v3.21.2-YDUqZL2TTSsy2lGtfuND/dist=es2019,mode=imports/optimized/google-protobuf.js:4635:27)
    at Function.deserialize (file:///Users/thesayyn/Documents/thesayyn/protoc-gen-ts/target/debug/build/protoc_gen_ts-8cec2bec66276c47/out/test_conformance/test_messages_proto3.ts:211:50)
    at file:///Users/thesayyn/Documents/thesayyn/protoc-gen-ts/tests/conformance/bin/main.ts:23:78

  protobuf_test_messages.proto2.TestAllTypesProto2 1
  Error: Assertion failed
    at Object.jspb.asserts.doAssertFailure (https://cdn.skypack.dev/-/google-protobuf@v3.21.2-YDUqZL2TTSsy2lGtfuND/dist=es2019,mode=imports/optimized/google-protobuf.js:778:11)
    at Object.jspb.asserts.assert (https://cdn.skypack.dev/-/google-protobuf@v3.21.2-YDUqZL2TTSsy2lGtfuND/dist=es2019,mode=imports/optimized/google-protobuf.js:783:23)
    at jspb.BinaryDecoder.readUnsignedVarint32 (https://cdn.skypack.dev/-/google-protobuf@v3.21.2-YDUqZL2TTSsy2lGtfuND/dist=es2019,mode=imports/optimized/google-protobuf.js:4150:18)
    at jspb.BinaryReader.readString (https://cdn.skypack.dev/-/google-protobuf@v3.21.2-YDUqZL2TTSsy2lGtfuND/dist=es2019,mode=imports/optimized/google-protobuf.js:4635:27)
    at Function.deserialize (file:///Users/thesayyn/Documents/thesayyn/protoc-gen-ts/target/debug/build/protoc_gen_ts-8cec2bec66276c47/out/test_conformance/test_messages_proto2.ts:187:50)
    at file:///Users/thesayyn/Documents/thesayyn/protoc-gen-ts/tests/conformance/bin/main.ts:30:78

  protobuf_test_messages.proto3.TestAllTypesProto3 1
  Error: Assertion failed
    at Object.jspb.asserts.doAssertFailure (https://cdn.skypack.dev/-/google-protobuf@v3.21.2-YDUqZL2TTSsy2lGtfuND/dist=es2019,mode=imports/optimized/google-protobuf.js:778:11)
    at Object.jspb.asserts.assert (https://cdn.skypack.dev/-/google-protobuf@v3.21.2-YDUqZL2TTSsy2lGtfuND/dist=es2019,mode=imports/optimized/google-protobuf.js:783:23)
    at jspb.BinaryDecoder.readUnsignedVarint32 (https://cdn.skypack.dev/-/google-protobuf@v3.21.2-YDUqZL2TTSsy2lGtfuND/dist=es2019,mode=imports/optimized/google-protobuf.js:4150:18)
    at jspb.BinaryReader.readString (https://cdn.skypack.dev/-/google-protobuf@v3.21.2-YDUqZL2TTSsy2lGtfuND/dist=es2019,mode=imports/optimized/google-protobuf.js:4635:27)
    at Function.deserialize (file:///Users/thesayyn/Documents/thesayyn/protoc-gen-ts/target/debug/build/protoc_gen_ts-8cec2bec66276c47/out/test_conformance/test_messages_proto3.ts:293:53)
    at file:///Users/thesayyn/Documents/thesayyn/protoc-gen-ts/tests/conformance/bin/main.ts:23:78

  protobuf_test_messages.proto2.TestAllTypesProto2 1
  Error: Assertion failed
    at Object.jspb.asserts.doAssertFailure (https://cdn.skypack.dev/-/google-protobuf@v3.21.2-YDUqZL2TTSsy2lGtfuND/dist=es2019,mode=imports/optimized/google-protobuf.js:778:11)
    at Object.jspb.asserts.assert (https://cdn.skypack.dev/-/google-protobuf@v3.21.2-YDUqZL2TTSsy2lGtfuND/dist=es2019,mode=imports/optimized/google-protobuf.js:783:23)
    at jspb.BinaryDecoder.readUnsignedVarint32 (https://cdn.skypack.dev/-/google-protobuf@v3.21.2-YDUqZL2TTSsy2lGtfuND/dist=es2019,mode=imports/optimized/google-protobuf.js:4150:18)
    at jspb.BinaryReader.readString (https://cdn.skypack.dev/-/google-protobuf@v3.21.2-YDUqZL2TTSsy2lGtfuND/dist=es2019,mode=imports/optimized/google-protobuf.js:4635:27)
    at Function.deserialize (file:///Users/thesayyn/Documents/thesayyn/protoc-gen-ts/target/debug/build/protoc_gen_ts-8cec2bec66276c47/out/test_conformance/test_messages_proto2.ts:253:53)
    at file:///Users/thesayyn/Documents/thesayyn/protoc-gen-ts/tests/conformance/bin/main.ts:30:78

  protobuf_test_messages.proto3.TestAllTypesProto3 1
  Error: Assertion failed
    at Object.jspb.asserts.doAssertFailure (https://cdn.skypack.dev/-/google-protobuf@v3.21.2-YDUqZL2TTSsy2lGtfuND/dist=es2019,mode=imports/optimized/google-protobuf.js:778:11)
    at Object.jspb.asserts.assert (https://cdn.skypack.dev/-/google-protobuf@v3.21.2-YDUqZL2TTSsy2lGtfuND/dist=es2019,mode=imports/optimized/google-protobuf.js:783:23)
    at jspb.BinaryDecoder.readUnsignedVarint32 (https://cdn.skypack.dev/-/google-protobuf@v3.21.2-YDUqZL2TTSsy2lGtfuND/dist=es2019,mode=imports/optimized/google-protobuf.js:4150:18)
    at jspb.BinaryReader.skipDelimitedField (https://cdn.skypack.dev/-/google-protobuf@v3.21.2-YDUqZL2TTSsy2lGtfuND/dist=es2019,mode=imports/optimized/google-protobuf.js:4401:29)
    at jspb.BinaryReader.skipField (https://cdn.skypack.dev/-/google-protobuf@v3.21.2-YDUqZL2TTSsy2lGtfuND/dist=es2019,mode=imports/optimized/google-protobuf.js:4435:14)
    at Function.deserialize (file:///Users/thesayyn/Documents/thesayyn/protoc-gen-ts/target/debug/build/protoc_gen_ts-8cec2bec66276c47/out/test_conformance/test_messages_proto3.ts:958:24)
    at file:///Users/thesayyn/Documents/thesayyn/protoc-gen-ts/tests/conformance/bin/main.ts:23:78

  protobuf_test_messages.proto2.TestAllTypesProto2 1
  Error: Assertion failed
    at Object.jspb.asserts.doAssertFailure (https://cdn.skypack.dev/-/google-protobuf@v3.21.2-YDUqZL2TTSsy2lGtfuND/dist=es2019,mode=imports/optimized/google-protobuf.js:778:11)
    at Object.jspb.asserts.assert (https://cdn.skypack.dev/-/google-protobuf@v3.21.2-YDUqZL2TTSsy2lGtfuND/dist=es2019,mode=imports/optimized/google-protobuf.js:783:23)
    at jspb.BinaryDecoder.readUnsignedVarint32 (https://cdn.skypack.dev/-/google-protobuf@v3.21.2-YDUqZL2TTSsy2lGtfuND/dist=es2019,mode=imports/optimized/google-protobuf.js:4150:18)
    at jspb.BinaryReader.skipDelimitedField (https://cdn.skypack.dev/-/google-protobuf@v3.21.2-YDUqZL2TTSsy2lGtfuND/dist=es2019,mode=imports/optimized/google-protobuf.js:4401:29)
    at jspb.BinaryReader.skipField (https://cdn.skypack.dev/-/google-protobuf@v3.21.2-YDUqZL2TTSsy2lGtfuND/dist=es2019,mode=imports/optimized/google-protobuf.js:4435:14)
    at Function.deserialize (file:///Users/thesayyn/Documents/thesayyn/protoc-gen-ts/target/debug/build/protoc_gen_ts-8cec2bec66276c47/out/test_conformance/test_messages_proto2.ts:865:24)
    at file:///Users/thesayyn/Documents/thesayyn/protoc-gen-ts/tests/conformance/bin/main.ts:30:78

  protobuf_test_messages.proto3.TestAllTypesProto3 1
  Error: Assertion failed
    at Object.jspb.asserts.doAssertFailure (https://cdn.skypack.dev/-/google-protobuf@v3.21.2-YDUqZL2TTSsy2lGtfuND/dist=es2019,mode=imports/optimized/google-protobuf.js:778:11)
    at Object.jspb.asserts.assert (https://cdn.skypack.dev/-/google-protobuf@v3.21.2-YDUqZL2TTSsy2lGtfuND/dist=es2019,mode=imports/optimized/google-protobuf.js:783:23)
    at jspb.BinaryDecoder.readUnsignedVarint32 (https://cdn.skypack.dev/-/google-protobuf@v3.21.2-YDUqZL2TTSsy2lGtfuND/dist=es2019,mode=imports/optimized/google-protobuf.js:4150:18)
    at jspb.BinaryReader.readString (https://cdn.skypack.dev/-/google-protobuf@v3.21.2-YDUqZL2TTSsy2lGtfuND/dist=es2019,mode=imports/optimized/google-protobuf.js:4635:27)
    at Function.deserialize (file:///Users/thesayyn/Documents/thesayyn/protoc-gen-ts/target/debug/build/protoc_gen_ts-8cec2bec66276c47/out/test_conformance/test_messages_proto3.ts:211:50)
    at file:///Users/thesayyn/Documents/thesayyn/protoc-gen-ts/tests/conformance/bin/main.ts:23:78

  protobuf_test_messages.proto2.TestAllTypesProto2 1
  Error: Assertion failed
    at Object.jspb.asserts.doAssertFailure (https://cdn.skypack.dev/-/google-protobuf@v3.21.2-YDUqZL2TTSsy2lGtfuND/dist=es2019,mode=imports/optimized/google-protobuf.js:778:11)
    at Object.jspb.asserts.assert (https://cdn.skypack.dev/-/google-protobuf@v3.21.2-YDUqZL2TTSsy2lGtfuND/dist=es2019,mode=imports/optimized/google-protobuf.js:783:23)
    at jspb.BinaryDecoder.readUnsignedVarint32 (https://cdn.skypack.dev/-/google-protobuf@v3.21.2-YDUqZL2TTSsy2lGtfuND/dist=es2019,mode=imports/optimized/google-protobuf.js:4150:18)
    at jspb.BinaryReader.readString (https://cdn.skypack.dev/-/google-protobuf@v3.21.2-YDUqZL2TTSsy2lGtfuND/dist=es2019,mode=imports/optimized/google-protobuf.js:4635:27)
    at Function.deserialize (file:///Users/thesayyn/Documents/thesayyn/protoc-gen-ts/target/debug/build/protoc_gen_ts-8cec2bec66276c47/out/test_conformance/test_messages_proto2.ts:187:50)
    at file:///Users/thesayyn/Documents/thesayyn/protoc-gen-ts/tests/conformance/bin/main.ts:30:78

  protobuf_test_messages.proto3.TestAllTypesProto3 1
  Error: Assertion failed
    at Object.jspb.asserts.doAssertFailure (https://cdn.skypack.dev/-/google-protobuf@v3.21.2-YDUqZL2TTSsy2lGtfuND/dist=es2019,mode=imports/optimized/google-protobuf.js:778:11)
    at Object.jspb.asserts.assert (https://cdn.skypack.dev/-/google-protobuf@v3.21.2-YDUqZL2TTSsy2lGtfuND/dist=es2019,mode=imports/optimized/google-protobuf.js:783:23)
    at jspb.BinaryDecoder.readUnsignedVarint32 (https://cdn.skypack.dev/-/google-protobuf@v3.21.2-YDUqZL2TTSsy2lGtfuND/dist=es2019,mode=imports/optimized/google-protobuf.js:4150:18)
    at jspb.BinaryReader.readString (https://cdn.skypack.dev/-/google-protobuf@v3.21.2-YDUqZL2TTSsy2lGtfuND/dist=es2019,mode=imports/optimized/google-protobuf.js:4635:27)
    at Function.deserialize (file:///Users/thesayyn/Documents/thesayyn/protoc-gen-ts/target/debug/build/protoc_gen_ts-8cec2bec66276c47/out/test_conformance/test_messages_proto3.ts:293:53)
    at file:///Users/thesayyn/Documents/thesayyn/protoc-gen-ts/tests/conformance/bin/main.ts:23:78

  protobuf_test_messages.proto2.TestAllTypesProto2 1
  Error: Assertion failed
    at Object.jspb.asserts.doAssertFailure (https://cdn.skypack.dev/-/google-protobuf@v3.21.2-YDUqZL2TTSsy2lGtfuND/dist=es2019,mode=imports/optimized/google-protobuf.js:778:11)
    at Object.jspb.asserts.assert (https://cdn.skypack.dev/-/google-protobuf@v3.21.2-YDUqZL2TTSsy2lGtfuND/dist=es2019,mode=imports/optimized/google-protobuf.js:783:23)
    at jspb.BinaryDecoder.readUnsignedVarint32 (https://cdn.skypack.dev/-/google-protobuf@v3.21.2-YDUqZL2TTSsy2lGtfuND/dist=es2019,mode=imports/optimized/google-protobuf.js:4150:18)
    at jspb.BinaryReader.readString (https://cdn.skypack.dev/-/google-protobuf@v3.21.2-YDUqZL2TTSsy2lGtfuND/dist=es2019,mode=imports/optimized/google-protobuf.js:4635:27)
    at Function.deserialize (file:///Users/thesayyn/Documents/thesayyn/protoc-gen-ts/target/debug/build/protoc_gen_ts-8cec2bec66276c47/out/test_conformance/test_messages_proto2.ts:253:53)
    at file:///Users/thesayyn/Documents/thesayyn/protoc-gen-ts/tests/conformance/bin/main.ts:30:78

  protobuf_test_messages.proto3.TestAllTypesProto3 1
  Error: Assertion failed
    at Object.jspb.asserts.doAssertFailure (https://cdn.skypack.dev/-/google-protobuf@v3.21.2-YDUqZL2TTSsy2lGtfuND/dist=es2019,mode=imports/optimized/google-protobuf.js:778:11)
    at Object.jspb.asserts.assert (https://cdn.skypack.dev/-/google-protobuf@v3.21.2-YDUqZL2TTSsy2lGtfuND/dist=es2019,mode=imports/optimized/google-protobuf.js:783:23)
    at jspb.BinaryDecoder.readUnsignedVarint32 (https://cdn.skypack.dev/-/google-protobuf@v3.21.2-YDUqZL2TTSsy2lGtfuND/dist=es2019,mode=imports/optimized/google-protobuf.js:4150:18)
    at jspb.BinaryReader.skipDelimitedField (https://cdn.skypack.dev/-/google-protobuf@v3.21.2-YDUqZL2TTSsy2lGtfuND/dist=es2019,mode=imports/optimized/google-protobuf.js:4401:29)
    at jspb.BinaryReader.skipField (https://cdn.skypack.dev/-/google-protobuf@v3.21.2-YDUqZL2TTSsy2lGtfuND/dist=es2019,mode=imports/optimized/google-protobuf.js:4435:14)
    at Function.deserialize (file:///Users/thesayyn/Documents/thesayyn/protoc-gen-ts/target/debug/build/protoc_gen_ts-8cec2bec66276c47/out/test_conformance/test_messages_proto3.ts:958:24)
    at file:///Users/thesayyn/Documents/thesayyn/protoc-gen-ts/tests/conformance/bin/main.ts:23:78

  protobuf_test_messages.proto2.TestAllTypesProto2 1
  Error: Assertion failed
    at Object.jspb.asserts.doAssertFailure (https://cdn.skypack.dev/-/google-protobuf@v3.21.2-YDUqZL2TTSsy2lGtfuND/dist=es2019,mode=imports/optimized/google-protobuf.js:778:11)
    at Object.jspb.asserts.assert (https://cdn.skypack.dev/-/google-protobuf@v3.21.2-YDUqZL2TTSsy2lGtfuND/dist=es2019,mode=imports/optimized/google-protobuf.js:783:23)
    at jspb.BinaryDecoder.readUnsignedVarint32 (https://cdn.skypack.dev/-/google-protobuf@v3.21.2-YDUqZL2TTSsy2lGtfuND/dist=es2019,mode=imports/optimized/google-protobuf.js:4150:18)
    at jspb.BinaryReader.skipDelimitedField (https://cdn.skypack.dev/-/google-protobuf@v3.21.2-YDUqZL2TTSsy2lGtfuND/dist=es2019,mode=imports/optimized/google-protobuf.js:4401:29)
    at jspb.BinaryReader.skipField (https://cdn.skypack.dev/-/google-protobuf@v3.21.2-YDUqZL2TTSsy2lGtfuND/dist=es2019,mode=imports/optimized/google-protobuf.js:4435:14)
    at Function.deserialize (file:///Users/thesayyn/Documents/thesayyn/protoc-gen-ts/target/debug/build/protoc_gen_ts-8cec2bec66276c47/out/test_conformance/test_messages_proto2.ts:865:24)
    at file:///Users/thesayyn/Documents/thesayyn/protoc-gen-ts/tests/conformance/bin/main.ts:30:78

  protobuf_test_messages.proto3.TestAllTypesProto3 1
  Error: Failure: Decoder hit an error
    at Object.jspb.asserts.fail (https://cdn.skypack.dev/-/google-protobuf@v3.21.2-YDUqZL2TTSsy2lGtfuND/dist=es2019,mode=imports/optimized/google-protobuf.js:801:11)
    at jspb.BinaryReader.nextField (https://cdn.skypack.dev/-/google-protobuf@v3.21.2-YDUqZL2TTSsy2lGtfuND/dist=es2019,mode=imports/optimized/google-protobuf.js:4374:27)
    at Function.deserialize (file:///Users/thesayyn/Documents/thesayyn/protoc-gen-ts/target/debug/build/protoc_gen_ts-8cec2bec66276c47/out/test_conformance/test_messages_proto3.ts:169:18)
    at file:///Users/thesayyn/Documents/thesayyn/protoc-gen-ts/tests/conformance/bin/main.ts:23:78

  protobuf_test_messages.proto2.TestAllTypesProto2 1
  Error: Failure: Decoder hit an error
    at Object.jspb.asserts.fail (https://cdn.skypack.dev/-/google-protobuf@v3.21.2-YDUqZL2TTSsy2lGtfuND/dist=es2019,mode=imports/optimized/google-protobuf.js:801:11)
    at jspb.BinaryReader.nextField (https://cdn.skypack.dev/-/google-protobuf@v3.21.2-YDUqZL2TTSsy2lGtfuND/dist=es2019,mode=imports/optimized/google-protobuf.js:4374:27)
    at Function.deserialize (file:///Users/thesayyn/Documents/thesayyn/protoc-gen-ts/target/debug/build/protoc_gen_ts-8cec2bec66276c47/out/test_conformance/test_messages_proto2.ts:145:18)
    at file:///Users/thesayyn/Documents/thesayyn/protoc-gen-ts/tests/conformance/bin/main.ts:30:78

  protobuf_test_messages.proto3.TestAllTypesProto3 1
  Error: Failure: Decoder hit an error
    at Object.jspb.asserts.fail (https://cdn.skypack.dev/-/google-protobuf@v3.21.2-YDUqZL2TTSsy2lGtfuND/dist=es2019,mode=imports/optimized/google-protobuf.js:801:11)
    at jspb.BinaryReader.nextField (https://cdn.skypack.dev/-/google-protobuf@v3.21.2-YDUqZL2TTSsy2lGtfuND/dist=es2019,mode=imports/optimized/google-protobuf.js:4374:27)
    at Function.deserialize (file:///Users/thesayyn/Documents/thesayyn/protoc-gen-ts/target/debug/build/protoc_gen_ts-8cec2bec66276c47/out/test_conformance/test_messages_proto3.ts:169:18)
    at file:///Users/thesayyn/Documents/thesayyn/protoc-gen-ts/tests/conformance/bin/main.ts:23:78

  protobuf_test_messages.proto2.TestAllTypesProto2 1
  Error: Failure: Decoder hit an error
    at Object.jspb.asserts.fail (https://cdn.skypack.dev/-/google-protobuf@v3.21.2-YDUqZL2TTSsy2lGtfuND/dist=es2019,mode=imports/optimized/google-protobuf.js:801:11)
    at jspb.BinaryReader.nextField (https://cdn.skypack.dev/-/google-protobuf@v3.21.2-YDUqZL2TTSsy2lGtfuND/dist=es2019,mode=imports/optimized/google-protobuf.js:4374:27)
    at Function.deserialize (file:///Users/thesayyn/Documents/thesayyn/protoc-gen-ts/target/debug/build/protoc_gen_ts-8cec2bec66276c47/out/test_conformance/test_messages_proto2.ts:145:18)
    at file:///Users/thesayyn/Documents/thesayyn/protoc-gen-ts/tests/conformance/bin/main.ts:30:78

  protobuf_test_messages.proto3.TestAllTypesProto3 1
  Error: Assertion failed
    at Object.jspb.asserts.doAssertFailure (https://cdn.skypack.dev/-/google-protobuf@v3.21.2-YDUqZL2TTSsy2lGtfuND/dist=es2019,mode=imports/optimized/google-protobuf.js:778:11)
    at Object.jspb.asserts.assert (https://cdn.skypack.dev/-/google-protobuf@v3.21.2-YDUqZL2TTSsy2lGtfuND/dist=es2019,mode=imports/optimized/google-protobuf.js:783:23)
    at jspb.BinaryDecoder.advance (https://cdn.skypack.dev/-/google-protobuf@v3.21.2-YDUqZL2TTSsy2lGtfuND/dist=es2019,mode=imports/optimized/google-protobuf.js:4081:18)
    at jspb.BinaryReader.skipDelimitedField (https://cdn.skypack.dev/-/google-protobuf@v3.21.2-YDUqZL2TTSsy2lGtfuND/dist=es2019,mode=imports/optimized/google-protobuf.js:4402:21)
    at jspb.BinaryReader.skipField (https://cdn.skypack.dev/-/google-protobuf@v3.21.2-YDUqZL2TTSsy2lGtfuND/dist=es2019,mode=imports/optimized/google-protobuf.js:4435:14)
    at Function.deserialize (file:///Users/thesayyn/Documents/thesayyn/protoc-gen-ts/target/debug/build/protoc_gen_ts-8cec2bec66276c47/out/test_conformance/test_messages_proto3.ts:958:24)
    at file:///Users/thesayyn/Documents/thesayyn/protoc-gen-ts/tests/conformance/bin/main.ts:23:78

  protobuf_test_messages.proto2.TestAllTypesProto2 1
  Error: Assertion failed
    at Object.jspb.asserts.doAssertFailure (https://cdn.skypack.dev/-/google-protobuf@v3.21.2-YDUqZL2TTSsy2lGtfuND/dist=es2019,mode=imports/optimized/google-protobuf.js:778:11)
    at Object.jspb.asserts.assert (https://cdn.skypack.dev/-/google-protobuf@v3.21.2-YDUqZL2TTSsy2lGtfuND/dist=es2019,mode=imports/optimized/google-protobuf.js:783:23)
    at jspb.BinaryDecoder.advance (https://cdn.skypack.dev/-/google-protobuf@v3.21.2-YDUqZL2TTSsy2lGtfuND/dist=es2019,mode=imports/optimized/google-protobuf.js:4081:18)
    at jspb.BinaryReader.skipDelimitedField (https://cdn.skypack.dev/-/google-protobuf@v3.21.2-YDUqZL2TTSsy2lGtfuND/dist=es2019,mode=imports/optimized/google-protobuf.js:4402:21)
    at jspb.BinaryReader.skipField (https://cdn.skypack.dev/-/google-protobuf@v3.21.2-YDUqZL2TTSsy2lGtfuND/dist=es2019,mode=imports/optimized/google-protobuf.js:4435:14)
    at Function.deserialize (file:///Users/thesayyn/Documents/thesayyn/protoc-gen-ts/target/debug/build/protoc_gen_ts-8cec2bec66276c47/out/test_conformance/test_messages_proto2.ts:865:24)
    at file:///Users/thesayyn/Documents/thesayyn/protoc-gen-ts/tests/conformance/bin/main.ts:30:78

  protobuf_test_messages.proto3.TestAllTypesProto3 1
  Error: Assertion failed
    at Object.jspb.asserts.doAssertFailure (https://cdn.skypack.dev/-/google-protobuf@v3.21.2-YDUqZL2TTSsy2lGtfuND/dist=es2019,mode=imports/optimized/google-protobuf.js:778:11)
    at Object.jspb.asserts.assert (https://cdn.skypack.dev/-/google-protobuf@v3.21.2-YDUqZL2TTSsy2lGtfuND/dist=es2019,mode=imports/optimized/google-protobuf.js:783:23)
    at jspb.BinaryDecoder.readUnsignedVarint32 (https://cdn.skypack.dev/-/google-protobuf@v3.21.2-YDUqZL2TTSsy2lGtfuND/dist=es2019,mode=imports/optimized/google-protobuf.js:4150:18)
    at jspb.BinaryReader.getFieldDecoder (https://cdn.skypack.dev/-/google-protobuf@v3.21.2-YDUqZL2TTSsy2lGtfuND/dist=es2019,mode=imports/optimized/google-protobuf.js:4526:27)
    at Function.deserialize (file:///Users/thesayyn/Documents/thesayyn/protoc-gen-ts/target/debug/build/protoc_gen_ts-8cec2bec66276c47/out/test_conformance/test_messages_proto3.ts:217:133)
    at file:///Users/thesayyn/Documents/thesayyn/protoc-gen-ts/tests/conformance/bin/main.ts:23:78

  protobuf_test_messages.proto2.TestAllTypesProto2 1
  Error: Assertion failed
    at Object.jspb.asserts.doAssertFailure (https://cdn.skypack.dev/-/google-protobuf@v3.21.2-YDUqZL2TTSsy2lGtfuND/dist=es2019,mode=imports/optimized/google-protobuf.js:778:11)
    at Object.jspb.asserts.assert (https://cdn.skypack.dev/-/google-protobuf@v3.21.2-YDUqZL2TTSsy2lGtfuND/dist=es2019,mode=imports/optimized/google-protobuf.js:783:23)
    at jspb.BinaryDecoder.readUnsignedVarint32 (https://cdn.skypack.dev/-/google-protobuf@v3.21.2-YDUqZL2TTSsy2lGtfuND/dist=es2019,mode=imports/optimized/google-protobuf.js:4150:18)
    at jspb.BinaryReader.getFieldDecoder (https://cdn.skypack.dev/-/google-protobuf@v3.21.2-YDUqZL2TTSsy2lGtfuND/dist=es2019,mode=imports/optimized/google-protobuf.js:4526:27)
    at Function.deserialize (file:///Users/thesayyn/Documents/thesayyn/protoc-gen-ts/target/debug/build/protoc_gen_ts-8cec2bec66276c47/out/test_conformance/test_messages_proto2.ts:193:133)
    at file:///Users/thesayyn/Documents/thesayyn/protoc-gen-ts/tests/conformance/bin/main.ts:30:78

  protobuf_test_messages.proto3.TestAllTypesProto3 1
  Error: Assertion failed
    at Object.jspb.asserts.doAssertFailure (https://cdn.skypack.dev/-/google-protobuf@v3.21.2-YDUqZL2TTSsy2lGtfuND/dist=es2019,mode=imports/optimized/google-protobuf.js:778:11)
    at Object.jspb.asserts.assert (https://cdn.skypack.dev/-/google-protobuf@v3.21.2-YDUqZL2TTSsy2lGtfuND/dist=es2019,mode=imports/optimized/google-protobuf.js:783:23)
    at jspb.BinaryDecoder.readUnsignedVarint32 (https://cdn.skypack.dev/-/google-protobuf@v3.21.2-YDUqZL2TTSsy2lGtfuND/dist=es2019,mode=imports/optimized/google-protobuf.js:4150:18)
    at jspb.BinaryReader.getFieldDecoder (https://cdn.skypack.dev/-/google-protobuf@v3.21.2-YDUqZL2TTSsy2lGtfuND/dist=es2019,mode=imports/optimized/google-protobuf.js:4526:27)
    at Function.deserialize (file:///Users/thesayyn/Documents/thesayyn/protoc-gen-ts/target/debug/build/protoc_gen_ts-8cec2bec66276c47/out/test_conformance/test_messages_proto3.ts:299:136)
    at file:///Users/thesayyn/Documents/thesayyn/protoc-gen-ts/tests/conformance/bin/main.ts:23:78

  protobuf_test_messages.proto2.TestAllTypesProto2 1
  Error: Assertion failed
    at Object.jspb.asserts.doAssertFailure (https://cdn.skypack.dev/-/google-protobuf@v3.21.2-YDUqZL2TTSsy2lGtfuND/dist=es2019,mode=imports/optimized/google-protobuf.js:778:11)
    at Object.jspb.asserts.assert (https://cdn.skypack.dev/-/google-protobuf@v3.21.2-YDUqZL2TTSsy2lGtfuND/dist=es2019,mode=imports/optimized/google-protobuf.js:783:23)
    at jspb.BinaryDecoder.readUnsignedVarint32 (https://cdn.skypack.dev/-/google-protobuf@v3.21.2-YDUqZL2TTSsy2lGtfuND/dist=es2019,mode=imports/optimized/google-protobuf.js:4150:18)
    at jspb.BinaryReader.getFieldDecoder (https://cdn.skypack.dev/-/google-protobuf@v3.21.2-YDUqZL2TTSsy2lGtfuND/dist=es2019,mode=imports/optimized/google-protobuf.js:4526:27)
    at Function.deserialize (file:///Users/thesayyn/Documents/thesayyn/protoc-gen-ts/target/debug/build/protoc_gen_ts-8cec2bec66276c47/out/test_conformance/test_messages_proto2.ts:259:136)
    at file:///Users/thesayyn/Documents/thesayyn/protoc-gen-ts/tests/conformance/bin/main.ts:30:78

  protobuf_test_messages.proto3.TestAllTypesProto3 1
  Error: Assertion failed
    at Object.jspb.asserts.doAssertFailure (https://cdn.skypack.dev/-/google-protobuf@v3.21.2-YDUqZL2TTSsy2lGtfuND/dist=es2019,mode=imports/optimized/google-protobuf.js:778:11)
    at Object.jspb.asserts.assert (https://cdn.skypack.dev/-/google-protobuf@v3.21.2-YDUqZL2TTSsy2lGtfuND/dist=es2019,mode=imports/optimized/google-protobuf.js:783:23)
    at jspb.BinaryDecoder.readUnsignedVarint32 (https://cdn.skypack.dev/-/google-protobuf@v3.21.2-YDUqZL2TTSsy2lGtfuND/dist=es2019,mode=imports/optimized/google-protobuf.js:4150:18)
    at jspb.BinaryReader.skipDelimitedField (https://cdn.skypack.dev/-/google-protobuf@v3.21.2-YDUqZL2TTSsy2lGtfuND/dist=es2019,mode=imports/optimized/google-protobuf.js:4401:29)
    at jspb.BinaryReader.skipField (https://cdn.skypack.dev/-/google-protobuf@v3.21.2-YDUqZL2TTSsy2lGtfuND/dist=es2019,mode=imports/optimized/google-protobuf.js:4435:14)
    at Function.deserialize (file:///Users/thesayyn/Documents/thesayyn/protoc-gen-ts/target/debug/build/protoc_gen_ts-8cec2bec66276c47/out/test_conformance/test_messages_proto3.ts:958:24)
    at file:///Users/thesayyn/Documents/thesayyn/protoc-gen-ts/tests/conformance/bin/main.ts:23:78

  protobuf_test_messages.proto2.TestAllTypesProto2 1
  Error: Assertion failed
    at Object.jspb.asserts.doAssertFailure (https://cdn.skypack.dev/-/google-protobuf@v3.21.2-YDUqZL2TTSsy2lGtfuND/dist=es2019,mode=imports/optimized/google-protobuf.js:778:11)
    at Object.jspb.asserts.assert (https://cdn.skypack.dev/-/google-protobuf@v3.21.2-YDUqZL2TTSsy2lGtfuND/dist=es2019,mode=imports/optimized/google-protobuf.js:783:23)
    at jspb.BinaryDecoder.readUnsignedVarint32 (https://cdn.skypack.dev/-/google-protobuf@v3.21.2-YDUqZL2TTSsy2lGtfuND/dist=es2019,mode=imports/optimized/google-protobuf.js:4150:18)
    at jspb.BinaryReader.skipDelimitedField (https://cdn.skypack.dev/-/google-protobuf@v3.21.2-YDUqZL2TTSsy2lGtfuND/dist=es2019,mode=imports/optimized/google-protobuf.js:4401:29)
    at jspb.BinaryReader.skipField (https://cdn.skypack.dev/-/google-protobuf@v3.21.2-YDUqZL2TTSsy2lGtfuND/dist=es2019,mode=imports/optimized/google-protobuf.js:4435:14)
    at Function.deserialize (file:///Users/thesayyn/Documents/thesayyn/protoc-gen-ts/target/debug/build/protoc_gen_ts-8cec2bec66276c47/out/test_conformance/test_messages_proto2.ts:865:24)
    at file:///Users/thesayyn/Documents/thesayyn/protoc-gen-ts/tests/conformance/bin/main.ts:30:78

  protobuf_test_messages.proto3.TestAllTypesProto3 1
  Error: Assertion failed
    at Object.jspb.asserts.doAssertFailure (https://cdn.skypack.dev/-/google-protobuf@v3.21.2-YDUqZL2TTSsy2lGtfuND/dist=es2019,mode=imports/optimized/google-protobuf.js:778:11)
    at Object.jspb.asserts.assert (https://cdn.skypack.dev/-/google-protobuf@v3.21.2-YDUqZL2TTSsy2lGtfuND/dist=es2019,mode=imports/optimized/google-protobuf.js:783:23)
    at jspb.BinaryDecoder.readUnsignedVarint32 (https://cdn.skypack.dev/-/google-protobuf@v3.21.2-YDUqZL2TTSsy2lGtfuND/dist=es2019,mode=imports/optimized/google-protobuf.js:4150:18)
    at jspb.BinaryReader.getFieldDecoder (https://cdn.skypack.dev/-/google-protobuf@v3.21.2-YDUqZL2TTSsy2lGtfuND/dist=es2019,mode=imports/optimized/google-protobuf.js:4526:27)
    at Function.deserialize (file:///Users/thesayyn/Documents/thesayyn/protoc-gen-ts/target/debug/build/protoc_gen_ts-8cec2bec66276c47/out/test_conformance/test_messages_proto3.ts:217:133)
    at file:///Users/thesayyn/Documents/thesayyn/protoc-gen-ts/tests/conformance/bin/main.ts:23:78

  protobuf_test_messages.proto2.TestAllTypesProto2 1
  Error: Assertion failed
    at Object.jspb.asserts.doAssertFailure (https://cdn.skypack.dev/-/google-protobuf@v3.21.2-YDUqZL2TTSsy2lGtfuND/dist=es2019,mode=imports/optimized/google-protobuf.js:778:11)
    at Object.jspb.asserts.assert (https://cdn.skypack.dev/-/google-protobuf@v3.21.2-YDUqZL2TTSsy2lGtfuND/dist=es2019,mode=imports/optimized/google-protobuf.js:783:23)
    at jspb.BinaryDecoder.readUnsignedVarint32 (https://cdn.skypack.dev/-/google-protobuf@v3.21.2-YDUqZL2TTSsy2lGtfuND/dist=es2019,mode=imports/optimized/google-protobuf.js:4150:18)
    at jspb.BinaryReader.getFieldDecoder (https://cdn.skypack.dev/-/google-protobuf@v3.21.2-YDUqZL2TTSsy2lGtfuND/dist=es2019,mode=imports/optimized/google-protobuf.js:4526:27)
    at Function.deserialize (file:///Users/thesayyn/Documents/thesayyn/protoc-gen-ts/target/debug/build/protoc_gen_ts-8cec2bec66276c47/out/test_conformance/test_messages_proto2.ts:193:133)
    at file:///Users/thesayyn/Documents/thesayyn/protoc-gen-ts/tests/conformance/bin/main.ts:30:78

  protobuf_test_messages.proto3.TestAllTypesProto3 1
  Error: Assertion failed
    at Object.jspb.asserts.doAssertFailure (https://cdn.skypack.dev/-/google-protobuf@v3.21.2-YDUqZL2TTSsy2lGtfuND/dist=es2019,mode=imports/optimized/google-protobuf.js:778:11)
    at Object.jspb.asserts.assert (https://cdn.skypack.dev/-/google-protobuf@v3.21.2-YDUqZL2TTSsy2lGtfuND/dist=es2019,mode=imports/optimized/google-protobuf.js:783:23)
    at jspb.BinaryDecoder.readUnsignedVarint32 (https://cdn.skypack.dev/-/google-protobuf@v3.21.2-YDUqZL2TTSsy2lGtfuND/dist=es2019,mode=imports/optimized/google-protobuf.js:4150:18)
    at jspb.BinaryReader.getFieldDecoder (https://cdn.skypack.dev/-/google-protobuf@v3.21.2-YDUqZL2TTSsy2lGtfuND/dist=es2019,mode=imports/optimized/google-protobuf.js:4526:27)
    at Function.deserialize (file:///Users/thesayyn/Documents/thesayyn/protoc-gen-ts/target/debug/build/protoc_gen_ts-8cec2bec66276c47/out/test_conformance/test_messages_proto3.ts:299:136)
    at file:///Users/thesayyn/Documents/thesayyn/protoc-gen-ts/tests/conformance/bin/main.ts:23:78

  protobuf_test_messages.proto2.TestAllTypesProto2 1
  Error: Assertion failed
    at Object.jspb.asserts.doAssertFailure (https://cdn.skypack.dev/-/google-protobuf@v3.21.2-YDUqZL2TTSsy2lGtfuND/dist=es2019,mode=imports/optimized/google-protobuf.js:778:11)
    at Object.jspb.asserts.assert (https://cdn.skypack.dev/-/google-protobuf@v3.21.2-YDUqZL2TTSsy2lGtfuND/dist=es2019,mode=imports/optimized/google-protobuf.js:783:23)
    at jspb.BinaryDecoder.readUnsignedVarint32 (https://cdn.skypack.dev/-/google-protobuf@v3.21.2-YDUqZL2TTSsy2lGtfuND/dist=es2019,mode=imports/optimized/google-protobuf.js:4150:18)
    at jspb.BinaryReader.getFieldDecoder (https://cdn.skypack.dev/-/google-protobuf@v3.21.2-YDUqZL2TTSsy2lGtfuND/dist=es2019,mode=imports/optimized/google-protobuf.js:4526:27)
    at Function.deserialize (file:///Users/thesayyn/Documents/thesayyn/protoc-gen-ts/target/debug/build/protoc_gen_ts-8cec2bec66276c47/out/test_conformance/test_messages_proto2.ts:259:136)
    at file:///Users/thesayyn/Documents/thesayyn/protoc-gen-ts/tests/conformance/bin/main.ts:30:78

  protobuf_test_messages.proto3.TestAllTypesProto3 1
  Error: Assertion failed
    at Object.jspb.asserts.doAssertFailure (https://cdn.skypack.dev/-/google-protobuf@v3.21.2-YDUqZL2TTSsy2lGtfuND/dist=es2019,mode=imports/optimized/google-protobuf.js:778:11)
    at Object.jspb.asserts.assert (https://cdn.skypack.dev/-/google-protobuf@v3.21.2-YDUqZL2TTSsy2lGtfuND/dist=es2019,mode=imports/optimized/google-protobuf.js:783:23)
    at jspb.BinaryDecoder.readUnsignedVarint32 (https://cdn.skypack.dev/-/google-protobuf@v3.21.2-YDUqZL2TTSsy2lGtfuND/dist=es2019,mode=imports/optimized/google-protobuf.js:4150:18)
    at jspb.BinaryReader.skipDelimitedField (https://cdn.skypack.dev/-/google-protobuf@v3.21.2-YDUqZL2TTSsy2lGtfuND/dist=es2019,mode=imports/optimized/google-protobuf.js:4401:29)
    at jspb.BinaryReader.skipField (https://cdn.skypack.dev/-/google-protobuf@v3.21.2-YDUqZL2TTSsy2lGtfuND/dist=es2019,mode=imports/optimized/google-protobuf.js:4435:14)
    at Function.deserialize (file:///Users/thesayyn/Documents/thesayyn/protoc-gen-ts/target/debug/build/protoc_gen_ts-8cec2bec66276c47/out/test_conformance/test_messages_proto3.ts:958:24)
    at file:///Users/thesayyn/Documents/thesayyn/protoc-gen-ts/tests/conformance/bin/main.ts:23:78

  protobuf_test_messages.proto2.TestAllTypesProto2 1
  Error: Assertion failed
    at Object.jspb.asserts.doAssertFailure (https://cdn.skypack.dev/-/google-protobuf@v3.21.2-YDUqZL2TTSsy2lGtfuND/dist=es2019,mode=imports/optimized/google-protobuf.js:778:11)
    at Object.jspb.asserts.assert (https://cdn.skypack.dev/-/google-protobuf@v3.21.2-YDUqZL2TTSsy2lGtfuND/dist=es2019,mode=imports/optimized/google-protobuf.js:783:23)
    at jspb.BinaryDecoder.readUnsignedVarint32 (https://cdn.skypack.dev/-/google-protobuf@v3.21.2-YDUqZL2TTSsy2lGtfuND/dist=es2019,mode=imports/optimized/google-protobuf.js:4150:18)
    at jspb.BinaryReader.skipDelimitedField (https://cdn.skypack.dev/-/google-protobuf@v3.21.2-YDUqZL2TTSsy2lGtfuND/dist=es2019,mode=imports/optimized/google-protobuf.js:4401:29)
    at jspb.BinaryReader.skipField (https://cdn.skypack.dev/-/google-protobuf@v3.21.2-YDUqZL2TTSsy2lGtfuND/dist=es2019,mode=imports/optimized/google-protobuf.js:4435:14)
    at Function.deserialize (file:///Users/thesayyn/Documents/thesayyn/protoc-gen-ts/target/debug/build/protoc_gen_ts-8cec2bec66276c47/out/test_conformance/test_messages_proto2.ts:865:24)
    at file:///Users/thesayyn/Documents/thesayyn/protoc-gen-ts/tests/conformance/bin/main.ts:30:78

  protobuf_test_messages.proto3.TestAllTypesProto3 1
  Error: Assertion failed
    at Object.jspb.asserts.doAssertFailure (https://cdn.skypack.dev/-/google-protobuf@v3.21.2-YDUqZL2TTSsy2lGtfuND/dist=es2019,mode=imports/optimized/google-protobuf.js:778:11)
    at Object.jspb.asserts.assert (https://cdn.skypack.dev/-/google-protobuf@v3.21.2-YDUqZL2TTSsy2lGtfuND/dist=es2019,mode=imports/optimized/google-protobuf.js:783:23)
    at jspb.BinaryDecoder.advance (https://cdn.skypack.dev/-/google-protobuf@v3.21.2-YDUqZL2TTSsy2lGtfuND/dist=es2019,mode=imports/optimized/google-protobuf.js:4081:18)
    at jspb.BinaryReader.skipDelimitedField (https://cdn.skypack.dev/-/google-protobuf@v3.21.2-YDUqZL2TTSsy2lGtfuND/dist=es2019,mode=imports/optimized/google-protobuf.js:4402:21)
    at jspb.BinaryReader.skipField (https://cdn.skypack.dev/-/google-protobuf@v3.21.2-YDUqZL2TTSsy2lGtfuND/dist=es2019,mode=imports/optimized/google-protobuf.js:4435:14)
    at Function.deserialize (file:///Users/thesayyn/Documents/thesayyn/protoc-gen-ts/target/debug/build/protoc_gen_ts-8cec2bec66276c47/out/test_conformance/test_messages_proto3.ts:1986:24)
    at Function.deserialize (file:///Users/thesayyn/Documents/thesayyn/protoc-gen-ts/target/debug/build/protoc_gen_ts-8cec2bec66276c47/out/test_conformance/test_messages_proto3.ts:217:118)
    at file:///Users/thesayyn/Documents/thesayyn/protoc-gen-ts/tests/conformance/bin/main.ts:23:78

  protobuf_test_messages.proto2.TestAllTypesProto2 1
  Error: Assertion failed
    at Object.jspb.asserts.doAssertFailure (https://cdn.skypack.dev/-/google-protobuf@v3.21.2-YDUqZL2TTSsy2lGtfuND/dist=es2019,mode=imports/optimized/google-protobuf.js:778:11)
    at Object.jspb.asserts.assert (https://cdn.skypack.dev/-/google-protobuf@v3.21.2-YDUqZL2TTSsy2lGtfuND/dist=es2019,mode=imports/optimized/google-protobuf.js:783:23)
    at jspb.BinaryDecoder.advance (https://cdn.skypack.dev/-/google-protobuf@v3.21.2-YDUqZL2TTSsy2lGtfuND/dist=es2019,mode=imports/optimized/google-protobuf.js:4081:18)
    at jspb.BinaryReader.skipDelimitedField (https://cdn.skypack.dev/-/google-protobuf@v3.21.2-YDUqZL2TTSsy2lGtfuND/dist=es2019,mode=imports/optimized/google-protobuf.js:4402:21)
    at jspb.BinaryReader.skipField (https://cdn.skypack.dev/-/google-protobuf@v3.21.2-YDUqZL2TTSsy2lGtfuND/dist=es2019,mode=imports/optimized/google-protobuf.js:4435:14)
    at Function.deserialize (file:///Users/thesayyn/Documents/thesayyn/protoc-gen-ts/target/debug/build/protoc_gen_ts-8cec2bec66276c47/out/test_conformance/test_messages_proto2.ts:1772:24)
    at Function.deserialize (file:///Users/thesayyn/Documents/thesayyn/protoc-gen-ts/target/debug/build/protoc_gen_ts-8cec2bec66276c47/out/test_conformance/test_messages_proto2.ts:193:118)
    at file:///Users/thesayyn/Documents/thesayyn/protoc-gen-ts/tests/conformance/bin/main.ts:30:78

  protobuf_test_messages.proto3.TestAllTypesProto3 1
  Error: Assertion failed
    at Object.jspb.asserts.doAssertFailure (https://cdn.skypack.dev/-/google-protobuf@v3.21.2-YDUqZL2TTSsy2lGtfuND/dist=es2019,mode=imports/optimized/google-protobuf.js:778:11)
    at Object.jspb.asserts.assert (https://cdn.skypack.dev/-/google-protobuf@v3.21.2-YDUqZL2TTSsy2lGtfuND/dist=es2019,mode=imports/optimized/google-protobuf.js:783:23)
    at jspb.BinaryDecoder.advance (https://cdn.skypack.dev/-/google-protobuf@v3.21.2-YDUqZL2TTSsy2lGtfuND/dist=es2019,mode=imports/optimized/google-protobuf.js:4081:18)
    at jspb.BinaryReader.skipDelimitedField (https://cdn.skypack.dev/-/google-protobuf@v3.21.2-YDUqZL2TTSsy2lGtfuND/dist=es2019,mode=imports/optimized/google-protobuf.js:4402:21)
    at jspb.BinaryReader.skipField (https://cdn.skypack.dev/-/google-protobuf@v3.21.2-YDUqZL2TTSsy2lGtfuND/dist=es2019,mode=imports/optimized/google-protobuf.js:4435:14)
    at Function.deserialize (file:///Users/thesayyn/Documents/thesayyn/protoc-gen-ts/target/debug/build/protoc_gen_ts-8cec2bec66276c47/out/test_conformance/test_messages_proto3.ts:1986:24)
    at Function.deserialize (file:///Users/thesayyn/Documents/thesayyn/protoc-gen-ts/target/debug/build/protoc_gen_ts-8cec2bec66276c47/out/test_conformance/test_messages_proto3.ts:299:121)
    at file:///Users/thesayyn/Documents/thesayyn/protoc-gen-ts/tests/conformance/bin/main.ts:23:78

  protobuf_test_messages.proto2.TestAllTypesProto2 1
  Error: Assertion failed
    at Object.jspb.asserts.doAssertFailure (https://cdn.skypack.dev/-/google-protobuf@v3.21.2-YDUqZL2TTSsy2lGtfuND/dist=es2019,mode=imports/optimized/google-protobuf.js:778:11)
    at Object.jspb.asserts.assert (https://cdn.skypack.dev/-/google-protobuf@v3.21.2-YDUqZL2TTSsy2lGtfuND/dist=es2019,mode=imports/optimized/google-protobuf.js:783:23)
    at jspb.BinaryDecoder.advance (https://cdn.skypack.dev/-/google-protobuf@v3.21.2-YDUqZL2TTSsy2lGtfuND/dist=es2019,mode=imports/optimized/google-protobuf.js:4081:18)
    at jspb.BinaryReader.skipDelimitedField (https://cdn.skypack.dev/-/google-protobuf@v3.21.2-YDUqZL2TTSsy2lGtfuND/dist=es2019,mode=imports/optimized/google-protobuf.js:4402:21)
    at jspb.BinaryReader.skipField (https://cdn.skypack.dev/-/google-protobuf@v3.21.2-YDUqZL2TTSsy2lGtfuND/dist=es2019,mode=imports/optimized/google-protobuf.js:4435:14)
    at Function.deserialize (file:///Users/thesayyn/Documents/thesayyn/protoc-gen-ts/target/debug/build/protoc_gen_ts-8cec2bec66276c47/out/test_conformance/test_messages_proto2.ts:1772:24)
    at Function.deserialize (file:///Users/thesayyn/Documents/thesayyn/protoc-gen-ts/target/debug/build/protoc_gen_ts-8cec2bec66276c47/out/test_conformance/test_messages_proto2.ts:259:121)
    at file:///Users/thesayyn/Documents/thesayyn/protoc-gen-ts/tests/conformance/bin/main.ts:30:78

  protobuf_test_messages.proto3.TestAllTypesProto3 1
  Error: Assertion failed
    at Object.jspb.asserts.doAssertFailure (https://cdn.skypack.dev/-/google-protobuf@v3.21.2-YDUqZL2TTSsy2lGtfuND/dist=es2019,mode=imports/optimized/google-protobuf.js:778:11)
    at Object.jspb.asserts.assert (https://cdn.skypack.dev/-/google-protobuf@v3.21.2-YDUqZL2TTSsy2lGtfuND/dist=es2019,mode=imports/optimized/google-protobuf.js:783:23)
    at jspb.BinaryDecoder.advance (https://cdn.skypack.dev/-/google-protobuf@v3.21.2-YDUqZL2TTSsy2lGtfuND/dist=es2019,mode=imports/optimized/google-protobuf.js:4081:18)
    at jspb.BinaryReader.skipDelimitedField (https://cdn.skypack.dev/-/google-protobuf@v3.21.2-YDUqZL2TTSsy2lGtfuND/dist=es2019,mode=imports/optimized/google-protobuf.js:4402:21)
    at jspb.BinaryReader.skipField (https://cdn.skypack.dev/-/google-protobuf@v3.21.2-YDUqZL2TTSsy2lGtfuND/dist=es2019,mode=imports/optimized/google-protobuf.js:4435:14)
    at Function.deserialize (file:///Users/thesayyn/Documents/thesayyn/protoc-gen-ts/target/debug/build/protoc_gen_ts-8cec2bec66276c47/out/test_conformance/test_messages_proto3.ts:958:24)
    at file:///Users/thesayyn/Documents/thesayyn/protoc-gen-ts/tests/conformance/bin/main.ts:23:78

  protobuf_test_messages.proto2.TestAllTypesProto2 1
  Error: Assertion failed
    at Object.jspb.asserts.doAssertFailure (https://cdn.skypack.dev/-/google-protobuf@v3.21.2-YDUqZL2TTSsy2lGtfuND/dist=es2019,mode=imports/optimized/google-protobuf.js:778:11)
    at Object.jspb.asserts.assert (https://cdn.skypack.dev/-/google-protobuf@v3.21.2-YDUqZL2TTSsy2lGtfuND/dist=es2019,mode=imports/optimized/google-protobuf.js:783:23)
    at jspb.BinaryDecoder.advance (https://cdn.skypack.dev/-/google-protobuf@v3.21.2-YDUqZL2TTSsy2lGtfuND/dist=es2019,mode=imports/optimized/google-protobuf.js:4081:18)
    at jspb.BinaryReader.skipDelimitedField (https://cdn.skypack.dev/-/google-protobuf@v3.21.2-YDUqZL2TTSsy2lGtfuND/dist=es2019,mode=imports/optimized/google-protobuf.js:4402:21)
    at jspb.BinaryReader.skipField (https://cdn.skypack.dev/-/google-protobuf@v3.21.2-YDUqZL2TTSsy2lGtfuND/dist=es2019,mode=imports/optimized/google-protobuf.js:4435:14)
    at Function.deserialize (file:///Users/thesayyn/Documents/thesayyn/protoc-gen-ts/target/debug/build/protoc_gen_ts-8cec2bec66276c47/out/test_conformance/test_messages_proto2.ts:865:24)
    at file:///Users/thesayyn/Documents/thesayyn/protoc-gen-ts/tests/conformance/bin/main.ts:30:78

  protobuf_test_messages.proto3.TestAllTypesProto3 1
  Error: Assertion failed
    at Object.jspb.asserts.doAssertFailure (https://cdn.skypack.dev/-/google-protobuf@v3.21.2-YDUqZL2TTSsy2lGtfuND/dist=es2019,mode=imports/optimized/google-protobuf.js:778:11)
    at Object.jspb.asserts.assert (https://cdn.skypack.dev/-/google-protobuf@v3.21.2-YDUqZL2TTSsy2lGtfuND/dist=es2019,mode=imports/optimized/google-protobuf.js:783:23)
    at jspb.BinaryDecoder.readUnsignedVarint32 (https://cdn.skypack.dev/-/google-protobuf@v3.21.2-YDUqZL2TTSsy2lGtfuND/dist=es2019,mode=imports/optimized/google-protobuf.js:4150:18)
    at jspb.BinaryReader.readBytes (https://cdn.skypack.dev/-/google-protobuf@v3.21.2-YDUqZL2TTSsy2lGtfuND/dist=es2019,mode=imports/optimized/google-protobuf.js:4641:27)
    at Function.deserialize (file:///Users/thesayyn/Documents/thesayyn/protoc-gen-ts/target/debug/build/protoc_gen_ts-8cec2bec66276c47/out/test_conformance/test_messages_proto3.ts:214:49)
    at file:///Users/thesayyn/Documents/thesayyn/protoc-gen-ts/tests/conformance/bin/main.ts:23:78

  protobuf_test_messages.proto2.TestAllTypesProto2 1
  Error: Assertion failed
    at Object.jspb.asserts.doAssertFailure (https://cdn.skypack.dev/-/google-protobuf@v3.21.2-YDUqZL2TTSsy2lGtfuND/dist=es2019,mode=imports/optimized/google-protobuf.js:778:11)
    at Object.jspb.asserts.assert (https://cdn.skypack.dev/-/google-protobuf@v3.21.2-YDUqZL2TTSsy2lGtfuND/dist=es2019,mode=imports/optimized/google-protobuf.js:783:23)
    at jspb.BinaryDecoder.readUnsignedVarint32 (https://cdn.skypack.dev/-/google-protobuf@v3.21.2-YDUqZL2TTSsy2lGtfuND/dist=es2019,mode=imports/optimized/google-protobuf.js:4150:18)
    at jspb.BinaryReader.readBytes (https://cdn.skypack.dev/-/google-protobuf@v3.21.2-YDUqZL2TTSsy2lGtfuND/dist=es2019,mode=imports/optimized/google-protobuf.js:4641:27)
    at Function.deserialize (file:///Users/thesayyn/Documents/thesayyn/protoc-gen-ts/target/debug/build/protoc_gen_ts-8cec2bec66276c47/out/test_conformance/test_messages_proto2.ts:190:49)
    at file:///Users/thesayyn/Documents/thesayyn/protoc-gen-ts/tests/conformance/bin/main.ts:30:78

  protobuf_test_messages.proto3.TestAllTypesProto3 1
  Error: Assertion failed
    at Object.jspb.asserts.doAssertFailure (https://cdn.skypack.dev/-/google-protobuf@v3.21.2-YDUqZL2TTSsy2lGtfuND/dist=es2019,mode=imports/optimized/google-protobuf.js:778:11)
    at Object.jspb.asserts.assert (https://cdn.skypack.dev/-/google-protobuf@v3.21.2-YDUqZL2TTSsy2lGtfuND/dist=es2019,mode=imports/optimized/google-protobuf.js:783:23)
    at jspb.BinaryDecoder.readUnsignedVarint32 (https://cdn.skypack.dev/-/google-protobuf@v3.21.2-YDUqZL2TTSsy2lGtfuND/dist=es2019,mode=imports/optimized/google-protobuf.js:4150:18)
    at jspb.BinaryReader.readBytes (https://cdn.skypack.dev/-/google-protobuf@v3.21.2-YDUqZL2TTSsy2lGtfuND/dist=es2019,mode=imports/optimized/google-protobuf.js:4641:27)
    at Function.deserialize (file:///Users/thesayyn/Documents/thesayyn/protoc-gen-ts/target/debug/build/protoc_gen_ts-8cec2bec66276c47/out/test_conformance/test_messages_proto3.ts:296:52)
    at file:///Users/thesayyn/Documents/thesayyn/protoc-gen-ts/tests/conformance/bin/main.ts:23:78

  protobuf_test_messages.proto2.TestAllTypesProto2 1
  Error: Assertion failed
    at Object.jspb.asserts.doAssertFailure (https://cdn.skypack.dev/-/google-protobuf@v3.21.2-YDUqZL2TTSsy2lGtfuND/dist=es2019,mode=imports/optimized/google-protobuf.js:778:11)
    at Object.jspb.asserts.assert (https://cdn.skypack.dev/-/google-protobuf@v3.21.2-YDUqZL2TTSsy2lGtfuND/dist=es2019,mode=imports/optimized/google-protobuf.js:783:23)
    at jspb.BinaryDecoder.readUnsignedVarint32 (https://cdn.skypack.dev/-/google-protobuf@v3.21.2-YDUqZL2TTSsy2lGtfuND/dist=es2019,mode=imports/optimized/google-protobuf.js:4150:18)
    at jspb.BinaryReader.readBytes (https://cdn.skypack.dev/-/google-protobuf@v3.21.2-YDUqZL2TTSsy2lGtfuND/dist=es2019,mode=imports/optimized/google-protobuf.js:4641:27)
    at Function.deserialize (file:///Users/thesayyn/Documents/thesayyn/protoc-gen-ts/target/debug/build/protoc_gen_ts-8cec2bec66276c47/out/test_conformance/test_messages_proto2.ts:256:52)
    at file:///Users/thesayyn/Documents/thesayyn/protoc-gen-ts/tests/conformance/bin/main.ts:30:78

  protobuf_test_messages.proto3.TestAllTypesProto3 1
  Error: Assertion failed
    at Object.jspb.asserts.doAssertFailure (https://cdn.skypack.dev/-/google-protobuf@v3.21.2-YDUqZL2TTSsy2lGtfuND/dist=es2019,mode=imports/optimized/google-protobuf.js:778:11)
    at Object.jspb.asserts.assert (https://cdn.skypack.dev/-/google-protobuf@v3.21.2-YDUqZL2TTSsy2lGtfuND/dist=es2019,mode=imports/optimized/google-protobuf.js:783:23)
    at jspb.BinaryDecoder.readUnsignedVarint32 (https://cdn.skypack.dev/-/google-protobuf@v3.21.2-YDUqZL2TTSsy2lGtfuND/dist=es2019,mode=imports/optimized/google-protobuf.js:4150:18)
    at jspb.BinaryReader.skipDelimitedField (https://cdn.skypack.dev/-/google-protobuf@v3.21.2-YDUqZL2TTSsy2lGtfuND/dist=es2019,mode=imports/optimized/google-protobuf.js:4401:29)
    at jspb.BinaryReader.skipField (https://cdn.skypack.dev/-/google-protobuf@v3.21.2-YDUqZL2TTSsy2lGtfuND/dist=es2019,mode=imports/optimized/google-protobuf.js:4435:14)
    at Function.deserialize (file:///Users/thesayyn/Documents/thesayyn/protoc-gen-ts/target/debug/build/protoc_gen_ts-8cec2bec66276c47/out/test_conformance/test_messages_proto3.ts:958:24)
    at file:///Users/thesayyn/Documents/thesayyn/protoc-gen-ts/tests/conformance/bin/main.ts:23:78

  protobuf_test_messages.proto2.TestAllTypesProto2 1
  Error: Assertion failed
    at Object.jspb.asserts.doAssertFailure (https://cdn.skypack.dev/-/google-protobuf@v3.21.2-YDUqZL2TTSsy2lGtfuND/dist=es2019,mode=imports/optimized/google-protobuf.js:778:11)
    at Object.jspb.asserts.assert (https://cdn.skypack.dev/-/google-protobuf@v3.21.2-YDUqZL2TTSsy2lGtfuND/dist=es2019,mode=imports/optimized/google-protobuf.js:783:23)
    at jspb.BinaryDecoder.readUnsignedVarint32 (https://cdn.skypack.dev/-/google-protobuf@v3.21.2-YDUqZL2TTSsy2lGtfuND/dist=es2019,mode=imports/optimized/google-protobuf.js:4150:18)
    at jspb.BinaryReader.skipDelimitedField (https://cdn.skypack.dev/-/google-protobuf@v3.21.2-YDUqZL2TTSsy2lGtfuND/dist=es2019,mode=imports/optimized/google-protobuf.js:4401:29)
    at jspb.BinaryReader.skipField (https://cdn.skypack.dev/-/google-protobuf@v3.21.2-YDUqZL2TTSsy2lGtfuND/dist=es2019,mode=imports/optimized/google-protobuf.js:4435:14)
    at Function.deserialize (file:///Users/thesayyn/Documents/thesayyn/protoc-gen-ts/target/debug/build/protoc_gen_ts-8cec2bec66276c47/out/test_conformance/test_messages_proto2.ts:865:24)
    at file:///Users/thesayyn/Documents/thesayyn/protoc-gen-ts/tests/conformance/bin/main.ts:30:78

  protobuf_test_messages.proto3.TestAllTypesProto3 1
  Error: Assertion failed
    at Object.jspb.asserts.doAssertFailure (https://cdn.skypack.dev/-/google-protobuf@v3.21.2-YDUqZL2TTSsy2lGtfuND/dist=es2019,mode=imports/optimized/google-protobuf.js:778:11)
    at Object.jspb.asserts.assert (https://cdn.skypack.dev/-/google-protobuf@v3.21.2-YDUqZL2TTSsy2lGtfuND/dist=es2019,mode=imports/optimized/google-protobuf.js:783:23)
    at jspb.BinaryDecoder.readUnsignedVarint32 (https://cdn.skypack.dev/-/google-protobuf@v3.21.2-YDUqZL2TTSsy2lGtfuND/dist=es2019,mode=imports/optimized/google-protobuf.js:4150:18)
    at jspb.BinaryReader.readBytes (https://cdn.skypack.dev/-/google-protobuf@v3.21.2-YDUqZL2TTSsy2lGtfuND/dist=es2019,mode=imports/optimized/google-protobuf.js:4641:27)
    at Function.deserialize (file:///Users/thesayyn/Documents/thesayyn/protoc-gen-ts/target/debug/build/protoc_gen_ts-8cec2bec66276c47/out/test_conformance/test_messages_proto3.ts:214:49)
    at file:///Users/thesayyn/Documents/thesayyn/protoc-gen-ts/tests/conformance/bin/main.ts:23:78

  protobuf_test_messages.proto2.TestAllTypesProto2 1
  Error: Assertion failed
    at Object.jspb.asserts.doAssertFailure (https://cdn.skypack.dev/-/google-protobuf@v3.21.2-YDUqZL2TTSsy2lGtfuND/dist=es2019,mode=imports/optimized/google-protobuf.js:778:11)
    at Object.jspb.asserts.assert (https://cdn.skypack.dev/-/google-protobuf@v3.21.2-YDUqZL2TTSsy2lGtfuND/dist=es2019,mode=imports/optimized/google-protobuf.js:783:23)
    at jspb.BinaryDecoder.readUnsignedVarint32 (https://cdn.skypack.dev/-/google-protobuf@v3.21.2-YDUqZL2TTSsy2lGtfuND/dist=es2019,mode=imports/optimized/google-protobuf.js:4150:18)
    at jspb.BinaryReader.readBytes (https://cdn.skypack.dev/-/google-protobuf@v3.21.2-YDUqZL2TTSsy2lGtfuND/dist=es2019,mode=imports/optimized/google-protobuf.js:4641:27)
    at Function.deserialize (file:///Users/thesayyn/Documents/thesayyn/protoc-gen-ts/target/debug/build/protoc_gen_ts-8cec2bec66276c47/out/test_conformance/test_messages_proto2.ts:190:49)
    at file:///Users/thesayyn/Documents/thesayyn/protoc-gen-ts/tests/conformance/bin/main.ts:30:78

  protobuf_test_messages.proto3.TestAllTypesProto3 1
  Error: Assertion failed
    at Object.jspb.asserts.doAssertFailure (https://cdn.skypack.dev/-/google-protobuf@v3.21.2-YDUqZL2TTSsy2lGtfuND/dist=es2019,mode=imports/optimized/google-protobuf.js:778:11)
    at Object.jspb.asserts.assert (https://cdn.skypack.dev/-/google-protobuf@v3.21.2-YDUqZL2TTSsy2lGtfuND/dist=es2019,mode=imports/optimized/google-protobuf.js:783:23)
    at jspb.BinaryDecoder.readUnsignedVarint32 (https://cdn.skypack.dev/-/google-protobuf@v3.21.2-YDUqZL2TTSsy2lGtfuND/dist=es2019,mode=imports/optimized/google-protobuf.js:4150:18)
    at jspb.BinaryReader.readBytes (https://cdn.skypack.dev/-/google-protobuf@v3.21.2-YDUqZL2TTSsy2lGtfuND/dist=es2019,mode=imports/optimized/google-protobuf.js:4641:27)
    at Function.deserialize (file:///Users/thesayyn/Documents/thesayyn/protoc-gen-ts/target/debug/build/protoc_gen_ts-8cec2bec66276c47/out/test_conformance/test_messages_proto3.ts:296:52)
    at file:///Users/thesayyn/Documents/thesayyn/protoc-gen-ts/tests/conformance/bin/main.ts:23:78

  protobuf_test_messages.proto2.TestAllTypesProto2 1
  Error: Assertion failed
    at Object.jspb.asserts.doAssertFailure (https://cdn.skypack.dev/-/google-protobuf@v3.21.2-YDUqZL2TTSsy2lGtfuND/dist=es2019,mode=imports/optimized/google-protobuf.js:778:11)
    at Object.jspb.asserts.assert (https://cdn.skypack.dev/-/google-protobuf@v3.21.2-YDUqZL2TTSsy2lGtfuND/dist=es2019,mode=imports/optimized/google-protobuf.js:783:23)
    at jspb.BinaryDecoder.readUnsignedVarint32 (https://cdn.skypack.dev/-/google-protobuf@v3.21.2-YDUqZL2TTSsy2lGtfuND/dist=es2019,mode=imports/optimized/google-protobuf.js:4150:18)
    at jspb.BinaryReader.readBytes (https://cdn.skypack.dev/-/google-protobuf@v3.21.2-YDUqZL2TTSsy2lGtfuND/dist=es2019,mode=imports/optimized/google-protobuf.js:4641:27)
    at Function.deserialize (file:///Users/thesayyn/Documents/thesayyn/protoc-gen-ts/target/debug/build/protoc_gen_ts-8cec2bec66276c47/out/test_conformance/test_messages_proto2.ts:256:52)
    at file:///Users/thesayyn/Documents/thesayyn/protoc-gen-ts/tests/conformance/bin/main.ts:30:78

  protobuf_test_messages.proto3.TestAllTypesProto3 1
  Error: Assertion failed
    at Object.jspb.asserts.doAssertFailure (https://cdn.skypack.dev/-/google-protobuf@v3.21.2-YDUqZL2TTSsy2lGtfuND/dist=es2019,mode=imports/optimized/google-protobuf.js:778:11)
    at Object.jspb.asserts.assert (https://cdn.skypack.dev/-/google-protobuf@v3.21.2-YDUqZL2TTSsy2lGtfuND/dist=es2019,mode=imports/optimized/google-protobuf.js:783:23)
    at jspb.BinaryDecoder.readUnsignedVarint32 (https://cdn.skypack.dev/-/google-protobuf@v3.21.2-YDUqZL2TTSsy2lGtfuND/dist=es2019,mode=imports/optimized/google-protobuf.js:4150:18)
    at jspb.BinaryReader.skipDelimitedField (https://cdn.skypack.dev/-/google-protobuf@v3.21.2-YDUqZL2TTSsy2lGtfuND/dist=es2019,mode=imports/optimized/google-protobuf.js:4401:29)
    at jspb.BinaryReader.skipField (https://cdn.skypack.dev/-/google-protobuf@v3.21.2-YDUqZL2TTSsy2lGtfuND/dist=es2019,mode=imports/optimized/google-protobuf.js:4435:14)
    at Function.deserialize (file:///Users/thesayyn/Documents/thesayyn/protoc-gen-ts/target/debug/build/protoc_gen_ts-8cec2bec66276c47/out/test_conformance/test_messages_proto3.ts:958:24)
    at file:///Users/thesayyn/Documents/thesayyn/protoc-gen-ts/tests/conformance/bin/main.ts:23:78

  protobuf_test_messages.proto2.TestAllTypesProto2 1
  Error: Assertion failed
    at Object.jspb.asserts.doAssertFailure (https://cdn.skypack.dev/-/google-protobuf@v3.21.2-YDUqZL2TTSsy2lGtfuND/dist=es2019,mode=imports/optimized/google-protobuf.js:778:11)
    at Object.jspb.asserts.assert (https://cdn.skypack.dev/-/google-protobuf@v3.21.2-YDUqZL2TTSsy2lGtfuND/dist=es2019,mode=imports/optimized/google-protobuf.js:783:23)
    at jspb.BinaryDecoder.readUnsignedVarint32 (https://cdn.skypack.dev/-/google-protobuf@v3.21.2-YDUqZL2TTSsy2lGtfuND/dist=es2019,mode=imports/optimized/google-protobuf.js:4150:18)
    at jspb.BinaryReader.skipDelimitedField (https://cdn.skypack.dev/-/google-protobuf@v3.21.2-YDUqZL2TTSsy2lGtfuND/dist=es2019,mode=imports/optimized/google-protobuf.js:4401:29)
    at jspb.BinaryReader.skipField (https://cdn.skypack.dev/-/google-protobuf@v3.21.2-YDUqZL2TTSsy2lGtfuND/dist=es2019,mode=imports/optimized/google-protobuf.js:4435:14)
    at Function.deserialize (file:///Users/thesayyn/Documents/thesayyn/protoc-gen-ts/target/debug/build/protoc_gen_ts-8cec2bec66276c47/out/test_conformance/test_messages_proto2.ts:865:24)
    at file:///Users/thesayyn/Documents/thesayyn/protoc-gen-ts/tests/conformance/bin/main.ts:30:78

  protobuf_test_messages.proto3.TestAllTypesProto3 1
  Error: Failure: Invalid byte length!
    at Object.jspb.asserts.fail (https://cdn.skypack.dev/-/google-protobuf@v3.21.2-YDUqZL2TTSsy2lGtfuND/dist=es2019,mode=imports/optimized/google-protobuf.js:801:11)
    at jspb.BinaryDecoder.readBytes (https://cdn.skypack.dev/-/google-protobuf@v3.21.2-YDUqZL2TTSsy2lGtfuND/dist=es2019,mode=imports/optimized/google-protobuf.js:4289:47)
    at jspb.BinaryReader.readBytes (https://cdn.skypack.dev/-/google-protobuf@v3.21.2-YDUqZL2TTSsy2lGtfuND/dist=es2019,mode=imports/optimized/google-protobuf.js:4642:26)
    at Function.deserialize (file:///Users/thesayyn/Documents/thesayyn/protoc-gen-ts/target/debug/build/protoc_gen_ts-8cec2bec66276c47/out/test_conformance/test_messages_proto3.ts:214:49)
    at file:///Users/thesayyn/Documents/thesayyn/protoc-gen-ts/tests/conformance/bin/main.ts:23:78

  protobuf_test_messages.proto2.TestAllTypesProto2 1
  Error: Failure: Invalid byte length!
    at Object.jspb.asserts.fail (https://cdn.skypack.dev/-/google-protobuf@v3.21.2-YDUqZL2TTSsy2lGtfuND/dist=es2019,mode=imports/optimized/google-protobuf.js:801:11)
    at jspb.BinaryDecoder.readBytes (https://cdn.skypack.dev/-/google-protobuf@v3.21.2-YDUqZL2TTSsy2lGtfuND/dist=es2019,mode=imports/optimized/google-protobuf.js:4289:47)
    at jspb.BinaryReader.readBytes (https://cdn.skypack.dev/-/google-protobuf@v3.21.2-YDUqZL2TTSsy2lGtfuND/dist=es2019,mode=imports/optimized/google-protobuf.js:4642:26)
    at Function.deserialize (file:///Users/thesayyn/Documents/thesayyn/protoc-gen-ts/target/debug/build/protoc_gen_ts-8cec2bec66276c47/out/test_conformance/test_messages_proto2.ts:190:49)
    at file:///Users/thesayyn/Documents/thesayyn/protoc-gen-ts/tests/conformance/bin/main.ts:30:78

  protobuf_test_messages.proto3.TestAllTypesProto3 1
  Error: Failure: Invalid byte length!
    at Object.jspb.asserts.fail (https://cdn.skypack.dev/-/google-protobuf@v3.21.2-YDUqZL2TTSsy2lGtfuND/dist=es2019,mode=imports/optimized/google-protobuf.js:801:11)
    at jspb.BinaryDecoder.readBytes (https://cdn.skypack.dev/-/google-protobuf@v3.21.2-YDUqZL2TTSsy2lGtfuND/dist=es2019,mode=imports/optimized/google-protobuf.js:4289:47)
    at jspb.BinaryReader.readBytes (https://cdn.skypack.dev/-/google-protobuf@v3.21.2-YDUqZL2TTSsy2lGtfuND/dist=es2019,mode=imports/optimized/google-protobuf.js:4642:26)
    at Function.deserialize (file:///Users/thesayyn/Documents/thesayyn/protoc-gen-ts/target/debug/build/protoc_gen_ts-8cec2bec66276c47/out/test_conformance/test_messages_proto3.ts:296:52)
    at file:///Users/thesayyn/Documents/thesayyn/protoc-gen-ts/tests/conformance/bin/main.ts:23:78

  protobuf_test_messages.proto2.TestAllTypesProto2 1
  Error: Failure: Invalid byte length!
    at Object.jspb.asserts.fail (https://cdn.skypack.dev/-/google-protobuf@v3.21.2-YDUqZL2TTSsy2lGtfuND/dist=es2019,mode=imports/optimized/google-protobuf.js:801:11)
    at jspb.BinaryDecoder.readBytes (https://cdn.skypack.dev/-/google-protobuf@v3.21.2-YDUqZL2TTSsy2lGtfuND/dist=es2019,mode=imports/optimized/google-protobuf.js:4289:47)
    at jspb.BinaryReader.readBytes (https://cdn.skypack.dev/-/google-protobuf@v3.21.2-YDUqZL2TTSsy2lGtfuND/dist=es2019,mode=imports/optimized/google-protobuf.js:4642:26)
    at Function.deserialize (file:///Users/thesayyn/Documents/thesayyn/protoc-gen-ts/target/debug/build/protoc_gen_ts-8cec2bec66276c47/out/test_conformance/test_messages_proto2.ts:256:52)
    at file:///Users/thesayyn/Documents/thesayyn/protoc-gen-ts/tests/conformance/bin/main.ts:30:78

  protobuf_test_messages.proto3.TestAllTypesProto3 1
  Error: Assertion failed
    at Object.jspb.asserts.doAssertFailure (https://cdn.skypack.dev/-/google-protobuf@v3.21.2-YDUqZL2TTSsy2lGtfuND/dist=es2019,mode=imports/optimized/google-protobuf.js:778:11)
    at Object.jspb.asserts.assert (https://cdn.skypack.dev/-/google-protobuf@v3.21.2-YDUqZL2TTSsy2lGtfuND/dist=es2019,mode=imports/optimized/google-protobuf.js:783:23)
    at jspb.BinaryDecoder.advance (https://cdn.skypack.dev/-/google-protobuf@v3.21.2-YDUqZL2TTSsy2lGtfuND/dist=es2019,mode=imports/optimized/google-protobuf.js:4081:18)
    at jspb.BinaryReader.skipDelimitedField (https://cdn.skypack.dev/-/google-protobuf@v3.21.2-YDUqZL2TTSsy2lGtfuND/dist=es2019,mode=imports/optimized/google-protobuf.js:4402:21)
    at jspb.BinaryReader.skipField (https://cdn.skypack.dev/-/google-protobuf@v3.21.2-YDUqZL2TTSsy2lGtfuND/dist=es2019,mode=imports/optimized/google-protobuf.js:4435:14)
    at Function.deserialize (file:///Users/thesayyn/Documents/thesayyn/protoc-gen-ts/target/debug/build/protoc_gen_ts-8cec2bec66276c47/out/test_conformance/test_messages_proto3.ts:958:24)
    at file:///Users/thesayyn/Documents/thesayyn/protoc-gen-ts/tests/conformance/bin/main.ts:23:78

  protobuf_test_messages.proto2.TestAllTypesProto2 1
  Error: Assertion failed
    at Object.jspb.asserts.doAssertFailure (https://cdn.skypack.dev/-/google-protobuf@v3.21.2-YDUqZL2TTSsy2lGtfuND/dist=es2019,mode=imports/optimized/google-protobuf.js:778:11)
    at Object.jspb.asserts.assert (https://cdn.skypack.dev/-/google-protobuf@v3.21.2-YDUqZL2TTSsy2lGtfuND/dist=es2019,mode=imports/optimized/google-protobuf.js:783:23)
    at jspb.BinaryDecoder.advance (https://cdn.skypack.dev/-/google-protobuf@v3.21.2-YDUqZL2TTSsy2lGtfuND/dist=es2019,mode=imports/optimized/google-protobuf.js:4081:18)
    at jspb.BinaryReader.skipDelimitedField (https://cdn.skypack.dev/-/google-protobuf@v3.21.2-YDUqZL2TTSsy2lGtfuND/dist=es2019,mode=imports/optimized/google-protobuf.js:4402:21)
    at jspb.BinaryReader.skipField (https://cdn.skypack.dev/-/google-protobuf@v3.21.2-YDUqZL2TTSsy2lGtfuND/dist=es2019,mode=imports/optimized/google-protobuf.js:4435:14)
    at Function.deserialize (file:///Users/thesayyn/Documents/thesayyn/protoc-gen-ts/target/debug/build/protoc_gen_ts-8cec2bec66276c47/out/test_conformance/test_messages_proto2.ts:865:24)
    at file:///Users/thesayyn/Documents/thesayyn/protoc-gen-ts/tests/conformance/bin/main.ts:30:78

  protobuf_test_messages.proto3.TestAllTypesProto3 1
  Error: Assertion failed
    at Object.jspb.asserts.doAssertFailure (https://cdn.skypack.dev/-/google-protobuf@v3.21.2-YDUqZL2TTSsy2lGtfuND/dist=es2019,mode=imports/optimized/google-protobuf.js:778:11)
    at Object.jspb.asserts.assert (https://cdn.skypack.dev/-/google-protobuf@v3.21.2-YDUqZL2TTSsy2lGtfuND/dist=es2019,mode=imports/optimized/google-protobuf.js:783:23)
    at jspb.BinaryDecoder.readUnsignedVarint32 (https://cdn.skypack.dev/-/google-protobuf@v3.21.2-YDUqZL2TTSsy2lGtfuND/dist=es2019,mode=imports/optimized/google-protobuf.js:4150:18)
    at jspb.BinaryReader.readUint32 (https://cdn.skypack.dev/-/google-protobuf@v3.21.2-YDUqZL2TTSsy2lGtfuND/dist=es2019,mode=imports/optimized/google-protobuf.js:4551:26)
    at Function.deserialize (file:///Users/thesayyn/Documents/thesayyn/protoc-gen-ts/target/debug/build/protoc_gen_ts-8cec2bec66276c47/out/test_conformance/test_messages_proto3.ts:178:50)
    at file:///Users/thesayyn/Documents/thesayyn/protoc-gen-ts/tests/conformance/bin/main.ts:23:78

  protobuf_test_messages.proto2.TestAllTypesProto2 1
  Error: Assertion failed
    at Object.jspb.asserts.doAssertFailure (https://cdn.skypack.dev/-/google-protobuf@v3.21.2-YDUqZL2TTSsy2lGtfuND/dist=es2019,mode=imports/optimized/google-protobuf.js:778:11)
    at Object.jspb.asserts.assert (https://cdn.skypack.dev/-/google-protobuf@v3.21.2-YDUqZL2TTSsy2lGtfuND/dist=es2019,mode=imports/optimized/google-protobuf.js:783:23)
    at jspb.BinaryDecoder.readUnsignedVarint32 (https://cdn.skypack.dev/-/google-protobuf@v3.21.2-YDUqZL2TTSsy2lGtfuND/dist=es2019,mode=imports/optimized/google-protobuf.js:4150:18)
    at jspb.BinaryReader.readUint32 (https://cdn.skypack.dev/-/google-protobuf@v3.21.2-YDUqZL2TTSsy2lGtfuND/dist=es2019,mode=imports/optimized/google-protobuf.js:4551:26)
    at Function.deserialize (file:///Users/thesayyn/Documents/thesayyn/protoc-gen-ts/target/debug/build/protoc_gen_ts-8cec2bec66276c47/out/test_conformance/test_messages_proto2.ts:154:50)
    at file:///Users/thesayyn/Documents/thesayyn/protoc-gen-ts/tests/conformance/bin/main.ts:30:78

  protobuf_test_messages.proto3.TestAllTypesProto3 1
  Error: Assertion failed
    at Object.jspb.asserts.doAssertFailure (https://cdn.skypack.dev/-/google-protobuf@v3.21.2-YDUqZL2TTSsy2lGtfuND/dist=es2019,mode=imports/optimized/google-protobuf.js:778:11)
    at Object.jspb.asserts.assert (https://cdn.skypack.dev/-/google-protobuf@v3.21.2-YDUqZL2TTSsy2lGtfuND/dist=es2019,mode=imports/optimized/google-protobuf.js:783:23)
    at jspb.BinaryDecoder.readUnsignedVarint32 (https://cdn.skypack.dev/-/google-protobuf@v3.21.2-YDUqZL2TTSsy2lGtfuND/dist=es2019,mode=imports/optimized/google-protobuf.js:4150:18)
    at jspb.BinaryReader.readUint32 (https://cdn.skypack.dev/-/google-protobuf@v3.21.2-YDUqZL2TTSsy2lGtfuND/dist=es2019,mode=imports/optimized/google-protobuf.js:4551:26)
    at Function.deserialize (file:///Users/thesayyn/Documents/thesayyn/protoc-gen-ts/target/debug/build/protoc_gen_ts-8cec2bec66276c47/out/test_conformance/test_messages_proto3.ts:250:58)
    at file:///Users/thesayyn/Documents/thesayyn/protoc-gen-ts/tests/conformance/bin/main.ts:23:78

  protobuf_test_messages.proto2.TestAllTypesProto2 1
  Error: Assertion failed
    at Object.jspb.asserts.doAssertFailure (https://cdn.skypack.dev/-/google-protobuf@v3.21.2-YDUqZL2TTSsy2lGtfuND/dist=es2019,mode=imports/optimized/google-protobuf.js:778:11)
    at Object.jspb.asserts.assert (https://cdn.skypack.dev/-/google-protobuf@v3.21.2-YDUqZL2TTSsy2lGtfuND/dist=es2019,mode=imports/optimized/google-protobuf.js:783:23)
    at jspb.BinaryDecoder.readUnsignedVarint32 (https://cdn.skypack.dev/-/google-protobuf@v3.21.2-YDUqZL2TTSsy2lGtfuND/dist=es2019,mode=imports/optimized/google-protobuf.js:4150:18)
    at jspb.BinaryReader.readUint32 (https://cdn.skypack.dev/-/google-protobuf@v3.21.2-YDUqZL2TTSsy2lGtfuND/dist=es2019,mode=imports/optimized/google-protobuf.js:4551:26)
    at Function.deserialize (file:///Users/thesayyn/Documents/thesayyn/protoc-gen-ts/target/debug/build/protoc_gen_ts-8cec2bec66276c47/out/test_conformance/test_messages_proto2.ts:220:53)
    at file:///Users/thesayyn/Documents/thesayyn/protoc-gen-ts/tests/conformance/bin/main.ts:30:78

  protobuf_test_messages.proto3.TestAllTypesProto3 1
  Error: Failure: Decoder hit an error
    at Object.jspb.asserts.fail (https://cdn.skypack.dev/-/google-protobuf@v3.21.2-YDUqZL2TTSsy2lGtfuND/dist=es2019,mode=imports/optimized/google-protobuf.js:801:11)
    at jspb.BinaryReader.nextField (https://cdn.skypack.dev/-/google-protobuf@v3.21.2-YDUqZL2TTSsy2lGtfuND/dist=es2019,mode=imports/optimized/google-protobuf.js:4374:27)
    at Function.deserialize (file:///Users/thesayyn/Documents/thesayyn/protoc-gen-ts/target/debug/build/protoc_gen_ts-8cec2bec66276c47/out/test_conformance/test_messages_proto3.ts:169:18)
    at file:///Users/thesayyn/Documents/thesayyn/protoc-gen-ts/tests/conformance/bin/main.ts:23:78

  protobuf_test_messages.proto2.TestAllTypesProto2 1
  Error: Failure: Decoder hit an error
    at Object.jspb.asserts.fail (https://cdn.skypack.dev/-/google-protobuf@v3.21.2-YDUqZL2TTSsy2lGtfuND/dist=es2019,mode=imports/optimized/google-protobuf.js:801:11)
    at jspb.BinaryReader.nextField (https://cdn.skypack.dev/-/google-protobuf@v3.21.2-YDUqZL2TTSsy2lGtfuND/dist=es2019,mode=imports/optimized/google-protobuf.js:4374:27)
    at Function.deserialize (file:///Users/thesayyn/Documents/thesayyn/protoc-gen-ts/target/debug/build/protoc_gen_ts-8cec2bec66276c47/out/test_conformance/test_messages_proto2.ts:145:18)
    at file:///Users/thesayyn/Documents/thesayyn/protoc-gen-ts/tests/conformance/bin/main.ts:30:78

  protobuf_test_messages.proto3.TestAllTypesProto3 1
  Error: Assertion failed
    at Object.jspb.asserts.doAssertFailure (https://cdn.skypack.dev/-/google-protobuf@v3.21.2-YDUqZL2TTSsy2lGtfuND/dist=es2019,mode=imports/optimized/google-protobuf.js:778:11)
    at Object.jspb.asserts.assert (https://cdn.skypack.dev/-/google-protobuf@v3.21.2-YDUqZL2TTSsy2lGtfuND/dist=es2019,mode=imports/optimized/google-protobuf.js:783:23)
    at jspb.BinaryDecoder.readUnsignedVarint32 (https://cdn.skypack.dev/-/google-protobuf@v3.21.2-YDUqZL2TTSsy2lGtfuND/dist=es2019,mode=imports/optimized/google-protobuf.js:4150:18)
    at jspb.BinaryReader.readUint32 (https://cdn.skypack.dev/-/google-protobuf@v3.21.2-YDUqZL2TTSsy2lGtfuND/dist=es2019,mode=imports/optimized/google-protobuf.js:4551:26)
    at Function.deserialize (file:///Users/thesayyn/Documents/thesayyn/protoc-gen-ts/target/debug/build/protoc_gen_ts-8cec2bec66276c47/out/test_conformance/test_messages_proto3.ts:178:50)
    at file:///Users/thesayyn/Documents/thesayyn/protoc-gen-ts/tests/conformance/bin/main.ts:23:78

  protobuf_test_messages.proto2.TestAllTypesProto2 1
  Error: Assertion failed
    at Object.jspb.asserts.doAssertFailure (https://cdn.skypack.dev/-/google-protobuf@v3.21.2-YDUqZL2TTSsy2lGtfuND/dist=es2019,mode=imports/optimized/google-protobuf.js:778:11)
    at Object.jspb.asserts.assert (https://cdn.skypack.dev/-/google-protobuf@v3.21.2-YDUqZL2TTSsy2lGtfuND/dist=es2019,mode=imports/optimized/google-protobuf.js:783:23)
    at jspb.BinaryDecoder.readUnsignedVarint32 (https://cdn.skypack.dev/-/google-protobuf@v3.21.2-YDUqZL2TTSsy2lGtfuND/dist=es2019,mode=imports/optimized/google-protobuf.js:4150:18)
    at jspb.BinaryReader.readUint32 (https://cdn.skypack.dev/-/google-protobuf@v3.21.2-YDUqZL2TTSsy2lGtfuND/dist=es2019,mode=imports/optimized/google-protobuf.js:4551:26)
    at Function.deserialize (file:///Users/thesayyn/Documents/thesayyn/protoc-gen-ts/target/debug/build/protoc_gen_ts-8cec2bec66276c47/out/test_conformance/test_messages_proto2.ts:154:50)
    at file:///Users/thesayyn/Documents/thesayyn/protoc-gen-ts/tests/conformance/bin/main.ts:30:78

  protobuf_test_messages.proto3.TestAllTypesProto3 1
  Error: Assertion failed
    at Object.jspb.asserts.doAssertFailure (https://cdn.skypack.dev/-/google-protobuf@v3.21.2-YDUqZL2TTSsy2lGtfuND/dist=es2019,mode=imports/optimized/google-protobuf.js:778:11)
    at Object.jspb.asserts.assert (https://cdn.skypack.dev/-/google-protobuf@v3.21.2-YDUqZL2TTSsy2lGtfuND/dist=es2019,mode=imports/optimized/google-protobuf.js:783:23)
    at jspb.BinaryDecoder.readUnsignedVarint32 (https://cdn.skypack.dev/-/google-protobuf@v3.21.2-YDUqZL2TTSsy2lGtfuND/dist=es2019,mode=imports/optimized/google-protobuf.js:4150:18)
    at jspb.BinaryReader.readUint32 (https://cdn.skypack.dev/-/google-protobuf@v3.21.2-YDUqZL2TTSsy2lGtfuND/dist=es2019,mode=imports/optimized/google-protobuf.js:4551:26)
    at Function.deserialize (file:///Users/thesayyn/Documents/thesayyn/protoc-gen-ts/target/debug/build/protoc_gen_ts-8cec2bec66276c47/out/test_conformance/test_messages_proto3.ts:250:58)
    at file:///Users/thesayyn/Documents/thesayyn/protoc-gen-ts/tests/conformance/bin/main.ts:23:78

  protobuf_test_messages.proto2.TestAllTypesProto2 1
  Error: Assertion failed
    at Object.jspb.asserts.doAssertFailure (https://cdn.skypack.dev/-/google-protobuf@v3.21.2-YDUqZL2TTSsy2lGtfuND/dist=es2019,mode=imports/optimized/google-protobuf.js:778:11)
    at Object.jspb.asserts.assert (https://cdn.skypack.dev/-/google-protobuf@v3.21.2-YDUqZL2TTSsy2lGtfuND/dist=es2019,mode=imports/optimized/google-protobuf.js:783:23)
    at jspb.BinaryDecoder.readUnsignedVarint32 (https://cdn.skypack.dev/-/google-protobuf@v3.21.2-YDUqZL2TTSsy2lGtfuND/dist=es2019,mode=imports/optimized/google-protobuf.js:4150:18)
    at jspb.BinaryReader.readUint32 (https://cdn.skypack.dev/-/google-protobuf@v3.21.2-YDUqZL2TTSsy2lGtfuND/dist=es2019,mode=imports/optimized/google-protobuf.js:4551:26)
    at Function.deserialize (file:///Users/thesayyn/Documents/thesayyn/protoc-gen-ts/target/debug/build/protoc_gen_ts-8cec2bec66276c47/out/test_conformance/test_messages_proto2.ts:220:53)
    at file:///Users/thesayyn/Documents/thesayyn/protoc-gen-ts/tests/conformance/bin/main.ts:30:78

  protobuf_test_messages.proto3.TestAllTypesProto3 1
  Error: Failure: Decoder hit an error
    at Object.jspb.asserts.fail (https://cdn.skypack.dev/-/google-protobuf@v3.21.2-YDUqZL2TTSsy2lGtfuND/dist=es2019,mode=imports/optimized/google-protobuf.js:801:11)
    at jspb.BinaryReader.nextField (https://cdn.skypack.dev/-/google-protobuf@v3.21.2-YDUqZL2TTSsy2lGtfuND/dist=es2019,mode=imports/optimized/google-protobuf.js:4374:27)
    at Function.deserialize (file:///Users/thesayyn/Documents/thesayyn/protoc-gen-ts/target/debug/build/protoc_gen_ts-8cec2bec66276c47/out/test_conformance/test_messages_proto3.ts:169:18)
    at file:///Users/thesayyn/Documents/thesayyn/protoc-gen-ts/tests/conformance/bin/main.ts:23:78

  protobuf_test_messages.proto2.TestAllTypesProto2 1
  Error: Failure: Decoder hit an error
    at Object.jspb.asserts.fail (https://cdn.skypack.dev/-/google-protobuf@v3.21.2-YDUqZL2TTSsy2lGtfuND/dist=es2019,mode=imports/optimized/google-protobuf.js:801:11)
    at jspb.BinaryReader.nextField (https://cdn.skypack.dev/-/google-protobuf@v3.21.2-YDUqZL2TTSsy2lGtfuND/dist=es2019,mode=imports/optimized/google-protobuf.js:4374:27)
    at Function.deserialize (file:///Users/thesayyn/Documents/thesayyn/protoc-gen-ts/target/debug/build/protoc_gen_ts-8cec2bec66276c47/out/test_conformance/test_messages_proto2.ts:145:18)
    at file:///Users/thesayyn/Documents/thesayyn/protoc-gen-ts/tests/conformance/bin/main.ts:30:78

  protobuf_test_messages.proto3.TestAllTypesProto3 1
  Error: Assertion failed
    at Object.jspb.asserts.doAssertFailure (https://cdn.skypack.dev/-/google-protobuf@v3.21.2-YDUqZL2TTSsy2lGtfuND/dist=es2019,mode=imports/optimized/google-protobuf.js:778:11)
    at Object.jspb.asserts.assert (https://cdn.skypack.dev/-/google-protobuf@v3.21.2-YDUqZL2TTSsy2lGtfuND/dist=es2019,mode=imports/optimized/google-protobuf.js:783:23)
    at jspb.BinaryDecoder.readUnsignedVarint32 (https://cdn.skypack.dev/-/google-protobuf@v3.21.2-YDUqZL2TTSsy2lGtfuND/dist=es2019,mode=imports/optimized/google-protobuf.js:4150:18)
    at jspb.BinaryReader.readPackedField_ (https://cdn.skypack.dev/-/google-protobuf@v3.21.2-YDUqZL2TTSsy2lGtfuND/dist=es2019,mode=imports/optimized/google-protobuf.js:4676:16)
    at jspb.BinaryReader.readPackedUint32 (https://cdn.skypack.dev/-/google-protobuf@v3.21.2-YDUqZL2TTSsy2lGtfuND/dist=es2019,mode=imports/optimized/google-protobuf.js:4694:17)
    at Function.deserialize (file:///Users/thesayyn/Documents/thesayyn/protoc-gen-ts/target/debug/build/protoc_gen_ts-8cec2bec66276c47/out/test_conformance/test_messages_proto3.ts:249:78)
    at file:///Users/thesayyn/Documents/thesayyn/protoc-gen-ts/tests/conformance/bin/main.ts:23:78

  protobuf_test_messages.proto2.TestAllTypesProto2 1
  Error: Assertion failed
    at Object.jspb.asserts.doAssertFailure (https://cdn.skypack.dev/-/google-protobuf@v3.21.2-YDUqZL2TTSsy2lGtfuND/dist=es2019,mode=imports/optimized/google-protobuf.js:778:11)
    at Object.jspb.asserts.assert (https://cdn.skypack.dev/-/google-protobuf@v3.21.2-YDUqZL2TTSsy2lGtfuND/dist=es2019,mode=imports/optimized/google-protobuf.js:783:23)
    at jspb.BinaryReader.readUint32 (https://cdn.skypack.dev/-/google-protobuf@v3.21.2-YDUqZL2TTSsy2lGtfuND/dist=es2019,mode=imports/optimized/google-protobuf.js:4550:18)
    at Function.deserialize (file:///Users/thesayyn/Documents/thesayyn/protoc-gen-ts/target/debug/build/protoc_gen_ts-8cec2bec66276c47/out/test_conformance/test_messages_proto2.ts:220:53)
    at file:///Users/thesayyn/Documents/thesayyn/protoc-gen-ts/tests/conformance/bin/main.ts:30:78

  protobuf_test_messages.proto3.TestAllTypesProto3 1
  Error: Assertion failed
    at Object.jspb.asserts.doAssertFailure (https://cdn.skypack.dev/-/google-protobuf@v3.21.2-YDUqZL2TTSsy2lGtfuND/dist=es2019,mode=imports/optimized/google-protobuf.js:778:11)
    at Object.jspb.asserts.assert (https://cdn.skypack.dev/-/google-protobuf@v3.21.2-YDUqZL2TTSsy2lGtfuND/dist=es2019,mode=imports/optimized/google-protobuf.js:783:23)
    at jspb.BinaryDecoder.readUnsignedVarint32 (https://cdn.skypack.dev/-/google-protobuf@v3.21.2-YDUqZL2TTSsy2lGtfuND/dist=es2019,mode=imports/optimized/google-protobuf.js:4150:18)
    at jspb.BinaryReader.readPackedField_ (https://cdn.skypack.dev/-/google-protobuf@v3.21.2-YDUqZL2TTSsy2lGtfuND/dist=es2019,mode=imports/optimized/google-protobuf.js:4676:16)
    at jspb.BinaryReader.readPackedUint32 (https://cdn.skypack.dev/-/google-protobuf@v3.21.2-YDUqZL2TTSsy2lGtfuND/dist=es2019,mode=imports/optimized/google-protobuf.js:4694:17)
    at Function.deserialize (file:///Users/thesayyn/Documents/thesayyn/protoc-gen-ts/target/debug/build/protoc_gen_ts-8cec2bec66276c47/out/test_conformance/test_messages_proto3.ts:249:78)
    at file:///Users/thesayyn/Documents/thesayyn/protoc-gen-ts/tests/conformance/bin/main.ts:23:78

  protobuf_test_messages.proto2.TestAllTypesProto2 1
  Error: Assertion failed
    at Object.jspb.asserts.doAssertFailure (https://cdn.skypack.dev/-/google-protobuf@v3.21.2-YDUqZL2TTSsy2lGtfuND/dist=es2019,mode=imports/optimized/google-protobuf.js:778:11)
    at Object.jspb.asserts.assert (https://cdn.skypack.dev/-/google-protobuf@v3.21.2-YDUqZL2TTSsy2lGtfuND/dist=es2019,mode=imports/optimized/google-protobuf.js:783:23)
    at jspb.BinaryReader.readUint32 (https://cdn.skypack.dev/-/google-protobuf@v3.21.2-YDUqZL2TTSsy2lGtfuND/dist=es2019,mode=imports/optimized/google-protobuf.js:4550:18)
    at Function.deserialize (file:///Users/thesayyn/Documents/thesayyn/protoc-gen-ts/target/debug/build/protoc_gen_ts-8cec2bec66276c47/out/test_conformance/test_messages_proto2.ts:220:53)
    at file:///Users/thesayyn/Documents/thesayyn/protoc-gen-ts/tests/conformance/bin/main.ts:30:78

  protobuf_test_messages.proto3.TestAllTypesProto3 1
  Error: Failure: Failed to read varint, encoding is invalid.
    at Object.jspb.asserts.fail (https://cdn.skypack.dev/-/google-protobuf@v3.21.2-YDUqZL2TTSsy2lGtfuND/dist=es2019,mode=imports/optimized/google-protobuf.js:801:11)
    at jspb.BinaryDecoder.readSplitVarint64 (https://cdn.skypack.dev/-/google-protobuf@v3.21.2-YDUqZL2TTSsy2lGtfuND/dist=es2019,mode=imports/optimized/google-protobuf.js:4101:18)
    at jspb.BinaryDecoder.readSignedVarint64 (https://cdn.skypack.dev/-/google-protobuf@v3.21.2-YDUqZL2TTSsy2lGtfuND/dist=es2019,mode=imports/optimized/google-protobuf.js:4173:17)
    at jspb.BinaryReader.readEnum (https://cdn.skypack.dev/-/google-protobuf@v3.21.2-YDUqZL2TTSsy2lGtfuND/dist=es2019,mode=imports/optimized/google-protobuf.js:4630:26)
    at Function.deserialize (file:///Users/thesayyn/Documents/thesayyn/protoc-gen-ts/target/debug/build/protoc_gen_ts-8cec2bec66276c47/out/test_conformance/test_messages_proto3.ts:223:55)
    at file:///Users/thesayyn/Documents/thesayyn/protoc-gen-ts/tests/conformance/bin/main.ts:23:78

  protobuf_test_messages.proto2.TestAllTypesProto2 1
  Error: Failure: Failed to read varint, encoding is invalid.
    at Object.jspb.asserts.fail (https://cdn.skypack.dev/-/google-protobuf@v3.21.2-YDUqZL2TTSsy2lGtfuND/dist=es2019,mode=imports/optimized/google-protobuf.js:801:11)
    at jspb.BinaryDecoder.readSplitVarint64 (https://cdn.skypack.dev/-/google-protobuf@v3.21.2-YDUqZL2TTSsy2lGtfuND/dist=es2019,mode=imports/optimized/google-protobuf.js:4101:18)
    at jspb.BinaryDecoder.readSignedVarint64 (https://cdn.skypack.dev/-/google-protobuf@v3.21.2-YDUqZL2TTSsy2lGtfuND/dist=es2019,mode=imports/optimized/google-protobuf.js:4173:17)
    at jspb.BinaryReader.readEnum (https://cdn.skypack.dev/-/google-protobuf@v3.21.2-YDUqZL2TTSsy2lGtfuND/dist=es2019,mode=imports/optimized/google-protobuf.js:4630:26)
    at Function.deserialize (file:///Users/thesayyn/Documents/thesayyn/protoc-gen-ts/target/debug/build/protoc_gen_ts-8cec2bec66276c47/out/test_conformance/test_messages_proto2.ts:199:55)
    at file:///Users/thesayyn/Documents/thesayyn/protoc-gen-ts/tests/conformance/bin/main.ts:30:78

  protobuf_test_messages.proto3.TestAllTypesProto3 1
  Error: Failure: Failed to read varint, encoding is invalid.
    at Object.jspb.asserts.fail (https://cdn.skypack.dev/-/google-protobuf@v3.21.2-YDUqZL2TTSsy2lGtfuND/dist=es2019,mode=imports/optimized/google-protobuf.js:801:11)
    at jspb.BinaryDecoder.readSplitVarint64 (https://cdn.skypack.dev/-/google-protobuf@v3.21.2-YDUqZL2TTSsy2lGtfuND/dist=es2019,mode=imports/optimized/google-protobuf.js:4101:18)
    at jspb.BinaryDecoder.readSignedVarint64 (https://cdn.skypack.dev/-/google-protobuf@v3.21.2-YDUqZL2TTSsy2lGtfuND/dist=es2019,mode=imports/optimized/google-protobuf.js:4173:17)
    at jspb.BinaryReader.readEnum (https://cdn.skypack.dev/-/google-protobuf@v3.21.2-YDUqZL2TTSsy2lGtfuND/dist=es2019,mode=imports/optimized/google-protobuf.js:4630:26)
    at Function.deserialize (file:///Users/thesayyn/Documents/thesayyn/protoc-gen-ts/target/debug/build/protoc_gen_ts-8cec2bec66276c47/out/test_conformance/test_messages_proto3.ts:306:63)
    at file:///Users/thesayyn/Documents/thesayyn/protoc-gen-ts/tests/conformance/bin/main.ts:23:78

  protobuf_test_messages.proto2.TestAllTypesProto2 1
  Error: Failure: Failed to read varint, encoding is invalid.
    at Object.jspb.asserts.fail (https://cdn.skypack.dev/-/google-protobuf@v3.21.2-YDUqZL2TTSsy2lGtfuND/dist=es2019,mode=imports/optimized/google-protobuf.js:801:11)
    at jspb.BinaryDecoder.readSplitVarint64 (https://cdn.skypack.dev/-/google-protobuf@v3.21.2-YDUqZL2TTSsy2lGtfuND/dist=es2019,mode=imports/optimized/google-protobuf.js:4101:18)
    at jspb.BinaryDecoder.readSignedVarint64 (https://cdn.skypack.dev/-/google-protobuf@v3.21.2-YDUqZL2TTSsy2lGtfuND/dist=es2019,mode=imports/optimized/google-protobuf.js:4173:17)
    at jspb.BinaryReader.readEnum (https://cdn.skypack.dev/-/google-protobuf@v3.21.2-YDUqZL2TTSsy2lGtfuND/dist=es2019,mode=imports/optimized/google-protobuf.js:4630:26)
    at Function.deserialize (file:///Users/thesayyn/Documents/thesayyn/protoc-gen-ts/target/debug/build/protoc_gen_ts-8cec2bec66276c47/out/test_conformance/test_messages_proto2.ts:265:58)
    at file:///Users/thesayyn/Documents/thesayyn/protoc-gen-ts/tests/conformance/bin/main.ts:30:78

  protobuf_test_messages.proto3.TestAllTypesProto3 1
  Error: Failure: Decoder hit an error
    at Object.jspb.asserts.fail (https://cdn.skypack.dev/-/google-protobuf@v3.21.2-YDUqZL2TTSsy2lGtfuND/dist=es2019,mode=imports/optimized/google-protobuf.js:801:11)
    at jspb.BinaryReader.nextField (https://cdn.skypack.dev/-/google-protobuf@v3.21.2-YDUqZL2TTSsy2lGtfuND/dist=es2019,mode=imports/optimized/google-protobuf.js:4374:27)
    at Function.deserialize (file:///Users/thesayyn/Documents/thesayyn/protoc-gen-ts/target/debug/build/protoc_gen_ts-8cec2bec66276c47/out/test_conformance/test_messages_proto3.ts:169:18)
    at file:///Users/thesayyn/Documents/thesayyn/protoc-gen-ts/tests/conformance/bin/main.ts:23:78

  protobuf_test_messages.proto2.TestAllTypesProto2 1
  Error: Failure: Decoder hit an error
    at Object.jspb.asserts.fail (https://cdn.skypack.dev/-/google-protobuf@v3.21.2-YDUqZL2TTSsy2lGtfuND/dist=es2019,mode=imports/optimized/google-protobuf.js:801:11)
    at jspb.BinaryReader.nextField (https://cdn.skypack.dev/-/google-protobuf@v3.21.2-YDUqZL2TTSsy2lGtfuND/dist=es2019,mode=imports/optimized/google-protobuf.js:4374:27)
    at Function.deserialize (file:///Users/thesayyn/Documents/thesayyn/protoc-gen-ts/target/debug/build/protoc_gen_ts-8cec2bec66276c47/out/test_conformance/test_messages_proto2.ts:145:18)
    at file:///Users/thesayyn/Documents/thesayyn/protoc-gen-ts/tests/conformance/bin/main.ts:30:78

  protobuf_test_messages.proto3.TestAllTypesProto3 1
  Error: Failure: Failed to read varint, encoding is invalid.
    at Object.jspb.asserts.fail (https://cdn.skypack.dev/-/google-protobuf@v3.21.2-YDUqZL2TTSsy2lGtfuND/dist=es2019,mode=imports/optimized/google-protobuf.js:801:11)
    at jspb.BinaryDecoder.readSplitVarint64 (https://cdn.skypack.dev/-/google-protobuf@v3.21.2-YDUqZL2TTSsy2lGtfuND/dist=es2019,mode=imports/optimized/google-protobuf.js:4101:18)
    at jspb.BinaryDecoder.readSignedVarint64 (https://cdn.skypack.dev/-/google-protobuf@v3.21.2-YDUqZL2TTSsy2lGtfuND/dist=es2019,mode=imports/optimized/google-protobuf.js:4173:17)
    at jspb.BinaryReader.readEnum (https://cdn.skypack.dev/-/google-protobuf@v3.21.2-YDUqZL2TTSsy2lGtfuND/dist=es2019,mode=imports/optimized/google-protobuf.js:4630:26)
    at Function.deserialize (file:///Users/thesayyn/Documents/thesayyn/protoc-gen-ts/target/debug/build/protoc_gen_ts-8cec2bec66276c47/out/test_conformance/test_messages_proto3.ts:223:55)
    at file:///Users/thesayyn/Documents/thesayyn/protoc-gen-ts/tests/conformance/bin/main.ts:23:78

  protobuf_test_messages.proto2.TestAllTypesProto2 1
  Error: Failure: Failed to read varint, encoding is invalid.
    at Object.jspb.asserts.fail (https://cdn.skypack.dev/-/google-protobuf@v3.21.2-YDUqZL2TTSsy2lGtfuND/dist=es2019,mode=imports/optimized/google-protobuf.js:801:11)
    at jspb.BinaryDecoder.readSplitVarint64 (https://cdn.skypack.dev/-/google-protobuf@v3.21.2-YDUqZL2TTSsy2lGtfuND/dist=es2019,mode=imports/optimized/google-protobuf.js:4101:18)
    at jspb.BinaryDecoder.readSignedVarint64 (https://cdn.skypack.dev/-/google-protobuf@v3.21.2-YDUqZL2TTSsy2lGtfuND/dist=es2019,mode=imports/optimized/google-protobuf.js:4173:17)
    at jspb.BinaryReader.readEnum (https://cdn.skypack.dev/-/google-protobuf@v3.21.2-YDUqZL2TTSsy2lGtfuND/dist=es2019,mode=imports/optimized/google-protobuf.js:4630:26)
    at Function.deserialize (file:///Users/thesayyn/Documents/thesayyn/protoc-gen-ts/target/debug/build/protoc_gen_ts-8cec2bec66276c47/out/test_conformance/test_messages_proto2.ts:199:55)
    at file:///Users/thesayyn/Documents/thesayyn/protoc-gen-ts/tests/conformance/bin/main.ts:30:78

  protobuf_test_messages.proto3.TestAllTypesProto3 1
  Error: Failure: Failed to read varint, encoding is invalid.
    at Object.jspb.asserts.fail (https://cdn.skypack.dev/-/google-protobuf@v3.21.2-YDUqZL2TTSsy2lGtfuND/dist=es2019,mode=imports/optimized/google-protobuf.js:801:11)
    at jspb.BinaryDecoder.readSplitVarint64 (https://cdn.skypack.dev/-/google-protobuf@v3.21.2-YDUqZL2TTSsy2lGtfuND/dist=es2019,mode=imports/optimized/google-protobuf.js:4101:18)
    at jspb.BinaryDecoder.readSignedVarint64 (https://cdn.skypack.dev/-/google-protobuf@v3.21.2-YDUqZL2TTSsy2lGtfuND/dist=es2019,mode=imports/optimized/google-protobuf.js:4173:17)
    at jspb.BinaryReader.readEnum (https://cdn.skypack.dev/-/google-protobuf@v3.21.2-YDUqZL2TTSsy2lGtfuND/dist=es2019,mode=imports/optimized/google-protobuf.js:4630:26)
    at Function.deserialize (file:///Users/thesayyn/Documents/thesayyn/protoc-gen-ts/target/debug/build/protoc_gen_ts-8cec2bec66276c47/out/test_conformance/test_messages_proto3.ts:306:63)
    at file:///Users/thesayyn/Documents/thesayyn/protoc-gen-ts/tests/conformance/bin/main.ts:23:78

  protobuf_test_messages.proto2.TestAllTypesProto2 1
  Error: Failure: Failed to read varint, encoding is invalid.
    at Object.jspb.asserts.fail (https://cdn.skypack.dev/-/google-protobuf@v3.21.2-YDUqZL2TTSsy2lGtfuND/dist=es2019,mode=imports/optimized/google-protobuf.js:801:11)
    at jspb.BinaryDecoder.readSplitVarint64 (https://cdn.skypack.dev/-/google-protobuf@v3.21.2-YDUqZL2TTSsy2lGtfuND/dist=es2019,mode=imports/optimized/google-protobuf.js:4101:18)
    at jspb.BinaryDecoder.readSignedVarint64 (https://cdn.skypack.dev/-/google-protobuf@v3.21.2-YDUqZL2TTSsy2lGtfuND/dist=es2019,mode=imports/optimized/google-protobuf.js:4173:17)
    at jspb.BinaryReader.readEnum (https://cdn.skypack.dev/-/google-protobuf@v3.21.2-YDUqZL2TTSsy2lGtfuND/dist=es2019,mode=imports/optimized/google-protobuf.js:4630:26)
    at Function.deserialize (file:///Users/thesayyn/Documents/thesayyn/protoc-gen-ts/target/debug/build/protoc_gen_ts-8cec2bec66276c47/out/test_conformance/test_messages_proto2.ts:265:58)
    at file:///Users/thesayyn/Documents/thesayyn/protoc-gen-ts/tests/conformance/bin/main.ts:30:78

  protobuf_test_messages.proto3.TestAllTypesProto3 1
  Error: Failure: Decoder hit an error
    at Object.jspb.asserts.fail (https://cdn.skypack.dev/-/google-protobuf@v3.21.2-YDUqZL2TTSsy2lGtfuND/dist=es2019,mode=imports/optimized/google-protobuf.js:801:11)
    at jspb.BinaryReader.nextField (https://cdn.skypack.dev/-/google-protobuf@v3.21.2-YDUqZL2TTSsy2lGtfuND/dist=es2019,mode=imports/optimized/google-protobuf.js:4374:27)
    at Function.deserialize (file:///Users/thesayyn/Documents/thesayyn/protoc-gen-ts/target/debug/build/protoc_gen_ts-8cec2bec66276c47/out/test_conformance/test_messages_proto3.ts:169:18)
    at file:///Users/thesayyn/Documents/thesayyn/protoc-gen-ts/tests/conformance/bin/main.ts:23:78

  protobuf_test_messages.proto2.TestAllTypesProto2 1
  Error: Failure: Decoder hit an error
    at Object.jspb.asserts.fail (https://cdn.skypack.dev/-/google-protobuf@v3.21.2-YDUqZL2TTSsy2lGtfuND/dist=es2019,mode=imports/optimized/google-protobuf.js:801:11)
    at jspb.BinaryReader.nextField (https://cdn.skypack.dev/-/google-protobuf@v3.21.2-YDUqZL2TTSsy2lGtfuND/dist=es2019,mode=imports/optimized/google-protobuf.js:4374:27)
    at Function.deserialize (file:///Users/thesayyn/Documents/thesayyn/protoc-gen-ts/target/debug/build/protoc_gen_ts-8cec2bec66276c47/out/test_conformance/test_messages_proto2.ts:145:18)
    at file:///Users/thesayyn/Documents/thesayyn/protoc-gen-ts/tests/conformance/bin/main.ts:30:78

  protobuf_test_messages.proto3.TestAllTypesProto3 1
  Error: Assertion failed
    at Object.jspb.asserts.doAssertFailure (https://cdn.skypack.dev/-/google-protobuf@v3.21.2-YDUqZL2TTSsy2lGtfuND/dist=es2019,mode=imports/optimized/google-protobuf.js:778:11)
    at Object.jspb.asserts.assert (https://cdn.skypack.dev/-/google-protobuf@v3.21.2-YDUqZL2TTSsy2lGtfuND/dist=es2019,mode=imports/optimized/google-protobuf.js:783:23)
    at jspb.BinaryDecoder.readUnsignedVarint32 (https://cdn.skypack.dev/-/google-protobuf@v3.21.2-YDUqZL2TTSsy2lGtfuND/dist=es2019,mode=imports/optimized/google-protobuf.js:4150:18)
    at jspb.BinaryDecoder.readSignedVarint32 (https://cdn.skypack.dev/-/google-protobuf@v3.21.2-YDUqZL2TTSsy2lGtfuND/dist=es2019,mode=imports/optimized/google-protobuf.js:4154:19)
    at jspb.BinaryDecoder.readEnum (https://cdn.skypack.dev/-/google-protobuf@v3.21.2-YDUqZL2TTSsy2lGtfuND/dist=es2019,mode=imports/optimized/google-protobuf.js:4251:17)
    at jspb.BinaryReader.readPackedField_ (https://cdn.skypack.dev/-/google-protobuf@v3.21.2-YDUqZL2TTSsy2lGtfuND/dist=es2019,mode=imports/optimized/google-protobuf.js:4676:16)
    at jspb.BinaryReader.readPackedEnum (https://cdn.skypack.dev/-/google-protobuf@v3.21.2-YDUqZL2TTSsy2lGtfuND/dist=es2019,mode=imports/optimized/google-protobuf.js:4753:17)
    at Function.deserialize (file:///Users/thesayyn/Documents/thesayyn/protoc-gen-ts/target/debug/build/protoc_gen_ts-8cec2bec66276c47/out/test_conformance/test_messages_proto3.ts:305:83)
    at file:///Users/thesayyn/Documents/thesayyn/protoc-gen-ts/tests/conformance/bin/main.ts:23:78

  protobuf_test_messages.proto2.TestAllTypesProto2 1
  Error: Assertion failed
    at Object.jspb.asserts.doAssertFailure (https://cdn.skypack.dev/-/google-protobuf@v3.21.2-YDUqZL2TTSsy2lGtfuND/dist=es2019,mode=imports/optimized/google-protobuf.js:778:11)
    at Object.jspb.asserts.assert (https://cdn.skypack.dev/-/google-protobuf@v3.21.2-YDUqZL2TTSsy2lGtfuND/dist=es2019,mode=imports/optimized/google-protobuf.js:783:23)
    at jspb.BinaryReader.readEnum (https://cdn.skypack.dev/-/google-protobuf@v3.21.2-YDUqZL2TTSsy2lGtfuND/dist=es2019,mode=imports/optimized/google-protobuf.js:4629:18)
    at Function.deserialize (file:///Users/thesayyn/Documents/thesayyn/protoc-gen-ts/target/debug/build/protoc_gen_ts-8cec2bec66276c47/out/test_conformance/test_messages_proto2.ts:265:58)
    at file:///Users/thesayyn/Documents/thesayyn/protoc-gen-ts/tests/conformance/bin/main.ts:30:78

  protobuf_test_messages.proto3.TestAllTypesProto3 1
  Error: Assertion failed
    at Object.jspb.asserts.doAssertFailure (https://cdn.skypack.dev/-/google-protobuf@v3.21.2-YDUqZL2TTSsy2lGtfuND/dist=es2019,mode=imports/optimized/google-protobuf.js:778:11)
    at Object.jspb.asserts.assert (https://cdn.skypack.dev/-/google-protobuf@v3.21.2-YDUqZL2TTSsy2lGtfuND/dist=es2019,mode=imports/optimized/google-protobuf.js:783:23)
    at jspb.BinaryDecoder.readUnsignedVarint32 (https://cdn.skypack.dev/-/google-protobuf@v3.21.2-YDUqZL2TTSsy2lGtfuND/dist=es2019,mode=imports/optimized/google-protobuf.js:4150:18)
    at jspb.BinaryDecoder.readSignedVarint32 (https://cdn.skypack.dev/-/google-protobuf@v3.21.2-YDUqZL2TTSsy2lGtfuND/dist=es2019,mode=imports/optimized/google-protobuf.js:4154:19)
    at jspb.BinaryDecoder.readEnum (https://cdn.skypack.dev/-/google-protobuf@v3.21.2-YDUqZL2TTSsy2lGtfuND/dist=es2019,mode=imports/optimized/google-protobuf.js:4251:17)
    at jspb.BinaryReader.readPackedField_ (https://cdn.skypack.dev/-/google-protobuf@v3.21.2-YDUqZL2TTSsy2lGtfuND/dist=es2019,mode=imports/optimized/google-protobuf.js:4676:16)
    at jspb.BinaryReader.readPackedEnum (https://cdn.skypack.dev/-/google-protobuf@v3.21.2-YDUqZL2TTSsy2lGtfuND/dist=es2019,mode=imports/optimized/google-protobuf.js:4753:17)
    at Function.deserialize (file:///Users/thesayyn/Documents/thesayyn/protoc-gen-ts/target/debug/build/protoc_gen_ts-8cec2bec66276c47/out/test_conformance/test_messages_proto3.ts:305:83)
    at file:///Users/thesayyn/Documents/thesayyn/protoc-gen-ts/tests/conformance/bin/main.ts:23:78

  protobuf_test_messages.proto2.TestAllTypesProto2 1
  Error: Assertion failed
    at Object.jspb.asserts.doAssertFailure (https://cdn.skypack.dev/-/google-protobuf@v3.21.2-YDUqZL2TTSsy2lGtfuND/dist=es2019,mode=imports/optimized/google-protobuf.js:778:11)
    at Object.jspb.asserts.assert (https://cdn.skypack.dev/-/google-protobuf@v3.21.2-YDUqZL2TTSsy2lGtfuND/dist=es2019,mode=imports/optimized/google-protobuf.js:783:23)
    at jspb.BinaryReader.readEnum (https://cdn.skypack.dev/-/google-protobuf@v3.21.2-YDUqZL2TTSsy2lGtfuND/dist=es2019,mode=imports/optimized/google-protobuf.js:4629:18)
    at Function.deserialize (file:///Users/thesayyn/Documents/thesayyn/protoc-gen-ts/target/debug/build/protoc_gen_ts-8cec2bec66276c47/out/test_conformance/test_messages_proto2.ts:265:58)
    at file:///Users/thesayyn/Documents/thesayyn/protoc-gen-ts/tests/conformance/bin/main.ts:30:78

  protobuf_test_messages.proto3.TestAllTypesProto3 1
  Error: Assertion failed
    at Object.jspb.asserts.doAssertFailure (https://cdn.skypack.dev/-/google-protobuf@v3.21.2-YDUqZL2TTSsy2lGtfuND/dist=es2019,mode=imports/optimized/google-protobuf.js:778:11)
    at Object.jspb.asserts.assert (https://cdn.skypack.dev/-/google-protobuf@v3.21.2-YDUqZL2TTSsy2lGtfuND/dist=es2019,mode=imports/optimized/google-protobuf.js:783:23)
    at jspb.BinaryDecoder.readInt32 (https://cdn.skypack.dev/-/google-protobuf@v3.21.2-YDUqZL2TTSsy2lGtfuND/dist=es2019,mode=imports/optimized/google-protobuf.js:4228:18)
    at jspb.BinaryReader.readSfixed32 (https://cdn.skypack.dev/-/google-protobuf@v3.21.2-YDUqZL2TTSsy2lGtfuND/dist=es2019,mode=imports/optimized/google-protobuf.js:4597:26)
    at Function.deserialize (file:///Users/thesayyn/Documents/thesayyn/protoc-gen-ts/target/debug/build/protoc_gen_ts-8cec2bec66276c47/out/test_conformance/test_messages_proto3.ts:196:52)
    at file:///Users/thesayyn/Documents/thesayyn/protoc-gen-ts/tests/conformance/bin/main.ts:23:78

  protobuf_test_messages.proto2.TestAllTypesProto2 1
  Error: Assertion failed
    at Object.jspb.asserts.doAssertFailure (https://cdn.skypack.dev/-/google-protobuf@v3.21.2-YDUqZL2TTSsy2lGtfuND/dist=es2019,mode=imports/optimized/google-protobuf.js:778:11)
    at Object.jspb.asserts.assert (https://cdn.skypack.dev/-/google-protobuf@v3.21.2-YDUqZL2TTSsy2lGtfuND/dist=es2019,mode=imports/optimized/google-protobuf.js:783:23)
    at jspb.BinaryDecoder.readInt32 (https://cdn.skypack.dev/-/google-protobuf@v3.21.2-YDUqZL2TTSsy2lGtfuND/dist=es2019,mode=imports/optimized/google-protobuf.js:4228:18)
    at jspb.BinaryReader.readSfixed32 (https://cdn.skypack.dev/-/google-protobuf@v3.21.2-YDUqZL2TTSsy2lGtfuND/dist=es2019,mode=imports/optimized/google-protobuf.js:4597:26)
    at Function.deserialize (file:///Users/thesayyn/Documents/thesayyn/protoc-gen-ts/target/debug/build/protoc_gen_ts-8cec2bec66276c47/out/test_conformance/test_messages_proto2.ts:172:52)
    at file:///Users/thesayyn/Documents/thesayyn/protoc-gen-ts/tests/conformance/bin/main.ts:30:78

  protobuf_test_messages.proto3.TestAllTypesProto3 1
  Error: Assertion failed
    at Object.jspb.asserts.doAssertFailure (https://cdn.skypack.dev/-/google-protobuf@v3.21.2-YDUqZL2TTSsy2lGtfuND/dist=es2019,mode=imports/optimized/google-protobuf.js:778:11)
    at Object.jspb.asserts.assert (https://cdn.skypack.dev/-/google-protobuf@v3.21.2-YDUqZL2TTSsy2lGtfuND/dist=es2019,mode=imports/optimized/google-protobuf.js:783:23)
    at jspb.BinaryDecoder.readInt32 (https://cdn.skypack.dev/-/google-protobuf@v3.21.2-YDUqZL2TTSsy2lGtfuND/dist=es2019,mode=imports/optimized/google-protobuf.js:4228:18)
    at jspb.BinaryReader.readSfixed32 (https://cdn.skypack.dev/-/google-protobuf@v3.21.2-YDUqZL2TTSsy2lGtfuND/dist=es2019,mode=imports/optimized/google-protobuf.js:4597:26)
    at Function.deserialize (file:///Users/thesayyn/Documents/thesayyn/protoc-gen-ts/target/debug/build/protoc_gen_ts-8cec2bec66276c47/out/test_conformance/test_messages_proto3.ts:274:60)
    at file:///Users/thesayyn/Documents/thesayyn/protoc-gen-ts/tests/conformance/bin/main.ts:23:78

  protobuf_test_messages.proto2.TestAllTypesProto2 1
  Error: Assertion failed
    at Object.jspb.asserts.doAssertFailure (https://cdn.skypack.dev/-/google-protobuf@v3.21.2-YDUqZL2TTSsy2lGtfuND/dist=es2019,mode=imports/optimized/google-protobuf.js:778:11)
    at Object.jspb.asserts.assert (https://cdn.skypack.dev/-/google-protobuf@v3.21.2-YDUqZL2TTSsy2lGtfuND/dist=es2019,mode=imports/optimized/google-protobuf.js:783:23)
    at jspb.BinaryDecoder.readInt32 (https://cdn.skypack.dev/-/google-protobuf@v3.21.2-YDUqZL2TTSsy2lGtfuND/dist=es2019,mode=imports/optimized/google-protobuf.js:4228:18)
    at jspb.BinaryReader.readSfixed32 (https://cdn.skypack.dev/-/google-protobuf@v3.21.2-YDUqZL2TTSsy2lGtfuND/dist=es2019,mode=imports/optimized/google-protobuf.js:4597:26)
    at Function.deserialize (file:///Users/thesayyn/Documents/thesayyn/protoc-gen-ts/target/debug/build/protoc_gen_ts-8cec2bec66276c47/out/test_conformance/test_messages_proto2.ts:238:55)
    at file:///Users/thesayyn/Documents/thesayyn/protoc-gen-ts/tests/conformance/bin/main.ts:30:78

  protobuf_test_messages.proto3.TestAllTypesProto3 1
  Error: Assertion failed
    at Object.jspb.asserts.doAssertFailure (https://cdn.skypack.dev/-/google-protobuf@v3.21.2-YDUqZL2TTSsy2lGtfuND/dist=es2019,mode=imports/optimized/google-protobuf.js:778:11)
    at Object.jspb.asserts.assert (https://cdn.skypack.dev/-/google-protobuf@v3.21.2-YDUqZL2TTSsy2lGtfuND/dist=es2019,mode=imports/optimized/google-protobuf.js:783:23)
    at jspb.BinaryDecoder.advance (https://cdn.skypack.dev/-/google-protobuf@v3.21.2-YDUqZL2TTSsy2lGtfuND/dist=es2019,mode=imports/optimized/google-protobuf.js:4081:18)
    at jspb.BinaryReader.skipFixed32Field (https://cdn.skypack.dev/-/google-protobuf@v3.21.2-YDUqZL2TTSsy2lGtfuND/dist=es2019,mode=imports/optimized/google-protobuf.js:4406:163)
    at jspb.BinaryReader.skipField (https://cdn.skypack.dev/-/google-protobuf@v3.21.2-YDUqZL2TTSsy2lGtfuND/dist=es2019,mode=imports/optimized/google-protobuf.js:4438:14)
    at Function.deserialize (file:///Users/thesayyn/Documents/thesayyn/protoc-gen-ts/target/debug/build/protoc_gen_ts-8cec2bec66276c47/out/test_conformance/test_messages_proto3.ts:958:24)
    at file:///Users/thesayyn/Documents/thesayyn/protoc-gen-ts/tests/conformance/bin/main.ts:23:78

  protobuf_test_messages.proto2.TestAllTypesProto2 1
  Error: Assertion failed
    at Object.jspb.asserts.doAssertFailure (https://cdn.skypack.dev/-/google-protobuf@v3.21.2-YDUqZL2TTSsy2lGtfuND/dist=es2019,mode=imports/optimized/google-protobuf.js:778:11)
    at Object.jspb.asserts.assert (https://cdn.skypack.dev/-/google-protobuf@v3.21.2-YDUqZL2TTSsy2lGtfuND/dist=es2019,mode=imports/optimized/google-protobuf.js:783:23)
    at jspb.BinaryDecoder.advance (https://cdn.skypack.dev/-/google-protobuf@v3.21.2-YDUqZL2TTSsy2lGtfuND/dist=es2019,mode=imports/optimized/google-protobuf.js:4081:18)
    at jspb.BinaryReader.skipFixed32Field (https://cdn.skypack.dev/-/google-protobuf@v3.21.2-YDUqZL2TTSsy2lGtfuND/dist=es2019,mode=imports/optimized/google-protobuf.js:4406:163)
    at jspb.BinaryReader.skipField (https://cdn.skypack.dev/-/google-protobuf@v3.21.2-YDUqZL2TTSsy2lGtfuND/dist=es2019,mode=imports/optimized/google-protobuf.js:4438:14)
    at Function.deserialize (file:///Users/thesayyn/Documents/thesayyn/protoc-gen-ts/target/debug/build/protoc_gen_ts-8cec2bec66276c47/out/test_conformance/test_messages_proto2.ts:865:24)
    at file:///Users/thesayyn/Documents/thesayyn/protoc-gen-ts/tests/conformance/bin/main.ts:30:78

  protobuf_test_messages.proto3.TestAllTypesProto3 1
  Error: Assertion failed
    at Object.jspb.asserts.doAssertFailure (https://cdn.skypack.dev/-/google-protobuf@v3.21.2-YDUqZL2TTSsy2lGtfuND/dist=es2019,mode=imports/optimized/google-protobuf.js:778:11)
    at Object.jspb.asserts.assert (https://cdn.skypack.dev/-/google-protobuf@v3.21.2-YDUqZL2TTSsy2lGtfuND/dist=es2019,mode=imports/optimized/google-protobuf.js:783:23)
    at jspb.BinaryDecoder.readInt32 (https://cdn.skypack.dev/-/google-protobuf@v3.21.2-YDUqZL2TTSsy2lGtfuND/dist=es2019,mode=imports/optimized/google-protobuf.js:4228:18)
    at jspb.BinaryReader.readSfixed32 (https://cdn.skypack.dev/-/google-protobuf@v3.21.2-YDUqZL2TTSsy2lGtfuND/dist=es2019,mode=imports/optimized/google-protobuf.js:4597:26)
    at Function.deserialize (file:///Users/thesayyn/Documents/thesayyn/protoc-gen-ts/target/debug/build/protoc_gen_ts-8cec2bec66276c47/out/test_conformance/test_messages_proto3.ts:196:52)
    at file:///Users/thesayyn/Documents/thesayyn/protoc-gen-ts/tests/conformance/bin/main.ts:23:78

  protobuf_test_messages.proto2.TestAllTypesProto2 1
  Error: Assertion failed
    at Object.jspb.asserts.doAssertFailure (https://cdn.skypack.dev/-/google-protobuf@v3.21.2-YDUqZL2TTSsy2lGtfuND/dist=es2019,mode=imports/optimized/google-protobuf.js:778:11)
    at Object.jspb.asserts.assert (https://cdn.skypack.dev/-/google-protobuf@v3.21.2-YDUqZL2TTSsy2lGtfuND/dist=es2019,mode=imports/optimized/google-protobuf.js:783:23)
    at jspb.BinaryDecoder.readInt32 (https://cdn.skypack.dev/-/google-protobuf@v3.21.2-YDUqZL2TTSsy2lGtfuND/dist=es2019,mode=imports/optimized/google-protobuf.js:4228:18)
    at jspb.BinaryReader.readSfixed32 (https://cdn.skypack.dev/-/google-protobuf@v3.21.2-YDUqZL2TTSsy2lGtfuND/dist=es2019,mode=imports/optimized/google-protobuf.js:4597:26)
    at Function.deserialize (file:///Users/thesayyn/Documents/thesayyn/protoc-gen-ts/target/debug/build/protoc_gen_ts-8cec2bec66276c47/out/test_conformance/test_messages_proto2.ts:172:52)
    at file:///Users/thesayyn/Documents/thesayyn/protoc-gen-ts/tests/conformance/bin/main.ts:30:78

  protobuf_test_messages.proto3.TestAllTypesProto3 1
  Error: Assertion failed
    at Object.jspb.asserts.doAssertFailure (https://cdn.skypack.dev/-/google-protobuf@v3.21.2-YDUqZL2TTSsy2lGtfuND/dist=es2019,mode=imports/optimized/google-protobuf.js:778:11)
    at Object.jspb.asserts.assert (https://cdn.skypack.dev/-/google-protobuf@v3.21.2-YDUqZL2TTSsy2lGtfuND/dist=es2019,mode=imports/optimized/google-protobuf.js:783:23)
    at jspb.BinaryDecoder.readInt32 (https://cdn.skypack.dev/-/google-protobuf@v3.21.2-YDUqZL2TTSsy2lGtfuND/dist=es2019,mode=imports/optimized/google-protobuf.js:4228:18)
    at jspb.BinaryReader.readSfixed32 (https://cdn.skypack.dev/-/google-protobuf@v3.21.2-YDUqZL2TTSsy2lGtfuND/dist=es2019,mode=imports/optimized/google-protobuf.js:4597:26)
    at Function.deserialize (file:///Users/thesayyn/Documents/thesayyn/protoc-gen-ts/target/debug/build/protoc_gen_ts-8cec2bec66276c47/out/test_conformance/test_messages_proto3.ts:274:60)
    at file:///Users/thesayyn/Documents/thesayyn/protoc-gen-ts/tests/conformance/bin/main.ts:23:78

  protobuf_test_messages.proto2.TestAllTypesProto2 1
  Error: Assertion failed
    at Object.jspb.asserts.doAssertFailure (https://cdn.skypack.dev/-/google-protobuf@v3.21.2-YDUqZL2TTSsy2lGtfuND/dist=es2019,mode=imports/optimized/google-protobuf.js:778:11)
    at Object.jspb.asserts.assert (https://cdn.skypack.dev/-/google-protobuf@v3.21.2-YDUqZL2TTSsy2lGtfuND/dist=es2019,mode=imports/optimized/google-protobuf.js:783:23)
    at jspb.BinaryDecoder.readInt32 (https://cdn.skypack.dev/-/google-protobuf@v3.21.2-YDUqZL2TTSsy2lGtfuND/dist=es2019,mode=imports/optimized/google-protobuf.js:4228:18)
    at jspb.BinaryReader.readSfixed32 (https://cdn.skypack.dev/-/google-protobuf@v3.21.2-YDUqZL2TTSsy2lGtfuND/dist=es2019,mode=imports/optimized/google-protobuf.js:4597:26)
    at Function.deserialize (file:///Users/thesayyn/Documents/thesayyn/protoc-gen-ts/target/debug/build/protoc_gen_ts-8cec2bec66276c47/out/test_conformance/test_messages_proto2.ts:238:55)
    at file:///Users/thesayyn/Documents/thesayyn/protoc-gen-ts/tests/conformance/bin/main.ts:30:78

  protobuf_test_messages.proto3.TestAllTypesProto3 1
  Error: Assertion failed
    at Object.jspb.asserts.doAssertFailure (https://cdn.skypack.dev/-/google-protobuf@v3.21.2-YDUqZL2TTSsy2lGtfuND/dist=es2019,mode=imports/optimized/google-protobuf.js:778:11)
    at Object.jspb.asserts.assert (https://cdn.skypack.dev/-/google-protobuf@v3.21.2-YDUqZL2TTSsy2lGtfuND/dist=es2019,mode=imports/optimized/google-protobuf.js:783:23)
    at jspb.BinaryDecoder.advance (https://cdn.skypack.dev/-/google-protobuf@v3.21.2-YDUqZL2TTSsy2lGtfuND/dist=es2019,mode=imports/optimized/google-protobuf.js:4081:18)
    at jspb.BinaryReader.skipFixed32Field (https://cdn.skypack.dev/-/google-protobuf@v3.21.2-YDUqZL2TTSsy2lGtfuND/dist=es2019,mode=imports/optimized/google-protobuf.js:4406:163)
    at jspb.BinaryReader.skipField (https://cdn.skypack.dev/-/google-protobuf@v3.21.2-YDUqZL2TTSsy2lGtfuND/dist=es2019,mode=imports/optimized/google-protobuf.js:4438:14)
    at Function.deserialize (file:///Users/thesayyn/Documents/thesayyn/protoc-gen-ts/target/debug/build/protoc_gen_ts-8cec2bec66276c47/out/test_conformance/test_messages_proto3.ts:958:24)
    at file:///Users/thesayyn/Documents/thesayyn/protoc-gen-ts/tests/conformance/bin/main.ts:23:78

  protobuf_test_messages.proto2.TestAllTypesProto2 1
  Error: Assertion failed
    at Object.jspb.asserts.doAssertFailure (https://cdn.skypack.dev/-/google-protobuf@v3.21.2-YDUqZL2TTSsy2lGtfuND/dist=es2019,mode=imports/optimized/google-protobuf.js:778:11)
    at Object.jspb.asserts.assert (https://cdn.skypack.dev/-/google-protobuf@v3.21.2-YDUqZL2TTSsy2lGtfuND/dist=es2019,mode=imports/optimized/google-protobuf.js:783:23)
    at jspb.BinaryDecoder.advance (https://cdn.skypack.dev/-/google-protobuf@v3.21.2-YDUqZL2TTSsy2lGtfuND/dist=es2019,mode=imports/optimized/google-protobuf.js:4081:18)
    at jspb.BinaryReader.skipFixed32Field (https://cdn.skypack.dev/-/google-protobuf@v3.21.2-YDUqZL2TTSsy2lGtfuND/dist=es2019,mode=imports/optimized/google-protobuf.js:4406:163)
    at jspb.BinaryReader.skipField (https://cdn.skypack.dev/-/google-protobuf@v3.21.2-YDUqZL2TTSsy2lGtfuND/dist=es2019,mode=imports/optimized/google-protobuf.js:4438:14)
    at Function.deserialize (file:///Users/thesayyn/Documents/thesayyn/protoc-gen-ts/target/debug/build/protoc_gen_ts-8cec2bec66276c47/out/test_conformance/test_messages_proto2.ts:865:24)
    at file:///Users/thesayyn/Documents/thesayyn/protoc-gen-ts/tests/conformance/bin/main.ts:30:78

  protobuf_test_messages.proto3.TestAllTypesProto3 1
  Error: Assertion failed
    at Object.jspb.asserts.doAssertFailure (https://cdn.skypack.dev/-/google-protobuf@v3.21.2-YDUqZL2TTSsy2lGtfuND/dist=es2019,mode=imports/optimized/google-protobuf.js:778:11)
    at Object.jspb.asserts.assert (https://cdn.skypack.dev/-/google-protobuf@v3.21.2-YDUqZL2TTSsy2lGtfuND/dist=es2019,mode=imports/optimized/google-protobuf.js:783:23)
    at jspb.BinaryDecoder.readInt32 (https://cdn.skypack.dev/-/google-protobuf@v3.21.2-YDUqZL2TTSsy2lGtfuND/dist=es2019,mode=imports/optimized/google-protobuf.js:4228:18)
    at jspb.BinaryReader.readPackedField_ (https://cdn.skypack.dev/-/google-protobuf@v3.21.2-YDUqZL2TTSsy2lGtfuND/dist=es2019,mode=imports/optimized/google-protobuf.js:4676:16)
    at jspb.BinaryReader.readPackedSfixed32 (https://cdn.skypack.dev/-/google-protobuf@v3.21.2-YDUqZL2TTSsy2lGtfuND/dist=es2019,mode=imports/optimized/google-protobuf.js:4730:17)
    at Function.deserialize (file:///Users/thesayyn/Documents/thesayyn/protoc-gen-ts/target/debug/build/protoc_gen_ts-8cec2bec66276c47/out/test_conformance/test_messages_proto3.ts:273:80)
    at file:///Users/thesayyn/Documents/thesayyn/protoc-gen-ts/tests/conformance/bin/main.ts:23:78

  protobuf_test_messages.proto2.TestAllTypesProto2 1
  Error: Assertion failed
    at Object.jspb.asserts.doAssertFailure (https://cdn.skypack.dev/-/google-protobuf@v3.21.2-YDUqZL2TTSsy2lGtfuND/dist=es2019,mode=imports/optimized/google-protobuf.js:778:11)
    at Object.jspb.asserts.assert (https://cdn.skypack.dev/-/google-protobuf@v3.21.2-YDUqZL2TTSsy2lGtfuND/dist=es2019,mode=imports/optimized/google-protobuf.js:783:23)
    at jspb.BinaryReader.readSfixed32 (https://cdn.skypack.dev/-/google-protobuf@v3.21.2-YDUqZL2TTSsy2lGtfuND/dist=es2019,mode=imports/optimized/google-protobuf.js:4596:18)
    at Function.deserialize (file:///Users/thesayyn/Documents/thesayyn/protoc-gen-ts/target/debug/build/protoc_gen_ts-8cec2bec66276c47/out/test_conformance/test_messages_proto2.ts:238:55)
    at file:///Users/thesayyn/Documents/thesayyn/protoc-gen-ts/tests/conformance/bin/main.ts:30:78

  protobuf_test_messages.proto3.TestAllTypesProto3 1
  Error: Assertion failed
    at Object.jspb.asserts.doAssertFailure (https://cdn.skypack.dev/-/google-protobuf@v3.21.2-YDUqZL2TTSsy2lGtfuND/dist=es2019,mode=imports/optimized/google-protobuf.js:778:11)
    at Object.jspb.asserts.assert (https://cdn.skypack.dev/-/google-protobuf@v3.21.2-YDUqZL2TTSsy2lGtfuND/dist=es2019,mode=imports/optimized/google-protobuf.js:783:23)
    at jspb.BinaryDecoder.readInt32 (https://cdn.skypack.dev/-/google-protobuf@v3.21.2-YDUqZL2TTSsy2lGtfuND/dist=es2019,mode=imports/optimized/google-protobuf.js:4228:18)
    at jspb.BinaryReader.readPackedField_ (https://cdn.skypack.dev/-/google-protobuf@v3.21.2-YDUqZL2TTSsy2lGtfuND/dist=es2019,mode=imports/optimized/google-protobuf.js:4676:16)
    at jspb.BinaryReader.readPackedSfixed32 (https://cdn.skypack.dev/-/google-protobuf@v3.21.2-YDUqZL2TTSsy2lGtfuND/dist=es2019,mode=imports/optimized/google-protobuf.js:4730:17)
    at Function.deserialize (file:///Users/thesayyn/Documents/thesayyn/protoc-gen-ts/target/debug/build/protoc_gen_ts-8cec2bec66276c47/out/test_conformance/test_messages_proto3.ts:273:80)
    at file:///Users/thesayyn/Documents/thesayyn/protoc-gen-ts/tests/conformance/bin/main.ts:23:78

  protobuf_test_messages.proto2.TestAllTypesProto2 1
  Error: Assertion failed
    at Object.jspb.asserts.doAssertFailure (https://cdn.skypack.dev/-/google-protobuf@v3.21.2-YDUqZL2TTSsy2lGtfuND/dist=es2019,mode=imports/optimized/google-protobuf.js:778:11)
    at Object.jspb.asserts.assert (https://cdn.skypack.dev/-/google-protobuf@v3.21.2-YDUqZL2TTSsy2lGtfuND/dist=es2019,mode=imports/optimized/google-protobuf.js:783:23)
    at jspb.BinaryReader.readSfixed32 (https://cdn.skypack.dev/-/google-protobuf@v3.21.2-YDUqZL2TTSsy2lGtfuND/dist=es2019,mode=imports/optimized/google-protobuf.js:4596:18)
    at Function.deserialize (file:///Users/thesayyn/Documents/thesayyn/protoc-gen-ts/target/debug/build/protoc_gen_ts-8cec2bec66276c47/out/test_conformance/test_messages_proto2.ts:238:55)
    at file:///Users/thesayyn/Documents/thesayyn/protoc-gen-ts/tests/conformance/bin/main.ts:30:78

  protobuf_test_messages.proto3.TestAllTypesProto3 1
  Error: Assertion failed
    at Object.jspb.asserts.doAssertFailure (https://cdn.skypack.dev/-/google-protobuf@v3.21.2-YDUqZL2TTSsy2lGtfuND/dist=es2019,mode=imports/optimized/google-protobuf.js:778:11)
    at Object.jspb.asserts.assert (https://cdn.skypack.dev/-/google-protobuf@v3.21.2-YDUqZL2TTSsy2lGtfuND/dist=es2019,mode=imports/optimized/google-protobuf.js:783:23)
    at jspb.BinaryDecoder.readUint32 (https://cdn.skypack.dev/-/google-protobuf@v3.21.2-YDUqZL2TTSsy2lGtfuND/dist=es2019,mode=imports/optimized/google-protobuf.js:4202:18)
    at jspb.BinaryDecoder.readInt64 (https://cdn.skypack.dev/-/google-protobuf@v3.21.2-YDUqZL2TTSsy2lGtfuND/dist=es2019,mode=imports/optimized/google-protobuf.js:4232:18)
    at jspb.BinaryReader.readSfixed64 (https://cdn.skypack.dev/-/google-protobuf@v3.21.2-YDUqZL2TTSsy2lGtfuND/dist=es2019,mode=imports/optimized/google-protobuf.js:4606:26)
    at Function.deserialize (file:///Users/thesayyn/Documents/thesayyn/protoc-gen-ts/target/debug/build/protoc_gen_ts-8cec2bec66276c47/out/test_conformance/test_messages_proto3.ts:199:52)
    at file:///Users/thesayyn/Documents/thesayyn/protoc-gen-ts/tests/conformance/bin/main.ts:23:78

  protobuf_test_messages.proto2.TestAllTypesProto2 1
  Error: Assertion failed
    at Object.jspb.asserts.doAssertFailure (https://cdn.skypack.dev/-/google-protobuf@v3.21.2-YDUqZL2TTSsy2lGtfuND/dist=es2019,mode=imports/optimized/google-protobuf.js:778:11)
    at Object.jspb.asserts.assert (https://cdn.skypack.dev/-/google-protobuf@v3.21.2-YDUqZL2TTSsy2lGtfuND/dist=es2019,mode=imports/optimized/google-protobuf.js:783:23)
    at jspb.BinaryDecoder.readUint32 (https://cdn.skypack.dev/-/google-protobuf@v3.21.2-YDUqZL2TTSsy2lGtfuND/dist=es2019,mode=imports/optimized/google-protobuf.js:4202:18)
    at jspb.BinaryDecoder.readInt64 (https://cdn.skypack.dev/-/google-protobuf@v3.21.2-YDUqZL2TTSsy2lGtfuND/dist=es2019,mode=imports/optimized/google-protobuf.js:4232:18)
    at jspb.BinaryReader.readSfixed64 (https://cdn.skypack.dev/-/google-protobuf@v3.21.2-YDUqZL2TTSsy2lGtfuND/dist=es2019,mode=imports/optimized/google-protobuf.js:4606:26)
    at Function.deserialize (file:///Users/thesayyn/Documents/thesayyn/protoc-gen-ts/target/debug/build/protoc_gen_ts-8cec2bec66276c47/out/test_conformance/test_messages_proto2.ts:175:52)
    at file:///Users/thesayyn/Documents/thesayyn/protoc-gen-ts/tests/conformance/bin/main.ts:30:78

  protobuf_test_messages.proto3.TestAllTypesProto3 1
  Error: Assertion failed
    at Object.jspb.asserts.doAssertFailure (https://cdn.skypack.dev/-/google-protobuf@v3.21.2-YDUqZL2TTSsy2lGtfuND/dist=es2019,mode=imports/optimized/google-protobuf.js:778:11)
    at Object.jspb.asserts.assert (https://cdn.skypack.dev/-/google-protobuf@v3.21.2-YDUqZL2TTSsy2lGtfuND/dist=es2019,mode=imports/optimized/google-protobuf.js:783:23)
    at jspb.BinaryDecoder.readUint32 (https://cdn.skypack.dev/-/google-protobuf@v3.21.2-YDUqZL2TTSsy2lGtfuND/dist=es2019,mode=imports/optimized/google-protobuf.js:4202:18)
    at jspb.BinaryDecoder.readInt64 (https://cdn.skypack.dev/-/google-protobuf@v3.21.2-YDUqZL2TTSsy2lGtfuND/dist=es2019,mode=imports/optimized/google-protobuf.js:4232:18)
    at jspb.BinaryReader.readSfixed64 (https://cdn.skypack.dev/-/google-protobuf@v3.21.2-YDUqZL2TTSsy2lGtfuND/dist=es2019,mode=imports/optimized/google-protobuf.js:4606:26)
    at Function.deserialize (file:///Users/thesayyn/Documents/thesayyn/protoc-gen-ts/target/debug/build/protoc_gen_ts-8cec2bec66276c47/out/test_conformance/test_messages_proto3.ts:278:60)
    at file:///Users/thesayyn/Documents/thesayyn/protoc-gen-ts/tests/conformance/bin/main.ts:23:78

  protobuf_test_messages.proto2.TestAllTypesProto2 1
  Error: Assertion failed
    at Object.jspb.asserts.doAssertFailure (https://cdn.skypack.dev/-/google-protobuf@v3.21.2-YDUqZL2TTSsy2lGtfuND/dist=es2019,mode=imports/optimized/google-protobuf.js:778:11)
    at Object.jspb.asserts.assert (https://cdn.skypack.dev/-/google-protobuf@v3.21.2-YDUqZL2TTSsy2lGtfuND/dist=es2019,mode=imports/optimized/google-protobuf.js:783:23)
    at jspb.BinaryDecoder.readUint32 (https://cdn.skypack.dev/-/google-protobuf@v3.21.2-YDUqZL2TTSsy2lGtfuND/dist=es2019,mode=imports/optimized/google-protobuf.js:4202:18)
    at jspb.BinaryDecoder.readInt64 (https://cdn.skypack.dev/-/google-protobuf@v3.21.2-YDUqZL2TTSsy2lGtfuND/dist=es2019,mode=imports/optimized/google-protobuf.js:4232:18)
    at jspb.BinaryReader.readSfixed64 (https://cdn.skypack.dev/-/google-protobuf@v3.21.2-YDUqZL2TTSsy2lGtfuND/dist=es2019,mode=imports/optimized/google-protobuf.js:4606:26)
    at Function.deserialize (file:///Users/thesayyn/Documents/thesayyn/protoc-gen-ts/target/debug/build/protoc_gen_ts-8cec2bec66276c47/out/test_conformance/test_messages_proto2.ts:241:55)
    at file:///Users/thesayyn/Documents/thesayyn/protoc-gen-ts/tests/conformance/bin/main.ts:30:78

  protobuf_test_messages.proto3.TestAllTypesProto3 1
  Error: Assertion failed
    at Object.jspb.asserts.doAssertFailure (https://cdn.skypack.dev/-/google-protobuf@v3.21.2-YDUqZL2TTSsy2lGtfuND/dist=es2019,mode=imports/optimized/google-protobuf.js:778:11)
    at Object.jspb.asserts.assert (https://cdn.skypack.dev/-/google-protobuf@v3.21.2-YDUqZL2TTSsy2lGtfuND/dist=es2019,mode=imports/optimized/google-protobuf.js:783:23)
    at jspb.BinaryDecoder.advance (https://cdn.skypack.dev/-/google-protobuf@v3.21.2-YDUqZL2TTSsy2lGtfuND/dist=es2019,mode=imports/optimized/google-protobuf.js:4081:18)
    at jspb.BinaryReader.skipFixed64Field (https://cdn.skypack.dev/-/google-protobuf@v3.21.2-YDUqZL2TTSsy2lGtfuND/dist=es2019,mode=imports/optimized/google-protobuf.js:4409:163)
    at jspb.BinaryReader.skipField (https://cdn.skypack.dev/-/google-protobuf@v3.21.2-YDUqZL2TTSsy2lGtfuND/dist=es2019,mode=imports/optimized/google-protobuf.js:4432:14)
    at Function.deserialize (file:///Users/thesayyn/Documents/thesayyn/protoc-gen-ts/target/debug/build/protoc_gen_ts-8cec2bec66276c47/out/test_conformance/test_messages_proto3.ts:958:24)
    at file:///Users/thesayyn/Documents/thesayyn/protoc-gen-ts/tests/conformance/bin/main.ts:23:78

  protobuf_test_messages.proto2.TestAllTypesProto2 1
  Error: Assertion failed
    at Object.jspb.asserts.doAssertFailure (https://cdn.skypack.dev/-/google-protobuf@v3.21.2-YDUqZL2TTSsy2lGtfuND/dist=es2019,mode=imports/optimized/google-protobuf.js:778:11)
    at Object.jspb.asserts.assert (https://cdn.skypack.dev/-/google-protobuf@v3.21.2-YDUqZL2TTSsy2lGtfuND/dist=es2019,mode=imports/optimized/google-protobuf.js:783:23)
    at jspb.BinaryDecoder.advance (https://cdn.skypack.dev/-/google-protobuf@v3.21.2-YDUqZL2TTSsy2lGtfuND/dist=es2019,mode=imports/optimized/google-protobuf.js:4081:18)
    at jspb.BinaryReader.skipFixed64Field (https://cdn.skypack.dev/-/google-protobuf@v3.21.2-YDUqZL2TTSsy2lGtfuND/dist=es2019,mode=imports/optimized/google-protobuf.js:4409:163)
    at jspb.BinaryReader.skipField (https://cdn.skypack.dev/-/google-protobuf@v3.21.2-YDUqZL2TTSsy2lGtfuND/dist=es2019,mode=imports/optimized/google-protobuf.js:4432:14)
    at Function.deserialize (file:///Users/thesayyn/Documents/thesayyn/protoc-gen-ts/target/debug/build/protoc_gen_ts-8cec2bec66276c47/out/test_conformance/test_messages_proto2.ts:865:24)
    at file:///Users/thesayyn/Documents/thesayyn/protoc-gen-ts/tests/conformance/bin/main.ts:30:78

  protobuf_test_messages.proto3.TestAllTypesProto3 1
  Error: Assertion failed
    at Object.jspb.asserts.doAssertFailure (https://cdn.skypack.dev/-/google-protobuf@v3.21.2-YDUqZL2TTSsy2lGtfuND/dist=es2019,mode=imports/optimized/google-protobuf.js:778:11)
    at Object.jspb.asserts.assert (https://cdn.skypack.dev/-/google-protobuf@v3.21.2-YDUqZL2TTSsy2lGtfuND/dist=es2019,mode=imports/optimized/google-protobuf.js:783:23)
    at jspb.BinaryDecoder.readUint32 (https://cdn.skypack.dev/-/google-protobuf@v3.21.2-YDUqZL2TTSsy2lGtfuND/dist=es2019,mode=imports/optimized/google-protobuf.js:4202:18)
    at jspb.BinaryDecoder.readInt64 (https://cdn.skypack.dev/-/google-protobuf@v3.21.2-YDUqZL2TTSsy2lGtfuND/dist=es2019,mode=imports/optimized/google-protobuf.js:4232:41)
    at jspb.BinaryReader.readSfixed64 (https://cdn.skypack.dev/-/google-protobuf@v3.21.2-YDUqZL2TTSsy2lGtfuND/dist=es2019,mode=imports/optimized/google-protobuf.js:4606:26)
    at Function.deserialize (file:///Users/thesayyn/Documents/thesayyn/protoc-gen-ts/target/debug/build/protoc_gen_ts-8cec2bec66276c47/out/test_conformance/test_messages_proto3.ts:199:52)
    at file:///Users/thesayyn/Documents/thesayyn/protoc-gen-ts/tests/conformance/bin/main.ts:23:78

  protobuf_test_messages.proto2.TestAllTypesProto2 1
  Error: Assertion failed
    at Object.jspb.asserts.doAssertFailure (https://cdn.skypack.dev/-/google-protobuf@v3.21.2-YDUqZL2TTSsy2lGtfuND/dist=es2019,mode=imports/optimized/google-protobuf.js:778:11)
    at Object.jspb.asserts.assert (https://cdn.skypack.dev/-/google-protobuf@v3.21.2-YDUqZL2TTSsy2lGtfuND/dist=es2019,mode=imports/optimized/google-protobuf.js:783:23)
    at jspb.BinaryDecoder.readUint32 (https://cdn.skypack.dev/-/google-protobuf@v3.21.2-YDUqZL2TTSsy2lGtfuND/dist=es2019,mode=imports/optimized/google-protobuf.js:4202:18)
    at jspb.BinaryDecoder.readInt64 (https://cdn.skypack.dev/-/google-protobuf@v3.21.2-YDUqZL2TTSsy2lGtfuND/dist=es2019,mode=imports/optimized/google-protobuf.js:4232:41)
    at jspb.BinaryReader.readSfixed64 (https://cdn.skypack.dev/-/google-protobuf@v3.21.2-YDUqZL2TTSsy2lGtfuND/dist=es2019,mode=imports/optimized/google-protobuf.js:4606:26)
    at Function.deserialize (file:///Users/thesayyn/Documents/thesayyn/protoc-gen-ts/target/debug/build/protoc_gen_ts-8cec2bec66276c47/out/test_conformance/test_messages_proto2.ts:175:52)
    at file:///Users/thesayyn/Documents/thesayyn/protoc-gen-ts/tests/conformance/bin/main.ts:30:78

  protobuf_test_messages.proto3.TestAllTypesProto3 1
  Error: Assertion failed
    at Object.jspb.asserts.doAssertFailure (https://cdn.skypack.dev/-/google-protobuf@v3.21.2-YDUqZL2TTSsy2lGtfuND/dist=es2019,mode=imports/optimized/google-protobuf.js:778:11)
    at Object.jspb.asserts.assert (https://cdn.skypack.dev/-/google-protobuf@v3.21.2-YDUqZL2TTSsy2lGtfuND/dist=es2019,mode=imports/optimized/google-protobuf.js:783:23)
    at jspb.BinaryDecoder.readUint32 (https://cdn.skypack.dev/-/google-protobuf@v3.21.2-YDUqZL2TTSsy2lGtfuND/dist=es2019,mode=imports/optimized/google-protobuf.js:4202:18)
    at jspb.BinaryDecoder.readInt64 (https://cdn.skypack.dev/-/google-protobuf@v3.21.2-YDUqZL2TTSsy2lGtfuND/dist=es2019,mode=imports/optimized/google-protobuf.js:4232:41)
    at jspb.BinaryReader.readSfixed64 (https://cdn.skypack.dev/-/google-protobuf@v3.21.2-YDUqZL2TTSsy2lGtfuND/dist=es2019,mode=imports/optimized/google-protobuf.js:4606:26)
    at Function.deserialize (file:///Users/thesayyn/Documents/thesayyn/protoc-gen-ts/target/debug/build/protoc_gen_ts-8cec2bec66276c47/out/test_conformance/test_messages_proto3.ts:278:60)
    at file:///Users/thesayyn/Documents/thesayyn/protoc-gen-ts/tests/conformance/bin/main.ts:23:78

  protobuf_test_messages.proto2.TestAllTypesProto2 1
  Error: Assertion failed
    at Object.jspb.asserts.doAssertFailure (https://cdn.skypack.dev/-/google-protobuf@v3.21.2-YDUqZL2TTSsy2lGtfuND/dist=es2019,mode=imports/optimized/google-protobuf.js:778:11)
    at Object.jspb.asserts.assert (https://cdn.skypack.dev/-/google-protobuf@v3.21.2-YDUqZL2TTSsy2lGtfuND/dist=es2019,mode=imports/optimized/google-protobuf.js:783:23)
    at jspb.BinaryDecoder.readUint32 (https://cdn.skypack.dev/-/google-protobuf@v3.21.2-YDUqZL2TTSsy2lGtfuND/dist=es2019,mode=imports/optimized/google-protobuf.js:4202:18)
    at jspb.BinaryDecoder.readInt64 (https://cdn.skypack.dev/-/google-protobuf@v3.21.2-YDUqZL2TTSsy2lGtfuND/dist=es2019,mode=imports/optimized/google-protobuf.js:4232:41)
    at jspb.BinaryReader.readSfixed64 (https://cdn.skypack.dev/-/google-protobuf@v3.21.2-YDUqZL2TTSsy2lGtfuND/dist=es2019,mode=imports/optimized/google-protobuf.js:4606:26)
    at Function.deserialize (file:///Users/thesayyn/Documents/thesayyn/protoc-gen-ts/target/debug/build/protoc_gen_ts-8cec2bec66276c47/out/test_conformance/test_messages_proto2.ts:241:55)
    at file:///Users/thesayyn/Documents/thesayyn/protoc-gen-ts/tests/conformance/bin/main.ts:30:78

  protobuf_test_messages.proto3.TestAllTypesProto3 1
  Error: Assertion failed
    at Object.jspb.asserts.doAssertFailure (https://cdn.skypack.dev/-/google-protobuf@v3.21.2-YDUqZL2TTSsy2lGtfuND/dist=es2019,mode=imports/optimized/google-protobuf.js:778:11)
    at Object.jspb.asserts.assert (https://cdn.skypack.dev/-/google-protobuf@v3.21.2-YDUqZL2TTSsy2lGtfuND/dist=es2019,mode=imports/optimized/google-protobuf.js:783:23)
    at jspb.BinaryDecoder.advance (https://cdn.skypack.dev/-/google-protobuf@v3.21.2-YDUqZL2TTSsy2lGtfuND/dist=es2019,mode=imports/optimized/google-protobuf.js:4081:18)
    at jspb.BinaryReader.skipFixed64Field (https://cdn.skypack.dev/-/google-protobuf@v3.21.2-YDUqZL2TTSsy2lGtfuND/dist=es2019,mode=imports/optimized/google-protobuf.js:4409:163)
    at jspb.BinaryReader.skipField (https://cdn.skypack.dev/-/google-protobuf@v3.21.2-YDUqZL2TTSsy2lGtfuND/dist=es2019,mode=imports/optimized/google-protobuf.js:4432:14)
    at Function.deserialize (file:///Users/thesayyn/Documents/thesayyn/protoc-gen-ts/target/debug/build/protoc_gen_ts-8cec2bec66276c47/out/test_conformance/test_messages_proto3.ts:958:24)
    at file:///Users/thesayyn/Documents/thesayyn/protoc-gen-ts/tests/conformance/bin/main.ts:23:78

  protobuf_test_messages.proto2.TestAllTypesProto2 1
  Error: Assertion failed
    at Object.jspb.asserts.doAssertFailure (https://cdn.skypack.dev/-/google-protobuf@v3.21.2-YDUqZL2TTSsy2lGtfuND/dist=es2019,mode=imports/optimized/google-protobuf.js:778:11)
    at Object.jspb.asserts.assert (https://cdn.skypack.dev/-/google-protobuf@v3.21.2-YDUqZL2TTSsy2lGtfuND/dist=es2019,mode=imports/optimized/google-protobuf.js:783:23)
    at jspb.BinaryDecoder.advance (https://cdn.skypack.dev/-/google-protobuf@v3.21.2-YDUqZL2TTSsy2lGtfuND/dist=es2019,mode=imports/optimized/google-protobuf.js:4081:18)
    at jspb.BinaryReader.skipFixed64Field (https://cdn.skypack.dev/-/google-protobuf@v3.21.2-YDUqZL2TTSsy2lGtfuND/dist=es2019,mode=imports/optimized/google-protobuf.js:4409:163)
    at jspb.BinaryReader.skipField (https://cdn.skypack.dev/-/google-protobuf@v3.21.2-YDUqZL2TTSsy2lGtfuND/dist=es2019,mode=imports/optimized/google-protobuf.js:4432:14)
    at Function.deserialize (file:///Users/thesayyn/Documents/thesayyn/protoc-gen-ts/target/debug/build/protoc_gen_ts-8cec2bec66276c47/out/test_conformance/test_messages_proto2.ts:865:24)
    at file:///Users/thesayyn/Documents/thesayyn/protoc-gen-ts/tests/conformance/bin/main.ts:30:78

  protobuf_test_messages.proto3.TestAllTypesProto3 1
  Error: Assertion failed
    at Object.jspb.asserts.doAssertFailure (https://cdn.skypack.dev/-/google-protobuf@v3.21.2-YDUqZL2TTSsy2lGtfuND/dist=es2019,mode=imports/optimized/google-protobuf.js:778:11)
    at Object.jspb.asserts.assert (https://cdn.skypack.dev/-/google-protobuf@v3.21.2-YDUqZL2TTSsy2lGtfuND/dist=es2019,mode=imports/optimized/google-protobuf.js:783:23)
    at jspb.BinaryDecoder.readUint32 (https://cdn.skypack.dev/-/google-protobuf@v3.21.2-YDUqZL2TTSsy2lGtfuND/dist=es2019,mode=imports/optimized/google-protobuf.js:4202:18)
    at jspb.BinaryDecoder.readInt64 (https://cdn.skypack.dev/-/google-protobuf@v3.21.2-YDUqZL2TTSsy2lGtfuND/dist=es2019,mode=imports/optimized/google-protobuf.js:4232:41)
    at jspb.BinaryReader.readPackedField_ (https://cdn.skypack.dev/-/google-protobuf@v3.21.2-YDUqZL2TTSsy2lGtfuND/dist=es2019,mode=imports/optimized/google-protobuf.js:4676:16)
    at jspb.BinaryReader.readPackedSfixed64 (https://cdn.skypack.dev/-/google-protobuf@v3.21.2-YDUqZL2TTSsy2lGtfuND/dist=es2019,mode=imports/optimized/google-protobuf.js:4734:17)
    at Function.deserialize (file:///Users/thesayyn/Documents/thesayyn/protoc-gen-ts/target/debug/build/protoc_gen_ts-8cec2bec66276c47/out/test_conformance/test_messages_proto3.ts:277:80)
    at file:///Users/thesayyn/Documents/thesayyn/protoc-gen-ts/tests/conformance/bin/main.ts:23:78

  protobuf_test_messages.proto2.TestAllTypesProto2 1
  Error: Assertion failed
    at Object.jspb.asserts.doAssertFailure (https://cdn.skypack.dev/-/google-protobuf@v3.21.2-YDUqZL2TTSsy2lGtfuND/dist=es2019,mode=imports/optimized/google-protobuf.js:778:11)
    at Object.jspb.asserts.assert (https://cdn.skypack.dev/-/google-protobuf@v3.21.2-YDUqZL2TTSsy2lGtfuND/dist=es2019,mode=imports/optimized/google-protobuf.js:783:23)
    at jspb.BinaryReader.readSfixed64 (https://cdn.skypack.dev/-/google-protobuf@v3.21.2-YDUqZL2TTSsy2lGtfuND/dist=es2019,mode=imports/optimized/google-protobuf.js:4605:18)
    at Function.deserialize (file:///Users/thesayyn/Documents/thesayyn/protoc-gen-ts/target/debug/build/protoc_gen_ts-8cec2bec66276c47/out/test_conformance/test_messages_proto2.ts:241:55)
    at file:///Users/thesayyn/Documents/thesayyn/protoc-gen-ts/tests/conformance/bin/main.ts:30:78

  protobuf_test_messages.proto3.TestAllTypesProto3 1
  Error: Assertion failed
    at Object.jspb.asserts.doAssertFailure (https://cdn.skypack.dev/-/google-protobuf@v3.21.2-YDUqZL2TTSsy2lGtfuND/dist=es2019,mode=imports/optimized/google-protobuf.js:778:11)
    at Object.jspb.asserts.assert (https://cdn.skypack.dev/-/google-protobuf@v3.21.2-YDUqZL2TTSsy2lGtfuND/dist=es2019,mode=imports/optimized/google-protobuf.js:783:23)
    at jspb.BinaryDecoder.readUint32 (https://cdn.skypack.dev/-/google-protobuf@v3.21.2-YDUqZL2TTSsy2lGtfuND/dist=es2019,mode=imports/optimized/google-protobuf.js:4202:18)
    at jspb.BinaryDecoder.readInt64 (https://cdn.skypack.dev/-/google-protobuf@v3.21.2-YDUqZL2TTSsy2lGtfuND/dist=es2019,mode=imports/optimized/google-protobuf.js:4232:18)
    at jspb.BinaryReader.readPackedField_ (https://cdn.skypack.dev/-/google-protobuf@v3.21.2-YDUqZL2TTSsy2lGtfuND/dist=es2019,mode=imports/optimized/google-protobuf.js:4676:16)
    at jspb.BinaryReader.readPackedSfixed64 (https://cdn.skypack.dev/-/google-protobuf@v3.21.2-YDUqZL2TTSsy2lGtfuND/dist=es2019,mode=imports/optimized/google-protobuf.js:4734:17)
    at Function.deserialize (file:///Users/thesayyn/Documents/thesayyn/protoc-gen-ts/target/debug/build/protoc_gen_ts-8cec2bec66276c47/out/test_conformance/test_messages_proto3.ts:277:80)
    at file:///Users/thesayyn/Documents/thesayyn/protoc-gen-ts/tests/conformance/bin/main.ts:23:78

  protobuf_test_messages.proto2.TestAllTypesProto2 1
  Error: Assertion failed
    at Object.jspb.asserts.doAssertFailure (https://cdn.skypack.dev/-/google-protobuf@v3.21.2-YDUqZL2TTSsy2lGtfuND/dist=es2019,mode=imports/optimized/google-protobuf.js:778:11)
    at Object.jspb.asserts.assert (https://cdn.skypack.dev/-/google-protobuf@v3.21.2-YDUqZL2TTSsy2lGtfuND/dist=es2019,mode=imports/optimized/google-protobuf.js:783:23)
    at jspb.BinaryReader.readSfixed64 (https://cdn.skypack.dev/-/google-protobuf@v3.21.2-YDUqZL2TTSsy2lGtfuND/dist=es2019,mode=imports/optimized/google-protobuf.js:4605:18)
    at Function.deserialize (file:///Users/thesayyn/Documents/thesayyn/protoc-gen-ts/target/debug/build/protoc_gen_ts-8cec2bec66276c47/out/test_conformance/test_messages_proto2.ts:241:55)
    at file:///Users/thesayyn/Documents/thesayyn/protoc-gen-ts/tests/conformance/bin/main.ts:30:78

  protobuf_test_messages.proto3.TestAllTypesProto3 1
  Error: Assertion failed
    at Object.jspb.asserts.doAssertFailure (https://cdn.skypack.dev/-/google-protobuf@v3.21.2-YDUqZL2TTSsy2lGtfuND/dist=es2019,mode=imports/optimized/google-protobuf.js:778:11)
    at Object.jspb.asserts.assert (https://cdn.skypack.dev/-/google-protobuf@v3.21.2-YDUqZL2TTSsy2lGtfuND/dist=es2019,mode=imports/optimized/google-protobuf.js:783:23)
    at jspb.BinaryDecoder.readUnsignedVarint32 (https://cdn.skypack.dev/-/google-protobuf@v3.21.2-YDUqZL2TTSsy2lGtfuND/dist=es2019,mode=imports/optimized/google-protobuf.js:4150:18)
    at jspb.BinaryDecoder.readZigzagVarint32 (https://cdn.skypack.dev/-/google-protobuf@v3.21.2-YDUqZL2TTSsy2lGtfuND/dist=es2019,mode=imports/optimized/google-protobuf.js:4163:18)
    at jspb.BinaryReader.readSint32 (https://cdn.skypack.dev/-/google-protobuf@v3.21.2-YDUqZL2TTSsy2lGtfuND/dist=es2019,mode=imports/optimized/google-protobuf.js:4569:26)
    at Function.deserialize (file:///Users/thesayyn/Documents/thesayyn/protoc-gen-ts/target/debug/build/protoc_gen_ts-8cec2bec66276c47/out/test_conformance/test_messages_proto3.ts:184:50)
    at file:///Users/thesayyn/Documents/thesayyn/protoc-gen-ts/tests/conformance/bin/main.ts:23:78

  protobuf_test_messages.proto2.TestAllTypesProto2 1
  Error: Assertion failed
    at Object.jspb.asserts.doAssertFailure (https://cdn.skypack.dev/-/google-protobuf@v3.21.2-YDUqZL2TTSsy2lGtfuND/dist=es2019,mode=imports/optimized/google-protobuf.js:778:11)
    at Object.jspb.asserts.assert (https://cdn.skypack.dev/-/google-protobuf@v3.21.2-YDUqZL2TTSsy2lGtfuND/dist=es2019,mode=imports/optimized/google-protobuf.js:783:23)
    at jspb.BinaryDecoder.readUnsignedVarint32 (https://cdn.skypack.dev/-/google-protobuf@v3.21.2-YDUqZL2TTSsy2lGtfuND/dist=es2019,mode=imports/optimized/google-protobuf.js:4150:18)
    at jspb.BinaryDecoder.readZigzagVarint32 (https://cdn.skypack.dev/-/google-protobuf@v3.21.2-YDUqZL2TTSsy2lGtfuND/dist=es2019,mode=imports/optimized/google-protobuf.js:4163:18)
    at jspb.BinaryReader.readSint32 (https://cdn.skypack.dev/-/google-protobuf@v3.21.2-YDUqZL2TTSsy2lGtfuND/dist=es2019,mode=imports/optimized/google-protobuf.js:4569:26)
    at Function.deserialize (file:///Users/thesayyn/Documents/thesayyn/protoc-gen-ts/target/debug/build/protoc_gen_ts-8cec2bec66276c47/out/test_conformance/test_messages_proto2.ts:160:50)
    at file:///Users/thesayyn/Documents/thesayyn/protoc-gen-ts/tests/conformance/bin/main.ts:30:78

  protobuf_test_messages.proto3.TestAllTypesProto3 1
  Error: Assertion failed
    at Object.jspb.asserts.doAssertFailure (https://cdn.skypack.dev/-/google-protobuf@v3.21.2-YDUqZL2TTSsy2lGtfuND/dist=es2019,mode=imports/optimized/google-protobuf.js:778:11)
    at Object.jspb.asserts.assert (https://cdn.skypack.dev/-/google-protobuf@v3.21.2-YDUqZL2TTSsy2lGtfuND/dist=es2019,mode=imports/optimized/google-protobuf.js:783:23)
    at jspb.BinaryDecoder.readUnsignedVarint32 (https://cdn.skypack.dev/-/google-protobuf@v3.21.2-YDUqZL2TTSsy2lGtfuND/dist=es2019,mode=imports/optimized/google-protobuf.js:4150:18)
    at jspb.BinaryDecoder.readZigzagVarint32 (https://cdn.skypack.dev/-/google-protobuf@v3.21.2-YDUqZL2TTSsy2lGtfuND/dist=es2019,mode=imports/optimized/google-protobuf.js:4163:18)
    at jspb.BinaryReader.readSint32 (https://cdn.skypack.dev/-/google-protobuf@v3.21.2-YDUqZL2TTSsy2lGtfuND/dist=es2019,mode=imports/optimized/google-protobuf.js:4569:26)
    at Function.deserialize (file:///Users/thesayyn/Documents/thesayyn/protoc-gen-ts/target/debug/build/protoc_gen_ts-8cec2bec66276c47/out/test_conformance/test_messages_proto3.ts:258:58)
    at file:///Users/thesayyn/Documents/thesayyn/protoc-gen-ts/tests/conformance/bin/main.ts:23:78

  protobuf_test_messages.proto2.TestAllTypesProto2 1
  Error: Assertion failed
    at Object.jspb.asserts.doAssertFailure (https://cdn.skypack.dev/-/google-protobuf@v3.21.2-YDUqZL2TTSsy2lGtfuND/dist=es2019,mode=imports/optimized/google-protobuf.js:778:11)
    at Object.jspb.asserts.assert (https://cdn.skypack.dev/-/google-protobuf@v3.21.2-YDUqZL2TTSsy2lGtfuND/dist=es2019,mode=imports/optimized/google-protobuf.js:783:23)
    at jspb.BinaryDecoder.readUnsignedVarint32 (https://cdn.skypack.dev/-/google-protobuf@v3.21.2-YDUqZL2TTSsy2lGtfuND/dist=es2019,mode=imports/optimized/google-protobuf.js:4150:18)
    at jspb.BinaryDecoder.readZigzagVarint32 (https://cdn.skypack.dev/-/google-protobuf@v3.21.2-YDUqZL2TTSsy2lGtfuND/dist=es2019,mode=imports/optimized/google-protobuf.js:4163:18)
    at jspb.BinaryReader.readSint32 (https://cdn.skypack.dev/-/google-protobuf@v3.21.2-YDUqZL2TTSsy2lGtfuND/dist=es2019,mode=imports/optimized/google-protobuf.js:4569:26)
    at Function.deserialize (file:///Users/thesayyn/Documents/thesayyn/protoc-gen-ts/target/debug/build/protoc_gen_ts-8cec2bec66276c47/out/test_conformance/test_messages_proto2.ts:226:53)
    at file:///Users/thesayyn/Documents/thesayyn/protoc-gen-ts/tests/conformance/bin/main.ts:30:78

  protobuf_test_messages.proto3.TestAllTypesProto3 1
  Error: Failure: Decoder hit an error
    at Object.jspb.asserts.fail (https://cdn.skypack.dev/-/google-protobuf@v3.21.2-YDUqZL2TTSsy2lGtfuND/dist=es2019,mode=imports/optimized/google-protobuf.js:801:11)
    at jspb.BinaryReader.nextField (https://cdn.skypack.dev/-/google-protobuf@v3.21.2-YDUqZL2TTSsy2lGtfuND/dist=es2019,mode=imports/optimized/google-protobuf.js:4374:27)
    at Function.deserialize (file:///Users/thesayyn/Documents/thesayyn/protoc-gen-ts/target/debug/build/protoc_gen_ts-8cec2bec66276c47/out/test_conformance/test_messages_proto3.ts:169:18)
    at file:///Users/thesayyn/Documents/thesayyn/protoc-gen-ts/tests/conformance/bin/main.ts:23:78

  protobuf_test_messages.proto2.TestAllTypesProto2 1
  Error: Failure: Decoder hit an error
    at Object.jspb.asserts.fail (https://cdn.skypack.dev/-/google-protobuf@v3.21.2-YDUqZL2TTSsy2lGtfuND/dist=es2019,mode=imports/optimized/google-protobuf.js:801:11)
    at jspb.BinaryReader.nextField (https://cdn.skypack.dev/-/google-protobuf@v3.21.2-YDUqZL2TTSsy2lGtfuND/dist=es2019,mode=imports/optimized/google-protobuf.js:4374:27)
    at Function.deserialize (file:///Users/thesayyn/Documents/thesayyn/protoc-gen-ts/target/debug/build/protoc_gen_ts-8cec2bec66276c47/out/test_conformance/test_messages_proto2.ts:145:18)
    at file:///Users/thesayyn/Documents/thesayyn/protoc-gen-ts/tests/conformance/bin/main.ts:30:78

  protobuf_test_messages.proto3.TestAllTypesProto3 1
  Error: Assertion failed
    at Object.jspb.asserts.doAssertFailure (https://cdn.skypack.dev/-/google-protobuf@v3.21.2-YDUqZL2TTSsy2lGtfuND/dist=es2019,mode=imports/optimized/google-protobuf.js:778:11)
    at Object.jspb.asserts.assert (https://cdn.skypack.dev/-/google-protobuf@v3.21.2-YDUqZL2TTSsy2lGtfuND/dist=es2019,mode=imports/optimized/google-protobuf.js:783:23)
    at jspb.BinaryDecoder.readUnsignedVarint32 (https://cdn.skypack.dev/-/google-protobuf@v3.21.2-YDUqZL2TTSsy2lGtfuND/dist=es2019,mode=imports/optimized/google-protobuf.js:4150:18)
    at jspb.BinaryDecoder.readZigzagVarint32 (https://cdn.skypack.dev/-/google-protobuf@v3.21.2-YDUqZL2TTSsy2lGtfuND/dist=es2019,mode=imports/optimized/google-protobuf.js:4163:18)
    at jspb.BinaryReader.readSint32 (https://cdn.skypack.dev/-/google-protobuf@v3.21.2-YDUqZL2TTSsy2lGtfuND/dist=es2019,mode=imports/optimized/google-protobuf.js:4569:26)
    at Function.deserialize (file:///Users/thesayyn/Documents/thesayyn/protoc-gen-ts/target/debug/build/protoc_gen_ts-8cec2bec66276c47/out/test_conformance/test_messages_proto3.ts:184:50)
    at file:///Users/thesayyn/Documents/thesayyn/protoc-gen-ts/tests/conformance/bin/main.ts:23:78

  protobuf_test_messages.proto2.TestAllTypesProto2 1
  Error: Assertion failed
    at Object.jspb.asserts.doAssertFailure (https://cdn.skypack.dev/-/google-protobuf@v3.21.2-YDUqZL2TTSsy2lGtfuND/dist=es2019,mode=imports/optimized/google-protobuf.js:778:11)
    at Object.jspb.asserts.assert (https://cdn.skypack.dev/-/google-protobuf@v3.21.2-YDUqZL2TTSsy2lGtfuND/dist=es2019,mode=imports/optimized/google-protobuf.js:783:23)
    at jspb.BinaryDecoder.readUnsignedVarint32 (https://cdn.skypack.dev/-/google-protobuf@v3.21.2-YDUqZL2TTSsy2lGtfuND/dist=es2019,mode=imports/optimized/google-protobuf.js:4150:18)
    at jspb.BinaryDecoder.readZigzagVarint32 (https://cdn.skypack.dev/-/google-protobuf@v3.21.2-YDUqZL2TTSsy2lGtfuND/dist=es2019,mode=imports/optimized/google-protobuf.js:4163:18)
    at jspb.BinaryReader.readSint32 (https://cdn.skypack.dev/-/google-protobuf@v3.21.2-YDUqZL2TTSsy2lGtfuND/dist=es2019,mode=imports/optimized/google-protobuf.js:4569:26)
    at Function.deserialize (file:///Users/thesayyn/Documents/thesayyn/protoc-gen-ts/target/debug/build/protoc_gen_ts-8cec2bec66276c47/out/test_conformance/test_messages_proto2.ts:160:50)
    at file:///Users/thesayyn/Documents/thesayyn/protoc-gen-ts/tests/conformance/bin/main.ts:30:78

  protobuf_test_messages.proto3.TestAllTypesProto3 1
  Error: Assertion failed
    at Object.jspb.asserts.doAssertFailure (https://cdn.skypack.dev/-/google-protobuf@v3.21.2-YDUqZL2TTSsy2lGtfuND/dist=es2019,mode=imports/optimized/google-protobuf.js:778:11)
    at Object.jspb.asserts.assert (https://cdn.skypack.dev/-/google-protobuf@v3.21.2-YDUqZL2TTSsy2lGtfuND/dist=es2019,mode=imports/optimized/google-protobuf.js:783:23)
    at jspb.BinaryDecoder.readUnsignedVarint32 (https://cdn.skypack.dev/-/google-protobuf@v3.21.2-YDUqZL2TTSsy2lGtfuND/dist=es2019,mode=imports/optimized/google-protobuf.js:4150:18)
    at jspb.BinaryDecoder.readZigzagVarint32 (https://cdn.skypack.dev/-/google-protobuf@v3.21.2-YDUqZL2TTSsy2lGtfuND/dist=es2019,mode=imports/optimized/google-protobuf.js:4163:18)
    at jspb.BinaryReader.readSint32 (https://cdn.skypack.dev/-/google-protobuf@v3.21.2-YDUqZL2TTSsy2lGtfuND/dist=es2019,mode=imports/optimized/google-protobuf.js:4569:26)
    at Function.deserialize (file:///Users/thesayyn/Documents/thesayyn/protoc-gen-ts/target/debug/build/protoc_gen_ts-8cec2bec66276c47/out/test_conformance/test_messages_proto3.ts:258:58)
    at file:///Users/thesayyn/Documents/thesayyn/protoc-gen-ts/tests/conformance/bin/main.ts:23:78

  protobuf_test_messages.proto2.TestAllTypesProto2 1
  Error: Assertion failed
    at Object.jspb.asserts.doAssertFailure (https://cdn.skypack.dev/-/google-protobuf@v3.21.2-YDUqZL2TTSsy2lGtfuND/dist=es2019,mode=imports/optimized/google-protobuf.js:778:11)
    at Object.jspb.asserts.assert (https://cdn.skypack.dev/-/google-protobuf@v3.21.2-YDUqZL2TTSsy2lGtfuND/dist=es2019,mode=imports/optimized/google-protobuf.js:783:23)
    at jspb.BinaryDecoder.readUnsignedVarint32 (https://cdn.skypack.dev/-/google-protobuf@v3.21.2-YDUqZL2TTSsy2lGtfuND/dist=es2019,mode=imports/optimized/google-protobuf.js:4150:18)
    at jspb.BinaryDecoder.readZigzagVarint32 (https://cdn.skypack.dev/-/google-protobuf@v3.21.2-YDUqZL2TTSsy2lGtfuND/dist=es2019,mode=imports/optimized/google-protobuf.js:4163:18)
    at jspb.BinaryReader.readSint32 (https://cdn.skypack.dev/-/google-protobuf@v3.21.2-YDUqZL2TTSsy2lGtfuND/dist=es2019,mode=imports/optimized/google-protobuf.js:4569:26)
    at Function.deserialize (file:///Users/thesayyn/Documents/thesayyn/protoc-gen-ts/target/debug/build/protoc_gen_ts-8cec2bec66276c47/out/test_conformance/test_messages_proto2.ts:226:53)
    at file:///Users/thesayyn/Documents/thesayyn/protoc-gen-ts/tests/conformance/bin/main.ts:30:78

  protobuf_test_messages.proto3.TestAllTypesProto3 1
  Error: Failure: Decoder hit an error
    at Object.jspb.asserts.fail (https://cdn.skypack.dev/-/google-protobuf@v3.21.2-YDUqZL2TTSsy2lGtfuND/dist=es2019,mode=imports/optimized/google-protobuf.js:801:11)
    at jspb.BinaryReader.nextField (https://cdn.skypack.dev/-/google-protobuf@v3.21.2-YDUqZL2TTSsy2lGtfuND/dist=es2019,mode=imports/optimized/google-protobuf.js:4374:27)
    at Function.deserialize (file:///Users/thesayyn/Documents/thesayyn/protoc-gen-ts/target/debug/build/protoc_gen_ts-8cec2bec66276c47/out/test_conformance/test_messages_proto3.ts:169:18)
    at file:///Users/thesayyn/Documents/thesayyn/protoc-gen-ts/tests/conformance/bin/main.ts:23:78

  protobuf_test_messages.proto2.TestAllTypesProto2 1
  Error: Failure: Decoder hit an error
    at Object.jspb.asserts.fail (https://cdn.skypack.dev/-/google-protobuf@v3.21.2-YDUqZL2TTSsy2lGtfuND/dist=es2019,mode=imports/optimized/google-protobuf.js:801:11)
    at jspb.BinaryReader.nextField (https://cdn.skypack.dev/-/google-protobuf@v3.21.2-YDUqZL2TTSsy2lGtfuND/dist=es2019,mode=imports/optimized/google-protobuf.js:4374:27)
    at Function.deserialize (file:///Users/thesayyn/Documents/thesayyn/protoc-gen-ts/target/debug/build/protoc_gen_ts-8cec2bec66276c47/out/test_conformance/test_messages_proto2.ts:145:18)
    at file:///Users/thesayyn/Documents/thesayyn/protoc-gen-ts/tests/conformance/bin/main.ts:30:78

  protobuf_test_messages.proto3.TestAllTypesProto3 1
  Error: Assertion failed
    at Object.jspb.asserts.doAssertFailure (https://cdn.skypack.dev/-/google-protobuf@v3.21.2-YDUqZL2TTSsy2lGtfuND/dist=es2019,mode=imports/optimized/google-protobuf.js:778:11)
    at Object.jspb.asserts.assert (https://cdn.skypack.dev/-/google-protobuf@v3.21.2-YDUqZL2TTSsy2lGtfuND/dist=es2019,mode=imports/optimized/google-protobuf.js:783:23)
    at jspb.BinaryDecoder.readUnsignedVarint32 (https://cdn.skypack.dev/-/google-protobuf@v3.21.2-YDUqZL2TTSsy2lGtfuND/dist=es2019,mode=imports/optimized/google-protobuf.js:4150:18)
    at jspb.BinaryDecoder.readZigzagVarint32 (https://cdn.skypack.dev/-/google-protobuf@v3.21.2-YDUqZL2TTSsy2lGtfuND/dist=es2019,mode=imports/optimized/google-protobuf.js:4163:18)
    at jspb.BinaryReader.readPackedField_ (https://cdn.skypack.dev/-/google-protobuf@v3.21.2-YDUqZL2TTSsy2lGtfuND/dist=es2019,mode=imports/optimized/google-protobuf.js:4676:16)
    at jspb.BinaryReader.readPackedSint32 (https://cdn.skypack.dev/-/google-protobuf@v3.21.2-YDUqZL2TTSsy2lGtfuND/dist=es2019,mode=imports/optimized/google-protobuf.js:4708:17)
    at Function.deserialize (file:///Users/thesayyn/Documents/thesayyn/protoc-gen-ts/target/debug/build/protoc_gen_ts-8cec2bec66276c47/out/test_conformance/test_messages_proto3.ts:257:78)
    at file:///Users/thesayyn/Documents/thesayyn/protoc-gen-ts/tests/conformance/bin/main.ts:23:78

  protobuf_test_messages.proto2.TestAllTypesProto2 1
  Error: Assertion failed
    at Object.jspb.asserts.doAssertFailure (https://cdn.skypack.dev/-/google-protobuf@v3.21.2-YDUqZL2TTSsy2lGtfuND/dist=es2019,mode=imports/optimized/google-protobuf.js:778:11)
    at Object.jspb.asserts.assert (https://cdn.skypack.dev/-/google-protobuf@v3.21.2-YDUqZL2TTSsy2lGtfuND/dist=es2019,mode=imports/optimized/google-protobuf.js:783:23)
    at jspb.BinaryReader.readSint32 (https://cdn.skypack.dev/-/google-protobuf@v3.21.2-YDUqZL2TTSsy2lGtfuND/dist=es2019,mode=imports/optimized/google-protobuf.js:4568:18)
    at Function.deserialize (file:///Users/thesayyn/Documents/thesayyn/protoc-gen-ts/target/debug/build/protoc_gen_ts-8cec2bec66276c47/out/test_conformance/test_messages_proto2.ts:226:53)
    at file:///Users/thesayyn/Documents/thesayyn/protoc-gen-ts/tests/conformance/bin/main.ts:30:78

  protobuf_test_messages.proto3.TestAllTypesProto3 1
  Error: Assertion failed
    at Object.jspb.asserts.doAssertFailure (https://cdn.skypack.dev/-/google-protobuf@v3.21.2-YDUqZL2TTSsy2lGtfuND/dist=es2019,mode=imports/optimized/google-protobuf.js:778:11)
    at Object.jspb.asserts.assert (https://cdn.skypack.dev/-/google-protobuf@v3.21.2-YDUqZL2TTSsy2lGtfuND/dist=es2019,mode=imports/optimized/google-protobuf.js:783:23)
    at jspb.BinaryDecoder.readUnsignedVarint32 (https://cdn.skypack.dev/-/google-protobuf@v3.21.2-YDUqZL2TTSsy2lGtfuND/dist=es2019,mode=imports/optimized/google-protobuf.js:4150:18)
    at jspb.BinaryDecoder.readZigzagVarint32 (https://cdn.skypack.dev/-/google-protobuf@v3.21.2-YDUqZL2TTSsy2lGtfuND/dist=es2019,mode=imports/optimized/google-protobuf.js:4163:18)
    at jspb.BinaryReader.readPackedField_ (https://cdn.skypack.dev/-/google-protobuf@v3.21.2-YDUqZL2TTSsy2lGtfuND/dist=es2019,mode=imports/optimized/google-protobuf.js:4676:16)
    at jspb.BinaryReader.readPackedSint32 (https://cdn.skypack.dev/-/google-protobuf@v3.21.2-YDUqZL2TTSsy2lGtfuND/dist=es2019,mode=imports/optimized/google-protobuf.js:4708:17)
    at Function.deserialize (file:///Users/thesayyn/Documents/thesayyn/protoc-gen-ts/target/debug/build/protoc_gen_ts-8cec2bec66276c47/out/test_conformance/test_messages_proto3.ts:257:78)
    at file:///Users/thesayyn/Documents/thesayyn/protoc-gen-ts/tests/conformance/bin/main.ts:23:78

  protobuf_test_messages.proto2.TestAllTypesProto2 1
  Error: Assertion failed
    at Object.jspb.asserts.doAssertFailure (https://cdn.skypack.dev/-/google-protobuf@v3.21.2-YDUqZL2TTSsy2lGtfuND/dist=es2019,mode=imports/optimized/google-protobuf.js:778:11)
    at Object.jspb.asserts.assert (https://cdn.skypack.dev/-/google-protobuf@v3.21.2-YDUqZL2TTSsy2lGtfuND/dist=es2019,mode=imports/optimized/google-protobuf.js:783:23)
    at jspb.BinaryReader.readSint32 (https://cdn.skypack.dev/-/google-protobuf@v3.21.2-YDUqZL2TTSsy2lGtfuND/dist=es2019,mode=imports/optimized/google-protobuf.js:4568:18)
    at Function.deserialize (file:///Users/thesayyn/Documents/thesayyn/protoc-gen-ts/target/debug/build/protoc_gen_ts-8cec2bec66276c47/out/test_conformance/test_messages_proto2.ts:226:53)
    at file:///Users/thesayyn/Documents/thesayyn/protoc-gen-ts/tests/conformance/bin/main.ts:30:78

  protobuf_test_messages.proto3.TestAllTypesProto3 1
  Error: Failure: Failed to read varint, encoding is invalid.
    at Object.jspb.asserts.fail (https://cdn.skypack.dev/-/google-protobuf@v3.21.2-YDUqZL2TTSsy2lGtfuND/dist=es2019,mode=imports/optimized/google-protobuf.js:801:11)
    at jspb.BinaryDecoder.readSplitVarint64 (https://cdn.skypack.dev/-/google-protobuf@v3.21.2-YDUqZL2TTSsy2lGtfuND/dist=es2019,mode=imports/optimized/google-protobuf.js:4101:18)
    at jspb.BinaryDecoder.readZigzagVarint64 (https://cdn.skypack.dev/-/google-protobuf@v3.21.2-YDUqZL2TTSsy2lGtfuND/dist=es2019,mode=imports/optimized/google-protobuf.js:4179:17)
    at jspb.BinaryReader.readSint64 (https://cdn.skypack.dev/-/google-protobuf@v3.21.2-YDUqZL2TTSsy2lGtfuND/dist=es2019,mode=imports/optimized/google-protobuf.js:4574:26)
    at Function.deserialize (file:///Users/thesayyn/Documents/thesayyn/protoc-gen-ts/target/debug/build/protoc_gen_ts-8cec2bec66276c47/out/test_conformance/test_messages_proto3.ts:187:50)
    at file:///Users/thesayyn/Documents/thesayyn/protoc-gen-ts/tests/conformance/bin/main.ts:23:78

  protobuf_test_messages.proto2.TestAllTypesProto2 1
  Error: Failure: Failed to read varint, encoding is invalid.
    at Object.jspb.asserts.fail (https://cdn.skypack.dev/-/google-protobuf@v3.21.2-YDUqZL2TTSsy2lGtfuND/dist=es2019,mode=imports/optimized/google-protobuf.js:801:11)
    at jspb.BinaryDecoder.readSplitVarint64 (https://cdn.skypack.dev/-/google-protobuf@v3.21.2-YDUqZL2TTSsy2lGtfuND/dist=es2019,mode=imports/optimized/google-protobuf.js:4101:18)
    at jspb.BinaryDecoder.readZigzagVarint64 (https://cdn.skypack.dev/-/google-protobuf@v3.21.2-YDUqZL2TTSsy2lGtfuND/dist=es2019,mode=imports/optimized/google-protobuf.js:4179:17)
    at jspb.BinaryReader.readSint64 (https://cdn.skypack.dev/-/google-protobuf@v3.21.2-YDUqZL2TTSsy2lGtfuND/dist=es2019,mode=imports/optimized/google-protobuf.js:4574:26)
    at Function.deserialize (file:///Users/thesayyn/Documents/thesayyn/protoc-gen-ts/target/debug/build/protoc_gen_ts-8cec2bec66276c47/out/test_conformance/test_messages_proto2.ts:163:50)
    at file:///Users/thesayyn/Documents/thesayyn/protoc-gen-ts/tests/conformance/bin/main.ts:30:78

  protobuf_test_messages.proto3.TestAllTypesProto3 1
  Error: Failure: Failed to read varint, encoding is invalid.
    at Object.jspb.asserts.fail (https://cdn.skypack.dev/-/google-protobuf@v3.21.2-YDUqZL2TTSsy2lGtfuND/dist=es2019,mode=imports/optimized/google-protobuf.js:801:11)
    at jspb.BinaryDecoder.readSplitVarint64 (https://cdn.skypack.dev/-/google-protobuf@v3.21.2-YDUqZL2TTSsy2lGtfuND/dist=es2019,mode=imports/optimized/google-protobuf.js:4101:18)
    at jspb.BinaryDecoder.readZigzagVarint64 (https://cdn.skypack.dev/-/google-protobuf@v3.21.2-YDUqZL2TTSsy2lGtfuND/dist=es2019,mode=imports/optimized/google-protobuf.js:4179:17)
    at jspb.BinaryReader.readSint64 (https://cdn.skypack.dev/-/google-protobuf@v3.21.2-YDUqZL2TTSsy2lGtfuND/dist=es2019,mode=imports/optimized/google-protobuf.js:4574:26)
    at Function.deserialize (file:///Users/thesayyn/Documents/thesayyn/protoc-gen-ts/target/debug/build/protoc_gen_ts-8cec2bec66276c47/out/test_conformance/test_messages_proto3.ts:262:58)
    at file:///Users/thesayyn/Documents/thesayyn/protoc-gen-ts/tests/conformance/bin/main.ts:23:78

  protobuf_test_messages.proto2.TestAllTypesProto2 1
  Error: Failure: Failed to read varint, encoding is invalid.
    at Object.jspb.asserts.fail (https://cdn.skypack.dev/-/google-protobuf@v3.21.2-YDUqZL2TTSsy2lGtfuND/dist=es2019,mode=imports/optimized/google-protobuf.js:801:11)
    at jspb.BinaryDecoder.readSplitVarint64 (https://cdn.skypack.dev/-/google-protobuf@v3.21.2-YDUqZL2TTSsy2lGtfuND/dist=es2019,mode=imports/optimized/google-protobuf.js:4101:18)
    at jspb.BinaryDecoder.readZigzagVarint64 (https://cdn.skypack.dev/-/google-protobuf@v3.21.2-YDUqZL2TTSsy2lGtfuND/dist=es2019,mode=imports/optimized/google-protobuf.js:4179:17)
    at jspb.BinaryReader.readSint64 (https://cdn.skypack.dev/-/google-protobuf@v3.21.2-YDUqZL2TTSsy2lGtfuND/dist=es2019,mode=imports/optimized/google-protobuf.js:4574:26)
    at Function.deserialize (file:///Users/thesayyn/Documents/thesayyn/protoc-gen-ts/target/debug/build/protoc_gen_ts-8cec2bec66276c47/out/test_conformance/test_messages_proto2.ts:229:53)
    at file:///Users/thesayyn/Documents/thesayyn/protoc-gen-ts/tests/conformance/bin/main.ts:30:78

  protobuf_test_messages.proto3.TestAllTypesProto3 1
  Error: Failure: Decoder hit an error
    at Object.jspb.asserts.fail (https://cdn.skypack.dev/-/google-protobuf@v3.21.2-YDUqZL2TTSsy2lGtfuND/dist=es2019,mode=imports/optimized/google-protobuf.js:801:11)
    at jspb.BinaryReader.nextField (https://cdn.skypack.dev/-/google-protobuf@v3.21.2-YDUqZL2TTSsy2lGtfuND/dist=es2019,mode=imports/optimized/google-protobuf.js:4374:27)
    at Function.deserialize (file:///Users/thesayyn/Documents/thesayyn/protoc-gen-ts/target/debug/build/protoc_gen_ts-8cec2bec66276c47/out/test_conformance/test_messages_proto3.ts:169:18)
    at file:///Users/thesayyn/Documents/thesayyn/protoc-gen-ts/tests/conformance/bin/main.ts:23:78

  protobuf_test_messages.proto2.TestAllTypesProto2 1
  Error: Failure: Decoder hit an error
    at Object.jspb.asserts.fail (https://cdn.skypack.dev/-/google-protobuf@v3.21.2-YDUqZL2TTSsy2lGtfuND/dist=es2019,mode=imports/optimized/google-protobuf.js:801:11)
    at jspb.BinaryReader.nextField (https://cdn.skypack.dev/-/google-protobuf@v3.21.2-YDUqZL2TTSsy2lGtfuND/dist=es2019,mode=imports/optimized/google-protobuf.js:4374:27)
    at Function.deserialize (file:///Users/thesayyn/Documents/thesayyn/protoc-gen-ts/target/debug/build/protoc_gen_ts-8cec2bec66276c47/out/test_conformance/test_messages_proto2.ts:145:18)
    at file:///Users/thesayyn/Documents/thesayyn/protoc-gen-ts/tests/conformance/bin/main.ts:30:78

  protobuf_test_messages.proto3.TestAllTypesProto3 1
  Error: Failure: Failed to read varint, encoding is invalid.
    at Object.jspb.asserts.fail (https://cdn.skypack.dev/-/google-protobuf@v3.21.2-YDUqZL2TTSsy2lGtfuND/dist=es2019,mode=imports/optimized/google-protobuf.js:801:11)
    at jspb.BinaryDecoder.readSplitVarint64 (https://cdn.skypack.dev/-/google-protobuf@v3.21.2-YDUqZL2TTSsy2lGtfuND/dist=es2019,mode=imports/optimized/google-protobuf.js:4101:18)
    at jspb.BinaryDecoder.readZigzagVarint64 (https://cdn.skypack.dev/-/google-protobuf@v3.21.2-YDUqZL2TTSsy2lGtfuND/dist=es2019,mode=imports/optimized/google-protobuf.js:4179:17)
    at jspb.BinaryReader.readSint64 (https://cdn.skypack.dev/-/google-protobuf@v3.21.2-YDUqZL2TTSsy2lGtfuND/dist=es2019,mode=imports/optimized/google-protobuf.js:4574:26)
    at Function.deserialize (file:///Users/thesayyn/Documents/thesayyn/protoc-gen-ts/target/debug/build/protoc_gen_ts-8cec2bec66276c47/out/test_conformance/test_messages_proto3.ts:187:50)
    at file:///Users/thesayyn/Documents/thesayyn/protoc-gen-ts/tests/conformance/bin/main.ts:23:78

  protobuf_test_messages.proto2.TestAllTypesProto2 1
  Error: Failure: Failed to read varint, encoding is invalid.
    at Object.jspb.asserts.fail (https://cdn.skypack.dev/-/google-protobuf@v3.21.2-YDUqZL2TTSsy2lGtfuND/dist=es2019,mode=imports/optimized/google-protobuf.js:801:11)
    at jspb.BinaryDecoder.readSplitVarint64 (https://cdn.skypack.dev/-/google-protobuf@v3.21.2-YDUqZL2TTSsy2lGtfuND/dist=es2019,mode=imports/optimized/google-protobuf.js:4101:18)
    at jspb.BinaryDecoder.readZigzagVarint64 (https://cdn.skypack.dev/-/google-protobuf@v3.21.2-YDUqZL2TTSsy2lGtfuND/dist=es2019,mode=imports/optimized/google-protobuf.js:4179:17)
    at jspb.BinaryReader.readSint64 (https://cdn.skypack.dev/-/google-protobuf@v3.21.2-YDUqZL2TTSsy2lGtfuND/dist=es2019,mode=imports/optimized/google-protobuf.js:4574:26)
    at Function.deserialize (file:///Users/thesayyn/Documents/thesayyn/protoc-gen-ts/target/debug/build/protoc_gen_ts-8cec2bec66276c47/out/test_conformance/test_messages_proto2.ts:163:50)
    at file:///Users/thesayyn/Documents/thesayyn/protoc-gen-ts/tests/conformance/bin/main.ts:30:78

  protobuf_test_messages.proto3.TestAllTypesProto3 1
  Error: Failure: Failed to read varint, encoding is invalid.
    at Object.jspb.asserts.fail (https://cdn.skypack.dev/-/google-protobuf@v3.21.2-YDUqZL2TTSsy2lGtfuND/dist=es2019,mode=imports/optimized/google-protobuf.js:801:11)
    at jspb.BinaryDecoder.readSplitVarint64 (https://cdn.skypack.dev/-/google-protobuf@v3.21.2-YDUqZL2TTSsy2lGtfuND/dist=es2019,mode=imports/optimized/google-protobuf.js:4101:18)
    at jspb.BinaryDecoder.readZigzagVarint64 (https://cdn.skypack.dev/-/google-protobuf@v3.21.2-YDUqZL2TTSsy2lGtfuND/dist=es2019,mode=imports/optimized/google-protobuf.js:4179:17)
    at jspb.BinaryReader.readSint64 (https://cdn.skypack.dev/-/google-protobuf@v3.21.2-YDUqZL2TTSsy2lGtfuND/dist=es2019,mode=imports/optimized/google-protobuf.js:4574:26)
    at Function.deserialize (file:///Users/thesayyn/Documents/thesayyn/protoc-gen-ts/target/debug/build/protoc_gen_ts-8cec2bec66276c47/out/test_conformance/test_messages_proto3.ts:262:58)
    at file:///Users/thesayyn/Documents/thesayyn/protoc-gen-ts/tests/conformance/bin/main.ts:23:78

  protobuf_test_messages.proto2.TestAllTypesProto2 1
  Error: Failure: Failed to read varint, encoding is invalid.
    at Object.jspb.asserts.fail (https://cdn.skypack.dev/-/google-protobuf@v3.21.2-YDUqZL2TTSsy2lGtfuND/dist=es2019,mode=imports/optimized/google-protobuf.js:801:11)
    at jspb.BinaryDecoder.readSplitVarint64 (https://cdn.skypack.dev/-/google-protobuf@v3.21.2-YDUqZL2TTSsy2lGtfuND/dist=es2019,mode=imports/optimized/google-protobuf.js:4101:18)
    at jspb.BinaryDecoder.readZigzagVarint64 (https://cdn.skypack.dev/-/google-protobuf@v3.21.2-YDUqZL2TTSsy2lGtfuND/dist=es2019,mode=imports/optimized/google-protobuf.js:4179:17)
    at jspb.BinaryReader.readSint64 (https://cdn.skypack.dev/-/google-protobuf@v3.21.2-YDUqZL2TTSsy2lGtfuND/dist=es2019,mode=imports/optimized/google-protobuf.js:4574:26)
    at Function.deserialize (file:///Users/thesayyn/Documents/thesayyn/protoc-gen-ts/target/debug/build/protoc_gen_ts-8cec2bec66276c47/out/test_conformance/test_messages_proto2.ts:229:53)
    at file:///Users/thesayyn/Documents/thesayyn/protoc-gen-ts/tests/conformance/bin/main.ts:30:78

  protobuf_test_messages.proto3.TestAllTypesProto3 1
  Error: Failure: Decoder hit an error
    at Object.jspb.asserts.fail (https://cdn.skypack.dev/-/google-protobuf@v3.21.2-YDUqZL2TTSsy2lGtfuND/dist=es2019,mode=imports/optimized/google-protobuf.js:801:11)
    at jspb.BinaryReader.nextField (https://cdn.skypack.dev/-/google-protobuf@v3.21.2-YDUqZL2TTSsy2lGtfuND/dist=es2019,mode=imports/optimized/google-protobuf.js:4374:27)
    at Function.deserialize (file:///Users/thesayyn/Documents/thesayyn/protoc-gen-ts/target/debug/build/protoc_gen_ts-8cec2bec66276c47/out/test_conformance/test_messages_proto3.ts:169:18)
    at file:///Users/thesayyn/Documents/thesayyn/protoc-gen-ts/tests/conformance/bin/main.ts:23:78

  protobuf_test_messages.proto2.TestAllTypesProto2 1
  Error: Failure: Decoder hit an error
    at Object.jspb.asserts.fail (https://cdn.skypack.dev/-/google-protobuf@v3.21.2-YDUqZL2TTSsy2lGtfuND/dist=es2019,mode=imports/optimized/google-protobuf.js:801:11)
    at jspb.BinaryReader.nextField (https://cdn.skypack.dev/-/google-protobuf@v3.21.2-YDUqZL2TTSsy2lGtfuND/dist=es2019,mode=imports/optimized/google-protobuf.js:4374:27)
    at Function.deserialize (file:///Users/thesayyn/Documents/thesayyn/protoc-gen-ts/target/debug/build/protoc_gen_ts-8cec2bec66276c47/out/test_conformance/test_messages_proto2.ts:145:18)
    at file:///Users/thesayyn/Documents/thesayyn/protoc-gen-ts/tests/conformance/bin/main.ts:30:78

  protobuf_test_messages.proto3.TestAllTypesProto3 1
  Error: Failure: Failed to read varint, encoding is invalid.
    at Object.jspb.asserts.fail (https://cdn.skypack.dev/-/google-protobuf@v3.21.2-YDUqZL2TTSsy2lGtfuND/dist=es2019,mode=imports/optimized/google-protobuf.js:801:11)
    at jspb.BinaryDecoder.readSplitVarint64 (https://cdn.skypack.dev/-/google-protobuf@v3.21.2-YDUqZL2TTSsy2lGtfuND/dist=es2019,mode=imports/optimized/google-protobuf.js:4101:18)
    at jspb.BinaryDecoder.readZigzagVarint64 (https://cdn.skypack.dev/-/google-protobuf@v3.21.2-YDUqZL2TTSsy2lGtfuND/dist=es2019,mode=imports/optimized/google-protobuf.js:4179:17)
    at jspb.BinaryReader.readPackedField_ (https://cdn.skypack.dev/-/google-protobuf@v3.21.2-YDUqZL2TTSsy2lGtfuND/dist=es2019,mode=imports/optimized/google-protobuf.js:4676:16)
    at jspb.BinaryReader.readPackedSint64 (https://cdn.skypack.dev/-/google-protobuf@v3.21.2-YDUqZL2TTSsy2lGtfuND/dist=es2019,mode=imports/optimized/google-protobuf.js:4712:17)
    at Function.deserialize (file:///Users/thesayyn/Documents/thesayyn/protoc-gen-ts/target/debug/build/protoc_gen_ts-8cec2bec66276c47/out/test_conformance/test_messages_proto3.ts:261:78)
    at file:///Users/thesayyn/Documents/thesayyn/protoc-gen-ts/tests/conformance/bin/main.ts:23:78

  protobuf_test_messages.proto2.TestAllTypesProto2 1
  Error: Assertion failed
    at Object.jspb.asserts.doAssertFailure (https://cdn.skypack.dev/-/google-protobuf@v3.21.2-YDUqZL2TTSsy2lGtfuND/dist=es2019,mode=imports/optimized/google-protobuf.js:778:11)
    at Object.jspb.asserts.assert (https://cdn.skypack.dev/-/google-protobuf@v3.21.2-YDUqZL2TTSsy2lGtfuND/dist=es2019,mode=imports/optimized/google-protobuf.js:783:23)
    at jspb.BinaryReader.readSint64 (https://cdn.skypack.dev/-/google-protobuf@v3.21.2-YDUqZL2TTSsy2lGtfuND/dist=es2019,mode=imports/optimized/google-protobuf.js:4573:18)
    at Function.deserialize (file:///Users/thesayyn/Documents/thesayyn/protoc-gen-ts/target/debug/build/protoc_gen_ts-8cec2bec66276c47/out/test_conformance/test_messages_proto2.ts:229:53)
    at file:///Users/thesayyn/Documents/thesayyn/protoc-gen-ts/tests/conformance/bin/main.ts:30:78

  protobuf_test_messages.proto3.TestAllTypesProto3 1
  Error: Failure: Failed to read varint, encoding is invalid.
    at Object.jspb.asserts.fail (https://cdn.skypack.dev/-/google-protobuf@v3.21.2-YDUqZL2TTSsy2lGtfuND/dist=es2019,mode=imports/optimized/google-protobuf.js:801:11)
    at jspb.BinaryDecoder.readSplitVarint64 (https://cdn.skypack.dev/-/google-protobuf@v3.21.2-YDUqZL2TTSsy2lGtfuND/dist=es2019,mode=imports/optimized/google-protobuf.js:4101:18)
    at jspb.BinaryDecoder.readZigzagVarint64 (https://cdn.skypack.dev/-/google-protobuf@v3.21.2-YDUqZL2TTSsy2lGtfuND/dist=es2019,mode=imports/optimized/google-protobuf.js:4179:17)
    at jspb.BinaryReader.readPackedField_ (https://cdn.skypack.dev/-/google-protobuf@v3.21.2-YDUqZL2TTSsy2lGtfuND/dist=es2019,mode=imports/optimized/google-protobuf.js:4676:16)
    at jspb.BinaryReader.readPackedSint64 (https://cdn.skypack.dev/-/google-protobuf@v3.21.2-YDUqZL2TTSsy2lGtfuND/dist=es2019,mode=imports/optimized/google-protobuf.js:4712:17)
    at Function.deserialize (file:///Users/thesayyn/Documents/thesayyn/protoc-gen-ts/target/debug/build/protoc_gen_ts-8cec2bec66276c47/out/test_conformance/test_messages_proto3.ts:261:78)
    at file:///Users/thesayyn/Documents/thesayyn/protoc-gen-ts/tests/conformance/bin/main.ts:23:78

  protobuf_test_messages.proto2.TestAllTypesProto2 1
  Error: Assertion failed
    at Object.jspb.asserts.doAssertFailure (https://cdn.skypack.dev/-/google-protobuf@v3.21.2-YDUqZL2TTSsy2lGtfuND/dist=es2019,mode=imports/optimized/google-protobuf.js:778:11)
    at Object.jspb.asserts.assert (https://cdn.skypack.dev/-/google-protobuf@v3.21.2-YDUqZL2TTSsy2lGtfuND/dist=es2019,mode=imports/optimized/google-protobuf.js:783:23)
    at jspb.BinaryReader.readSint64 (https://cdn.skypack.dev/-/google-protobuf@v3.21.2-YDUqZL2TTSsy2lGtfuND/dist=es2019,mode=imports/optimized/google-protobuf.js:4573:18)
    at Function.deserialize (file:///Users/thesayyn/Documents/thesayyn/protoc-gen-ts/target/debug/build/protoc_gen_ts-8cec2bec66276c47/out/test_conformance/test_messages_proto2.ts:229:53)
    at file:///Users/thesayyn/Documents/thesayyn/protoc-gen-ts/tests/conformance/bin/main.ts:30:78

  protobuf_test_messages.proto2.TestAllTypesProto2 1
  Error: Assertion failed
    at Object.jspb.asserts.doAssertFailure (https://cdn.skypack.dev/-/google-protobuf@v3.21.2-YDUqZL2TTSsy2lGtfuND/dist=es2019,mode=imports/optimized/google-protobuf.js:778:11)
    at Object.jspb.asserts.assert (https://cdn.skypack.dev/-/google-protobuf@v3.21.2-YDUqZL2TTSsy2lGtfuND/dist=es2019,mode=imports/optimized/google-protobuf.js:783:23)
    at jspb.BinaryReader.readDouble (https://cdn.skypack.dev/-/google-protobuf@v3.21.2-YDUqZL2TTSsy2lGtfuND/dist=es2019,mode=imports/optimized/google-protobuf.js:4619:18)
    at Function.deserialize (file:///Users/thesayyn/Documents/thesayyn/protoc-gen-ts/target/debug/build/protoc_gen_ts-8cec2bec66276c47/out/test_conformance/test_messages_proto2.ts:247:53)
    at file:///Users/thesayyn/Documents/thesayyn/protoc-gen-ts/tests/conformance/bin/main.ts:30:78

  protobuf_test_messages.proto2.TestAllTypesProto2 1
  Error: Assertion failed
    at Object.jspb.asserts.doAssertFailure (https://cdn.skypack.dev/-/google-protobuf@v3.21.2-YDUqZL2TTSsy2lGtfuND/dist=es2019,mode=imports/optimized/google-protobuf.js:778:11)
    at Object.jspb.asserts.assert (https://cdn.skypack.dev/-/google-protobuf@v3.21.2-YDUqZL2TTSsy2lGtfuND/dist=es2019,mode=imports/optimized/google-protobuf.js:783:23)
    at jspb.BinaryReader.readDouble (https://cdn.skypack.dev/-/google-protobuf@v3.21.2-YDUqZL2TTSsy2lGtfuND/dist=es2019,mode=imports/optimized/google-protobuf.js:4619:18)
    at Function.deserialize (file:///Users/thesayyn/Documents/thesayyn/protoc-gen-ts/target/debug/build/protoc_gen_ts-8cec2bec66276c47/out/test_conformance/test_messages_proto2.ts:247:53)
    at file:///Users/thesayyn/Documents/thesayyn/protoc-gen-ts/tests/conformance/bin/main.ts:30:78

  protobuf_test_messages.proto2.TestAllTypesProto2 1
  Error: Assertion failed
    at Object.jspb.asserts.doAssertFailure (https://cdn.skypack.dev/-/google-protobuf@v3.21.2-YDUqZL2TTSsy2lGtfuND/dist=es2019,mode=imports/optimized/google-protobuf.js:778:11)
    at Object.jspb.asserts.assert (https://cdn.skypack.dev/-/google-protobuf@v3.21.2-YDUqZL2TTSsy2lGtfuND/dist=es2019,mode=imports/optimized/google-protobuf.js:783:23)
    at jspb.BinaryReader.readDouble (https://cdn.skypack.dev/-/google-protobuf@v3.21.2-YDUqZL2TTSsy2lGtfuND/dist=es2019,mode=imports/optimized/google-protobuf.js:4619:18)
    at Function.deserialize (file:///Users/thesayyn/Documents/thesayyn/protoc-gen-ts/target/debug/build/protoc_gen_ts-8cec2bec66276c47/out/test_conformance/test_messages_proto2.ts:247:53)
    at file:///Users/thesayyn/Documents/thesayyn/protoc-gen-ts/tests/conformance/bin/main.ts:30:78

  protobuf_test_messages.proto3.TestAllTypesProto3 1
  Error: Assertion failed
    at Object.jspb.asserts.doAssertFailure (https://cdn.skypack.dev/-/google-protobuf@v3.21.2-YDUqZL2TTSsy2lGtfuND/dist=es2019,mode=imports/optimized/google-protobuf.js:778:11)
    at Object.jspb.asserts.assert (https://cdn.skypack.dev/-/google-protobuf@v3.21.2-YDUqZL2TTSsy2lGtfuND/dist=es2019,mode=imports/optimized/google-protobuf.js:783:23)
    at jspb.BinaryReader.readDouble (https://cdn.skypack.dev/-/google-protobuf@v3.21.2-YDUqZL2TTSsy2lGtfuND/dist=es2019,mode=imports/optimized/google-protobuf.js:4619:18)
    at Function.deserialize (file:///Users/thesayyn/Documents/thesayyn/protoc-gen-ts/target/debug/build/protoc_gen_ts-8cec2bec66276c47/out/test_conformance/test_messages_proto3.ts:408:53)
    at file:///Users/thesayyn/Documents/thesayyn/protoc-gen-ts/tests/conformance/bin/main.ts:23:78

  protobuf_test_messages.proto2.TestAllTypesProto2 1
  Error: Assertion failed
    at Object.jspb.asserts.doAssertFailure (https://cdn.skypack.dev/-/google-protobuf@v3.21.2-YDUqZL2TTSsy2lGtfuND/dist=es2019,mode=imports/optimized/google-protobuf.js:778:11)
    at Object.jspb.asserts.assert (https://cdn.skypack.dev/-/google-protobuf@v3.21.2-YDUqZL2TTSsy2lGtfuND/dist=es2019,mode=imports/optimized/google-protobuf.js:783:23)
    at jspb.BinaryReader.readFloat (https://cdn.skypack.dev/-/google-protobuf@v3.21.2-YDUqZL2TTSsy2lGtfuND/dist=es2019,mode=imports/optimized/google-protobuf.js:4614:18)
    at Function.deserialize (file:///Users/thesayyn/Documents/thesayyn/protoc-gen-ts/target/debug/build/protoc_gen_ts-8cec2bec66276c47/out/test_conformance/test_messages_proto2.ts:244:52)
    at file:///Users/thesayyn/Documents/thesayyn/protoc-gen-ts/tests/conformance/bin/main.ts:30:78

  protobuf_test_messages.proto2.TestAllTypesProto2 1
  Error: Assertion failed
    at Object.jspb.asserts.doAssertFailure (https://cdn.skypack.dev/-/google-protobuf@v3.21.2-YDUqZL2TTSsy2lGtfuND/dist=es2019,mode=imports/optimized/google-protobuf.js:778:11)
    at Object.jspb.asserts.assert (https://cdn.skypack.dev/-/google-protobuf@v3.21.2-YDUqZL2TTSsy2lGtfuND/dist=es2019,mode=imports/optimized/google-protobuf.js:783:23)
    at jspb.BinaryReader.readFloat (https://cdn.skypack.dev/-/google-protobuf@v3.21.2-YDUqZL2TTSsy2lGtfuND/dist=es2019,mode=imports/optimized/google-protobuf.js:4614:18)
    at Function.deserialize (file:///Users/thesayyn/Documents/thesayyn/protoc-gen-ts/target/debug/build/protoc_gen_ts-8cec2bec66276c47/out/test_conformance/test_messages_proto2.ts:244:52)
    at file:///Users/thesayyn/Documents/thesayyn/protoc-gen-ts/tests/conformance/bin/main.ts:30:78

  protobuf_test_messages.proto2.TestAllTypesProto2 1
  Error: Assertion failed
    at Object.jspb.asserts.doAssertFailure (https://cdn.skypack.dev/-/google-protobuf@v3.21.2-YDUqZL2TTSsy2lGtfuND/dist=es2019,mode=imports/optimized/google-protobuf.js:778:11)
    at Object.jspb.asserts.assert (https://cdn.skypack.dev/-/google-protobuf@v3.21.2-YDUqZL2TTSsy2lGtfuND/dist=es2019,mode=imports/optimized/google-protobuf.js:783:23)
    at jspb.BinaryReader.readFloat (https://cdn.skypack.dev/-/google-protobuf@v3.21.2-YDUqZL2TTSsy2lGtfuND/dist=es2019,mode=imports/optimized/google-protobuf.js:4614:18)
    at Function.deserialize (file:///Users/thesayyn/Documents/thesayyn/protoc-gen-ts/target/debug/build/protoc_gen_ts-8cec2bec66276c47/out/test_conformance/test_messages_proto2.ts:244:52)
    at file:///Users/thesayyn/Documents/thesayyn/protoc-gen-ts/tests/conformance/bin/main.ts:30:78

  protobuf_test_messages.proto3.TestAllTypesProto3 1
  Error: Assertion failed
    at Object.jspb.asserts.doAssertFailure (https://cdn.skypack.dev/-/google-protobuf@v3.21.2-YDUqZL2TTSsy2lGtfuND/dist=es2019,mode=imports/optimized/google-protobuf.js:778:11)
    at Object.jspb.asserts.assert (https://cdn.skypack.dev/-/google-protobuf@v3.21.2-YDUqZL2TTSsy2lGtfuND/dist=es2019,mode=imports/optimized/google-protobuf.js:783:23)
    at jspb.BinaryReader.readFloat (https://cdn.skypack.dev/-/google-protobuf@v3.21.2-YDUqZL2TTSsy2lGtfuND/dist=es2019,mode=imports/optimized/google-protobuf.js:4614:18)
    at Function.deserialize (file:///Users/thesayyn/Documents/thesayyn/protoc-gen-ts/target/debug/build/protoc_gen_ts-8cec2bec66276c47/out/test_conformance/test_messages_proto3.ts:405:52)
    at file:///Users/thesayyn/Documents/thesayyn/protoc-gen-ts/tests/conformance/bin/main.ts:23:78

  protobuf_test_messages.proto2.TestAllTypesProto2 1
  Error: Assertion failed
    at Object.jspb.asserts.doAssertFailure (https://cdn.skypack.dev/-/google-protobuf@v3.21.2-YDUqZL2TTSsy2lGtfuND/dist=es2019,mode=imports/optimized/google-protobuf.js:778:11)
    at Object.jspb.asserts.assert (https://cdn.skypack.dev/-/google-protobuf@v3.21.2-YDUqZL2TTSsy2lGtfuND/dist=es2019,mode=imports/optimized/google-protobuf.js:783:23)
    at jspb.BinaryWriter.writeInt64 (https://cdn.skypack.dev/-/google-protobuf@v3.21.2-YDUqZL2TTSsy2lGtfuND/dist=es2019,mode=imports/optimized/google-protobuf.js:5220:32)
    at protobuf_test_messages_proto2_TestAllTypesProto2.serialize (file:///Users/thesayyn/Documents/thesayyn/protoc-gen-ts/target/debug/build/protoc_gen_ts-8cec2bec66276c47/out/test_conformance/test_messages_proto2.ts:879:20)
    at file:///Users/thesayyn/Documents/thesayyn/protoc-gen-ts/tests/conformance/bin/main.ts:31:44

  protobuf_test_messages.proto2.TestAllTypesProto2 1
  Error: Assertion failed
    at Object.jspb.asserts.doAssertFailure (https://cdn.skypack.dev/-/google-protobuf@v3.21.2-YDUqZL2TTSsy2lGtfuND/dist=es2019,mode=imports/optimized/google-protobuf.js:778:11)
    at Object.jspb.asserts.assert (https://cdn.skypack.dev/-/google-protobuf@v3.21.2-YDUqZL2TTSsy2lGtfuND/dist=es2019,mode=imports/optimized/google-protobuf.js:783:23)
    at jspb.BinaryWriter.writeInt64 (https://cdn.skypack.dev/-/google-protobuf@v3.21.2-YDUqZL2TTSsy2lGtfuND/dist=es2019,mode=imports/optimized/google-protobuf.js:5220:32)
    at protobuf_test_messages_proto2_TestAllTypesProto2.serialize (file:///Users/thesayyn/Documents/thesayyn/protoc-gen-ts/target/debug/build/protoc_gen_ts-8cec2bec66276c47/out/test_conformance/test_messages_proto2.ts:879:20)
    at file:///Users/thesayyn/Documents/thesayyn/protoc-gen-ts/tests/conformance/bin/main.ts:31:44

  protobuf_test_messages.proto2.TestAllTypesProto2 1
  Error: Assertion failed
    at Object.jspb.asserts.doAssertFailure (https://cdn.skypack.dev/-/google-protobuf@v3.21.2-YDUqZL2TTSsy2lGtfuND/dist=es2019,mode=imports/optimized/google-protobuf.js:778:11)
    at Object.jspb.asserts.assert (https://cdn.skypack.dev/-/google-protobuf@v3.21.2-YDUqZL2TTSsy2lGtfuND/dist=es2019,mode=imports/optimized/google-protobuf.js:783:23)
    at jspb.BinaryWriter.writeInt64 (https://cdn.skypack.dev/-/google-protobuf@v3.21.2-YDUqZL2TTSsy2lGtfuND/dist=es2019,mode=imports/optimized/google-protobuf.js:5220:32)
    at protobuf_test_messages_proto2_TestAllTypesProto2.serialize (file:///Users/thesayyn/Documents/thesayyn/protoc-gen-ts/target/debug/build/protoc_gen_ts-8cec2bec66276c47/out/test_conformance/test_messages_proto2.ts:992:20)
    at file:///Users/thesayyn/Documents/thesayyn/protoc-gen-ts/tests/conformance/bin/main.ts:31:44

  protobuf_test_messages.proto2.TestAllTypesProto2 1
  Error: Assertion failed
    at Object.jspb.asserts.doAssertFailure (https://cdn.skypack.dev/-/google-protobuf@v3.21.2-YDUqZL2TTSsy2lGtfuND/dist=es2019,mode=imports/optimized/google-protobuf.js:778:11)
    at Object.jspb.asserts.assert (https://cdn.skypack.dev/-/google-protobuf@v3.21.2-YDUqZL2TTSsy2lGtfuND/dist=es2019,mode=imports/optimized/google-protobuf.js:783:23)
    at jspb.BinaryReader.readInt64 (https://cdn.skypack.dev/-/google-protobuf@v3.21.2-YDUqZL2TTSsy2lGtfuND/dist=es2019,mode=imports/optimized/google-protobuf.js:4541:18)
    at Function.deserialize (file:///Users/thesayyn/Documents/thesayyn/protoc-gen-ts/target/debug/build/protoc_gen_ts-8cec2bec66276c47/out/test_conformance/test_messages_proto2.ts:217:52)
    at file:///Users/thesayyn/Documents/thesayyn/protoc-gen-ts/tests/conformance/bin/main.ts:30:78

  protobuf_test_messages.proto2.TestAllTypesProto2 1
  Error: Assertion failed
    at Object.jspb.asserts.doAssertFailure (https://cdn.skypack.dev/-/google-protobuf@v3.21.2-YDUqZL2TTSsy2lGtfuND/dist=es2019,mode=imports/optimized/google-protobuf.js:778:11)
    at Object.jspb.asserts.assert (https://cdn.skypack.dev/-/google-protobuf@v3.21.2-YDUqZL2TTSsy2lGtfuND/dist=es2019,mode=imports/optimized/google-protobuf.js:783:23)
    at jspb.BinaryWriter.writeInt64 (https://cdn.skypack.dev/-/google-protobuf@v3.21.2-YDUqZL2TTSsy2lGtfuND/dist=es2019,mode=imports/optimized/google-protobuf.js:5220:32)
    at protobuf_test_messages_proto2_TestAllTypesProto2.serialize (file:///Users/thesayyn/Documents/thesayyn/protoc-gen-ts/target/debug/build/protoc_gen_ts-8cec2bec66276c47/out/test_conformance/test_messages_proto2.ts:992:20)
    at file:///Users/thesayyn/Documents/thesayyn/protoc-gen-ts/tests/conformance/bin/main.ts:31:44

  protobuf_test_messages.proto2.TestAllTypesProto2 1
  Error: Assertion failed
    at Object.jspb.asserts.doAssertFailure (https://cdn.skypack.dev/-/google-protobuf@v3.21.2-YDUqZL2TTSsy2lGtfuND/dist=es2019,mode=imports/optimized/google-protobuf.js:778:11)
    at Object.jspb.asserts.assert (https://cdn.skypack.dev/-/google-protobuf@v3.21.2-YDUqZL2TTSsy2lGtfuND/dist=es2019,mode=imports/optimized/google-protobuf.js:783:23)
    at jspb.BinaryReader.readInt64 (https://cdn.skypack.dev/-/google-protobuf@v3.21.2-YDUqZL2TTSsy2lGtfuND/dist=es2019,mode=imports/optimized/google-protobuf.js:4541:18)
    at Function.deserialize (file:///Users/thesayyn/Documents/thesayyn/protoc-gen-ts/target/debug/build/protoc_gen_ts-8cec2bec66276c47/out/test_conformance/test_messages_proto2.ts:217:52)
    at file:///Users/thesayyn/Documents/thesayyn/protoc-gen-ts/tests/conformance/bin/main.ts:30:78

  protobuf_test_messages.proto2.TestAllTypesProto2 1
  Error: Assertion failed
    at Object.jspb.asserts.doAssertFailure (https://cdn.skypack.dev/-/google-protobuf@v3.21.2-YDUqZL2TTSsy2lGtfuND/dist=es2019,mode=imports/optimized/google-protobuf.js:778:11)
    at Object.jspb.asserts.assert (https://cdn.skypack.dev/-/google-protobuf@v3.21.2-YDUqZL2TTSsy2lGtfuND/dist=es2019,mode=imports/optimized/google-protobuf.js:783:23)
    at jspb.BinaryEncoder.writeSignedVarint64 (https://cdn.skypack.dev/-/google-protobuf@v3.21.2-YDUqZL2TTSsy2lGtfuND/dist=es2019,mode=imports/optimized/google-protobuf.js:4814:18)
    at jspb.BinaryWriter.writePackedInt64 (https://cdn.skypack.dev/-/google-protobuf@v3.21.2-YDUqZL2TTSsy2lGtfuND/dist=es2019,mode=imports/optimized/google-protobuf.js:5530:23)
    at protobuf_test_messages_proto2_TestAllTypesProto2.serialize (file:///Users/thesayyn/Documents/thesayyn/protoc-gen-ts/target/debug/build/protoc_gen_ts-8cec2bec66276c47/out/test_conformance/test_messages_proto2.ts:1099:20)
    at file:///Users/thesayyn/Documents/thesayyn/protoc-gen-ts/tests/conformance/bin/main.ts:31:44

  protobuf_test_messages.proto2.TestAllTypesProto2 1
  Error: Assertion failed
    at Object.jspb.asserts.doAssertFailure (https://cdn.skypack.dev/-/google-protobuf@v3.21.2-YDUqZL2TTSsy2lGtfuND/dist=es2019,mode=imports/optimized/google-protobuf.js:778:11)
    at Object.jspb.asserts.assert (https://cdn.skypack.dev/-/google-protobuf@v3.21.2-YDUqZL2TTSsy2lGtfuND/dist=es2019,mode=imports/optimized/google-protobuf.js:783:23)
    at jspb.BinaryEncoder.writeSignedVarint64 (https://cdn.skypack.dev/-/google-protobuf@v3.21.2-YDUqZL2TTSsy2lGtfuND/dist=es2019,mode=imports/optimized/google-protobuf.js:4814:18)
    at jspb.BinaryWriter.writePackedInt64 (https://cdn.skypack.dev/-/google-protobuf@v3.21.2-YDUqZL2TTSsy2lGtfuND/dist=es2019,mode=imports/optimized/google-protobuf.js:5530:23)
    at protobuf_test_messages_proto2_TestAllTypesProto2.serialize (file:///Users/thesayyn/Documents/thesayyn/protoc-gen-ts/target/debug/build/protoc_gen_ts-8cec2bec66276c47/out/test_conformance/test_messages_proto2.ts:1099:20)
    at file:///Users/thesayyn/Documents/thesayyn/protoc-gen-ts/tests/conformance/bin/main.ts:31:44

  protobuf_test_messages.proto2.TestAllTypesProto2 1
  Error: Assertion failed
    at Object.jspb.asserts.doAssertFailure (https://cdn.skypack.dev/-/google-protobuf@v3.21.2-YDUqZL2TTSsy2lGtfuND/dist=es2019,mode=imports/optimized/google-protobuf.js:778:11)
    at Object.jspb.asserts.assert (https://cdn.skypack.dev/-/google-protobuf@v3.21.2-YDUqZL2TTSsy2lGtfuND/dist=es2019,mode=imports/optimized/google-protobuf.js:783:23)
    at jspb.BinaryWriter.writeInt64 (https://cdn.skypack.dev/-/google-protobuf@v3.21.2-YDUqZL2TTSsy2lGtfuND/dist=es2019,mode=imports/optimized/google-protobuf.js:5220:32)
    at protobuf_test_messages_proto2_TestAllTypesProto2.serialize (file:///Users/thesayyn/Documents/thesayyn/protoc-gen-ts/target/debug/build/protoc_gen_ts-8cec2bec66276c47/out/test_conformance/test_messages_proto2.ts:992:20)
    at file:///Users/thesayyn/Documents/thesayyn/protoc-gen-ts/tests/conformance/bin/main.ts:31:44

  protobuf_test_messages.proto2.TestAllTypesProto2 1
  Error: Assertion failed
    at Object.jspb.asserts.doAssertFailure (https://cdn.skypack.dev/-/google-protobuf@v3.21.2-YDUqZL2TTSsy2lGtfuND/dist=es2019,mode=imports/optimized/google-protobuf.js:778:11)
    at Object.jspb.asserts.assert (https://cdn.skypack.dev/-/google-protobuf@v3.21.2-YDUqZL2TTSsy2lGtfuND/dist=es2019,mode=imports/optimized/google-protobuf.js:783:23)
    at jspb.BinaryReader.readInt64 (https://cdn.skypack.dev/-/google-protobuf@v3.21.2-YDUqZL2TTSsy2lGtfuND/dist=es2019,mode=imports/optimized/google-protobuf.js:4541:18)
    at Function.deserialize (file:///Users/thesayyn/Documents/thesayyn/protoc-gen-ts/target/debug/build/protoc_gen_ts-8cec2bec66276c47/out/test_conformance/test_messages_proto2.ts:217:52)
    at file:///Users/thesayyn/Documents/thesayyn/protoc-gen-ts/tests/conformance/bin/main.ts:30:78

  protobuf_test_messages.proto3.TestAllTypesProto3 1
  Error: Assertion failed
    at Object.jspb.asserts.doAssertFailure (https://cdn.skypack.dev/-/google-protobuf@v3.21.2-YDUqZL2TTSsy2lGtfuND/dist=es2019,mode=imports/optimized/google-protobuf.js:778:11)
    at Object.jspb.asserts.assert (https://cdn.skypack.dev/-/google-protobuf@v3.21.2-YDUqZL2TTSsy2lGtfuND/dist=es2019,mode=imports/optimized/google-protobuf.js:783:23)
    at jspb.BinaryWriter.writeInt64 (https://cdn.skypack.dev/-/google-protobuf@v3.21.2-YDUqZL2TTSsy2lGtfuND/dist=es2019,mode=imports/optimized/google-protobuf.js:5220:32)
    at protobuf_test_messages_proto3_TestAllTypesProto3.serialize (file:///Users/thesayyn/Documents/thesayyn/protoc-gen-ts/target/debug/build/protoc_gen_ts-8cec2bec66276c47/out/test_conformance/test_messages_proto3.ts:972:20)
    at file:///Users/thesayyn/Documents/thesayyn/protoc-gen-ts/tests/conformance/bin/main.ts:24:44

  protobuf_test_messages.proto3.TestAllTypesProto3 1
  Error: Assertion failed
    at Object.jspb.asserts.doAssertFailure (https://cdn.skypack.dev/-/google-protobuf@v3.21.2-YDUqZL2TTSsy2lGtfuND/dist=es2019,mode=imports/optimized/google-protobuf.js:778:11)
    at Object.jspb.asserts.assert (https://cdn.skypack.dev/-/google-protobuf@v3.21.2-YDUqZL2TTSsy2lGtfuND/dist=es2019,mode=imports/optimized/google-protobuf.js:783:23)
    at jspb.BinaryWriter.writeInt64 (https://cdn.skypack.dev/-/google-protobuf@v3.21.2-YDUqZL2TTSsy2lGtfuND/dist=es2019,mode=imports/optimized/google-protobuf.js:5220:32)
    at protobuf_test_messages_proto3_TestAllTypesProto3.serialize (file:///Users/thesayyn/Documents/thesayyn/protoc-gen-ts/target/debug/build/protoc_gen_ts-8cec2bec66276c47/out/test_conformance/test_messages_proto3.ts:972:20)
    at file:///Users/thesayyn/Documents/thesayyn/protoc-gen-ts/tests/conformance/bin/main.ts:24:44

  protobuf_test_messages.proto3.TestAllTypesProto3 1
  Error: Assertion failed
    at Object.jspb.asserts.doAssertFailure (https://cdn.skypack.dev/-/google-protobuf@v3.21.2-YDUqZL2TTSsy2lGtfuND/dist=es2019,mode=imports/optimized/google-protobuf.js:778:11)
    at Object.jspb.asserts.assert (https://cdn.skypack.dev/-/google-protobuf@v3.21.2-YDUqZL2TTSsy2lGtfuND/dist=es2019,mode=imports/optimized/google-protobuf.js:783:23)
    at jspb.BinaryEncoder.writeSignedVarint64 (https://cdn.skypack.dev/-/google-protobuf@v3.21.2-YDUqZL2TTSsy2lGtfuND/dist=es2019,mode=imports/optimized/google-protobuf.js:4814:18)
    at jspb.BinaryWriter.writePackedInt64 (https://cdn.skypack.dev/-/google-protobuf@v3.21.2-YDUqZL2TTSsy2lGtfuND/dist=es2019,mode=imports/optimized/google-protobuf.js:5530:23)
    at protobuf_test_messages_proto3_TestAllTypesProto3.serialize (file:///Users/thesayyn/Documents/thesayyn/protoc-gen-ts/target/debug/build/protoc_gen_ts-8cec2bec66276c47/out/test_conformance/test_messages_proto3.ts:1090:20)
    at file:///Users/thesayyn/Documents/thesayyn/protoc-gen-ts/tests/conformance/bin/main.ts:24:44

  protobuf_test_messages.proto3.TestAllTypesProto3 1
  Error: Assertion failed
    at Object.jspb.asserts.doAssertFailure (https://cdn.skypack.dev/-/google-protobuf@v3.21.2-YDUqZL2TTSsy2lGtfuND/dist=es2019,mode=imports/optimized/google-protobuf.js:778:11)
    at Object.jspb.asserts.assert (https://cdn.skypack.dev/-/google-protobuf@v3.21.2-YDUqZL2TTSsy2lGtfuND/dist=es2019,mode=imports/optimized/google-protobuf.js:783:23)
    at jspb.BinaryEncoder.writeSignedVarint64 (https://cdn.skypack.dev/-/google-protobuf@v3.21.2-YDUqZL2TTSsy2lGtfuND/dist=es2019,mode=imports/optimized/google-protobuf.js:4814:18)
    at jspb.BinaryWriter.writePackedInt64 (https://cdn.skypack.dev/-/google-protobuf@v3.21.2-YDUqZL2TTSsy2lGtfuND/dist=es2019,mode=imports/optimized/google-protobuf.js:5530:23)
    at protobuf_test_messages_proto3_TestAllTypesProto3.serialize (file:///Users/thesayyn/Documents/thesayyn/protoc-gen-ts/target/debug/build/protoc_gen_ts-8cec2bec66276c47/out/test_conformance/test_messages_proto3.ts:1090:20)
    at file:///Users/thesayyn/Documents/thesayyn/protoc-gen-ts/tests/conformance/bin/main.ts:24:44

  protobuf_test_messages.proto3.TestAllTypesProto3 1
  Error: Assertion failed
    at Object.jspb.asserts.doAssertFailure (https://cdn.skypack.dev/-/google-protobuf@v3.21.2-YDUqZL2TTSsy2lGtfuND/dist=es2019,mode=imports/optimized/google-protobuf.js:778:11)
    at Object.jspb.asserts.assert (https://cdn.skypack.dev/-/google-protobuf@v3.21.2-YDUqZL2TTSsy2lGtfuND/dist=es2019,mode=imports/optimized/google-protobuf.js:783:23)
    at jspb.BinaryEncoder.writeSignedVarint64 (https://cdn.skypack.dev/-/google-protobuf@v3.21.2-YDUqZL2TTSsy2lGtfuND/dist=es2019,mode=imports/optimized/google-protobuf.js:4814:18)
    at jspb.BinaryWriter.writePackedInt64 (https://cdn.skypack.dev/-/google-protobuf@v3.21.2-YDUqZL2TTSsy2lGtfuND/dist=es2019,mode=imports/optimized/google-protobuf.js:5530:23)
    at protobuf_test_messages_proto3_TestAllTypesProto3.serialize (file:///Users/thesayyn/Documents/thesayyn/protoc-gen-ts/target/debug/build/protoc_gen_ts-8cec2bec66276c47/out/test_conformance/test_messages_proto3.ts:1090:20)
    at file:///Users/thesayyn/Documents/thesayyn/protoc-gen-ts/tests/conformance/bin/main.ts:24:44

  protobuf_test_messages.proto3.TestAllTypesProto3 1
  Error: Assertion failed
    at Object.jspb.asserts.doAssertFailure (https://cdn.skypack.dev/-/google-protobuf@v3.21.2-YDUqZL2TTSsy2lGtfuND/dist=es2019,mode=imports/optimized/google-protobuf.js:778:11)
    at Object.jspb.asserts.assert (https://cdn.skypack.dev/-/google-protobuf@v3.21.2-YDUqZL2TTSsy2lGtfuND/dist=es2019,mode=imports/optimized/google-protobuf.js:783:23)
    at jspb.BinaryEncoder.writeSignedVarint64 (https://cdn.skypack.dev/-/google-protobuf@v3.21.2-YDUqZL2TTSsy2lGtfuND/dist=es2019,mode=imports/optimized/google-protobuf.js:4814:18)
    at jspb.BinaryWriter.writePackedInt64 (https://cdn.skypack.dev/-/google-protobuf@v3.21.2-YDUqZL2TTSsy2lGtfuND/dist=es2019,mode=imports/optimized/google-protobuf.js:5530:23)
    at protobuf_test_messages_proto3_TestAllTypesProto3.serialize (file:///Users/thesayyn/Documents/thesayyn/protoc-gen-ts/target/debug/build/protoc_gen_ts-8cec2bec66276c47/out/test_conformance/test_messages_proto3.ts:1090:20)
    at file:///Users/thesayyn/Documents/thesayyn/protoc-gen-ts/tests/conformance/bin/main.ts:24:44

  protobuf_test_messages.proto3.TestAllTypesProto3 1
  Error: Assertion failed
    at Object.jspb.asserts.doAssertFailure (https://cdn.skypack.dev/-/google-protobuf@v3.21.2-YDUqZL2TTSsy2lGtfuND/dist=es2019,mode=imports/optimized/google-protobuf.js:778:11)
    at Object.jspb.asserts.assert (https://cdn.skypack.dev/-/google-protobuf@v3.21.2-YDUqZL2TTSsy2lGtfuND/dist=es2019,mode=imports/optimized/google-protobuf.js:783:23)
    at jspb.BinaryEncoder.writeSignedVarint64 (https://cdn.skypack.dev/-/google-protobuf@v3.21.2-YDUqZL2TTSsy2lGtfuND/dist=es2019,mode=imports/optimized/google-protobuf.js:4814:18)
    at jspb.BinaryWriter.writePackedInt64 (https://cdn.skypack.dev/-/google-protobuf@v3.21.2-YDUqZL2TTSsy2lGtfuND/dist=es2019,mode=imports/optimized/google-protobuf.js:5530:23)
    at protobuf_test_messages_proto3_TestAllTypesProto3.serialize (file:///Users/thesayyn/Documents/thesayyn/protoc-gen-ts/target/debug/build/protoc_gen_ts-8cec2bec66276c47/out/test_conformance/test_messages_proto3.ts:1090:20)
    at file:///Users/thesayyn/Documents/thesayyn/protoc-gen-ts/tests/conformance/bin/main.ts:24:44

  protobuf_test_messages.proto3.TestAllTypesProto3 1
  Error: Assertion failed
    at Object.jspb.asserts.doAssertFailure (https://cdn.skypack.dev/-/google-protobuf@v3.21.2-YDUqZL2TTSsy2lGtfuND/dist=es2019,mode=imports/optimized/google-protobuf.js:778:11)
    at Object.jspb.asserts.assert (https://cdn.skypack.dev/-/google-protobuf@v3.21.2-YDUqZL2TTSsy2lGtfuND/dist=es2019,mode=imports/optimized/google-protobuf.js:783:23)
    at jspb.BinaryEncoder.writeSignedVarint64 (https://cdn.skypack.dev/-/google-protobuf@v3.21.2-YDUqZL2TTSsy2lGtfuND/dist=es2019,mode=imports/optimized/google-protobuf.js:4814:18)
    at jspb.BinaryWriter.writePackedInt64 (https://cdn.skypack.dev/-/google-protobuf@v3.21.2-YDUqZL2TTSsy2lGtfuND/dist=es2019,mode=imports/optimized/google-protobuf.js:5530:23)
    at protobuf_test_messages_proto3_TestAllTypesProto3.serialize (file:///Users/thesayyn/Documents/thesayyn/protoc-gen-ts/target/debug/build/protoc_gen_ts-8cec2bec66276c47/out/test_conformance/test_messages_proto3.ts:1090:20)
    at file:///Users/thesayyn/Documents/thesayyn/protoc-gen-ts/tests/conformance/bin/main.ts:24:44

  protobuf_test_messages.proto3.TestAllTypesProto3 1
  Error: Assertion failed
    at Object.jspb.asserts.doAssertFailure (https://cdn.skypack.dev/-/google-protobuf@v3.21.2-YDUqZL2TTSsy2lGtfuND/dist=es2019,mode=imports/optimized/google-protobuf.js:778:11)
    at Object.jspb.asserts.assert (https://cdn.skypack.dev/-/google-protobuf@v3.21.2-YDUqZL2TTSsy2lGtfuND/dist=es2019,mode=imports/optimized/google-protobuf.js:783:23)
    at jspb.BinaryWriter.writeInt64 (https://cdn.skypack.dev/-/google-protobuf@v3.21.2-YDUqZL2TTSsy2lGtfuND/dist=es2019,mode=imports/optimized/google-protobuf.js:5220:32)
    at protobuf_test_messages_proto3_TestAllTypesProto3.serialize (file:///Users/thesayyn/Documents/thesayyn/protoc-gen-ts/target/debug/build/protoc_gen_ts-8cec2bec66276c47/out/test_conformance/test_messages_proto3.ts:1267:20)
    at file:///Users/thesayyn/Documents/thesayyn/protoc-gen-ts/tests/conformance/bin/main.ts:24:44

  protobuf_test_messages.proto3.TestAllTypesProto3 1
  Error: Assertion failed
    at Object.jspb.asserts.doAssertFailure (https://cdn.skypack.dev/-/google-protobuf@v3.21.2-YDUqZL2TTSsy2lGtfuND/dist=es2019,mode=imports/optimized/google-protobuf.js:778:11)
    at Object.jspb.asserts.assert (https://cdn.skypack.dev/-/google-protobuf@v3.21.2-YDUqZL2TTSsy2lGtfuND/dist=es2019,mode=imports/optimized/google-protobuf.js:783:23)
    at jspb.BinaryReader.readInt64 (https://cdn.skypack.dev/-/google-protobuf@v3.21.2-YDUqZL2TTSsy2lGtfuND/dist=es2019,mode=imports/optimized/google-protobuf.js:4541:18)
    at Function.deserialize (file:///Users/thesayyn/Documents/thesayyn/protoc-gen-ts/target/debug/build/protoc_gen_ts-8cec2bec66276c47/out/test_conformance/test_messages_proto3.ts:378:52)
    at file:///Users/thesayyn/Documents/thesayyn/protoc-gen-ts/tests/conformance/bin/main.ts:23:78

  protobuf_test_messages.proto2.TestAllTypesProto2 1
  Error: Assertion failed
    at Object.jspb.asserts.doAssertFailure (https://cdn.skypack.dev/-/google-protobuf@v3.21.2-YDUqZL2TTSsy2lGtfuND/dist=es2019,mode=imports/optimized/google-protobuf.js:778:11)
    at Object.jspb.asserts.assert (https://cdn.skypack.dev/-/google-protobuf@v3.21.2-YDUqZL2TTSsy2lGtfuND/dist=es2019,mode=imports/optimized/google-protobuf.js:783:23)
    at jspb.BinaryWriter.writeUint64 (https://cdn.skypack.dev/-/google-protobuf@v3.21.2-YDUqZL2TTSsy2lGtfuND/dist=es2019,mode=imports/optimized/google-protobuf.js:5234:32)
    at protobuf_test_messages_proto2_TestAllTypesProto2.serialize (file:///Users/thesayyn/Documents/thesayyn/protoc-gen-ts/target/debug/build/protoc_gen_ts-8cec2bec66276c47/out/test_conformance/test_messages_proto2.ts:889:20)
    at file:///Users/thesayyn/Documents/thesayyn/protoc-gen-ts/tests/conformance/bin/main.ts:31:44

  protobuf_test_messages.proto2.TestAllTypesProto2 1
  Error: Assertion failed
    at Object.jspb.asserts.doAssertFailure (https://cdn.skypack.dev/-/google-protobuf@v3.21.2-YDUqZL2TTSsy2lGtfuND/dist=es2019,mode=imports/optimized/google-protobuf.js:778:11)
    at Object.jspb.asserts.assert (https://cdn.skypack.dev/-/google-protobuf@v3.21.2-YDUqZL2TTSsy2lGtfuND/dist=es2019,mode=imports/optimized/google-protobuf.js:783:23)
    at jspb.BinaryWriter.writeUint64 (https://cdn.skypack.dev/-/google-protobuf@v3.21.2-YDUqZL2TTSsy2lGtfuND/dist=es2019,mode=imports/optimized/google-protobuf.js:5234:32)
    at protobuf_test_messages_proto2_TestAllTypesProto2.serialize (file:///Users/thesayyn/Documents/thesayyn/protoc-gen-ts/target/debug/build/protoc_gen_ts-8cec2bec66276c47/out/test_conformance/test_messages_proto2.ts:889:20)
    at file:///Users/thesayyn/Documents/thesayyn/protoc-gen-ts/tests/conformance/bin/main.ts:31:44

  protobuf_test_messages.proto2.TestAllTypesProto2 1
  Error: Assertion failed
    at Object.jspb.asserts.doAssertFailure (https://cdn.skypack.dev/-/google-protobuf@v3.21.2-YDUqZL2TTSsy2lGtfuND/dist=es2019,mode=imports/optimized/google-protobuf.js:778:11)
    at Object.jspb.asserts.assert (https://cdn.skypack.dev/-/google-protobuf@v3.21.2-YDUqZL2TTSsy2lGtfuND/dist=es2019,mode=imports/optimized/google-protobuf.js:783:23)
    at jspb.BinaryWriter.writeUint64 (https://cdn.skypack.dev/-/google-protobuf@v3.21.2-YDUqZL2TTSsy2lGtfuND/dist=es2019,mode=imports/optimized/google-protobuf.js:5234:32)
    at protobuf_test_messages_proto2_TestAllTypesProto2.serialize (file:///Users/thesayyn/Documents/thesayyn/protoc-gen-ts/target/debug/build/protoc_gen_ts-8cec2bec66276c47/out/test_conformance/test_messages_proto2.ts:889:20)
    at file:///Users/thesayyn/Documents/thesayyn/protoc-gen-ts/tests/conformance/bin/main.ts:31:44

  protobuf_test_messages.proto2.TestAllTypesProto2 1
  Error: Assertion failed
    at Object.jspb.asserts.doAssertFailure (https://cdn.skypack.dev/-/google-protobuf@v3.21.2-YDUqZL2TTSsy2lGtfuND/dist=es2019,mode=imports/optimized/google-protobuf.js:778:11)
    at Object.jspb.asserts.assert (https://cdn.skypack.dev/-/google-protobuf@v3.21.2-YDUqZL2TTSsy2lGtfuND/dist=es2019,mode=imports/optimized/google-protobuf.js:783:23)
    at jspb.BinaryWriter.writeUint64 (https://cdn.skypack.dev/-/google-protobuf@v3.21.2-YDUqZL2TTSsy2lGtfuND/dist=es2019,mode=imports/optimized/google-protobuf.js:5234:32)
    at protobuf_test_messages_proto2_TestAllTypesProto2.serialize (file:///Users/thesayyn/Documents/thesayyn/protoc-gen-ts/target/debug/build/protoc_gen_ts-8cec2bec66276c47/out/test_conformance/test_messages_proto2.ts:1002:20)
    at file:///Users/thesayyn/Documents/thesayyn/protoc-gen-ts/tests/conformance/bin/main.ts:31:44

  protobuf_test_messages.proto2.TestAllTypesProto2 1
  Error: Assertion failed
    at Object.jspb.asserts.doAssertFailure (https://cdn.skypack.dev/-/google-protobuf@v3.21.2-YDUqZL2TTSsy2lGtfuND/dist=es2019,mode=imports/optimized/google-protobuf.js:778:11)
    at Object.jspb.asserts.assert (https://cdn.skypack.dev/-/google-protobuf@v3.21.2-YDUqZL2TTSsy2lGtfuND/dist=es2019,mode=imports/optimized/google-protobuf.js:783:23)
    at jspb.BinaryReader.readUint64 (https://cdn.skypack.dev/-/google-protobuf@v3.21.2-YDUqZL2TTSsy2lGtfuND/dist=es2019,mode=imports/optimized/google-protobuf.js:4559:18)
    at Function.deserialize (file:///Users/thesayyn/Documents/thesayyn/protoc-gen-ts/target/debug/build/protoc_gen_ts-8cec2bec66276c47/out/test_conformance/test_messages_proto2.ts:223:53)
    at file:///Users/thesayyn/Documents/thesayyn/protoc-gen-ts/tests/conformance/bin/main.ts:30:78

  protobuf_test_messages.proto2.TestAllTypesProto2 1
  Error: Assertion failed
    at Object.jspb.asserts.doAssertFailure (https://cdn.skypack.dev/-/google-protobuf@v3.21.2-YDUqZL2TTSsy2lGtfuND/dist=es2019,mode=imports/optimized/google-protobuf.js:778:11)
    at Object.jspb.asserts.assert (https://cdn.skypack.dev/-/google-protobuf@v3.21.2-YDUqZL2TTSsy2lGtfuND/dist=es2019,mode=imports/optimized/google-protobuf.js:783:23)
    at jspb.BinaryWriter.writeUint64 (https://cdn.skypack.dev/-/google-protobuf@v3.21.2-YDUqZL2TTSsy2lGtfuND/dist=es2019,mode=imports/optimized/google-protobuf.js:5234:32)
    at protobuf_test_messages_proto2_TestAllTypesProto2.serialize (file:///Users/thesayyn/Documents/thesayyn/protoc-gen-ts/target/debug/build/protoc_gen_ts-8cec2bec66276c47/out/test_conformance/test_messages_proto2.ts:1002:20)
    at file:///Users/thesayyn/Documents/thesayyn/protoc-gen-ts/tests/conformance/bin/main.ts:31:44

  protobuf_test_messages.proto2.TestAllTypesProto2 1
  Error: Assertion failed
    at Object.jspb.asserts.doAssertFailure (https://cdn.skypack.dev/-/google-protobuf@v3.21.2-YDUqZL2TTSsy2lGtfuND/dist=es2019,mode=imports/optimized/google-protobuf.js:778:11)
    at Object.jspb.asserts.assert (https://cdn.skypack.dev/-/google-protobuf@v3.21.2-YDUqZL2TTSsy2lGtfuND/dist=es2019,mode=imports/optimized/google-protobuf.js:783:23)
    at jspb.BinaryReader.readUint64 (https://cdn.skypack.dev/-/google-protobuf@v3.21.2-YDUqZL2TTSsy2lGtfuND/dist=es2019,mode=imports/optimized/google-protobuf.js:4559:18)
    at Function.deserialize (file:///Users/thesayyn/Documents/thesayyn/protoc-gen-ts/target/debug/build/protoc_gen_ts-8cec2bec66276c47/out/test_conformance/test_messages_proto2.ts:223:53)
    at file:///Users/thesayyn/Documents/thesayyn/protoc-gen-ts/tests/conformance/bin/main.ts:30:78

  protobuf_test_messages.proto2.TestAllTypesProto2 1
  Error: Assertion failed
    at Object.jspb.asserts.doAssertFailure (https://cdn.skypack.dev/-/google-protobuf@v3.21.2-YDUqZL2TTSsy2lGtfuND/dist=es2019,mode=imports/optimized/google-protobuf.js:778:11)
    at Object.jspb.asserts.assert (https://cdn.skypack.dev/-/google-protobuf@v3.21.2-YDUqZL2TTSsy2lGtfuND/dist=es2019,mode=imports/optimized/google-protobuf.js:783:23)
    at jspb.BinaryEncoder.writeUnsignedVarint64 (https://cdn.skypack.dev/-/google-protobuf@v3.21.2-YDUqZL2TTSsy2lGtfuND/dist=es2019,mode=imports/optimized/google-protobuf.js:4808:18)
    at jspb.BinaryWriter.writePackedUint64 (https://cdn.skypack.dev/-/google-protobuf@v3.21.2-YDUqZL2TTSsy2lGtfuND/dist=es2019,mode=imports/optimized/google-protobuf.js:5592:23)
    at protobuf_test_messages_proto2_TestAllTypesProto2.serialize (file:///Users/thesayyn/Documents/thesayyn/protoc-gen-ts/target/debug/build/protoc_gen_ts-8cec2bec66276c47/out/test_conformance/test_messages_proto2.ts:1109:20)
    at file:///Users/thesayyn/Documents/thesayyn/protoc-gen-ts/tests/conformance/bin/main.ts:31:44

  protobuf_test_messages.proto2.TestAllTypesProto2 1
  Error: Assertion failed
    at Object.jspb.asserts.doAssertFailure (https://cdn.skypack.dev/-/google-protobuf@v3.21.2-YDUqZL2TTSsy2lGtfuND/dist=es2019,mode=imports/optimized/google-protobuf.js:778:11)
    at Object.jspb.asserts.assert (https://cdn.skypack.dev/-/google-protobuf@v3.21.2-YDUqZL2TTSsy2lGtfuND/dist=es2019,mode=imports/optimized/google-protobuf.js:783:23)
    at jspb.BinaryEncoder.writeUnsignedVarint64 (https://cdn.skypack.dev/-/google-protobuf@v3.21.2-YDUqZL2TTSsy2lGtfuND/dist=es2019,mode=imports/optimized/google-protobuf.js:4808:18)
    at jspb.BinaryWriter.writePackedUint64 (https://cdn.skypack.dev/-/google-protobuf@v3.21.2-YDUqZL2TTSsy2lGtfuND/dist=es2019,mode=imports/optimized/google-protobuf.js:5592:23)
    at protobuf_test_messages_proto2_TestAllTypesProto2.serialize (file:///Users/thesayyn/Documents/thesayyn/protoc-gen-ts/target/debug/build/protoc_gen_ts-8cec2bec66276c47/out/test_conformance/test_messages_proto2.ts:1109:20)
    at file:///Users/thesayyn/Documents/thesayyn/protoc-gen-ts/tests/conformance/bin/main.ts:31:44

  protobuf_test_messages.proto2.TestAllTypesProto2 1
  Error: Assertion failed
    at Object.jspb.asserts.doAssertFailure (https://cdn.skypack.dev/-/google-protobuf@v3.21.2-YDUqZL2TTSsy2lGtfuND/dist=es2019,mode=imports/optimized/google-protobuf.js:778:11)
    at Object.jspb.asserts.assert (https://cdn.skypack.dev/-/google-protobuf@v3.21.2-YDUqZL2TTSsy2lGtfuND/dist=es2019,mode=imports/optimized/google-protobuf.js:783:23)
    at jspb.BinaryWriter.writeUint64 (https://cdn.skypack.dev/-/google-protobuf@v3.21.2-YDUqZL2TTSsy2lGtfuND/dist=es2019,mode=imports/optimized/google-protobuf.js:5234:32)
    at protobuf_test_messages_proto2_TestAllTypesProto2.serialize (file:///Users/thesayyn/Documents/thesayyn/protoc-gen-ts/target/debug/build/protoc_gen_ts-8cec2bec66276c47/out/test_conformance/test_messages_proto2.ts:1002:20)
    at file:///Users/thesayyn/Documents/thesayyn/protoc-gen-ts/tests/conformance/bin/main.ts:31:44

  protobuf_test_messages.proto2.TestAllTypesProto2 1
  Error: Assertion failed
    at Object.jspb.asserts.doAssertFailure (https://cdn.skypack.dev/-/google-protobuf@v3.21.2-YDUqZL2TTSsy2lGtfuND/dist=es2019,mode=imports/optimized/google-protobuf.js:778:11)
    at Object.jspb.asserts.assert (https://cdn.skypack.dev/-/google-protobuf@v3.21.2-YDUqZL2TTSsy2lGtfuND/dist=es2019,mode=imports/optimized/google-protobuf.js:783:23)
    at jspb.BinaryReader.readUint64 (https://cdn.skypack.dev/-/google-protobuf@v3.21.2-YDUqZL2TTSsy2lGtfuND/dist=es2019,mode=imports/optimized/google-protobuf.js:4559:18)
    at Function.deserialize (file:///Users/thesayyn/Documents/thesayyn/protoc-gen-ts/target/debug/build/protoc_gen_ts-8cec2bec66276c47/out/test_conformance/test_messages_proto2.ts:223:53)
    at file:///Users/thesayyn/Documents/thesayyn/protoc-gen-ts/tests/conformance/bin/main.ts:30:78

  protobuf_test_messages.proto3.TestAllTypesProto3 1
  Error: Assertion failed
    at Object.jspb.asserts.doAssertFailure (https://cdn.skypack.dev/-/google-protobuf@v3.21.2-YDUqZL2TTSsy2lGtfuND/dist=es2019,mode=imports/optimized/google-protobuf.js:778:11)
    at Object.jspb.asserts.assert (https://cdn.skypack.dev/-/google-protobuf@v3.21.2-YDUqZL2TTSsy2lGtfuND/dist=es2019,mode=imports/optimized/google-protobuf.js:783:23)
    at jspb.BinaryWriter.writeUint64 (https://cdn.skypack.dev/-/google-protobuf@v3.21.2-YDUqZL2TTSsy2lGtfuND/dist=es2019,mode=imports/optimized/google-protobuf.js:5234:32)
    at protobuf_test_messages_proto3_TestAllTypesProto3.serialize (file:///Users/thesayyn/Documents/thesayyn/protoc-gen-ts/target/debug/build/protoc_gen_ts-8cec2bec66276c47/out/test_conformance/test_messages_proto3.ts:982:20)
    at file:///Users/thesayyn/Documents/thesayyn/protoc-gen-ts/tests/conformance/bin/main.ts:24:44

  protobuf_test_messages.proto3.TestAllTypesProto3 1
  Error: Assertion failed
    at Object.jspb.asserts.doAssertFailure (https://cdn.skypack.dev/-/google-protobuf@v3.21.2-YDUqZL2TTSsy2lGtfuND/dist=es2019,mode=imports/optimized/google-protobuf.js:778:11)
    at Object.jspb.asserts.assert (https://cdn.skypack.dev/-/google-protobuf@v3.21.2-YDUqZL2TTSsy2lGtfuND/dist=es2019,mode=imports/optimized/google-protobuf.js:783:23)
    at jspb.BinaryWriter.writeUint64 (https://cdn.skypack.dev/-/google-protobuf@v3.21.2-YDUqZL2TTSsy2lGtfuND/dist=es2019,mode=imports/optimized/google-protobuf.js:5234:32)
    at protobuf_test_messages_proto3_TestAllTypesProto3.serialize (file:///Users/thesayyn/Documents/thesayyn/protoc-gen-ts/target/debug/build/protoc_gen_ts-8cec2bec66276c47/out/test_conformance/test_messages_proto3.ts:982:20)
    at file:///Users/thesayyn/Documents/thesayyn/protoc-gen-ts/tests/conformance/bin/main.ts:24:44

  protobuf_test_messages.proto3.TestAllTypesProto3 1
  Error: Assertion failed
    at Object.jspb.asserts.doAssertFailure (https://cdn.skypack.dev/-/google-protobuf@v3.21.2-YDUqZL2TTSsy2lGtfuND/dist=es2019,mode=imports/optimized/google-protobuf.js:778:11)
    at Object.jspb.asserts.assert (https://cdn.skypack.dev/-/google-protobuf@v3.21.2-YDUqZL2TTSsy2lGtfuND/dist=es2019,mode=imports/optimized/google-protobuf.js:783:23)
    at jspb.BinaryWriter.writeUint64 (https://cdn.skypack.dev/-/google-protobuf@v3.21.2-YDUqZL2TTSsy2lGtfuND/dist=es2019,mode=imports/optimized/google-protobuf.js:5234:32)
    at protobuf_test_messages_proto3_TestAllTypesProto3.serialize (file:///Users/thesayyn/Documents/thesayyn/protoc-gen-ts/target/debug/build/protoc_gen_ts-8cec2bec66276c47/out/test_conformance/test_messages_proto3.ts:982:20)
    at file:///Users/thesayyn/Documents/thesayyn/protoc-gen-ts/tests/conformance/bin/main.ts:24:44

  protobuf_test_messages.proto3.TestAllTypesProto3 1
  Error: Assertion failed
    at Object.jspb.asserts.doAssertFailure (https://cdn.skypack.dev/-/google-protobuf@v3.21.2-YDUqZL2TTSsy2lGtfuND/dist=es2019,mode=imports/optimized/google-protobuf.js:778:11)
    at Object.jspb.asserts.assert (https://cdn.skypack.dev/-/google-protobuf@v3.21.2-YDUqZL2TTSsy2lGtfuND/dist=es2019,mode=imports/optimized/google-protobuf.js:783:23)
    at jspb.BinaryEncoder.writeUnsignedVarint64 (https://cdn.skypack.dev/-/google-protobuf@v3.21.2-YDUqZL2TTSsy2lGtfuND/dist=es2019,mode=imports/optimized/google-protobuf.js:4808:18)
    at jspb.BinaryWriter.writePackedUint64 (https://cdn.skypack.dev/-/google-protobuf@v3.21.2-YDUqZL2TTSsy2lGtfuND/dist=es2019,mode=imports/optimized/google-protobuf.js:5592:23)
    at protobuf_test_messages_proto3_TestAllTypesProto3.serialize (file:///Users/thesayyn/Documents/thesayyn/protoc-gen-ts/target/debug/build/protoc_gen_ts-8cec2bec66276c47/out/test_conformance/test_messages_proto3.ts:1100:20)
    at file:///Users/thesayyn/Documents/thesayyn/protoc-gen-ts/tests/conformance/bin/main.ts:24:44

  protobuf_test_messages.proto3.TestAllTypesProto3 1
  Error: Assertion failed
    at Object.jspb.asserts.doAssertFailure (https://cdn.skypack.dev/-/google-protobuf@v3.21.2-YDUqZL2TTSsy2lGtfuND/dist=es2019,mode=imports/optimized/google-protobuf.js:778:11)
    at Object.jspb.asserts.assert (https://cdn.skypack.dev/-/google-protobuf@v3.21.2-YDUqZL2TTSsy2lGtfuND/dist=es2019,mode=imports/optimized/google-protobuf.js:783:23)
    at jspb.BinaryEncoder.writeUnsignedVarint64 (https://cdn.skypack.dev/-/google-protobuf@v3.21.2-YDUqZL2TTSsy2lGtfuND/dist=es2019,mode=imports/optimized/google-protobuf.js:4808:18)
    at jspb.BinaryWriter.writePackedUint64 (https://cdn.skypack.dev/-/google-protobuf@v3.21.2-YDUqZL2TTSsy2lGtfuND/dist=es2019,mode=imports/optimized/google-protobuf.js:5592:23)
    at protobuf_test_messages_proto3_TestAllTypesProto3.serialize (file:///Users/thesayyn/Documents/thesayyn/protoc-gen-ts/target/debug/build/protoc_gen_ts-8cec2bec66276c47/out/test_conformance/test_messages_proto3.ts:1100:20)
    at file:///Users/thesayyn/Documents/thesayyn/protoc-gen-ts/tests/conformance/bin/main.ts:24:44

  protobuf_test_messages.proto3.TestAllTypesProto3 1
  Error: Assertion failed
    at Object.jspb.asserts.doAssertFailure (https://cdn.skypack.dev/-/google-protobuf@v3.21.2-YDUqZL2TTSsy2lGtfuND/dist=es2019,mode=imports/optimized/google-protobuf.js:778:11)
    at Object.jspb.asserts.assert (https://cdn.skypack.dev/-/google-protobuf@v3.21.2-YDUqZL2TTSsy2lGtfuND/dist=es2019,mode=imports/optimized/google-protobuf.js:783:23)
    at jspb.BinaryEncoder.writeUnsignedVarint64 (https://cdn.skypack.dev/-/google-protobuf@v3.21.2-YDUqZL2TTSsy2lGtfuND/dist=es2019,mode=imports/optimized/google-protobuf.js:4808:18)
    at jspb.BinaryWriter.writePackedUint64 (https://cdn.skypack.dev/-/google-protobuf@v3.21.2-YDUqZL2TTSsy2lGtfuND/dist=es2019,mode=imports/optimized/google-protobuf.js:5592:23)
    at protobuf_test_messages_proto3_TestAllTypesProto3.serialize (file:///Users/thesayyn/Documents/thesayyn/protoc-gen-ts/target/debug/build/protoc_gen_ts-8cec2bec66276c47/out/test_conformance/test_messages_proto3.ts:1100:20)
    at file:///Users/thesayyn/Documents/thesayyn/protoc-gen-ts/tests/conformance/bin/main.ts:24:44

  protobuf_test_messages.proto3.TestAllTypesProto3 1
  Error: Assertion failed
    at Object.jspb.asserts.doAssertFailure (https://cdn.skypack.dev/-/google-protobuf@v3.21.2-YDUqZL2TTSsy2lGtfuND/dist=es2019,mode=imports/optimized/google-protobuf.js:778:11)
    at Object.jspb.asserts.assert (https://cdn.skypack.dev/-/google-protobuf@v3.21.2-YDUqZL2TTSsy2lGtfuND/dist=es2019,mode=imports/optimized/google-protobuf.js:783:23)
    at jspb.BinaryEncoder.writeUnsignedVarint64 (https://cdn.skypack.dev/-/google-protobuf@v3.21.2-YDUqZL2TTSsy2lGtfuND/dist=es2019,mode=imports/optimized/google-protobuf.js:4808:18)
    at jspb.BinaryWriter.writePackedUint64 (https://cdn.skypack.dev/-/google-protobuf@v3.21.2-YDUqZL2TTSsy2lGtfuND/dist=es2019,mode=imports/optimized/google-protobuf.js:5592:23)
    at protobuf_test_messages_proto3_TestAllTypesProto3.serialize (file:///Users/thesayyn/Documents/thesayyn/protoc-gen-ts/target/debug/build/protoc_gen_ts-8cec2bec66276c47/out/test_conformance/test_messages_proto3.ts:1100:20)
    at file:///Users/thesayyn/Documents/thesayyn/protoc-gen-ts/tests/conformance/bin/main.ts:24:44

  protobuf_test_messages.proto3.TestAllTypesProto3 1
  Error: Assertion failed
    at Object.jspb.asserts.doAssertFailure (https://cdn.skypack.dev/-/google-protobuf@v3.21.2-YDUqZL2TTSsy2lGtfuND/dist=es2019,mode=imports/optimized/google-protobuf.js:778:11)
    at Object.jspb.asserts.assert (https://cdn.skypack.dev/-/google-protobuf@v3.21.2-YDUqZL2TTSsy2lGtfuND/dist=es2019,mode=imports/optimized/google-protobuf.js:783:23)
    at jspb.BinaryEncoder.writeUnsignedVarint64 (https://cdn.skypack.dev/-/google-protobuf@v3.21.2-YDUqZL2TTSsy2lGtfuND/dist=es2019,mode=imports/optimized/google-protobuf.js:4808:18)
    at jspb.BinaryWriter.writePackedUint64 (https://cdn.skypack.dev/-/google-protobuf@v3.21.2-YDUqZL2TTSsy2lGtfuND/dist=es2019,mode=imports/optimized/google-protobuf.js:5592:23)
    at protobuf_test_messages_proto3_TestAllTypesProto3.serialize (file:///Users/thesayyn/Documents/thesayyn/protoc-gen-ts/target/debug/build/protoc_gen_ts-8cec2bec66276c47/out/test_conformance/test_messages_proto3.ts:1100:20)
    at file:///Users/thesayyn/Documents/thesayyn/protoc-gen-ts/tests/conformance/bin/main.ts:24:44

  protobuf_test_messages.proto3.TestAllTypesProto3 1
  Error: Assertion failed
    at Object.jspb.asserts.doAssertFailure (https://cdn.skypack.dev/-/google-protobuf@v3.21.2-YDUqZL2TTSsy2lGtfuND/dist=es2019,mode=imports/optimized/google-protobuf.js:778:11)
    at Object.jspb.asserts.assert (https://cdn.skypack.dev/-/google-protobuf@v3.21.2-YDUqZL2TTSsy2lGtfuND/dist=es2019,mode=imports/optimized/google-protobuf.js:783:23)
    at jspb.BinaryEncoder.writeUnsignedVarint64 (https://cdn.skypack.dev/-/google-protobuf@v3.21.2-YDUqZL2TTSsy2lGtfuND/dist=es2019,mode=imports/optimized/google-protobuf.js:4808:18)
    at jspb.BinaryWriter.writePackedUint64 (https://cdn.skypack.dev/-/google-protobuf@v3.21.2-YDUqZL2TTSsy2lGtfuND/dist=es2019,mode=imports/optimized/google-protobuf.js:5592:23)
    at protobuf_test_messages_proto3_TestAllTypesProto3.serialize (file:///Users/thesayyn/Documents/thesayyn/protoc-gen-ts/target/debug/build/protoc_gen_ts-8cec2bec66276c47/out/test_conformance/test_messages_proto3.ts:1100:20)
    at file:///Users/thesayyn/Documents/thesayyn/protoc-gen-ts/tests/conformance/bin/main.ts:24:44

  protobuf_test_messages.proto3.TestAllTypesProto3 1
  Error: Assertion failed
    at Object.jspb.asserts.doAssertFailure (https://cdn.skypack.dev/-/google-protobuf@v3.21.2-YDUqZL2TTSsy2lGtfuND/dist=es2019,mode=imports/optimized/google-protobuf.js:778:11)
    at Object.jspb.asserts.assert (https://cdn.skypack.dev/-/google-protobuf@v3.21.2-YDUqZL2TTSsy2lGtfuND/dist=es2019,mode=imports/optimized/google-protobuf.js:783:23)
    at jspb.BinaryWriter.writeUint64 (https://cdn.skypack.dev/-/google-protobuf@v3.21.2-YDUqZL2TTSsy2lGtfuND/dist=es2019,mode=imports/optimized/google-protobuf.js:5234:32)
    at protobuf_test_messages_proto3_TestAllTypesProto3.serialize (file:///Users/thesayyn/Documents/thesayyn/protoc-gen-ts/target/debug/build/protoc_gen_ts-8cec2bec66276c47/out/test_conformance/test_messages_proto3.ts:1277:20)
    at file:///Users/thesayyn/Documents/thesayyn/protoc-gen-ts/tests/conformance/bin/main.ts:24:44

  protobuf_test_messages.proto3.TestAllTypesProto3 1
  Error: Assertion failed
    at Object.jspb.asserts.doAssertFailure (https://cdn.skypack.dev/-/google-protobuf@v3.21.2-YDUqZL2TTSsy2lGtfuND/dist=es2019,mode=imports/optimized/google-protobuf.js:778:11)
    at Object.jspb.asserts.assert (https://cdn.skypack.dev/-/google-protobuf@v3.21.2-YDUqZL2TTSsy2lGtfuND/dist=es2019,mode=imports/optimized/google-protobuf.js:783:23)
    at jspb.BinaryReader.readUint64 (https://cdn.skypack.dev/-/google-protobuf@v3.21.2-YDUqZL2TTSsy2lGtfuND/dist=es2019,mode=imports/optimized/google-protobuf.js:4559:18)
    at Function.deserialize (file:///Users/thesayyn/Documents/thesayyn/protoc-gen-ts/target/debug/build/protoc_gen_ts-8cec2bec66276c47/out/test_conformance/test_messages_proto3.ts:384:53)
    at file:///Users/thesayyn/Documents/thesayyn/protoc-gen-ts/tests/conformance/bin/main.ts:23:78

  protobuf_test_messages.proto2.TestAllTypesProto2 1
  Error: Assertion failed
    at Object.jspb.asserts.doAssertFailure (https://cdn.skypack.dev/-/google-protobuf@v3.21.2-YDUqZL2TTSsy2lGtfuND/dist=es2019,mode=imports/optimized/google-protobuf.js:778:11)
    at Object.jspb.asserts.assert (https://cdn.skypack.dev/-/google-protobuf@v3.21.2-YDUqZL2TTSsy2lGtfuND/dist=es2019,mode=imports/optimized/google-protobuf.js:783:23)
    at jspb.BinaryReader.readInt32 (https://cdn.skypack.dev/-/google-protobuf@v3.21.2-YDUqZL2TTSsy2lGtfuND/dist=es2019,mode=imports/optimized/google-protobuf.js:4532:18)
    at Function.deserialize (file:///Users/thesayyn/Documents/thesayyn/protoc-gen-ts/target/debug/build/protoc_gen_ts-8cec2bec66276c47/out/test_conformance/test_messages_proto2.ts:214:52)
    at file:///Users/thesayyn/Documents/thesayyn/protoc-gen-ts/tests/conformance/bin/main.ts:30:78

  protobuf_test_messages.proto2.TestAllTypesProto2 1
  Error: Assertion failed
    at Object.jspb.asserts.doAssertFailure (https://cdn.skypack.dev/-/google-protobuf@v3.21.2-YDUqZL2TTSsy2lGtfuND/dist=es2019,mode=imports/optimized/google-protobuf.js:778:11)
    at Object.jspb.asserts.assert (https://cdn.skypack.dev/-/google-protobuf@v3.21.2-YDUqZL2TTSsy2lGtfuND/dist=es2019,mode=imports/optimized/google-protobuf.js:783:23)
    at jspb.BinaryReader.readInt32 (https://cdn.skypack.dev/-/google-protobuf@v3.21.2-YDUqZL2TTSsy2lGtfuND/dist=es2019,mode=imports/optimized/google-protobuf.js:4532:18)
    at Function.deserialize (file:///Users/thesayyn/Documents/thesayyn/protoc-gen-ts/target/debug/build/protoc_gen_ts-8cec2bec66276c47/out/test_conformance/test_messages_proto2.ts:214:52)
    at file:///Users/thesayyn/Documents/thesayyn/protoc-gen-ts/tests/conformance/bin/main.ts:30:78

  protobuf_test_messages.proto2.TestAllTypesProto2 1
  Error: Assertion failed
    at Object.jspb.asserts.doAssertFailure (https://cdn.skypack.dev/-/google-protobuf@v3.21.2-YDUqZL2TTSsy2lGtfuND/dist=es2019,mode=imports/optimized/google-protobuf.js:778:11)
    at Object.jspb.asserts.assert (https://cdn.skypack.dev/-/google-protobuf@v3.21.2-YDUqZL2TTSsy2lGtfuND/dist=es2019,mode=imports/optimized/google-protobuf.js:783:23)
    at jspb.BinaryReader.readInt32 (https://cdn.skypack.dev/-/google-protobuf@v3.21.2-YDUqZL2TTSsy2lGtfuND/dist=es2019,mode=imports/optimized/google-protobuf.js:4532:18)
    at Function.deserialize (file:///Users/thesayyn/Documents/thesayyn/protoc-gen-ts/target/debug/build/protoc_gen_ts-8cec2bec66276c47/out/test_conformance/test_messages_proto2.ts:214:52)
    at file:///Users/thesayyn/Documents/thesayyn/protoc-gen-ts/tests/conformance/bin/main.ts:30:78

  protobuf_test_messages.proto3.TestAllTypesProto3 1
  Error: Assertion failed
    at Object.jspb.asserts.doAssertFailure (https://cdn.skypack.dev/-/google-protobuf@v3.21.2-YDUqZL2TTSsy2lGtfuND/dist=es2019,mode=imports/optimized/google-protobuf.js:778:11)
    at Object.jspb.asserts.assert (https://cdn.skypack.dev/-/google-protobuf@v3.21.2-YDUqZL2TTSsy2lGtfuND/dist=es2019,mode=imports/optimized/google-protobuf.js:783:23)
    at jspb.BinaryReader.readInt32 (https://cdn.skypack.dev/-/google-protobuf@v3.21.2-YDUqZL2TTSsy2lGtfuND/dist=es2019,mode=imports/optimized/google-protobuf.js:4532:18)
    at Function.deserialize (file:///Users/thesayyn/Documents/thesayyn/protoc-gen-ts/target/debug/build/protoc_gen_ts-8cec2bec66276c47/out/test_conformance/test_messages_proto3.ts:375:52)
    at file:///Users/thesayyn/Documents/thesayyn/protoc-gen-ts/tests/conformance/bin/main.ts:23:78

  protobuf_test_messages.proto2.TestAllTypesProto2 1
  Error: Assertion failed
    at Object.jspb.asserts.doAssertFailure (https://cdn.skypack.dev/-/google-protobuf@v3.21.2-YDUqZL2TTSsy2lGtfuND/dist=es2019,mode=imports/optimized/google-protobuf.js:778:11)
    at Object.jspb.asserts.assert (https://cdn.skypack.dev/-/google-protobuf@v3.21.2-YDUqZL2TTSsy2lGtfuND/dist=es2019,mode=imports/optimized/google-protobuf.js:783:23)
    at jspb.BinaryWriter.writeUint32 (https://cdn.skypack.dev/-/google-protobuf@v3.21.2-YDUqZL2TTSsy2lGtfuND/dist=es2019,mode=imports/optimized/google-protobuf.js:5227:32)
    at protobuf_test_messages_proto2_TestAllTypesProto2.serialize (file:///Users/thesayyn/Documents/thesayyn/protoc-gen-ts/target/debug/build/protoc_gen_ts-8cec2bec66276c47/out/test_conformance/test_messages_proto2.ts:884:20)
    at file:///Users/thesayyn/Documents/thesayyn/protoc-gen-ts/tests/conformance/bin/main.ts:31:44

  protobuf_test_messages.proto2.TestAllTypesProto2 1
  Error: Assertion failed
    at Object.jspb.asserts.doAssertFailure (https://cdn.skypack.dev/-/google-protobuf@v3.21.2-YDUqZL2TTSsy2lGtfuND/dist=es2019,mode=imports/optimized/google-protobuf.js:778:11)
    at Object.jspb.asserts.assert (https://cdn.skypack.dev/-/google-protobuf@v3.21.2-YDUqZL2TTSsy2lGtfuND/dist=es2019,mode=imports/optimized/google-protobuf.js:783:23)
    at jspb.BinaryWriter.writeUint32 (https://cdn.skypack.dev/-/google-protobuf@v3.21.2-YDUqZL2TTSsy2lGtfuND/dist=es2019,mode=imports/optimized/google-protobuf.js:5227:32)
    at protobuf_test_messages_proto2_TestAllTypesProto2.serialize (file:///Users/thesayyn/Documents/thesayyn/protoc-gen-ts/target/debug/build/protoc_gen_ts-8cec2bec66276c47/out/test_conformance/test_messages_proto2.ts:884:20)
    at file:///Users/thesayyn/Documents/thesayyn/protoc-gen-ts/tests/conformance/bin/main.ts:31:44

  protobuf_test_messages.proto2.TestAllTypesProto2 1
  Error: Assertion failed
    at Object.jspb.asserts.doAssertFailure (https://cdn.skypack.dev/-/google-protobuf@v3.21.2-YDUqZL2TTSsy2lGtfuND/dist=es2019,mode=imports/optimized/google-protobuf.js:778:11)
    at Object.jspb.asserts.assert (https://cdn.skypack.dev/-/google-protobuf@v3.21.2-YDUqZL2TTSsy2lGtfuND/dist=es2019,mode=imports/optimized/google-protobuf.js:783:23)
    at jspb.BinaryWriter.writeUint32 (https://cdn.skypack.dev/-/google-protobuf@v3.21.2-YDUqZL2TTSsy2lGtfuND/dist=es2019,mode=imports/optimized/google-protobuf.js:5227:32)
    at protobuf_test_messages_proto2_TestAllTypesProto2.serialize (file:///Users/thesayyn/Documents/thesayyn/protoc-gen-ts/target/debug/build/protoc_gen_ts-8cec2bec66276c47/out/test_conformance/test_messages_proto2.ts:997:20)
    at file:///Users/thesayyn/Documents/thesayyn/protoc-gen-ts/tests/conformance/bin/main.ts:31:44

  protobuf_test_messages.proto2.TestAllTypesProto2 1
  Error: Assertion failed
    at Object.jspb.asserts.doAssertFailure (https://cdn.skypack.dev/-/google-protobuf@v3.21.2-YDUqZL2TTSsy2lGtfuND/dist=es2019,mode=imports/optimized/google-protobuf.js:778:11)
    at Object.jspb.asserts.assert (https://cdn.skypack.dev/-/google-protobuf@v3.21.2-YDUqZL2TTSsy2lGtfuND/dist=es2019,mode=imports/optimized/google-protobuf.js:783:23)
    at jspb.BinaryReader.readUint32 (https://cdn.skypack.dev/-/google-protobuf@v3.21.2-YDUqZL2TTSsy2lGtfuND/dist=es2019,mode=imports/optimized/google-protobuf.js:4550:18)
    at Function.deserialize (file:///Users/thesayyn/Documents/thesayyn/protoc-gen-ts/target/debug/build/protoc_gen_ts-8cec2bec66276c47/out/test_conformance/test_messages_proto2.ts:220:53)
    at file:///Users/thesayyn/Documents/thesayyn/protoc-gen-ts/tests/conformance/bin/main.ts:30:78

  protobuf_test_messages.proto2.TestAllTypesProto2 1
  Error: Assertion failed
    at Object.jspb.asserts.doAssertFailure (https://cdn.skypack.dev/-/google-protobuf@v3.21.2-YDUqZL2TTSsy2lGtfuND/dist=es2019,mode=imports/optimized/google-protobuf.js:778:11)
    at Object.jspb.asserts.assert (https://cdn.skypack.dev/-/google-protobuf@v3.21.2-YDUqZL2TTSsy2lGtfuND/dist=es2019,mode=imports/optimized/google-protobuf.js:783:23)
    at jspb.BinaryWriter.writeUint32 (https://cdn.skypack.dev/-/google-protobuf@v3.21.2-YDUqZL2TTSsy2lGtfuND/dist=es2019,mode=imports/optimized/google-protobuf.js:5227:32)
    at protobuf_test_messages_proto2_TestAllTypesProto2.serialize (file:///Users/thesayyn/Documents/thesayyn/protoc-gen-ts/target/debug/build/protoc_gen_ts-8cec2bec66276c47/out/test_conformance/test_messages_proto2.ts:997:20)
    at file:///Users/thesayyn/Documents/thesayyn/protoc-gen-ts/tests/conformance/bin/main.ts:31:44

  protobuf_test_messages.proto2.TestAllTypesProto2 1
  Error: Assertion failed
    at Object.jspb.asserts.doAssertFailure (https://cdn.skypack.dev/-/google-protobuf@v3.21.2-YDUqZL2TTSsy2lGtfuND/dist=es2019,mode=imports/optimized/google-protobuf.js:778:11)
    at Object.jspb.asserts.assert (https://cdn.skypack.dev/-/google-protobuf@v3.21.2-YDUqZL2TTSsy2lGtfuND/dist=es2019,mode=imports/optimized/google-protobuf.js:783:23)
    at jspb.BinaryReader.readUint32 (https://cdn.skypack.dev/-/google-protobuf@v3.21.2-YDUqZL2TTSsy2lGtfuND/dist=es2019,mode=imports/optimized/google-protobuf.js:4550:18)
    at Function.deserialize (file:///Users/thesayyn/Documents/thesayyn/protoc-gen-ts/target/debug/build/protoc_gen_ts-8cec2bec66276c47/out/test_conformance/test_messages_proto2.ts:220:53)
    at file:///Users/thesayyn/Documents/thesayyn/protoc-gen-ts/tests/conformance/bin/main.ts:30:78

  protobuf_test_messages.proto2.TestAllTypesProto2 1
  Error: Assertion failed
    at Object.jspb.asserts.doAssertFailure (https://cdn.skypack.dev/-/google-protobuf@v3.21.2-YDUqZL2TTSsy2lGtfuND/dist=es2019,mode=imports/optimized/google-protobuf.js:778:11)
    at Object.jspb.asserts.assert (https://cdn.skypack.dev/-/google-protobuf@v3.21.2-YDUqZL2TTSsy2lGtfuND/dist=es2019,mode=imports/optimized/google-protobuf.js:783:23)
    at jspb.BinaryEncoder.writeUnsignedVarint32 (https://cdn.skypack.dev/-/google-protobuf@v3.21.2-YDUqZL2TTSsy2lGtfuND/dist=es2019,mode=imports/optimized/google-protobuf.js:4791:23)
    at jspb.BinaryWriter.writePackedUint32 (https://cdn.skypack.dev/-/google-protobuf@v3.21.2-YDUqZL2TTSsy2lGtfuND/dist=es2019,mode=imports/optimized/google-protobuf.js:5575:23)
    at protobuf_test_messages_proto2_TestAllTypesProto2.serialize (file:///Users/thesayyn/Documents/thesayyn/protoc-gen-ts/target/debug/build/protoc_gen_ts-8cec2bec66276c47/out/test_conformance/test_messages_proto2.ts:1104:20)
    at file:///Users/thesayyn/Documents/thesayyn/protoc-gen-ts/tests/conformance/bin/main.ts:31:44

  protobuf_test_messages.proto2.TestAllTypesProto2 1
  Error: Assertion failed
    at Object.jspb.asserts.doAssertFailure (https://cdn.skypack.dev/-/google-protobuf@v3.21.2-YDUqZL2TTSsy2lGtfuND/dist=es2019,mode=imports/optimized/google-protobuf.js:778:11)
    at Object.jspb.asserts.assert (https://cdn.skypack.dev/-/google-protobuf@v3.21.2-YDUqZL2TTSsy2lGtfuND/dist=es2019,mode=imports/optimized/google-protobuf.js:783:23)
    at jspb.BinaryEncoder.writeUnsignedVarint32 (https://cdn.skypack.dev/-/google-protobuf@v3.21.2-YDUqZL2TTSsy2lGtfuND/dist=es2019,mode=imports/optimized/google-protobuf.js:4791:23)
    at jspb.BinaryWriter.writePackedUint32 (https://cdn.skypack.dev/-/google-protobuf@v3.21.2-YDUqZL2TTSsy2lGtfuND/dist=es2019,mode=imports/optimized/google-protobuf.js:5575:23)
    at protobuf_test_messages_proto2_TestAllTypesProto2.serialize (file:///Users/thesayyn/Documents/thesayyn/protoc-gen-ts/target/debug/build/protoc_gen_ts-8cec2bec66276c47/out/test_conformance/test_messages_proto2.ts:1104:20)
    at file:///Users/thesayyn/Documents/thesayyn/protoc-gen-ts/tests/conformance/bin/main.ts:31:44

  protobuf_test_messages.proto2.TestAllTypesProto2 1
  Error: Assertion failed
    at Object.jspb.asserts.doAssertFailure (https://cdn.skypack.dev/-/google-protobuf@v3.21.2-YDUqZL2TTSsy2lGtfuND/dist=es2019,mode=imports/optimized/google-protobuf.js:778:11)
    at Object.jspb.asserts.assert (https://cdn.skypack.dev/-/google-protobuf@v3.21.2-YDUqZL2TTSsy2lGtfuND/dist=es2019,mode=imports/optimized/google-protobuf.js:783:23)
    at jspb.BinaryWriter.writeUint32 (https://cdn.skypack.dev/-/google-protobuf@v3.21.2-YDUqZL2TTSsy2lGtfuND/dist=es2019,mode=imports/optimized/google-protobuf.js:5227:32)
    at protobuf_test_messages_proto2_TestAllTypesProto2.serialize (file:///Users/thesayyn/Documents/thesayyn/protoc-gen-ts/target/debug/build/protoc_gen_ts-8cec2bec66276c47/out/test_conformance/test_messages_proto2.ts:997:20)
    at file:///Users/thesayyn/Documents/thesayyn/protoc-gen-ts/tests/conformance/bin/main.ts:31:44

  protobuf_test_messages.proto2.TestAllTypesProto2 1
  Error: Assertion failed
    at Object.jspb.asserts.doAssertFailure (https://cdn.skypack.dev/-/google-protobuf@v3.21.2-YDUqZL2TTSsy2lGtfuND/dist=es2019,mode=imports/optimized/google-protobuf.js:778:11)
    at Object.jspb.asserts.assert (https://cdn.skypack.dev/-/google-protobuf@v3.21.2-YDUqZL2TTSsy2lGtfuND/dist=es2019,mode=imports/optimized/google-protobuf.js:783:23)
    at jspb.BinaryReader.readUint32 (https://cdn.skypack.dev/-/google-protobuf@v3.21.2-YDUqZL2TTSsy2lGtfuND/dist=es2019,mode=imports/optimized/google-protobuf.js:4550:18)
    at Function.deserialize (file:///Users/thesayyn/Documents/thesayyn/protoc-gen-ts/target/debug/build/protoc_gen_ts-8cec2bec66276c47/out/test_conformance/test_messages_proto2.ts:220:53)
    at file:///Users/thesayyn/Documents/thesayyn/protoc-gen-ts/tests/conformance/bin/main.ts:30:78

  protobuf_test_messages.proto3.TestAllTypesProto3 1
  Error: Assertion failed
    at Object.jspb.asserts.doAssertFailure (https://cdn.skypack.dev/-/google-protobuf@v3.21.2-YDUqZL2TTSsy2lGtfuND/dist=es2019,mode=imports/optimized/google-protobuf.js:778:11)
    at Object.jspb.asserts.assert (https://cdn.skypack.dev/-/google-protobuf@v3.21.2-YDUqZL2TTSsy2lGtfuND/dist=es2019,mode=imports/optimized/google-protobuf.js:783:23)
    at jspb.BinaryWriter.writeUint32 (https://cdn.skypack.dev/-/google-protobuf@v3.21.2-YDUqZL2TTSsy2lGtfuND/dist=es2019,mode=imports/optimized/google-protobuf.js:5227:32)
    at protobuf_test_messages_proto3_TestAllTypesProto3.serialize (file:///Users/thesayyn/Documents/thesayyn/protoc-gen-ts/target/debug/build/protoc_gen_ts-8cec2bec66276c47/out/test_conformance/test_messages_proto3.ts:977:20)
    at file:///Users/thesayyn/Documents/thesayyn/protoc-gen-ts/tests/conformance/bin/main.ts:24:44

  protobuf_test_messages.proto3.TestAllTypesProto3 1
  Error: Assertion failed
    at Object.jspb.asserts.doAssertFailure (https://cdn.skypack.dev/-/google-protobuf@v3.21.2-YDUqZL2TTSsy2lGtfuND/dist=es2019,mode=imports/optimized/google-protobuf.js:778:11)
    at Object.jspb.asserts.assert (https://cdn.skypack.dev/-/google-protobuf@v3.21.2-YDUqZL2TTSsy2lGtfuND/dist=es2019,mode=imports/optimized/google-protobuf.js:783:23)
    at jspb.BinaryWriter.writeUint32 (https://cdn.skypack.dev/-/google-protobuf@v3.21.2-YDUqZL2TTSsy2lGtfuND/dist=es2019,mode=imports/optimized/google-protobuf.js:5227:32)
    at protobuf_test_messages_proto3_TestAllTypesProto3.serialize (file:///Users/thesayyn/Documents/thesayyn/protoc-gen-ts/target/debug/build/protoc_gen_ts-8cec2bec66276c47/out/test_conformance/test_messages_proto3.ts:977:20)
    at file:///Users/thesayyn/Documents/thesayyn/protoc-gen-ts/tests/conformance/bin/main.ts:24:44

  protobuf_test_messages.proto3.TestAllTypesProto3 1
  Error: Assertion failed
    at Object.jspb.asserts.doAssertFailure (https://cdn.skypack.dev/-/google-protobuf@v3.21.2-YDUqZL2TTSsy2lGtfuND/dist=es2019,mode=imports/optimized/google-protobuf.js:778:11)
    at Object.jspb.asserts.assert (https://cdn.skypack.dev/-/google-protobuf@v3.21.2-YDUqZL2TTSsy2lGtfuND/dist=es2019,mode=imports/optimized/google-protobuf.js:783:23)
    at jspb.BinaryEncoder.writeUnsignedVarint32 (https://cdn.skypack.dev/-/google-protobuf@v3.21.2-YDUqZL2TTSsy2lGtfuND/dist=es2019,mode=imports/optimized/google-protobuf.js:4791:23)
    at jspb.BinaryWriter.writePackedUint32 (https://cdn.skypack.dev/-/google-protobuf@v3.21.2-YDUqZL2TTSsy2lGtfuND/dist=es2019,mode=imports/optimized/google-protobuf.js:5575:23)
    at protobuf_test_messages_proto3_TestAllTypesProto3.serialize (file:///Users/thesayyn/Documents/thesayyn/protoc-gen-ts/target/debug/build/protoc_gen_ts-8cec2bec66276c47/out/test_conformance/test_messages_proto3.ts:1095:20)
    at file:///Users/thesayyn/Documents/thesayyn/protoc-gen-ts/tests/conformance/bin/main.ts:24:44

  protobuf_test_messages.proto3.TestAllTypesProto3 1
  Error: Assertion failed
    at Object.jspb.asserts.doAssertFailure (https://cdn.skypack.dev/-/google-protobuf@v3.21.2-YDUqZL2TTSsy2lGtfuND/dist=es2019,mode=imports/optimized/google-protobuf.js:778:11)
    at Object.jspb.asserts.assert (https://cdn.skypack.dev/-/google-protobuf@v3.21.2-YDUqZL2TTSsy2lGtfuND/dist=es2019,mode=imports/optimized/google-protobuf.js:783:23)
    at jspb.BinaryEncoder.writeUnsignedVarint32 (https://cdn.skypack.dev/-/google-protobuf@v3.21.2-YDUqZL2TTSsy2lGtfuND/dist=es2019,mode=imports/optimized/google-protobuf.js:4791:23)
    at jspb.BinaryWriter.writePackedUint32 (https://cdn.skypack.dev/-/google-protobuf@v3.21.2-YDUqZL2TTSsy2lGtfuND/dist=es2019,mode=imports/optimized/google-protobuf.js:5575:23)
    at protobuf_test_messages_proto3_TestAllTypesProto3.serialize (file:///Users/thesayyn/Documents/thesayyn/protoc-gen-ts/target/debug/build/protoc_gen_ts-8cec2bec66276c47/out/test_conformance/test_messages_proto3.ts:1095:20)
    at file:///Users/thesayyn/Documents/thesayyn/protoc-gen-ts/tests/conformance/bin/main.ts:24:44

  protobuf_test_messages.proto3.TestAllTypesProto3 1
  Error: Assertion failed
    at Object.jspb.asserts.doAssertFailure (https://cdn.skypack.dev/-/google-protobuf@v3.21.2-YDUqZL2TTSsy2lGtfuND/dist=es2019,mode=imports/optimized/google-protobuf.js:778:11)
    at Object.jspb.asserts.assert (https://cdn.skypack.dev/-/google-protobuf@v3.21.2-YDUqZL2TTSsy2lGtfuND/dist=es2019,mode=imports/optimized/google-protobuf.js:783:23)
    at jspb.BinaryEncoder.writeUnsignedVarint32 (https://cdn.skypack.dev/-/google-protobuf@v3.21.2-YDUqZL2TTSsy2lGtfuND/dist=es2019,mode=imports/optimized/google-protobuf.js:4791:23)
    at jspb.BinaryWriter.writePackedUint32 (https://cdn.skypack.dev/-/google-protobuf@v3.21.2-YDUqZL2TTSsy2lGtfuND/dist=es2019,mode=imports/optimized/google-protobuf.js:5575:23)
    at protobuf_test_messages_proto3_TestAllTypesProto3.serialize (file:///Users/thesayyn/Documents/thesayyn/protoc-gen-ts/target/debug/build/protoc_gen_ts-8cec2bec66276c47/out/test_conformance/test_messages_proto3.ts:1095:20)
    at file:///Users/thesayyn/Documents/thesayyn/protoc-gen-ts/tests/conformance/bin/main.ts:24:44

  protobuf_test_messages.proto3.TestAllTypesProto3 1
  Error: Assertion failed
    at Object.jspb.asserts.doAssertFailure (https://cdn.skypack.dev/-/google-protobuf@v3.21.2-YDUqZL2TTSsy2lGtfuND/dist=es2019,mode=imports/optimized/google-protobuf.js:778:11)
    at Object.jspb.asserts.assert (https://cdn.skypack.dev/-/google-protobuf@v3.21.2-YDUqZL2TTSsy2lGtfuND/dist=es2019,mode=imports/optimized/google-protobuf.js:783:23)
    at jspb.BinaryEncoder.writeUnsignedVarint32 (https://cdn.skypack.dev/-/google-protobuf@v3.21.2-YDUqZL2TTSsy2lGtfuND/dist=es2019,mode=imports/optimized/google-protobuf.js:4791:23)
    at jspb.BinaryWriter.writePackedUint32 (https://cdn.skypack.dev/-/google-protobuf@v3.21.2-YDUqZL2TTSsy2lGtfuND/dist=es2019,mode=imports/optimized/google-protobuf.js:5575:23)
    at protobuf_test_messages_proto3_TestAllTypesProto3.serialize (file:///Users/thesayyn/Documents/thesayyn/protoc-gen-ts/target/debug/build/protoc_gen_ts-8cec2bec66276c47/out/test_conformance/test_messages_proto3.ts:1095:20)
    at file:///Users/thesayyn/Documents/thesayyn/protoc-gen-ts/tests/conformance/bin/main.ts:24:44

  protobuf_test_messages.proto3.TestAllTypesProto3 1
  Error: Assertion failed
    at Object.jspb.asserts.doAssertFailure (https://cdn.skypack.dev/-/google-protobuf@v3.21.2-YDUqZL2TTSsy2lGtfuND/dist=es2019,mode=imports/optimized/google-protobuf.js:778:11)
    at Object.jspb.asserts.assert (https://cdn.skypack.dev/-/google-protobuf@v3.21.2-YDUqZL2TTSsy2lGtfuND/dist=es2019,mode=imports/optimized/google-protobuf.js:783:23)
    at jspb.BinaryEncoder.writeUnsignedVarint32 (https://cdn.skypack.dev/-/google-protobuf@v3.21.2-YDUqZL2TTSsy2lGtfuND/dist=es2019,mode=imports/optimized/google-protobuf.js:4791:23)
    at jspb.BinaryWriter.writePackedUint32 (https://cdn.skypack.dev/-/google-protobuf@v3.21.2-YDUqZL2TTSsy2lGtfuND/dist=es2019,mode=imports/optimized/google-protobuf.js:5575:23)
    at protobuf_test_messages_proto3_TestAllTypesProto3.serialize (file:///Users/thesayyn/Documents/thesayyn/protoc-gen-ts/target/debug/build/protoc_gen_ts-8cec2bec66276c47/out/test_conformance/test_messages_proto3.ts:1095:20)
    at file:///Users/thesayyn/Documents/thesayyn/protoc-gen-ts/tests/conformance/bin/main.ts:24:44

  protobuf_test_messages.proto3.TestAllTypesProto3 1
  Error: Assertion failed
    at Object.jspb.asserts.doAssertFailure (https://cdn.skypack.dev/-/google-protobuf@v3.21.2-YDUqZL2TTSsy2lGtfuND/dist=es2019,mode=imports/optimized/google-protobuf.js:778:11)
    at Object.jspb.asserts.assert (https://cdn.skypack.dev/-/google-protobuf@v3.21.2-YDUqZL2TTSsy2lGtfuND/dist=es2019,mode=imports/optimized/google-protobuf.js:783:23)
    at jspb.BinaryEncoder.writeUnsignedVarint32 (https://cdn.skypack.dev/-/google-protobuf@v3.21.2-YDUqZL2TTSsy2lGtfuND/dist=es2019,mode=imports/optimized/google-protobuf.js:4791:23)
    at jspb.BinaryWriter.writePackedUint32 (https://cdn.skypack.dev/-/google-protobuf@v3.21.2-YDUqZL2TTSsy2lGtfuND/dist=es2019,mode=imports/optimized/google-protobuf.js:5575:23)
    at protobuf_test_messages_proto3_TestAllTypesProto3.serialize (file:///Users/thesayyn/Documents/thesayyn/protoc-gen-ts/target/debug/build/protoc_gen_ts-8cec2bec66276c47/out/test_conformance/test_messages_proto3.ts:1095:20)
    at file:///Users/thesayyn/Documents/thesayyn/protoc-gen-ts/tests/conformance/bin/main.ts:24:44

  protobuf_test_messages.proto3.TestAllTypesProto3 1
  Error: Assertion failed
    at Object.jspb.asserts.doAssertFailure (https://cdn.skypack.dev/-/google-protobuf@v3.21.2-YDUqZL2TTSsy2lGtfuND/dist=es2019,mode=imports/optimized/google-protobuf.js:778:11)
    at Object.jspb.asserts.assert (https://cdn.skypack.dev/-/google-protobuf@v3.21.2-YDUqZL2TTSsy2lGtfuND/dist=es2019,mode=imports/optimized/google-protobuf.js:783:23)
    at jspb.BinaryWriter.writeUint32 (https://cdn.skypack.dev/-/google-protobuf@v3.21.2-YDUqZL2TTSsy2lGtfuND/dist=es2019,mode=imports/optimized/google-protobuf.js:5227:32)
    at protobuf_test_messages_proto3_TestAllTypesProto3.serialize (file:///Users/thesayyn/Documents/thesayyn/protoc-gen-ts/target/debug/build/protoc_gen_ts-8cec2bec66276c47/out/test_conformance/test_messages_proto3.ts:1272:20)
    at file:///Users/thesayyn/Documents/thesayyn/protoc-gen-ts/tests/conformance/bin/main.ts:24:44

  protobuf_test_messages.proto3.TestAllTypesProto3 1
  Error: Assertion failed
    at Object.jspb.asserts.doAssertFailure (https://cdn.skypack.dev/-/google-protobuf@v3.21.2-YDUqZL2TTSsy2lGtfuND/dist=es2019,mode=imports/optimized/google-protobuf.js:778:11)
    at Object.jspb.asserts.assert (https://cdn.skypack.dev/-/google-protobuf@v3.21.2-YDUqZL2TTSsy2lGtfuND/dist=es2019,mode=imports/optimized/google-protobuf.js:783:23)
    at jspb.BinaryReader.readUint32 (https://cdn.skypack.dev/-/google-protobuf@v3.21.2-YDUqZL2TTSsy2lGtfuND/dist=es2019,mode=imports/optimized/google-protobuf.js:4550:18)
    at Function.deserialize (file:///Users/thesayyn/Documents/thesayyn/protoc-gen-ts/target/debug/build/protoc_gen_ts-8cec2bec66276c47/out/test_conformance/test_messages_proto3.ts:381:53)
    at file:///Users/thesayyn/Documents/thesayyn/protoc-gen-ts/tests/conformance/bin/main.ts:23:78

  protobuf_test_messages.proto2.TestAllTypesProto2 1
  Error: Assertion failed
    at Object.jspb.asserts.doAssertFailure (https://cdn.skypack.dev/-/google-protobuf@v3.21.2-YDUqZL2TTSsy2lGtfuND/dist=es2019,mode=imports/optimized/google-protobuf.js:778:11)
    at Object.jspb.asserts.assert (https://cdn.skypack.dev/-/google-protobuf@v3.21.2-YDUqZL2TTSsy2lGtfuND/dist=es2019,mode=imports/optimized/google-protobuf.js:783:23)
    at jspb.BinaryWriter.writeFixed64 (https://cdn.skypack.dev/-/google-protobuf@v3.21.2-YDUqZL2TTSsy2lGtfuND/dist=es2019,mode=imports/optimized/google-protobuf.js:5259:32)
    at protobuf_test_messages_proto2_TestAllTypesProto2.serialize (file:///Users/thesayyn/Documents/thesayyn/protoc-gen-ts/target/debug/build/protoc_gen_ts-8cec2bec66276c47/out/test_conformance/test_messages_proto2.ts:909:20)
    at file:///Users/thesayyn/Documents/thesayyn/protoc-gen-ts/tests/conformance/bin/main.ts:31:44

  protobuf_test_messages.proto2.TestAllTypesProto2 1
  Error: Assertion failed
    at Object.jspb.asserts.doAssertFailure (https://cdn.skypack.dev/-/google-protobuf@v3.21.2-YDUqZL2TTSsy2lGtfuND/dist=es2019,mode=imports/optimized/google-protobuf.js:778:11)
    at Object.jspb.asserts.assert (https://cdn.skypack.dev/-/google-protobuf@v3.21.2-YDUqZL2TTSsy2lGtfuND/dist=es2019,mode=imports/optimized/google-protobuf.js:783:23)
    at jspb.BinaryWriter.writeFixed64 (https://cdn.skypack.dev/-/google-protobuf@v3.21.2-YDUqZL2TTSsy2lGtfuND/dist=es2019,mode=imports/optimized/google-protobuf.js:5259:32)
    at protobuf_test_messages_proto2_TestAllTypesProto2.serialize (file:///Users/thesayyn/Documents/thesayyn/protoc-gen-ts/target/debug/build/protoc_gen_ts-8cec2bec66276c47/out/test_conformance/test_messages_proto2.ts:909:20)
    at file:///Users/thesayyn/Documents/thesayyn/protoc-gen-ts/tests/conformance/bin/main.ts:31:44

  protobuf_test_messages.proto2.TestAllTypesProto2 1
  Error: Assertion failed
    at Object.jspb.asserts.doAssertFailure (https://cdn.skypack.dev/-/google-protobuf@v3.21.2-YDUqZL2TTSsy2lGtfuND/dist=es2019,mode=imports/optimized/google-protobuf.js:778:11)
    at Object.jspb.asserts.assert (https://cdn.skypack.dev/-/google-protobuf@v3.21.2-YDUqZL2TTSsy2lGtfuND/dist=es2019,mode=imports/optimized/google-protobuf.js:783:23)
    at jspb.BinaryWriter.writeFixed64 (https://cdn.skypack.dev/-/google-protobuf@v3.21.2-YDUqZL2TTSsy2lGtfuND/dist=es2019,mode=imports/optimized/google-protobuf.js:5259:32)
    at protobuf_test_messages_proto2_TestAllTypesProto2.serialize (file:///Users/thesayyn/Documents/thesayyn/protoc-gen-ts/target/debug/build/protoc_gen_ts-8cec2bec66276c47/out/test_conformance/test_messages_proto2.ts:909:20)
    at file:///Users/thesayyn/Documents/thesayyn/protoc-gen-ts/tests/conformance/bin/main.ts:31:44

  protobuf_test_messages.proto2.TestAllTypesProto2 1
  Error: Assertion failed
    at Object.jspb.asserts.doAssertFailure (https://cdn.skypack.dev/-/google-protobuf@v3.21.2-YDUqZL2TTSsy2lGtfuND/dist=es2019,mode=imports/optimized/google-protobuf.js:778:11)
    at Object.jspb.asserts.assert (https://cdn.skypack.dev/-/google-protobuf@v3.21.2-YDUqZL2TTSsy2lGtfuND/dist=es2019,mode=imports/optimized/google-protobuf.js:783:23)
    at jspb.BinaryWriter.writeFixed64 (https://cdn.skypack.dev/-/google-protobuf@v3.21.2-YDUqZL2TTSsy2lGtfuND/dist=es2019,mode=imports/optimized/google-protobuf.js:5259:32)
    at protobuf_test_messages_proto2_TestAllTypesProto2.serialize (file:///Users/thesayyn/Documents/thesayyn/protoc-gen-ts/target/debug/build/protoc_gen_ts-8cec2bec66276c47/out/test_conformance/test_messages_proto2.ts:1022:20)
    at file:///Users/thesayyn/Documents/thesayyn/protoc-gen-ts/tests/conformance/bin/main.ts:31:44

  protobuf_test_messages.proto2.TestAllTypesProto2 1
  Error: Assertion failed
    at Object.jspb.asserts.doAssertFailure (https://cdn.skypack.dev/-/google-protobuf@v3.21.2-YDUqZL2TTSsy2lGtfuND/dist=es2019,mode=imports/optimized/google-protobuf.js:778:11)
    at Object.jspb.asserts.assert (https://cdn.skypack.dev/-/google-protobuf@v3.21.2-YDUqZL2TTSsy2lGtfuND/dist=es2019,mode=imports/optimized/google-protobuf.js:783:23)
    at jspb.BinaryReader.readFixed64 (https://cdn.skypack.dev/-/google-protobuf@v3.21.2-YDUqZL2TTSsy2lGtfuND/dist=es2019,mode=imports/optimized/google-protobuf.js:4587:18)
    at Function.deserialize (file:///Users/thesayyn/Documents/thesayyn/protoc-gen-ts/target/debug/build/protoc_gen_ts-8cec2bec66276c47/out/test_conformance/test_messages_proto2.ts:235:54)
    at file:///Users/thesayyn/Documents/thesayyn/protoc-gen-ts/tests/conformance/bin/main.ts:30:78

  protobuf_test_messages.proto2.TestAllTypesProto2 1
  Error: Assertion failed
    at Object.jspb.asserts.doAssertFailure (https://cdn.skypack.dev/-/google-protobuf@v3.21.2-YDUqZL2TTSsy2lGtfuND/dist=es2019,mode=imports/optimized/google-protobuf.js:778:11)
    at Object.jspb.asserts.assert (https://cdn.skypack.dev/-/google-protobuf@v3.21.2-YDUqZL2TTSsy2lGtfuND/dist=es2019,mode=imports/optimized/google-protobuf.js:783:23)
    at jspb.BinaryWriter.writeFixed64 (https://cdn.skypack.dev/-/google-protobuf@v3.21.2-YDUqZL2TTSsy2lGtfuND/dist=es2019,mode=imports/optimized/google-protobuf.js:5259:32)
    at protobuf_test_messages_proto2_TestAllTypesProto2.serialize (file:///Users/thesayyn/Documents/thesayyn/protoc-gen-ts/target/debug/build/protoc_gen_ts-8cec2bec66276c47/out/test_conformance/test_messages_proto2.ts:1022:20)
    at file:///Users/thesayyn/Documents/thesayyn/protoc-gen-ts/tests/conformance/bin/main.ts:31:44

  protobuf_test_messages.proto2.TestAllTypesProto2 1
  Error: Assertion failed
    at Object.jspb.asserts.doAssertFailure (https://cdn.skypack.dev/-/google-protobuf@v3.21.2-YDUqZL2TTSsy2lGtfuND/dist=es2019,mode=imports/optimized/google-protobuf.js:778:11)
    at Object.jspb.asserts.assert (https://cdn.skypack.dev/-/google-protobuf@v3.21.2-YDUqZL2TTSsy2lGtfuND/dist=es2019,mode=imports/optimized/google-protobuf.js:783:23)
    at jspb.BinaryReader.readFixed64 (https://cdn.skypack.dev/-/google-protobuf@v3.21.2-YDUqZL2TTSsy2lGtfuND/dist=es2019,mode=imports/optimized/google-protobuf.js:4587:18)
    at Function.deserialize (file:///Users/thesayyn/Documents/thesayyn/protoc-gen-ts/target/debug/build/protoc_gen_ts-8cec2bec66276c47/out/test_conformance/test_messages_proto2.ts:235:54)
    at file:///Users/thesayyn/Documents/thesayyn/protoc-gen-ts/tests/conformance/bin/main.ts:30:78

  protobuf_test_messages.proto2.TestAllTypesProto2 1
  Error: Assertion failed
    at Object.jspb.asserts.doAssertFailure (https://cdn.skypack.dev/-/google-protobuf@v3.21.2-YDUqZL2TTSsy2lGtfuND/dist=es2019,mode=imports/optimized/google-protobuf.js:778:11)
    at Object.jspb.asserts.assert (https://cdn.skypack.dev/-/google-protobuf@v3.21.2-YDUqZL2TTSsy2lGtfuND/dist=es2019,mode=imports/optimized/google-protobuf.js:783:23)
    at jspb.BinaryEncoder.writeUint64 (https://cdn.skypack.dev/-/google-protobuf@v3.21.2-YDUqZL2TTSsy2lGtfuND/dist=es2019,mode=imports/optimized/google-protobuf.js:4860:18)
    at jspb.BinaryWriter.writePackedFixed64 (https://cdn.skypack.dev/-/google-protobuf@v3.21.2-YDUqZL2TTSsy2lGtfuND/dist=es2019,mode=imports/optimized/google-protobuf.js:5650:23)
    at protobuf_test_messages_proto2_TestAllTypesProto2.serialize (file:///Users/thesayyn/Documents/thesayyn/protoc-gen-ts/target/debug/build/protoc_gen_ts-8cec2bec66276c47/out/test_conformance/test_messages_proto2.ts:1129:20)
    at file:///Users/thesayyn/Documents/thesayyn/protoc-gen-ts/tests/conformance/bin/main.ts:31:44

  protobuf_test_messages.proto2.TestAllTypesProto2 1
  Error: Assertion failed
    at Object.jspb.asserts.doAssertFailure (https://cdn.skypack.dev/-/google-protobuf@v3.21.2-YDUqZL2TTSsy2lGtfuND/dist=es2019,mode=imports/optimized/google-protobuf.js:778:11)
    at Object.jspb.asserts.assert (https://cdn.skypack.dev/-/google-protobuf@v3.21.2-YDUqZL2TTSsy2lGtfuND/dist=es2019,mode=imports/optimized/google-protobuf.js:783:23)
    at jspb.BinaryEncoder.writeUint64 (https://cdn.skypack.dev/-/google-protobuf@v3.21.2-YDUqZL2TTSsy2lGtfuND/dist=es2019,mode=imports/optimized/google-protobuf.js:4860:18)
    at jspb.BinaryWriter.writePackedFixed64 (https://cdn.skypack.dev/-/google-protobuf@v3.21.2-YDUqZL2TTSsy2lGtfuND/dist=es2019,mode=imports/optimized/google-protobuf.js:5650:23)
    at protobuf_test_messages_proto2_TestAllTypesProto2.serialize (file:///Users/thesayyn/Documents/thesayyn/protoc-gen-ts/target/debug/build/protoc_gen_ts-8cec2bec66276c47/out/test_conformance/test_messages_proto2.ts:1129:20)
    at file:///Users/thesayyn/Documents/thesayyn/protoc-gen-ts/tests/conformance/bin/main.ts:31:44

  protobuf_test_messages.proto2.TestAllTypesProto2 1
  Error: Assertion failed
    at Object.jspb.asserts.doAssertFailure (https://cdn.skypack.dev/-/google-protobuf@v3.21.2-YDUqZL2TTSsy2lGtfuND/dist=es2019,mode=imports/optimized/google-protobuf.js:778:11)
    at Object.jspb.asserts.assert (https://cdn.skypack.dev/-/google-protobuf@v3.21.2-YDUqZL2TTSsy2lGtfuND/dist=es2019,mode=imports/optimized/google-protobuf.js:783:23)
    at jspb.BinaryWriter.writeFixed64 (https://cdn.skypack.dev/-/google-protobuf@v3.21.2-YDUqZL2TTSsy2lGtfuND/dist=es2019,mode=imports/optimized/google-protobuf.js:5259:32)
    at protobuf_test_messages_proto2_TestAllTypesProto2.serialize (file:///Users/thesayyn/Documents/thesayyn/protoc-gen-ts/target/debug/build/protoc_gen_ts-8cec2bec66276c47/out/test_conformance/test_messages_proto2.ts:1022:20)
    at file:///Users/thesayyn/Documents/thesayyn/protoc-gen-ts/tests/conformance/bin/main.ts:31:44

  protobuf_test_messages.proto2.TestAllTypesProto2 1
  Error: Assertion failed
    at Object.jspb.asserts.doAssertFailure (https://cdn.skypack.dev/-/google-protobuf@v3.21.2-YDUqZL2TTSsy2lGtfuND/dist=es2019,mode=imports/optimized/google-protobuf.js:778:11)
    at Object.jspb.asserts.assert (https://cdn.skypack.dev/-/google-protobuf@v3.21.2-YDUqZL2TTSsy2lGtfuND/dist=es2019,mode=imports/optimized/google-protobuf.js:783:23)
    at jspb.BinaryReader.readFixed64 (https://cdn.skypack.dev/-/google-protobuf@v3.21.2-YDUqZL2TTSsy2lGtfuND/dist=es2019,mode=imports/optimized/google-protobuf.js:4587:18)
    at Function.deserialize (file:///Users/thesayyn/Documents/thesayyn/protoc-gen-ts/target/debug/build/protoc_gen_ts-8cec2bec66276c47/out/test_conformance/test_messages_proto2.ts:235:54)
    at file:///Users/thesayyn/Documents/thesayyn/protoc-gen-ts/tests/conformance/bin/main.ts:30:78

  protobuf_test_messages.proto3.TestAllTypesProto3 1
  Error: Assertion failed
    at Object.jspb.asserts.doAssertFailure (https://cdn.skypack.dev/-/google-protobuf@v3.21.2-YDUqZL2TTSsy2lGtfuND/dist=es2019,mode=imports/optimized/google-protobuf.js:778:11)
    at Object.jspb.asserts.assert (https://cdn.skypack.dev/-/google-protobuf@v3.21.2-YDUqZL2TTSsy2lGtfuND/dist=es2019,mode=imports/optimized/google-protobuf.js:783:23)
    at jspb.BinaryWriter.writeFixed64 (https://cdn.skypack.dev/-/google-protobuf@v3.21.2-YDUqZL2TTSsy2lGtfuND/dist=es2019,mode=imports/optimized/google-protobuf.js:5259:32)
    at protobuf_test_messages_proto3_TestAllTypesProto3.serialize (file:///Users/thesayyn/Documents/thesayyn/protoc-gen-ts/target/debug/build/protoc_gen_ts-8cec2bec66276c47/out/test_conformance/test_messages_proto3.ts:1002:20)
    at file:///Users/thesayyn/Documents/thesayyn/protoc-gen-ts/tests/conformance/bin/main.ts:24:44

  protobuf_test_messages.proto3.TestAllTypesProto3 1
  Error: Assertion failed
    at Object.jspb.asserts.doAssertFailure (https://cdn.skypack.dev/-/google-protobuf@v3.21.2-YDUqZL2TTSsy2lGtfuND/dist=es2019,mode=imports/optimized/google-protobuf.js:778:11)
    at Object.jspb.asserts.assert (https://cdn.skypack.dev/-/google-protobuf@v3.21.2-YDUqZL2TTSsy2lGtfuND/dist=es2019,mode=imports/optimized/google-protobuf.js:783:23)
    at jspb.BinaryWriter.writeFixed64 (https://cdn.skypack.dev/-/google-protobuf@v3.21.2-YDUqZL2TTSsy2lGtfuND/dist=es2019,mode=imports/optimized/google-protobuf.js:5259:32)
    at protobuf_test_messages_proto3_TestAllTypesProto3.serialize (file:///Users/thesayyn/Documents/thesayyn/protoc-gen-ts/target/debug/build/protoc_gen_ts-8cec2bec66276c47/out/test_conformance/test_messages_proto3.ts:1002:20)
    at file:///Users/thesayyn/Documents/thesayyn/protoc-gen-ts/tests/conformance/bin/main.ts:24:44

  protobuf_test_messages.proto3.TestAllTypesProto3 1
  Error: Assertion failed
    at Object.jspb.asserts.doAssertFailure (https://cdn.skypack.dev/-/google-protobuf@v3.21.2-YDUqZL2TTSsy2lGtfuND/dist=es2019,mode=imports/optimized/google-protobuf.js:778:11)
    at Object.jspb.asserts.assert (https://cdn.skypack.dev/-/google-protobuf@v3.21.2-YDUqZL2TTSsy2lGtfuND/dist=es2019,mode=imports/optimized/google-protobuf.js:783:23)
    at jspb.BinaryWriter.writeFixed64 (https://cdn.skypack.dev/-/google-protobuf@v3.21.2-YDUqZL2TTSsy2lGtfuND/dist=es2019,mode=imports/optimized/google-protobuf.js:5259:32)
    at protobuf_test_messages_proto3_TestAllTypesProto3.serialize (file:///Users/thesayyn/Documents/thesayyn/protoc-gen-ts/target/debug/build/protoc_gen_ts-8cec2bec66276c47/out/test_conformance/test_messages_proto3.ts:1002:20)
    at file:///Users/thesayyn/Documents/thesayyn/protoc-gen-ts/tests/conformance/bin/main.ts:24:44

  protobuf_test_messages.proto3.TestAllTypesProto3 1
  Error: Assertion failed
    at Object.jspb.asserts.doAssertFailure (https://cdn.skypack.dev/-/google-protobuf@v3.21.2-YDUqZL2TTSsy2lGtfuND/dist=es2019,mode=imports/optimized/google-protobuf.js:778:11)
    at Object.jspb.asserts.assert (https://cdn.skypack.dev/-/google-protobuf@v3.21.2-YDUqZL2TTSsy2lGtfuND/dist=es2019,mode=imports/optimized/google-protobuf.js:783:23)
    at jspb.BinaryEncoder.writeUint64 (https://cdn.skypack.dev/-/google-protobuf@v3.21.2-YDUqZL2TTSsy2lGtfuND/dist=es2019,mode=imports/optimized/google-protobuf.js:4860:18)
    at jspb.BinaryWriter.writePackedFixed64 (https://cdn.skypack.dev/-/google-protobuf@v3.21.2-YDUqZL2TTSsy2lGtfuND/dist=es2019,mode=imports/optimized/google-protobuf.js:5650:23)
    at protobuf_test_messages_proto3_TestAllTypesProto3.serialize (file:///Users/thesayyn/Documents/thesayyn/protoc-gen-ts/target/debug/build/protoc_gen_ts-8cec2bec66276c47/out/test_conformance/test_messages_proto3.ts:1120:20)
    at file:///Users/thesayyn/Documents/thesayyn/protoc-gen-ts/tests/conformance/bin/main.ts:24:44

  protobuf_test_messages.proto3.TestAllTypesProto3 1
  Error: Assertion failed
    at Object.jspb.asserts.doAssertFailure (https://cdn.skypack.dev/-/google-protobuf@v3.21.2-YDUqZL2TTSsy2lGtfuND/dist=es2019,mode=imports/optimized/google-protobuf.js:778:11)
    at Object.jspb.asserts.assert (https://cdn.skypack.dev/-/google-protobuf@v3.21.2-YDUqZL2TTSsy2lGtfuND/dist=es2019,mode=imports/optimized/google-protobuf.js:783:23)
    at jspb.BinaryEncoder.writeUint64 (https://cdn.skypack.dev/-/google-protobuf@v3.21.2-YDUqZL2TTSsy2lGtfuND/dist=es2019,mode=imports/optimized/google-protobuf.js:4860:18)
    at jspb.BinaryWriter.writePackedFixed64 (https://cdn.skypack.dev/-/google-protobuf@v3.21.2-YDUqZL2TTSsy2lGtfuND/dist=es2019,mode=imports/optimized/google-protobuf.js:5650:23)
    at protobuf_test_messages_proto3_TestAllTypesProto3.serialize (file:///Users/thesayyn/Documents/thesayyn/protoc-gen-ts/target/debug/build/protoc_gen_ts-8cec2bec66276c47/out/test_conformance/test_messages_proto3.ts:1120:20)
    at file:///Users/thesayyn/Documents/thesayyn/protoc-gen-ts/tests/conformance/bin/main.ts:24:44

  protobuf_test_messages.proto3.TestAllTypesProto3 1
  Error: Assertion failed
    at Object.jspb.asserts.doAssertFailure (https://cdn.skypack.dev/-/google-protobuf@v3.21.2-YDUqZL2TTSsy2lGtfuND/dist=es2019,mode=imports/optimized/google-protobuf.js:778:11)
    at Object.jspb.asserts.assert (https://cdn.skypack.dev/-/google-protobuf@v3.21.2-YDUqZL2TTSsy2lGtfuND/dist=es2019,mode=imports/optimized/google-protobuf.js:783:23)
    at jspb.BinaryEncoder.writeUint64 (https://cdn.skypack.dev/-/google-protobuf@v3.21.2-YDUqZL2TTSsy2lGtfuND/dist=es2019,mode=imports/optimized/google-protobuf.js:4860:18)
    at jspb.BinaryWriter.writePackedFixed64 (https://cdn.skypack.dev/-/google-protobuf@v3.21.2-YDUqZL2TTSsy2lGtfuND/dist=es2019,mode=imports/optimized/google-protobuf.js:5650:23)
    at protobuf_test_messages_proto3_TestAllTypesProto3.serialize (file:///Users/thesayyn/Documents/thesayyn/protoc-gen-ts/target/debug/build/protoc_gen_ts-8cec2bec66276c47/out/test_conformance/test_messages_proto3.ts:1120:20)
    at file:///Users/thesayyn/Documents/thesayyn/protoc-gen-ts/tests/conformance/bin/main.ts:24:44

  protobuf_test_messages.proto3.TestAllTypesProto3 1
  Error: Assertion failed
    at Object.jspb.asserts.doAssertFailure (https://cdn.skypack.dev/-/google-protobuf@v3.21.2-YDUqZL2TTSsy2lGtfuND/dist=es2019,mode=imports/optimized/google-protobuf.js:778:11)
    at Object.jspb.asserts.assert (https://cdn.skypack.dev/-/google-protobuf@v3.21.2-YDUqZL2TTSsy2lGtfuND/dist=es2019,mode=imports/optimized/google-protobuf.js:783:23)
    at jspb.BinaryEncoder.writeUint64 (https://cdn.skypack.dev/-/google-protobuf@v3.21.2-YDUqZL2TTSsy2lGtfuND/dist=es2019,mode=imports/optimized/google-protobuf.js:4860:18)
    at jspb.BinaryWriter.writePackedFixed64 (https://cdn.skypack.dev/-/google-protobuf@v3.21.2-YDUqZL2TTSsy2lGtfuND/dist=es2019,mode=imports/optimized/google-protobuf.js:5650:23)
    at protobuf_test_messages_proto3_TestAllTypesProto3.serialize (file:///Users/thesayyn/Documents/thesayyn/protoc-gen-ts/target/debug/build/protoc_gen_ts-8cec2bec66276c47/out/test_conformance/test_messages_proto3.ts:1120:20)
    at file:///Users/thesayyn/Documents/thesayyn/protoc-gen-ts/tests/conformance/bin/main.ts:24:44

  protobuf_test_messages.proto3.TestAllTypesProto3 1
  Error: Assertion failed
    at Object.jspb.asserts.doAssertFailure (https://cdn.skypack.dev/-/google-protobuf@v3.21.2-YDUqZL2TTSsy2lGtfuND/dist=es2019,mode=imports/optimized/google-protobuf.js:778:11)
    at Object.jspb.asserts.assert (https://cdn.skypack.dev/-/google-protobuf@v3.21.2-YDUqZL2TTSsy2lGtfuND/dist=es2019,mode=imports/optimized/google-protobuf.js:783:23)
    at jspb.BinaryEncoder.writeUint64 (https://cdn.skypack.dev/-/google-protobuf@v3.21.2-YDUqZL2TTSsy2lGtfuND/dist=es2019,mode=imports/optimized/google-protobuf.js:4860:18)
    at jspb.BinaryWriter.writePackedFixed64 (https://cdn.skypack.dev/-/google-protobuf@v3.21.2-YDUqZL2TTSsy2lGtfuND/dist=es2019,mode=imports/optimized/google-protobuf.js:5650:23)
    at protobuf_test_messages_proto3_TestAllTypesProto3.serialize (file:///Users/thesayyn/Documents/thesayyn/protoc-gen-ts/target/debug/build/protoc_gen_ts-8cec2bec66276c47/out/test_conformance/test_messages_proto3.ts:1120:20)
    at file:///Users/thesayyn/Documents/thesayyn/protoc-gen-ts/tests/conformance/bin/main.ts:24:44

  protobuf_test_messages.proto3.TestAllTypesProto3 1
  Error: Assertion failed
    at Object.jspb.asserts.doAssertFailure (https://cdn.skypack.dev/-/google-protobuf@v3.21.2-YDUqZL2TTSsy2lGtfuND/dist=es2019,mode=imports/optimized/google-protobuf.js:778:11)
    at Object.jspb.asserts.assert (https://cdn.skypack.dev/-/google-protobuf@v3.21.2-YDUqZL2TTSsy2lGtfuND/dist=es2019,mode=imports/optimized/google-protobuf.js:783:23)
    at jspb.BinaryEncoder.writeUint64 (https://cdn.skypack.dev/-/google-protobuf@v3.21.2-YDUqZL2TTSsy2lGtfuND/dist=es2019,mode=imports/optimized/google-protobuf.js:4860:18)
    at jspb.BinaryWriter.writePackedFixed64 (https://cdn.skypack.dev/-/google-protobuf@v3.21.2-YDUqZL2TTSsy2lGtfuND/dist=es2019,mode=imports/optimized/google-protobuf.js:5650:23)
    at protobuf_test_messages_proto3_TestAllTypesProto3.serialize (file:///Users/thesayyn/Documents/thesayyn/protoc-gen-ts/target/debug/build/protoc_gen_ts-8cec2bec66276c47/out/test_conformance/test_messages_proto3.ts:1120:20)
    at file:///Users/thesayyn/Documents/thesayyn/protoc-gen-ts/tests/conformance/bin/main.ts:24:44

  protobuf_test_messages.proto3.TestAllTypesProto3 1
  Error: Assertion failed
    at Object.jspb.asserts.doAssertFailure (https://cdn.skypack.dev/-/google-protobuf@v3.21.2-YDUqZL2TTSsy2lGtfuND/dist=es2019,mode=imports/optimized/google-protobuf.js:778:11)
    at Object.jspb.asserts.assert (https://cdn.skypack.dev/-/google-protobuf@v3.21.2-YDUqZL2TTSsy2lGtfuND/dist=es2019,mode=imports/optimized/google-protobuf.js:783:23)
    at jspb.BinaryWriter.writeFixed64 (https://cdn.skypack.dev/-/google-protobuf@v3.21.2-YDUqZL2TTSsy2lGtfuND/dist=es2019,mode=imports/optimized/google-protobuf.js:5259:32)
    at protobuf_test_messages_proto3_TestAllTypesProto3.serialize (file:///Users/thesayyn/Documents/thesayyn/protoc-gen-ts/target/debug/build/protoc_gen_ts-8cec2bec66276c47/out/test_conformance/test_messages_proto3.ts:1297:20)
    at file:///Users/thesayyn/Documents/thesayyn/protoc-gen-ts/tests/conformance/bin/main.ts:24:44

  protobuf_test_messages.proto3.TestAllTypesProto3 1
  Error: Assertion failed
    at Object.jspb.asserts.doAssertFailure (https://cdn.skypack.dev/-/google-protobuf@v3.21.2-YDUqZL2TTSsy2lGtfuND/dist=es2019,mode=imports/optimized/google-protobuf.js:778:11)
    at Object.jspb.asserts.assert (https://cdn.skypack.dev/-/google-protobuf@v3.21.2-YDUqZL2TTSsy2lGtfuND/dist=es2019,mode=imports/optimized/google-protobuf.js:783:23)
    at jspb.BinaryReader.readFixed64 (https://cdn.skypack.dev/-/google-protobuf@v3.21.2-YDUqZL2TTSsy2lGtfuND/dist=es2019,mode=imports/optimized/google-protobuf.js:4587:18)
    at Function.deserialize (file:///Users/thesayyn/Documents/thesayyn/protoc-gen-ts/target/debug/build/protoc_gen_ts-8cec2bec66276c47/out/test_conformance/test_messages_proto3.ts:396:54)
    at file:///Users/thesayyn/Documents/thesayyn/protoc-gen-ts/tests/conformance/bin/main.ts:23:78

  protobuf_test_messages.proto2.TestAllTypesProto2 1
  Error: Assertion failed
    at Object.jspb.asserts.doAssertFailure (https://cdn.skypack.dev/-/google-protobuf@v3.21.2-YDUqZL2TTSsy2lGtfuND/dist=es2019,mode=imports/optimized/google-protobuf.js:778:11)
    at Object.jspb.asserts.assert (https://cdn.skypack.dev/-/google-protobuf@v3.21.2-YDUqZL2TTSsy2lGtfuND/dist=es2019,mode=imports/optimized/google-protobuf.js:783:23)
    at jspb.BinaryReader.readFixed32 (https://cdn.skypack.dev/-/google-protobuf@v3.21.2-YDUqZL2TTSsy2lGtfuND/dist=es2019,mode=imports/optimized/google-protobuf.js:4582:18)
    at Function.deserialize (file:///Users/thesayyn/Documents/thesayyn/protoc-gen-ts/target/debug/build/protoc_gen_ts-8cec2bec66276c47/out/test_conformance/test_messages_proto2.ts:232:54)
    at file:///Users/thesayyn/Documents/thesayyn/protoc-gen-ts/tests/conformance/bin/main.ts:30:78

  protobuf_test_messages.proto2.TestAllTypesProto2 1
  Error: Assertion failed
    at Object.jspb.asserts.doAssertFailure (https://cdn.skypack.dev/-/google-protobuf@v3.21.2-YDUqZL2TTSsy2lGtfuND/dist=es2019,mode=imports/optimized/google-protobuf.js:778:11)
    at Object.jspb.asserts.assert (https://cdn.skypack.dev/-/google-protobuf@v3.21.2-YDUqZL2TTSsy2lGtfuND/dist=es2019,mode=imports/optimized/google-protobuf.js:783:23)
    at jspb.BinaryReader.readFixed32 (https://cdn.skypack.dev/-/google-protobuf@v3.21.2-YDUqZL2TTSsy2lGtfuND/dist=es2019,mode=imports/optimized/google-protobuf.js:4582:18)
    at Function.deserialize (file:///Users/thesayyn/Documents/thesayyn/protoc-gen-ts/target/debug/build/protoc_gen_ts-8cec2bec66276c47/out/test_conformance/test_messages_proto2.ts:232:54)
    at file:///Users/thesayyn/Documents/thesayyn/protoc-gen-ts/tests/conformance/bin/main.ts:30:78

  protobuf_test_messages.proto2.TestAllTypesProto2 1
  Error: Assertion failed
    at Object.jspb.asserts.doAssertFailure (https://cdn.skypack.dev/-/google-protobuf@v3.21.2-YDUqZL2TTSsy2lGtfuND/dist=es2019,mode=imports/optimized/google-protobuf.js:778:11)
    at Object.jspb.asserts.assert (https://cdn.skypack.dev/-/google-protobuf@v3.21.2-YDUqZL2TTSsy2lGtfuND/dist=es2019,mode=imports/optimized/google-protobuf.js:783:23)
    at jspb.BinaryReader.readFixed32 (https://cdn.skypack.dev/-/google-protobuf@v3.21.2-YDUqZL2TTSsy2lGtfuND/dist=es2019,mode=imports/optimized/google-protobuf.js:4582:18)
    at Function.deserialize (file:///Users/thesayyn/Documents/thesayyn/protoc-gen-ts/target/debug/build/protoc_gen_ts-8cec2bec66276c47/out/test_conformance/test_messages_proto2.ts:232:54)
    at file:///Users/thesayyn/Documents/thesayyn/protoc-gen-ts/tests/conformance/bin/main.ts:30:78

  protobuf_test_messages.proto3.TestAllTypesProto3 1
  Error: Assertion failed
    at Object.jspb.asserts.doAssertFailure (https://cdn.skypack.dev/-/google-protobuf@v3.21.2-YDUqZL2TTSsy2lGtfuND/dist=es2019,mode=imports/optimized/google-protobuf.js:778:11)
    at Object.jspb.asserts.assert (https://cdn.skypack.dev/-/google-protobuf@v3.21.2-YDUqZL2TTSsy2lGtfuND/dist=es2019,mode=imports/optimized/google-protobuf.js:783:23)
    at jspb.BinaryReader.readFixed32 (https://cdn.skypack.dev/-/google-protobuf@v3.21.2-YDUqZL2TTSsy2lGtfuND/dist=es2019,mode=imports/optimized/google-protobuf.js:4582:18)
    at Function.deserialize (file:///Users/thesayyn/Documents/thesayyn/protoc-gen-ts/target/debug/build/protoc_gen_ts-8cec2bec66276c47/out/test_conformance/test_messages_proto3.ts:393:54)
    at file:///Users/thesayyn/Documents/thesayyn/protoc-gen-ts/tests/conformance/bin/main.ts:23:78

  protobuf_test_messages.proto2.TestAllTypesProto2 1
  Error: Assertion failed
    at Object.jspb.asserts.doAssertFailure (https://cdn.skypack.dev/-/google-protobuf@v3.21.2-YDUqZL2TTSsy2lGtfuND/dist=es2019,mode=imports/optimized/google-protobuf.js:778:11)
    at Object.jspb.asserts.assert (https://cdn.skypack.dev/-/google-protobuf@v3.21.2-YDUqZL2TTSsy2lGtfuND/dist=es2019,mode=imports/optimized/google-protobuf.js:783:23)
    at jspb.BinaryWriter.writeSfixed64 (https://cdn.skypack.dev/-/google-protobuf@v3.21.2-YDUqZL2TTSsy2lGtfuND/dist=es2019,mode=imports/optimized/google-protobuf.js:5270:32)
    at protobuf_test_messages_proto2_TestAllTypesProto2.serialize (file:///Users/thesayyn/Documents/thesayyn/protoc-gen-ts/target/debug/build/protoc_gen_ts-8cec2bec66276c47/out/test_conformance/test_messages_proto2.ts:919:20)
    at file:///Users/thesayyn/Documents/thesayyn/protoc-gen-ts/tests/conformance/bin/main.ts:31:44

  protobuf_test_messages.proto2.TestAllTypesProto2 1
  Error: Assertion failed
    at Object.jspb.asserts.doAssertFailure (https://cdn.skypack.dev/-/google-protobuf@v3.21.2-YDUqZL2TTSsy2lGtfuND/dist=es2019,mode=imports/optimized/google-protobuf.js:778:11)
    at Object.jspb.asserts.assert (https://cdn.skypack.dev/-/google-protobuf@v3.21.2-YDUqZL2TTSsy2lGtfuND/dist=es2019,mode=imports/optimized/google-protobuf.js:783:23)
    at jspb.BinaryWriter.writeSfixed64 (https://cdn.skypack.dev/-/google-protobuf@v3.21.2-YDUqZL2TTSsy2lGtfuND/dist=es2019,mode=imports/optimized/google-protobuf.js:5270:32)
    at protobuf_test_messages_proto2_TestAllTypesProto2.serialize (file:///Users/thesayyn/Documents/thesayyn/protoc-gen-ts/target/debug/build/protoc_gen_ts-8cec2bec66276c47/out/test_conformance/test_messages_proto2.ts:919:20)
    at file:///Users/thesayyn/Documents/thesayyn/protoc-gen-ts/tests/conformance/bin/main.ts:31:44

  protobuf_test_messages.proto2.TestAllTypesProto2 1
  Error: Assertion failed
    at Object.jspb.asserts.doAssertFailure (https://cdn.skypack.dev/-/google-protobuf@v3.21.2-YDUqZL2TTSsy2lGtfuND/dist=es2019,mode=imports/optimized/google-protobuf.js:778:11)
    at Object.jspb.asserts.assert (https://cdn.skypack.dev/-/google-protobuf@v3.21.2-YDUqZL2TTSsy2lGtfuND/dist=es2019,mode=imports/optimized/google-protobuf.js:783:23)
    at jspb.BinaryWriter.writeSfixed64 (https://cdn.skypack.dev/-/google-protobuf@v3.21.2-YDUqZL2TTSsy2lGtfuND/dist=es2019,mode=imports/optimized/google-protobuf.js:5270:32)
    at protobuf_test_messages_proto2_TestAllTypesProto2.serialize (file:///Users/thesayyn/Documents/thesayyn/protoc-gen-ts/target/debug/build/protoc_gen_ts-8cec2bec66276c47/out/test_conformance/test_messages_proto2.ts:1032:20)
    at file:///Users/thesayyn/Documents/thesayyn/protoc-gen-ts/tests/conformance/bin/main.ts:31:44

  protobuf_test_messages.proto2.TestAllTypesProto2 1
  Error: Assertion failed
    at Object.jspb.asserts.doAssertFailure (https://cdn.skypack.dev/-/google-protobuf@v3.21.2-YDUqZL2TTSsy2lGtfuND/dist=es2019,mode=imports/optimized/google-protobuf.js:778:11)
    at Object.jspb.asserts.assert (https://cdn.skypack.dev/-/google-protobuf@v3.21.2-YDUqZL2TTSsy2lGtfuND/dist=es2019,mode=imports/optimized/google-protobuf.js:783:23)
    at jspb.BinaryReader.readSfixed64 (https://cdn.skypack.dev/-/google-protobuf@v3.21.2-YDUqZL2TTSsy2lGtfuND/dist=es2019,mode=imports/optimized/google-protobuf.js:4605:18)
    at Function.deserialize (file:///Users/thesayyn/Documents/thesayyn/protoc-gen-ts/target/debug/build/protoc_gen_ts-8cec2bec66276c47/out/test_conformance/test_messages_proto2.ts:241:55)
    at file:///Users/thesayyn/Documents/thesayyn/protoc-gen-ts/tests/conformance/bin/main.ts:30:78

  protobuf_test_messages.proto2.TestAllTypesProto2 1
  Error: Assertion failed
    at Object.jspb.asserts.doAssertFailure (https://cdn.skypack.dev/-/google-protobuf@v3.21.2-YDUqZL2TTSsy2lGtfuND/dist=es2019,mode=imports/optimized/google-protobuf.js:778:11)
    at Object.jspb.asserts.assert (https://cdn.skypack.dev/-/google-protobuf@v3.21.2-YDUqZL2TTSsy2lGtfuND/dist=es2019,mode=imports/optimized/google-protobuf.js:783:23)
    at jspb.BinaryWriter.writeSfixed64 (https://cdn.skypack.dev/-/google-protobuf@v3.21.2-YDUqZL2TTSsy2lGtfuND/dist=es2019,mode=imports/optimized/google-protobuf.js:5270:32)
    at protobuf_test_messages_proto2_TestAllTypesProto2.serialize (file:///Users/thesayyn/Documents/thesayyn/protoc-gen-ts/target/debug/build/protoc_gen_ts-8cec2bec66276c47/out/test_conformance/test_messages_proto2.ts:1032:20)
    at file:///Users/thesayyn/Documents/thesayyn/protoc-gen-ts/tests/conformance/bin/main.ts:31:44

  protobuf_test_messages.proto2.TestAllTypesProto2 1
  Error: Assertion failed
    at Object.jspb.asserts.doAssertFailure (https://cdn.skypack.dev/-/google-protobuf@v3.21.2-YDUqZL2TTSsy2lGtfuND/dist=es2019,mode=imports/optimized/google-protobuf.js:778:11)
    at Object.jspb.asserts.assert (https://cdn.skypack.dev/-/google-protobuf@v3.21.2-YDUqZL2TTSsy2lGtfuND/dist=es2019,mode=imports/optimized/google-protobuf.js:783:23)
    at jspb.BinaryReader.readSfixed64 (https://cdn.skypack.dev/-/google-protobuf@v3.21.2-YDUqZL2TTSsy2lGtfuND/dist=es2019,mode=imports/optimized/google-protobuf.js:4605:18)
    at Function.deserialize (file:///Users/thesayyn/Documents/thesayyn/protoc-gen-ts/target/debug/build/protoc_gen_ts-8cec2bec66276c47/out/test_conformance/test_messages_proto2.ts:241:55)
    at file:///Users/thesayyn/Documents/thesayyn/protoc-gen-ts/tests/conformance/bin/main.ts:30:78

  protobuf_test_messages.proto2.TestAllTypesProto2 1
  Error: Assertion failed
    at Object.jspb.asserts.doAssertFailure (https://cdn.skypack.dev/-/google-protobuf@v3.21.2-YDUqZL2TTSsy2lGtfuND/dist=es2019,mode=imports/optimized/google-protobuf.js:778:11)
    at Object.jspb.asserts.assert (https://cdn.skypack.dev/-/google-protobuf@v3.21.2-YDUqZL2TTSsy2lGtfuND/dist=es2019,mode=imports/optimized/google-protobuf.js:783:23)
    at jspb.BinaryEncoder.writeInt64 (https://cdn.skypack.dev/-/google-protobuf@v3.21.2-YDUqZL2TTSsy2lGtfuND/dist=es2019,mode=imports/optimized/google-protobuf.js:4886:18)
    at jspb.BinaryWriter.writePackedSfixed64 (https://cdn.skypack.dev/-/google-protobuf@v3.21.2-YDUqZL2TTSsy2lGtfuND/dist=es2019,mode=imports/optimized/google-protobuf.js:5669:23)
    at protobuf_test_messages_proto2_TestAllTypesProto2.serialize (file:///Users/thesayyn/Documents/thesayyn/protoc-gen-ts/target/debug/build/protoc_gen_ts-8cec2bec66276c47/out/test_conformance/test_messages_proto2.ts:1139:20)
    at file:///Users/thesayyn/Documents/thesayyn/protoc-gen-ts/tests/conformance/bin/main.ts:31:44

  protobuf_test_messages.proto2.TestAllTypesProto2 1
  Error: Assertion failed
    at Object.jspb.asserts.doAssertFailure (https://cdn.skypack.dev/-/google-protobuf@v3.21.2-YDUqZL2TTSsy2lGtfuND/dist=es2019,mode=imports/optimized/google-protobuf.js:778:11)
    at Object.jspb.asserts.assert (https://cdn.skypack.dev/-/google-protobuf@v3.21.2-YDUqZL2TTSsy2lGtfuND/dist=es2019,mode=imports/optimized/google-protobuf.js:783:23)
    at jspb.BinaryEncoder.writeInt64 (https://cdn.skypack.dev/-/google-protobuf@v3.21.2-YDUqZL2TTSsy2lGtfuND/dist=es2019,mode=imports/optimized/google-protobuf.js:4886:18)
    at jspb.BinaryWriter.writePackedSfixed64 (https://cdn.skypack.dev/-/google-protobuf@v3.21.2-YDUqZL2TTSsy2lGtfuND/dist=es2019,mode=imports/optimized/google-protobuf.js:5669:23)
    at protobuf_test_messages_proto2_TestAllTypesProto2.serialize (file:///Users/thesayyn/Documents/thesayyn/protoc-gen-ts/target/debug/build/protoc_gen_ts-8cec2bec66276c47/out/test_conformance/test_messages_proto2.ts:1139:20)
    at file:///Users/thesayyn/Documents/thesayyn/protoc-gen-ts/tests/conformance/bin/main.ts:31:44

  protobuf_test_messages.proto2.TestAllTypesProto2 1
  Error: Assertion failed
    at Object.jspb.asserts.doAssertFailure (https://cdn.skypack.dev/-/google-protobuf@v3.21.2-YDUqZL2TTSsy2lGtfuND/dist=es2019,mode=imports/optimized/google-protobuf.js:778:11)
    at Object.jspb.asserts.assert (https://cdn.skypack.dev/-/google-protobuf@v3.21.2-YDUqZL2TTSsy2lGtfuND/dist=es2019,mode=imports/optimized/google-protobuf.js:783:23)
    at jspb.BinaryWriter.writeSfixed64 (https://cdn.skypack.dev/-/google-protobuf@v3.21.2-YDUqZL2TTSsy2lGtfuND/dist=es2019,mode=imports/optimized/google-protobuf.js:5270:32)
    at protobuf_test_messages_proto2_TestAllTypesProto2.serialize (file:///Users/thesayyn/Documents/thesayyn/protoc-gen-ts/target/debug/build/protoc_gen_ts-8cec2bec66276c47/out/test_conformance/test_messages_proto2.ts:1032:20)
    at file:///Users/thesayyn/Documents/thesayyn/protoc-gen-ts/tests/conformance/bin/main.ts:31:44

  protobuf_test_messages.proto2.TestAllTypesProto2 1
  Error: Assertion failed
    at Object.jspb.asserts.doAssertFailure (https://cdn.skypack.dev/-/google-protobuf@v3.21.2-YDUqZL2TTSsy2lGtfuND/dist=es2019,mode=imports/optimized/google-protobuf.js:778:11)
    at Object.jspb.asserts.assert (https://cdn.skypack.dev/-/google-protobuf@v3.21.2-YDUqZL2TTSsy2lGtfuND/dist=es2019,mode=imports/optimized/google-protobuf.js:783:23)
    at jspb.BinaryReader.readSfixed64 (https://cdn.skypack.dev/-/google-protobuf@v3.21.2-YDUqZL2TTSsy2lGtfuND/dist=es2019,mode=imports/optimized/google-protobuf.js:4605:18)
    at Function.deserialize (file:///Users/thesayyn/Documents/thesayyn/protoc-gen-ts/target/debug/build/protoc_gen_ts-8cec2bec66276c47/out/test_conformance/test_messages_proto2.ts:241:55)
    at file:///Users/thesayyn/Documents/thesayyn/protoc-gen-ts/tests/conformance/bin/main.ts:30:78

  protobuf_test_messages.proto3.TestAllTypesProto3 1
  Error: Assertion failed
    at Object.jspb.asserts.doAssertFailure (https://cdn.skypack.dev/-/google-protobuf@v3.21.2-YDUqZL2TTSsy2lGtfuND/dist=es2019,mode=imports/optimized/google-protobuf.js:778:11)
    at Object.jspb.asserts.assert (https://cdn.skypack.dev/-/google-protobuf@v3.21.2-YDUqZL2TTSsy2lGtfuND/dist=es2019,mode=imports/optimized/google-protobuf.js:783:23)
    at jspb.BinaryWriter.writeSfixed64 (https://cdn.skypack.dev/-/google-protobuf@v3.21.2-YDUqZL2TTSsy2lGtfuND/dist=es2019,mode=imports/optimized/google-protobuf.js:5270:32)
    at protobuf_test_messages_proto3_TestAllTypesProto3.serialize (file:///Users/thesayyn/Documents/thesayyn/protoc-gen-ts/target/debug/build/protoc_gen_ts-8cec2bec66276c47/out/test_conformance/test_messages_proto3.ts:1012:20)
    at file:///Users/thesayyn/Documents/thesayyn/protoc-gen-ts/tests/conformance/bin/main.ts:24:44

  protobuf_test_messages.proto3.TestAllTypesProto3 1
  Error: Assertion failed
    at Object.jspb.asserts.doAssertFailure (https://cdn.skypack.dev/-/google-protobuf@v3.21.2-YDUqZL2TTSsy2lGtfuND/dist=es2019,mode=imports/optimized/google-protobuf.js:778:11)
    at Object.jspb.asserts.assert (https://cdn.skypack.dev/-/google-protobuf@v3.21.2-YDUqZL2TTSsy2lGtfuND/dist=es2019,mode=imports/optimized/google-protobuf.js:783:23)
    at jspb.BinaryWriter.writeSfixed64 (https://cdn.skypack.dev/-/google-protobuf@v3.21.2-YDUqZL2TTSsy2lGtfuND/dist=es2019,mode=imports/optimized/google-protobuf.js:5270:32)
    at protobuf_test_messages_proto3_TestAllTypesProto3.serialize (file:///Users/thesayyn/Documents/thesayyn/protoc-gen-ts/target/debug/build/protoc_gen_ts-8cec2bec66276c47/out/test_conformance/test_messages_proto3.ts:1012:20)
    at file:///Users/thesayyn/Documents/thesayyn/protoc-gen-ts/tests/conformance/bin/main.ts:24:44

  protobuf_test_messages.proto3.TestAllTypesProto3 1
  Error: Assertion failed
    at Object.jspb.asserts.doAssertFailure (https://cdn.skypack.dev/-/google-protobuf@v3.21.2-YDUqZL2TTSsy2lGtfuND/dist=es2019,mode=imports/optimized/google-protobuf.js:778:11)
    at Object.jspb.asserts.assert (https://cdn.skypack.dev/-/google-protobuf@v3.21.2-YDUqZL2TTSsy2lGtfuND/dist=es2019,mode=imports/optimized/google-protobuf.js:783:23)
    at jspb.BinaryEncoder.writeInt64 (https://cdn.skypack.dev/-/google-protobuf@v3.21.2-YDUqZL2TTSsy2lGtfuND/dist=es2019,mode=imports/optimized/google-protobuf.js:4886:18)
    at jspb.BinaryWriter.writePackedSfixed64 (https://cdn.skypack.dev/-/google-protobuf@v3.21.2-YDUqZL2TTSsy2lGtfuND/dist=es2019,mode=imports/optimized/google-protobuf.js:5669:23)
    at protobuf_test_messages_proto3_TestAllTypesProto3.serialize (file:///Users/thesayyn/Documents/thesayyn/protoc-gen-ts/target/debug/build/protoc_gen_ts-8cec2bec66276c47/out/test_conformance/test_messages_proto3.ts:1130:20)
    at file:///Users/thesayyn/Documents/thesayyn/protoc-gen-ts/tests/conformance/bin/main.ts:24:44

  protobuf_test_messages.proto3.TestAllTypesProto3 1
  Error: Assertion failed
    at Object.jspb.asserts.doAssertFailure (https://cdn.skypack.dev/-/google-protobuf@v3.21.2-YDUqZL2TTSsy2lGtfuND/dist=es2019,mode=imports/optimized/google-protobuf.js:778:11)
    at Object.jspb.asserts.assert (https://cdn.skypack.dev/-/google-protobuf@v3.21.2-YDUqZL2TTSsy2lGtfuND/dist=es2019,mode=imports/optimized/google-protobuf.js:783:23)
    at jspb.BinaryEncoder.writeInt64 (https://cdn.skypack.dev/-/google-protobuf@v3.21.2-YDUqZL2TTSsy2lGtfuND/dist=es2019,mode=imports/optimized/google-protobuf.js:4886:18)
    at jspb.BinaryWriter.writePackedSfixed64 (https://cdn.skypack.dev/-/google-protobuf@v3.21.2-YDUqZL2TTSsy2lGtfuND/dist=es2019,mode=imports/optimized/google-protobuf.js:5669:23)
    at protobuf_test_messages_proto3_TestAllTypesProto3.serialize (file:///Users/thesayyn/Documents/thesayyn/protoc-gen-ts/target/debug/build/protoc_gen_ts-8cec2bec66276c47/out/test_conformance/test_messages_proto3.ts:1130:20)
    at file:///Users/thesayyn/Documents/thesayyn/protoc-gen-ts/tests/conformance/bin/main.ts:24:44

  protobuf_test_messages.proto3.TestAllTypesProto3 1
  Error: Assertion failed
    at Object.jspb.asserts.doAssertFailure (https://cdn.skypack.dev/-/google-protobuf@v3.21.2-YDUqZL2TTSsy2lGtfuND/dist=es2019,mode=imports/optimized/google-protobuf.js:778:11)
    at Object.jspb.asserts.assert (https://cdn.skypack.dev/-/google-protobuf@v3.21.2-YDUqZL2TTSsy2lGtfuND/dist=es2019,mode=imports/optimized/google-protobuf.js:783:23)
    at jspb.BinaryEncoder.writeInt64 (https://cdn.skypack.dev/-/google-protobuf@v3.21.2-YDUqZL2TTSsy2lGtfuND/dist=es2019,mode=imports/optimized/google-protobuf.js:4886:18)
    at jspb.BinaryWriter.writePackedSfixed64 (https://cdn.skypack.dev/-/google-protobuf@v3.21.2-YDUqZL2TTSsy2lGtfuND/dist=es2019,mode=imports/optimized/google-protobuf.js:5669:23)
    at protobuf_test_messages_proto3_TestAllTypesProto3.serialize (file:///Users/thesayyn/Documents/thesayyn/protoc-gen-ts/target/debug/build/protoc_gen_ts-8cec2bec66276c47/out/test_conformance/test_messages_proto3.ts:1130:20)
    at file:///Users/thesayyn/Documents/thesayyn/protoc-gen-ts/tests/conformance/bin/main.ts:24:44

  protobuf_test_messages.proto3.TestAllTypesProto3 1
  Error: Assertion failed
    at Object.jspb.asserts.doAssertFailure (https://cdn.skypack.dev/-/google-protobuf@v3.21.2-YDUqZL2TTSsy2lGtfuND/dist=es2019,mode=imports/optimized/google-protobuf.js:778:11)
    at Object.jspb.asserts.assert (https://cdn.skypack.dev/-/google-protobuf@v3.21.2-YDUqZL2TTSsy2lGtfuND/dist=es2019,mode=imports/optimized/google-protobuf.js:783:23)
    at jspb.BinaryEncoder.writeInt64 (https://cdn.skypack.dev/-/google-protobuf@v3.21.2-YDUqZL2TTSsy2lGtfuND/dist=es2019,mode=imports/optimized/google-protobuf.js:4886:18)
    at jspb.BinaryWriter.writePackedSfixed64 (https://cdn.skypack.dev/-/google-protobuf@v3.21.2-YDUqZL2TTSsy2lGtfuND/dist=es2019,mode=imports/optimized/google-protobuf.js:5669:23)
    at protobuf_test_messages_proto3_TestAllTypesProto3.serialize (file:///Users/thesayyn/Documents/thesayyn/protoc-gen-ts/target/debug/build/protoc_gen_ts-8cec2bec66276c47/out/test_conformance/test_messages_proto3.ts:1130:20)
    at file:///Users/thesayyn/Documents/thesayyn/protoc-gen-ts/tests/conformance/bin/main.ts:24:44

  protobuf_test_messages.proto3.TestAllTypesProto3 1
  Error: Assertion failed
    at Object.jspb.asserts.doAssertFailure (https://cdn.skypack.dev/-/google-protobuf@v3.21.2-YDUqZL2TTSsy2lGtfuND/dist=es2019,mode=imports/optimized/google-protobuf.js:778:11)
    at Object.jspb.asserts.assert (https://cdn.skypack.dev/-/google-protobuf@v3.21.2-YDUqZL2TTSsy2lGtfuND/dist=es2019,mode=imports/optimized/google-protobuf.js:783:23)
    at jspb.BinaryEncoder.writeInt64 (https://cdn.skypack.dev/-/google-protobuf@v3.21.2-YDUqZL2TTSsy2lGtfuND/dist=es2019,mode=imports/optimized/google-protobuf.js:4886:18)
    at jspb.BinaryWriter.writePackedSfixed64 (https://cdn.skypack.dev/-/google-protobuf@v3.21.2-YDUqZL2TTSsy2lGtfuND/dist=es2019,mode=imports/optimized/google-protobuf.js:5669:23)
    at protobuf_test_messages_proto3_TestAllTypesProto3.serialize (file:///Users/thesayyn/Documents/thesayyn/protoc-gen-ts/target/debug/build/protoc_gen_ts-8cec2bec66276c47/out/test_conformance/test_messages_proto3.ts:1130:20)
    at file:///Users/thesayyn/Documents/thesayyn/protoc-gen-ts/tests/conformance/bin/main.ts:24:44

  protobuf_test_messages.proto3.TestAllTypesProto3 1
  Error: Assertion failed
    at Object.jspb.asserts.doAssertFailure (https://cdn.skypack.dev/-/google-protobuf@v3.21.2-YDUqZL2TTSsy2lGtfuND/dist=es2019,mode=imports/optimized/google-protobuf.js:778:11)
    at Object.jspb.asserts.assert (https://cdn.skypack.dev/-/google-protobuf@v3.21.2-YDUqZL2TTSsy2lGtfuND/dist=es2019,mode=imports/optimized/google-protobuf.js:783:23)
    at jspb.BinaryEncoder.writeInt64 (https://cdn.skypack.dev/-/google-protobuf@v3.21.2-YDUqZL2TTSsy2lGtfuND/dist=es2019,mode=imports/optimized/google-protobuf.js:4886:18)
    at jspb.BinaryWriter.writePackedSfixed64 (https://cdn.skypack.dev/-/google-protobuf@v3.21.2-YDUqZL2TTSsy2lGtfuND/dist=es2019,mode=imports/optimized/google-protobuf.js:5669:23)
    at protobuf_test_messages_proto3_TestAllTypesProto3.serialize (file:///Users/thesayyn/Documents/thesayyn/protoc-gen-ts/target/debug/build/protoc_gen_ts-8cec2bec66276c47/out/test_conformance/test_messages_proto3.ts:1130:20)
    at file:///Users/thesayyn/Documents/thesayyn/protoc-gen-ts/tests/conformance/bin/main.ts:24:44

  protobuf_test_messages.proto3.TestAllTypesProto3 1
  Error: Assertion failed
    at Object.jspb.asserts.doAssertFailure (https://cdn.skypack.dev/-/google-protobuf@v3.21.2-YDUqZL2TTSsy2lGtfuND/dist=es2019,mode=imports/optimized/google-protobuf.js:778:11)
    at Object.jspb.asserts.assert (https://cdn.skypack.dev/-/google-protobuf@v3.21.2-YDUqZL2TTSsy2lGtfuND/dist=es2019,mode=imports/optimized/google-protobuf.js:783:23)
    at jspb.BinaryWriter.writeSfixed64 (https://cdn.skypack.dev/-/google-protobuf@v3.21.2-YDUqZL2TTSsy2lGtfuND/dist=es2019,mode=imports/optimized/google-protobuf.js:5270:32)
    at protobuf_test_messages_proto3_TestAllTypesProto3.serialize (file:///Users/thesayyn/Documents/thesayyn/protoc-gen-ts/target/debug/build/protoc_gen_ts-8cec2bec66276c47/out/test_conformance/test_messages_proto3.ts:1307:20)
    at file:///Users/thesayyn/Documents/thesayyn/protoc-gen-ts/tests/conformance/bin/main.ts:24:44

  protobuf_test_messages.proto3.TestAllTypesProto3 1
  Error: Assertion failed
    at Object.jspb.asserts.doAssertFailure (https://cdn.skypack.dev/-/google-protobuf@v3.21.2-YDUqZL2TTSsy2lGtfuND/dist=es2019,mode=imports/optimized/google-protobuf.js:778:11)
    at Object.jspb.asserts.assert (https://cdn.skypack.dev/-/google-protobuf@v3.21.2-YDUqZL2TTSsy2lGtfuND/dist=es2019,mode=imports/optimized/google-protobuf.js:783:23)
    at jspb.BinaryReader.readSfixed64 (https://cdn.skypack.dev/-/google-protobuf@v3.21.2-YDUqZL2TTSsy2lGtfuND/dist=es2019,mode=imports/optimized/google-protobuf.js:4605:18)
    at Function.deserialize (file:///Users/thesayyn/Documents/thesayyn/protoc-gen-ts/target/debug/build/protoc_gen_ts-8cec2bec66276c47/out/test_conformance/test_messages_proto3.ts:402:55)
    at file:///Users/thesayyn/Documents/thesayyn/protoc-gen-ts/tests/conformance/bin/main.ts:23:78

  protobuf_test_messages.proto2.TestAllTypesProto2 1
  Error: Assertion failed
    at Object.jspb.asserts.doAssertFailure (https://cdn.skypack.dev/-/google-protobuf@v3.21.2-YDUqZL2TTSsy2lGtfuND/dist=es2019,mode=imports/optimized/google-protobuf.js:778:11)
    at Object.jspb.asserts.assert (https://cdn.skypack.dev/-/google-protobuf@v3.21.2-YDUqZL2TTSsy2lGtfuND/dist=es2019,mode=imports/optimized/google-protobuf.js:783:23)
    at jspb.BinaryReader.readSfixed32 (https://cdn.skypack.dev/-/google-protobuf@v3.21.2-YDUqZL2TTSsy2lGtfuND/dist=es2019,mode=imports/optimized/google-protobuf.js:4596:18)
    at Function.deserialize (file:///Users/thesayyn/Documents/thesayyn/protoc-gen-ts/target/debug/build/protoc_gen_ts-8cec2bec66276c47/out/test_conformance/test_messages_proto2.ts:238:55)
    at file:///Users/thesayyn/Documents/thesayyn/protoc-gen-ts/tests/conformance/bin/main.ts:30:78

  protobuf_test_messages.proto2.TestAllTypesProto2 1
  Error: Assertion failed
    at Object.jspb.asserts.doAssertFailure (https://cdn.skypack.dev/-/google-protobuf@v3.21.2-YDUqZL2TTSsy2lGtfuND/dist=es2019,mode=imports/optimized/google-protobuf.js:778:11)
    at Object.jspb.asserts.assert (https://cdn.skypack.dev/-/google-protobuf@v3.21.2-YDUqZL2TTSsy2lGtfuND/dist=es2019,mode=imports/optimized/google-protobuf.js:783:23)
    at jspb.BinaryReader.readSfixed32 (https://cdn.skypack.dev/-/google-protobuf@v3.21.2-YDUqZL2TTSsy2lGtfuND/dist=es2019,mode=imports/optimized/google-protobuf.js:4596:18)
    at Function.deserialize (file:///Users/thesayyn/Documents/thesayyn/protoc-gen-ts/target/debug/build/protoc_gen_ts-8cec2bec66276c47/out/test_conformance/test_messages_proto2.ts:238:55)
    at file:///Users/thesayyn/Documents/thesayyn/protoc-gen-ts/tests/conformance/bin/main.ts:30:78

  protobuf_test_messages.proto2.TestAllTypesProto2 1
  Error: Assertion failed
    at Object.jspb.asserts.doAssertFailure (https://cdn.skypack.dev/-/google-protobuf@v3.21.2-YDUqZL2TTSsy2lGtfuND/dist=es2019,mode=imports/optimized/google-protobuf.js:778:11)
    at Object.jspb.asserts.assert (https://cdn.skypack.dev/-/google-protobuf@v3.21.2-YDUqZL2TTSsy2lGtfuND/dist=es2019,mode=imports/optimized/google-protobuf.js:783:23)
    at jspb.BinaryReader.readSfixed32 (https://cdn.skypack.dev/-/google-protobuf@v3.21.2-YDUqZL2TTSsy2lGtfuND/dist=es2019,mode=imports/optimized/google-protobuf.js:4596:18)
    at Function.deserialize (file:///Users/thesayyn/Documents/thesayyn/protoc-gen-ts/target/debug/build/protoc_gen_ts-8cec2bec66276c47/out/test_conformance/test_messages_proto2.ts:238:55)
    at file:///Users/thesayyn/Documents/thesayyn/protoc-gen-ts/tests/conformance/bin/main.ts:30:78

  protobuf_test_messages.proto3.TestAllTypesProto3 1
  Error: Assertion failed
    at Object.jspb.asserts.doAssertFailure (https://cdn.skypack.dev/-/google-protobuf@v3.21.2-YDUqZL2TTSsy2lGtfuND/dist=es2019,mode=imports/optimized/google-protobuf.js:778:11)
    at Object.jspb.asserts.assert (https://cdn.skypack.dev/-/google-protobuf@v3.21.2-YDUqZL2TTSsy2lGtfuND/dist=es2019,mode=imports/optimized/google-protobuf.js:783:23)
    at jspb.BinaryReader.readSfixed32 (https://cdn.skypack.dev/-/google-protobuf@v3.21.2-YDUqZL2TTSsy2lGtfuND/dist=es2019,mode=imports/optimized/google-protobuf.js:4596:18)
    at Function.deserialize (file:///Users/thesayyn/Documents/thesayyn/protoc-gen-ts/target/debug/build/protoc_gen_ts-8cec2bec66276c47/out/test_conformance/test_messages_proto3.ts:399:55)
    at file:///Users/thesayyn/Documents/thesayyn/protoc-gen-ts/tests/conformance/bin/main.ts:23:78

  protobuf_test_messages.proto2.TestAllTypesProto2 1
  Error: Assertion failed
    at Object.jspb.asserts.doAssertFailure (https://cdn.skypack.dev/-/google-protobuf@v3.21.2-YDUqZL2TTSsy2lGtfuND/dist=es2019,mode=imports/optimized/google-protobuf.js:778:11)
    at Object.jspb.asserts.assert (https://cdn.skypack.dev/-/google-protobuf@v3.21.2-YDUqZL2TTSsy2lGtfuND/dist=es2019,mode=imports/optimized/google-protobuf.js:783:23)
    at jspb.BinaryReader.readBool (https://cdn.skypack.dev/-/google-protobuf@v3.21.2-YDUqZL2TTSsy2lGtfuND/dist=es2019,mode=imports/optimized/google-protobuf.js:4624:18)
    at Function.deserialize (file:///Users/thesayyn/Documents/thesayyn/protoc-gen-ts/target/debug/build/protoc_gen_ts-8cec2bec66276c47/out/test_conformance/test_messages_proto2.ts:250:51)
    at file:///Users/thesayyn/Documents/thesayyn/protoc-gen-ts/tests/conformance/bin/main.ts:30:78

  protobuf_test_messages.proto2.TestAllTypesProto2 1
  Error: Assertion failed
    at Object.jspb.asserts.doAssertFailure (https://cdn.skypack.dev/-/google-protobuf@v3.21.2-YDUqZL2TTSsy2lGtfuND/dist=es2019,mode=imports/optimized/google-protobuf.js:778:11)
    at Object.jspb.asserts.assert (https://cdn.skypack.dev/-/google-protobuf@v3.21.2-YDUqZL2TTSsy2lGtfuND/dist=es2019,mode=imports/optimized/google-protobuf.js:783:23)
    at jspb.BinaryReader.readBool (https://cdn.skypack.dev/-/google-protobuf@v3.21.2-YDUqZL2TTSsy2lGtfuND/dist=es2019,mode=imports/optimized/google-protobuf.js:4624:18)
    at Function.deserialize (file:///Users/thesayyn/Documents/thesayyn/protoc-gen-ts/target/debug/build/protoc_gen_ts-8cec2bec66276c47/out/test_conformance/test_messages_proto2.ts:250:51)
    at file:///Users/thesayyn/Documents/thesayyn/protoc-gen-ts/tests/conformance/bin/main.ts:30:78

  protobuf_test_messages.proto2.TestAllTypesProto2 1
  Error: Assertion failed
    at Object.jspb.asserts.doAssertFailure (https://cdn.skypack.dev/-/google-protobuf@v3.21.2-YDUqZL2TTSsy2lGtfuND/dist=es2019,mode=imports/optimized/google-protobuf.js:778:11)
    at Object.jspb.asserts.assert (https://cdn.skypack.dev/-/google-protobuf@v3.21.2-YDUqZL2TTSsy2lGtfuND/dist=es2019,mode=imports/optimized/google-protobuf.js:783:23)
    at jspb.BinaryReader.readBool (https://cdn.skypack.dev/-/google-protobuf@v3.21.2-YDUqZL2TTSsy2lGtfuND/dist=es2019,mode=imports/optimized/google-protobuf.js:4624:18)
    at Function.deserialize (file:///Users/thesayyn/Documents/thesayyn/protoc-gen-ts/target/debug/build/protoc_gen_ts-8cec2bec66276c47/out/test_conformance/test_messages_proto2.ts:250:51)
    at file:///Users/thesayyn/Documents/thesayyn/protoc-gen-ts/tests/conformance/bin/main.ts:30:78

  protobuf_test_messages.proto3.TestAllTypesProto3 1
  Error: Assertion failed
    at Object.jspb.asserts.doAssertFailure (https://cdn.skypack.dev/-/google-protobuf@v3.21.2-YDUqZL2TTSsy2lGtfuND/dist=es2019,mode=imports/optimized/google-protobuf.js:778:11)
    at Object.jspb.asserts.assert (https://cdn.skypack.dev/-/google-protobuf@v3.21.2-YDUqZL2TTSsy2lGtfuND/dist=es2019,mode=imports/optimized/google-protobuf.js:783:23)
    at jspb.BinaryReader.readBool (https://cdn.skypack.dev/-/google-protobuf@v3.21.2-YDUqZL2TTSsy2lGtfuND/dist=es2019,mode=imports/optimized/google-protobuf.js:4624:18)
    at Function.deserialize (file:///Users/thesayyn/Documents/thesayyn/protoc-gen-ts/target/debug/build/protoc_gen_ts-8cec2bec66276c47/out/test_conformance/test_messages_proto3.ts:411:51)
    at file:///Users/thesayyn/Documents/thesayyn/protoc-gen-ts/tests/conformance/bin/main.ts:23:78

  protobuf_test_messages.proto2.TestAllTypesProto2 1
  Error: Assertion failed
    at Object.jspb.asserts.doAssertFailure (https://cdn.skypack.dev/-/google-protobuf@v3.21.2-YDUqZL2TTSsy2lGtfuND/dist=es2019,mode=imports/optimized/google-protobuf.js:778:11)
    at Object.jspb.asserts.assert (https://cdn.skypack.dev/-/google-protobuf@v3.21.2-YDUqZL2TTSsy2lGtfuND/dist=es2019,mode=imports/optimized/google-protobuf.js:783:23)
    at jspb.BinaryReader.readSint32 (https://cdn.skypack.dev/-/google-protobuf@v3.21.2-YDUqZL2TTSsy2lGtfuND/dist=es2019,mode=imports/optimized/google-protobuf.js:4568:18)
    at Function.deserialize (file:///Users/thesayyn/Documents/thesayyn/protoc-gen-ts/target/debug/build/protoc_gen_ts-8cec2bec66276c47/out/test_conformance/test_messages_proto2.ts:226:53)
    at file:///Users/thesayyn/Documents/thesayyn/protoc-gen-ts/tests/conformance/bin/main.ts:30:78

  protobuf_test_messages.proto2.TestAllTypesProto2 1
  Error: Assertion failed
    at Object.jspb.asserts.doAssertFailure (https://cdn.skypack.dev/-/google-protobuf@v3.21.2-YDUqZL2TTSsy2lGtfuND/dist=es2019,mode=imports/optimized/google-protobuf.js:778:11)
    at Object.jspb.asserts.assert (https://cdn.skypack.dev/-/google-protobuf@v3.21.2-YDUqZL2TTSsy2lGtfuND/dist=es2019,mode=imports/optimized/google-protobuf.js:783:23)
    at jspb.BinaryReader.readSint32 (https://cdn.skypack.dev/-/google-protobuf@v3.21.2-YDUqZL2TTSsy2lGtfuND/dist=es2019,mode=imports/optimized/google-protobuf.js:4568:18)
    at Function.deserialize (file:///Users/thesayyn/Documents/thesayyn/protoc-gen-ts/target/debug/build/protoc_gen_ts-8cec2bec66276c47/out/test_conformance/test_messages_proto2.ts:226:53)
    at file:///Users/thesayyn/Documents/thesayyn/protoc-gen-ts/tests/conformance/bin/main.ts:30:78

  protobuf_test_messages.proto2.TestAllTypesProto2 1
  Error: Assertion failed
    at Object.jspb.asserts.doAssertFailure (https://cdn.skypack.dev/-/google-protobuf@v3.21.2-YDUqZL2TTSsy2lGtfuND/dist=es2019,mode=imports/optimized/google-protobuf.js:778:11)
    at Object.jspb.asserts.assert (https://cdn.skypack.dev/-/google-protobuf@v3.21.2-YDUqZL2TTSsy2lGtfuND/dist=es2019,mode=imports/optimized/google-protobuf.js:783:23)
    at jspb.BinaryReader.readSint32 (https://cdn.skypack.dev/-/google-protobuf@v3.21.2-YDUqZL2TTSsy2lGtfuND/dist=es2019,mode=imports/optimized/google-protobuf.js:4568:18)
    at Function.deserialize (file:///Users/thesayyn/Documents/thesayyn/protoc-gen-ts/target/debug/build/protoc_gen_ts-8cec2bec66276c47/out/test_conformance/test_messages_proto2.ts:226:53)
    at file:///Users/thesayyn/Documents/thesayyn/protoc-gen-ts/tests/conformance/bin/main.ts:30:78

  protobuf_test_messages.proto3.TestAllTypesProto3 1
  Error: Assertion failed
    at Object.jspb.asserts.doAssertFailure (https://cdn.skypack.dev/-/google-protobuf@v3.21.2-YDUqZL2TTSsy2lGtfuND/dist=es2019,mode=imports/optimized/google-protobuf.js:778:11)
    at Object.jspb.asserts.assert (https://cdn.skypack.dev/-/google-protobuf@v3.21.2-YDUqZL2TTSsy2lGtfuND/dist=es2019,mode=imports/optimized/google-protobuf.js:783:23)
    at jspb.BinaryReader.readSint32 (https://cdn.skypack.dev/-/google-protobuf@v3.21.2-YDUqZL2TTSsy2lGtfuND/dist=es2019,mode=imports/optimized/google-protobuf.js:4568:18)
    at Function.deserialize (file:///Users/thesayyn/Documents/thesayyn/protoc-gen-ts/target/debug/build/protoc_gen_ts-8cec2bec66276c47/out/test_conformance/test_messages_proto3.ts:387:53)
    at file:///Users/thesayyn/Documents/thesayyn/protoc-gen-ts/tests/conformance/bin/main.ts:23:78

  protobuf_test_messages.proto2.TestAllTypesProto2 1
  Error: Assertion failed
    at Object.jspb.asserts.doAssertFailure (https://cdn.skypack.dev/-/google-protobuf@v3.21.2-YDUqZL2TTSsy2lGtfuND/dist=es2019,mode=imports/optimized/google-protobuf.js:778:11)
    at Object.jspb.asserts.assert (https://cdn.skypack.dev/-/google-protobuf@v3.21.2-YDUqZL2TTSsy2lGtfuND/dist=es2019,mode=imports/optimized/google-protobuf.js:783:23)
    at jspb.BinaryWriter.writeSint64 (https://cdn.skypack.dev/-/google-protobuf@v3.21.2-YDUqZL2TTSsy2lGtfuND/dist=es2019,mode=imports/optimized/google-protobuf.js:5245:32)
    at protobuf_test_messages_proto2_TestAllTypesProto2.serialize (file:///Users/thesayyn/Documents/thesayyn/protoc-gen-ts/target/debug/build/protoc_gen_ts-8cec2bec66276c47/out/test_conformance/test_messages_proto2.ts:899:20)
    at file:///Users/thesayyn/Documents/thesayyn/protoc-gen-ts/tests/conformance/bin/main.ts:31:44

  protobuf_test_messages.proto2.TestAllTypesProto2 1
  Error: Assertion failed
    at Object.jspb.asserts.doAssertFailure (https://cdn.skypack.dev/-/google-protobuf@v3.21.2-YDUqZL2TTSsy2lGtfuND/dist=es2019,mode=imports/optimized/google-protobuf.js:778:11)
    at Object.jspb.asserts.assert (https://cdn.skypack.dev/-/google-protobuf@v3.21.2-YDUqZL2TTSsy2lGtfuND/dist=es2019,mode=imports/optimized/google-protobuf.js:783:23)
    at jspb.BinaryWriter.writeSint64 (https://cdn.skypack.dev/-/google-protobuf@v3.21.2-YDUqZL2TTSsy2lGtfuND/dist=es2019,mode=imports/optimized/google-protobuf.js:5245:32)
    at protobuf_test_messages_proto2_TestAllTypesProto2.serialize (file:///Users/thesayyn/Documents/thesayyn/protoc-gen-ts/target/debug/build/protoc_gen_ts-8cec2bec66276c47/out/test_conformance/test_messages_proto2.ts:899:20)
    at file:///Users/thesayyn/Documents/thesayyn/protoc-gen-ts/tests/conformance/bin/main.ts:31:44

  protobuf_test_messages.proto2.TestAllTypesProto2 1
  Error: Assertion failed
    at Object.jspb.asserts.doAssertFailure (https://cdn.skypack.dev/-/google-protobuf@v3.21.2-YDUqZL2TTSsy2lGtfuND/dist=es2019,mode=imports/optimized/google-protobuf.js:778:11)
    at Object.jspb.asserts.assert (https://cdn.skypack.dev/-/google-protobuf@v3.21.2-YDUqZL2TTSsy2lGtfuND/dist=es2019,mode=imports/optimized/google-protobuf.js:783:23)
    at jspb.BinaryWriter.writeSint64 (https://cdn.skypack.dev/-/google-protobuf@v3.21.2-YDUqZL2TTSsy2lGtfuND/dist=es2019,mode=imports/optimized/google-protobuf.js:5245:32)
    at protobuf_test_messages_proto2_TestAllTypesProto2.serialize (file:///Users/thesayyn/Documents/thesayyn/protoc-gen-ts/target/debug/build/protoc_gen_ts-8cec2bec66276c47/out/test_conformance/test_messages_proto2.ts:1012:20)
    at file:///Users/thesayyn/Documents/thesayyn/protoc-gen-ts/tests/conformance/bin/main.ts:31:44

  protobuf_test_messages.proto2.TestAllTypesProto2 1
  Error: Assertion failed
    at Object.jspb.asserts.doAssertFailure (https://cdn.skypack.dev/-/google-protobuf@v3.21.2-YDUqZL2TTSsy2lGtfuND/dist=es2019,mode=imports/optimized/google-protobuf.js:778:11)
    at Object.jspb.asserts.assert (https://cdn.skypack.dev/-/google-protobuf@v3.21.2-YDUqZL2TTSsy2lGtfuND/dist=es2019,mode=imports/optimized/google-protobuf.js:783:23)
    at jspb.BinaryReader.readSint64 (https://cdn.skypack.dev/-/google-protobuf@v3.21.2-YDUqZL2TTSsy2lGtfuND/dist=es2019,mode=imports/optimized/google-protobuf.js:4573:18)
    at Function.deserialize (file:///Users/thesayyn/Documents/thesayyn/protoc-gen-ts/target/debug/build/protoc_gen_ts-8cec2bec66276c47/out/test_conformance/test_messages_proto2.ts:229:53)
    at file:///Users/thesayyn/Documents/thesayyn/protoc-gen-ts/tests/conformance/bin/main.ts:30:78

  protobuf_test_messages.proto2.TestAllTypesProto2 1
  Error: Assertion failed
    at Object.jspb.asserts.doAssertFailure (https://cdn.skypack.dev/-/google-protobuf@v3.21.2-YDUqZL2TTSsy2lGtfuND/dist=es2019,mode=imports/optimized/google-protobuf.js:778:11)
    at Object.jspb.asserts.assert (https://cdn.skypack.dev/-/google-protobuf@v3.21.2-YDUqZL2TTSsy2lGtfuND/dist=es2019,mode=imports/optimized/google-protobuf.js:783:23)
    at jspb.BinaryWriter.writeSint64 (https://cdn.skypack.dev/-/google-protobuf@v3.21.2-YDUqZL2TTSsy2lGtfuND/dist=es2019,mode=imports/optimized/google-protobuf.js:5245:32)
    at protobuf_test_messages_proto2_TestAllTypesProto2.serialize (file:///Users/thesayyn/Documents/thesayyn/protoc-gen-ts/target/debug/build/protoc_gen_ts-8cec2bec66276c47/out/test_conformance/test_messages_proto2.ts:1012:20)
    at file:///Users/thesayyn/Documents/thesayyn/protoc-gen-ts/tests/conformance/bin/main.ts:31:44

  protobuf_test_messages.proto2.TestAllTypesProto2 1
  Error: Assertion failed
    at Object.jspb.asserts.doAssertFailure (https://cdn.skypack.dev/-/google-protobuf@v3.21.2-YDUqZL2TTSsy2lGtfuND/dist=es2019,mode=imports/optimized/google-protobuf.js:778:11)
    at Object.jspb.asserts.assert (https://cdn.skypack.dev/-/google-protobuf@v3.21.2-YDUqZL2TTSsy2lGtfuND/dist=es2019,mode=imports/optimized/google-protobuf.js:783:23)
    at jspb.BinaryReader.readSint64 (https://cdn.skypack.dev/-/google-protobuf@v3.21.2-YDUqZL2TTSsy2lGtfuND/dist=es2019,mode=imports/optimized/google-protobuf.js:4573:18)
    at Function.deserialize (file:///Users/thesayyn/Documents/thesayyn/protoc-gen-ts/target/debug/build/protoc_gen_ts-8cec2bec66276c47/out/test_conformance/test_messages_proto2.ts:229:53)
    at file:///Users/thesayyn/Documents/thesayyn/protoc-gen-ts/tests/conformance/bin/main.ts:30:78

  protobuf_test_messages.proto2.TestAllTypesProto2 1
  Error: Assertion failed
    at Object.jspb.asserts.doAssertFailure (https://cdn.skypack.dev/-/google-protobuf@v3.21.2-YDUqZL2TTSsy2lGtfuND/dist=es2019,mode=imports/optimized/google-protobuf.js:778:11)
    at Object.jspb.asserts.assert (https://cdn.skypack.dev/-/google-protobuf@v3.21.2-YDUqZL2TTSsy2lGtfuND/dist=es2019,mode=imports/optimized/google-protobuf.js:783:23)
    at jspb.BinaryEncoder.writeZigzagVarint64 (https://cdn.skypack.dev/-/google-protobuf@v3.21.2-YDUqZL2TTSsy2lGtfuND/dist=es2019,mode=imports/optimized/google-protobuf.js:4825:18)
    at jspb.BinaryWriter.writePackedSint64 (https://cdn.skypack.dev/-/google-protobuf@v3.21.2-YDUqZL2TTSsy2lGtfuND/dist=es2019,mode=imports/optimized/google-protobuf.js:5620:23)
    at protobuf_test_messages_proto2_TestAllTypesProto2.serialize (file:///Users/thesayyn/Documents/thesayyn/protoc-gen-ts/target/debug/build/protoc_gen_ts-8cec2bec66276c47/out/test_conformance/test_messages_proto2.ts:1119:20)
    at file:///Users/thesayyn/Documents/thesayyn/protoc-gen-ts/tests/conformance/bin/main.ts:31:44

  protobuf_test_messages.proto2.TestAllTypesProto2 1
  Error: Assertion failed
    at Object.jspb.asserts.doAssertFailure (https://cdn.skypack.dev/-/google-protobuf@v3.21.2-YDUqZL2TTSsy2lGtfuND/dist=es2019,mode=imports/optimized/google-protobuf.js:778:11)
    at Object.jspb.asserts.assert (https://cdn.skypack.dev/-/google-protobuf@v3.21.2-YDUqZL2TTSsy2lGtfuND/dist=es2019,mode=imports/optimized/google-protobuf.js:783:23)
    at jspb.BinaryEncoder.writeZigzagVarint64 (https://cdn.skypack.dev/-/google-protobuf@v3.21.2-YDUqZL2TTSsy2lGtfuND/dist=es2019,mode=imports/optimized/google-protobuf.js:4825:18)
    at jspb.BinaryWriter.writePackedSint64 (https://cdn.skypack.dev/-/google-protobuf@v3.21.2-YDUqZL2TTSsy2lGtfuND/dist=es2019,mode=imports/optimized/google-protobuf.js:5620:23)
    at protobuf_test_messages_proto2_TestAllTypesProto2.serialize (file:///Users/thesayyn/Documents/thesayyn/protoc-gen-ts/target/debug/build/protoc_gen_ts-8cec2bec66276c47/out/test_conformance/test_messages_proto2.ts:1119:20)
    at file:///Users/thesayyn/Documents/thesayyn/protoc-gen-ts/tests/conformance/bin/main.ts:31:44

  protobuf_test_messages.proto2.TestAllTypesProto2 1
  Error: Assertion failed
    at Object.jspb.asserts.doAssertFailure (https://cdn.skypack.dev/-/google-protobuf@v3.21.2-YDUqZL2TTSsy2lGtfuND/dist=es2019,mode=imports/optimized/google-protobuf.js:778:11)
    at Object.jspb.asserts.assert (https://cdn.skypack.dev/-/google-protobuf@v3.21.2-YDUqZL2TTSsy2lGtfuND/dist=es2019,mode=imports/optimized/google-protobuf.js:783:23)
    at jspb.BinaryWriter.writeSint64 (https://cdn.skypack.dev/-/google-protobuf@v3.21.2-YDUqZL2TTSsy2lGtfuND/dist=es2019,mode=imports/optimized/google-protobuf.js:5245:32)
    at protobuf_test_messages_proto2_TestAllTypesProto2.serialize (file:///Users/thesayyn/Documents/thesayyn/protoc-gen-ts/target/debug/build/protoc_gen_ts-8cec2bec66276c47/out/test_conformance/test_messages_proto2.ts:1012:20)
    at file:///Users/thesayyn/Documents/thesayyn/protoc-gen-ts/tests/conformance/bin/main.ts:31:44

  protobuf_test_messages.proto2.TestAllTypesProto2 1
  Error: Assertion failed
    at Object.jspb.asserts.doAssertFailure (https://cdn.skypack.dev/-/google-protobuf@v3.21.2-YDUqZL2TTSsy2lGtfuND/dist=es2019,mode=imports/optimized/google-protobuf.js:778:11)
    at Object.jspb.asserts.assert (https://cdn.skypack.dev/-/google-protobuf@v3.21.2-YDUqZL2TTSsy2lGtfuND/dist=es2019,mode=imports/optimized/google-protobuf.js:783:23)
    at jspb.BinaryReader.readSint64 (https://cdn.skypack.dev/-/google-protobuf@v3.21.2-YDUqZL2TTSsy2lGtfuND/dist=es2019,mode=imports/optimized/google-protobuf.js:4573:18)
    at Function.deserialize (file:///Users/thesayyn/Documents/thesayyn/protoc-gen-ts/target/debug/build/protoc_gen_ts-8cec2bec66276c47/out/test_conformance/test_messages_proto2.ts:229:53)
    at file:///Users/thesayyn/Documents/thesayyn/protoc-gen-ts/tests/conformance/bin/main.ts:30:78

  protobuf_test_messages.proto3.TestAllTypesProto3 1
  Error: Assertion failed
    at Object.jspb.asserts.doAssertFailure (https://cdn.skypack.dev/-/google-protobuf@v3.21.2-YDUqZL2TTSsy2lGtfuND/dist=es2019,mode=imports/optimized/google-protobuf.js:778:11)
    at Object.jspb.asserts.assert (https://cdn.skypack.dev/-/google-protobuf@v3.21.2-YDUqZL2TTSsy2lGtfuND/dist=es2019,mode=imports/optimized/google-protobuf.js:783:23)
    at jspb.BinaryWriter.writeSint64 (https://cdn.skypack.dev/-/google-protobuf@v3.21.2-YDUqZL2TTSsy2lGtfuND/dist=es2019,mode=imports/optimized/google-protobuf.js:5245:32)
    at protobuf_test_messages_proto3_TestAllTypesProto3.serialize (file:///Users/thesayyn/Documents/thesayyn/protoc-gen-ts/target/debug/build/protoc_gen_ts-8cec2bec66276c47/out/test_conformance/test_messages_proto3.ts:992:20)
    at file:///Users/thesayyn/Documents/thesayyn/protoc-gen-ts/tests/conformance/bin/main.ts:24:44

  protobuf_test_messages.proto3.TestAllTypesProto3 1
  Error: Assertion failed
    at Object.jspb.asserts.doAssertFailure (https://cdn.skypack.dev/-/google-protobuf@v3.21.2-YDUqZL2TTSsy2lGtfuND/dist=es2019,mode=imports/optimized/google-protobuf.js:778:11)
    at Object.jspb.asserts.assert (https://cdn.skypack.dev/-/google-protobuf@v3.21.2-YDUqZL2TTSsy2lGtfuND/dist=es2019,mode=imports/optimized/google-protobuf.js:783:23)
    at jspb.BinaryWriter.writeSint64 (https://cdn.skypack.dev/-/google-protobuf@v3.21.2-YDUqZL2TTSsy2lGtfuND/dist=es2019,mode=imports/optimized/google-protobuf.js:5245:32)
    at protobuf_test_messages_proto3_TestAllTypesProto3.serialize (file:///Users/thesayyn/Documents/thesayyn/protoc-gen-ts/target/debug/build/protoc_gen_ts-8cec2bec66276c47/out/test_conformance/test_messages_proto3.ts:992:20)
    at file:///Users/thesayyn/Documents/thesayyn/protoc-gen-ts/tests/conformance/bin/main.ts:24:44

  protobuf_test_messages.proto3.TestAllTypesProto3 1
  Error: Assertion failed
    at Object.jspb.asserts.doAssertFailure (https://cdn.skypack.dev/-/google-protobuf@v3.21.2-YDUqZL2TTSsy2lGtfuND/dist=es2019,mode=imports/optimized/google-protobuf.js:778:11)
    at Object.jspb.asserts.assert (https://cdn.skypack.dev/-/google-protobuf@v3.21.2-YDUqZL2TTSsy2lGtfuND/dist=es2019,mode=imports/optimized/google-protobuf.js:783:23)
    at jspb.BinaryEncoder.writeZigzagVarint64 (https://cdn.skypack.dev/-/google-protobuf@v3.21.2-YDUqZL2TTSsy2lGtfuND/dist=es2019,mode=imports/optimized/google-protobuf.js:4825:18)
    at jspb.BinaryWriter.writePackedSint64 (https://cdn.skypack.dev/-/google-protobuf@v3.21.2-YDUqZL2TTSsy2lGtfuND/dist=es2019,mode=imports/optimized/google-protobuf.js:5620:23)
    at protobuf_test_messages_proto3_TestAllTypesProto3.serialize (file:///Users/thesayyn/Documents/thesayyn/protoc-gen-ts/target/debug/build/protoc_gen_ts-8cec2bec66276c47/out/test_conformance/test_messages_proto3.ts:1110:20)
    at file:///Users/thesayyn/Documents/thesayyn/protoc-gen-ts/tests/conformance/bin/main.ts:24:44

  protobuf_test_messages.proto3.TestAllTypesProto3 1
  Error: Assertion failed
    at Object.jspb.asserts.doAssertFailure (https://cdn.skypack.dev/-/google-protobuf@v3.21.2-YDUqZL2TTSsy2lGtfuND/dist=es2019,mode=imports/optimized/google-protobuf.js:778:11)
    at Object.jspb.asserts.assert (https://cdn.skypack.dev/-/google-protobuf@v3.21.2-YDUqZL2TTSsy2lGtfuND/dist=es2019,mode=imports/optimized/google-protobuf.js:783:23)
    at jspb.BinaryEncoder.writeZigzagVarint64 (https://cdn.skypack.dev/-/google-protobuf@v3.21.2-YDUqZL2TTSsy2lGtfuND/dist=es2019,mode=imports/optimized/google-protobuf.js:4825:18)
    at jspb.BinaryWriter.writePackedSint64 (https://cdn.skypack.dev/-/google-protobuf@v3.21.2-YDUqZL2TTSsy2lGtfuND/dist=es2019,mode=imports/optimized/google-protobuf.js:5620:23)
    at protobuf_test_messages_proto3_TestAllTypesProto3.serialize (file:///Users/thesayyn/Documents/thesayyn/protoc-gen-ts/target/debug/build/protoc_gen_ts-8cec2bec66276c47/out/test_conformance/test_messages_proto3.ts:1110:20)
    at file:///Users/thesayyn/Documents/thesayyn/protoc-gen-ts/tests/conformance/bin/main.ts:24:44

  protobuf_test_messages.proto3.TestAllTypesProto3 1
  Error: Assertion failed
    at Object.jspb.asserts.doAssertFailure (https://cdn.skypack.dev/-/google-protobuf@v3.21.2-YDUqZL2TTSsy2lGtfuND/dist=es2019,mode=imports/optimized/google-protobuf.js:778:11)
    at Object.jspb.asserts.assert (https://cdn.skypack.dev/-/google-protobuf@v3.21.2-YDUqZL2TTSsy2lGtfuND/dist=es2019,mode=imports/optimized/google-protobuf.js:783:23)
    at jspb.BinaryEncoder.writeZigzagVarint64 (https://cdn.skypack.dev/-/google-protobuf@v3.21.2-YDUqZL2TTSsy2lGtfuND/dist=es2019,mode=imports/optimized/google-protobuf.js:4825:18)
    at jspb.BinaryWriter.writePackedSint64 (https://cdn.skypack.dev/-/google-protobuf@v3.21.2-YDUqZL2TTSsy2lGtfuND/dist=es2019,mode=imports/optimized/google-protobuf.js:5620:23)
    at protobuf_test_messages_proto3_TestAllTypesProto3.serialize (file:///Users/thesayyn/Documents/thesayyn/protoc-gen-ts/target/debug/build/protoc_gen_ts-8cec2bec66276c47/out/test_conformance/test_messages_proto3.ts:1110:20)
    at file:///Users/thesayyn/Documents/thesayyn/protoc-gen-ts/tests/conformance/bin/main.ts:24:44

  protobuf_test_messages.proto3.TestAllTypesProto3 1
  Error: Assertion failed
    at Object.jspb.asserts.doAssertFailure (https://cdn.skypack.dev/-/google-protobuf@v3.21.2-YDUqZL2TTSsy2lGtfuND/dist=es2019,mode=imports/optimized/google-protobuf.js:778:11)
    at Object.jspb.asserts.assert (https://cdn.skypack.dev/-/google-protobuf@v3.21.2-YDUqZL2TTSsy2lGtfuND/dist=es2019,mode=imports/optimized/google-protobuf.js:783:23)
    at jspb.BinaryEncoder.writeZigzagVarint64 (https://cdn.skypack.dev/-/google-protobuf@v3.21.2-YDUqZL2TTSsy2lGtfuND/dist=es2019,mode=imports/optimized/google-protobuf.js:4825:18)
    at jspb.BinaryWriter.writePackedSint64 (https://cdn.skypack.dev/-/google-protobuf@v3.21.2-YDUqZL2TTSsy2lGtfuND/dist=es2019,mode=imports/optimized/google-protobuf.js:5620:23)
    at protobuf_test_messages_proto3_TestAllTypesProto3.serialize (file:///Users/thesayyn/Documents/thesayyn/protoc-gen-ts/target/debug/build/protoc_gen_ts-8cec2bec66276c47/out/test_conformance/test_messages_proto3.ts:1110:20)
    at file:///Users/thesayyn/Documents/thesayyn/protoc-gen-ts/tests/conformance/bin/main.ts:24:44

  protobuf_test_messages.proto3.TestAllTypesProto3 1
  Error: Assertion failed
    at Object.jspb.asserts.doAssertFailure (https://cdn.skypack.dev/-/google-protobuf@v3.21.2-YDUqZL2TTSsy2lGtfuND/dist=es2019,mode=imports/optimized/google-protobuf.js:778:11)
    at Object.jspb.asserts.assert (https://cdn.skypack.dev/-/google-protobuf@v3.21.2-YDUqZL2TTSsy2lGtfuND/dist=es2019,mode=imports/optimized/google-protobuf.js:783:23)
    at jspb.BinaryEncoder.writeZigzagVarint64 (https://cdn.skypack.dev/-/google-protobuf@v3.21.2-YDUqZL2TTSsy2lGtfuND/dist=es2019,mode=imports/optimized/google-protobuf.js:4825:18)
    at jspb.BinaryWriter.writePackedSint64 (https://cdn.skypack.dev/-/google-protobuf@v3.21.2-YDUqZL2TTSsy2lGtfuND/dist=es2019,mode=imports/optimized/google-protobuf.js:5620:23)
    at protobuf_test_messages_proto3_TestAllTypesProto3.serialize (file:///Users/thesayyn/Documents/thesayyn/protoc-gen-ts/target/debug/build/protoc_gen_ts-8cec2bec66276c47/out/test_conformance/test_messages_proto3.ts:1110:20)
    at file:///Users/thesayyn/Documents/thesayyn/protoc-gen-ts/tests/conformance/bin/main.ts:24:44

  protobuf_test_messages.proto3.TestAllTypesProto3 1
  Error: Assertion failed
    at Object.jspb.asserts.doAssertFailure (https://cdn.skypack.dev/-/google-protobuf@v3.21.2-YDUqZL2TTSsy2lGtfuND/dist=es2019,mode=imports/optimized/google-protobuf.js:778:11)
    at Object.jspb.asserts.assert (https://cdn.skypack.dev/-/google-protobuf@v3.21.2-YDUqZL2TTSsy2lGtfuND/dist=es2019,mode=imports/optimized/google-protobuf.js:783:23)
    at jspb.BinaryEncoder.writeZigzagVarint64 (https://cdn.skypack.dev/-/google-protobuf@v3.21.2-YDUqZL2TTSsy2lGtfuND/dist=es2019,mode=imports/optimized/google-protobuf.js:4825:18)
    at jspb.BinaryWriter.writePackedSint64 (https://cdn.skypack.dev/-/google-protobuf@v3.21.2-YDUqZL2TTSsy2lGtfuND/dist=es2019,mode=imports/optimized/google-protobuf.js:5620:23)
    at protobuf_test_messages_proto3_TestAllTypesProto3.serialize (file:///Users/thesayyn/Documents/thesayyn/protoc-gen-ts/target/debug/build/protoc_gen_ts-8cec2bec66276c47/out/test_conformance/test_messages_proto3.ts:1110:20)
    at file:///Users/thesayyn/Documents/thesayyn/protoc-gen-ts/tests/conformance/bin/main.ts:24:44

  protobuf_test_messages.proto3.TestAllTypesProto3 1
  Error: Assertion failed
    at Object.jspb.asserts.doAssertFailure (https://cdn.skypack.dev/-/google-protobuf@v3.21.2-YDUqZL2TTSsy2lGtfuND/dist=es2019,mode=imports/optimized/google-protobuf.js:778:11)
    at Object.jspb.asserts.assert (https://cdn.skypack.dev/-/google-protobuf@v3.21.2-YDUqZL2TTSsy2lGtfuND/dist=es2019,mode=imports/optimized/google-protobuf.js:783:23)
    at jspb.BinaryWriter.writeSint64 (https://cdn.skypack.dev/-/google-protobuf@v3.21.2-YDUqZL2TTSsy2lGtfuND/dist=es2019,mode=imports/optimized/google-protobuf.js:5245:32)
    at protobuf_test_messages_proto3_TestAllTypesProto3.serialize (file:///Users/thesayyn/Documents/thesayyn/protoc-gen-ts/target/debug/build/protoc_gen_ts-8cec2bec66276c47/out/test_conformance/test_messages_proto3.ts:1287:20)
    at file:///Users/thesayyn/Documents/thesayyn/protoc-gen-ts/tests/conformance/bin/main.ts:24:44

  protobuf_test_messages.proto3.TestAllTypesProto3 1
  Error: Assertion failed
    at Object.jspb.asserts.doAssertFailure (https://cdn.skypack.dev/-/google-protobuf@v3.21.2-YDUqZL2TTSsy2lGtfuND/dist=es2019,mode=imports/optimized/google-protobuf.js:778:11)
    at Object.jspb.asserts.assert (https://cdn.skypack.dev/-/google-protobuf@v3.21.2-YDUqZL2TTSsy2lGtfuND/dist=es2019,mode=imports/optimized/google-protobuf.js:783:23)
    at jspb.BinaryReader.readSint64 (https://cdn.skypack.dev/-/google-protobuf@v3.21.2-YDUqZL2TTSsy2lGtfuND/dist=es2019,mode=imports/optimized/google-protobuf.js:4573:18)
    at Function.deserialize (file:///Users/thesayyn/Documents/thesayyn/protoc-gen-ts/target/debug/build/protoc_gen_ts-8cec2bec66276c47/out/test_conformance/test_messages_proto3.ts:390:53)
    at file:///Users/thesayyn/Documents/thesayyn/protoc-gen-ts/tests/conformance/bin/main.ts:23:78

  protobuf_test_messages.proto2.TestAllTypesProto2 1
  Error: Assertion failed
    at Object.jspb.asserts.doAssertFailure (https://cdn.skypack.dev/-/google-protobuf@v3.21.2-YDUqZL2TTSsy2lGtfuND/dist=es2019,mode=imports/optimized/google-protobuf.js:778:11)
    at Object.jspb.asserts.assert (https://cdn.skypack.dev/-/google-protobuf@v3.21.2-YDUqZL2TTSsy2lGtfuND/dist=es2019,mode=imports/optimized/google-protobuf.js:783:23)
    at jspb.BinaryWriter.writeEnum (https://cdn.skypack.dev/-/google-protobuf@v3.21.2-YDUqZL2TTSsy2lGtfuND/dist=es2019,mode=imports/optimized/google-protobuf.js:5289:32)
    at protobuf_test_messages_proto2_TestAllTypesProto2.serialize (file:///Users/thesayyn/Documents/thesayyn/protoc-gen-ts/target/debug/build/protoc_gen_ts-8cec2bec66276c47/out/test_conformance/test_messages_proto2.ts:961:20)
    at file:///Users/thesayyn/Documents/thesayyn/protoc-gen-ts/tests/conformance/bin/main.ts:31:44

  protobuf_test_messages.proto2.TestAllTypesProto2 1
  Error: Assertion failed
    at Object.jspb.asserts.doAssertFailure (https://cdn.skypack.dev/-/google-protobuf@v3.21.2-YDUqZL2TTSsy2lGtfuND/dist=es2019,mode=imports/optimized/google-protobuf.js:778:11)
    at Object.jspb.asserts.assert (https://cdn.skypack.dev/-/google-protobuf@v3.21.2-YDUqZL2TTSsy2lGtfuND/dist=es2019,mode=imports/optimized/google-protobuf.js:783:23)
    at jspb.BinaryWriter.writeEnum (https://cdn.skypack.dev/-/google-protobuf@v3.21.2-YDUqZL2TTSsy2lGtfuND/dist=es2019,mode=imports/optimized/google-protobuf.js:5289:32)
    at protobuf_test_messages_proto2_TestAllTypesProto2.serialize (file:///Users/thesayyn/Documents/thesayyn/protoc-gen-ts/target/debug/build/protoc_gen_ts-8cec2bec66276c47/out/test_conformance/test_messages_proto2.ts:961:20)
    at file:///Users/thesayyn/Documents/thesayyn/protoc-gen-ts/tests/conformance/bin/main.ts:31:44

  protobuf_test_messages.proto2.TestAllTypesProto2 1
  Error: Assertion failed
    at Object.jspb.asserts.doAssertFailure (https://cdn.skypack.dev/-/google-protobuf@v3.21.2-YDUqZL2TTSsy2lGtfuND/dist=es2019,mode=imports/optimized/google-protobuf.js:778:11)
    at Object.jspb.asserts.assert (https://cdn.skypack.dev/-/google-protobuf@v3.21.2-YDUqZL2TTSsy2lGtfuND/dist=es2019,mode=imports/optimized/google-protobuf.js:783:23)
    at jspb.BinaryWriter.writeEnum (https://cdn.skypack.dev/-/google-protobuf@v3.21.2-YDUqZL2TTSsy2lGtfuND/dist=es2019,mode=imports/optimized/google-protobuf.js:5289:32)
    at protobuf_test_messages_proto2_TestAllTypesProto2.serialize (file:///Users/thesayyn/Documents/thesayyn/protoc-gen-ts/target/debug/build/protoc_gen_ts-8cec2bec66276c47/out/test_conformance/test_messages_proto2.ts:961:20)
    at file:///Users/thesayyn/Documents/thesayyn/protoc-gen-ts/tests/conformance/bin/main.ts:31:44

  protobuf_test_messages.proto2.TestAllTypesProto2 1
  Error: Assertion failed
    at Object.jspb.asserts.doAssertFailure (https://cdn.skypack.dev/-/google-protobuf@v3.21.2-YDUqZL2TTSsy2lGtfuND/dist=es2019,mode=imports/optimized/google-protobuf.js:778:11)
    at Object.jspb.asserts.assert (https://cdn.skypack.dev/-/google-protobuf@v3.21.2-YDUqZL2TTSsy2lGtfuND/dist=es2019,mode=imports/optimized/google-protobuf.js:783:23)
    at jspb.BinaryWriter.writeEnum (https://cdn.skypack.dev/-/google-protobuf@v3.21.2-YDUqZL2TTSsy2lGtfuND/dist=es2019,mode=imports/optimized/google-protobuf.js:5289:32)
    at protobuf_test_messages_proto2_TestAllTypesProto2.serialize (file:///Users/thesayyn/Documents/thesayyn/protoc-gen-ts/target/debug/build/protoc_gen_ts-8cec2bec66276c47/out/test_conformance/test_messages_proto2.ts:961:20)
    at file:///Users/thesayyn/Documents/thesayyn/protoc-gen-ts/tests/conformance/bin/main.ts:31:44

  protobuf_test_messages.proto2.TestAllTypesProto2 1
  Error: Assertion failed
    at Object.jspb.asserts.doAssertFailure (https://cdn.skypack.dev/-/google-protobuf@v3.21.2-YDUqZL2TTSsy2lGtfuND/dist=es2019,mode=imports/optimized/google-protobuf.js:778:11)
    at Object.jspb.asserts.assert (https://cdn.skypack.dev/-/google-protobuf@v3.21.2-YDUqZL2TTSsy2lGtfuND/dist=es2019,mode=imports/optimized/google-protobuf.js:783:23)
    at jspb.BinaryWriter.writeEnum (https://cdn.skypack.dev/-/google-protobuf@v3.21.2-YDUqZL2TTSsy2lGtfuND/dist=es2019,mode=imports/optimized/google-protobuf.js:5289:32)
    at protobuf_test_messages_proto2_TestAllTypesProto2.serialize (file:///Users/thesayyn/Documents/thesayyn/protoc-gen-ts/target/debug/build/protoc_gen_ts-8cec2bec66276c47/out/test_conformance/test_messages_proto2.ts:961:20)
    at file:///Users/thesayyn/Documents/thesayyn/protoc-gen-ts/tests/conformance/bin/main.ts:31:44

  protobuf_test_messages.proto2.TestAllTypesProto2 1
  Error: Assertion failed
    at Object.jspb.asserts.doAssertFailure (https://cdn.skypack.dev/-/google-protobuf@v3.21.2-YDUqZL2TTSsy2lGtfuND/dist=es2019,mode=imports/optimized/google-protobuf.js:778:11)
    at Object.jspb.asserts.assert (https://cdn.skypack.dev/-/google-protobuf@v3.21.2-YDUqZL2TTSsy2lGtfuND/dist=es2019,mode=imports/optimized/google-protobuf.js:783:23)
    at jspb.BinaryWriter.writeEnum (https://cdn.skypack.dev/-/google-protobuf@v3.21.2-YDUqZL2TTSsy2lGtfuND/dist=es2019,mode=imports/optimized/google-protobuf.js:5289:32)
    at protobuf_test_messages_proto2_TestAllTypesProto2.serialize (file:///Users/thesayyn/Documents/thesayyn/protoc-gen-ts/target/debug/build/protoc_gen_ts-8cec2bec66276c47/out/test_conformance/test_messages_proto2.ts:1074:20)
    at file:///Users/thesayyn/Documents/thesayyn/protoc-gen-ts/tests/conformance/bin/main.ts:31:44

  protobuf_test_messages.proto2.TestAllTypesProto2 1
  Error: Assertion failed
    at Object.jspb.asserts.doAssertFailure (https://cdn.skypack.dev/-/google-protobuf@v3.21.2-YDUqZL2TTSsy2lGtfuND/dist=es2019,mode=imports/optimized/google-protobuf.js:778:11)
    at Object.jspb.asserts.assert (https://cdn.skypack.dev/-/google-protobuf@v3.21.2-YDUqZL2TTSsy2lGtfuND/dist=es2019,mode=imports/optimized/google-protobuf.js:783:23)
    at jspb.BinaryReader.readEnum (https://cdn.skypack.dev/-/google-protobuf@v3.21.2-YDUqZL2TTSsy2lGtfuND/dist=es2019,mode=imports/optimized/google-protobuf.js:4629:18)
    at Function.deserialize (file:///Users/thesayyn/Documents/thesayyn/protoc-gen-ts/target/debug/build/protoc_gen_ts-8cec2bec66276c47/out/test_conformance/test_messages_proto2.ts:265:58)
    at file:///Users/thesayyn/Documents/thesayyn/protoc-gen-ts/tests/conformance/bin/main.ts:30:78

  protobuf_test_messages.proto2.TestAllTypesProto2 1
  Error: Assertion failed
    at Object.jspb.asserts.doAssertFailure (https://cdn.skypack.dev/-/google-protobuf@v3.21.2-YDUqZL2TTSsy2lGtfuND/dist=es2019,mode=imports/optimized/google-protobuf.js:778:11)
    at Object.jspb.asserts.assert (https://cdn.skypack.dev/-/google-protobuf@v3.21.2-YDUqZL2TTSsy2lGtfuND/dist=es2019,mode=imports/optimized/google-protobuf.js:783:23)
    at jspb.BinaryWriter.writeEnum (https://cdn.skypack.dev/-/google-protobuf@v3.21.2-YDUqZL2TTSsy2lGtfuND/dist=es2019,mode=imports/optimized/google-protobuf.js:5289:32)
    at protobuf_test_messages_proto2_TestAllTypesProto2.serialize (file:///Users/thesayyn/Documents/thesayyn/protoc-gen-ts/target/debug/build/protoc_gen_ts-8cec2bec66276c47/out/test_conformance/test_messages_proto2.ts:1074:20)
    at file:///Users/thesayyn/Documents/thesayyn/protoc-gen-ts/tests/conformance/bin/main.ts:31:44

  protobuf_test_messages.proto2.TestAllTypesProto2 1
  Error: Assertion failed
    at Object.jspb.asserts.doAssertFailure (https://cdn.skypack.dev/-/google-protobuf@v3.21.2-YDUqZL2TTSsy2lGtfuND/dist=es2019,mode=imports/optimized/google-protobuf.js:778:11)
    at Object.jspb.asserts.assert (https://cdn.skypack.dev/-/google-protobuf@v3.21.2-YDUqZL2TTSsy2lGtfuND/dist=es2019,mode=imports/optimized/google-protobuf.js:783:23)
    at jspb.BinaryReader.readEnum (https://cdn.skypack.dev/-/google-protobuf@v3.21.2-YDUqZL2TTSsy2lGtfuND/dist=es2019,mode=imports/optimized/google-protobuf.js:4629:18)
    at Function.deserialize (file:///Users/thesayyn/Documents/thesayyn/protoc-gen-ts/target/debug/build/protoc_gen_ts-8cec2bec66276c47/out/test_conformance/test_messages_proto2.ts:265:58)
    at file:///Users/thesayyn/Documents/thesayyn/protoc-gen-ts/tests/conformance/bin/main.ts:30:78

  protobuf_test_messages.proto2.TestAllTypesProto2 1
  Error: Assertion failed
    at Object.jspb.asserts.doAssertFailure (https://cdn.skypack.dev/-/google-protobuf@v3.21.2-YDUqZL2TTSsy2lGtfuND/dist=es2019,mode=imports/optimized/google-protobuf.js:778:11)
    at Object.jspb.asserts.assert (https://cdn.skypack.dev/-/google-protobuf@v3.21.2-YDUqZL2TTSsy2lGtfuND/dist=es2019,mode=imports/optimized/google-protobuf.js:783:23)
    at jspb.BinaryEncoder.writeEnum (https://cdn.skypack.dev/-/google-protobuf@v3.21.2-YDUqZL2TTSsy2lGtfuND/dist=es2019,mode=imports/optimized/google-protobuf.js:4913:18)
    at jspb.BinaryWriter.writePackedEnum (https://cdn.skypack.dev/-/google-protobuf@v3.21.2-YDUqZL2TTSsy2lGtfuND/dist=es2019,mode=imports/optimized/google-protobuf.js:5699:23)
    at protobuf_test_messages_proto2_TestAllTypesProto2.serialize (file:///Users/thesayyn/Documents/thesayyn/protoc-gen-ts/target/debug/build/protoc_gen_ts-8cec2bec66276c47/out/test_conformance/test_messages_proto2.ts:1159:20)
    at file:///Users/thesayyn/Documents/thesayyn/protoc-gen-ts/tests/conformance/bin/main.ts:31:44

  protobuf_test_messages.proto2.TestAllTypesProto2 1
  Error: Assertion failed
    at Object.jspb.asserts.doAssertFailure (https://cdn.skypack.dev/-/google-protobuf@v3.21.2-YDUqZL2TTSsy2lGtfuND/dist=es2019,mode=imports/optimized/google-protobuf.js:778:11)
    at Object.jspb.asserts.assert (https://cdn.skypack.dev/-/google-protobuf@v3.21.2-YDUqZL2TTSsy2lGtfuND/dist=es2019,mode=imports/optimized/google-protobuf.js:783:23)
    at jspb.BinaryWriter.writeEnum (https://cdn.skypack.dev/-/google-protobuf@v3.21.2-YDUqZL2TTSsy2lGtfuND/dist=es2019,mode=imports/optimized/google-protobuf.js:5289:32)
    at protobuf_test_messages_proto2_TestAllTypesProto2.serialize (file:///Users/thesayyn/Documents/thesayyn/protoc-gen-ts/target/debug/build/protoc_gen_ts-8cec2bec66276c47/out/test_conformance/test_messages_proto2.ts:1074:20)
    at file:///Users/thesayyn/Documents/thesayyn/protoc-gen-ts/tests/conformance/bin/main.ts:31:44

  protobuf_test_messages.proto2.TestAllTypesProto2 1
  Error: Assertion failed
    at Object.jspb.asserts.doAssertFailure (https://cdn.skypack.dev/-/google-protobuf@v3.21.2-YDUqZL2TTSsy2lGtfuND/dist=es2019,mode=imports/optimized/google-protobuf.js:778:11)
    at Object.jspb.asserts.assert (https://cdn.skypack.dev/-/google-protobuf@v3.21.2-YDUqZL2TTSsy2lGtfuND/dist=es2019,mode=imports/optimized/google-protobuf.js:783:23)
    at jspb.BinaryReader.readEnum (https://cdn.skypack.dev/-/google-protobuf@v3.21.2-YDUqZL2TTSsy2lGtfuND/dist=es2019,mode=imports/optimized/google-protobuf.js:4629:18)
    at Function.deserialize (file:///Users/thesayyn/Documents/thesayyn/protoc-gen-ts/target/debug/build/protoc_gen_ts-8cec2bec66276c47/out/test_conformance/test_messages_proto2.ts:265:58)
    at file:///Users/thesayyn/Documents/thesayyn/protoc-gen-ts/tests/conformance/bin/main.ts:30:78

  protobuf_test_messages.proto3.TestAllTypesProto3 1
  Error: Assertion failed
    at Object.jspb.asserts.doAssertFailure (https://cdn.skypack.dev/-/google-protobuf@v3.21.2-YDUqZL2TTSsy2lGtfuND/dist=es2019,mode=imports/optimized/google-protobuf.js:778:11)
    at Object.jspb.asserts.assert (https://cdn.skypack.dev/-/google-protobuf@v3.21.2-YDUqZL2TTSsy2lGtfuND/dist=es2019,mode=imports/optimized/google-protobuf.js:783:23)
    at jspb.BinaryWriter.writeEnum (https://cdn.skypack.dev/-/google-protobuf@v3.21.2-YDUqZL2TTSsy2lGtfuND/dist=es2019,mode=imports/optimized/google-protobuf.js:5289:32)
    at protobuf_test_messages_proto3_TestAllTypesProto3.serialize (file:///Users/thesayyn/Documents/thesayyn/protoc-gen-ts/target/debug/build/protoc_gen_ts-8cec2bec66276c47/out/test_conformance/test_messages_proto3.ts:1054:20)
    at file:///Users/thesayyn/Documents/thesayyn/protoc-gen-ts/tests/conformance/bin/main.ts:24:44

  protobuf_test_messages.proto3.TestAllTypesProto3 1
  Error: Assertion failed
    at Object.jspb.asserts.doAssertFailure (https://cdn.skypack.dev/-/google-protobuf@v3.21.2-YDUqZL2TTSsy2lGtfuND/dist=es2019,mode=imports/optimized/google-protobuf.js:778:11)
    at Object.jspb.asserts.assert (https://cdn.skypack.dev/-/google-protobuf@v3.21.2-YDUqZL2TTSsy2lGtfuND/dist=es2019,mode=imports/optimized/google-protobuf.js:783:23)
    at jspb.BinaryWriter.writeEnum (https://cdn.skypack.dev/-/google-protobuf@v3.21.2-YDUqZL2TTSsy2lGtfuND/dist=es2019,mode=imports/optimized/google-protobuf.js:5289:32)
    at protobuf_test_messages_proto3_TestAllTypesProto3.serialize (file:///Users/thesayyn/Documents/thesayyn/protoc-gen-ts/target/debug/build/protoc_gen_ts-8cec2bec66276c47/out/test_conformance/test_messages_proto3.ts:1054:20)
    at file:///Users/thesayyn/Documents/thesayyn/protoc-gen-ts/tests/conformance/bin/main.ts:24:44

  protobuf_test_messages.proto3.TestAllTypesProto3 1
  Error: Assertion failed
    at Object.jspb.asserts.doAssertFailure (https://cdn.skypack.dev/-/google-protobuf@v3.21.2-YDUqZL2TTSsy2lGtfuND/dist=es2019,mode=imports/optimized/google-protobuf.js:778:11)
    at Object.jspb.asserts.assert (https://cdn.skypack.dev/-/google-protobuf@v3.21.2-YDUqZL2TTSsy2lGtfuND/dist=es2019,mode=imports/optimized/google-protobuf.js:783:23)
    at jspb.BinaryWriter.writeEnum (https://cdn.skypack.dev/-/google-protobuf@v3.21.2-YDUqZL2TTSsy2lGtfuND/dist=es2019,mode=imports/optimized/google-protobuf.js:5289:32)
    at protobuf_test_messages_proto3_TestAllTypesProto3.serialize (file:///Users/thesayyn/Documents/thesayyn/protoc-gen-ts/target/debug/build/protoc_gen_ts-8cec2bec66276c47/out/test_conformance/test_messages_proto3.ts:1054:20)
    at file:///Users/thesayyn/Documents/thesayyn/protoc-gen-ts/tests/conformance/bin/main.ts:24:44

  protobuf_test_messages.proto3.TestAllTypesProto3 1
  Error: Assertion failed
    at Object.jspb.asserts.doAssertFailure (https://cdn.skypack.dev/-/google-protobuf@v3.21.2-YDUqZL2TTSsy2lGtfuND/dist=es2019,mode=imports/optimized/google-protobuf.js:778:11)
    at Object.jspb.asserts.assert (https://cdn.skypack.dev/-/google-protobuf@v3.21.2-YDUqZL2TTSsy2lGtfuND/dist=es2019,mode=imports/optimized/google-protobuf.js:783:23)
    at jspb.BinaryWriter.writeEnum (https://cdn.skypack.dev/-/google-protobuf@v3.21.2-YDUqZL2TTSsy2lGtfuND/dist=es2019,mode=imports/optimized/google-protobuf.js:5289:32)
    at protobuf_test_messages_proto3_TestAllTypesProto3.serialize (file:///Users/thesayyn/Documents/thesayyn/protoc-gen-ts/target/debug/build/protoc_gen_ts-8cec2bec66276c47/out/test_conformance/test_messages_proto3.ts:1054:20)
    at file:///Users/thesayyn/Documents/thesayyn/protoc-gen-ts/tests/conformance/bin/main.ts:24:44

  protobuf_test_messages.proto3.TestAllTypesProto3 1
  Error: Assertion failed
    at Object.jspb.asserts.doAssertFailure (https://cdn.skypack.dev/-/google-protobuf@v3.21.2-YDUqZL2TTSsy2lGtfuND/dist=es2019,mode=imports/optimized/google-protobuf.js:778:11)
    at Object.jspb.asserts.assert (https://cdn.skypack.dev/-/google-protobuf@v3.21.2-YDUqZL2TTSsy2lGtfuND/dist=es2019,mode=imports/optimized/google-protobuf.js:783:23)
    at jspb.BinaryWriter.writeEnum (https://cdn.skypack.dev/-/google-protobuf@v3.21.2-YDUqZL2TTSsy2lGtfuND/dist=es2019,mode=imports/optimized/google-protobuf.js:5289:32)
    at protobuf_test_messages_proto3_TestAllTypesProto3.serialize (file:///Users/thesayyn/Documents/thesayyn/protoc-gen-ts/target/debug/build/protoc_gen_ts-8cec2bec66276c47/out/test_conformance/test_messages_proto3.ts:1054:20)
    at file:///Users/thesayyn/Documents/thesayyn/protoc-gen-ts/tests/conformance/bin/main.ts:24:44

  protobuf_test_messages.proto3.TestAllTypesProto3 1
  Error: Assertion failed
    at Object.jspb.asserts.doAssertFailure (https://cdn.skypack.dev/-/google-protobuf@v3.21.2-YDUqZL2TTSsy2lGtfuND/dist=es2019,mode=imports/optimized/google-protobuf.js:778:11)
    at Object.jspb.asserts.assert (https://cdn.skypack.dev/-/google-protobuf@v3.21.2-YDUqZL2TTSsy2lGtfuND/dist=es2019,mode=imports/optimized/google-protobuf.js:783:23)
    at jspb.BinaryEncoder.writeEnum (https://cdn.skypack.dev/-/google-protobuf@v3.21.2-YDUqZL2TTSsy2lGtfuND/dist=es2019,mode=imports/optimized/google-protobuf.js:4913:18)
    at jspb.BinaryWriter.writePackedEnum (https://cdn.skypack.dev/-/google-protobuf@v3.21.2-YDUqZL2TTSsy2lGtfuND/dist=es2019,mode=imports/optimized/google-protobuf.js:5699:23)
    at protobuf_test_messages_proto3_TestAllTypesProto3.serialize (file:///Users/thesayyn/Documents/thesayyn/protoc-gen-ts/target/debug/build/protoc_gen_ts-8cec2bec66276c47/out/test_conformance/test_messages_proto3.ts:1172:20)
    at file:///Users/thesayyn/Documents/thesayyn/protoc-gen-ts/tests/conformance/bin/main.ts:24:44

  protobuf_test_messages.proto3.TestAllTypesProto3 1
  Error: Assertion failed
    at Object.jspb.asserts.doAssertFailure (https://cdn.skypack.dev/-/google-protobuf@v3.21.2-YDUqZL2TTSsy2lGtfuND/dist=es2019,mode=imports/optimized/google-protobuf.js:778:11)
    at Object.jspb.asserts.assert (https://cdn.skypack.dev/-/google-protobuf@v3.21.2-YDUqZL2TTSsy2lGtfuND/dist=es2019,mode=imports/optimized/google-protobuf.js:783:23)
    at jspb.BinaryEncoder.writeEnum (https://cdn.skypack.dev/-/google-protobuf@v3.21.2-YDUqZL2TTSsy2lGtfuND/dist=es2019,mode=imports/optimized/google-protobuf.js:4913:18)
    at jspb.BinaryWriter.writePackedEnum (https://cdn.skypack.dev/-/google-protobuf@v3.21.2-YDUqZL2TTSsy2lGtfuND/dist=es2019,mode=imports/optimized/google-protobuf.js:5699:23)
    at protobuf_test_messages_proto3_TestAllTypesProto3.serialize (file:///Users/thesayyn/Documents/thesayyn/protoc-gen-ts/target/debug/build/protoc_gen_ts-8cec2bec66276c47/out/test_conformance/test_messages_proto3.ts:1172:20)
    at file:///Users/thesayyn/Documents/thesayyn/protoc-gen-ts/tests/conformance/bin/main.ts:24:44

  protobuf_test_messages.proto3.TestAllTypesProto3 1
  Error: Assertion failed
    at Object.jspb.asserts.doAssertFailure (https://cdn.skypack.dev/-/google-protobuf@v3.21.2-YDUqZL2TTSsy2lGtfuND/dist=es2019,mode=imports/optimized/google-protobuf.js:778:11)
    at Object.jspb.asserts.assert (https://cdn.skypack.dev/-/google-protobuf@v3.21.2-YDUqZL2TTSsy2lGtfuND/dist=es2019,mode=imports/optimized/google-protobuf.js:783:23)
    at jspb.BinaryEncoder.writeEnum (https://cdn.skypack.dev/-/google-protobuf@v3.21.2-YDUqZL2TTSsy2lGtfuND/dist=es2019,mode=imports/optimized/google-protobuf.js:4913:18)
    at jspb.BinaryWriter.writePackedEnum (https://cdn.skypack.dev/-/google-protobuf@v3.21.2-YDUqZL2TTSsy2lGtfuND/dist=es2019,mode=imports/optimized/google-protobuf.js:5699:23)
    at protobuf_test_messages_proto3_TestAllTypesProto3.serialize (file:///Users/thesayyn/Documents/thesayyn/protoc-gen-ts/target/debug/build/protoc_gen_ts-8cec2bec66276c47/out/test_conformance/test_messages_proto3.ts:1172:20)
    at file:///Users/thesayyn/Documents/thesayyn/protoc-gen-ts/tests/conformance/bin/main.ts:24:44

  protobuf_test_messages.proto3.TestAllTypesProto3 1
  Error: Assertion failed
    at Object.jspb.asserts.doAssertFailure (https://cdn.skypack.dev/-/google-protobuf@v3.21.2-YDUqZL2TTSsy2lGtfuND/dist=es2019,mode=imports/optimized/google-protobuf.js:778:11)
    at Object.jspb.asserts.assert (https://cdn.skypack.dev/-/google-protobuf@v3.21.2-YDUqZL2TTSsy2lGtfuND/dist=es2019,mode=imports/optimized/google-protobuf.js:783:23)
    at jspb.BinaryWriter.writeEnum (https://cdn.skypack.dev/-/google-protobuf@v3.21.2-YDUqZL2TTSsy2lGtfuND/dist=es2019,mode=imports/optimized/google-protobuf.js:5289:32)
    at protobuf_test_messages_proto3_TestAllTypesProto3.serialize (file:///Users/thesayyn/Documents/thesayyn/protoc-gen-ts/target/debug/build/protoc_gen_ts-8cec2bec66276c47/out/test_conformance/test_messages_proto3.ts:1327:20)
    at file:///Users/thesayyn/Documents/thesayyn/protoc-gen-ts/tests/conformance/bin/main.ts:24:44

  protobuf_test_messages.proto3.TestAllTypesProto3 1
  Error: Assertion failed
    at Object.jspb.asserts.doAssertFailure (https://cdn.skypack.dev/-/google-protobuf@v3.21.2-YDUqZL2TTSsy2lGtfuND/dist=es2019,mode=imports/optimized/google-protobuf.js:778:11)
    at Object.jspb.asserts.assert (https://cdn.skypack.dev/-/google-protobuf@v3.21.2-YDUqZL2TTSsy2lGtfuND/dist=es2019,mode=imports/optimized/google-protobuf.js:783:23)
    at jspb.BinaryReader.readEnum (https://cdn.skypack.dev/-/google-protobuf@v3.21.2-YDUqZL2TTSsy2lGtfuND/dist=es2019,mode=imports/optimized/google-protobuf.js:4629:18)
    at Function.deserialize (file:///Users/thesayyn/Documents/thesayyn/protoc-gen-ts/target/debug/build/protoc_gen_ts-8cec2bec66276c47/out/test_conformance/test_messages_proto3.ts:414:58)
    at file:///Users/thesayyn/Documents/thesayyn/protoc-gen-ts/tests/conformance/bin/main.ts:23:78

  protobuf_test_messages.proto2.TestAllTypesProto2 1
  TypeError: Cannot read properties of undefined (reading 'serialize')
    at protobuf_test_messages_proto2_TestAllTypesProto2.serialize (file:///Users/thesayyn/Documents/thesayyn/protoc-gen-ts/target/debug/build/protoc_gen_ts-8cec2bec66276c47/out/test_conformance/test_messages_proto2.ts:1482:46)
    at file:///Users/thesayyn/Documents/thesayyn/protoc-gen-ts/tests/conformance/bin/main.ts:31:44

  protobuf_test_messages.proto3.TestAllTypesProto3 1
  TypeError: Cannot read properties of undefined (reading 'serialize')
    at protobuf_test_messages_proto3_TestAllTypesProto3.serialize (file:///Users/thesayyn/Documents/thesayyn/protoc-gen-ts/target/debug/build/protoc_gen_ts-8cec2bec66276c47/out/test_conformance/test_messages_proto3.ts:1580:46)
    at file:///Users/thesayyn/Documents/thesayyn/protoc-gen-ts/tests/conformance/bin/main.ts:24:44

  