TAP version 14

not ok - Required.Proto3.ProtobufInput.ValidDataMap.STRING.ENUM.MissingDefault.JsonOutput
# output was not equivalent to reference message: 
# deleted: map_string_nested_enum['']: FOO
# 
# 
# protobuf_payload: "\312\004\000"
# requested_output_format: JSON
# message_type: "protobuf_test_messages.proto3.TestAllTypesProto3"
# test_category: BINARY_TEST
# 
# json_payload: "{\"mapStringNestedEnum\":{}}"
# 
# 

not ok - Required.Proto3.JsonInput.OriginalProtoFieldName.ProtobufOutput
# output was not equivalent to reference message: 
# deleted: field_name2: 2
# deleted: _field_name3: 3
# deleted: field__name4_: 4
# deleted: field_0_name6: 6
# deleted: field_Name9: 9
# deleted: Field_Name10: 10
# deleted: FIELD_NAME11: 11
# deleted: FIELD_name12: 12
# deleted: __field_name13: 13
# deleted: __Field_name14: 14
# deleted: field__name15: 15
# deleted: field__Name16: 16
# deleted: field_name17__: 17
# deleted: Field_name18__: 18
# 
# 
# json_payload: "{
#         \"fieldname1\": 1,
#         \"field_name2\": 2,
#         \"_field_name3\": 3,
#         \"field__name4_\": 4,
#         \"field0name5\": 5,
#         \"field_0_name6\": 6,
#         \"fieldName7\": 7,
#         \"FieldName8\": 8,
#         \"field_Name9\": 9,
#         \"Field_Name10\": 10,
#         \"FIELD_NAME11\": 11,
#         \"FIELD_name12\": 12,
#         \"__field_name13\": 13,
#         \"__Field_name14\": 14,
#         \"field__name15\": 15,
#         \"field__Name16\": 16,
#         \"field_name17__\": 17,
#         \"Field_name18__\": 18
#       }"
# requested_output_format: PROTOBUF
# message_type: "protobuf_test_messages.proto3.TestAllTypesProto3"
# test_category: JSON_TEST
# 
# protobuf_payload: "\210\031\001\250\031\005\270\031\007\300\031\010"
# 
# 

not ok - Required.Proto3.JsonInput.OriginalProtoFieldName.JsonOutput
# output was not equivalent to reference message: 
# deleted: field_name2: 2
# deleted: _field_name3: 3
# deleted: field__name4_: 4
# deleted: field_0_name6: 6
# deleted: field_Name9: 9
# deleted: Field_Name10: 10
# deleted: FIELD_NAME11: 11
# deleted: FIELD_name12: 12
# deleted: __field_name13: 13
# deleted: __Field_name14: 14
# deleted: field__name15: 15
# deleted: field__Name16: 16
# deleted: field_name17__: 17
# deleted: Field_name18__: 18
# 
# 
# json_payload: "{
#         \"fieldname1\": 1,
#         \"field_name2\": 2,
#         \"_field_name3\": 3,
#         \"field__name4_\": 4,
#         \"field0name5\": 5,
#         \"field_0_name6\": 6,
#         \"fieldName7\": 7,
#         \"FieldName8\": 8,
#         \"field_Name9\": 9,
#         \"Field_Name10\": 10,
#         \"FIELD_NAME11\": 11,
#         \"FIELD_name12\": 12,
#         \"__field_name13\": 13,
#         \"__Field_name14\": 14,
#         \"field__name15\": 15,
#         \"field__Name16\": 16,
#         \"field_name17__\": 17,
#         \"Field_name18__\": 18
#       }"
# requested_output_format: JSON
# message_type: "protobuf_test_messages.proto3.TestAllTypesProto3"
# test_category: JSON_TEST
# 
# json_payload: "{\"fieldname1\":1,\"field0name5\":5,\"fieldName7\":7,\"FieldName8\":8}"
# 
# 

not ok - Recommended.Proto2.JsonInput.FieldNameExtension.Validator
# JSON payload validation failed.
# 
# json_payload: "{
#         \"[protobuf_test_messages.proto2.extension_int32]\": 1
#       }"
# requested_output_format: JSON
# message_type: "protobuf_test_messages.proto2.TestAllTypesProto2"
# test_category: JSON_TEST
# 
# json_payload: "{}"
# 
# 

not ok - Required.Proto3.JsonInput.Int32FieldNotInteger
# Should have failed to parse, but didn't.
# 
# json_payload: "{\"optionalInt32\": 0.5}"
# requested_output_format: JSON
# message_type: "protobuf_test_messages.proto3.TestAllTypesProto3"
# test_category: JSON_TEST
# 
# json_payload: "{\"optionalInt32\":0.5}"
# 
# 

not ok - Required.Proto3.JsonInput.Uint32FieldNotInteger
# Should have failed to parse, but didn't.
# 
# json_payload: "{\"optionalUint32\": 0.5}"
# requested_output_format: JSON
# message_type: "protobuf_test_messages.proto3.TestAllTypesProto3"
# test_category: JSON_TEST
# 
# json_payload: "{\"optionalUint32\":0.5}"
# 
# 

not ok - Required.Proto3.JsonInput.Int32FieldLeadingSpace
# Should have failed to parse, but didn't.
# 
# json_payload: "{\"optionalInt32\": \" 1\"}"
# requested_output_format: JSON
# message_type: "protobuf_test_messages.proto3.TestAllTypesProto3"
# test_category: JSON_TEST
# 
# json_payload: "{\"optionalInt32\":1}"
# 
# 

not ok - Required.Proto3.JsonInput.Int32FieldTrailingSpace
# Should have failed to parse, but didn't.
# 
# json_payload: "{\"optionalInt32\": \"1 \"}"
# requested_output_format: JSON
# message_type: "protobuf_test_messages.proto3.TestAllTypesProto3"
# test_category: JSON_TEST
# 
# json_payload: "{\"optionalInt32\":1}"
# 
# 

not ok - Required.Proto3.JsonInput.EnumFieldNumericValueNonZero.ProtobufOutput
# failed to parse input or produce output.
# 
# json_payload: "{\"optionalNestedEnum\": 1}"
# requested_output_format: PROTOBUF
# message_type: "protobuf_test_messages.proto3.TestAllTypesProto3"
# test_category: JSON_TEST
# 
# serialize_error: "Error: Assertion failed
#     at Object.jspb.asserts.doAssertFailure (file:///private/var/folders/c3/qcpmmp4s0_1cy0b3bxjwcsqh0000gn/T/deno-compile-protoc_gen_ts_conformance/node_modules/localhost/google-protobuf/3.21.2/google-protobuf.js:88:597)
#     at Object.jspb.asserts.assert (file:///private/var/folders/c3/qcpmmp4s0_1cy0b3bxjwcsqh0000gn/T/deno-compile-protoc_gen_ts_conformance/node_modules/localhost/google-protobuf/3.21.2/google-protobuf.js:88:729)
#     at jspb.BinaryWriter.writeInt32 (file:///private/var/folders/c3/qcpmmp4s0_1cy0b3bxjwcsqh0000gn/T/deno-compile-protoc_gen_ts_conformance/node_modules/localhost/google-protobuf/3.21.2/google-protobuf.js:458:77)
#     at protobuf_test_messages_proto3_TestAllTypesProto3.serialize (file:///Users/thesayyn/Documents/protoc-gen-ts/tests/conformance/gen/test_messages_proto3.ts:1368:16)
#     at file:///Users/thesayyn/Documents/protoc-gen-ts/js/conformance/main.ts:47:44
# 
#      "
# 
# 

not ok - Required.Proto3.JsonInput.EnumFieldUnknownValue.Validator
# JSON payload validation failed.
# 
# json_payload: "{\"optionalNestedEnum\": 123}"
# requested_output_format: JSON
# message_type: "protobuf_test_messages.proto3.TestAllTypesProto3"
# test_category: JSON_TEST
# 
# json_payload: "{}"
# 
# 

not ok - Recommended.Proto3.JsonInput.StringFieldUnpairedHighSurrogate
# Should have failed to parse, but didn't.
# 
# json_payload: "{\"optionalString\": \"\\uD800\"}"
# requested_output_format: JSON
# message_type: "protobuf_test_messages.proto3.TestAllTypesProto3"
# test_category: JSON_TEST
# 
# json_payload: "{\"optionalString\":\"\\ud800\"}"
# 
# 

not ok - Recommended.Proto3.JsonInput.StringFieldUnpairedLowSurrogate
# Should have failed to parse, but didn't.
# 
# json_payload: "{\"optionalString\": \"\\uDC00\"}"
# requested_output_format: JSON
# message_type: "protobuf_test_messages.proto3.TestAllTypesProto3"
# test_category: JSON_TEST
# 
# json_payload: "{\"optionalString\":\"\\udc00\"}"
# 
# 

not ok - Recommended.Proto3.JsonInput.StringFieldSurrogateInWrongOrder
# Should have failed to parse, but didn't.
# 
# json_payload: "{\"optionalString\": \"\\uDE01\\uD83D\"}"
# requested_output_format: JSON
# message_type: "protobuf_test_messages.proto3.TestAllTypesProto3"
# test_category: JSON_TEST
# 
# json_payload: "{\"optionalString\":\"\\ude01\\ud83d\"}"
# 
# 

not ok - Required.Proto3.JsonInput.OneofFieldDuplicate
# Should have failed to parse, but didn't.
# 
# json_payload: "{\"oneofUint32\": 1, \"oneofString\": \"test\"}"
# requested_output_format: JSON
# message_type: "protobuf_test_messages.proto3.TestAllTypesProto3"
# test_category: JSON_TEST
# 
# json_payload: "{\"oneofString\":\"test\"}"
# 
# 

not ok - Required.Proto3.JsonInput.BoolMapField.ProtobufOutput
# failed to parse input or produce output.
# 
# json_payload: "{\"mapBoolBool\": {\"true\": true, \"false\": false}}"
# requested_output_format: PROTOBUF
# message_type: "protobuf_test_messages.proto3.TestAllTypesProto3"
# test_category: JSON_TEST
# 
# serialize_error: "Error: Assertion failed
#     at Object.jspb.asserts.doAssertFailure (file:///private/var/folders/c3/qcpmmp4s0_1cy0b3bxjwcsqh0000gn/T/deno-compile-protoc_gen_ts_conformance/node_modules/localhost/google-protobuf/3.21.2/google-protobuf.js:88:597)
#     at Object.jspb.asserts.assert (file:///private/var/folders/c3/qcpmmp4s0_1cy0b3bxjwcsqh0000gn/T/deno-compile-protoc_gen_ts_conformance/node_modules/localhost/google-protobuf/3.21.2/google-protobuf.js:88:729)
#     at jspb.BinaryWriter.writeInt64 (file:///private/var/folders/c3/qcpmmp4s0_1cy0b3bxjwcsqh0000gn/T/deno-compile-protoc_gen_ts_conformance/node_modules/localhost/google-protobuf/3.21.2/google-protobuf.js:459:77)
#     at protobuf_test_messages_proto3_TestAllTypesProto3.serialize (file:///Users/thesayyn/Documents/protoc-gen-ts/tests/conformance/gen/test_messages_proto3.ts:1671:20)
#     at file:///Users/thesayyn/Documents/protoc-gen-ts/js/conformance/main.ts:47:44
# 
#      "
# 
# 

not ok - Required.Proto3.JsonInput.BoolMapEscapedKey.ProtobufOutput
# failed to parse input or produce output.
# 
# json_payload: "{\"mapBoolBool\": {\"tr\\u0075e\": true}}"
# requested_output_format: PROTOBUF
# message_type: "protobuf_test_messages.proto3.TestAllTypesProto3"
# test_category: JSON_TEST
# 
# serialize_error: "Error: Assertion failed
#     at Object.jspb.asserts.doAssertFailure (file:///private/var/folders/c3/qcpmmp4s0_1cy0b3bxjwcsqh0000gn/T/deno-compile-protoc_gen_ts_conformance/node_modules/localhost/google-protobuf/3.21.2/google-protobuf.js:88:597)
#     at Object.jspb.asserts.assert (file:///private/var/folders/c3/qcpmmp4s0_1cy0b3bxjwcsqh0000gn/T/deno-compile-protoc_gen_ts_conformance/node_modules/localhost/google-protobuf/3.21.2/google-protobuf.js:88:729)
#     at jspb.BinaryWriter.writeInt64 (file:///private/var/folders/c3/qcpmmp4s0_1cy0b3bxjwcsqh0000gn/T/deno-compile-protoc_gen_ts_conformance/node_modules/localhost/google-protobuf/3.21.2/google-protobuf.js:459:77)
#     at protobuf_test_messages_proto3_TestAllTypesProto3.serialize (file:///Users/thesayyn/Documents/protoc-gen-ts/tests/conformance/gen/test_messages_proto3.ts:1671:20)
#     at file:///Users/thesayyn/Documents/protoc-gen-ts/js/conformance/main.ts:47:44
# 
#      "
# 
# 

not ok - Required.Proto3.JsonInput.RepeatedFieldWrongElementTypeExpectingIntegersGotBool
# Should have failed to parse, but didn't.
# 
# json_payload: "{\"repeatedInt32\": [1, false, 3, 4]}"
# requested_output_format: JSON
# message_type: "protobuf_test_messages.proto3.TestAllTypesProto3"
# test_category: JSON_TEST
# 
# json_payload: "{\"repeatedInt32\":[1,0,3,4]}"
# 
# 

not ok - Required.Proto3.JsonInput.AllFieldAcceptNull.ProtobufOutput
# failed to parse input or produce output.
# 
# json_payload: "{
#         \"optionalInt32\": null,
#         \"optionalInt64\": null,
#         \"optionalUint32\": null,
#         \"optionalUint64\": null,
#         \"optionalSint32\": null,
#         \"optionalSint64\": null,
#         \"optionalFixed32\": null,
#         \"optionalFixed64\": null,
#         \"optionalSfixed32\": null,
#         \"optionalSfixed64\": null,
#         \"optionalFloat\": null,
#         \"optionalDouble\": null,
#         \"optionalBool\": null,
#         \"optionalString\": null,
#         \"optionalBytes\": null,
#         \"optionalNestedEnum\": null,
#         \"optionalNestedMessage\": null,
#         \"repeatedInt32\": null,
#         \"repeatedInt64\": null,
#         \"repeatedUint32\": null,
#         \"repeatedUint64\": null,
#         \"repeatedSint32\": null,
#         \"repeatedSint64\": null,
#         \"repeatedFixed32\": null,
#         \"repeatedFixed64\": null,
#         \"repeatedSfixed32\": null,
#         \"repeatedSfixed64\": null,
#         \"repeatedFloat\": null,
#         \"repeatedDouble\": null,
#         \"repeatedBool\": null,
#         \"repeatedString\": null,
#         \"repeatedBytes\": null,
#         \"repeatedNestedEnum\": null,
#         \"repeatedNestedMessage\": null,
#         \"mapInt32Int32\": null,
#         \"mapBoolBool\": null,
#         \"mapStringNestedMessage\": null
#       }"
# requested_output_format: PROTOBUF
# message_type: "protobuf_test_messages.proto3.TestAllTypesProto3"
# test_category: JSON_TEST
# 
# parse_error: "TypeError: Cannot read properties of null (reading \'length\')
#     at Function.fromJson (file:///Users/thesayyn/Documents/protoc-gen-ts/tests/conformance/gen/test_messages_proto3.ts:2223:68)
#     at file:///Users/thesayyn/Documents/protoc-gen-ts/js/conformance/main.ts:33:27
# 
#      "
# 
# 

not ok - Required.Proto3.JsonInput.AllFieldAcceptNull.JsonOutput
# failed to parse input or produce output.
# 
# json_payload: "{
#         \"optionalInt32\": null,
#         \"optionalInt64\": null,
#         \"optionalUint32\": null,
#         \"optionalUint64\": null,
#         \"optionalSint32\": null,
#         \"optionalSint64\": null,
#         \"optionalFixed32\": null,
#         \"optionalFixed64\": null,
#         \"optionalSfixed32\": null,
#         \"optionalSfixed64\": null,
#         \"optionalFloat\": null,
#         \"optionalDouble\": null,
#         \"optionalBool\": null,
#         \"optionalString\": null,
#         \"optionalBytes\": null,
#         \"optionalNestedEnum\": null,
#         \"optionalNestedMessage\": null,
#         \"repeatedInt32\": null,
#         \"repeatedInt64\": null,
#         \"repeatedUint32\": null,
#         \"repeatedUint64\": null,
#         \"repeatedSint32\": null,
#         \"repeatedSint64\": null,
#         \"repeatedFixed32\": null,
#         \"repeatedFixed64\": null,
#         \"repeatedSfixed32\": null,
#         \"repeatedSfixed64\": null,
#         \"repeatedFloat\": null,
#         \"repeatedDouble\": null,
#         \"repeatedBool\": null,
#         \"repeatedString\": null,
#         \"repeatedBytes\": null,
#         \"repeatedNestedEnum\": null,
#         \"repeatedNestedMessage\": null,
#         \"mapInt32Int32\": null,
#         \"mapBoolBool\": null,
#         \"mapStringNestedMessage\": null
#       }"
# requested_output_format: JSON
# message_type: "protobuf_test_messages.proto3.TestAllTypesProto3"
# test_category: JSON_TEST
# 
# parse_error: "TypeError: Cannot read properties of null (reading \'length\')
#     at Function.fromJson (file:///Users/thesayyn/Documents/protoc-gen-ts/tests/conformance/gen/test_messages_proto3.ts:2223:68)
#     at file:///Users/thesayyn/Documents/protoc-gen-ts/js/conformance/main.ts:33:27
# 
#      "
# 
# 

not ok - Recommended.Proto3.JsonInput.RepeatedFieldPrimitiveElementIsNull
# Should have failed to parse, but didn't.
# 
# json_payload: "{\"repeatedInt32\": [1, null, 2]}"
# requested_output_format: JSON
# message_type: "protobuf_test_messages.proto3.TestAllTypesProto3"
# test_category: JSON_TEST
# 
# json_payload: "{\"repeatedInt32\":[1,0,2]}"
# 
# 

not ok - Recommended.Proto3.JsonInput.MapFieldValueIsNull
# Should have failed to parse, but didn't.
# 
# json_payload: "{\"mapInt32Int32\": {\"0\": null}}"
# requested_output_format: JSON
# message_type: "protobuf_test_messages.proto3.TestAllTypesProto3"
# test_category: JSON_TEST
# 
# json_payload: "{\"mapInt32Int32\":{\"0\":0}}"
# 
# 

not ok - Required.Proto3.JsonInput.WrapperTypesWithNullValue.ProtobufOutput
# failed to parse input or produce output.
# 
# json_payload: "{
#         \"optionalBoolWrapper\": null,
#         \"optionalInt32Wrapper\": null,
#         \"optionalUint32Wrapper\": null,
#         \"optionalInt64Wrapper\": null,
#         \"optionalUint64Wrapper\": null,
#         \"optionalFloatWrapper\": null,
#         \"optionalDoubleWrapper\": null,
#         \"optionalStringWrapper\": null,
#         \"optionalBytesWrapper\": null,
#         \"repeatedBoolWrapper\": null,
#         \"repeatedInt32Wrapper\": null,
#         \"repeatedUint32Wrapper\": null,
#         \"repeatedInt64Wrapper\": null,
#         \"repeatedUint64Wrapper\": null,
#         \"repeatedFloatWrapper\": null,
#         \"repeatedDoubleWrapper\": null,
#         \"repeatedStringWrapper\": null,
#         \"repeatedBytesWrapper\": null
#       }"
# requested_output_format: PROTOBUF
# message_type: "protobuf_test_messages.proto3.TestAllTypesProto3"
# test_category: JSON_TEST
# 
# parse_error: "Error: illegal value for optionalBoolWrapper
#     at Function.fromJson (file:///Users/thesayyn/Documents/protoc-gen-ts/tests/conformance/gen/test_messages_proto3.ts:2793:50)
#     at file:///Users/thesayyn/Documents/protoc-gen-ts/js/conformance/main.ts:33:27
# 
#      "
# 
# 

not ok - Required.Proto3.JsonInput.WrapperTypesWithNullValue.JsonOutput
# failed to parse input or produce output.
# 
# json_payload: "{
#         \"optionalBoolWrapper\": null,
#         \"optionalInt32Wrapper\": null,
#         \"optionalUint32Wrapper\": null,
#         \"optionalInt64Wrapper\": null,
#         \"optionalUint64Wrapper\": null,
#         \"optionalFloatWrapper\": null,
#         \"optionalDoubleWrapper\": null,
#         \"optionalStringWrapper\": null,
#         \"optionalBytesWrapper\": null,
#         \"repeatedBoolWrapper\": null,
#         \"repeatedInt32Wrapper\": null,
#         \"repeatedUint32Wrapper\": null,
#         \"repeatedInt64Wrapper\": null,
#         \"repeatedUint64Wrapper\": null,
#         \"repeatedFloatWrapper\": null,
#         \"repeatedDoubleWrapper\": null,
#         \"repeatedStringWrapper\": null,
#         \"repeatedBytesWrapper\": null
#       }"
# requested_output_format: JSON
# message_type: "protobuf_test_messages.proto3.TestAllTypesProto3"
# test_category: JSON_TEST
# 
# parse_error: "Error: illegal value for optionalBoolWrapper
#     at Function.fromJson (file:///Users/thesayyn/Documents/protoc-gen-ts/tests/conformance/gen/test_messages_proto3.ts:2793:50)
#     at file:///Users/thesayyn/Documents/protoc-gen-ts/js/conformance/main.ts:33:27
# 
#      "
# 
# 

not ok - Required.Proto3.JsonInput.DurationMinValue.ProtobufOutput
# output was not equivalent to reference message: 
# deleted: optional_duration: { seconds: -315576000000 nanos: -999999999 }
# 
# 
# json_payload: "{\"optionalDuration\": \"-315576000000.999999999s\"}"
# requested_output_format: PROTOBUF
# message_type: "protobuf_test_messages.proto3.TestAllTypesProto3"
# test_category: JSON_TEST
# 
# protobuf_payload: ""
# 
# 

not ok - Required.Proto3.JsonInput.DurationMinValue.JsonOutput
# output was not equivalent to reference message: 
# deleted: optional_duration: { seconds: -315576000000 nanos: -999999999 }
# 
# 
# json_payload: "{\"optionalDuration\": \"-315576000000.999999999s\"}"
# requested_output_format: JSON
# message_type: "protobuf_test_messages.proto3.TestAllTypesProto3"
# test_category: JSON_TEST
# 
# json_payload: "{}"
# 
# 

not ok - Required.Proto3.JsonInput.DurationMaxValue.ProtobufOutput
# output was not equivalent to reference message: 
# deleted: optional_duration: { seconds: 315576000000 nanos: 999999999 }
# 
# 
# json_payload: "{\"optionalDuration\": \"315576000000.999999999s\"}"
# requested_output_format: PROTOBUF
# message_type: "protobuf_test_messages.proto3.TestAllTypesProto3"
# test_category: JSON_TEST
# 
# protobuf_payload: ""
# 
# 

not ok - Required.Proto3.JsonInput.DurationMaxValue.JsonOutput
# output was not equivalent to reference message: 
# deleted: optional_duration: { seconds: 315576000000 nanos: 999999999 }
# 
# 
# json_payload: "{\"optionalDuration\": \"315576000000.999999999s\"}"
# requested_output_format: JSON
# message_type: "protobuf_test_messages.proto3.TestAllTypesProto3"
# test_category: JSON_TEST
# 
# json_payload: "{}"
# 
# 

not ok - Required.Proto3.JsonInput.DurationRepeatedValue.ProtobufOutput
# output was not equivalent to reference message: 
# deleted: repeated_duration[0]: { seconds: 1 nanos: 500000000 }
# deleted: repeated_duration[1]: { seconds: -1 nanos: -500000000 }
# 
# 
# json_payload: "{\"repeatedDuration\": [\"1.5s\", \"-1.5s\"]}"
# requested_output_format: PROTOBUF
# message_type: "protobuf_test_messages.proto3.TestAllTypesProto3"
# test_category: JSON_TEST
# 
# protobuf_payload: ""
# 
# 

not ok - Required.Proto3.JsonInput.DurationRepeatedValue.JsonOutput
# output was not equivalent to reference message: 
# deleted: repeated_duration[0]: { seconds: 1 nanos: 500000000 }
# deleted: repeated_duration[1]: { seconds: -1 nanos: -500000000 }
# 
# 
# json_payload: "{\"repeatedDuration\": [\"1.5s\", \"-1.5s\"]}"
# requested_output_format: JSON
# message_type: "protobuf_test_messages.proto3.TestAllTypesProto3"
# test_category: JSON_TEST
# 
# json_payload: "{}"
# 
# 

not ok - Required.Proto3.JsonInput.DurationNegativeSeconds.ProtobufOutput
# output was not equivalent to reference message: 
# deleted: optional_duration: { seconds: -5 }
# 
# 
# json_payload: "{\"optionalDuration\": \"-5s\"}"
# requested_output_format: PROTOBUF
# message_type: "protobuf_test_messages.proto3.TestAllTypesProto3"
# test_category: JSON_TEST
# 
# protobuf_payload: ""
# 
# 

not ok - Required.Proto3.JsonInput.DurationNegativeSeconds.JsonOutput
# output was not equivalent to reference message: 
# deleted: optional_duration: { seconds: -5 }
# 
# 
# json_payload: "{\"optionalDuration\": \"-5s\"}"
# requested_output_format: JSON
# message_type: "protobuf_test_messages.proto3.TestAllTypesProto3"
# test_category: JSON_TEST
# 
# json_payload: "{}"
# 
# 

not ok - Required.Proto3.JsonInput.DurationNegativeNanos.ProtobufOutput
# output was not equivalent to reference message: 
# deleted: optional_duration: { nanos: -500000000 }
# 
# 
# json_payload: "{\"optionalDuration\": \"-0.5s\"}"
# requested_output_format: PROTOBUF
# message_type: "protobuf_test_messages.proto3.TestAllTypesProto3"
# test_category: JSON_TEST
# 
# protobuf_payload: ""
# 
# 

not ok - Required.Proto3.JsonInput.DurationNegativeNanos.JsonOutput
# output was not equivalent to reference message: 
# deleted: optional_duration: { nanos: -500000000 }
# 
# 
# json_payload: "{\"optionalDuration\": \"-0.5s\"}"
# requested_output_format: JSON
# message_type: "protobuf_test_messages.proto3.TestAllTypesProto3"
# test_category: JSON_TEST
# 
# json_payload: "{}"
# 
# 

not ok - Required.Proto3.JsonInput.DurationMissingS
# Should have failed to parse, but didn't.
# 
# json_payload: "{\"optionalDuration\": \"1\"}"
# requested_output_format: JSON
# message_type: "protobuf_test_messages.proto3.TestAllTypesProto3"
# test_category: JSON_TEST
# 
# json_payload: "{}"
# 
# 

not ok - Required.Proto3.JsonInput.DurationJsonInputTooSmall
# Should have failed to parse, but didn't.
# 
# json_payload: "{\"optionalDuration\": \"-315576000001.000000000s\"}"
# requested_output_format: JSON
# message_type: "protobuf_test_messages.proto3.TestAllTypesProto3"
# test_category: JSON_TEST
# 
# json_payload: "{}"
# 
# 

not ok - Required.Proto3.JsonInput.DurationJsonInputTooLarge
# Should have failed to parse, but didn't.
# 
# json_payload: "{\"optionalDuration\": \"315576000001.000000000s\"}"
# requested_output_format: JSON
# message_type: "protobuf_test_messages.proto3.TestAllTypesProto3"
# test_category: JSON_TEST
# 
# json_payload: "{}"
# 
# 

not ok - Required.DurationProtoInputTooSmall.JsonOutput
# Should have failed to serialize, but didn't.
# 
# protobuf_payload: "\352\022\013\010\377\303\321\261\350\366\377\377\377\001"
# requested_output_format: JSON
# message_type: "protobuf_test_messages.proto3.TestAllTypesProto3"
# test_category: JSON_TEST
# 
# json_payload: "{\"optionalDuration\":{\"seconds\":\"-315576000001\"}}"
# 
# 

not ok - Required.DurationProtoInputTooLarge.JsonOutput
# Should have failed to serialize, but didn't.
# 
# protobuf_payload: "\352\022\007\010\201\274\256\316\227\t"
# requested_output_format: JSON
# message_type: "protobuf_test_messages.proto3.TestAllTypesProto3"
# test_category: JSON_TEST
# 
# json_payload: "{\"optionalDuration\":{\"seconds\":\"315576000001\"}}"
# 
# 

not ok - Recommended.Proto3.JsonInput.DurationHasZeroFractionalDigit.Validator
# JSON payload validation failed.
# 
# json_payload: "{\"optionalDuration\": \"1.000000000s\"}"
# requested_output_format: JSON
# message_type: "protobuf_test_messages.proto3.TestAllTypesProto3"
# test_category: JSON_TEST
# 
# json_payload: "{}"
# 
# 

not ok - Recommended.Proto3.JsonInput.DurationHas3FractionalDigits.Validator
# JSON payload validation failed.
# 
# json_payload: "{\"optionalDuration\": \"1.010000000s\"}"
# requested_output_format: JSON
# message_type: "protobuf_test_messages.proto3.TestAllTypesProto3"
# test_category: JSON_TEST
# 
# json_payload: "{}"
# 
# 

not ok - Recommended.Proto3.JsonInput.DurationHas6FractionalDigits.Validator
# JSON payload validation failed.
# 
# json_payload: "{\"optionalDuration\": \"1.000010000s\"}"
# requested_output_format: JSON
# message_type: "protobuf_test_messages.proto3.TestAllTypesProto3"
# test_category: JSON_TEST
# 
# json_payload: "{}"
# 
# 

not ok - Recommended.Proto3.JsonInput.DurationHas9FractionalDigits.Validator
# JSON payload validation failed.
# 
# json_payload: "{\"optionalDuration\": \"1.000000010s\"}"
# requested_output_format: JSON
# message_type: "protobuf_test_messages.proto3.TestAllTypesProto3"
# test_category: JSON_TEST
# 
# json_payload: "{}"
# 
# 

not ok - Required.Proto3.JsonInput.TimestampMinValue.ProtobufOutput
# output was not equivalent to reference message: 
# deleted: optional_timestamp: { seconds: -62135596800 }
# 
# 
# json_payload: "{\"optionalTimestamp\": \"0001-01-01T00:00:00Z\"}"
# requested_output_format: PROTOBUF
# message_type: "protobuf_test_messages.proto3.TestAllTypesProto3"
# test_category: JSON_TEST
# 
# protobuf_payload: ""
# 
# 

not ok - Required.Proto3.JsonInput.TimestampMinValue.JsonOutput
# output was not equivalent to reference message: 
# deleted: optional_timestamp: { seconds: -62135596800 }
# 
# 
# json_payload: "{\"optionalTimestamp\": \"0001-01-01T00:00:00Z\"}"
# requested_output_format: JSON
# message_type: "protobuf_test_messages.proto3.TestAllTypesProto3"
# test_category: JSON_TEST
# 
# json_payload: "{}"
# 
# 

not ok - Required.Proto3.JsonInput.TimestampMaxValue.ProtobufOutput
# output was not equivalent to reference message: 
# deleted: optional_timestamp: { seconds: 253402300799 nanos: 999999999 }
# 
# 
# json_payload: "{\"optionalTimestamp\": \"9999-12-31T23:59:59.999999999Z\"}"
# requested_output_format: PROTOBUF
# message_type: "protobuf_test_messages.proto3.TestAllTypesProto3"
# test_category: JSON_TEST
# 
# protobuf_payload: ""
# 
# 

not ok - Required.Proto3.JsonInput.TimestampMaxValue.JsonOutput
# output was not equivalent to reference message: 
# deleted: optional_timestamp: { seconds: 253402300799 nanos: 999999999 }
# 
# 
# json_payload: "{\"optionalTimestamp\": \"9999-12-31T23:59:59.999999999Z\"}"
# requested_output_format: JSON
# message_type: "protobuf_test_messages.proto3.TestAllTypesProto3"
# test_category: JSON_TEST
# 
# json_payload: "{}"
# 
# 

not ok - Required.Proto3.JsonInput.TimestampRepeatedValue.ProtobufOutput
# output was not equivalent to reference message: 
# deleted: repeated_timestamp[0]: { seconds: -62135596800 }
# deleted: repeated_timestamp[1]: { seconds: 253402300799 nanos: 999999999 }
# 
# 
# json_payload: "{
#         \"repeatedTimestamp\": [
#           \"0001-01-01T00:00:00Z\",
#           \"9999-12-31T23:59:59.999999999Z\"
#         ]
#       }"
# requested_output_format: PROTOBUF
# message_type: "protobuf_test_messages.proto3.TestAllTypesProto3"
# test_category: JSON_TEST
# 
# protobuf_payload: ""
# 
# 

not ok - Required.Proto3.JsonInput.TimestampRepeatedValue.JsonOutput
# output was not equivalent to reference message: 
# deleted: repeated_timestamp[0]: { seconds: -62135596800 }
# deleted: repeated_timestamp[1]: { seconds: 253402300799 nanos: 999999999 }
# 
# 
# json_payload: "{
#         \"repeatedTimestamp\": [
#           \"0001-01-01T00:00:00Z\",
#           \"9999-12-31T23:59:59.999999999Z\"
#         ]
#       }"
# requested_output_format: JSON
# message_type: "protobuf_test_messages.proto3.TestAllTypesProto3"
# test_category: JSON_TEST
# 
# json_payload: "{}"
# 
# 

not ok - Required.Proto3.JsonInput.TimestampLeap.ProtobufOutput
# output was not equivalent to reference message: 
# deleted: optional_timestamp: { seconds: 729302400 }
# 
# 
# json_payload: "{\"optionalTimestamp\": \"1993-02-10T00:00:00.000Z\"}"
# requested_output_format: PROTOBUF
# message_type: "protobuf_test_messages.proto3.TestAllTypesProto3"
# test_category: JSON_TEST
# 
# protobuf_payload: ""
# 
# 

not ok - Required.Proto3.JsonInput.TimestampLeap.JsonOutput
# output was not equivalent to reference message: 
# deleted: optional_timestamp: { seconds: 729302400 }
# 
# 
# json_payload: "{\"optionalTimestamp\": \"1993-02-10T00:00:00.000Z\"}"
# requested_output_format: JSON
# message_type: "protobuf_test_messages.proto3.TestAllTypesProto3"
# test_category: JSON_TEST
# 
# json_payload: "{}"
# 
# 

not ok - Required.Proto3.JsonInput.TimestampWithPositiveOffset.ProtobufOutput
# output was not equivalent to reference message: 
# deleted: optional_timestamp: { seconds: 1 }
# 
# 
# json_payload: "{\"optionalTimestamp\": \"1970-01-01T08:00:01+08:00\"}"
# requested_output_format: PROTOBUF
# message_type: "protobuf_test_messages.proto3.TestAllTypesProto3"
# test_category: JSON_TEST
# 
# protobuf_payload: ""
# 
# 

not ok - Required.Proto3.JsonInput.TimestampWithPositiveOffset.JsonOutput
# output was not equivalent to reference message: 
# deleted: optional_timestamp: { seconds: 1 }
# 
# 
# json_payload: "{\"optionalTimestamp\": \"1970-01-01T08:00:01+08:00\"}"
# requested_output_format: JSON
# message_type: "protobuf_test_messages.proto3.TestAllTypesProto3"
# test_category: JSON_TEST
# 
# json_payload: "{}"
# 
# 

not ok - Required.Proto3.JsonInput.TimestampWithNegativeOffset.ProtobufOutput
# output was not equivalent to reference message: 
# deleted: optional_timestamp: { seconds: 1 }
# 
# 
# json_payload: "{\"optionalTimestamp\": \"1969-12-31T16:00:01-08:00\"}"
# requested_output_format: PROTOBUF
# message_type: "protobuf_test_messages.proto3.TestAllTypesProto3"
# test_category: JSON_TEST
# 
# protobuf_payload: ""
# 
# 

not ok - Required.Proto3.JsonInput.TimestampWithNegativeOffset.JsonOutput
# output was not equivalent to reference message: 
# deleted: optional_timestamp: { seconds: 1 }
# 
# 
# json_payload: "{\"optionalTimestamp\": \"1969-12-31T16:00:01-08:00\"}"
# requested_output_format: JSON
# message_type: "protobuf_test_messages.proto3.TestAllTypesProto3"
# test_category: JSON_TEST
# 
# json_payload: "{}"
# 
# 

not ok - Required.Proto3.JsonInput.TimestampJsonInputTooSmall
# Should have failed to parse, but didn't.
# 
# json_payload: "{\"optionalTimestamp\": \"0000-01-01T00:00:00Z\"}"
# requested_output_format: JSON
# message_type: "protobuf_test_messages.proto3.TestAllTypesProto3"
# test_category: JSON_TEST
# 
# json_payload: "{}"
# 
# 

not ok - Required.Proto3.JsonInput.TimestampJsonInputTooLarge
# Should have failed to parse, but didn't.
# 
# json_payload: "{\"optionalTimestamp\": \"10000-01-01T00:00:00Z\"}"
# requested_output_format: JSON
# message_type: "protobuf_test_messages.proto3.TestAllTypesProto3"
# test_category: JSON_TEST
# 
# json_payload: "{}"
# 
# 

not ok - Required.Proto3.JsonInput.TimestampJsonInputMissingZ
# Should have failed to parse, but didn't.
# 
# json_payload: "{\"optionalTimestamp\": \"0001-01-01T00:00:00\"}"
# requested_output_format: JSON
# message_type: "protobuf_test_messages.proto3.TestAllTypesProto3"
# test_category: JSON_TEST
# 
# json_payload: "{}"
# 
# 

not ok - Required.Proto3.JsonInput.TimestampJsonInputMissingT
# Should have failed to parse, but didn't.
# 
# json_payload: "{\"optionalTimestamp\": \"0001-01-01 00:00:00Z\"}"
# requested_output_format: JSON
# message_type: "protobuf_test_messages.proto3.TestAllTypesProto3"
# test_category: JSON_TEST
# 
# json_payload: "{}"
# 
# 

not ok - Required.Proto3.JsonInput.TimestampJsonInputLowercaseZ
# Should have failed to parse, but didn't.
# 
# json_payload: "{\"optionalTimestamp\": \"0001-01-01T00:00:00z\"}"
# requested_output_format: JSON
# message_type: "protobuf_test_messages.proto3.TestAllTypesProto3"
# test_category: JSON_TEST
# 
# json_payload: "{}"
# 
# 

not ok - Required.Proto3.JsonInput.TimestampJsonInputLowercaseT
# Should have failed to parse, but didn't.
# 
# json_payload: "{\"optionalTimestamp\": \"0001-01-01t00:00:00Z\"}"
# requested_output_format: JSON
# message_type: "protobuf_test_messages.proto3.TestAllTypesProto3"
# test_category: JSON_TEST
# 
# json_payload: "{}"
# 
# 

not ok - Required.TimestampProtoInputTooSmall.JsonOutput
# Should have failed to serialize, but didn't.
# 
# protobuf_payload: "\362\022\013\010\377\221\270\303\230\376\377\377\377\001"
# requested_output_format: JSON
# message_type: "protobuf_test_messages.proto3.TestAllTypesProto3"
# test_category: JSON_TEST
# 
# json_payload: "{\"optionalTimestamp\":{\"seconds\":\"-62135596801\"}}"
# 
# 

not ok - Required.TimestampProtoInputTooLarge.JsonOutput
# Should have failed to serialize, but didn't.
# 
# protobuf_payload: "\362\022\007\010\200\203\321\377\257\007"
# requested_output_format: JSON
# message_type: "protobuf_test_messages.proto3.TestAllTypesProto3"
# test_category: JSON_TEST
# 
# json_payload: "{\"optionalTimestamp\":{\"seconds\":\"253402300800\"}}"
# 
# 

not ok - Recommended.Proto3.JsonInput.TimestampZeroNormalized.Validator
# JSON payload validation failed.
# 
# json_payload: "{\"optionalTimestamp\": \"1969-12-31T16:00:00-08:00\"}"
# requested_output_format: JSON
# message_type: "protobuf_test_messages.proto3.TestAllTypesProto3"
# test_category: JSON_TEST
# 
# json_payload: "{}"
# 
# 

not ok - Recommended.Proto3.JsonInput.TimestampHasZeroFractionalDigit.Validator
# JSON payload validation failed.
# 
# json_payload: "{\"optionalTimestamp\": \"1970-01-01T00:00:00.000000000Z\"}"
# requested_output_format: JSON
# message_type: "protobuf_test_messages.proto3.TestAllTypesProto3"
# test_category: JSON_TEST
# 
# json_payload: "{}"
# 
# 

not ok - Recommended.Proto3.JsonInput.TimestampHas3FractionalDigits.Validator
# JSON payload validation failed.
# 
# json_payload: "{\"optionalTimestamp\": \"1970-01-01T00:00:00.010000000Z\"}"
# requested_output_format: JSON
# message_type: "protobuf_test_messages.proto3.TestAllTypesProto3"
# test_category: JSON_TEST
# 
# json_payload: "{}"
# 
# 

not ok - Recommended.Proto3.JsonInput.TimestampHas6FractionalDigits.Validator
# JSON payload validation failed.
# 
# json_payload: "{\"optionalTimestamp\": \"1970-01-01T00:00:00.000010000Z\"}"
# requested_output_format: JSON
# message_type: "protobuf_test_messages.proto3.TestAllTypesProto3"
# test_category: JSON_TEST
# 
# json_payload: "{}"
# 
# 

not ok - Recommended.Proto3.JsonInput.TimestampHas9FractionalDigits.Validator
# JSON payload validation failed.
# 
# json_payload: "{\"optionalTimestamp\": \"1970-01-01T00:00:00.000000010Z\"}"
# requested_output_format: JSON
# message_type: "protobuf_test_messages.proto3.TestAllTypesProto3"
# test_category: JSON_TEST
# 
# json_payload: "{}"
# 
# 

not ok - Required.Proto3.JsonInput.FieldMask.ProtobufOutput
# output was not equivalent to reference message: 
# deleted: optional_field_mask: { paths: "foo" paths: "bar_baz" }
# 
# 
# json_payload: "{\"optionalFieldMask\": \"foo,barBaz\"}"
# requested_output_format: PROTOBUF
# message_type: "protobuf_test_messages.proto3.TestAllTypesProto3"
# test_category: JSON_TEST
# 
# protobuf_payload: ""
# 
# 

not ok - Required.Proto3.JsonInput.FieldMask.JsonOutput
# output was not equivalent to reference message: 
# deleted: optional_field_mask: { paths: "foo" paths: "bar_baz" }
# 
# 
# json_payload: "{\"optionalFieldMask\": \"foo,barBaz\"}"
# requested_output_format: JSON
# message_type: "protobuf_test_messages.proto3.TestAllTypesProto3"
# test_category: JSON_TEST
# 
# json_payload: "{}"
# 
# 

not ok - Required.Proto3.JsonInput.EmptyFieldMask.ProtobufOutput
# output was not equivalent to reference message: 
# deleted: optional_field_mask: { }
# 
# 
# json_payload: "{\"optionalFieldMask\": \"\"}"
# requested_output_format: PROTOBUF
# message_type: "protobuf_test_messages.proto3.TestAllTypesProto3"
# test_category: JSON_TEST
# 
# protobuf_payload: ""
# 
# 

not ok - Required.Proto3.JsonInput.EmptyFieldMask.JsonOutput
# output was not equivalent to reference message: 
# deleted: optional_field_mask: { }
# 
# 
# json_payload: "{\"optionalFieldMask\": \"\"}"
# requested_output_format: JSON
# message_type: "protobuf_test_messages.proto3.TestAllTypesProto3"
# test_category: JSON_TEST
# 
# json_payload: "{}"
# 
# 

not ok - Recommended.Proto3.JsonInput.FieldMaskInvalidCharacter
# Should have failed to parse, but didn't.
# 
# json_payload: "{\"optionalFieldMask\": \"foo,bar_bar\"}"
# requested_output_format: JSON
# message_type: "protobuf_test_messages.proto3.TestAllTypesProto3"
# test_category: JSON_TEST
# 
# json_payload: "{}"
# 
# 

not ok - Recommended.FieldMaskPathsDontRoundTrip.JsonOutput
# Should have failed to serialize, but didn't.
# 
# protobuf_payload: "\372\022\010
# \006fooBar"
# requested_output_format: JSON
# message_type: "protobuf_test_messages.proto3.TestAllTypesProto3"
# test_category: JSON_TEST
# 
# json_payload: "{\"optionalFieldMask\":{\"paths\":[\"fooBar\"]}}"
# 
# 

not ok - Recommended.FieldMaskNumbersDontRoundTrip.JsonOutput
# Should have failed to serialize, but didn't.
# 
# protobuf_payload: "\372\022\013
# \tfoo_3_bar"
# requested_output_format: JSON
# message_type: "protobuf_test_messages.proto3.TestAllTypesProto3"
# test_category: JSON_TEST
# 
# json_payload: "{\"optionalFieldMask\":{\"paths\":[\"foo_3_bar\"]}}"
# 
# 

not ok - Recommended.FieldMaskTooManyUnderscore.JsonOutput
# Should have failed to serialize, but didn't.
# 
# protobuf_payload: "\372\022
# 
# \010foo__bar"
# requested_output_format: JSON
# message_type: "protobuf_test_messages.proto3.TestAllTypesProto3"
# test_category: JSON_TEST
# 
# json_payload: "{\"optionalFieldMask\":{\"paths\":[\"foo__bar\"]}}"
# 
# 

not ok - Required.Proto3.JsonInput.Struct.ProtobufOutput
# output was not equivalent to reference message: 
# deleted: optional_struct: { fields { key: "boolValue" value { bool_value: true } } fields { key: "doubleValue" value { number_value: 1234.5678 } } fields { key: "intValue" value { number_value: 1234 } } fields { key: "listValue" value { list_value { values { number_value: 1234 } values { string_value: "5678" } } } } fields { key: "nullValue" value { null_value: NULL_VALUE } } fields { key: "objectValue" value { struct_value { fields { key: "value" value { number_value: 0 } } } } } fields { key: "stringValue" value { string_value: "Hello world!" } } }
# 
# 
# json_payload: "{
#         \"optionalStruct\": {
#           \"nullValue\": null,
#           \"intValue\": 1234,
#           \"boolValue\": true,
#           \"doubleValue\": 1234.5678,
#           \"stringValue\": \"Hello world!\",
#           \"listValue\": [1234, \"5678\"],
#           \"objectValue\": {
#             \"value\": 0
#           }
#         }
#       }"
# requested_output_format: PROTOBUF
# message_type: "protobuf_test_messages.proto3.TestAllTypesProto3"
# test_category: JSON_TEST
# 
# protobuf_payload: ""
# 
# 

not ok - Required.Proto3.JsonInput.Struct.JsonOutput
# output was not equivalent to reference message: 
# deleted: optional_struct: { fields { key: "boolValue" value { bool_value: true } } fields { key: "doubleValue" value { number_value: 1234.5678 } } fields { key: "intValue" value { number_value: 1234 } } fields { key: "listValue" value { list_value { values { number_value: 1234 } values { string_value: "5678" } } } } fields { key: "nullValue" value { null_value: NULL_VALUE } } fields { key: "objectValue" value { struct_value { fields { key: "value" value { number_value: 0 } } } } } fields { key: "stringValue" value { string_value: "Hello world!" } } }
# 
# 
# json_payload: "{
#         \"optionalStruct\": {
#           \"nullValue\": null,
#           \"intValue\": 1234,
#           \"boolValue\": true,
#           \"doubleValue\": 1234.5678,
#           \"stringValue\": \"Hello world!\",
#           \"listValue\": [1234, \"5678\"],
#           \"objectValue\": {
#             \"value\": 0
#           }
#         }
#       }"
# requested_output_format: JSON
# message_type: "protobuf_test_messages.proto3.TestAllTypesProto3"
# test_category: JSON_TEST
# 
# json_payload: "{}"
# 
# 

not ok - Required.Proto3.JsonInput.StructWithEmptyListValue.ProtobufOutput
# output was not equivalent to reference message: 
# deleted: optional_struct: { fields { key: "listValue" value { list_value { } } } }
# 
# 
# json_payload: "{
#         \"optionalStruct\": {
#           \"listValue\": []
#         }
#       }"
# requested_output_format: PROTOBUF
# message_type: "protobuf_test_messages.proto3.TestAllTypesProto3"
# test_category: JSON_TEST
# 
# protobuf_payload: ""
# 
# 

not ok - Required.Proto3.JsonInput.StructWithEmptyListValue.JsonOutput
# output was not equivalent to reference message: 
# deleted: optional_struct: { fields { key: "listValue" value { list_value { } } } }
# 
# 
# json_payload: "{
#         \"optionalStruct\": {
#           \"listValue\": []
#         }
#       }"
# requested_output_format: JSON
# message_type: "protobuf_test_messages.proto3.TestAllTypesProto3"
# test_category: JSON_TEST
# 
# json_payload: "{}"
# 
# 

not ok - Required.Proto3.JsonInput.ValueAcceptInteger.ProtobufOutput
# output was not equivalent to reference message: 
# deleted: optional_value.number_value: 1
# 
# 
# json_payload: "{\"optionalValue\": 1}"
# requested_output_format: PROTOBUF
# message_type: "protobuf_test_messages.proto3.TestAllTypesProto3"
# test_category: JSON_TEST
# 
# protobuf_payload: "\222\023\000"
# 
# 

not ok - Required.Proto3.JsonInput.ValueAcceptInteger.JsonOutput
# output was not equivalent to reference message: 
# deleted: optional_value.number_value: 1
# added: optional_value.struct_value: { }
# 
# 
# json_payload: "{\"optionalValue\": 1}"
# requested_output_format: JSON
# message_type: "protobuf_test_messages.proto3.TestAllTypesProto3"
# test_category: JSON_TEST
# 
# json_payload: "{\"optionalValue\":{}}"
# 
# 

not ok - Required.Proto3.JsonInput.ValueAcceptFloat.ProtobufOutput
# output was not equivalent to reference message: 
# deleted: optional_value.number_value: 1.5
# 
# 
# json_payload: "{\"optionalValue\": 1.5}"
# requested_output_format: PROTOBUF
# message_type: "protobuf_test_messages.proto3.TestAllTypesProto3"
# test_category: JSON_TEST
# 
# protobuf_payload: "\222\023\000"
# 
# 

not ok - Required.Proto3.JsonInput.ValueAcceptFloat.JsonOutput
# output was not equivalent to reference message: 
# deleted: optional_value.number_value: 1.5
# added: optional_value.struct_value: { }
# 
# 
# json_payload: "{\"optionalValue\": 1.5}"
# requested_output_format: JSON
# message_type: "protobuf_test_messages.proto3.TestAllTypesProto3"
# test_category: JSON_TEST
# 
# json_payload: "{\"optionalValue\":{}}"
# 
# 

not ok - Required.Proto3.JsonInput.ValueAcceptBool.ProtobufOutput
# output was not equivalent to reference message: 
# deleted: optional_value.bool_value: false
# 
# 
# json_payload: "{\"optionalValue\": false}"
# requested_output_format: PROTOBUF
# message_type: "protobuf_test_messages.proto3.TestAllTypesProto3"
# test_category: JSON_TEST
# 
# protobuf_payload: "\222\023\000"
# 
# 

not ok - Required.Proto3.JsonInput.ValueAcceptBool.JsonOutput
# output was not equivalent to reference message: 
# deleted: optional_value.bool_value: false
# added: optional_value.struct_value: { }
# 
# 
# json_payload: "{\"optionalValue\": false}"
# requested_output_format: JSON
# message_type: "protobuf_test_messages.proto3.TestAllTypesProto3"
# test_category: JSON_TEST
# 
# json_payload: "{\"optionalValue\":{}}"
# 
# 

not ok - Required.Proto3.JsonInput.ValueAcceptNull.ProtobufOutput
# output was not equivalent to reference message: 
# deleted: optional_value.null_value: NULL_VALUE
# 
# 
# json_payload: "{\"optionalValue\": null}"
# requested_output_format: PROTOBUF
# message_type: "protobuf_test_messages.proto3.TestAllTypesProto3"
# test_category: JSON_TEST
# 
# protobuf_payload: "\222\023\000"
# 
# 

not ok - Required.Proto3.JsonInput.ValueAcceptNull.JsonOutput
# output was not equivalent to reference message: 
# deleted: optional_value.null_value: NULL_VALUE
# added: optional_value.struct_value: { }
# 
# 
# json_payload: "{\"optionalValue\": null}"
# requested_output_format: JSON
# message_type: "protobuf_test_messages.proto3.TestAllTypesProto3"
# test_category: JSON_TEST
# 
# json_payload: "{\"optionalValue\":{}}"
# 
# 

not ok - Required.Proto3.JsonInput.ValueAcceptString.ProtobufOutput
# output was not equivalent to reference message: 
# deleted: optional_value.string_value: "hello"
# 
# 
# json_payload: "{\"optionalValue\": \"hello\"}"
# requested_output_format: PROTOBUF
# message_type: "protobuf_test_messages.proto3.TestAllTypesProto3"
# test_category: JSON_TEST
# 
# protobuf_payload: "\222\023\000"
# 
# 

not ok - Required.Proto3.JsonInput.ValueAcceptString.JsonOutput
# output was not equivalent to reference message: 
# deleted: optional_value.string_value: "hello"
# added: optional_value.struct_value: { }
# 
# 
# json_payload: "{\"optionalValue\": \"hello\"}"
# requested_output_format: JSON
# message_type: "protobuf_test_messages.proto3.TestAllTypesProto3"
# test_category: JSON_TEST
# 
# json_payload: "{\"optionalValue\":{}}"
# 
# 

not ok - Required.Proto3.JsonInput.ValueAcceptList.ProtobufOutput
# output was not equivalent to reference message: 
# deleted: optional_value.list_value: { values { number_value: 0 } values { string_value: "hello" } }
# 
# 
# json_payload: "{\"optionalValue\": [0, \"hello\"]}"
# requested_output_format: PROTOBUF
# message_type: "protobuf_test_messages.proto3.TestAllTypesProto3"
# test_category: JSON_TEST
# 
# protobuf_payload: "\222\023\000"
# 
# 

not ok - Required.Proto3.JsonInput.ValueAcceptList.JsonOutput
# output was not equivalent to reference message: 
# added: optional_value.struct_value: { }
# deleted: optional_value.list_value: { values { number_value: 0 } values { string_value: "hello" } }
# 
# 
# json_payload: "{\"optionalValue\": [0, \"hello\"]}"
# requested_output_format: JSON
# message_type: "protobuf_test_messages.proto3.TestAllTypesProto3"
# test_category: JSON_TEST
# 
# json_payload: "{\"optionalValue\":{}}"
# 
# 

not ok - Required.Proto3.JsonInput.ValueAcceptObject.ProtobufOutput
# output was not equivalent to reference message: 
# deleted: optional_value.struct_value: { fields { key: "value" value { number_value: 1 } } }
# 
# 
# json_payload: "{\"optionalValue\": {\"value\": 1}}"
# requested_output_format: PROTOBUF
# message_type: "protobuf_test_messages.proto3.TestAllTypesProto3"
# test_category: JSON_TEST
# 
# protobuf_payload: "\222\023\000"
# 
# 

not ok - Required.Proto3.JsonInput.ValueAcceptObject.JsonOutput
# output was not equivalent to reference message: 
# deleted: optional_value.struct_value.fields[value]: { number_value: 1 }
# 
# 
# json_payload: "{\"optionalValue\": {\"value\": 1}}"
# requested_output_format: JSON
# message_type: "protobuf_test_messages.proto3.TestAllTypesProto3"
# test_category: JSON_TEST
# 
# json_payload: "{\"optionalValue\":{}}"
# 
# 

not ok - Required.Proto3.JsonInput.RepeatedValue.ProtobufOutput
# output was not equivalent to reference message: 
# deleted: repeated_value[0].list_value: { values { string_value: "a" } }
# 
# 
# json_payload: "{
#         \"repeatedValue\": [[\"a\"]]
#       }"
# requested_output_format: PROTOBUF
# message_type: "protobuf_test_messages.proto3.TestAllTypesProto3"
# test_category: JSON_TEST
# 
# protobuf_payload: "\342\023\000"
# 
# 

not ok - Required.Proto3.JsonInput.RepeatedValue.JsonOutput
# output was not equivalent to reference message: 
# added: repeated_value[0].struct_value: { }
# deleted: repeated_value[0].list_value: { values { string_value: "a" } }
# 
# 
# json_payload: "{
#         \"repeatedValue\": [[\"a\"]]
#       }"
# requested_output_format: JSON
# message_type: "protobuf_test_messages.proto3.TestAllTypesProto3"
# test_category: JSON_TEST
# 
# json_payload: "{\"repeatedValue\":[{}]}"
# 
# 

not ok - Required.Proto3.JsonInput.RepeatedListValue.ProtobufOutput
# output was not equivalent to reference message: 
# deleted: repeated_list_value[0].values[0]: { string_value: "a" }
# 
# 
# json_payload: "{
#         \"repeatedListValue\": [[\"a\"]]
#       }"
# requested_output_format: PROTOBUF
# message_type: "protobuf_test_messages.proto3.TestAllTypesProto3"
# test_category: JSON_TEST
# 
# protobuf_payload: "\352\023\000"
# 
# 

not ok - Required.Proto3.JsonInput.RepeatedListValue.JsonOutput
# output was not equivalent to reference message: 
# deleted: repeated_list_value[0].values[0]: { string_value: "a" }
# 
# 
# json_payload: "{
#         \"repeatedListValue\": [[\"a\"]]
#       }"
# requested_output_format: JSON
# message_type: "protobuf_test_messages.proto3.TestAllTypesProto3"
# test_category: JSON_TEST
# 
# json_payload: "{\"repeatedListValue\":[{}]}"
# 
# 

not ok - Recommended.Proto3.JsonInput.NullValueInOtherOneofOldFormat.Validator
# JSON payload validation failed.
# 
# json_payload: "{\"oneofNullValue\": \"NULL_VALUE\"}"
# requested_output_format: JSON
# message_type: "protobuf_test_messages.proto3.TestAllTypesProto3"
# test_category: JSON_TEST
# 
# json_payload: "{\"oneofNullValue\":\"NULL_VALUE\"}"
# 
# 

not ok - Recommended.Proto3.JsonInput.NullValueInOtherOneofNewFormat.Validator
# Expected JSON payload but got type 1
# 
# json_payload: "{\"oneofNullValue\": null}"
# requested_output_format: JSON
# message_type: "protobuf_test_messages.proto3.TestAllTypesProto3"
# test_category: JSON_TEST
# 
# parse_error: "Error: illegal value for oneofNullValue
#     at Function.fromJson (file:///Users/thesayyn/Documents/protoc-gen-ts/tests/conformance/gen/test_messages_proto3.ts:2788:74)
#     at file:///Users/thesayyn/Documents/protoc-gen-ts/js/conformance/main.ts:33:27
# 
#      "
# 
# 

not ok - Recommended.Proto3.JsonInput.NullValueInNormalMessage.Validator
# Expected JSON payload but got type 1
# 
# json_payload: "{\"optionalNullValue\": null}"
# requested_output_format: JSON
# message_type: "protobuf_test_messages.proto3.TestAllTypesProto3"
# test_category: JSON_TEST
# 
# parse_error: "Error: illegal value for optionalNullValue
#     at Function.fromJson (file:///Users/thesayyn/Documents/protoc-gen-ts/tests/conformance/gen/test_messages_proto3.ts:2906:74)
#     at file:///Users/thesayyn/Documents/protoc-gen-ts/js/conformance/main.ts:33:27
# 
#      "
# 
# 

not ok - Recommended.ValueRejectNanNumberValue.JsonOutput
# Should have failed to serialize, but didn't.
# 
# protobuf_payload: "\222\023\t\021\000\000\000\000\000\000\370\177"
# requested_output_format: JSON
# message_type: "protobuf_test_messages.proto3.TestAllTypesProto3"
# test_category: JSON_TEST
# 
# json_payload: "{\"optionalValue\":{\"numberValue\":\"NaN\"}}"
# 
# 

not ok - Recommended.ValueRejectInfNumberValue.JsonOutput
# Should have failed to serialize, but didn't.
# 
# protobuf_payload: "\222\023\t\021\000\000\000\000\000\000\360\177"
# requested_output_format: JSON
# message_type: "protobuf_test_messages.proto3.TestAllTypesProto3"
# test_category: JSON_TEST
# 
# json_payload: "{\"optionalValue\":{\"numberValue\":\"Infinity\"}}"
# 
# 

not ok - Required.Proto3.JsonInput.Any.ProtobufOutput
# output was not equivalent to reference message: 
# deleted: optional_any: { [type.googleapis.com/protobuf_test_messages.proto3.TestAllTypesProto3] { optional_int32: 12345 } }
# 
# 
# json_payload: "{
#         \"optionalAny\": {
#           \"@type\": \"type.googleapis.com/protobuf_test_messages.proto3.TestAllTypesProto3\",
#           \"optionalInt32\": 12345
#         }
#       }"
# requested_output_format: PROTOBUF
# message_type: "protobuf_test_messages.proto3.TestAllTypesProto3"
# test_category: JSON_TEST
# 
# protobuf_payload: ""
# 
# 

not ok - Required.Proto3.JsonInput.Any.JsonOutput
# output was not equivalent to reference message: 
# deleted: optional_any: { [type.googleapis.com/protobuf_test_messages.proto3.TestAllTypesProto3] { optional_int32: 12345 } }
# 
# 
# json_payload: "{
#         \"optionalAny\": {
#           \"@type\": \"type.googleapis.com/protobuf_test_messages.proto3.TestAllTypesProto3\",
#           \"optionalInt32\": 12345
#         }
#       }"
# requested_output_format: JSON
# message_type: "protobuf_test_messages.proto3.TestAllTypesProto3"
# test_category: JSON_TEST
# 
# json_payload: "{}"
# 
# 

not ok - Required.Proto3.JsonInput.AnyNested.ProtobufOutput
# output was not equivalent to reference message: 
# deleted: optional_any: { [type.googleapis.com/google.protobuf.Any] { [type.googleapis.com/protobuf_test_messages.proto3.TestAllTypesProto3] { optional_int32: 12345 } } }
# 
# 
# json_payload: "{
#         \"optionalAny\": {
#           \"@type\": \"type.googleapis.com/google.protobuf.Any\",
#           \"value\": {
#             \"@type\": \"type.googleapis.com/protobuf_test_messages.proto3.TestAllTypesProto3\",
#             \"optionalInt32\": 12345
#           }
#         }
#       }"
# requested_output_format: PROTOBUF
# message_type: "protobuf_test_messages.proto3.TestAllTypesProto3"
# test_category: JSON_TEST
# 
# protobuf_payload: ""
# 
# 

not ok - Required.Proto3.JsonInput.AnyNested.JsonOutput
# output was not equivalent to reference message: 
# deleted: optional_any: { [type.googleapis.com/google.protobuf.Any] { [type.googleapis.com/protobuf_test_messages.proto3.TestAllTypesProto3] { optional_int32: 12345 } } }
# 
# 
# json_payload: "{
#         \"optionalAny\": {
#           \"@type\": \"type.googleapis.com/google.protobuf.Any\",
#           \"value\": {
#             \"@type\": \"type.googleapis.com/protobuf_test_messages.proto3.TestAllTypesProto3\",
#             \"optionalInt32\": 12345
#           }
#         }
#       }"
# requested_output_format: JSON
# message_type: "protobuf_test_messages.proto3.TestAllTypesProto3"
# test_category: JSON_TEST
# 
# json_payload: "{}"
# 
# 

not ok - Required.Proto3.JsonInput.AnyUnorderedTypeTag.ProtobufOutput
# output was not equivalent to reference message: 
# deleted: optional_any: { [type.googleapis.com/protobuf_test_messages.proto3.TestAllTypesProto3] { optional_int32: 12345 } }
# 
# 
# json_payload: "{
#         \"optionalAny\": {
#           \"optionalInt32\": 12345,
#           \"@type\": \"type.googleapis.com/protobuf_test_messages.proto3.TestAllTypesProto3\"
#         }
#       }"
# requested_output_format: PROTOBUF
# message_type: "protobuf_test_messages.proto3.TestAllTypesProto3"
# test_category: JSON_TEST
# 
# protobuf_payload: ""
# 
# 

not ok - Required.Proto3.JsonInput.AnyUnorderedTypeTag.JsonOutput
# output was not equivalent to reference message: 
# deleted: optional_any: { [type.googleapis.com/protobuf_test_messages.proto3.TestAllTypesProto3] { optional_int32: 12345 } }
# 
# 
# json_payload: "{
#         \"optionalAny\": {
#           \"optionalInt32\": 12345,
#           \"@type\": \"type.googleapis.com/protobuf_test_messages.proto3.TestAllTypesProto3\"
#         }
#       }"
# requested_output_format: JSON
# message_type: "protobuf_test_messages.proto3.TestAllTypesProto3"
# test_category: JSON_TEST
# 
# json_payload: "{}"
# 
# 

not ok - Required.Proto3.JsonInput.AnyWithInt32ValueWrapper.ProtobufOutput
# output was not equivalent to reference message: 
# deleted: optional_any: { [type.googleapis.com/google.protobuf.Int32Value] { value: 12345 } }
# 
# 
# json_payload: "{
#         \"optionalAny\": {
#           \"@type\": \"type.googleapis.com/google.protobuf.Int32Value\",
#           \"value\": 12345
#         }
#       }"
# requested_output_format: PROTOBUF
# message_type: "protobuf_test_messages.proto3.TestAllTypesProto3"
# test_category: JSON_TEST
# 
# protobuf_payload: ""
# 
# 

not ok - Required.Proto3.JsonInput.AnyWithInt32ValueWrapper.JsonOutput
# output was not equivalent to reference message: 
# deleted: optional_any: { [type.googleapis.com/google.protobuf.Int32Value] { value: 12345 } }
# 
# 
# json_payload: "{
#         \"optionalAny\": {
#           \"@type\": \"type.googleapis.com/google.protobuf.Int32Value\",
#           \"value\": 12345
#         }
#       }"
# requested_output_format: JSON
# message_type: "protobuf_test_messages.proto3.TestAllTypesProto3"
# test_category: JSON_TEST
# 
# json_payload: "{}"
# 
# 

not ok - Required.Proto3.JsonInput.AnyWithDuration.ProtobufOutput
# output was not equivalent to reference message: 
# deleted: optional_any: { [type.googleapis.com/google.protobuf.Duration] { seconds: 1 nanos: 500000000 } }
# 
# 
# json_payload: "{
#         \"optionalAny\": {
#           \"@type\": \"type.googleapis.com/google.protobuf.Duration\",
#           \"value\": \"1.5s\"
#         }
#       }"
# requested_output_format: PROTOBUF
# message_type: "protobuf_test_messages.proto3.TestAllTypesProto3"
# test_category: JSON_TEST
# 
# protobuf_payload: ""
# 
# 

not ok - Required.Proto3.JsonInput.AnyWithDuration.JsonOutput
# output was not equivalent to reference message: 
# deleted: optional_any: { [type.googleapis.com/google.protobuf.Duration] { seconds: 1 nanos: 500000000 } }
# 
# 
# json_payload: "{
#         \"optionalAny\": {
#           \"@type\": \"type.googleapis.com/google.protobuf.Duration\",
#           \"value\": \"1.5s\"
#         }
#       }"
# requested_output_format: JSON
# message_type: "protobuf_test_messages.proto3.TestAllTypesProto3"
# test_category: JSON_TEST
# 
# json_payload: "{}"
# 
# 

not ok - Required.Proto3.JsonInput.AnyWithTimestamp.ProtobufOutput
# output was not equivalent to reference message: 
# deleted: optional_any: { [type.googleapis.com/google.protobuf.Timestamp] { } }
# 
# 
# json_payload: "{
#         \"optionalAny\": {
#           \"@type\": \"type.googleapis.com/google.protobuf.Timestamp\",
#           \"value\": \"1970-01-01T00:00:00Z\"
#         }
#       }"
# requested_output_format: PROTOBUF
# message_type: "protobuf_test_messages.proto3.TestAllTypesProto3"
# test_category: JSON_TEST
# 
# protobuf_payload: ""
# 
# 

not ok - Required.Proto3.JsonInput.AnyWithTimestamp.JsonOutput
# output was not equivalent to reference message: 
# deleted: optional_any: { [type.googleapis.com/google.protobuf.Timestamp] { } }
# 
# 
# json_payload: "{
#         \"optionalAny\": {
#           \"@type\": \"type.googleapis.com/google.protobuf.Timestamp\",
#           \"value\": \"1970-01-01T00:00:00Z\"
#         }
#       }"
# requested_output_format: JSON
# message_type: "protobuf_test_messages.proto3.TestAllTypesProto3"
# test_category: JSON_TEST
# 
# json_payload: "{}"
# 
# 

not ok - Required.Proto3.JsonInput.AnyWithFieldMask.ProtobufOutput
# output was not equivalent to reference message: 
# deleted: optional_any: { [type.googleapis.com/google.protobuf.FieldMask] { paths: "foo" paths: "bar_baz" } }
# 
# 
# json_payload: "{
#         \"optionalAny\": {
#           \"@type\": \"type.googleapis.com/google.protobuf.FieldMask\",
#           \"value\": \"foo,barBaz\"
#         }
#       }"
# requested_output_format: PROTOBUF
# message_type: "protobuf_test_messages.proto3.TestAllTypesProto3"
# test_category: JSON_TEST
# 
# protobuf_payload: ""
# 
# 

not ok - Required.Proto3.JsonInput.AnyWithFieldMask.JsonOutput
# output was not equivalent to reference message: 
# deleted: optional_any: { [type.googleapis.com/google.protobuf.FieldMask] { paths: "foo" paths: "bar_baz" } }
# 
# 
# json_payload: "{
#         \"optionalAny\": {
#           \"@type\": \"type.googleapis.com/google.protobuf.FieldMask\",
#           \"value\": \"foo,barBaz\"
#         }
#       }"
# requested_output_format: JSON
# message_type: "protobuf_test_messages.proto3.TestAllTypesProto3"
# test_category: JSON_TEST
# 
# json_payload: "{}"
# 
# 

not ok - Required.Proto3.JsonInput.AnyWithStruct.ProtobufOutput
# output was not equivalent to reference message: 
# deleted: optional_any: { [type.googleapis.com/google.protobuf.Struct] { fields { key: "foo" value { number_value: 1 } } } }
# 
# 
# json_payload: "{
#         \"optionalAny\": {
#           \"@type\": \"type.googleapis.com/google.protobuf.Struct\",
#           \"value\": {
#             \"foo\": 1
#           }
#         }
#       }"
# requested_output_format: PROTOBUF
# message_type: "protobuf_test_messages.proto3.TestAllTypesProto3"
# test_category: JSON_TEST
# 
# protobuf_payload: ""
# 
# 

not ok - Required.Proto3.JsonInput.AnyWithStruct.JsonOutput
# output was not equivalent to reference message: 
# deleted: optional_any: { [type.googleapis.com/google.protobuf.Struct] { fields { key: "foo" value { number_value: 1 } } } }
# 
# 
# json_payload: "{
#         \"optionalAny\": {
#           \"@type\": \"type.googleapis.com/google.protobuf.Struct\",
#           \"value\": {
#             \"foo\": 1
#           }
#         }
#       }"
# requested_output_format: JSON
# message_type: "protobuf_test_messages.proto3.TestAllTypesProto3"
# test_category: JSON_TEST
# 
# json_payload: "{}"
# 
# 

not ok - Required.Proto3.JsonInput.AnyWithValueForJsonObject.ProtobufOutput
# output was not equivalent to reference message: 
# deleted: optional_any: { [type.googleapis.com/google.protobuf.Value] { struct_value { fields { key: "foo" value { number_value: 1 } } } } }
# 
# 
# json_payload: "{
#         \"optionalAny\": {
#           \"@type\": \"type.googleapis.com/google.protobuf.Value\",
#           \"value\": {
#             \"foo\": 1
#           }
#         }
#       }"
# requested_output_format: PROTOBUF
# message_type: "protobuf_test_messages.proto3.TestAllTypesProto3"
# test_category: JSON_TEST
# 
# protobuf_payload: ""
# 
# 

not ok - Required.Proto3.JsonInput.AnyWithValueForJsonObject.JsonOutput
# output was not equivalent to reference message: 
# deleted: optional_any: { [type.googleapis.com/google.protobuf.Value] { struct_value { fields { key: "foo" value { number_value: 1 } } } } }
# 
# 
# json_payload: "{
#         \"optionalAny\": {
#           \"@type\": \"type.googleapis.com/google.protobuf.Value\",
#           \"value\": {
#             \"foo\": 1
#           }
#         }
#       }"
# requested_output_format: JSON
# message_type: "protobuf_test_messages.proto3.TestAllTypesProto3"
# test_category: JSON_TEST
# 
# json_payload: "{}"
# 
# 

not ok - Required.Proto3.JsonInput.AnyWithValueForInteger.ProtobufOutput
# output was not equivalent to reference message: 
# deleted: optional_any: { [type.googleapis.com/google.protobuf.Value] { number_value: 1 } }
# 
# 
# json_payload: "{
#         \"optionalAny\": {
#           \"@type\": \"type.googleapis.com/google.protobuf.Value\",
#           \"value\": 1
#         }
#       }"
# requested_output_format: PROTOBUF
# message_type: "protobuf_test_messages.proto3.TestAllTypesProto3"
# test_category: JSON_TEST
# 
# protobuf_payload: ""
# 
# 

not ok - Required.Proto3.JsonInput.AnyWithValueForInteger.JsonOutput
# output was not equivalent to reference message: 
# deleted: optional_any: { [type.googleapis.com/google.protobuf.Value] { number_value: 1 } }
# 
# 
# json_payload: "{
#         \"optionalAny\": {
#           \"@type\": \"type.googleapis.com/google.protobuf.Value\",
#           \"value\": 1
#         }
#       }"
# requested_output_format: JSON
# message_type: "protobuf_test_messages.proto3.TestAllTypesProto3"
# test_category: JSON_TEST
# 
# json_payload: "{}"
# 
# 

not ok - Recommended.Proto3.JsonInput.RejectUnknownEnumStringValueInOptionalField
# Should have failed to parse, but didn't.
# 
# json_payload: "{
#       \"optional_nested_enum\": \"UNKNOWN_ENUM_VALUE\"
#     }"
# requested_output_format: JSON
# message_type: "protobuf_test_messages.proto3.TestAllTypesProto3"
# test_category: JSON_TEST
# 
# json_payload: "{}"
# 
# 

not ok - Recommended.Proto3.JsonInput.RejectUnknownEnumStringValueInRepeatedField
# Should have failed to parse, but didn't.
# 
# json_payload: "{
#       \"repeated_nested_enum\": [\"UNKNOWN_ENUM_VALUE\"]
#     }"
# requested_output_format: JSON
# message_type: "protobuf_test_messages.proto3.TestAllTypesProto3"
# test_category: JSON_TEST
# 
# json_payload: "{}"
# 
# 

not ok - Recommended.Proto3.JsonInput.RejectUnknownEnumStringValueInMapValue
# Should have failed to parse, but didn't.
# 
# json_payload: "{
#       \"map_string_nested_enum\": {\"key\": \"UNKNOWN_ENUM_VALUE\"}
#     }"
# requested_output_format: JSON
# message_type: "protobuf_test_messages.proto3.TestAllTypesProto3"
# test_category: JSON_TEST
# 
# json_payload: "{}"
# 
# 

# CONFORMANCE SUITE FAILED
#	1906 succeses
#	0 skipped
#	0 expected failures
#	125 unexpected failures

# 
# These tests failed.  If they can't be fixed right now, you can add them to the failure list so the overall suite can succeed.  Add them to the failure list by running:
#   ./update_failure_list.py  --add failing_tests.txt
# 
#   Recommended.FieldMaskNumbersDontRoundTrip.JsonOutput
#   Recommended.FieldMaskPathsDontRoundTrip.JsonOutput
#   Recommended.FieldMaskTooManyUnderscore.JsonOutput
#   Recommended.Proto2.JsonInput.FieldNameExtension.Validator
#   Recommended.Proto3.JsonInput.DurationHas3FractionalDigits.Validator
#   Recommended.Proto3.JsonInput.DurationHas6FractionalDigits.Validator
#   Recommended.Proto3.JsonInput.DurationHas9FractionalDigits.Validator
#   Recommended.Proto3.JsonInput.DurationHasZeroFractionalDigit.Validator
#   Recommended.Proto3.JsonInput.FieldMaskInvalidCharacter
#   Recommended.Proto3.JsonInput.MapFieldValueIsNull
#   Recommended.Proto3.JsonInput.NullValueInNormalMessage.Validator
#   Recommended.Proto3.JsonInput.NullValueInOtherOneofNewFormat.Validator
#   Recommended.Proto3.JsonInput.NullValueInOtherOneofOldFormat.Validator
#   Recommended.Proto3.JsonInput.RejectUnknownEnumStringValueInMapValue
#   Recommended.Proto3.JsonInput.RejectUnknownEnumStringValueInOptionalField
#   Recommended.Proto3.JsonInput.RejectUnknownEnumStringValueInRepeatedField
#   Recommended.Proto3.JsonInput.RepeatedFieldPrimitiveElementIsNull
#   Recommended.Proto3.JsonInput.StringFieldSurrogateInWrongOrder
#   Recommended.Proto3.JsonInput.StringFieldUnpairedHighSurrogate
#   Recommended.Proto3.JsonInput.StringFieldUnpairedLowSurrogate
#   Recommended.Proto3.JsonInput.TimestampHas3FractionalDigits.Validator
#   Recommended.Proto3.JsonInput.TimestampHas6FractionalDigits.Validator
#   Recommended.Proto3.JsonInput.TimestampHas9FractionalDigits.Validator
#   Recommended.Proto3.JsonInput.TimestampHasZeroFractionalDigit.Validator
#   Recommended.Proto3.JsonInput.TimestampZeroNormalized.Validator
#   Recommended.ValueRejectInfNumberValue.JsonOutput
#   Recommended.ValueRejectNanNumberValue.JsonOutput
#   Required.DurationProtoInputTooLarge.JsonOutput
#   Required.DurationProtoInputTooSmall.JsonOutput
#   Required.Proto3.JsonInput.AllFieldAcceptNull.JsonOutput
#   Required.Proto3.JsonInput.AllFieldAcceptNull.ProtobufOutput
#   Required.Proto3.JsonInput.Any.JsonOutput
#   Required.Proto3.JsonInput.Any.ProtobufOutput
#   Required.Proto3.JsonInput.AnyNested.JsonOutput
#   Required.Proto3.JsonInput.AnyNested.ProtobufOutput
#   Required.Proto3.JsonInput.AnyUnorderedTypeTag.JsonOutput
#   Required.Proto3.JsonInput.AnyUnorderedTypeTag.ProtobufOutput
#   Required.Proto3.JsonInput.AnyWithDuration.JsonOutput
#   Required.Proto3.JsonInput.AnyWithDuration.ProtobufOutput
#   Required.Proto3.JsonInput.AnyWithFieldMask.JsonOutput
#   Required.Proto3.JsonInput.AnyWithFieldMask.ProtobufOutput
#   Required.Proto3.JsonInput.AnyWithInt32ValueWrapper.JsonOutput
#   Required.Proto3.JsonInput.AnyWithInt32ValueWrapper.ProtobufOutput
#   Required.Proto3.JsonInput.AnyWithStruct.JsonOutput
#   Required.Proto3.JsonInput.AnyWithStruct.ProtobufOutput
#   Required.Proto3.JsonInput.AnyWithTimestamp.JsonOutput
#   Required.Proto3.JsonInput.AnyWithTimestamp.ProtobufOutput
#   Required.Proto3.JsonInput.AnyWithValueForInteger.JsonOutput
#   Required.Proto3.JsonInput.AnyWithValueForInteger.ProtobufOutput
#   Required.Proto3.JsonInput.AnyWithValueForJsonObject.JsonOutput
#   Required.Proto3.JsonInput.AnyWithValueForJsonObject.ProtobufOutput
#   Required.Proto3.JsonInput.BoolMapEscapedKey.ProtobufOutput
#   Required.Proto3.JsonInput.BoolMapField.ProtobufOutput
#   Required.Proto3.JsonInput.DurationJsonInputTooLarge
#   Required.Proto3.JsonInput.DurationJsonInputTooSmall
#   Required.Proto3.JsonInput.DurationMaxValue.JsonOutput
#   Required.Proto3.JsonInput.DurationMaxValue.ProtobufOutput
#   Required.Proto3.JsonInput.DurationMinValue.JsonOutput
#   Required.Proto3.JsonInput.DurationMinValue.ProtobufOutput
#   Required.Proto3.JsonInput.DurationMissingS
#   Required.Proto3.JsonInput.DurationNegativeNanos.JsonOutput
#   Required.Proto3.JsonInput.DurationNegativeNanos.ProtobufOutput
#   Required.Proto3.JsonInput.DurationNegativeSeconds.JsonOutput
#   Required.Proto3.JsonInput.DurationNegativeSeconds.ProtobufOutput
#   Required.Proto3.JsonInput.DurationRepeatedValue.JsonOutput
#   Required.Proto3.JsonInput.DurationRepeatedValue.ProtobufOutput
#   Required.Proto3.JsonInput.EmptyFieldMask.JsonOutput
#   Required.Proto3.JsonInput.EmptyFieldMask.ProtobufOutput
#   Required.Proto3.JsonInput.EnumFieldNumericValueNonZero.ProtobufOutput
#   Required.Proto3.JsonInput.EnumFieldUnknownValue.Validator
#   Required.Proto3.JsonInput.FieldMask.JsonOutput
#   Required.Proto3.JsonInput.FieldMask.ProtobufOutput
#   Required.Proto3.JsonInput.Int32FieldLeadingSpace
#   Required.Proto3.JsonInput.Int32FieldNotInteger
#   Required.Proto3.JsonInput.Int32FieldTrailingSpace
#   Required.Proto3.JsonInput.OneofFieldDuplicate
#   Required.Proto3.JsonInput.OriginalProtoFieldName.JsonOutput
#   Required.Proto3.JsonInput.OriginalProtoFieldName.ProtobufOutput
#   Required.Proto3.JsonInput.RepeatedFieldWrongElementTypeExpectingIntegersGotBool
#   Required.Proto3.JsonInput.RepeatedListValue.JsonOutput
#   Required.Proto3.JsonInput.RepeatedListValue.ProtobufOutput
#   Required.Proto3.JsonInput.RepeatedValue.JsonOutput
#   Required.Proto3.JsonInput.RepeatedValue.ProtobufOutput
#   Required.Proto3.JsonInput.Struct.JsonOutput
#   Required.Proto3.JsonInput.Struct.ProtobufOutput
#   Required.Proto3.JsonInput.StructWithEmptyListValue.JsonOutput
#   Required.Proto3.JsonInput.StructWithEmptyListValue.ProtobufOutput
#   Required.Proto3.JsonInput.TimestampJsonInputLowercaseT
#   Required.Proto3.JsonInput.TimestampJsonInputLowercaseZ
#   Required.Proto3.JsonInput.TimestampJsonInputMissingT
#   Required.Proto3.JsonInput.TimestampJsonInputMissingZ
#   Required.Proto3.JsonInput.TimestampJsonInputTooLarge
#   Required.Proto3.JsonInput.TimestampJsonInputTooSmall
#   Required.Proto3.JsonInput.TimestampLeap.JsonOutput
#   Required.Proto3.JsonInput.TimestampLeap.ProtobufOutput
#   Required.Proto3.JsonInput.TimestampMaxValue.JsonOutput
#   Required.Proto3.JsonInput.TimestampMaxValue.ProtobufOutput
#   Required.Proto3.JsonInput.TimestampMinValue.JsonOutput
#   Required.Proto3.JsonInput.TimestampMinValue.ProtobufOutput
#   Required.Proto3.JsonInput.TimestampRepeatedValue.JsonOutput
#   Required.Proto3.JsonInput.TimestampRepeatedValue.ProtobufOutput
#   Required.Proto3.JsonInput.TimestampWithNegativeOffset.JsonOutput
#   Required.Proto3.JsonInput.TimestampWithNegativeOffset.ProtobufOutput
#   Required.Proto3.JsonInput.TimestampWithPositiveOffset.JsonOutput
#   Required.Proto3.JsonInput.TimestampWithPositiveOffset.ProtobufOutput
#   Required.Proto3.JsonInput.Uint32FieldNotInteger
#   Required.Proto3.JsonInput.ValueAcceptBool.JsonOutput
#   Required.Proto3.JsonInput.ValueAcceptBool.ProtobufOutput
#   Required.Proto3.JsonInput.ValueAcceptFloat.JsonOutput
#   Required.Proto3.JsonInput.ValueAcceptFloat.ProtobufOutput
#   Required.Proto3.JsonInput.ValueAcceptInteger.JsonOutput
#   Required.Proto3.JsonInput.ValueAcceptInteger.ProtobufOutput
#   Required.Proto3.JsonInput.ValueAcceptList.JsonOutput
#   Required.Proto3.JsonInput.ValueAcceptList.ProtobufOutput
#   Required.Proto3.JsonInput.ValueAcceptNull.JsonOutput
#   Required.Proto3.JsonInput.ValueAcceptNull.ProtobufOutput
#   Required.Proto3.JsonInput.ValueAcceptObject.JsonOutput
#   Required.Proto3.JsonInput.ValueAcceptObject.ProtobufOutput
#   Required.Proto3.JsonInput.ValueAcceptString.JsonOutput
#   Required.Proto3.JsonInput.ValueAcceptString.ProtobufOutput
#   Required.Proto3.JsonInput.WrapperTypesWithNullValue.JsonOutput
#   Required.Proto3.JsonInput.WrapperTypesWithNullValue.ProtobufOutput
#   Required.Proto3.ProtobufInput.ValidDataMap.STRING.ENUM.MissingDefault.JsonOutput
#   Required.TimestampProtoInputTooLarge.JsonOutput
#   Required.TimestampProtoInputTooSmall.JsonOutput
# 
# 